next.config.ts(18,3): error TS2353: Object literal may only specify known properties, and 'eslint' does not exist in type 'NextConfig'.
src/app/about/page.tsx(16,8): error TS1192: Module '"D:/projectcompany1/mark-corpotax/frontend/node_modules/animejs/dist/modules/index"' has no default export.
