--- Starting Bridge Verification ---
Γ£à Firebase Admin SDK initialized with service account
   File: H:\Projects 2025\Fiannce-web\mark-corpotax\backend\src\serviceAccountKey.json
Writing test appointment to meet-me database...
node.exe : (node:28164) [DEP0040] DeprecationWarning: The 
`punycode` module is deprecated. Please use a userland 
alternative instead.
At line:1 char:1
+ & "C:\Program Files\nodejs/node.exe" "C:\Program 
Files\nodejs/node_mo ...
+ ~~~~~~~~~~~~~~~~~~~~~~~~~~~~~~~~~~~~~~~~~~~~~~~~~~~~~~~~~~~~~~
~~~~~~~
    + CategoryInfo          : NotSpecified: ((node:28164) [D... 
   native instead.:String) [], RemoteException
    + FullyQualifiedErrorId : NativeCommandError
 
(Use `node --trace-deprecation ...` to show where the warning 
was created)
Γ£à Success! Document created with ID: UtNH4PXntlI1BlXk8YV2
