src/services/firebaseService.ts(1,1): error TS1127: Invalid character.
src/services/firebaseService.ts(1,2): error TS1127: Invalid character.
src/services/firebaseService.ts(1,3): error TS1127: Invalid character.
src/services/firebaseService.ts(1,4): error TS1127: Invalid character.
src/services/firebaseService.ts(1,5): error TS1127: Invalid character.
src/services/firebaseService.ts(1,6): error TS1127: Invalid character.
src/services/firebaseService.ts(1,7): error TS1127: Invalid character.
src/services/firebaseService.ts(1,8): error TS1127: Invalid character.
src/services/firebaseService.ts(1,9): error TS1127: Invalid character.
src/services/firebaseService.ts(1,10): error TS1127: Invalid character.
src/services/firebaseService.ts(1,11): error TS1127: Invalid character.
src/services/firebaseService.ts(1,12): error TS1127: Invalid character.
src/services/firebaseService.ts(1,13): error TS1127: Invalid character.
src/services/firebaseService.ts(1,14): error TS1127: Invalid character.
src/services/firebaseService.ts(1,15): error TS1127: Invalid character.
src/services/firebaseService.ts(1,16): error TS1127: Invalid character.
src/services/firebaseService.ts(1,17): error TS1127: Invalid character.
src/services/firebaseService.ts(1,18): error TS1127: Invalid character.
src/services/firebaseService.ts(1,19): error TS1127: Invalid character.
src/services/firebaseService.ts(1,20): error TS1127: Invalid character.
src/services/firebaseService.ts(1,21): error TS1127: Invalid character.
src/services/firebaseService.ts(1,22): error TS1127: Invalid character.
src/services/firebaseService.ts(1,23): error TS1127: Invalid character.
src/services/firebaseService.ts(1,24): error TS1127: Invalid character.
src/services/firebaseService.ts(1,25): error TS1127: Invalid character.
src/services/firebaseService.ts(1,26): error TS1127: Invalid character.
src/services/firebaseService.ts(1,27): error TS1127: Invalid character.
src/services/firebaseService.ts(1,28): error TS1127: Invalid character.
src/services/firebaseService.ts(1,29): error TS1127: Invalid character.
src/services/firebaseService.ts(1,30): error TS1127: Invalid character.
src/services/firebaseService.ts(1,31): error TS1127: Invalid character.
src/services/firebaseService.ts(1,32): error TS1127: Invalid character.
src/services/firebaseService.ts(1,33): error TS1127: Invalid character.
src/services/firebaseService.ts(1,34): error TS1127: Invalid character.
src/services/firebaseService.ts(1,35): error TS1127: Invalid character.
src/services/firebaseService.ts(1,36): error TS1127: Invalid character.
src/services/firebaseService.ts(1,37): error TS1127: Invalid character.
src/services/firebaseService.ts(1,38): error TS1127: Invalid character.
src/services/firebaseService.ts(1,39): error TS1127: Invalid character.
src/services/firebaseService.ts(1,40): error TS1127: Invalid character.
src/services/firebaseService.ts(1,41): error TS1127: Invalid character.
src/services/firebaseService.ts(1,42): error TS1127: Invalid character.
src/services/firebaseService.ts(1,43): error TS1127: Invalid character.
src/services/firebaseService.ts(1,44): error TS1127: Invalid character.
src/services/firebaseService.ts(1,45): error TS1127: Invalid character.
src/services/firebaseService.ts(1,46): error TS1127: Invalid character.
src/services/firebaseService.ts(1,47): error TS1127: Invalid character.
src/services/firebaseService.ts(1,48): error TS1127: Invalid character.
src/services/firebaseService.ts(1,49): error TS1127: Invalid character.
src/services/firebaseService.ts(1,50): error TS1127: Invalid character.
src/services/firebaseService.ts(1,51): error TS1127: Invalid character.
src/services/firebaseService.ts(1,52): error TS1127: Invalid character.
src/services/firebaseService.ts(1,53): error TS1127: Invalid character.
src/services/firebaseService.ts(1,54): error TS1127: Invalid character.
src/services/firebaseService.ts(1,55): error TS1127: Invalid character.
src/services/firebaseService.ts(1,56): error TS1127: Invalid character.
src/services/firebaseService.ts(1,57): error TS1127: Invalid character.
src/services/firebaseService.ts(1,58): error TS1127: Invalid character.
src/services/firebaseService.ts(1,59): error TS1127: Invalid character.
src/services/firebaseService.ts(1,60): error TS1127: Invalid character.
src/services/firebaseService.ts(1,61): error TS1127: Invalid character.
src/services/firebaseService.ts(1,62): error TS1127: Invalid character.
src/services/firebaseService.ts(1,63): error TS1127: Invalid character.
src/services/firebaseService.ts(1,64): error TS1127: Invalid character.
src/services/firebaseService.ts(1,65): error TS1127: Invalid character.
src/services/firebaseService.ts(1,66): error TS1127: Invalid character.
src/services/firebaseService.ts(1,67): error TS1127: Invalid character.
src/services/firebaseService.ts(1,68): error TS1127: Invalid character.
src/services/firebaseService.ts(1,69): error TS1127: Invalid character.
src/services/firebaseService.ts(1,70): error TS1127: Invalid character.
src/services/firebaseService.ts(1,71): error TS1127: Invalid character.
src/services/firebaseService.ts(1,72): error TS1127: Invalid character.
src/services/firebaseService.ts(1,73): error TS1127: Invalid character.
src/services/firebaseService.ts(1,74): error TS1127: Invalid character.
src/services/firebaseService.ts(1,75): error TS1127: Invalid character.
src/services/firebaseService.ts(1,76): error TS1127: Invalid character.
src/services/firebaseService.ts(1,77): error TS1127: Invalid character.
src/services/firebaseService.ts(1,78): error TS1127: Invalid character.
src/services/firebaseService.ts(1,79): error TS1127: Invalid character.
src/services/firebaseService.ts(1,80): error TS1127: Invalid character.
src/services/firebaseService.ts(1,81): error TS1127: Invalid character.
src/services/firebaseService.ts(1,82): error TS1127: Invalid character.
src/services/firebaseService.ts(1,83): error TS1127: Invalid character.
src/services/firebaseService.ts(1,84): error TS1127: Invalid character.
src/services/firebaseService.ts(1,85): error TS1127: Invalid character.
src/services/firebaseService.ts(1,86): error TS1127: Invalid character.
src/services/firebaseService.ts(1,87): error TS1127: Invalid character.
src/services/firebaseService.ts(1,88): error TS1127: Invalid character.
src/services/firebaseService.ts(1,89): error TS1127: Invalid character.
src/services/firebaseService.ts(1,90): error TS1127: Invalid character.
src/services/firebaseService.ts(1,91): error TS1127: Invalid character.
src/services/firebaseService.ts(1,92): error TS1127: Invalid character.
src/services/firebaseService.ts(1,93): error TS1127: Invalid character.
src/services/firebaseService.ts(1,94): error TS1127: Invalid character.
src/services/firebaseService.ts(1,95): error TS1127: Invalid character.
src/services/firebaseService.ts(1,96): error TS1127: Invalid character.
src/services/firebaseService.ts(1,97): error TS1127: Invalid character.
src/services/firebaseService.ts(1,98): error TS1127: Invalid character.
src/services/firebaseService.ts(1,99): error TS1127: Invalid character.
src/services/firebaseService.ts(1,100): error TS1127: Invalid character.
src/services/firebaseService.ts(1,101): error TS1127: Invalid character.
src/services/firebaseService.ts(1,102): error TS1127: Invalid character.
src/services/firebaseService.ts(1,103): error TS1127: Invalid character.
src/services/firebaseService.ts(1,104): error TS1127: Invalid character.
src/services/firebaseService.ts(1,105): error TS1127: Invalid character.
src/services/firebaseService.ts(1,106): error TS1127: Invalid character.
src/services/firebaseService.ts(1,107): error TS1127: Invalid character.
src/services/firebaseService.ts(1,108): error TS1127: Invalid character.
src/services/firebaseService.ts(1,109): error TS1127: Invalid character.
src/services/firebaseService.ts(1,110): error TS1127: Invalid character.
src/services/firebaseService.ts(1,111): error TS1127: Invalid character.
src/services/firebaseService.ts(1,112): error TS1127: Invalid character.
src/services/firebaseService.ts(1,113): error TS1127: Invalid character.
src/services/firebaseService.ts(1,114): error TS1127: Invalid character.
src/services/firebaseService.ts(1,115): error TS1127: Invalid character.
src/services/firebaseService.ts(1,116): error TS1127: Invalid character.
src/services/firebaseService.ts(1,117): error TS1127: Invalid character.
src/services/firebaseService.ts(1,118): error TS1127: Invalid character.
src/services/firebaseService.ts(1,119): error TS1127: Invalid character.
src/services/firebaseService.ts(1,120): error TS1127: Invalid character.
src/services/firebaseService.ts(1,121): error TS1127: Invalid character.
src/services/firebaseService.ts(1,122): error TS1127: Invalid character.
src/services/firebaseService.ts(1,123): error TS1127: Invalid character.
src/services/firebaseService.ts(1,124): error TS1127: Invalid character.
src/services/firebaseService.ts(1,125): error TS1127: Invalid character.
src/services/firebaseService.ts(1,126): error TS1127: Invalid character.
src/services/firebaseService.ts(1,127): error TS1127: Invalid character.
src/services/firebaseService.ts(1,128): error TS1127: Invalid character.
src/services/firebaseService.ts(1,129): error TS1127: Invalid character.
src/services/firebaseService.ts(1,130): error TS1127: Invalid character.
src/services/firebaseService.ts(1,131): error TS1127: Invalid character.
src/services/firebaseService.ts(1,132): error TS1127: Invalid character.
src/services/firebaseService.ts(1,133): error TS1127: Invalid character.
src/services/firebaseService.ts(1,134): error TS1127: Invalid character.
src/services/firebaseService.ts(1,135): error TS1127: Invalid character.
src/services/firebaseService.ts(1,136): error TS1127: Invalid character.
src/services/firebaseService.ts(1,137): error TS1127: Invalid character.
src/services/firebaseService.ts(1,138): error TS1127: Invalid character.
src/services/firebaseService.ts(1,139): error TS1127: Invalid character.
src/services/firebaseService.ts(1,140): error TS1127: Invalid character.
src/services/firebaseService.ts(1,141): error TS1127: Invalid character.
src/services/firebaseService.ts(1,142): error TS1127: Invalid character.
src/services/firebaseService.ts(1,143): error TS1127: Invalid character.
src/services/firebaseService.ts(1,144): error TS1127: Invalid character.
src/services/firebaseService.ts(1,145): error TS1127: Invalid character.
src/services/firebaseService.ts(1,146): error TS1127: Invalid character.
src/services/firebaseService.ts(1,147): error TS1127: Invalid character.
src/services/firebaseService.ts(1,148): error TS1127: Invalid character.
src/services/firebaseService.ts(1,149): error TS1127: Invalid character.
src/services/firebaseService.ts(1,150): error TS1127: Invalid character.
src/services/firebaseService.ts(1,151): error TS1127: Invalid character.
src/services/firebaseService.ts(1,152): error TS1127: Invalid character.
src/services/firebaseService.ts(1,153): error TS1127: Invalid character.
src/services/firebaseService.ts(1,154): error TS1127: Invalid character.
src/services/firebaseService.ts(1,155): error TS1127: Invalid character.
src/services/firebaseService.ts(1,156): error TS1127: Invalid character.
src/services/firebaseService.ts(1,157): error TS1127: Invalid character.
src/services/firebaseService.ts(1,158): error TS1127: Invalid character.
src/services/firebaseService.ts(1,159): error TS1127: Invalid character.
src/services/firebaseService.ts(1,160): error TS1127: Invalid character.
src/services/firebaseService.ts(1,161): error TS1127: Invalid character.
src/services/firebaseService.ts(1,162): error TS1127: Invalid character.
src/services/firebaseService.ts(1,163): error TS1127: Invalid character.
src/services/firebaseService.ts(1,164): error TS1127: Invalid character.
src/services/firebaseService.ts(1,165): error TS1127: Invalid character.
src/services/firebaseService.ts(1,166): error TS1127: Invalid character.
src/services/firebaseService.ts(1,167): error TS1127: Invalid character.
src/services/firebaseService.ts(1,168): error TS1127: Invalid character.
src/services/firebaseService.ts(1,169): error TS1127: Invalid character.
src/services/firebaseService.ts(1,170): error TS1127: Invalid character.
src/services/firebaseService.ts(1,171): error TS1127: Invalid character.
src/services/firebaseService.ts(1,172): error TS1127: Invalid character.
src/services/firebaseService.ts(1,173): error TS1127: Invalid character.
src/services/firebaseService.ts(1,174): error TS1127: Invalid character.
src/services/firebaseService.ts(1,175): error TS1127: Invalid character.
src/services/firebaseService.ts(1,176): error TS1127: Invalid character.
src/services/firebaseService.ts(1,177): error TS1127: Invalid character.
src/services/firebaseService.ts(1,178): error TS1127: Invalid character.
src/services/firebaseService.ts(1,179): error TS1127: Invalid character.
src/services/firebaseService.ts(1,180): error TS1127: Invalid character.
src/services/firebaseService.ts(1,181): error TS1127: Invalid character.
src/services/firebaseService.ts(1,182): error TS1127: Invalid character.
src/services/firebaseService.ts(1,183): error TS1127: Invalid character.
src/services/firebaseService.ts(1,184): error TS1127: Invalid character.
src/services/firebaseService.ts(1,185): error TS1127: Invalid character.
src/services/firebaseService.ts(1,186): error TS1127: Invalid character.
src/services/firebaseService.ts(1,187): error TS1127: Invalid character.
src/services/firebaseService.ts(1,188): error TS1127: Invalid character.
src/services/firebaseService.ts(1,189): error TS1127: Invalid character.
src/services/firebaseService.ts(1,190): error TS1127: Invalid character.
src/services/firebaseService.ts(1,191): error TS1127: Invalid character.
src/services/firebaseService.ts(1,192): error TS1127: Invalid character.
src/services/firebaseService.ts(1,193): error TS1127: Invalid character.
src/services/firebaseService.ts(1,194): error TS1127: Invalid character.
src/services/firebaseService.ts(1,195): error TS1127: Invalid character.
src/services/firebaseService.ts(1,196): error TS1127: Invalid character.
src/services/firebaseService.ts(1,197): error TS1127: Invalid character.
src/services/firebaseService.ts(1,198): error TS1127: Invalid character.
src/services/firebaseService.ts(1,199): error TS1127: Invalid character.
src/services/firebaseService.ts(1,200): error TS1127: Invalid character.
src/services/firebaseService.ts(1,201): error TS1127: Invalid character.
src/services/firebaseService.ts(1,202): error TS1127: Invalid character.
src/services/firebaseService.ts(1,203): error TS1127: Invalid character.
src/services/firebaseService.ts(1,204): error TS1127: Invalid character.
src/services/firebaseService.ts(1,205): error TS1127: Invalid character.
src/services/firebaseService.ts(1,206): error TS1127: Invalid character.
src/services/firebaseService.ts(1,207): error TS1127: Invalid character.
src/services/firebaseService.ts(1,208): error TS1127: Invalid character.
src/services/firebaseService.ts(1,209): error TS1127: Invalid character.
src/services/firebaseService.ts(1,210): error TS1127: Invalid character.
src/services/firebaseService.ts(1,211): error TS1127: Invalid character.
src/services/firebaseService.ts(1,212): error TS1127: Invalid character.
src/services/firebaseService.ts(1,213): error TS1127: Invalid character.
src/services/firebaseService.ts(1,214): error TS1127: Invalid character.
src/services/firebaseService.ts(1,215): error TS1127: Invalid character.
src/services/firebaseService.ts(1,216): error TS1127: Invalid character.
src/services/firebaseService.ts(1,217): error TS1127: Invalid character.
src/services/firebaseService.ts(1,218): error TS1127: Invalid character.
src/services/firebaseService.ts(1,219): error TS1127: Invalid character.
src/services/firebaseService.ts(1,220): error TS1127: Invalid character.
src/services/firebaseService.ts(1,221): error TS1127: Invalid character.
src/services/firebaseService.ts(1,222): error TS1127: Invalid character.
src/services/firebaseService.ts(1,223): error TS1127: Invalid character.
src/services/firebaseService.ts(1,224): error TS1127: Invalid character.
src/services/firebaseService.ts(1,225): error TS1127: Invalid character.
src/services/firebaseService.ts(1,226): error TS1127: Invalid character.
src/services/firebaseService.ts(1,227): error TS1127: Invalid character.
src/services/firebaseService.ts(1,228): error TS1127: Invalid character.
src/services/firebaseService.ts(1,229): error TS1127: Invalid character.
src/services/firebaseService.ts(1,230): error TS1127: Invalid character.
src/services/firebaseService.ts(1,231): error TS1127: Invalid character.
src/services/firebaseService.ts(1,232): error TS1127: Invalid character.
src/services/firebaseService.ts(1,233): error TS1127: Invalid character.
src/services/firebaseService.ts(1,234): error TS1127: Invalid character.
src/services/firebaseService.ts(1,235): error TS1127: Invalid character.
src/services/firebaseService.ts(1,236): error TS1127: Invalid character.
src/services/firebaseService.ts(1,237): error TS1127: Invalid character.
src/services/firebaseService.ts(1,238): error TS1127: Invalid character.
src/services/firebaseService.ts(1,239): error TS1127: Invalid character.
src/services/firebaseService.ts(1,240): error TS1127: Invalid character.
src/services/firebaseService.ts(1,241): error TS1127: Invalid character.
src/services/firebaseService.ts(1,242): error TS1127: Invalid character.
src/services/firebaseService.ts(1,243): error TS1127: Invalid character.
src/services/firebaseService.ts(1,244): error TS1127: Invalid character.
src/services/firebaseService.ts(1,245): error TS1127: Invalid character.
src/services/firebaseService.ts(1,246): error TS1127: Invalid character.
src/services/firebaseService.ts(1,247): error TS1127: Invalid character.
src/services/firebaseService.ts(1,248): error TS1127: Invalid character.
src/services/firebaseService.ts(1,249): error TS1127: Invalid character.
src/services/firebaseService.ts(1,250): error TS1127: Invalid character.
src/services/firebaseService.ts(1,251): error TS1127: Invalid character.
src/services/firebaseService.ts(1,252): error TS1127: Invalid character.
src/services/firebaseService.ts(1,253): error TS1127: Invalid character.
src/services/firebaseService.ts(1,254): error TS1127: Invalid character.
src/services/firebaseService.ts(1,255): error TS1127: Invalid character.
src/services/firebaseService.ts(1,256): error TS1127: Invalid character.
src/services/firebaseService.ts(1,257): error TS1127: Invalid character.
src/services/firebaseService.ts(1,258): error TS1127: Invalid character.
src/services/firebaseService.ts(1,259): error TS1127: Invalid character.
src/services/firebaseService.ts(1,260): error TS1127: Invalid character.
src/services/firebaseService.ts(1,261): error TS1127: Invalid character.
src/services/firebaseService.ts(1,262): error TS1127: Invalid character.
src/services/firebaseService.ts(1,263): error TS1127: Invalid character.
src/services/firebaseService.ts(1,264): error TS1127: Invalid character.
src/services/firebaseService.ts(1,265): error TS1127: Invalid character.
src/services/firebaseService.ts(1,266): error TS1127: Invalid character.
src/services/firebaseService.ts(1,267): error TS1127: Invalid character.
src/services/firebaseService.ts(1,268): error TS1127: Invalid character.
src/services/firebaseService.ts(1,269): error TS1127: Invalid character.
src/services/firebaseService.ts(1,270): error TS1127: Invalid character.
src/services/firebaseService.ts(1,271): error TS1127: Invalid character.
src/services/firebaseService.ts(1,272): error TS1127: Invalid character.
src/services/firebaseService.ts(1,273): error TS1127: Invalid character.
src/services/firebaseService.ts(1,274): error TS1127: Invalid character.
src/services/firebaseService.ts(1,275): error TS1127: Invalid character.
src/services/firebaseService.ts(1,276): error TS1127: Invalid character.
src/services/firebaseService.ts(1,277): error TS1127: Invalid character.
src/services/firebaseService.ts(1,278): error TS1127: Invalid character.
src/services/firebaseService.ts(1,279): error TS1127: Invalid character.
src/services/firebaseService.ts(1,280): error TS1127: Invalid character.
src/services/firebaseService.ts(1,281): error TS1127: Invalid character.
src/services/firebaseService.ts(1,282): error TS1127: Invalid character.
src/services/firebaseService.ts(1,283): error TS1127: Invalid character.
src/services/firebaseService.ts(1,284): error TS1127: Invalid character.
src/services/firebaseService.ts(1,285): error TS1127: Invalid character.
src/services/firebaseService.ts(1,286): error TS1127: Invalid character.
src/services/firebaseService.ts(1,287): error TS1127: Invalid character.
src/services/firebaseService.ts(1,288): error TS1127: Invalid character.
src/services/firebaseService.ts(1,289): error TS1127: Invalid character.
src/services/firebaseService.ts(1,290): error TS1127: Invalid character.
src/services/firebaseService.ts(1,291): error TS1127: Invalid character.
src/services/firebaseService.ts(1,292): error TS1127: Invalid character.
src/services/firebaseService.ts(1,293): error TS1127: Invalid character.
src/services/firebaseService.ts(1,294): error TS1127: Invalid character.
src/services/firebaseService.ts(1,295): error TS1127: Invalid character.
src/services/firebaseService.ts(1,296): error TS1127: Invalid character.
src/services/firebaseService.ts(1,297): error TS1127: Invalid character.
src/services/firebaseService.ts(1,298): error TS1127: Invalid character.
src/services/firebaseService.ts(1,299): error TS1127: Invalid character.
src/services/firebaseService.ts(1,300): error TS1127: Invalid character.
src/services/firebaseService.ts(1,301): error TS1127: Invalid character.
src/services/firebaseService.ts(1,302): error TS1127: Invalid character.
src/services/firebaseService.ts(1,303): error TS1127: Invalid character.
src/services/firebaseService.ts(1,304): error TS1127: Invalid character.
src/services/firebaseService.ts(1,305): error TS1127: Invalid character.
src/services/firebaseService.ts(1,306): error TS1127: Invalid character.
src/services/firebaseService.ts(1,307): error TS1127: Invalid character.
src/services/firebaseService.ts(1,308): error TS1127: Invalid character.
src/services/firebaseService.ts(1,309): error TS1127: Invalid character.
src/services/firebaseService.ts(1,310): error TS1127: Invalid character.
src/services/firebaseService.ts(1,311): error TS1127: Invalid character.
src/services/firebaseService.ts(1,312): error TS1127: Invalid character.
src/services/firebaseService.ts(1,313): error TS1127: Invalid character.
src/services/firebaseService.ts(1,314): error TS1127: Invalid character.
src/services/firebaseService.ts(1,315): error TS1127: Invalid character.
src/services/firebaseService.ts(1,316): error TS1127: Invalid character.
src/services/firebaseService.ts(1,317): error TS1127: Invalid character.
src/services/firebaseService.ts(1,318): error TS1127: Invalid character.
src/services/firebaseService.ts(1,319): error TS1127: Invalid character.
src/services/firebaseService.ts(1,320): error TS1127: Invalid character.
src/services/firebaseService.ts(1,321): error TS1127: Invalid character.
src/services/firebaseService.ts(1,322): error TS1127: Invalid character.
src/services/firebaseService.ts(1,323): error TS1127: Invalid character.
src/services/firebaseService.ts(1,324): error TS1127: Invalid character.
src/services/firebaseService.ts(1,325): error TS1127: Invalid character.
src/services/firebaseService.ts(1,326): error TS1127: Invalid character.
src/services/firebaseService.ts(1,327): error TS1127: Invalid character.
src/services/firebaseService.ts(1,328): error TS1127: Invalid character.
src/services/firebaseService.ts(1,329): error TS1127: Invalid character.
src/services/firebaseService.ts(1,330): error TS1127: Invalid character.
src/services/firebaseService.ts(1,331): error TS1127: Invalid character.
src/services/firebaseService.ts(1,332): error TS1127: Invalid character.
src/services/firebaseService.ts(1,333): error TS1127: Invalid character.
src/services/firebaseService.ts(1,334): error TS1127: Invalid character.
src/services/firebaseService.ts(1,335): error TS1127: Invalid character.
src/services/firebaseService.ts(1,336): error TS1127: Invalid character.
src/services/firebaseService.ts(1,337): error TS1127: Invalid character.
src/services/firebaseService.ts(1,338): error TS1127: Invalid character.
src/services/firebaseService.ts(1,339): error TS1127: Invalid character.
src/services/firebaseService.ts(1,340): error TS1127: Invalid character.
src/services/firebaseService.ts(1,341): error TS1127: Invalid character.
src/services/firebaseService.ts(1,342): error TS1127: Invalid character.
src/services/firebaseService.ts(1,343): error TS1127: Invalid character.
src/services/firebaseService.ts(1,344): error TS1127: Invalid character.
src/services/firebaseService.ts(1,345): error TS1127: Invalid character.
src/services/firebaseService.ts(1,346): error TS1127: Invalid character.
src/services/firebaseService.ts(1,347): error TS1127: Invalid character.
src/services/firebaseService.ts(1,348): error TS1127: Invalid character.
src/services/firebaseService.ts(1,349): error TS1127: Invalid character.
src/services/firebaseService.ts(1,350): error TS1127: Invalid character.
src/services/firebaseService.ts(1,351): error TS1127: Invalid character.
src/services/firebaseService.ts(1,352): error TS1127: Invalid character.
src/services/firebaseService.ts(1,353): error TS1127: Invalid character.
src/services/firebaseService.ts(1,354): error TS1127: Invalid character.
src/services/firebaseService.ts(1,355): error TS1127: Invalid character.
src/services/firebaseService.ts(1,356): error TS1127: Invalid character.
src/services/firebaseService.ts(1,357): error TS1127: Invalid character.
src/services/firebaseService.ts(1,358): error TS1127: Invalid character.
src/services/firebaseService.ts(1,359): error TS1127: Invalid character.
src/services/firebaseService.ts(1,360): error TS1127: Invalid character.
src/services/firebaseService.ts(1,361): error TS1127: Invalid character.
src/services/firebaseService.ts(1,362): error TS1127: Invalid character.
src/services/firebaseService.ts(1,363): error TS1127: Invalid character.
src/services/firebaseService.ts(1,364): error TS1127: Invalid character.
src/services/firebaseService.ts(1,365): error TS1127: Invalid character.
src/services/firebaseService.ts(1,366): error TS1127: Invalid character.
src/services/firebaseService.ts(1,367): error TS1127: Invalid character.
src/services/firebaseService.ts(1,368): error TS1127: Invalid character.
src/services/firebaseService.ts(1,369): error TS1127: Invalid character.
src/services/firebaseService.ts(1,370): error TS1127: Invalid character.
src/services/firebaseService.ts(1,371): error TS1127: Invalid character.
src/services/firebaseService.ts(1,372): error TS1127: Invalid character.
src/services/firebaseService.ts(1,373): error TS1127: Invalid character.
src/services/firebaseService.ts(1,374): error TS1127: Invalid character.
src/services/firebaseService.ts(1,375): error TS1127: Invalid character.
src/services/firebaseService.ts(1,376): error TS1127: Invalid character.
src/services/firebaseService.ts(1,377): error TS1127: Invalid character.
src/services/firebaseService.ts(1,378): error TS1127: Invalid character.
src/services/firebaseService.ts(1,379): error TS1127: Invalid character.
src/services/firebaseService.ts(1,380): error TS1127: Invalid character.
src/services/firebaseService.ts(1,381): error TS1127: Invalid character.
src/services/firebaseService.ts(1,382): error TS1127: Invalid character.
src/services/firebaseService.ts(1,383): error TS1127: Invalid character.
src/services/firebaseService.ts(1,384): error TS1127: Invalid character.
src/services/firebaseService.ts(1,385): error TS1127: Invalid character.
src/services/firebaseService.ts(1,386): error TS1127: Invalid character.
src/services/firebaseService.ts(1,387): error TS1127: Invalid character.
src/services/firebaseService.ts(1,388): error TS1127: Invalid character.
src/services/firebaseService.ts(1,389): error TS1127: Invalid character.
src/services/firebaseService.ts(1,390): error TS1127: Invalid character.
src/services/firebaseService.ts(1,391): error TS1127: Invalid character.
src/services/firebaseService.ts(1,392): error TS1127: Invalid character.
src/services/firebaseService.ts(1,393): error TS1127: Invalid character.
src/services/firebaseService.ts(1,394): error TS1127: Invalid character.
src/services/firebaseService.ts(1,395): error TS1127: Invalid character.
src/services/firebaseService.ts(1,396): error TS1127: Invalid character.
src/services/firebaseService.ts(1,397): error TS1127: Invalid character.
src/services/firebaseService.ts(1,398): error TS1127: Invalid character.
src/services/firebaseService.ts(1,399): error TS1127: Invalid character.
src/services/firebaseService.ts(1,400): error TS1127: Invalid character.
src/services/firebaseService.ts(1,401): error TS1127: Invalid character.
src/services/firebaseService.ts(1,402): error TS1127: Invalid character.
src/services/firebaseService.ts(1,403): error TS1127: Invalid character.
src/services/firebaseService.ts(1,404): error TS1127: Invalid character.
src/services/firebaseService.ts(1,405): error TS1127: Invalid character.
src/services/firebaseService.ts(1,406): error TS1127: Invalid character.
src/services/firebaseService.ts(1,407): error TS1127: Invalid character.
src/services/firebaseService.ts(1,408): error TS1127: Invalid character.
src/services/firebaseService.ts(1,409): error TS1127: Invalid character.
src/services/firebaseService.ts(1,410): error TS1127: Invalid character.
src/services/firebaseService.ts(1,411): error TS1127: Invalid character.
src/services/firebaseService.ts(1,412): error TS1127: Invalid character.
src/services/firebaseService.ts(1,413): error TS1127: Invalid character.
src/services/firebaseService.ts(1,414): error TS1127: Invalid character.
src/services/firebaseService.ts(1,415): error TS1127: Invalid character.
src/services/firebaseService.ts(1,416): error TS1127: Invalid character.
src/services/firebaseService.ts(1,417): error TS1127: Invalid character.
src/services/firebaseService.ts(1,418): error TS1127: Invalid character.
src/services/firebaseService.ts(1,419): error TS1127: Invalid character.
src/services/firebaseService.ts(1,420): error TS1127: Invalid character.
src/services/firebaseService.ts(1,421): error TS1127: Invalid character.
src/services/firebaseService.ts(1,422): error TS1127: Invalid character.
src/services/firebaseService.ts(1,423): error TS1127: Invalid character.
src/services/firebaseService.ts(1,424): error TS1127: Invalid character.
src/services/firebaseService.ts(1,425): error TS1127: Invalid character.
src/services/firebaseService.ts(1,426): error TS1127: Invalid character.
src/services/firebaseService.ts(1,427): error TS1127: Invalid character.
src/services/firebaseService.ts(1,428): error TS1127: Invalid character.
src/services/firebaseService.ts(1,429): error TS1127: Invalid character.
src/services/firebaseService.ts(1,430): error TS1127: Invalid character.
src/services/firebaseService.ts(1,431): error TS1127: Invalid character.
src/services/firebaseService.ts(1,432): error TS1127: Invalid character.
src/services/firebaseService.ts(1,433): error TS1127: Invalid character.
src/services/firebaseService.ts(1,434): error TS1127: Invalid character.
src/services/firebaseService.ts(1,435): error TS1127: Invalid character.
src/services/firebaseService.ts(1,436): error TS1127: Invalid character.
src/services/firebaseService.ts(1,437): error TS1127: Invalid character.
src/services/firebaseService.ts(1,438): error TS1127: Invalid character.
src/services/firebaseService.ts(1,439): error TS1127: Invalid character.
src/services/firebaseService.ts(1,440): error TS1127: Invalid character.
src/services/firebaseService.ts(1,441): error TS1127: Invalid character.
src/services/firebaseService.ts(1,442): error TS1127: Invalid character.
src/services/firebaseService.ts(1,443): error TS1127: Invalid character.
src/services/firebaseService.ts(1,444): error TS1127: Invalid character.
src/services/firebaseService.ts(1,445): error TS1127: Invalid character.
src/services/firebaseService.ts(1,446): error TS1127: Invalid character.
src/services/firebaseService.ts(1,447): error TS1127: Invalid character.
src/services/firebaseService.ts(1,448): error TS1127: Invalid character.
src/services/firebaseService.ts(1,449): error TS1127: Invalid character.
src/services/firebaseService.ts(1,450): error TS1127: Invalid character.
src/services/firebaseService.ts(1,451): error TS1127: Invalid character.
src/services/firebaseService.ts(1,452): error TS1127: Invalid character.
src/services/firebaseService.ts(1,453): error TS1127: Invalid character.
src/services/firebaseService.ts(1,454): error TS1127: Invalid character.
src/services/firebaseService.ts(1,455): error TS1127: Invalid character.
src/services/firebaseService.ts(1,456): error TS1127: Invalid character.
src/services/firebaseService.ts(1,457): error TS1127: Invalid character.
src/services/firebaseService.ts(1,458): error TS1127: Invalid character.
src/services/firebaseService.ts(1,459): error TS1127: Invalid character.
src/services/firebaseService.ts(1,460): error TS1127: Invalid character.
src/services/firebaseService.ts(1,461): error TS1127: Invalid character.
src/services/firebaseService.ts(1,462): error TS1127: Invalid character.
src/services/firebaseService.ts(1,463): error TS1127: Invalid character.
src/services/firebaseService.ts(1,464): error TS1127: Invalid character.
src/services/firebaseService.ts(1,465): error TS1127: Invalid character.
src/services/firebaseService.ts(1,466): error TS1127: Invalid character.
src/services/firebaseService.ts(1,467): error TS1127: Invalid character.
src/services/firebaseService.ts(1,468): error TS1127: Invalid character.
src/services/firebaseService.ts(1,469): error TS1127: Invalid character.
src/services/firebaseService.ts(1,470): error TS1127: Invalid character.
src/services/firebaseService.ts(1,471): error TS1127: Invalid character.
src/services/firebaseService.ts(1,472): error TS1127: Invalid character.
src/services/firebaseService.ts(1,473): error TS1127: Invalid character.
src/services/firebaseService.ts(1,474): error TS1127: Invalid character.
src/services/firebaseService.ts(1,475): error TS1127: Invalid character.
src/services/firebaseService.ts(1,476): error TS1127: Invalid character.
src/services/firebaseService.ts(1,477): error TS1127: Invalid character.
src/services/firebaseService.ts(1,478): error TS1127: Invalid character.
src/services/firebaseService.ts(1,479): error TS1127: Invalid character.
src/services/firebaseService.ts(1,480): error TS1127: Invalid character.
src/services/firebaseService.ts(1,481): error TS1127: Invalid character.
src/services/firebaseService.ts(1,482): error TS1127: Invalid character.
src/services/firebaseService.ts(1,483): error TS1127: Invalid character.
src/services/firebaseService.ts(1,484): error TS1127: Invalid character.
src/services/firebaseService.ts(1,485): error TS1127: Invalid character.
src/services/firebaseService.ts(1,486): error TS1127: Invalid character.
src/services/firebaseService.ts(1,487): error TS1127: Invalid character.
src/services/firebaseService.ts(1,488): error TS1127: Invalid character.
src/services/firebaseService.ts(1,489): error TS1127: Invalid character.
src/services/firebaseService.ts(1,490): error TS1127: Invalid character.
src/services/firebaseService.ts(1,491): error TS1127: Invalid character.
src/services/firebaseService.ts(1,492): error TS1127: Invalid character.
src/services/firebaseService.ts(1,493): error TS1127: Invalid character.
src/services/firebaseService.ts(1,494): error TS1127: Invalid character.
src/services/firebaseService.ts(1,495): error TS1127: Invalid character.
src/services/firebaseService.ts(1,496): error TS1127: Invalid character.
src/services/firebaseService.ts(1,497): error TS1127: Invalid character.
src/services/firebaseService.ts(1,498): error TS1127: Invalid character.
src/services/firebaseService.ts(1,499): error TS1127: Invalid character.
src/services/firebaseService.ts(1,500): error TS1127: Invalid character.
src/services/firebaseService.ts(1,501): error TS1127: Invalid character.
src/services/firebaseService.ts(1,502): error TS1127: Invalid character.
src/services/firebaseService.ts(1,503): error TS1127: Invalid character.
src/services/firebaseService.ts(1,504): error TS1127: Invalid character.
src/services/firebaseService.ts(1,505): error TS1127: Invalid character.
src/services/firebaseService.ts(1,506): error TS1127: Invalid character.
src/services/firebaseService.ts(1,507): error TS1127: Invalid character.
src/services/firebaseService.ts(1,508): error TS1127: Invalid character.
src/services/firebaseService.ts(1,509): error TS1127: Invalid character.
src/services/firebaseService.ts(1,510): error TS1127: Invalid character.
src/services/firebaseService.ts(1,511): error TS1127: Invalid character.
src/services/firebaseService.ts(1,512): error TS1127: Invalid character.
src/services/firebaseService.ts(1,513): error TS1127: Invalid character.
src/services/firebaseService.ts(1,514): error TS1127: Invalid character.
src/services/firebaseService.ts(1,515): error TS1127: Invalid character.
src/services/firebaseService.ts(1,516): error TS1127: Invalid character.
src/services/firebaseService.ts(1,517): error TS1127: Invalid character.
src/services/firebaseService.ts(1,518): error TS1127: Invalid character.
src/services/firebaseService.ts(1,519): error TS1127: Invalid character.
src/services/firebaseService.ts(1,520): error TS1127: Invalid character.
src/services/firebaseService.ts(1,521): error TS1127: Invalid character.
src/services/firebaseService.ts(1,522): error TS1127: Invalid character.
src/services/firebaseService.ts(1,523): error TS1127: Invalid character.
src/services/firebaseService.ts(1,524): error TS1127: Invalid character.
src/services/firebaseService.ts(1,525): error TS1127: Invalid character.
src/services/firebaseService.ts(1,526): error TS1127: Invalid character.
src/services/firebaseService.ts(1,527): error TS1127: Invalid character.
src/services/firebaseService.ts(1,528): error TS1127: Invalid character.
src/services/firebaseService.ts(1,529): error TS1127: Invalid character.
src/services/firebaseService.ts(1,530): error TS1127: Invalid character.
src/services/firebaseService.ts(1,531): error TS1127: Invalid character.
src/services/firebaseService.ts(1,532): error TS1127: Invalid character.
src/services/firebaseService.ts(1,533): error TS1127: Invalid character.
src/services/firebaseService.ts(1,534): error TS1127: Invalid character.
src/services/firebaseService.ts(1,535): error TS1127: Invalid character.
src/services/firebaseService.ts(1,536): error TS1127: Invalid character.
src/services/firebaseService.ts(1,537): error TS1127: Invalid character.
src/services/firebaseService.ts(1,538): error TS1127: Invalid character.
src/services/firebaseService.ts(1,539): error TS1127: Invalid character.
src/services/firebaseService.ts(1,540): error TS1127: Invalid character.
src/services/firebaseService.ts(1,541): error TS1127: Invalid character.
src/services/firebaseService.ts(1,542): error TS1127: Invalid character.
src/services/firebaseService.ts(1,543): error TS1127: Invalid character.
src/services/firebaseService.ts(1,544): error TS1127: Invalid character.
src/services/firebaseService.ts(1,545): error TS1127: Invalid character.
src/services/firebaseService.ts(1,546): error TS1127: Invalid character.
src/services/firebaseService.ts(1,547): error TS1127: Invalid character.
src/services/firebaseService.ts(1,548): error TS1127: Invalid character.
src/services/firebaseService.ts(1,549): error TS1127: Invalid character.
src/services/firebaseService.ts(1,550): error TS1127: Invalid character.
src/services/firebaseService.ts(1,551): error TS1127: Invalid character.
src/services/firebaseService.ts(1,552): error TS1127: Invalid character.
src/services/firebaseService.ts(1,553): error TS1127: Invalid character.
src/services/firebaseService.ts(1,554): error TS1127: Invalid character.
src/services/firebaseService.ts(1,555): error TS1127: Invalid character.
src/services/firebaseService.ts(1,556): error TS1127: Invalid character.
src/services/firebaseService.ts(1,557): error TS1127: Invalid character.
src/services/firebaseService.ts(1,558): error TS1127: Invalid character.
src/services/firebaseService.ts(1,559): error TS1127: Invalid character.
src/services/firebaseService.ts(1,560): error TS1127: Invalid character.
src/services/firebaseService.ts(1,561): error TS1127: Invalid character.
src/services/firebaseService.ts(1,562): error TS1127: Invalid character.
src/services/firebaseService.ts(1,563): error TS1127: Invalid character.
src/services/firebaseService.ts(1,564): error TS1127: Invalid character.
src/services/firebaseService.ts(1,565): error TS1127: Invalid character.
src/services/firebaseService.ts(1,566): error TS1127: Invalid character.
src/services/firebaseService.ts(1,567): error TS1127: Invalid character.
src/services/firebaseService.ts(1,568): error TS1127: Invalid character.
src/services/firebaseService.ts(1,569): error TS1127: Invalid character.
src/services/firebaseService.ts(1,570): error TS1127: Invalid character.
src/services/firebaseService.ts(1,571): error TS1127: Invalid character.
src/services/firebaseService.ts(1,572): error TS1127: Invalid character.
src/services/firebaseService.ts(1,573): error TS1127: Invalid character.
src/services/firebaseService.ts(1,574): error TS1127: Invalid character.
src/services/firebaseService.ts(1,575): error TS1127: Invalid character.
src/services/firebaseService.ts(1,576): error TS1127: Invalid character.
src/services/firebaseService.ts(1,577): error TS1127: Invalid character.
src/services/firebaseService.ts(1,578): error TS1127: Invalid character.
src/services/firebaseService.ts(1,579): error TS1127: Invalid character.
src/services/firebaseService.ts(1,580): error TS1127: Invalid character.
src/services/firebaseService.ts(1,581): error TS1127: Invalid character.
src/services/firebaseService.ts(1,582): error TS1127: Invalid character.
src/services/firebaseService.ts(1,583): error TS1127: Invalid character.
src/services/firebaseService.ts(1,584): error TS1127: Invalid character.
src/services/firebaseService.ts(1,585): error TS1127: Invalid character.
src/services/firebaseService.ts(1,586): error TS1127: Invalid character.
src/services/firebaseService.ts(1,587): error TS1127: Invalid character.
src/services/firebaseService.ts(1,588): error TS1127: Invalid character.
src/services/firebaseService.ts(1,589): error TS1127: Invalid character.
src/services/firebaseService.ts(1,590): error TS1127: Invalid character.
src/services/firebaseService.ts(1,591): error TS1127: Invalid character.
src/services/firebaseService.ts(1,592): error TS1127: Invalid character.
src/services/firebaseService.ts(1,593): error TS1127: Invalid character.
src/services/firebaseService.ts(1,594): error TS1127: Invalid character.
src/services/firebaseService.ts(1,595): error TS1127: Invalid character.
src/services/firebaseService.ts(1,596): error TS1127: Invalid character.
src/services/firebaseService.ts(1,597): error TS1127: Invalid character.
src/services/firebaseService.ts(1,598): error TS1127: Invalid character.
src/services/firebaseService.ts(1,599): error TS1127: Invalid character.
src/services/firebaseService.ts(1,600): error TS1127: Invalid character.
src/services/firebaseService.ts(1,601): error TS1127: Invalid character.
src/services/firebaseService.ts(1,602): error TS1127: Invalid character.
src/services/firebaseService.ts(1,603): error TS1127: Invalid character.
src/services/firebaseService.ts(1,604): error TS1127: Invalid character.
src/services/firebaseService.ts(1,605): error TS1127: Invalid character.
src/services/firebaseService.ts(1,606): error TS1127: Invalid character.
src/services/firebaseService.ts(1,607): error TS1127: Invalid character.
src/services/firebaseService.ts(1,608): error TS1127: Invalid character.
src/services/firebaseService.ts(1,609): error TS1127: Invalid character.
src/services/firebaseService.ts(1,610): error TS1127: Invalid character.
src/services/firebaseService.ts(1,611): error TS1127: Invalid character.
src/services/firebaseService.ts(1,612): error TS1127: Invalid character.
src/services/firebaseService.ts(1,613): error TS1127: Invalid character.
src/services/firebaseService.ts(1,614): error TS1127: Invalid character.
src/services/firebaseService.ts(1,615): error TS1127: Invalid character.
src/services/firebaseService.ts(1,616): error TS1127: Invalid character.
src/services/firebaseService.ts(1,617): error TS1127: Invalid character.
src/services/firebaseService.ts(1,618): error TS1127: Invalid character.
src/services/firebaseService.ts(1,619): error TS1127: Invalid character.
src/services/firebaseService.ts(1,620): error TS1127: Invalid character.
src/services/firebaseService.ts(1,621): error TS1127: Invalid character.
src/services/firebaseService.ts(1,622): error TS1127: Invalid character.
src/services/firebaseService.ts(1,623): error TS1127: Invalid character.
src/services/firebaseService.ts(1,624): error TS1127: Invalid character.
src/services/firebaseService.ts(1,625): error TS1127: Invalid character.
src/services/firebaseService.ts(1,626): error TS1127: Invalid character.
src/services/firebaseService.ts(1,627): error TS1127: Invalid character.
src/services/firebaseService.ts(1,628): error TS1127: Invalid character.
src/services/firebaseService.ts(1,629): error TS1127: Invalid character.
src/services/firebaseService.ts(1,630): error TS1127: Invalid character.
src/services/firebaseService.ts(1,631): error TS1127: Invalid character.
src/services/firebaseService.ts(1,632): error TS1127: Invalid character.
src/services/firebaseService.ts(1,633): error TS1127: Invalid character.
src/services/firebaseService.ts(1,634): error TS1127: Invalid character.
src/services/firebaseService.ts(1,635): error TS1127: Invalid character.
src/services/firebaseService.ts(1,636): error TS1127: Invalid character.
src/services/firebaseService.ts(1,637): error TS1127: Invalid character.
src/services/firebaseService.ts(1,638): error TS1127: Invalid character.
src/services/firebaseService.ts(1,639): error TS1127: Invalid character.
src/services/firebaseService.ts(1,640): error TS1127: Invalid character.
src/services/firebaseService.ts(1,641): error TS1127: Invalid character.
src/services/firebaseService.ts(1,642): error TS1127: Invalid character.
src/services/firebaseService.ts(1,643): error TS1127: Invalid character.
src/services/firebaseService.ts(1,644): error TS1127: Invalid character.
src/services/firebaseService.ts(1,645): error TS1127: Invalid character.
src/services/firebaseService.ts(1,646): error TS1127: Invalid character.
src/services/firebaseService.ts(1,647): error TS1127: Invalid character.
src/services/firebaseService.ts(1,648): error TS1127: Invalid character.
src/services/firebaseService.ts(1,649): error TS1127: Invalid character.
src/services/firebaseService.ts(1,650): error TS1127: Invalid character.
src/services/firebaseService.ts(1,651): error TS1127: Invalid character.
src/services/firebaseService.ts(1,652): error TS1127: Invalid character.
src/services/firebaseService.ts(1,653): error TS1127: Invalid character.
src/services/firebaseService.ts(1,654): error TS1127: Invalid character.
src/services/firebaseService.ts(1,655): error TS1127: Invalid character.
src/services/firebaseService.ts(1,656): error TS1127: Invalid character.
src/services/firebaseService.ts(1,657): error TS1127: Invalid character.
src/services/firebaseService.ts(1,658): error TS1127: Invalid character.
src/services/firebaseService.ts(1,659): error TS1127: Invalid character.
src/services/firebaseService.ts(1,660): error TS1127: Invalid character.
src/services/firebaseService.ts(1,661): error TS1127: Invalid character.
src/services/firebaseService.ts(1,662): error TS1127: Invalid character.
src/services/firebaseService.ts(1,663): error TS1127: Invalid character.
src/services/firebaseService.ts(1,664): error TS1127: Invalid character.
src/services/firebaseService.ts(1,665): error TS1127: Invalid character.
src/services/firebaseService.ts(1,666): error TS1127: Invalid character.
src/services/firebaseService.ts(1,667): error TS1127: Invalid character.
src/services/firebaseService.ts(1,668): error TS1127: Invalid character.
src/services/firebaseService.ts(1,669): error TS1127: Invalid character.
src/services/firebaseService.ts(1,670): error TS1127: Invalid character.
src/services/firebaseService.ts(1,671): error TS1127: Invalid character.
src/services/firebaseService.ts(1,672): error TS1127: Invalid character.
src/services/firebaseService.ts(1,673): error TS1127: Invalid character.
src/services/firebaseService.ts(1,674): error TS1127: Invalid character.
src/services/firebaseService.ts(1,675): error TS1127: Invalid character.
src/services/firebaseService.ts(1,676): error TS1127: Invalid character.
src/services/firebaseService.ts(1,677): error TS1127: Invalid character.
src/services/firebaseService.ts(1,678): error TS1127: Invalid character.
src/services/firebaseService.ts(1,679): error TS1127: Invalid character.
src/services/firebaseService.ts(1,680): error TS1127: Invalid character.
src/services/firebaseService.ts(1,681): error TS1127: Invalid character.
src/services/firebaseService.ts(1,682): error TS1127: Invalid character.
src/services/firebaseService.ts(1,683): error TS1127: Invalid character.
src/services/firebaseService.ts(1,684): error TS1127: Invalid character.
src/services/firebaseService.ts(1,685): error TS1127: Invalid character.
src/services/firebaseService.ts(1,686): error TS1127: Invalid character.
src/services/firebaseService.ts(1,687): error TS1127: Invalid character.
src/services/firebaseService.ts(1,688): error TS1127: Invalid character.
src/services/firebaseService.ts(1,689): error TS1127: Invalid character.
src/services/firebaseService.ts(1,690): error TS1127: Invalid character.
src/services/firebaseService.ts(1,691): error TS1127: Invalid character.
src/services/firebaseService.ts(1,692): error TS1127: Invalid character.
src/services/firebaseService.ts(1,693): error TS1127: Invalid character.
src/services/firebaseService.ts(1,694): error TS1127: Invalid character.
src/services/firebaseService.ts(1,695): error TS1127: Invalid character.
src/services/firebaseService.ts(1,696): error TS1127: Invalid character.
src/services/firebaseService.ts(1,697): error TS1127: Invalid character.
src/services/firebaseService.ts(1,698): error TS1127: Invalid character.
src/services/firebaseService.ts(1,699): error TS1127: Invalid character.
src/services/firebaseService.ts(1,700): error TS1127: Invalid character.
src/services/firebaseService.ts(1,701): error TS1127: Invalid character.
src/services/firebaseService.ts(1,702): error TS1127: Invalid character.
src/services/firebaseService.ts(1,703): error TS1127: Invalid character.
src/services/firebaseService.ts(1,704): error TS1127: Invalid character.
src/services/firebaseService.ts(1,705): error TS1127: Invalid character.
src/services/firebaseService.ts(1,706): error TS1127: Invalid character.
src/services/firebaseService.ts(1,707): error TS1127: Invalid character.
src/services/firebaseService.ts(1,708): error TS1127: Invalid character.
src/services/firebaseService.ts(1,709): error TS1127: Invalid character.
src/services/firebaseService.ts(1,710): error TS1127: Invalid character.
src/services/firebaseService.ts(1,711): error TS1127: Invalid character.
src/services/firebaseService.ts(1,712): error TS1127: Invalid character.
src/services/firebaseService.ts(1,713): error TS1127: Invalid character.
src/services/firebaseService.ts(1,714): error TS1127: Invalid character.
src/services/firebaseService.ts(1,715): error TS1127: Invalid character.
src/services/firebaseService.ts(1,716): error TS1127: Invalid character.
src/services/firebaseService.ts(1,717): error TS1127: Invalid character.
src/services/firebaseService.ts(1,718): error TS1127: Invalid character.
src/services/firebaseService.ts(1,719): error TS1127: Invalid character.
src/services/firebaseService.ts(1,720): error TS1127: Invalid character.
src/services/firebaseService.ts(1,721): error TS1127: Invalid character.
src/services/firebaseService.ts(1,722): error TS1127: Invalid character.
src/services/firebaseService.ts(1,723): error TS1127: Invalid character.
src/services/firebaseService.ts(1,724): error TS1127: Invalid character.
src/services/firebaseService.ts(1,725): error TS1127: Invalid character.
src/services/firebaseService.ts(1,726): error TS1127: Invalid character.
src/services/firebaseService.ts(1,727): error TS1127: Invalid character.
src/services/firebaseService.ts(1,728): error TS1127: Invalid character.
src/services/firebaseService.ts(1,729): error TS1127: Invalid character.
src/services/firebaseService.ts(1,730): error TS1127: Invalid character.
src/services/firebaseService.ts(1,731): error TS1127: Invalid character.
src/services/firebaseService.ts(1,732): error TS1127: Invalid character.
src/services/firebaseService.ts(1,733): error TS1127: Invalid character.
src/services/firebaseService.ts(1,734): error TS1127: Invalid character.
src/services/firebaseService.ts(1,735): error TS1127: Invalid character.
src/services/firebaseService.ts(1,736): error TS1127: Invalid character.
src/services/firebaseService.ts(1,737): error TS1127: Invalid character.
src/services/firebaseService.ts(1,738): error TS1127: Invalid character.
src/services/firebaseService.ts(1,739): error TS1127: Invalid character.
src/services/firebaseService.ts(1,740): error TS1127: Invalid character.
src/services/firebaseService.ts(1,741): error TS1127: Invalid character.
src/services/firebaseService.ts(1,742): error TS1127: Invalid character.
src/services/firebaseService.ts(1,743): error TS1127: Invalid character.
src/services/firebaseService.ts(1,744): error TS1127: Invalid character.
src/services/firebaseService.ts(1,745): error TS1127: Invalid character.
src/services/firebaseService.ts(1,746): error TS1127: Invalid character.
src/services/firebaseService.ts(1,747): error TS1127: Invalid character.
src/services/firebaseService.ts(1,748): error TS1127: Invalid character.
src/services/firebaseService.ts(1,749): error TS1127: Invalid character.
src/services/firebaseService.ts(1,750): error TS1127: Invalid character.
src/services/firebaseService.ts(1,751): error TS1127: Invalid character.
src/services/firebaseService.ts(1,752): error TS1127: Invalid character.
src/services/firebaseService.ts(1,753): error TS1127: Invalid character.
src/services/firebaseService.ts(1,754): error TS1127: Invalid character.
src/services/firebaseService.ts(1,755): error TS1127: Invalid character.
src/services/firebaseService.ts(1,756): error TS1127: Invalid character.
src/services/firebaseService.ts(1,757): error TS1127: Invalid character.
src/services/firebaseService.ts(1,758): error TS1127: Invalid character.
src/services/firebaseService.ts(1,759): error TS1127: Invalid character.
src/services/firebaseService.ts(1,760): error TS1127: Invalid character.
src/services/firebaseService.ts(1,761): error TS1127: Invalid character.
src/services/firebaseService.ts(1,762): error TS1127: Invalid character.
src/services/firebaseService.ts(1,763): error TS1127: Invalid character.
src/services/firebaseService.ts(1,764): error TS1127: Invalid character.
src/services/firebaseService.ts(1,765): error TS1127: Invalid character.
src/services/firebaseService.ts(1,766): error TS1127: Invalid character.
src/services/firebaseService.ts(1,767): error TS1127: Invalid character.
src/services/firebaseService.ts(1,768): error TS1127: Invalid character.
src/services/firebaseService.ts(1,769): error TS1127: Invalid character.
src/services/firebaseService.ts(1,770): error TS1127: Invalid character.
src/services/firebaseService.ts(1,771): error TS1127: Invalid character.
src/services/firebaseService.ts(1,772): error TS1127: Invalid character.
src/services/firebaseService.ts(1,773): error TS1127: Invalid character.
src/services/firebaseService.ts(1,774): error TS1127: Invalid character.
src/services/firebaseService.ts(1,775): error TS1127: Invalid character.
src/services/firebaseService.ts(1,776): error TS1127: Invalid character.
src/services/firebaseService.ts(1,777): error TS1127: Invalid character.
src/services/firebaseService.ts(1,778): error TS1127: Invalid character.
src/services/firebaseService.ts(1,779): error TS1127: Invalid character.
src/services/firebaseService.ts(1,780): error TS1127: Invalid character.
src/services/firebaseService.ts(1,781): error TS1127: Invalid character.
src/services/firebaseService.ts(1,782): error TS1127: Invalid character.
src/services/firebaseService.ts(1,783): error TS1127: Invalid character.
src/services/firebaseService.ts(1,784): error TS1127: Invalid character.
src/services/firebaseService.ts(1,785): error TS1127: Invalid character.
src/services/firebaseService.ts(1,786): error TS1127: Invalid character.
src/services/firebaseService.ts(1,787): error TS1127: Invalid character.
src/services/firebaseService.ts(1,788): error TS1127: Invalid character.
src/services/firebaseService.ts(1,789): error TS1127: Invalid character.
src/services/firebaseService.ts(1,790): error TS1127: Invalid character.
src/services/firebaseService.ts(1,791): error TS1127: Invalid character.
src/services/firebaseService.ts(1,792): error TS1127: Invalid character.
src/services/firebaseService.ts(1,793): error TS1127: Invalid character.
src/services/firebaseService.ts(1,794): error TS1127: Invalid character.
src/services/firebaseService.ts(1,795): error TS1127: Invalid character.
src/services/firebaseService.ts(1,796): error TS1127: Invalid character.
src/services/firebaseService.ts(1,797): error TS1127: Invalid character.
src/services/firebaseService.ts(1,798): error TS1127: Invalid character.
src/services/firebaseService.ts(1,799): error TS1127: Invalid character.
src/services/firebaseService.ts(1,800): error TS1127: Invalid character.
src/services/firebaseService.ts(1,801): error TS1127: Invalid character.
src/services/firebaseService.ts(1,802): error TS1127: Invalid character.
src/services/firebaseService.ts(1,803): error TS1127: Invalid character.
src/services/firebaseService.ts(1,804): error TS1127: Invalid character.
src/services/firebaseService.ts(1,805): error TS1127: Invalid character.
src/services/firebaseService.ts(1,806): error TS1127: Invalid character.
src/services/firebaseService.ts(1,807): error TS1127: Invalid character.
src/services/firebaseService.ts(1,808): error TS1127: Invalid character.
src/services/firebaseService.ts(1,809): error TS1127: Invalid character.
src/services/firebaseService.ts(1,810): error TS1127: Invalid character.
src/services/firebaseService.ts(1,811): error TS1127: Invalid character.
src/services/firebaseService.ts(1,812): error TS1127: Invalid character.
src/services/firebaseService.ts(1,813): error TS1127: Invalid character.
src/services/firebaseService.ts(1,814): error TS1127: Invalid character.
src/services/firebaseService.ts(1,815): error TS1127: Invalid character.
src/services/firebaseService.ts(1,816): error TS1127: Invalid character.
src/services/firebaseService.ts(1,817): error TS1127: Invalid character.
src/services/firebaseService.ts(1,818): error TS1127: Invalid character.
src/services/firebaseService.ts(1,819): error TS1127: Invalid character.
src/services/firebaseService.ts(1,820): error TS1127: Invalid character.
src/services/firebaseService.ts(1,821): error TS1127: Invalid character.
src/services/firebaseService.ts(1,822): error TS1127: Invalid character.
src/services/firebaseService.ts(1,823): error TS1127: Invalid character.
src/services/firebaseService.ts(1,824): error TS1127: Invalid character.
src/services/firebaseService.ts(1,825): error TS1127: Invalid character.
src/services/firebaseService.ts(1,826): error TS1127: Invalid character.
src/services/firebaseService.ts(1,827): error TS1127: Invalid character.
src/services/firebaseService.ts(1,828): error TS1127: Invalid character.
src/services/firebaseService.ts(1,829): error TS1127: Invalid character.
src/services/firebaseService.ts(1,830): error TS1127: Invalid character.
src/services/firebaseService.ts(1,831): error TS1127: Invalid character.
src/services/firebaseService.ts(1,832): error TS1127: Invalid character.
src/services/firebaseService.ts(1,833): error TS1127: Invalid character.
src/services/firebaseService.ts(1,834): error TS1127: Invalid character.
src/services/firebaseService.ts(1,835): error TS1127: Invalid character.
src/services/firebaseService.ts(1,836): error TS1127: Invalid character.
src/services/firebaseService.ts(1,837): error TS1127: Invalid character.
src/services/firebaseService.ts(1,838): error TS1127: Invalid character.
src/services/firebaseService.ts(1,839): error TS1127: Invalid character.
src/services/firebaseService.ts(1,840): error TS1127: Invalid character.
src/services/firebaseService.ts(1,841): error TS1127: Invalid character.
src/services/firebaseService.ts(1,842): error TS1127: Invalid character.
src/services/firebaseService.ts(1,843): error TS1127: Invalid character.
src/services/firebaseService.ts(1,844): error TS1127: Invalid character.
src/services/firebaseService.ts(1,845): error TS1127: Invalid character.
src/services/firebaseService.ts(1,846): error TS1127: Invalid character.
src/services/firebaseService.ts(1,847): error TS1127: Invalid character.
src/services/firebaseService.ts(1,848): error TS1127: Invalid character.
src/services/firebaseService.ts(1,849): error TS1127: Invalid character.
src/services/firebaseService.ts(1,850): error TS1127: Invalid character.
src/services/firebaseService.ts(1,851): error TS1127: Invalid character.
src/services/firebaseService.ts(1,852): error TS1127: Invalid character.
src/services/firebaseService.ts(1,853): error TS1127: Invalid character.
src/services/firebaseService.ts(1,854): error TS1127: Invalid character.
src/services/firebaseService.ts(1,855): error TS1127: Invalid character.
src/services/firebaseService.ts(1,856): error TS1127: Invalid character.
src/services/firebaseService.ts(1,857): error TS1127: Invalid character.
src/services/firebaseService.ts(1,858): error TS1127: Invalid character.
src/services/firebaseService.ts(1,859): error TS1127: Invalid character.
src/services/firebaseService.ts(1,860): error TS1127: Invalid character.
src/services/firebaseService.ts(1,861): error TS1127: Invalid character.
src/services/firebaseService.ts(1,862): error TS1127: Invalid character.
src/services/firebaseService.ts(1,863): error TS1127: Invalid character.
src/services/firebaseService.ts(1,864): error TS1127: Invalid character.
src/services/firebaseService.ts(1,865): error TS1127: Invalid character.
src/services/firebaseService.ts(1,866): error TS1127: Invalid character.
src/services/firebaseService.ts(1,867): error TS1127: Invalid character.
src/services/firebaseService.ts(1,868): error TS1127: Invalid character.
src/services/firebaseService.ts(1,869): error TS1127: Invalid character.
src/services/firebaseService.ts(1,870): error TS1127: Invalid character.
src/services/firebaseService.ts(1,871): error TS1127: Invalid character.
src/services/firebaseService.ts(1,872): error TS1127: Invalid character.
src/services/firebaseService.ts(1,873): error TS1127: Invalid character.
src/services/firebaseService.ts(1,874): error TS1127: Invalid character.
src/services/firebaseService.ts(1,875): error TS1127: Invalid character.
src/services/firebaseService.ts(1,876): error TS1127: Invalid character.
src/services/firebaseService.ts(1,877): error TS1127: Invalid character.
src/services/firebaseService.ts(1,878): error TS1127: Invalid character.
src/services/firebaseService.ts(1,879): error TS1127: Invalid character.
src/services/firebaseService.ts(1,880): error TS1127: Invalid character.
src/services/firebaseService.ts(1,881): error TS1127: Invalid character.
src/services/firebaseService.ts(1,882): error TS1127: Invalid character.
src/services/firebaseService.ts(1,883): error TS1127: Invalid character.
src/services/firebaseService.ts(1,884): error TS1127: Invalid character.
src/services/firebaseService.ts(1,885): error TS1127: Invalid character.
src/services/firebaseService.ts(1,886): error TS1127: Invalid character.
src/services/firebaseService.ts(1,887): error TS1127: Invalid character.
src/services/firebaseService.ts(1,888): error TS1127: Invalid character.
src/services/firebaseService.ts(1,889): error TS1127: Invalid character.
src/services/firebaseService.ts(1,890): error TS1127: Invalid character.
src/services/firebaseService.ts(1,891): error TS1127: Invalid character.
src/services/firebaseService.ts(1,892): error TS1127: Invalid character.
src/services/firebaseService.ts(1,893): error TS1127: Invalid character.
src/services/firebaseService.ts(1,894): error TS1127: Invalid character.
src/services/firebaseService.ts(1,895): error TS1127: Invalid character.
src/services/firebaseService.ts(1,896): error TS1127: Invalid character.
src/services/firebaseService.ts(1,897): error TS1127: Invalid character.
src/services/firebaseService.ts(1,898): error TS1127: Invalid character.
src/services/firebaseService.ts(1,899): error TS1127: Invalid character.
src/services/firebaseService.ts(1,900): error TS1127: Invalid character.
src/services/firebaseService.ts(1,901): error TS1127: Invalid character.
src/services/firebaseService.ts(1,902): error TS1127: Invalid character.
src/services/firebaseService.ts(1,903): error TS1127: Invalid character.
src/services/firebaseService.ts(1,904): error TS1127: Invalid character.
src/services/firebaseService.ts(1,905): error TS1127: Invalid character.
src/services/firebaseService.ts(1,906): error TS1127: Invalid character.
src/services/firebaseService.ts(1,907): error TS1127: Invalid character.
src/services/firebaseService.ts(1,908): error TS1127: Invalid character.
src/services/firebaseService.ts(1,909): error TS1127: Invalid character.
src/services/firebaseService.ts(1,910): error TS1127: Invalid character.
src/services/firebaseService.ts(1,911): error TS1127: Invalid character.
src/services/firebaseService.ts(1,912): error TS1127: Invalid character.
src/services/firebaseService.ts(1,913): error TS1127: Invalid character.
src/services/firebaseService.ts(1,914): error TS1127: Invalid character.
src/services/firebaseService.ts(1,915): error TS1127: Invalid character.
src/services/firebaseService.ts(1,916): error TS1127: Invalid character.
src/services/firebaseService.ts(1,917): error TS1127: Invalid character.
src/services/firebaseService.ts(1,918): error TS1127: Invalid character.
src/services/firebaseService.ts(1,919): error TS1127: Invalid character.
src/services/firebaseService.ts(1,920): error TS1127: Invalid character.
src/services/firebaseService.ts(1,921): error TS1127: Invalid character.
src/services/firebaseService.ts(1,922): error TS1127: Invalid character.
src/services/firebaseService.ts(1,923): error TS1127: Invalid character.
src/services/firebaseService.ts(1,924): error TS1127: Invalid character.
src/services/firebaseService.ts(1,925): error TS1127: Invalid character.
src/services/firebaseService.ts(1,926): error TS1127: Invalid character.
src/services/firebaseService.ts(1,927): error TS1127: Invalid character.
src/services/firebaseService.ts(1,928): error TS1127: Invalid character.
src/services/firebaseService.ts(1,929): error TS1127: Invalid character.
src/services/firebaseService.ts(1,930): error TS1127: Invalid character.
src/services/firebaseService.ts(1,931): error TS1127: Invalid character.
src/services/firebaseService.ts(1,932): error TS1127: Invalid character.
src/services/firebaseService.ts(1,933): error TS1127: Invalid character.
src/services/firebaseService.ts(1,934): error TS1127: Invalid character.
src/services/firebaseService.ts(1,935): error TS1127: Invalid character.
src/services/firebaseService.ts(1,936): error TS1127: Invalid character.
src/services/firebaseService.ts(1,937): error TS1127: Invalid character.
src/services/firebaseService.ts(1,938): error TS1127: Invalid character.
src/services/firebaseService.ts(1,939): error TS1127: Invalid character.
src/services/firebaseService.ts(1,940): error TS1127: Invalid character.
src/services/firebaseService.ts(1,941): error TS1127: Invalid character.
src/services/firebaseService.ts(1,942): error TS1127: Invalid character.
src/services/firebaseService.ts(1,943): error TS1127: Invalid character.
src/services/firebaseService.ts(1,944): error TS1127: Invalid character.
src/services/firebaseService.ts(1,945): error TS1127: Invalid character.
src/services/firebaseService.ts(1,946): error TS1127: Invalid character.
src/services/firebaseService.ts(1,947): error TS1127: Invalid character.
src/services/firebaseService.ts(1,948): error TS1127: Invalid character.
src/services/firebaseService.ts(1,949): error TS1127: Invalid character.
src/services/firebaseService.ts(1,950): error TS1127: Invalid character.
src/services/firebaseService.ts(1,951): error TS1127: Invalid character.
src/services/firebaseService.ts(1,952): error TS1127: Invalid character.
src/services/firebaseService.ts(1,953): error TS1127: Invalid character.
src/services/firebaseService.ts(1,954): error TS1127: Invalid character.
src/services/firebaseService.ts(1,955): error TS1127: Invalid character.
src/services/firebaseService.ts(1,956): error TS1127: Invalid character.
src/services/firebaseService.ts(1,957): error TS1127: Invalid character.
src/services/firebaseService.ts(1,958): error TS1127: Invalid character.
src/services/firebaseService.ts(1,959): error TS1127: Invalid character.
src/services/firebaseService.ts(1,960): error TS1127: Invalid character.
src/services/firebaseService.ts(1,961): error TS1127: Invalid character.
src/services/firebaseService.ts(1,962): error TS1127: Invalid character.
src/services/firebaseService.ts(1,963): error TS1127: Invalid character.
src/services/firebaseService.ts(1,964): error TS1127: Invalid character.
src/services/firebaseService.ts(1,965): error TS1127: Invalid character.
src/services/firebaseService.ts(1,966): error TS1127: Invalid character.
src/services/firebaseService.ts(1,967): error TS1127: Invalid character.
src/services/firebaseService.ts(1,968): error TS1127: Invalid character.
src/services/firebaseService.ts(1,969): error TS1127: Invalid character.
src/services/firebaseService.ts(1,970): error TS1127: Invalid character.
src/services/firebaseService.ts(1,971): error TS1127: Invalid character.
src/services/firebaseService.ts(1,972): error TS1127: Invalid character.
src/services/firebaseService.ts(1,973): error TS1127: Invalid character.
src/services/firebaseService.ts(1,974): error TS1127: Invalid character.
src/services/firebaseService.ts(1,975): error TS1127: Invalid character.
src/services/firebaseService.ts(1,976): error TS1127: Invalid character.
src/services/firebaseService.ts(1,977): error TS1127: Invalid character.
src/services/firebaseService.ts(1,978): error TS1127: Invalid character.
src/services/firebaseService.ts(1,979): error TS1127: Invalid character.
src/services/firebaseService.ts(1,980): error TS1127: Invalid character.
src/services/firebaseService.ts(1,981): error TS1127: Invalid character.
src/services/firebaseService.ts(1,982): error TS1127: Invalid character.
src/services/firebaseService.ts(1,983): error TS1127: Invalid character.
src/services/firebaseService.ts(1,984): error TS1127: Invalid character.
src/services/firebaseService.ts(1,985): error TS1127: Invalid character.
src/services/firebaseService.ts(1,986): error TS1127: Invalid character.
src/services/firebaseService.ts(1,987): error TS1127: Invalid character.
src/services/firebaseService.ts(1,988): error TS1127: Invalid character.
src/services/firebaseService.ts(1,989): error TS1127: Invalid character.
src/services/firebaseService.ts(1,990): error TS1127: Invalid character.
src/services/firebaseService.ts(1,991): error TS1127: Invalid character.
src/services/firebaseService.ts(1,992): error TS1127: Invalid character.
src/services/firebaseService.ts(1,993): error TS1127: Invalid character.
src/services/firebaseService.ts(1,994): error TS1127: Invalid character.
src/services/firebaseService.ts(1,995): error TS1127: Invalid character.
src/services/firebaseService.ts(1,996): error TS1127: Invalid character.
src/services/firebaseService.ts(1,997): error TS1127: Invalid character.
src/services/firebaseService.ts(1,998): error TS1127: Invalid character.
src/services/firebaseService.ts(1,999): error TS1127: Invalid character.
src/services/firebaseService.ts(1,1000): error TS1127: Invalid character.
src/services/firebaseService.ts(1,1001): error TS1127: Invalid character.
src/services/firebaseService.ts(1,1002): error TS1127: Invalid character.
src/services/firebaseService.ts(1,1003): error TS1127: Invalid character.
src/services/firebaseService.ts(1,1004): error TS1127: Invalid character.
src/services/firebaseService.ts(1,1005): error TS1127: Invalid character.
src/services/firebaseService.ts(1,1006): error TS1127: Invalid character.
src/services/firebaseService.ts(1,1007): error TS1127: Invalid character.
src/services/firebaseService.ts(1,1008): error TS1127: Invalid character.
src/services/firebaseService.ts(1,1009): error TS1127: Invalid character.
src/services/firebaseService.ts(1,1010): error TS1127: Invalid character.
src/services/firebaseService.ts(1,1011): error TS1127: Invalid character.
src/services/firebaseService.ts(1,1012): error TS1127: Invalid character.
src/services/firebaseService.ts(1,1013): error TS1127: Invalid character.
src/services/firebaseService.ts(1,1014): error TS1127: Invalid character.
src/services/firebaseService.ts(1,1015): error TS1127: Invalid character.
src/services/firebaseService.ts(1,1016): error TS1127: Invalid character.
src/services/firebaseService.ts(1,1017): error TS1127: Invalid character.
src/services/firebaseService.ts(1,1018): error TS1127: Invalid character.
src/services/firebaseService.ts(1,1019): error TS1127: Invalid character.
src/services/firebaseService.ts(1,1020): error TS1127: Invalid character.
src/services/firebaseService.ts(1,1021): error TS1127: Invalid character.
src/services/firebaseService.ts(1,1022): error TS1127: Invalid character.
src/services/firebaseService.ts(1,1023): error TS1127: Invalid character.
src/services/firebaseService.ts(1,1024): error TS1127: Invalid character.
src/services/firebaseService.ts(1,1025): error TS1127: Invalid character.
src/services/firebaseService.ts(1,1026): error TS1127: Invalid character.
src/services/firebaseService.ts(1,1027): error TS1127: Invalid character.
src/services/firebaseService.ts(1,1028): error TS1127: Invalid character.
src/services/firebaseService.ts(1,1029): error TS1127: Invalid character.
src/services/firebaseService.ts(1,1030): error TS1127: Invalid character.
src/services/firebaseService.ts(1,1031): error TS1127: Invalid character.
src/services/firebaseService.ts(1,1032): error TS1127: Invalid character.
src/services/firebaseService.ts(1,1033): error TS1127: Invalid character.
src/services/firebaseService.ts(1,1034): error TS1127: Invalid character.
src/services/firebaseService.ts(1,1035): error TS1127: Invalid character.
src/services/firebaseService.ts(1,1036): error TS1127: Invalid character.
src/services/firebaseService.ts(1,1037): error TS1127: Invalid character.
src/services/firebaseService.ts(1,1038): error TS1127: Invalid character.
src/services/firebaseService.ts(1,1039): error TS1127: Invalid character.
src/services/firebaseService.ts(1,1040): error TS1127: Invalid character.
src/services/firebaseService.ts(1,1041): error TS1127: Invalid character.
src/services/firebaseService.ts(1,1042): error TS1127: Invalid character.
src/services/firebaseService.ts(1,1043): error TS1127: Invalid character.
src/services/firebaseService.ts(1,1044): error TS1127: Invalid character.
src/services/firebaseService.ts(1,1045): error TS1127: Invalid character.
src/services/firebaseService.ts(1,1046): error TS1127: Invalid character.
src/services/firebaseService.ts(1,1047): error TS1127: Invalid character.
src/services/firebaseService.ts(1,1048): error TS1127: Invalid character.
src/services/firebaseService.ts(1,1049): error TS1127: Invalid character.
src/services/firebaseService.ts(1,1050): error TS1127: Invalid character.
src/services/firebaseService.ts(1,1051): error TS1127: Invalid character.
src/services/firebaseService.ts(1,1052): error TS1127: Invalid character.
src/services/firebaseService.ts(1,1053): error TS1127: Invalid character.
src/services/firebaseService.ts(1,1054): error TS1127: Invalid character.
src/services/firebaseService.ts(1,1055): error TS1127: Invalid character.
src/services/firebaseService.ts(1,1056): error TS1127: Invalid character.
src/services/firebaseService.ts(1,1057): error TS1127: Invalid character.
src/services/firebaseService.ts(1,1058): error TS1127: Invalid character.
src/services/firebaseService.ts(1,1059): error TS1127: Invalid character.
src/services/firebaseService.ts(1,1060): error TS1127: Invalid character.
src/services/firebaseService.ts(1,1061): error TS1127: Invalid character.
src/services/firebaseService.ts(1,1062): error TS1127: Invalid character.
src/services/firebaseService.ts(1,1063): error TS1127: Invalid character.
src/services/firebaseService.ts(1,1064): error TS1127: Invalid character.
src/services/firebaseService.ts(1,1065): error TS1127: Invalid character.
src/services/firebaseService.ts(1,1066): error TS1127: Invalid character.
src/services/firebaseService.ts(1,1067): error TS1127: Invalid character.
src/services/firebaseService.ts(1,1068): error TS1127: Invalid character.
src/services/firebaseService.ts(1,1069): error TS1127: Invalid character.
src/services/firebaseService.ts(1,1070): error TS1127: Invalid character.
src/services/firebaseService.ts(1,1071): error TS1127: Invalid character.
src/services/firebaseService.ts(1,1072): error TS1127: Invalid character.
src/services/firebaseService.ts(1,1073): error TS1127: Invalid character.
src/services/firebaseService.ts(1,1074): error TS1127: Invalid character.
src/services/firebaseService.ts(1,1075): error TS1127: Invalid character.
src/services/firebaseService.ts(1,1076): error TS1127: Invalid character.
src/services/firebaseService.ts(1,1077): error TS1127: Invalid character.
src/services/firebaseService.ts(1,1078): error TS1127: Invalid character.
src/services/firebaseService.ts(1,1079): error TS1127: Invalid character.
src/services/firebaseService.ts(1,1080): error TS1127: Invalid character.
src/services/firebaseService.ts(1,1081): error TS1127: Invalid character.
src/services/firebaseService.ts(1,1082): error TS1127: Invalid character.
src/services/firebaseService.ts(1,1083): error TS1127: Invalid character.
src/services/firebaseService.ts(1,1084): error TS1127: Invalid character.
src/services/firebaseService.ts(1,1085): error TS1127: Invalid character.
src/services/firebaseService.ts(1,1086): error TS1127: Invalid character.
src/services/firebaseService.ts(1,1087): error TS1127: Invalid character.
src/services/firebaseService.ts(1,1088): error TS1127: Invalid character.
src/services/firebaseService.ts(1,1089): error TS1127: Invalid character.
src/services/firebaseService.ts(1,1090): error TS1127: Invalid character.
src/services/firebaseService.ts(1,1091): error TS1127: Invalid character.
src/services/firebaseService.ts(1,1092): error TS1127: Invalid character.
src/services/firebaseService.ts(1,1093): error TS1127: Invalid character.
src/services/firebaseService.ts(1,1094): error TS1127: Invalid character.
src/services/firebaseService.ts(1,1095): error TS1127: Invalid character.
src/services/firebaseService.ts(1,1096): error TS1127: Invalid character.
src/services/firebaseService.ts(1,1097): error TS1127: Invalid character.
src/services/firebaseService.ts(1,1098): error TS1127: Invalid character.
src/services/firebaseService.ts(1,1099): error TS1127: Invalid character.
src/services/firebaseService.ts(1,1100): error TS1127: Invalid character.
src/services/firebaseService.ts(1,1101): error TS1127: Invalid character.
src/services/firebaseService.ts(1,1102): error TS1127: Invalid character.
src/services/firebaseService.ts(1,1103): error TS1127: Invalid character.
src/services/firebaseService.ts(1,1104): error TS1127: Invalid character.
src/services/firebaseService.ts(1,1105): error TS1127: Invalid character.
src/services/firebaseService.ts(1,1106): error TS1127: Invalid character.
src/services/firebaseService.ts(1,1107): error TS1127: Invalid character.
src/services/firebaseService.ts(1,1108): error TS1127: Invalid character.
src/services/firebaseService.ts(1,1109): error TS1127: Invalid character.
src/services/firebaseService.ts(1,1110): error TS1127: Invalid character.
src/services/firebaseService.ts(1,1111): error TS1127: Invalid character.
src/services/firebaseService.ts(1,1112): error TS1127: Invalid character.
src/services/firebaseService.ts(1,1113): error TS1127: Invalid character.
src/services/firebaseService.ts(1,1114): error TS1127: Invalid character.
src/services/firebaseService.ts(1,1115): error TS1127: Invalid character.
src/services/firebaseService.ts(1,1116): error TS1127: Invalid character.
src/services/firebaseService.ts(1,1117): error TS1127: Invalid character.
src/services/firebaseService.ts(1,1118): error TS1127: Invalid character.
src/services/firebaseService.ts(1,1119): error TS1127: Invalid character.
src/services/firebaseService.ts(1,1120): error TS1127: Invalid character.
src/services/firebaseService.ts(1,1121): error TS1127: Invalid character.
src/services/firebaseService.ts(1,1122): error TS1127: Invalid character.
src/services/firebaseService.ts(1,1123): error TS1127: Invalid character.
src/services/firebaseService.ts(1,1124): error TS1127: Invalid character.
src/services/firebaseService.ts(1,1125): error TS1127: Invalid character.
src/services/firebaseService.ts(1,1126): error TS1127: Invalid character.
src/services/firebaseService.ts(1,1127): error TS1127: Invalid character.
src/services/firebaseService.ts(1,1128): error TS1127: Invalid character.
src/services/firebaseService.ts(1,1129): error TS1127: Invalid character.
src/services/firebaseService.ts(1,1130): error TS1127: Invalid character.
src/services/firebaseService.ts(1,1131): error TS1127: Invalid character.
src/services/firebaseService.ts(1,1132): error TS1127: Invalid character.
src/services/firebaseService.ts(1,1133): error TS1127: Invalid character.
src/services/firebaseService.ts(1,1134): error TS1127: Invalid character.
src/services/firebaseService.ts(1,1135): error TS1127: Invalid character.
src/services/firebaseService.ts(1,1136): error TS1127: Invalid character.
src/services/firebaseService.ts(1,1137): error TS1127: Invalid character.
src/services/firebaseService.ts(1,1138): error TS1127: Invalid character.
src/services/firebaseService.ts(1,1139): error TS1127: Invalid character.
src/services/firebaseService.ts(1,1140): error TS1127: Invalid character.
src/services/firebaseService.ts(1,1141): error TS1127: Invalid character.
src/services/firebaseService.ts(1,1142): error TS1127: Invalid character.
src/services/firebaseService.ts(1,1143): error TS1127: Invalid character.
src/services/firebaseService.ts(1,1144): error TS1127: Invalid character.
src/services/firebaseService.ts(1,1145): error TS1127: Invalid character.
src/services/firebaseService.ts(1,1146): error TS1127: Invalid character.
src/services/firebaseService.ts(1,1147): error TS1127: Invalid character.
src/services/firebaseService.ts(1,1148): error TS1127: Invalid character.
src/services/firebaseService.ts(1,1149): error TS1127: Invalid character.
src/services/firebaseService.ts(1,1150): error TS1127: Invalid character.
src/services/firebaseService.ts(1,1151): error TS1127: Invalid character.
src/services/firebaseService.ts(1,1152): error TS1127: Invalid character.
src/services/firebaseService.ts(1,1153): error TS1127: Invalid character.
src/services/firebaseService.ts(1,1154): error TS1127: Invalid character.
src/services/firebaseService.ts(1,1155): error TS1127: Invalid character.
src/services/firebaseService.ts(1,1156): error TS1127: Invalid character.
src/services/firebaseService.ts(1,1157): error TS1127: Invalid character.
src/services/firebaseService.ts(1,1158): error TS1127: Invalid character.
src/services/firebaseService.ts(1,1159): error TS1127: Invalid character.
src/services/firebaseService.ts(1,1160): error TS1127: Invalid character.
src/services/firebaseService.ts(1,1161): error TS1127: Invalid character.
src/services/firebaseService.ts(1,1162): error TS1127: Invalid character.
src/services/firebaseService.ts(1,1163): error TS1127: Invalid character.
src/services/firebaseService.ts(1,1164): error TS1127: Invalid character.
src/services/firebaseService.ts(1,1165): error TS1127: Invalid character.
src/services/firebaseService.ts(1,1166): error TS1127: Invalid character.
src/services/firebaseService.ts(1,1167): error TS1127: Invalid character.
src/services/firebaseService.ts(1,1168): error TS1127: Invalid character.
src/services/firebaseService.ts(1,1169): error TS1127: Invalid character.
src/services/firebaseService.ts(1,1170): error TS1127: Invalid character.
src/services/firebaseService.ts(1,1171): error TS1127: Invalid character.
src/services/firebaseService.ts(1,1172): error TS1127: Invalid character.
src/services/firebaseService.ts(1,1173): error TS1127: Invalid character.
src/services/firebaseService.ts(1,1174): error TS1127: Invalid character.
src/services/firebaseService.ts(1,1175): error TS1127: Invalid character.
src/services/firebaseService.ts(1,1176): error TS1127: Invalid character.
src/services/firebaseService.ts(1,1177): error TS1127: Invalid character.
src/services/firebaseService.ts(1,1178): error TS1127: Invalid character.
src/services/firebaseService.ts(1,1179): error TS1127: Invalid character.
src/services/firebaseService.ts(1,1180): error TS1127: Invalid character.
src/services/firebaseService.ts(1,1181): error TS1127: Invalid character.
src/services/firebaseService.ts(1,1182): error TS1127: Invalid character.
src/services/firebaseService.ts(1,1183): error TS1127: Invalid character.
src/services/firebaseService.ts(1,1184): error TS1127: Invalid character.
src/services/firebaseService.ts(1,1185): error TS1127: Invalid character.
src/services/firebaseService.ts(1,1186): error TS1127: Invalid character.
src/services/firebaseService.ts(1,1187): error TS1127: Invalid character.
src/services/firebaseService.ts(1,1188): error TS1127: Invalid character.
src/services/firebaseService.ts(1,1189): error TS1127: Invalid character.
src/services/firebaseService.ts(1,1190): error TS1127: Invalid character.
src/services/firebaseService.ts(1,1191): error TS1127: Invalid character.
src/services/firebaseService.ts(1,1192): error TS1127: Invalid character.
src/services/firebaseService.ts(1,1193): error TS1127: Invalid character.
src/services/firebaseService.ts(1,1194): error TS1127: Invalid character.
src/services/firebaseService.ts(1,1195): error TS1127: Invalid character.
src/services/firebaseService.ts(1,1196): error TS1127: Invalid character.
src/services/firebaseService.ts(1,1197): error TS1127: Invalid character.
src/services/firebaseService.ts(1,1198): error TS1127: Invalid character.
src/services/firebaseService.ts(1,1199): error TS1127: Invalid character.
src/services/firebaseService.ts(1,1200): error TS1127: Invalid character.
src/services/firebaseService.ts(1,1201): error TS1127: Invalid character.
src/services/firebaseService.ts(1,1202): error TS1127: Invalid character.
src/services/firebaseService.ts(1,1203): error TS1127: Invalid character.
src/services/firebaseService.ts(1,1204): error TS1127: Invalid character.
src/services/firebaseService.ts(1,1205): error TS1127: Invalid character.
src/services/firebaseService.ts(1,1206): error TS1127: Invalid character.
src/services/firebaseService.ts(1,1207): error TS1127: Invalid character.
src/services/firebaseService.ts(1,1208): error TS1127: Invalid character.
src/services/firebaseService.ts(1,1209): error TS1127: Invalid character.
src/services/firebaseService.ts(1,1210): error TS1127: Invalid character.
src/services/firebaseService.ts(1,1211): error TS1127: Invalid character.
src/services/firebaseService.ts(1,1212): error TS1127: Invalid character.
src/services/firebaseService.ts(1,1213): error TS1127: Invalid character.
src/services/firebaseService.ts(1,1214): error TS1127: Invalid character.
src/services/firebaseService.ts(1,1215): error TS1127: Invalid character.
src/services/firebaseService.ts(1,1216): error TS1127: Invalid character.
src/services/firebaseService.ts(1,1217): error TS1127: Invalid character.
src/services/firebaseService.ts(1,1218): error TS1127: Invalid character.
src/services/firebaseService.ts(1,1219): error TS1127: Invalid character.
src/services/firebaseService.ts(1,1220): error TS1127: Invalid character.
src/services/firebaseService.ts(1,1221): error TS1127: Invalid character.
src/services/firebaseService.ts(1,1222): error TS1127: Invalid character.
src/services/firebaseService.ts(1,1223): error TS1127: Invalid character.
src/services/firebaseService.ts(1,1224): error TS1127: Invalid character.
src/services/firebaseService.ts(1,1225): error TS1127: Invalid character.
src/services/firebaseService.ts(1,1226): error TS1127: Invalid character.
src/services/firebaseService.ts(1,1227): error TS1127: Invalid character.
src/services/firebaseService.ts(1,1228): error TS1127: Invalid character.
src/services/firebaseService.ts(1,1229): error TS1127: Invalid character.
src/services/firebaseService.ts(1,1230): error TS1127: Invalid character.
src/services/firebaseService.ts(1,1231): error TS1127: Invalid character.
src/services/firebaseService.ts(1,1232): error TS1127: Invalid character.
src/services/firebaseService.ts(1,1233): error TS1127: Invalid character.
src/services/firebaseService.ts(1,1234): error TS1127: Invalid character.
src/services/firebaseService.ts(1,1235): error TS1127: Invalid character.
src/services/firebaseService.ts(1,1236): error TS1127: Invalid character.
src/services/firebaseService.ts(1,1237): error TS1127: Invalid character.
src/services/firebaseService.ts(1,1238): error TS1127: Invalid character.
src/services/firebaseService.ts(1,1239): error TS1127: Invalid character.
src/services/firebaseService.ts(1,1240): error TS1127: Invalid character.
src/services/firebaseService.ts(1,1241): error TS1127: Invalid character.
src/services/firebaseService.ts(1,1242): error TS1127: Invalid character.
src/services/firebaseService.ts(1,1243): error TS1127: Invalid character.
src/services/firebaseService.ts(1,1244): error TS1127: Invalid character.
src/services/firebaseService.ts(1,1245): error TS1127: Invalid character.
src/services/firebaseService.ts(1,1246): error TS1127: Invalid character.
src/services/firebaseService.ts(1,1247): error TS1127: Invalid character.
src/services/firebaseService.ts(1,1248): error TS1127: Invalid character.
src/services/firebaseService.ts(1,1249): error TS1127: Invalid character.
src/services/firebaseService.ts(1,1250): error TS1127: Invalid character.
src/services/firebaseService.ts(1,1251): error TS1127: Invalid character.
src/services/firebaseService.ts(1,1252): error TS1127: Invalid character.
src/services/firebaseService.ts(1,1253): error TS1127: Invalid character.
src/services/firebaseService.ts(1,1254): error TS1127: Invalid character.
src/services/firebaseService.ts(1,1255): error TS1127: Invalid character.
src/services/firebaseService.ts(1,1256): error TS1127: Invalid character.
src/services/firebaseService.ts(1,1257): error TS1127: Invalid character.
src/services/firebaseService.ts(1,1258): error TS1127: Invalid character.
src/services/firebaseService.ts(1,1259): error TS1127: Invalid character.
src/services/firebaseService.ts(1,1260): error TS1127: Invalid character.
src/services/firebaseService.ts(1,1261): error TS1127: Invalid character.
src/services/firebaseService.ts(1,1262): error TS1127: Invalid character.
src/services/firebaseService.ts(1,1263): error TS1127: Invalid character.
src/services/firebaseService.ts(1,1264): error TS1127: Invalid character.
src/services/firebaseService.ts(1,1265): error TS1127: Invalid character.
src/services/firebaseService.ts(1,1266): error TS1127: Invalid character.
src/services/firebaseService.ts(1,1267): error TS1127: Invalid character.
src/services/firebaseService.ts(1,1268): error TS1127: Invalid character.
src/services/firebaseService.ts(1,1269): error TS1127: Invalid character.
src/services/firebaseService.ts(1,1270): error TS1127: Invalid character.
src/services/firebaseService.ts(1,1271): error TS1127: Invalid character.
src/services/firebaseService.ts(1,1272): error TS1127: Invalid character.
src/services/firebaseService.ts(1,1273): error TS1127: Invalid character.
src/services/firebaseService.ts(1,1274): error TS1127: Invalid character.
src/services/firebaseService.ts(1,1275): error TS1127: Invalid character.
src/services/firebaseService.ts(1,1276): error TS1127: Invalid character.
src/services/firebaseService.ts(1,1277): error TS1127: Invalid character.
src/services/firebaseService.ts(1,1278): error TS1127: Invalid character.
src/services/firebaseService.ts(1,1279): error TS1127: Invalid character.
src/services/firebaseService.ts(1,1280): error TS1127: Invalid character.
src/services/firebaseService.ts(1,1281): error TS1127: Invalid character.
src/services/firebaseService.ts(1,1282): error TS1127: Invalid character.
src/services/firebaseService.ts(1,1283): error TS1127: Invalid character.
src/services/firebaseService.ts(1,1284): error TS1127: Invalid character.
src/services/firebaseService.ts(1,1285): error TS1127: Invalid character.
src/services/firebaseService.ts(1,1286): error TS1127: Invalid character.
src/services/firebaseService.ts(1,1287): error TS1127: Invalid character.
src/services/firebaseService.ts(1,1288): error TS1127: Invalid character.
src/services/firebaseService.ts(1,1289): error TS1127: Invalid character.
src/services/firebaseService.ts(1,1290): error TS1127: Invalid character.
src/services/firebaseService.ts(1,1291): error TS1127: Invalid character.
src/services/firebaseService.ts(1,1292): error TS1127: Invalid character.
src/services/firebaseService.ts(1,1293): error TS1127: Invalid character.
src/services/firebaseService.ts(1,1294): error TS1127: Invalid character.
src/services/firebaseService.ts(1,1295): error TS1127: Invalid character.
src/services/firebaseService.ts(1,1296): error TS1127: Invalid character.
src/services/firebaseService.ts(1,1297): error TS1127: Invalid character.
src/services/firebaseService.ts(1,1298): error TS1127: Invalid character.
src/services/firebaseService.ts(1,1299): error TS1127: Invalid character.
src/services/firebaseService.ts(1,1300): error TS1127: Invalid character.
src/services/firebaseService.ts(1,1301): error TS1127: Invalid character.
src/services/firebaseService.ts(1,1302): error TS1127: Invalid character.
src/services/firebaseService.ts(1,1303): error TS1127: Invalid character.
src/services/firebaseService.ts(1,1304): error TS1127: Invalid character.
src/services/firebaseService.ts(1,1305): error TS1127: Invalid character.
src/services/firebaseService.ts(1,1306): error TS1127: Invalid character.
src/services/firebaseService.ts(1,1307): error TS1127: Invalid character.
src/services/firebaseService.ts(1,1308): error TS1127: Invalid character.
src/services/firebaseService.ts(1,1309): error TS1127: Invalid character.
src/services/firebaseService.ts(1,1310): error TS1127: Invalid character.
src/services/firebaseService.ts(1,1311): error TS1127: Invalid character.
src/services/firebaseService.ts(1,1312): error TS1127: Invalid character.
src/services/firebaseService.ts(1,1313): error TS1127: Invalid character.
src/services/firebaseService.ts(1,1314): error TS1127: Invalid character.
src/services/firebaseService.ts(1,1315): error TS1127: Invalid character.
src/services/firebaseService.ts(1,1316): error TS1127: Invalid character.
src/services/firebaseService.ts(1,1317): error TS1127: Invalid character.
src/services/firebaseService.ts(1,1318): error TS1127: Invalid character.
src/services/firebaseService.ts(1,1319): error TS1127: Invalid character.
src/services/firebaseService.ts(1,1320): error TS1127: Invalid character.
src/services/firebaseService.ts(1,1321): error TS1127: Invalid character.
src/services/firebaseService.ts(1,1322): error TS1127: Invalid character.
src/services/firebaseService.ts(1,1323): error TS1127: Invalid character.
src/services/firebaseService.ts(1,1324): error TS1127: Invalid character.
src/services/firebaseService.ts(1,1325): error TS1127: Invalid character.
src/services/firebaseService.ts(1,1326): error TS1127: Invalid character.
src/services/firebaseService.ts(1,1327): error TS1127: Invalid character.
src/services/firebaseService.ts(1,1328): error TS1127: Invalid character.
src/services/firebaseService.ts(1,1329): error TS1127: Invalid character.
src/services/firebaseService.ts(1,1330): error TS1127: Invalid character.
src/services/firebaseService.ts(1,1331): error TS1127: Invalid character.
src/services/firebaseService.ts(1,1332): error TS1127: Invalid character.
src/services/firebaseService.ts(1,1333): error TS1127: Invalid character.
src/services/firebaseService.ts(1,1334): error TS1127: Invalid character.
src/services/firebaseService.ts(1,1335): error TS1127: Invalid character.
src/services/firebaseService.ts(1,1336): error TS1127: Invalid character.
src/services/firebaseService.ts(1,1337): error TS1127: Invalid character.
src/services/firebaseService.ts(1,1338): error TS1127: Invalid character.
src/services/firebaseService.ts(1,1339): error TS1127: Invalid character.
src/services/firebaseService.ts(1,1340): error TS1127: Invalid character.
src/services/firebaseService.ts(1,1341): error TS1127: Invalid character.
src/services/firebaseService.ts(1,1342): error TS1127: Invalid character.
src/services/firebaseService.ts(1,1343): error TS1127: Invalid character.
src/services/firebaseService.ts(1,1344): error TS1127: Invalid character.
src/services/firebaseService.ts(1,1345): error TS1127: Invalid character.
src/services/firebaseService.ts(1,1346): error TS1127: Invalid character.
src/services/firebaseService.ts(1,1347): error TS1127: Invalid character.
src/services/firebaseService.ts(1,1348): error TS1127: Invalid character.
src/services/firebaseService.ts(1,1349): error TS1127: Invalid character.
src/services/firebaseService.ts(1,1350): error TS1127: Invalid character.
src/services/firebaseService.ts(1,1351): error TS1127: Invalid character.
src/services/firebaseService.ts(1,1352): error TS1127: Invalid character.
src/services/firebaseService.ts(1,1353): error TS1127: Invalid character.
src/services/firebaseService.ts(1,1354): error TS1127: Invalid character.
src/services/firebaseService.ts(1,1355): error TS1127: Invalid character.
src/services/firebaseService.ts(1,1356): error TS1127: Invalid character.
src/services/firebaseService.ts(1,1357): error TS1127: Invalid character.
src/services/firebaseService.ts(1,1358): error TS1127: Invalid character.
src/services/firebaseService.ts(1,1359): error TS1127: Invalid character.
src/services/firebaseService.ts(1,1360): error TS1127: Invalid character.
src/services/firebaseService.ts(1,1361): error TS1127: Invalid character.
src/services/firebaseService.ts(1,1362): error TS1127: Invalid character.
src/services/firebaseService.ts(1,1363): error TS1127: Invalid character.
src/services/firebaseService.ts(1,1364): error TS1127: Invalid character.
src/services/firebaseService.ts(1,1365): error TS1127: Invalid character.
src/services/firebaseService.ts(1,1366): error TS1127: Invalid character.
src/services/firebaseService.ts(1,1367): error TS1127: Invalid character.
src/services/firebaseService.ts(1,1368): error TS1127: Invalid character.
src/services/firebaseService.ts(1,1369): error TS1127: Invalid character.
src/services/firebaseService.ts(1,1370): error TS1127: Invalid character.
src/services/firebaseService.ts(1,1371): error TS1127: Invalid character.
src/services/firebaseService.ts(1,1372): error TS1127: Invalid character.
src/services/firebaseService.ts(1,1373): error TS1127: Invalid character.
src/services/firebaseService.ts(1,1374): error TS1127: Invalid character.
src/services/firebaseService.ts(1,1375): error TS1127: Invalid character.
src/services/firebaseService.ts(1,1376): error TS1127: Invalid character.
src/services/firebaseService.ts(1,1377): error TS1127: Invalid character.
src/services/firebaseService.ts(1,1378): error TS1127: Invalid character.
src/services/firebaseService.ts(1,1379): error TS1127: Invalid character.
src/services/firebaseService.ts(1,1380): error TS1127: Invalid character.
src/services/firebaseService.ts(1,1381): error TS1127: Invalid character.
src/services/firebaseService.ts(1,1382): error TS1127: Invalid character.
src/services/firebaseService.ts(1,1383): error TS1127: Invalid character.
src/services/firebaseService.ts(1,1384): error TS1127: Invalid character.
src/services/firebaseService.ts(1,1385): error TS1127: Invalid character.
src/services/firebaseService.ts(1,1386): error TS1127: Invalid character.
src/services/firebaseService.ts(1,1387): error TS1127: Invalid character.
src/services/firebaseService.ts(1,1388): error TS1127: Invalid character.
src/services/firebaseService.ts(1,1389): error TS1127: Invalid character.
src/services/firebaseService.ts(1,1390): error TS1127: Invalid character.
src/services/firebaseService.ts(1,1391): error TS1127: Invalid character.
src/services/firebaseService.ts(1,1392): error TS1127: Invalid character.
src/services/firebaseService.ts(1,1393): error TS1127: Invalid character.
src/services/firebaseService.ts(1,1394): error TS1127: Invalid character.
src/services/firebaseService.ts(1,1395): error TS1127: Invalid character.
src/services/firebaseService.ts(1,1396): error TS1127: Invalid character.
src/services/firebaseService.ts(1,1397): error TS1127: Invalid character.
src/services/firebaseService.ts(1,1398): error TS1127: Invalid character.
src/services/firebaseService.ts(1,1399): error TS1127: Invalid character.
src/services/firebaseService.ts(1,1400): error TS1127: Invalid character.
src/services/firebaseService.ts(1,1401): error TS1127: Invalid character.
src/services/firebaseService.ts(1,1402): error TS1127: Invalid character.
src/services/firebaseService.ts(1,1403): error TS1127: Invalid character.
src/services/firebaseService.ts(1,1404): error TS1127: Invalid character.
src/services/firebaseService.ts(1,1405): error TS1127: Invalid character.
src/services/firebaseService.ts(1,1406): error TS1127: Invalid character.
src/services/firebaseService.ts(1,1407): error TS1127: Invalid character.
src/services/firebaseService.ts(1,1408): error TS1127: Invalid character.
src/services/firebaseService.ts(1,1409): error TS1127: Invalid character.
src/services/firebaseService.ts(1,1410): error TS1127: Invalid character.
src/services/firebaseService.ts(1,1411): error TS1127: Invalid character.
src/services/firebaseService.ts(1,1412): error TS1127: Invalid character.
src/services/firebaseService.ts(1,1413): error TS1127: Invalid character.
src/services/firebaseService.ts(1,1414): error TS1127: Invalid character.
src/services/firebaseService.ts(1,1415): error TS1127: Invalid character.
src/services/firebaseService.ts(1,1416): error TS1127: Invalid character.
src/services/firebaseService.ts(1,1417): error TS1127: Invalid character.
src/services/firebaseService.ts(1,1418): error TS1127: Invalid character.
src/services/firebaseService.ts(1,1419): error TS1127: Invalid character.
src/services/firebaseService.ts(1,1420): error TS1127: Invalid character.
src/services/firebaseService.ts(1,1421): error TS1127: Invalid character.
src/services/firebaseService.ts(1,1422): error TS1127: Invalid character.
src/services/firebaseService.ts(1,1423): error TS1127: Invalid character.
src/services/firebaseService.ts(1,1424): error TS1127: Invalid character.
src/services/firebaseService.ts(1,1425): error TS1127: Invalid character.
src/services/firebaseService.ts(1,1426): error TS1127: Invalid character.
src/services/firebaseService.ts(1,1427): error TS1127: Invalid character.
src/services/firebaseService.ts(1,1428): error TS1127: Invalid character.
src/services/firebaseService.ts(1,1429): error TS1127: Invalid character.
src/services/firebaseService.ts(1,1430): error TS1127: Invalid character.
src/services/firebaseService.ts(1,1431): error TS1127: Invalid character.
src/services/firebaseService.ts(1,1432): error TS1127: Invalid character.
src/services/firebaseService.ts(1,1433): error TS1127: Invalid character.
src/services/firebaseService.ts(1,1434): error TS1127: Invalid character.
src/services/firebaseService.ts(1,1435): error TS1127: Invalid character.
src/services/firebaseService.ts(1,1436): error TS1127: Invalid character.
src/services/firebaseService.ts(1,1437): error TS1127: Invalid character.
src/services/firebaseService.ts(1,1438): error TS1127: Invalid character.
src/services/firebaseService.ts(1,1439): error TS1127: Invalid character.
src/services/firebaseService.ts(1,1440): error TS1127: Invalid character.
src/services/firebaseService.ts(1,1441): error TS1127: Invalid character.
src/services/firebaseService.ts(1,1442): error TS1127: Invalid character.
src/services/firebaseService.ts(1,1443): error TS1127: Invalid character.
src/services/firebaseService.ts(1,1444): error TS1127: Invalid character.
src/services/firebaseService.ts(1,1445): error TS1127: Invalid character.
src/services/firebaseService.ts(1,1446): error TS1127: Invalid character.
src/services/firebaseService.ts(1,1447): error TS1127: Invalid character.
src/services/firebaseService.ts(1,1448): error TS1127: Invalid character.
src/services/firebaseService.ts(1,1449): error TS1127: Invalid character.
src/services/firebaseService.ts(1,1450): error TS1127: Invalid character.
src/services/firebaseService.ts(1,1451): error TS1127: Invalid character.
src/services/firebaseService.ts(1,1452): error TS1127: Invalid character.
src/services/firebaseService.ts(1,1453): error TS1127: Invalid character.
src/services/firebaseService.ts(1,1454): error TS1127: Invalid character.
src/services/firebaseService.ts(1,1455): error TS1127: Invalid character.
src/services/firebaseService.ts(1,1456): error TS1127: Invalid character.
src/services/firebaseService.ts(1,1457): error TS1127: Invalid character.
src/services/firebaseService.ts(1,1458): error TS1127: Invalid character.
src/services/firebaseService.ts(1,1459): error TS1127: Invalid character.
src/services/firebaseService.ts(1,1460): error TS1127: Invalid character.
src/services/firebaseService.ts(1,1461): error TS1127: Invalid character.
src/services/firebaseService.ts(1,1462): error TS1127: Invalid character.
src/services/firebaseService.ts(1,1463): error TS1127: Invalid character.
src/services/firebaseService.ts(1,1464): error TS1127: Invalid character.
src/services/firebaseService.ts(1,1465): error TS1127: Invalid character.
src/services/firebaseService.ts(1,1466): error TS1127: Invalid character.
src/services/firebaseService.ts(1,1467): error TS1127: Invalid character.
src/services/firebaseService.ts(1,1468): error TS1127: Invalid character.
src/services/firebaseService.ts(1,1469): error TS1127: Invalid character.
src/services/firebaseService.ts(1,1470): error TS1127: Invalid character.
src/services/firebaseService.ts(1,1471): error TS1127: Invalid character.
src/services/firebaseService.ts(1,1472): error TS1127: Invalid character.
src/services/firebaseService.ts(1,1473): error TS1127: Invalid character.
src/services/firebaseService.ts(1,1474): error TS1127: Invalid character.
src/services/firebaseService.ts(1,1475): error TS1127: Invalid character.
src/services/firebaseService.ts(1,1476): error TS1127: Invalid character.
src/services/firebaseService.ts(1,1477): error TS1127: Invalid character.
src/services/firebaseService.ts(1,1478): error TS1127: Invalid character.
src/services/firebaseService.ts(1,1479): error TS1127: Invalid character.
src/services/firebaseService.ts(1,1480): error TS1127: Invalid character.
src/services/firebaseService.ts(1,1481): error TS1127: Invalid character.
src/services/firebaseService.ts(1,1482): error TS1127: Invalid character.
src/services/firebaseService.ts(1,1483): error TS1127: Invalid character.
src/services/firebaseService.ts(1,1484): error TS1127: Invalid character.
src/services/firebaseService.ts(1,1485): error TS1127: Invalid character.
src/services/firebaseService.ts(1,1486): error TS1127: Invalid character.
src/services/firebaseService.ts(1,1487): error TS1127: Invalid character.
src/services/firebaseService.ts(1,1488): error TS1127: Invalid character.
src/services/firebaseService.ts(1,1489): error TS1127: Invalid character.
src/services/firebaseService.ts(1,1490): error TS1127: Invalid character.
src/services/firebaseService.ts(1,1491): error TS1127: Invalid character.
src/services/firebaseService.ts(1,1492): error TS1127: Invalid character.
src/services/firebaseService.ts(1,1493): error TS1127: Invalid character.
src/services/firebaseService.ts(1,1494): error TS1127: Invalid character.
src/services/firebaseService.ts(1,1495): error TS1127: Invalid character.
src/services/firebaseService.ts(1,1496): error TS1127: Invalid character.
src/services/firebaseService.ts(1,1497): error TS1127: Invalid character.
src/services/firebaseService.ts(1,1498): error TS1127: Invalid character.
src/services/firebaseService.ts(1,1499): error TS1127: Invalid character.
src/services/firebaseService.ts(1,1500): error TS1127: Invalid character.
src/services/firebaseService.ts(1,1501): error TS1127: Invalid character.
src/services/firebaseService.ts(1,1502): error TS1127: Invalid character.
src/services/firebaseService.ts(1,1503): error TS1127: Invalid character.
src/services/firebaseService.ts(1,1504): error TS1127: Invalid character.
src/services/firebaseService.ts(1,1505): error TS1127: Invalid character.
src/services/firebaseService.ts(1,1506): error TS1127: Invalid character.
src/services/firebaseService.ts(1,1507): error TS1127: Invalid character.
src/services/firebaseService.ts(1,1508): error TS1127: Invalid character.
src/services/firebaseService.ts(1,1509): error TS1127: Invalid character.
src/services/firebaseService.ts(1,1510): error TS1127: Invalid character.
src/services/firebaseService.ts(1,1511): error TS1127: Invalid character.
src/services/firebaseService.ts(1,1512): error TS1127: Invalid character.
src/services/firebaseService.ts(1,1513): error TS1127: Invalid character.
src/services/firebaseService.ts(1,1514): error TS1127: Invalid character.
src/services/firebaseService.ts(1,1515): error TS1127: Invalid character.
src/services/firebaseService.ts(1,1516): error TS1127: Invalid character.
src/services/firebaseService.ts(1,1517): error TS1127: Invalid character.
src/services/firebaseService.ts(1,1518): error TS1127: Invalid character.
src/services/firebaseService.ts(1,1519): error TS1127: Invalid character.
src/services/firebaseService.ts(1,1520): error TS1127: Invalid character.
src/services/firebaseService.ts(1,1521): error TS1127: Invalid character.
src/services/firebaseService.ts(1,1522): error TS1127: Invalid character.
src/services/firebaseService.ts(1,1523): error TS1127: Invalid character.
src/services/firebaseService.ts(1,1524): error TS1127: Invalid character.
src/services/firebaseService.ts(1,1525): error TS1127: Invalid character.
src/services/firebaseService.ts(1,1526): error TS1127: Invalid character.
src/services/firebaseService.ts(1,1527): error TS1127: Invalid character.
src/services/firebaseService.ts(1,1528): error TS1127: Invalid character.
src/services/firebaseService.ts(1,1529): error TS1127: Invalid character.
src/services/firebaseService.ts(1,1530): error TS1127: Invalid character.
src/services/firebaseService.ts(1,1531): error TS1127: Invalid character.
src/services/firebaseService.ts(1,1532): error TS1127: Invalid character.
src/services/firebaseService.ts(1,1533): error TS1127: Invalid character.
src/services/firebaseService.ts(1,1534): error TS1127: Invalid character.
src/services/firebaseService.ts(1,1535): error TS1127: Invalid character.
src/services/firebaseService.ts(1,1536): error TS1127: Invalid character.
src/services/firebaseService.ts(1,1537): error TS1127: Invalid character.
src/services/firebaseService.ts(1,1538): error TS1127: Invalid character.
src/services/firebaseService.ts(1,1539): error TS1127: Invalid character.
src/services/firebaseService.ts(1,1540): error TS1127: Invalid character.
src/services/firebaseService.ts(1,1541): error TS1127: Invalid character.
src/services/firebaseService.ts(1,1542): error TS1127: Invalid character.
src/services/firebaseService.ts(1,1543): error TS1127: Invalid character.
src/services/firebaseService.ts(1,1544): error TS1127: Invalid character.
src/services/firebaseService.ts(1,1545): error TS1127: Invalid character.
src/services/firebaseService.ts(1,1546): error TS1127: Invalid character.
src/services/firebaseService.ts(1,1547): error TS1127: Invalid character.
src/services/firebaseService.ts(1,1548): error TS1127: Invalid character.
src/services/firebaseService.ts(1,1549): error TS1127: Invalid character.
src/services/firebaseService.ts(1,1550): error TS1127: Invalid character.
src/services/firebaseService.ts(1,1551): error TS1127: Invalid character.
src/services/firebaseService.ts(1,1552): error TS1127: Invalid character.
src/services/firebaseService.ts(1,1553): error TS1127: Invalid character.
src/services/firebaseService.ts(1,1554): error TS1127: Invalid character.
src/services/firebaseService.ts(1,1555): error TS1127: Invalid character.
src/services/firebaseService.ts(1,1556): error TS1127: Invalid character.
src/services/firebaseService.ts(1,1557): error TS1127: Invalid character.
src/services/firebaseService.ts(1,1558): error TS1127: Invalid character.
src/services/firebaseService.ts(1,1559): error TS1127: Invalid character.
src/services/firebaseService.ts(1,1560): error TS1127: Invalid character.
src/services/firebaseService.ts(1,1561): error TS1127: Invalid character.
src/services/firebaseService.ts(1,1562): error TS1127: Invalid character.
src/services/firebaseService.ts(1,1563): error TS1127: Invalid character.
src/services/firebaseService.ts(1,1564): error TS1127: Invalid character.
src/services/firebaseService.ts(1,1565): error TS1127: Invalid character.
src/services/firebaseService.ts(1,1566): error TS1127: Invalid character.
src/services/firebaseService.ts(1,1567): error TS1127: Invalid character.
src/services/firebaseService.ts(1,1568): error TS1127: Invalid character.
src/services/firebaseService.ts(1,1569): error TS1127: Invalid character.
src/services/firebaseService.ts(1,1570): error TS1127: Invalid character.
src/services/firebaseService.ts(1,1571): error TS1127: Invalid character.
src/services/firebaseService.ts(1,1572): error TS1127: Invalid character.
src/services/firebaseService.ts(1,1573): error TS1127: Invalid character.
src/services/firebaseService.ts(1,1574): error TS1127: Invalid character.
src/services/firebaseService.ts(1,1575): error TS1127: Invalid character.
src/services/firebaseService.ts(1,1576): error TS1127: Invalid character.
src/services/firebaseService.ts(1,1577): error TS1127: Invalid character.
src/services/firebaseService.ts(1,1578): error TS1127: Invalid character.
src/services/firebaseService.ts(1,1579): error TS1127: Invalid character.
src/services/firebaseService.ts(1,1580): error TS1127: Invalid character.
src/services/firebaseService.ts(1,1581): error TS1127: Invalid character.
src/services/firebaseService.ts(1,1582): error TS1127: Invalid character.
src/services/firebaseService.ts(1,1583): error TS1127: Invalid character.
src/services/firebaseService.ts(1,1584): error TS1127: Invalid character.
src/services/firebaseService.ts(1,1585): error TS1127: Invalid character.
src/services/firebaseService.ts(1,1586): error TS1127: Invalid character.
src/services/firebaseService.ts(1,1587): error TS1127: Invalid character.
src/services/firebaseService.ts(1,1588): error TS1127: Invalid character.
src/services/firebaseService.ts(1,1589): error TS1127: Invalid character.
src/services/firebaseService.ts(1,1590): error TS1127: Invalid character.
src/services/firebaseService.ts(1,1591): error TS1127: Invalid character.
src/services/firebaseService.ts(1,1592): error TS1127: Invalid character.
src/services/firebaseService.ts(1,1593): error TS1127: Invalid character.
src/services/firebaseService.ts(1,1594): error TS1127: Invalid character.
src/services/firebaseService.ts(1,1595): error TS1127: Invalid character.
src/services/firebaseService.ts(1,1596): error TS1127: Invalid character.
src/services/firebaseService.ts(1,1597): error TS1127: Invalid character.
src/services/firebaseService.ts(1,1598): error TS1127: Invalid character.
src/services/firebaseService.ts(1,1599): error TS1127: Invalid character.
src/services/firebaseService.ts(1,1600): error TS1127: Invalid character.
src/services/firebaseService.ts(1,1601): error TS1127: Invalid character.
src/services/firebaseService.ts(1,1602): error TS1127: Invalid character.
src/services/firebaseService.ts(1,1603): error TS1127: Invalid character.
src/services/firebaseService.ts(1,1604): error TS1127: Invalid character.
src/services/firebaseService.ts(1,1605): error TS1127: Invalid character.
src/services/firebaseService.ts(1,1606): error TS1127: Invalid character.
src/services/firebaseService.ts(1,1607): error TS1127: Invalid character.
src/services/firebaseService.ts(1,1608): error TS1127: Invalid character.
src/services/firebaseService.ts(1,1609): error TS1127: Invalid character.
src/services/firebaseService.ts(1,1610): error TS1127: Invalid character.
src/services/firebaseService.ts(1,1611): error TS1127: Invalid character.
src/services/firebaseService.ts(1,1612): error TS1127: Invalid character.
src/services/firebaseService.ts(1,1613): error TS1127: Invalid character.
src/services/firebaseService.ts(1,1614): error TS1127: Invalid character.
src/services/firebaseService.ts(1,1615): error TS1127: Invalid character.
src/services/firebaseService.ts(1,1616): error TS1127: Invalid character.
src/services/firebaseService.ts(1,1617): error TS1127: Invalid character.
src/services/firebaseService.ts(1,1618): error TS1127: Invalid character.
src/services/firebaseService.ts(1,1619): error TS1127: Invalid character.
src/services/firebaseService.ts(1,1620): error TS1127: Invalid character.
src/services/firebaseService.ts(1,1621): error TS1127: Invalid character.
src/services/firebaseService.ts(1,1622): error TS1127: Invalid character.
src/services/firebaseService.ts(1,1623): error TS1127: Invalid character.
src/services/firebaseService.ts(1,1624): error TS1127: Invalid character.
src/services/firebaseService.ts(1,1625): error TS1127: Invalid character.
src/services/firebaseService.ts(1,1626): error TS1127: Invalid character.
src/services/firebaseService.ts(1,1627): error TS1127: Invalid character.
src/services/firebaseService.ts(1,1628): error TS1127: Invalid character.
src/services/firebaseService.ts(1,1629): error TS1127: Invalid character.
src/services/firebaseService.ts(1,1630): error TS1127: Invalid character.
src/services/firebaseService.ts(1,1631): error TS1127: Invalid character.
src/services/firebaseService.ts(1,1632): error TS1127: Invalid character.
src/services/firebaseService.ts(1,1633): error TS1127: Invalid character.
src/services/firebaseService.ts(1,1634): error TS1127: Invalid character.
src/services/firebaseService.ts(1,1635): error TS1127: Invalid character.
src/services/firebaseService.ts(1,1636): error TS1127: Invalid character.
src/services/firebaseService.ts(1,1637): error TS1127: Invalid character.
src/services/firebaseService.ts(1,1638): error TS1127: Invalid character.
src/services/firebaseService.ts(1,1639): error TS1127: Invalid character.
src/services/firebaseService.ts(1,1640): error TS1127: Invalid character.
src/services/firebaseService.ts(1,1641): error TS1127: Invalid character.
src/services/firebaseService.ts(1,1642): error TS1127: Invalid character.
src/services/firebaseService.ts(1,1643): error TS1127: Invalid character.
src/services/firebaseService.ts(1,1644): error TS1127: Invalid character.
src/services/firebaseService.ts(1,1645): error TS1127: Invalid character.
src/services/firebaseService.ts(1,1646): error TS1127: Invalid character.
src/services/firebaseService.ts(1,1647): error TS1127: Invalid character.
src/services/firebaseService.ts(1,1648): error TS1127: Invalid character.
src/services/firebaseService.ts(1,1649): error TS1127: Invalid character.
src/services/firebaseService.ts(1,1650): error TS1127: Invalid character.
src/services/firebaseService.ts(1,1651): error TS1127: Invalid character.
src/services/firebaseService.ts(1,1652): error TS1127: Invalid character.
src/services/firebaseService.ts(1,1653): error TS1127: Invalid character.
src/services/firebaseService.ts(1,1654): error TS1127: Invalid character.
src/services/firebaseService.ts(1,1655): error TS1127: Invalid character.
src/services/firebaseService.ts(1,1656): error TS1127: Invalid character.
src/services/firebaseService.ts(1,1657): error TS1127: Invalid character.
src/services/firebaseService.ts(1,1658): error TS1127: Invalid character.
src/services/firebaseService.ts(1,1659): error TS1127: Invalid character.
src/services/firebaseService.ts(1,1660): error TS1127: Invalid character.
src/services/firebaseService.ts(1,1661): error TS1127: Invalid character.
src/services/firebaseService.ts(1,1662): error TS1127: Invalid character.
src/services/firebaseService.ts(1,1663): error TS1127: Invalid character.
src/services/firebaseService.ts(1,1664): error TS1127: Invalid character.
src/services/firebaseService.ts(1,1665): error TS1127: Invalid character.
src/services/firebaseService.ts(1,1666): error TS1127: Invalid character.
src/services/firebaseService.ts(1,1667): error TS1127: Invalid character.
src/services/firebaseService.ts(1,1668): error TS1127: Invalid character.
src/services/firebaseService.ts(1,1669): error TS1127: Invalid character.
src/services/firebaseService.ts(1,1670): error TS1127: Invalid character.
src/services/firebaseService.ts(1,1671): error TS1127: Invalid character.
src/services/firebaseService.ts(1,1672): error TS1127: Invalid character.
src/services/firebaseService.ts(1,1673): error TS1127: Invalid character.
src/services/firebaseService.ts(1,1674): error TS1127: Invalid character.
src/services/firebaseService.ts(1,1675): error TS1127: Invalid character.
src/services/firebaseService.ts(1,1676): error TS1127: Invalid character.
src/services/firebaseService.ts(1,1677): error TS1127: Invalid character.
src/services/firebaseService.ts(1,1678): error TS1127: Invalid character.
src/services/firebaseService.ts(1,1679): error TS1127: Invalid character.
src/services/firebaseService.ts(1,1680): error TS1127: Invalid character.
src/services/firebaseService.ts(1,1681): error TS1127: Invalid character.
src/services/firebaseService.ts(1,1682): error TS1127: Invalid character.
src/services/firebaseService.ts(1,1683): error TS1127: Invalid character.
src/services/firebaseService.ts(1,1684): error TS1127: Invalid character.
src/services/firebaseService.ts(1,1685): error TS1127: Invalid character.
src/services/firebaseService.ts(1,1686): error TS1127: Invalid character.
src/services/firebaseService.ts(1,1687): error TS1127: Invalid character.
src/services/firebaseService.ts(1,1688): error TS1127: Invalid character.
src/services/firebaseService.ts(1,1689): error TS1127: Invalid character.
src/services/firebaseService.ts(1,1690): error TS1127: Invalid character.
src/services/firebaseService.ts(1,1691): error TS1127: Invalid character.
src/services/firebaseService.ts(1,1692): error TS1127: Invalid character.
src/services/firebaseService.ts(1,1693): error TS1127: Invalid character.
src/services/firebaseService.ts(1,1694): error TS1127: Invalid character.
src/services/firebaseService.ts(1,1695): error TS1127: Invalid character.
src/services/firebaseService.ts(1,1696): error TS1127: Invalid character.
src/services/firebaseService.ts(1,1697): error TS1127: Invalid character.
src/services/firebaseService.ts(1,1698): error TS1127: Invalid character.
src/services/firebaseService.ts(1,1699): error TS1127: Invalid character.
src/services/firebaseService.ts(1,1700): error TS1127: Invalid character.
src/services/firebaseService.ts(1,1701): error TS1127: Invalid character.
src/services/firebaseService.ts(1,1702): error TS1127: Invalid character.
src/services/firebaseService.ts(1,1703): error TS1127: Invalid character.
src/services/firebaseService.ts(1,1704): error TS1127: Invalid character.
src/services/firebaseService.ts(1,1705): error TS1127: Invalid character.
src/services/firebaseService.ts(1,1706): error TS1127: Invalid character.
src/services/firebaseService.ts(1,1707): error TS1127: Invalid character.
src/services/firebaseService.ts(1,1708): error TS1127: Invalid character.
src/services/firebaseService.ts(1,1709): error TS1127: Invalid character.
src/services/firebaseService.ts(1,1710): error TS1127: Invalid character.
src/services/firebaseService.ts(1,1711): error TS1127: Invalid character.
src/services/firebaseService.ts(1,1712): error TS1127: Invalid character.
src/services/firebaseService.ts(1,1713): error TS1127: Invalid character.
src/services/firebaseService.ts(1,1714): error TS1127: Invalid character.
src/services/firebaseService.ts(1,1715): error TS1127: Invalid character.
src/services/firebaseService.ts(1,1716): error TS1127: Invalid character.
src/services/firebaseService.ts(1,1717): error TS1127: Invalid character.
src/services/firebaseService.ts(1,1718): error TS1127: Invalid character.
src/services/firebaseService.ts(1,1719): error TS1127: Invalid character.
src/services/firebaseService.ts(1,1720): error TS1127: Invalid character.
src/services/firebaseService.ts(1,1721): error TS1127: Invalid character.
src/services/firebaseService.ts(1,1722): error TS1127: Invalid character.
src/services/firebaseService.ts(1,1723): error TS1127: Invalid character.
src/services/firebaseService.ts(1,1724): error TS1127: Invalid character.
src/services/firebaseService.ts(1,1725): error TS1127: Invalid character.
src/services/firebaseService.ts(1,1726): error TS1127: Invalid character.
src/services/firebaseService.ts(1,1727): error TS1127: Invalid character.
src/services/firebaseService.ts(1,1728): error TS1127: Invalid character.
src/services/firebaseService.ts(1,1729): error TS1127: Invalid character.
src/services/firebaseService.ts(1,1730): error TS1127: Invalid character.
src/services/firebaseService.ts(1,1731): error TS1127: Invalid character.
src/services/firebaseService.ts(1,1732): error TS1127: Invalid character.
src/services/firebaseService.ts(1,1733): error TS1127: Invalid character.
src/services/firebaseService.ts(1,1734): error TS1127: Invalid character.
src/services/firebaseService.ts(1,1735): error TS1127: Invalid character.
src/services/firebaseService.ts(1,1736): error TS1127: Invalid character.
src/services/firebaseService.ts(1,1737): error TS1127: Invalid character.
src/services/firebaseService.ts(1,1738): error TS1127: Invalid character.
src/services/firebaseService.ts(1,1739): error TS1127: Invalid character.
src/services/firebaseService.ts(1,1740): error TS1127: Invalid character.
src/services/firebaseService.ts(1,1741): error TS1127: Invalid character.
src/services/firebaseService.ts(1,1742): error TS1127: Invalid character.
src/services/firebaseService.ts(1,1743): error TS1127: Invalid character.
src/services/firebaseService.ts(1,1744): error TS1127: Invalid character.
src/services/firebaseService.ts(1,1745): error TS1127: Invalid character.
src/services/firebaseService.ts(1,1746): error TS1127: Invalid character.
src/services/firebaseService.ts(1,1747): error TS1127: Invalid character.
src/services/firebaseService.ts(1,1748): error TS1127: Invalid character.
src/services/firebaseService.ts(1,1749): error TS1127: Invalid character.
src/services/firebaseService.ts(1,1750): error TS1127: Invalid character.
src/services/firebaseService.ts(1,1751): error TS1127: Invalid character.
src/services/firebaseService.ts(1,1752): error TS1127: Invalid character.
src/services/firebaseService.ts(1,1753): error TS1127: Invalid character.
src/services/firebaseService.ts(1,1754): error TS1127: Invalid character.
src/services/firebaseService.ts(1,1755): error TS1127: Invalid character.
src/services/firebaseService.ts(1,1756): error TS1127: Invalid character.
src/services/firebaseService.ts(1,1757): error TS1127: Invalid character.
src/services/firebaseService.ts(1,1758): error TS1127: Invalid character.
src/services/firebaseService.ts(1,1759): error TS1127: Invalid character.
src/services/firebaseService.ts(1,1760): error TS1127: Invalid character.
src/services/firebaseService.ts(1,1761): error TS1127: Invalid character.
src/services/firebaseService.ts(1,1762): error TS1127: Invalid character.
src/services/firebaseService.ts(1,1763): error TS1127: Invalid character.
src/services/firebaseService.ts(1,1764): error TS1127: Invalid character.
src/services/firebaseService.ts(1,1765): error TS1127: Invalid character.
src/services/firebaseService.ts(1,1766): error TS1127: Invalid character.
src/services/firebaseService.ts(1,1767): error TS1127: Invalid character.
src/services/firebaseService.ts(1,1768): error TS1127: Invalid character.
src/services/firebaseService.ts(1,1769): error TS1127: Invalid character.
src/services/firebaseService.ts(1,1770): error TS1127: Invalid character.
src/services/firebaseService.ts(1,1771): error TS1127: Invalid character.
src/services/firebaseService.ts(1,1772): error TS1127: Invalid character.
src/services/firebaseService.ts(1,1773): error TS1127: Invalid character.
src/services/firebaseService.ts(1,1774): error TS1127: Invalid character.
src/services/firebaseService.ts(1,1775): error TS1127: Invalid character.
src/services/firebaseService.ts(1,1776): error TS1127: Invalid character.
src/services/firebaseService.ts(1,1777): error TS1127: Invalid character.
src/services/firebaseService.ts(1,1778): error TS1127: Invalid character.
src/services/firebaseService.ts(1,1779): error TS1127: Invalid character.
src/services/firebaseService.ts(1,1780): error TS1127: Invalid character.
src/services/firebaseService.ts(1,1781): error TS1127: Invalid character.
src/services/firebaseService.ts(1,1782): error TS1127: Invalid character.
src/services/firebaseService.ts(1,1783): error TS1127: Invalid character.
src/services/firebaseService.ts(1,1784): error TS1127: Invalid character.
src/services/firebaseService.ts(1,1785): error TS1127: Invalid character.
src/services/firebaseService.ts(1,1786): error TS1127: Invalid character.
src/services/firebaseService.ts(1,1787): error TS1127: Invalid character.
src/services/firebaseService.ts(1,1788): error TS1127: Invalid character.
src/services/firebaseService.ts(1,1789): error TS1127: Invalid character.
src/services/firebaseService.ts(1,1790): error TS1127: Invalid character.
src/services/firebaseService.ts(1,1791): error TS1127: Invalid character.
src/services/firebaseService.ts(1,1792): error TS1127: Invalid character.
src/services/firebaseService.ts(1,1793): error TS1127: Invalid character.
src/services/firebaseService.ts(1,1794): error TS1127: Invalid character.
src/services/firebaseService.ts(1,1795): error TS1127: Invalid character.
src/services/firebaseService.ts(1,1796): error TS1127: Invalid character.
src/services/firebaseService.ts(1,1797): error TS1127: Invalid character.
src/services/firebaseService.ts(1,1798): error TS1127: Invalid character.
src/services/firebaseService.ts(1,1799): error TS1127: Invalid character.
src/services/firebaseService.ts(1,1800): error TS1127: Invalid character.
src/services/firebaseService.ts(1,1801): error TS1127: Invalid character.
src/services/firebaseService.ts(1,1802): error TS1127: Invalid character.
src/services/firebaseService.ts(1,1803): error TS1127: Invalid character.
src/services/firebaseService.ts(1,1804): error TS1127: Invalid character.
src/services/firebaseService.ts(1,1805): error TS1127: Invalid character.
src/services/firebaseService.ts(1,1806): error TS1127: Invalid character.
src/services/firebaseService.ts(1,1807): error TS1127: Invalid character.
src/services/firebaseService.ts(1,1808): error TS1127: Invalid character.
src/services/firebaseService.ts(1,1809): error TS1127: Invalid character.
src/services/firebaseService.ts(1,1810): error TS1127: Invalid character.
src/services/firebaseService.ts(1,1811): error TS1127: Invalid character.
src/services/firebaseService.ts(1,1812): error TS1127: Invalid character.
src/services/firebaseService.ts(1,1813): error TS1127: Invalid character.
src/services/firebaseService.ts(1,1814): error TS1127: Invalid character.
src/services/firebaseService.ts(1,1815): error TS1127: Invalid character.
src/services/firebaseService.ts(1,1816): error TS1127: Invalid character.
src/services/firebaseService.ts(1,1817): error TS1127: Invalid character.
src/services/firebaseService.ts(1,1818): error TS1127: Invalid character.
src/services/firebaseService.ts(1,1819): error TS1127: Invalid character.
src/services/firebaseService.ts(1,1820): error TS1127: Invalid character.
src/services/firebaseService.ts(1,1821): error TS1127: Invalid character.
src/services/firebaseService.ts(1,1822): error TS1127: Invalid character.
src/services/firebaseService.ts(1,1823): error TS1127: Invalid character.
src/services/firebaseService.ts(1,1824): error TS1127: Invalid character.
src/services/firebaseService.ts(1,1825): error TS1127: Invalid character.
src/services/firebaseService.ts(1,1826): error TS1127: Invalid character.
src/services/firebaseService.ts(1,1827): error TS1127: Invalid character.
src/services/firebaseService.ts(1,1828): error TS1127: Invalid character.
src/services/firebaseService.ts(1,1829): error TS1127: Invalid character.
src/services/firebaseService.ts(1,1830): error TS1127: Invalid character.
src/services/firebaseService.ts(1,1831): error TS1127: Invalid character.
src/services/firebaseService.ts(1,1832): error TS1127: Invalid character.
src/services/firebaseService.ts(1,1833): error TS1127: Invalid character.
src/services/firebaseService.ts(1,1834): error TS1127: Invalid character.
src/services/firebaseService.ts(1,1835): error TS1127: Invalid character.
src/services/firebaseService.ts(1,1836): error TS1127: Invalid character.
src/services/firebaseService.ts(1,1837): error TS1127: Invalid character.
src/services/firebaseService.ts(1,1838): error TS1127: Invalid character.
src/services/firebaseService.ts(1,1839): error TS1127: Invalid character.
src/services/firebaseService.ts(1,1840): error TS1127: Invalid character.
src/services/firebaseService.ts(1,1841): error TS1127: Invalid character.
src/services/firebaseService.ts(1,1842): error TS1127: Invalid character.
src/services/firebaseService.ts(1,1843): error TS1127: Invalid character.
src/services/firebaseService.ts(1,1844): error TS1127: Invalid character.
src/services/firebaseService.ts(1,1845): error TS1127: Invalid character.
src/services/firebaseService.ts(1,1846): error TS1127: Invalid character.
src/services/firebaseService.ts(1,1847): error TS1127: Invalid character.
src/services/firebaseService.ts(1,1848): error TS1127: Invalid character.
src/services/firebaseService.ts(1,1849): error TS1127: Invalid character.
src/services/firebaseService.ts(1,1850): error TS1127: Invalid character.
src/services/firebaseService.ts(1,1851): error TS1127: Invalid character.
src/services/firebaseService.ts(1,1852): error TS1127: Invalid character.
src/services/firebaseService.ts(1,1853): error TS1127: Invalid character.
src/services/firebaseService.ts(1,1854): error TS1127: Invalid character.
src/services/firebaseService.ts(1,1855): error TS1127: Invalid character.
src/services/firebaseService.ts(1,1856): error TS1127: Invalid character.
src/services/firebaseService.ts(1,1857): error TS1127: Invalid character.
src/services/firebaseService.ts(1,1858): error TS1127: Invalid character.
src/services/firebaseService.ts(1,1859): error TS1127: Invalid character.
src/services/firebaseService.ts(1,1860): error TS1127: Invalid character.
src/services/firebaseService.ts(1,1861): error TS1127: Invalid character.
src/services/firebaseService.ts(1,1862): error TS1127: Invalid character.
src/services/firebaseService.ts(1,1863): error TS1127: Invalid character.
src/services/firebaseService.ts(1,1864): error TS1127: Invalid character.
src/services/firebaseService.ts(1,1865): error TS1127: Invalid character.
src/services/firebaseService.ts(1,1866): error TS1127: Invalid character.
src/services/firebaseService.ts(1,1867): error TS1127: Invalid character.
src/services/firebaseService.ts(1,1868): error TS1127: Invalid character.
src/services/firebaseService.ts(1,1869): error TS1127: Invalid character.
src/services/firebaseService.ts(1,1870): error TS1127: Invalid character.
src/services/firebaseService.ts(1,1871): error TS1127: Invalid character.
src/services/firebaseService.ts(1,1872): error TS1127: Invalid character.
src/services/firebaseService.ts(1,1873): error TS1127: Invalid character.
src/services/firebaseService.ts(1,1874): error TS1127: Invalid character.
src/services/firebaseService.ts(1,1875): error TS1127: Invalid character.
src/services/firebaseService.ts(1,1876): error TS1127: Invalid character.
src/services/firebaseService.ts(1,1877): error TS1127: Invalid character.
src/services/firebaseService.ts(1,1878): error TS1127: Invalid character.
src/services/firebaseService.ts(1,1879): error TS1127: Invalid character.
src/services/firebaseService.ts(1,1880): error TS1127: Invalid character.
src/services/firebaseService.ts(1,1881): error TS1127: Invalid character.
src/services/firebaseService.ts(1,1882): error TS1127: Invalid character.
src/services/firebaseService.ts(1,1883): error TS1127: Invalid character.
src/services/firebaseService.ts(1,1884): error TS1127: Invalid character.
src/services/firebaseService.ts(1,1885): error TS1127: Invalid character.
src/services/firebaseService.ts(1,1886): error TS1127: Invalid character.
src/services/firebaseService.ts(1,1887): error TS1127: Invalid character.
src/services/firebaseService.ts(1,1888): error TS1127: Invalid character.
src/services/firebaseService.ts(1,1889): error TS1127: Invalid character.
src/services/firebaseService.ts(1,1890): error TS1127: Invalid character.
src/services/firebaseService.ts(1,1891): error TS1127: Invalid character.
src/services/firebaseService.ts(1,1892): error TS1127: Invalid character.
src/services/firebaseService.ts(1,1893): error TS1127: Invalid character.
src/services/firebaseService.ts(1,1894): error TS1127: Invalid character.
src/services/firebaseService.ts(1,1895): error TS1127: Invalid character.
src/services/firebaseService.ts(1,1896): error TS1127: Invalid character.
src/services/firebaseService.ts(1,1897): error TS1127: Invalid character.
src/services/firebaseService.ts(1,1898): error TS1127: Invalid character.
src/services/firebaseService.ts(1,1899): error TS1127: Invalid character.
src/services/firebaseService.ts(1,1900): error TS1127: Invalid character.
src/services/firebaseService.ts(1,1901): error TS1127: Invalid character.
src/services/firebaseService.ts(1,1902): error TS1127: Invalid character.
src/services/firebaseService.ts(1,1903): error TS1127: Invalid character.
src/services/firebaseService.ts(1,1904): error TS1127: Invalid character.
src/services/firebaseService.ts(1,1905): error TS1127: Invalid character.
src/services/firebaseService.ts(1,1906): error TS1127: Invalid character.
src/services/firebaseService.ts(1,1907): error TS1127: Invalid character.
src/services/firebaseService.ts(1,1908): error TS1127: Invalid character.
src/services/firebaseService.ts(1,1909): error TS1127: Invalid character.
src/services/firebaseService.ts(1,1910): error TS1127: Invalid character.
src/services/firebaseService.ts(1,1911): error TS1127: Invalid character.
src/services/firebaseService.ts(1,1912): error TS1127: Invalid character.
src/services/firebaseService.ts(1,1913): error TS1127: Invalid character.
src/services/firebaseService.ts(1,1914): error TS1127: Invalid character.
src/services/firebaseService.ts(1,1915): error TS1127: Invalid character.
src/services/firebaseService.ts(1,1916): error TS1127: Invalid character.
src/services/firebaseService.ts(1,1917): error TS1127: Invalid character.
src/services/firebaseService.ts(1,1918): error TS1127: Invalid character.
src/services/firebaseService.ts(1,1919): error TS1127: Invalid character.
src/services/firebaseService.ts(1,1920): error TS1127: Invalid character.
src/services/firebaseService.ts(1,1921): error TS1127: Invalid character.
src/services/firebaseService.ts(1,1922): error TS1127: Invalid character.
src/services/firebaseService.ts(1,1923): error TS1127: Invalid character.
src/services/firebaseService.ts(1,1924): error TS1127: Invalid character.
src/services/firebaseService.ts(1,1925): error TS1127: Invalid character.
src/services/firebaseService.ts(1,1926): error TS1127: Invalid character.
src/services/firebaseService.ts(1,1927): error TS1127: Invalid character.
src/services/firebaseService.ts(1,1928): error TS1127: Invalid character.
src/services/firebaseService.ts(1,1929): error TS1127: Invalid character.
src/services/firebaseService.ts(1,1930): error TS1127: Invalid character.
src/services/firebaseService.ts(1,1931): error TS1127: Invalid character.
src/services/firebaseService.ts(1,1932): error TS1127: Invalid character.
src/services/firebaseService.ts(1,1933): error TS1127: Invalid character.
src/services/firebaseService.ts(1,1934): error TS1127: Invalid character.
src/services/firebaseService.ts(1,1935): error TS1127: Invalid character.
src/services/firebaseService.ts(1,1936): error TS1127: Invalid character.
src/services/firebaseService.ts(1,1937): error TS1127: Invalid character.
src/services/firebaseService.ts(1,1938): error TS1127: Invalid character.
src/services/firebaseService.ts(1,1939): error TS1127: Invalid character.
src/services/firebaseService.ts(1,1940): error TS1127: Invalid character.
src/services/firebaseService.ts(1,1941): error TS1127: Invalid character.
src/services/firebaseService.ts(1,1942): error TS1127: Invalid character.
src/services/firebaseService.ts(1,1943): error TS1127: Invalid character.
src/services/firebaseService.ts(1,1944): error TS1127: Invalid character.
src/services/firebaseService.ts(1,1945): error TS1127: Invalid character.
src/services/firebaseService.ts(1,1946): error TS1127: Invalid character.
src/services/firebaseService.ts(1,1947): error TS1127: Invalid character.
src/services/firebaseService.ts(1,1948): error TS1127: Invalid character.
src/services/firebaseService.ts(1,1949): error TS1127: Invalid character.
src/services/firebaseService.ts(1,1950): error TS1127: Invalid character.
src/services/firebaseService.ts(1,1951): error TS1127: Invalid character.
src/services/firebaseService.ts(1,1952): error TS1127: Invalid character.
src/services/firebaseService.ts(1,1953): error TS1127: Invalid character.
src/services/firebaseService.ts(1,1954): error TS1127: Invalid character.
src/services/firebaseService.ts(1,1955): error TS1127: Invalid character.
src/services/firebaseService.ts(1,1956): error TS1127: Invalid character.
src/services/firebaseService.ts(1,1957): error TS1127: Invalid character.
src/services/firebaseService.ts(1,1958): error TS1127: Invalid character.
src/services/firebaseService.ts(1,1959): error TS1127: Invalid character.
src/services/firebaseService.ts(1,1960): error TS1127: Invalid character.
src/services/firebaseService.ts(1,1961): error TS1127: Invalid character.
src/services/firebaseService.ts(1,1962): error TS1127: Invalid character.
src/services/firebaseService.ts(1,1963): error TS1127: Invalid character.
src/services/firebaseService.ts(1,1964): error TS1127: Invalid character.
src/services/firebaseService.ts(1,1965): error TS1127: Invalid character.
src/services/firebaseService.ts(1,1966): error TS1127: Invalid character.
src/services/firebaseService.ts(1,1967): error TS1127: Invalid character.
src/services/firebaseService.ts(1,1968): error TS1127: Invalid character.
src/services/firebaseService.ts(1,1969): error TS1127: Invalid character.
src/services/firebaseService.ts(1,1970): error TS1127: Invalid character.
src/services/firebaseService.ts(1,1971): error TS1127: Invalid character.
src/services/firebaseService.ts(1,1972): error TS1127: Invalid character.
src/services/firebaseService.ts(1,1973): error TS1127: Invalid character.
src/services/firebaseService.ts(1,1974): error TS1127: Invalid character.
src/services/firebaseService.ts(1,1975): error TS1127: Invalid character.
src/services/firebaseService.ts(1,1976): error TS1127: Invalid character.
src/services/firebaseService.ts(1,1977): error TS1127: Invalid character.
src/services/firebaseService.ts(1,1978): error TS1127: Invalid character.
src/services/firebaseService.ts(1,1979): error TS1127: Invalid character.
src/services/firebaseService.ts(1,1980): error TS1127: Invalid character.
src/services/firebaseService.ts(1,1981): error TS1127: Invalid character.
src/services/firebaseService.ts(1,1982): error TS1127: Invalid character.
src/services/firebaseService.ts(1,1983): error TS1127: Invalid character.
src/services/firebaseService.ts(1,1984): error TS1127: Invalid character.
src/services/firebaseService.ts(1,1985): error TS1127: Invalid character.
src/services/firebaseService.ts(1,1986): error TS1127: Invalid character.
src/services/firebaseService.ts(1,1987): error TS1127: Invalid character.
src/services/firebaseService.ts(1,1988): error TS1127: Invalid character.
src/services/firebaseService.ts(1,1989): error TS1127: Invalid character.
src/services/firebaseService.ts(1,1990): error TS1127: Invalid character.
src/services/firebaseService.ts(1,1991): error TS1127: Invalid character.
src/services/firebaseService.ts(1,1992): error TS1127: Invalid character.
src/services/firebaseService.ts(1,1993): error TS1127: Invalid character.
src/services/firebaseService.ts(1,1994): error TS1127: Invalid character.
src/services/firebaseService.ts(1,1995): error TS1127: Invalid character.
src/services/firebaseService.ts(1,1996): error TS1127: Invalid character.
src/services/firebaseService.ts(1,1997): error TS1127: Invalid character.
src/services/firebaseService.ts(1,1998): error TS1127: Invalid character.
src/services/firebaseService.ts(1,1999): error TS1127: Invalid character.
src/services/firebaseService.ts(1,2000): error TS1127: Invalid character.
src/services/firebaseService.ts(1,2001): error TS1127: Invalid character.
src/services/firebaseService.ts(1,2002): error TS1127: Invalid character.
src/services/firebaseService.ts(1,2003): error TS1127: Invalid character.
src/services/firebaseService.ts(1,2004): error TS1127: Invalid character.
src/services/firebaseService.ts(1,2005): error TS1127: Invalid character.
src/services/firebaseService.ts(1,2006): error TS1127: Invalid character.
src/services/firebaseService.ts(1,2007): error TS1127: Invalid character.
src/services/firebaseService.ts(1,2008): error TS1127: Invalid character.
src/services/firebaseService.ts(1,2009): error TS1127: Invalid character.
src/services/firebaseService.ts(1,2010): error TS1127: Invalid character.
src/services/firebaseService.ts(1,2011): error TS1127: Invalid character.
src/services/firebaseService.ts(1,2012): error TS1127: Invalid character.
src/services/firebaseService.ts(1,2013): error TS1127: Invalid character.
src/services/firebaseService.ts(1,2014): error TS1127: Invalid character.
src/services/firebaseService.ts(1,2015): error TS1127: Invalid character.
src/services/firebaseService.ts(1,2016): error TS1127: Invalid character.
src/services/firebaseService.ts(1,2017): error TS1127: Invalid character.
src/services/firebaseService.ts(1,2018): error TS1127: Invalid character.
src/services/firebaseService.ts(1,2019): error TS1127: Invalid character.
src/services/firebaseService.ts(1,2020): error TS1127: Invalid character.
src/services/firebaseService.ts(1,2021): error TS1127: Invalid character.
src/services/firebaseService.ts(1,2022): error TS1127: Invalid character.
src/services/firebaseService.ts(1,2023): error TS1127: Invalid character.
src/services/firebaseService.ts(1,2024): error TS1127: Invalid character.
src/services/firebaseService.ts(1,2025): error TS1127: Invalid character.
src/services/firebaseService.ts(1,2026): error TS1127: Invalid character.
src/services/firebaseService.ts(1,2027): error TS1127: Invalid character.
src/services/firebaseService.ts(1,2028): error TS1127: Invalid character.
src/services/firebaseService.ts(1,2029): error TS1127: Invalid character.
src/services/firebaseService.ts(1,2030): error TS1127: Invalid character.
src/services/firebaseService.ts(1,2031): error TS1127: Invalid character.
src/services/firebaseService.ts(1,2032): error TS1127: Invalid character.
src/services/firebaseService.ts(1,2033): error TS1127: Invalid character.
src/services/firebaseService.ts(1,2034): error TS1127: Invalid character.
src/services/firebaseService.ts(1,2035): error TS1127: Invalid character.
src/services/firebaseService.ts(1,2036): error TS1127: Invalid character.
src/services/firebaseService.ts(1,2037): error TS1127: Invalid character.
src/services/firebaseService.ts(1,2038): error TS1127: Invalid character.
src/services/firebaseService.ts(1,2039): error TS1127: Invalid character.
src/services/firebaseService.ts(1,2040): error TS1127: Invalid character.
src/services/firebaseService.ts(1,2041): error TS1127: Invalid character.
src/services/firebaseService.ts(1,2042): error TS1127: Invalid character.
src/services/firebaseService.ts(1,2043): error TS1127: Invalid character.
src/services/firebaseService.ts(1,2044): error TS1127: Invalid character.
src/services/firebaseService.ts(1,2045): error TS1127: Invalid character.
src/services/firebaseService.ts(1,2046): error TS1127: Invalid character.
src/services/firebaseService.ts(1,2047): error TS1127: Invalid character.
src/services/firebaseService.ts(1,2048): error TS1127: Invalid character.
src/services/firebaseService.ts(1,2049): error TS1127: Invalid character.
src/services/firebaseService.ts(1,2050): error TS1127: Invalid character.
src/services/firebaseService.ts(1,2051): error TS1127: Invalid character.
src/services/firebaseService.ts(1,2052): error TS1127: Invalid character.
src/services/firebaseService.ts(1,2053): error TS1127: Invalid character.
src/services/firebaseService.ts(1,2054): error TS1127: Invalid character.
src/services/firebaseService.ts(1,2055): error TS1127: Invalid character.
src/services/firebaseService.ts(1,2056): error TS1127: Invalid character.
src/services/firebaseService.ts(1,2057): error TS1127: Invalid character.
src/services/firebaseService.ts(1,2058): error TS1127: Invalid character.
src/services/firebaseService.ts(1,2059): error TS1127: Invalid character.
src/services/firebaseService.ts(1,2060): error TS1127: Invalid character.
src/services/firebaseService.ts(1,2061): error TS1127: Invalid character.
src/services/firebaseService.ts(1,2062): error TS1127: Invalid character.
src/services/firebaseService.ts(1,2063): error TS1127: Invalid character.
src/services/firebaseService.ts(1,2064): error TS1127: Invalid character.
src/services/firebaseService.ts(1,2065): error TS1127: Invalid character.
src/services/firebaseService.ts(1,2066): error TS1127: Invalid character.
src/services/firebaseService.ts(1,2067): error TS1127: Invalid character.
src/services/firebaseService.ts(1,2068): error TS1127: Invalid character.
src/services/firebaseService.ts(1,2069): error TS1127: Invalid character.
src/services/firebaseService.ts(1,2070): error TS1127: Invalid character.
src/services/firebaseService.ts(1,2071): error TS1127: Invalid character.
src/services/firebaseService.ts(1,2072): error TS1127: Invalid character.
src/services/firebaseService.ts(1,2073): error TS1127: Invalid character.
src/services/firebaseService.ts(1,2074): error TS1127: Invalid character.
src/services/firebaseService.ts(1,2075): error TS1127: Invalid character.
src/services/firebaseService.ts(1,2076): error TS1127: Invalid character.
src/services/firebaseService.ts(1,2077): error TS1127: Invalid character.
src/services/firebaseService.ts(1,2078): error TS1127: Invalid character.
src/services/firebaseService.ts(1,2079): error TS1127: Invalid character.
src/services/firebaseService.ts(1,2080): error TS1127: Invalid character.
src/services/firebaseService.ts(1,2081): error TS1127: Invalid character.
src/services/firebaseService.ts(1,2082): error TS1127: Invalid character.
src/services/firebaseService.ts(1,2083): error TS1127: Invalid character.
src/services/firebaseService.ts(1,2084): error TS1127: Invalid character.
src/services/firebaseService.ts(1,2085): error TS1127: Invalid character.
src/services/firebaseService.ts(1,2086): error TS1127: Invalid character.
src/services/firebaseService.ts(1,2087): error TS1127: Invalid character.
src/services/firebaseService.ts(1,2088): error TS1127: Invalid character.
src/services/firebaseService.ts(1,2089): error TS1127: Invalid character.
src/services/firebaseService.ts(1,2090): error TS1127: Invalid character.
src/services/firebaseService.ts(1,2091): error TS1127: Invalid character.
src/services/firebaseService.ts(1,2092): error TS1127: Invalid character.
src/services/firebaseService.ts(1,2093): error TS1127: Invalid character.
src/services/firebaseService.ts(1,2094): error TS1127: Invalid character.
src/services/firebaseService.ts(1,2095): error TS1127: Invalid character.
src/services/firebaseService.ts(1,2096): error TS1127: Invalid character.
src/services/firebaseService.ts(1,2097): error TS1127: Invalid character.
src/services/firebaseService.ts(1,2098): error TS1127: Invalid character.
src/services/firebaseService.ts(1,2099): error TS1127: Invalid character.
src/services/firebaseService.ts(1,2100): error TS1127: Invalid character.
src/services/firebaseService.ts(1,2101): error TS1127: Invalid character.
src/services/firebaseService.ts(1,2102): error TS1127: Invalid character.
src/services/firebaseService.ts(1,2103): error TS1127: Invalid character.
src/services/firebaseService.ts(1,2104): error TS1127: Invalid character.
src/services/firebaseService.ts(1,2105): error TS1127: Invalid character.
src/services/firebaseService.ts(1,2106): error TS1127: Invalid character.
src/services/firebaseService.ts(1,2107): error TS1127: Invalid character.
src/services/firebaseService.ts(1,2108): error TS1127: Invalid character.
src/services/firebaseService.ts(1,2109): error TS1127: Invalid character.
src/services/firebaseService.ts(1,2110): error TS1127: Invalid character.
src/services/firebaseService.ts(1,2111): error TS1127: Invalid character.
src/services/firebaseService.ts(1,2112): error TS1127: Invalid character.
src/services/firebaseService.ts(1,2113): error TS1127: Invalid character.
src/services/firebaseService.ts(1,2114): error TS1127: Invalid character.
src/services/firebaseService.ts(1,2115): error TS1127: Invalid character.
src/services/firebaseService.ts(1,2116): error TS1127: Invalid character.
src/services/firebaseService.ts(1,2117): error TS1127: Invalid character.
src/services/firebaseService.ts(1,2118): error TS1127: Invalid character.
src/services/firebaseService.ts(1,2119): error TS1127: Invalid character.
src/services/firebaseService.ts(1,2120): error TS1127: Invalid character.
src/services/firebaseService.ts(1,2121): error TS1127: Invalid character.
src/services/firebaseService.ts(1,2122): error TS1127: Invalid character.
src/services/firebaseService.ts(1,2123): error TS1127: Invalid character.
src/services/firebaseService.ts(1,2124): error TS1127: Invalid character.
src/services/firebaseService.ts(1,2125): error TS1127: Invalid character.
src/services/firebaseService.ts(1,2126): error TS1127: Invalid character.
src/services/firebaseService.ts(1,2127): error TS1127: Invalid character.
src/services/firebaseService.ts(1,2128): error TS1127: Invalid character.
src/services/firebaseService.ts(1,2129): error TS1127: Invalid character.
src/services/firebaseService.ts(1,2130): error TS1127: Invalid character.
src/services/firebaseService.ts(1,2131): error TS1127: Invalid character.
src/services/firebaseService.ts(1,2132): error TS1127: Invalid character.
src/services/firebaseService.ts(1,2133): error TS1127: Invalid character.
src/services/firebaseService.ts(1,2134): error TS1127: Invalid character.
src/services/firebaseService.ts(1,2135): error TS1127: Invalid character.
src/services/firebaseService.ts(1,2136): error TS1127: Invalid character.
src/services/firebaseService.ts(1,2137): error TS1127: Invalid character.
src/services/firebaseService.ts(1,2138): error TS1127: Invalid character.
src/services/firebaseService.ts(1,2139): error TS1127: Invalid character.
src/services/firebaseService.ts(1,2140): error TS1127: Invalid character.
src/services/firebaseService.ts(1,2141): error TS1127: Invalid character.
src/services/firebaseService.ts(1,2142): error TS1127: Invalid character.
src/services/firebaseService.ts(1,2143): error TS1127: Invalid character.
src/services/firebaseService.ts(1,2144): error TS1127: Invalid character.
src/services/firebaseService.ts(1,2145): error TS1127: Invalid character.
src/services/firebaseService.ts(1,2146): error TS1127: Invalid character.
src/services/firebaseService.ts(1,2147): error TS1127: Invalid character.
src/services/firebaseService.ts(1,2148): error TS1127: Invalid character.
src/services/firebaseService.ts(1,2149): error TS1127: Invalid character.
src/services/firebaseService.ts(1,2150): error TS1127: Invalid character.
src/services/firebaseService.ts(1,2151): error TS1127: Invalid character.
src/services/firebaseService.ts(1,2152): error TS1127: Invalid character.
src/services/firebaseService.ts(1,2153): error TS1127: Invalid character.
src/services/firebaseService.ts(1,2154): error TS1127: Invalid character.
src/services/firebaseService.ts(1,2155): error TS1127: Invalid character.
src/services/firebaseService.ts(1,2156): error TS1127: Invalid character.
src/services/firebaseService.ts(1,2157): error TS1127: Invalid character.
src/services/firebaseService.ts(1,2158): error TS1127: Invalid character.
src/services/firebaseService.ts(1,2159): error TS1127: Invalid character.
src/services/firebaseService.ts(1,2160): error TS1127: Invalid character.
src/services/firebaseService.ts(1,2161): error TS1127: Invalid character.
src/services/firebaseService.ts(1,2162): error TS1127: Invalid character.
src/services/firebaseService.ts(1,2163): error TS1127: Invalid character.
src/services/firebaseService.ts(1,2164): error TS1127: Invalid character.
src/services/firebaseService.ts(1,2165): error TS1127: Invalid character.
src/services/firebaseService.ts(1,2166): error TS1127: Invalid character.
src/services/firebaseService.ts(1,2167): error TS1127: Invalid character.
src/services/firebaseService.ts(1,2168): error TS1127: Invalid character.
src/services/firebaseService.ts(1,2169): error TS1127: Invalid character.
src/services/firebaseService.ts(1,2170): error TS1127: Invalid character.
src/services/firebaseService.ts(1,2171): error TS1127: Invalid character.
src/services/firebaseService.ts(1,2172): error TS1127: Invalid character.
src/services/firebaseService.ts(1,2173): error TS1127: Invalid character.
src/services/firebaseService.ts(1,2174): error TS1127: Invalid character.
src/services/firebaseService.ts(1,2175): error TS1127: Invalid character.
src/services/firebaseService.ts(1,2176): error TS1127: Invalid character.
src/services/firebaseService.ts(1,2177): error TS1127: Invalid character.
src/services/firebaseService.ts(1,2178): error TS1127: Invalid character.
src/services/firebaseService.ts(1,2179): error TS1127: Invalid character.
src/services/firebaseService.ts(1,2180): error TS1127: Invalid character.
src/services/firebaseService.ts(1,2181): error TS1127: Invalid character.
src/services/firebaseService.ts(1,2182): error TS1127: Invalid character.
src/services/firebaseService.ts(1,2183): error TS1127: Invalid character.
src/services/firebaseService.ts(1,2184): error TS1127: Invalid character.
src/services/firebaseService.ts(1,2185): error TS1127: Invalid character.
src/services/firebaseService.ts(1,2186): error TS1127: Invalid character.
src/services/firebaseService.ts(1,2187): error TS1127: Invalid character.
src/services/firebaseService.ts(1,2188): error TS1127: Invalid character.
src/services/firebaseService.ts(1,2189): error TS1127: Invalid character.
src/services/firebaseService.ts(1,2190): error TS1127: Invalid character.
src/services/firebaseService.ts(1,2191): error TS1127: Invalid character.
src/services/firebaseService.ts(1,2192): error TS1127: Invalid character.
src/services/firebaseService.ts(1,2193): error TS1127: Invalid character.
src/services/firebaseService.ts(1,2194): error TS1127: Invalid character.
src/services/firebaseService.ts(1,2195): error TS1127: Invalid character.
src/services/firebaseService.ts(1,2196): error TS1127: Invalid character.
src/services/firebaseService.ts(1,2197): error TS1127: Invalid character.
src/services/firebaseService.ts(1,2198): error TS1127: Invalid character.
src/services/firebaseService.ts(1,2199): error TS1127: Invalid character.
src/services/firebaseService.ts(1,2200): error TS1127: Invalid character.
src/services/firebaseService.ts(1,2201): error TS1127: Invalid character.
src/services/firebaseService.ts(1,2202): error TS1127: Invalid character.
src/services/firebaseService.ts(1,2203): error TS1127: Invalid character.
src/services/firebaseService.ts(1,2204): error TS1127: Invalid character.
src/services/firebaseService.ts(1,2205): error TS1127: Invalid character.
src/services/firebaseService.ts(1,2206): error TS1127: Invalid character.
src/services/firebaseService.ts(1,2207): error TS1127: Invalid character.
src/services/firebaseService.ts(1,2208): error TS1127: Invalid character.
src/services/firebaseService.ts(1,2209): error TS1127: Invalid character.
src/services/firebaseService.ts(1,2210): error TS1127: Invalid character.
src/services/firebaseService.ts(1,2211): error TS1127: Invalid character.
src/services/firebaseService.ts(1,2212): error TS1127: Invalid character.
src/services/firebaseService.ts(1,2213): error TS1127: Invalid character.
src/services/firebaseService.ts(1,2214): error TS1127: Invalid character.
src/services/firebaseService.ts(1,2215): error TS1127: Invalid character.
src/services/firebaseService.ts(1,2216): error TS1127: Invalid character.
src/services/firebaseService.ts(1,2217): error TS1127: Invalid character.
src/services/firebaseService.ts(1,2218): error TS1127: Invalid character.
src/services/firebaseService.ts(1,2219): error TS1127: Invalid character.
src/services/firebaseService.ts(1,2220): error TS1127: Invalid character.
src/services/firebaseService.ts(1,2221): error TS1127: Invalid character.
src/services/firebaseService.ts(1,2222): error TS1127: Invalid character.
src/services/firebaseService.ts(1,2223): error TS1127: Invalid character.
src/services/firebaseService.ts(1,2224): error TS1127: Invalid character.
src/services/firebaseService.ts(1,2225): error TS1127: Invalid character.
src/services/firebaseService.ts(1,2226): error TS1127: Invalid character.
src/services/firebaseService.ts(1,2227): error TS1127: Invalid character.
src/services/firebaseService.ts(1,2228): error TS1127: Invalid character.
src/services/firebaseService.ts(1,2229): error TS1127: Invalid character.
src/services/firebaseService.ts(1,2230): error TS1127: Invalid character.
src/services/firebaseService.ts(1,2231): error TS1127: Invalid character.
src/services/firebaseService.ts(1,2232): error TS1127: Invalid character.
src/services/firebaseService.ts(1,2233): error TS1127: Invalid character.
src/services/firebaseService.ts(1,2234): error TS1127: Invalid character.
src/services/firebaseService.ts(1,2235): error TS1127: Invalid character.
src/services/firebaseService.ts(1,2236): error TS1127: Invalid character.
src/services/firebaseService.ts(1,2237): error TS1127: Invalid character.
src/services/firebaseService.ts(1,2238): error TS1127: Invalid character.
src/services/firebaseService.ts(1,2239): error TS1127: Invalid character.
src/services/firebaseService.ts(1,2240): error TS1127: Invalid character.
src/services/firebaseService.ts(1,2241): error TS1127: Invalid character.
src/services/firebaseService.ts(1,2242): error TS1127: Invalid character.
src/services/firebaseService.ts(1,2243): error TS1127: Invalid character.
src/services/firebaseService.ts(1,2244): error TS1127: Invalid character.
src/services/firebaseService.ts(1,2245): error TS1127: Invalid character.
src/services/firebaseService.ts(1,2246): error TS1127: Invalid character.
src/services/firebaseService.ts(1,2247): error TS1127: Invalid character.
src/services/firebaseService.ts(1,2248): error TS1127: Invalid character.
src/services/firebaseService.ts(1,2249): error TS1127: Invalid character.
src/services/firebaseService.ts(1,2250): error TS1127: Invalid character.
src/services/firebaseService.ts(1,2251): error TS1127: Invalid character.
src/services/firebaseService.ts(1,2252): error TS1127: Invalid character.
src/services/firebaseService.ts(1,2253): error TS1127: Invalid character.
src/services/firebaseService.ts(1,2254): error TS1127: Invalid character.
src/services/firebaseService.ts(1,2255): error TS1127: Invalid character.
src/services/firebaseService.ts(1,2256): error TS1127: Invalid character.
src/services/firebaseService.ts(1,2257): error TS1127: Invalid character.
src/services/firebaseService.ts(1,2258): error TS1127: Invalid character.
src/services/firebaseService.ts(1,2259): error TS1127: Invalid character.
src/services/firebaseService.ts(1,2260): error TS1127: Invalid character.
src/services/firebaseService.ts(1,2261): error TS1127: Invalid character.
src/services/firebaseService.ts(1,2262): error TS1127: Invalid character.
src/services/firebaseService.ts(1,2263): error TS1127: Invalid character.
src/services/firebaseService.ts(1,2264): error TS1127: Invalid character.
src/services/firebaseService.ts(1,2265): error TS1127: Invalid character.
src/services/firebaseService.ts(1,2266): error TS1127: Invalid character.
src/services/firebaseService.ts(1,2267): error TS1127: Invalid character.
src/services/firebaseService.ts(1,2268): error TS1127: Invalid character.
src/services/firebaseService.ts(1,2269): error TS1127: Invalid character.
src/services/firebaseService.ts(1,2270): error TS1127: Invalid character.
src/services/firebaseService.ts(1,2271): error TS1127: Invalid character.
src/services/firebaseService.ts(1,2272): error TS1127: Invalid character.
src/services/firebaseService.ts(1,2273): error TS1127: Invalid character.
src/services/firebaseService.ts(1,2274): error TS1127: Invalid character.
src/services/firebaseService.ts(1,2275): error TS1127: Invalid character.
src/services/firebaseService.ts(1,2276): error TS1127: Invalid character.
src/services/firebaseService.ts(1,2277): error TS1127: Invalid character.
src/services/firebaseService.ts(1,2278): error TS1127: Invalid character.
src/services/firebaseService.ts(1,2279): error TS1127: Invalid character.
src/services/firebaseService.ts(1,2280): error TS1127: Invalid character.
src/services/firebaseService.ts(1,2281): error TS1127: Invalid character.
src/services/firebaseService.ts(1,2282): error TS1127: Invalid character.
src/services/firebaseService.ts(1,2283): error TS1127: Invalid character.
src/services/firebaseService.ts(1,2284): error TS1127: Invalid character.
src/services/firebaseService.ts(1,2285): error TS1127: Invalid character.
src/services/firebaseService.ts(1,2286): error TS1127: Invalid character.
src/services/firebaseService.ts(1,2287): error TS1127: Invalid character.
src/services/firebaseService.ts(1,2288): error TS1127: Invalid character.
src/services/firebaseService.ts(1,2289): error TS1127: Invalid character.
src/services/firebaseService.ts(1,2290): error TS1127: Invalid character.
src/services/firebaseService.ts(1,2291): error TS1127: Invalid character.
src/services/firebaseService.ts(1,2292): error TS1127: Invalid character.
src/services/firebaseService.ts(1,2293): error TS1127: Invalid character.
src/services/firebaseService.ts(1,2294): error TS1127: Invalid character.
src/services/firebaseService.ts(1,2295): error TS1127: Invalid character.
src/services/firebaseService.ts(1,2296): error TS1127: Invalid character.
src/services/firebaseService.ts(1,2297): error TS1127: Invalid character.
src/services/firebaseService.ts(1,2298): error TS1127: Invalid character.
src/services/firebaseService.ts(1,2299): error TS1127: Invalid character.
src/services/firebaseService.ts(1,2300): error TS1127: Invalid character.
src/services/firebaseService.ts(1,2301): error TS1127: Invalid character.
src/services/firebaseService.ts(1,2302): error TS1127: Invalid character.
src/services/firebaseService.ts(1,2303): error TS1127: Invalid character.
src/services/firebaseService.ts(1,2304): error TS1127: Invalid character.
src/services/firebaseService.ts(1,2305): error TS1127: Invalid character.
src/services/firebaseService.ts(1,2306): error TS1127: Invalid character.
src/services/firebaseService.ts(1,2307): error TS1127: Invalid character.
src/services/firebaseService.ts(1,2308): error TS1127: Invalid character.
src/services/firebaseService.ts(1,2309): error TS1127: Invalid character.
src/services/firebaseService.ts(1,2310): error TS1127: Invalid character.
src/services/firebaseService.ts(1,2311): error TS1127: Invalid character.
src/services/firebaseService.ts(1,2312): error TS1127: Invalid character.
src/services/firebaseService.ts(1,2313): error TS1127: Invalid character.
src/services/firebaseService.ts(1,2314): error TS1127: Invalid character.
src/services/firebaseService.ts(1,2315): error TS1127: Invalid character.
src/services/firebaseService.ts(1,2316): error TS1127: Invalid character.
src/services/firebaseService.ts(1,2317): error TS1127: Invalid character.
src/services/firebaseService.ts(1,2318): error TS1127: Invalid character.
src/services/firebaseService.ts(1,2319): error TS1127: Invalid character.
src/services/firebaseService.ts(1,2320): error TS1127: Invalid character.
src/services/firebaseService.ts(1,2321): error TS1127: Invalid character.
src/services/firebaseService.ts(1,2322): error TS1127: Invalid character.
src/services/firebaseService.ts(1,2323): error TS1127: Invalid character.
src/services/firebaseService.ts(1,2324): error TS1127: Invalid character.
src/services/firebaseService.ts(1,2325): error TS1127: Invalid character.
src/services/firebaseService.ts(1,2326): error TS1127: Invalid character.
src/services/firebaseService.ts(1,2327): error TS1127: Invalid character.
src/services/firebaseService.ts(1,2328): error TS1127: Invalid character.
src/services/firebaseService.ts(1,2329): error TS1127: Invalid character.
src/services/firebaseService.ts(1,2330): error TS1127: Invalid character.
src/services/firebaseService.ts(1,2331): error TS1127: Invalid character.
src/services/firebaseService.ts(1,2332): error TS1127: Invalid character.
src/services/firebaseService.ts(1,2333): error TS1127: Invalid character.
src/services/firebaseService.ts(1,2334): error TS1127: Invalid character.
src/services/firebaseService.ts(1,2335): error TS1127: Invalid character.
src/services/firebaseService.ts(1,2336): error TS1127: Invalid character.
src/services/firebaseService.ts(1,2337): error TS1127: Invalid character.
src/services/firebaseService.ts(1,2338): error TS1127: Invalid character.
src/services/firebaseService.ts(1,2339): error TS1127: Invalid character.
src/services/firebaseService.ts(1,2340): error TS1127: Invalid character.
src/services/firebaseService.ts(1,2341): error TS1127: Invalid character.
src/services/firebaseService.ts(1,2342): error TS1127: Invalid character.
src/services/firebaseService.ts(1,2343): error TS1127: Invalid character.
src/services/firebaseService.ts(1,2344): error TS1127: Invalid character.
src/services/firebaseService.ts(1,2345): error TS1127: Invalid character.
src/services/firebaseService.ts(1,2346): error TS1127: Invalid character.
src/services/firebaseService.ts(1,2347): error TS1127: Invalid character.
src/services/firebaseService.ts(1,2348): error TS1127: Invalid character.
src/services/firebaseService.ts(1,2349): error TS1127: Invalid character.
src/services/firebaseService.ts(1,2350): error TS1127: Invalid character.
src/services/firebaseService.ts(1,2351): error TS1127: Invalid character.
src/services/firebaseService.ts(1,2352): error TS1127: Invalid character.
src/services/firebaseService.ts(1,2353): error TS1127: Invalid character.
src/services/firebaseService.ts(1,2354): error TS1127: Invalid character.
src/services/firebaseService.ts(1,2355): error TS1127: Invalid character.
src/services/firebaseService.ts(1,2356): error TS1127: Invalid character.
src/services/firebaseService.ts(1,2357): error TS1127: Invalid character.
src/services/firebaseService.ts(1,2358): error TS1127: Invalid character.
src/services/firebaseService.ts(1,2359): error TS1127: Invalid character.
src/services/firebaseService.ts(1,2360): error TS1127: Invalid character.
src/services/firebaseService.ts(1,2361): error TS1127: Invalid character.
src/services/firebaseService.ts(1,2362): error TS1127: Invalid character.
src/services/firebaseService.ts(1,2363): error TS1127: Invalid character.
src/services/firebaseService.ts(1,2364): error TS1127: Invalid character.
src/services/firebaseService.ts(1,2365): error TS1127: Invalid character.
src/services/firebaseService.ts(1,2366): error TS1127: Invalid character.
src/services/firebaseService.ts(1,2367): error TS1127: Invalid character.
src/services/firebaseService.ts(1,2368): error TS1127: Invalid character.
src/services/firebaseService.ts(1,2369): error TS1127: Invalid character.
src/services/firebaseService.ts(1,2370): error TS1127: Invalid character.
src/services/firebaseService.ts(1,2371): error TS1127: Invalid character.
src/services/firebaseService.ts(1,2372): error TS1127: Invalid character.
src/services/firebaseService.ts(1,2373): error TS1127: Invalid character.
src/services/firebaseService.ts(1,2374): error TS1127: Invalid character.
src/services/firebaseService.ts(1,2375): error TS1127: Invalid character.
src/services/firebaseService.ts(1,2376): error TS1127: Invalid character.
src/services/firebaseService.ts(1,2377): error TS1127: Invalid character.
src/services/firebaseService.ts(1,2378): error TS1127: Invalid character.
src/services/firebaseService.ts(1,2379): error TS1127: Invalid character.
src/services/firebaseService.ts(1,2380): error TS1127: Invalid character.
src/services/firebaseService.ts(1,2381): error TS1127: Invalid character.
src/services/firebaseService.ts(1,2382): error TS1127: Invalid character.
src/services/firebaseService.ts(1,2383): error TS1127: Invalid character.
src/services/firebaseService.ts(1,2384): error TS1127: Invalid character.
src/services/firebaseService.ts(1,2385): error TS1127: Invalid character.
src/services/firebaseService.ts(1,2386): error TS1127: Invalid character.
src/services/firebaseService.ts(1,2387): error TS1127: Invalid character.
src/services/firebaseService.ts(1,2388): error TS1127: Invalid character.
src/services/firebaseService.ts(1,2389): error TS1127: Invalid character.
src/services/firebaseService.ts(1,2390): error TS1127: Invalid character.
src/services/firebaseService.ts(1,2391): error TS1127: Invalid character.
src/services/firebaseService.ts(1,2392): error TS1127: Invalid character.
src/services/firebaseService.ts(1,2393): error TS1127: Invalid character.
src/services/firebaseService.ts(1,2394): error TS1127: Invalid character.
src/services/firebaseService.ts(1,2395): error TS1127: Invalid character.
src/services/firebaseService.ts(1,2396): error TS1127: Invalid character.
src/services/firebaseService.ts(1,2397): error TS1127: Invalid character.
src/services/firebaseService.ts(1,2398): error TS1127: Invalid character.
src/services/firebaseService.ts(1,2399): error TS1127: Invalid character.
src/services/firebaseService.ts(1,2400): error TS1127: Invalid character.
src/services/firebaseService.ts(1,2401): error TS1127: Invalid character.
src/services/firebaseService.ts(1,2402): error TS1127: Invalid character.
src/services/firebaseService.ts(1,2403): error TS1127: Invalid character.
src/services/firebaseService.ts(1,2404): error TS1127: Invalid character.
src/services/firebaseService.ts(1,2405): error TS1127: Invalid character.
src/services/firebaseService.ts(1,2406): error TS1127: Invalid character.
src/services/firebaseService.ts(1,2407): error TS1127: Invalid character.
src/services/firebaseService.ts(1,2408): error TS1127: Invalid character.
src/services/firebaseService.ts(1,2409): error TS1127: Invalid character.
src/services/firebaseService.ts(1,2410): error TS1127: Invalid character.
src/services/firebaseService.ts(1,2411): error TS1127: Invalid character.
src/services/firebaseService.ts(1,2412): error TS1127: Invalid character.
src/services/firebaseService.ts(1,2413): error TS1127: Invalid character.
src/services/firebaseService.ts(1,2414): error TS1127: Invalid character.
src/services/firebaseService.ts(1,2415): error TS1127: Invalid character.
src/services/firebaseService.ts(1,2416): error TS1127: Invalid character.
src/services/firebaseService.ts(1,2417): error TS1127: Invalid character.
src/services/firebaseService.ts(1,2418): error TS1127: Invalid character.
src/services/firebaseService.ts(1,2419): error TS1127: Invalid character.
src/services/firebaseService.ts(1,2420): error TS1127: Invalid character.
src/services/firebaseService.ts(1,2421): error TS1127: Invalid character.
src/services/firebaseService.ts(1,2422): error TS1127: Invalid character.
src/services/firebaseService.ts(1,2423): error TS1127: Invalid character.
src/services/firebaseService.ts(1,2424): error TS1127: Invalid character.
src/services/firebaseService.ts(1,2425): error TS1127: Invalid character.
src/services/firebaseService.ts(1,2426): error TS1127: Invalid character.
src/services/firebaseService.ts(1,2427): error TS1127: Invalid character.
src/services/firebaseService.ts(1,2428): error TS1127: Invalid character.
src/services/firebaseService.ts(1,2429): error TS1127: Invalid character.
src/services/firebaseService.ts(1,2430): error TS1127: Invalid character.
src/services/firebaseService.ts(1,2431): error TS1127: Invalid character.
src/services/firebaseService.ts(1,2432): error TS1127: Invalid character.
src/services/firebaseService.ts(1,2433): error TS1127: Invalid character.
src/services/firebaseService.ts(1,2434): error TS1127: Invalid character.
src/services/firebaseService.ts(1,2435): error TS1127: Invalid character.
src/services/firebaseService.ts(1,2436): error TS1127: Invalid character.
src/services/firebaseService.ts(1,2437): error TS1127: Invalid character.
src/services/firebaseService.ts(1,2438): error TS1127: Invalid character.
src/services/firebaseService.ts(1,2439): error TS1127: Invalid character.
src/services/firebaseService.ts(1,2440): error TS1127: Invalid character.
src/services/firebaseService.ts(1,2441): error TS1127: Invalid character.
src/services/firebaseService.ts(1,2442): error TS1127: Invalid character.
src/services/firebaseService.ts(1,2443): error TS1127: Invalid character.
src/services/firebaseService.ts(1,2444): error TS1127: Invalid character.
src/services/firebaseService.ts(1,2445): error TS1127: Invalid character.
src/services/firebaseService.ts(1,2446): error TS1127: Invalid character.
src/services/firebaseService.ts(1,2447): error TS1127: Invalid character.
src/services/firebaseService.ts(1,2448): error TS1127: Invalid character.
src/services/firebaseService.ts(1,2449): error TS1127: Invalid character.
src/services/firebaseService.ts(1,2450): error TS1127: Invalid character.
src/services/firebaseService.ts(1,2451): error TS1127: Invalid character.
src/services/firebaseService.ts(1,2452): error TS1127: Invalid character.
src/services/firebaseService.ts(1,2453): error TS1127: Invalid character.
src/services/firebaseService.ts(1,2454): error TS1127: Invalid character.
src/services/firebaseService.ts(1,2455): error TS1127: Invalid character.
src/services/firebaseService.ts(1,2456): error TS1127: Invalid character.
src/services/firebaseService.ts(1,2457): error TS1127: Invalid character.
src/services/firebaseService.ts(1,2458): error TS1127: Invalid character.
src/services/firebaseService.ts(1,2459): error TS1127: Invalid character.
src/services/firebaseService.ts(1,2460): error TS1127: Invalid character.
src/services/firebaseService.ts(1,2461): error TS1127: Invalid character.
src/services/firebaseService.ts(1,2462): error TS1127: Invalid character.
src/services/firebaseService.ts(1,2463): error TS1127: Invalid character.
src/services/firebaseService.ts(1,2464): error TS1127: Invalid character.
src/services/firebaseService.ts(1,2465): error TS1127: Invalid character.
src/services/firebaseService.ts(1,2466): error TS1127: Invalid character.
src/services/firebaseService.ts(1,2467): error TS1127: Invalid character.
src/services/firebaseService.ts(1,2468): error TS1127: Invalid character.
src/services/firebaseService.ts(1,2469): error TS1127: Invalid character.
src/services/firebaseService.ts(1,2470): error TS1127: Invalid character.
src/services/firebaseService.ts(1,2471): error TS1127: Invalid character.
src/services/firebaseService.ts(1,2472): error TS1127: Invalid character.
src/services/firebaseService.ts(1,2473): error TS1127: Invalid character.
src/services/firebaseService.ts(1,2474): error TS1127: Invalid character.
src/services/firebaseService.ts(1,2475): error TS1127: Invalid character.
src/services/firebaseService.ts(1,2476): error TS1127: Invalid character.
src/services/firebaseService.ts(1,2477): error TS1127: Invalid character.
src/services/firebaseService.ts(1,2478): error TS1127: Invalid character.
src/services/firebaseService.ts(1,2479): error TS1127: Invalid character.
src/services/firebaseService.ts(1,2480): error TS1127: Invalid character.
src/services/firebaseService.ts(1,2481): error TS1127: Invalid character.
src/services/firebaseService.ts(1,2482): error TS1127: Invalid character.
src/services/firebaseService.ts(1,2483): error TS1127: Invalid character.
src/services/firebaseService.ts(1,2484): error TS1127: Invalid character.
src/services/firebaseService.ts(1,2485): error TS1127: Invalid character.
src/services/firebaseService.ts(1,2486): error TS1127: Invalid character.
src/services/firebaseService.ts(1,2487): error TS1127: Invalid character.
src/services/firebaseService.ts(1,2488): error TS1127: Invalid character.
src/services/firebaseService.ts(1,2489): error TS1127: Invalid character.
src/services/firebaseService.ts(1,2490): error TS1127: Invalid character.
src/services/firebaseService.ts(1,2491): error TS1127: Invalid character.
src/services/firebaseService.ts(1,2492): error TS1127: Invalid character.
src/services/firebaseService.ts(1,2493): error TS1127: Invalid character.
src/services/firebaseService.ts(1,2494): error TS1127: Invalid character.
src/services/firebaseService.ts(1,2495): error TS1127: Invalid character.
src/services/firebaseService.ts(1,2496): error TS1127: Invalid character.
src/services/firebaseService.ts(1,2497): error TS1127: Invalid character.
src/services/firebaseService.ts(1,2498): error TS1127: Invalid character.
src/services/firebaseService.ts(1,2499): error TS1127: Invalid character.
src/services/firebaseService.ts(1,2500): error TS1127: Invalid character.
src/services/firebaseService.ts(1,2501): error TS1127: Invalid character.
src/services/firebaseService.ts(1,2502): error TS1127: Invalid character.
src/services/firebaseService.ts(1,2503): error TS1127: Invalid character.
src/services/firebaseService.ts(1,2504): error TS1127: Invalid character.
src/services/firebaseService.ts(1,2505): error TS1127: Invalid character.
src/services/firebaseService.ts(1,2506): error TS1127: Invalid character.
src/services/firebaseService.ts(1,2507): error TS1127: Invalid character.
src/services/firebaseService.ts(1,2508): error TS1127: Invalid character.
src/services/firebaseService.ts(1,2509): error TS1127: Invalid character.
src/services/firebaseService.ts(1,2510): error TS1127: Invalid character.
src/services/firebaseService.ts(1,2511): error TS1127: Invalid character.
src/services/firebaseService.ts(1,2512): error TS1127: Invalid character.
src/services/firebaseService.ts(1,2513): error TS1127: Invalid character.
src/services/firebaseService.ts(1,2514): error TS1127: Invalid character.
src/services/firebaseService.ts(1,2515): error TS1127: Invalid character.
src/services/firebaseService.ts(1,2516): error TS1127: Invalid character.
src/services/firebaseService.ts(1,2517): error TS1127: Invalid character.
src/services/firebaseService.ts(1,2518): error TS1127: Invalid character.
src/services/firebaseService.ts(1,2519): error TS1127: Invalid character.
src/services/firebaseService.ts(1,2520): error TS1127: Invalid character.
src/services/firebaseService.ts(1,2521): error TS1127: Invalid character.
src/services/firebaseService.ts(1,2522): error TS1127: Invalid character.
src/services/firebaseService.ts(1,2523): error TS1127: Invalid character.
src/services/firebaseService.ts(1,2524): error TS1127: Invalid character.
src/services/firebaseService.ts(1,2525): error TS1127: Invalid character.
src/services/firebaseService.ts(1,2526): error TS1127: Invalid character.
src/services/firebaseService.ts(1,2527): error TS1127: Invalid character.
src/services/firebaseService.ts(1,2528): error TS1127: Invalid character.
src/services/firebaseService.ts(1,2529): error TS1127: Invalid character.
src/services/firebaseService.ts(1,2530): error TS1127: Invalid character.
src/services/firebaseService.ts(1,2531): error TS1127: Invalid character.
src/services/firebaseService.ts(1,2532): error TS1127: Invalid character.
src/services/firebaseService.ts(1,2533): error TS1127: Invalid character.
src/services/firebaseService.ts(1,2534): error TS1127: Invalid character.
src/services/firebaseService.ts(1,2535): error TS1127: Invalid character.
src/services/firebaseService.ts(1,2536): error TS1127: Invalid character.
src/services/firebaseService.ts(1,2537): error TS1127: Invalid character.
src/services/firebaseService.ts(1,2538): error TS1127: Invalid character.
src/services/firebaseService.ts(1,2539): error TS1127: Invalid character.
src/services/firebaseService.ts(1,2540): error TS1127: Invalid character.
src/services/firebaseService.ts(1,2541): error TS1127: Invalid character.
src/services/firebaseService.ts(1,2542): error TS1127: Invalid character.
src/services/firebaseService.ts(1,2543): error TS1127: Invalid character.
src/services/firebaseService.ts(1,2544): error TS1127: Invalid character.
src/services/firebaseService.ts(1,2545): error TS1127: Invalid character.
src/services/firebaseService.ts(1,2546): error TS1127: Invalid character.
src/services/firebaseService.ts(1,2547): error TS1127: Invalid character.
src/services/firebaseService.ts(1,2548): error TS1127: Invalid character.
src/services/firebaseService.ts(1,2549): error TS1127: Invalid character.
src/services/firebaseService.ts(1,2550): error TS1127: Invalid character.
src/services/firebaseService.ts(1,2551): error TS1127: Invalid character.
src/services/firebaseService.ts(1,2552): error TS1127: Invalid character.
src/services/firebaseService.ts(1,2553): error TS1127: Invalid character.
src/services/firebaseService.ts(1,2554): error TS1127: Invalid character.
src/services/firebaseService.ts(1,2555): error TS1127: Invalid character.
src/services/firebaseService.ts(1,2556): error TS1127: Invalid character.
src/services/firebaseService.ts(1,2557): error TS1127: Invalid character.
src/services/firebaseService.ts(1,2558): error TS1127: Invalid character.
src/services/firebaseService.ts(1,2559): error TS1127: Invalid character.
src/services/firebaseService.ts(1,2560): error TS1127: Invalid character.
src/services/firebaseService.ts(1,2561): error TS1127: Invalid character.
src/services/firebaseService.ts(1,2562): error TS1127: Invalid character.
src/services/firebaseService.ts(1,2563): error TS1127: Invalid character.
src/services/firebaseService.ts(1,2564): error TS1127: Invalid character.
src/services/firebaseService.ts(1,2565): error TS1127: Invalid character.
src/services/firebaseService.ts(1,2566): error TS1127: Invalid character.
src/services/firebaseService.ts(1,2567): error TS1127: Invalid character.
src/services/firebaseService.ts(1,2568): error TS1127: Invalid character.
src/services/firebaseService.ts(1,2569): error TS1127: Invalid character.
src/services/firebaseService.ts(1,2570): error TS1127: Invalid character.
src/services/firebaseService.ts(1,2571): error TS1127: Invalid character.
src/services/firebaseService.ts(1,2572): error TS1127: Invalid character.
src/services/firebaseService.ts(1,2573): error TS1127: Invalid character.
src/services/firebaseService.ts(1,2574): error TS1127: Invalid character.
src/services/firebaseService.ts(1,2575): error TS1127: Invalid character.
src/services/firebaseService.ts(1,2576): error TS1127: Invalid character.
src/services/firebaseService.ts(1,2577): error TS1127: Invalid character.
src/services/firebaseService.ts(1,2578): error TS1127: Invalid character.
src/services/firebaseService.ts(1,2579): error TS1127: Invalid character.
src/services/firebaseService.ts(1,2580): error TS1127: Invalid character.
src/services/firebaseService.ts(1,2581): error TS1127: Invalid character.
src/services/firebaseService.ts(1,2582): error TS1127: Invalid character.
src/services/firebaseService.ts(1,2583): error TS1127: Invalid character.
src/services/firebaseService.ts(1,2584): error TS1127: Invalid character.
src/services/firebaseService.ts(1,2585): error TS1127: Invalid character.
src/services/firebaseService.ts(1,2586): error TS1127: Invalid character.
src/services/firebaseService.ts(1,2587): error TS1127: Invalid character.
src/services/firebaseService.ts(1,2588): error TS1127: Invalid character.
src/services/firebaseService.ts(1,2589): error TS1127: Invalid character.
src/services/firebaseService.ts(1,2590): error TS1127: Invalid character.
src/services/firebaseService.ts(1,2591): error TS1127: Invalid character.
src/services/firebaseService.ts(1,2592): error TS1127: Invalid character.
src/services/firebaseService.ts(1,2593): error TS1127: Invalid character.
src/services/firebaseService.ts(1,2594): error TS1127: Invalid character.
src/services/firebaseService.ts(1,2595): error TS1127: Invalid character.
src/services/firebaseService.ts(1,2596): error TS1127: Invalid character.
src/services/firebaseService.ts(1,2597): error TS1127: Invalid character.
src/services/firebaseService.ts(1,2598): error TS1127: Invalid character.
src/services/firebaseService.ts(1,2599): error TS1127: Invalid character.
src/services/firebaseService.ts(1,2600): error TS1127: Invalid character.
src/services/firebaseService.ts(1,2601): error TS1127: Invalid character.
src/services/firebaseService.ts(1,2602): error TS1127: Invalid character.
src/services/firebaseService.ts(1,2603): error TS1127: Invalid character.
src/services/firebaseService.ts(1,2604): error TS1127: Invalid character.
src/services/firebaseService.ts(1,2605): error TS1127: Invalid character.
src/services/firebaseService.ts(1,2606): error TS1127: Invalid character.
src/services/firebaseService.ts(1,2607): error TS1127: Invalid character.
src/services/firebaseService.ts(1,2608): error TS1127: Invalid character.
src/services/firebaseService.ts(1,2609): error TS1127: Invalid character.
src/services/firebaseService.ts(1,2610): error TS1127: Invalid character.
src/services/firebaseService.ts(1,2611): error TS1127: Invalid character.
src/services/firebaseService.ts(1,2612): error TS1127: Invalid character.
src/services/firebaseService.ts(1,2613): error TS1127: Invalid character.
src/services/firebaseService.ts(1,2614): error TS1127: Invalid character.
src/services/firebaseService.ts(1,2615): error TS1127: Invalid character.
src/services/firebaseService.ts(1,2616): error TS1127: Invalid character.
src/services/firebaseService.ts(1,2617): error TS1127: Invalid character.
src/services/firebaseService.ts(1,2618): error TS1127: Invalid character.
src/services/firebaseService.ts(1,2619): error TS1127: Invalid character.
src/services/firebaseService.ts(1,2620): error TS1127: Invalid character.
src/services/firebaseService.ts(1,2621): error TS1127: Invalid character.
src/services/firebaseService.ts(1,2622): error TS1127: Invalid character.
src/services/firebaseService.ts(1,2623): error TS1127: Invalid character.
src/services/firebaseService.ts(1,2624): error TS1127: Invalid character.
src/services/firebaseService.ts(1,2625): error TS1127: Invalid character.
src/services/firebaseService.ts(1,2626): error TS1127: Invalid character.
src/services/firebaseService.ts(1,2627): error TS1127: Invalid character.
src/services/firebaseService.ts(1,2628): error TS1127: Invalid character.
src/services/firebaseService.ts(1,2629): error TS1127: Invalid character.
src/services/firebaseService.ts(1,2630): error TS1127: Invalid character.
src/services/firebaseService.ts(1,2631): error TS1127: Invalid character.
src/services/firebaseService.ts(1,2632): error TS1127: Invalid character.
src/services/firebaseService.ts(1,2633): error TS1127: Invalid character.
src/services/firebaseService.ts(1,2634): error TS1127: Invalid character.
src/services/firebaseService.ts(1,2635): error TS1127: Invalid character.
src/services/firebaseService.ts(1,2636): error TS1127: Invalid character.
src/services/firebaseService.ts(1,2637): error TS1127: Invalid character.
src/services/firebaseService.ts(1,2638): error TS1127: Invalid character.
src/services/firebaseService.ts(1,2639): error TS1127: Invalid character.
src/services/firebaseService.ts(1,2640): error TS1127: Invalid character.
src/services/firebaseService.ts(1,2641): error TS1127: Invalid character.
src/services/firebaseService.ts(1,2642): error TS1127: Invalid character.
src/services/firebaseService.ts(1,2643): error TS1127: Invalid character.
src/services/firebaseService.ts(1,2644): error TS1127: Invalid character.
src/services/firebaseService.ts(1,2645): error TS1127: Invalid character.
src/services/firebaseService.ts(1,2646): error TS1127: Invalid character.
src/services/firebaseService.ts(1,2647): error TS1127: Invalid character.
src/services/firebaseService.ts(1,2648): error TS1127: Invalid character.
src/services/firebaseService.ts(1,2649): error TS1127: Invalid character.
src/services/firebaseService.ts(1,2650): error TS1127: Invalid character.
src/services/firebaseService.ts(1,2651): error TS1127: Invalid character.
src/services/firebaseService.ts(1,2652): error TS1127: Invalid character.
src/services/firebaseService.ts(1,2653): error TS1127: Invalid character.
src/services/firebaseService.ts(1,2654): error TS1127: Invalid character.
src/services/firebaseService.ts(1,2655): error TS1127: Invalid character.
src/services/firebaseService.ts(1,2656): error TS1127: Invalid character.
src/services/firebaseService.ts(1,2657): error TS1127: Invalid character.
src/services/firebaseService.ts(1,2658): error TS1127: Invalid character.
src/services/firebaseService.ts(1,2659): error TS1127: Invalid character.
src/services/firebaseService.ts(1,2660): error TS1127: Invalid character.
src/services/firebaseService.ts(1,2661): error TS1127: Invalid character.
src/services/firebaseService.ts(1,2662): error TS1127: Invalid character.
src/services/firebaseService.ts(1,2663): error TS1127: Invalid character.
src/services/firebaseService.ts(1,2664): error TS1127: Invalid character.
src/services/firebaseService.ts(1,2665): error TS1127: Invalid character.
src/services/firebaseService.ts(1,2666): error TS1127: Invalid character.
src/services/firebaseService.ts(1,2667): error TS1127: Invalid character.
src/services/firebaseService.ts(1,2668): error TS1127: Invalid character.
src/services/firebaseService.ts(1,2669): error TS1127: Invalid character.
src/services/firebaseService.ts(1,2670): error TS1127: Invalid character.
src/services/firebaseService.ts(1,2671): error TS1127: Invalid character.
src/services/firebaseService.ts(1,2672): error TS1127: Invalid character.
src/services/firebaseService.ts(1,2673): error TS1127: Invalid character.
src/services/firebaseService.ts(1,2674): error TS1127: Invalid character.
src/services/firebaseService.ts(1,2675): error TS1127: Invalid character.
src/services/firebaseService.ts(1,2676): error TS1127: Invalid character.
src/services/firebaseService.ts(1,2677): error TS1127: Invalid character.
src/services/firebaseService.ts(1,2678): error TS1127: Invalid character.
src/services/firebaseService.ts(1,2679): error TS1127: Invalid character.
src/services/firebaseService.ts(1,2680): error TS1127: Invalid character.
src/services/firebaseService.ts(1,2681): error TS1127: Invalid character.
src/services/firebaseService.ts(1,2682): error TS1127: Invalid character.
src/services/firebaseService.ts(1,2683): error TS1127: Invalid character.
src/services/firebaseService.ts(1,2684): error TS1127: Invalid character.
src/services/firebaseService.ts(1,2685): error TS1127: Invalid character.
src/services/firebaseService.ts(1,2686): error TS1127: Invalid character.
src/services/firebaseService.ts(1,2687): error TS1127: Invalid character.
src/services/firebaseService.ts(1,2688): error TS1127: Invalid character.
src/services/firebaseService.ts(1,2689): error TS1127: Invalid character.
src/services/firebaseService.ts(1,2690): error TS1127: Invalid character.
src/services/firebaseService.ts(1,2691): error TS1127: Invalid character.
src/services/firebaseService.ts(1,2692): error TS1127: Invalid character.
src/services/firebaseService.ts(1,2693): error TS1127: Invalid character.
src/services/firebaseService.ts(1,2694): error TS1127: Invalid character.
src/services/firebaseService.ts(1,2695): error TS1127: Invalid character.
src/services/firebaseService.ts(1,2696): error TS1127: Invalid character.
src/services/firebaseService.ts(1,2697): error TS1127: Invalid character.
src/services/firebaseService.ts(1,2698): error TS1127: Invalid character.
src/services/firebaseService.ts(1,2699): error TS1127: Invalid character.
src/services/firebaseService.ts(1,2700): error TS1127: Invalid character.
src/services/firebaseService.ts(1,2701): error TS1127: Invalid character.
src/services/firebaseService.ts(1,2702): error TS1127: Invalid character.
src/services/firebaseService.ts(1,2703): error TS1127: Invalid character.
src/services/firebaseService.ts(1,2704): error TS1127: Invalid character.
src/services/firebaseService.ts(1,2705): error TS1127: Invalid character.
src/services/firebaseService.ts(1,2706): error TS1127: Invalid character.
src/services/firebaseService.ts(1,2707): error TS1127: Invalid character.
src/services/firebaseService.ts(1,2708): error TS1127: Invalid character.
src/services/firebaseService.ts(1,2709): error TS1127: Invalid character.
src/services/firebaseService.ts(1,2710): error TS1127: Invalid character.
src/services/firebaseService.ts(1,2711): error TS1127: Invalid character.
src/services/firebaseService.ts(1,2712): error TS1127: Invalid character.
src/services/firebaseService.ts(1,2713): error TS1127: Invalid character.
src/services/firebaseService.ts(1,2714): error TS1127: Invalid character.
src/services/firebaseService.ts(1,2715): error TS1127: Invalid character.
src/services/firebaseService.ts(1,2716): error TS1127: Invalid character.
src/services/firebaseService.ts(1,2717): error TS1127: Invalid character.
src/services/firebaseService.ts(1,2718): error TS1127: Invalid character.
src/services/firebaseService.ts(1,2719): error TS1127: Invalid character.
src/services/firebaseService.ts(1,2720): error TS1127: Invalid character.
src/services/firebaseService.ts(1,2721): error TS1127: Invalid character.
src/services/firebaseService.ts(1,2722): error TS1127: Invalid character.
src/services/firebaseService.ts(1,2723): error TS1127: Invalid character.
src/services/firebaseService.ts(1,2724): error TS1127: Invalid character.
src/services/firebaseService.ts(1,2725): error TS1127: Invalid character.
src/services/firebaseService.ts(1,2726): error TS1127: Invalid character.
src/services/firebaseService.ts(1,2727): error TS1127: Invalid character.
src/services/firebaseService.ts(1,2728): error TS1127: Invalid character.
src/services/firebaseService.ts(1,2729): error TS1127: Invalid character.
src/services/firebaseService.ts(1,2730): error TS1127: Invalid character.
src/services/firebaseService.ts(1,2731): error TS1127: Invalid character.
src/services/firebaseService.ts(1,2732): error TS1127: Invalid character.
src/services/firebaseService.ts(1,2733): error TS1127: Invalid character.
src/services/firebaseService.ts(1,2734): error TS1127: Invalid character.
src/services/firebaseService.ts(1,2735): error TS1127: Invalid character.
src/services/firebaseService.ts(1,2736): error TS1127: Invalid character.
src/services/firebaseService.ts(1,2737): error TS1127: Invalid character.
src/services/firebaseService.ts(1,2738): error TS1127: Invalid character.
src/services/firebaseService.ts(1,2739): error TS1127: Invalid character.
src/services/firebaseService.ts(1,2740): error TS1127: Invalid character.
src/services/firebaseService.ts(1,2741): error TS1127: Invalid character.
src/services/firebaseService.ts(1,2742): error TS1127: Invalid character.
src/services/firebaseService.ts(1,2743): error TS1127: Invalid character.
src/services/firebaseService.ts(1,2744): error TS1127: Invalid character.
src/services/firebaseService.ts(1,2745): error TS1127: Invalid character.
src/services/firebaseService.ts(1,2746): error TS1127: Invalid character.
src/services/firebaseService.ts(1,2747): error TS1127: Invalid character.
src/services/firebaseService.ts(1,2748): error TS1127: Invalid character.
src/services/firebaseService.ts(1,2749): error TS1127: Invalid character.
src/services/firebaseService.ts(1,2750): error TS1127: Invalid character.
src/services/firebaseService.ts(1,2751): error TS1127: Invalid character.
src/services/firebaseService.ts(1,2752): error TS1127: Invalid character.
src/services/firebaseService.ts(1,2753): error TS1127: Invalid character.
src/services/firebaseService.ts(1,2754): error TS1127: Invalid character.
src/services/firebaseService.ts(1,2755): error TS1127: Invalid character.
src/services/firebaseService.ts(1,2756): error TS1127: Invalid character.
src/services/firebaseService.ts(1,2757): error TS1127: Invalid character.
src/services/firebaseService.ts(1,2758): error TS1127: Invalid character.
src/services/firebaseService.ts(1,2759): error TS1127: Invalid character.
src/services/firebaseService.ts(1,2760): error TS1127: Invalid character.
src/services/firebaseService.ts(1,2761): error TS1127: Invalid character.
src/services/firebaseService.ts(1,2762): error TS1127: Invalid character.
src/services/firebaseService.ts(1,2763): error TS1127: Invalid character.
src/services/firebaseService.ts(1,2764): error TS1127: Invalid character.
src/services/firebaseService.ts(1,2765): error TS1127: Invalid character.
src/services/firebaseService.ts(1,2766): error TS1127: Invalid character.
src/services/firebaseService.ts(1,2767): error TS1127: Invalid character.
src/services/firebaseService.ts(1,2768): error TS1127: Invalid character.
src/services/firebaseService.ts(1,2769): error TS1127: Invalid character.
src/services/firebaseService.ts(1,2770): error TS1127: Invalid character.
src/services/firebaseService.ts(1,2771): error TS1127: Invalid character.
src/services/firebaseService.ts(1,2772): error TS1127: Invalid character.
src/services/firebaseService.ts(1,2773): error TS1127: Invalid character.
src/services/firebaseService.ts(1,2774): error TS1127: Invalid character.
src/services/firebaseService.ts(1,2775): error TS1127: Invalid character.
src/services/firebaseService.ts(1,2776): error TS1127: Invalid character.
src/services/firebaseService.ts(1,2777): error TS1127: Invalid character.
src/services/firebaseService.ts(1,2778): error TS1127: Invalid character.
src/services/firebaseService.ts(1,2779): error TS1127: Invalid character.
src/services/firebaseService.ts(1,2780): error TS1127: Invalid character.
src/services/firebaseService.ts(1,2781): error TS1127: Invalid character.
src/services/firebaseService.ts(1,2782): error TS1127: Invalid character.
src/services/firebaseService.ts(1,2783): error TS1127: Invalid character.
src/services/firebaseService.ts(1,2784): error TS1127: Invalid character.
src/services/firebaseService.ts(1,2785): error TS1127: Invalid character.
src/services/firebaseService.ts(1,2786): error TS1127: Invalid character.
src/services/firebaseService.ts(1,2787): error TS1127: Invalid character.
src/services/firebaseService.ts(1,2788): error TS1127: Invalid character.
src/services/firebaseService.ts(1,2789): error TS1127: Invalid character.
src/services/firebaseService.ts(1,2790): error TS1127: Invalid character.
src/services/firebaseService.ts(1,2791): error TS1127: Invalid character.
src/services/firebaseService.ts(1,2792): error TS1127: Invalid character.
src/services/firebaseService.ts(1,2793): error TS1127: Invalid character.
src/services/firebaseService.ts(1,2794): error TS1127: Invalid character.
src/services/firebaseService.ts(1,2795): error TS1127: Invalid character.
src/services/firebaseService.ts(1,2796): error TS1127: Invalid character.
src/services/firebaseService.ts(1,2797): error TS1127: Invalid character.
src/services/firebaseService.ts(1,2798): error TS1127: Invalid character.
src/services/firebaseService.ts(1,2799): error TS1127: Invalid character.
src/services/firebaseService.ts(1,2800): error TS1127: Invalid character.
src/services/firebaseService.ts(1,2801): error TS1127: Invalid character.
src/services/firebaseService.ts(1,2802): error TS1127: Invalid character.
src/services/firebaseService.ts(1,2803): error TS1127: Invalid character.
src/services/firebaseService.ts(1,2804): error TS1127: Invalid character.
src/services/firebaseService.ts(1,2805): error TS1127: Invalid character.
src/services/firebaseService.ts(1,2806): error TS1127: Invalid character.
src/services/firebaseService.ts(1,2807): error TS1127: Invalid character.
src/services/firebaseService.ts(1,2808): error TS1127: Invalid character.
src/services/firebaseService.ts(1,2809): error TS1127: Invalid character.
src/services/firebaseService.ts(1,2810): error TS1127: Invalid character.
src/services/firebaseService.ts(1,2811): error TS1127: Invalid character.
src/services/firebaseService.ts(1,2812): error TS1127: Invalid character.
src/services/firebaseService.ts(1,2813): error TS1127: Invalid character.
src/services/firebaseService.ts(1,2814): error TS1127: Invalid character.
src/services/firebaseService.ts(1,2815): error TS1127: Invalid character.
src/services/firebaseService.ts(1,2816): error TS1127: Invalid character.
src/services/firebaseService.ts(1,2817): error TS1127: Invalid character.
src/services/firebaseService.ts(1,2818): error TS1127: Invalid character.
src/services/firebaseService.ts(1,2819): error TS1127: Invalid character.
src/services/firebaseService.ts(1,2820): error TS1127: Invalid character.
src/services/firebaseService.ts(1,2821): error TS1127: Invalid character.
src/services/firebaseService.ts(1,2822): error TS1127: Invalid character.
src/services/firebaseService.ts(1,2823): error TS1127: Invalid character.
src/services/firebaseService.ts(1,2824): error TS1127: Invalid character.
src/services/firebaseService.ts(1,2825): error TS1127: Invalid character.
src/services/firebaseService.ts(1,2826): error TS1127: Invalid character.
src/services/firebaseService.ts(1,2827): error TS1127: Invalid character.
src/services/firebaseService.ts(1,2828): error TS1127: Invalid character.
src/services/firebaseService.ts(1,2829): error TS1127: Invalid character.
src/services/firebaseService.ts(1,2830): error TS1127: Invalid character.
src/services/firebaseService.ts(1,2831): error TS1127: Invalid character.
src/services/firebaseService.ts(1,2832): error TS1127: Invalid character.
src/services/firebaseService.ts(1,2833): error TS1127: Invalid character.
src/services/firebaseService.ts(1,2834): error TS1127: Invalid character.
src/services/firebaseService.ts(1,2835): error TS1127: Invalid character.
src/services/firebaseService.ts(1,2836): error TS1127: Invalid character.
src/services/firebaseService.ts(1,2837): error TS1127: Invalid character.
src/services/firebaseService.ts(1,2838): error TS1127: Invalid character.
src/services/firebaseService.ts(1,2839): error TS1127: Invalid character.
src/services/firebaseService.ts(1,2840): error TS1127: Invalid character.
src/services/firebaseService.ts(1,2841): error TS1127: Invalid character.
src/services/firebaseService.ts(1,2842): error TS1127: Invalid character.
src/services/firebaseService.ts(1,2843): error TS1127: Invalid character.
src/services/firebaseService.ts(1,2844): error TS1127: Invalid character.
src/services/firebaseService.ts(1,2845): error TS1127: Invalid character.
src/services/firebaseService.ts(1,2846): error TS1127: Invalid character.
src/services/firebaseService.ts(1,2847): error TS1127: Invalid character.
src/services/firebaseService.ts(1,2848): error TS1127: Invalid character.
src/services/firebaseService.ts(1,2849): error TS1127: Invalid character.
src/services/firebaseService.ts(1,2850): error TS1127: Invalid character.
src/services/firebaseService.ts(1,2851): error TS1127: Invalid character.
src/services/firebaseService.ts(1,2852): error TS1127: Invalid character.
src/services/firebaseService.ts(1,2853): error TS1127: Invalid character.
src/services/firebaseService.ts(1,2854): error TS1127: Invalid character.
src/services/firebaseService.ts(1,2855): error TS1127: Invalid character.
src/services/firebaseService.ts(1,2856): error TS1127: Invalid character.
src/services/firebaseService.ts(1,2857): error TS1127: Invalid character.
src/services/firebaseService.ts(1,2858): error TS1127: Invalid character.
src/services/firebaseService.ts(1,2859): error TS1127: Invalid character.
src/services/firebaseService.ts(1,2860): error TS1127: Invalid character.
src/services/firebaseService.ts(1,2861): error TS1127: Invalid character.
src/services/firebaseService.ts(1,2862): error TS1127: Invalid character.
src/services/firebaseService.ts(1,2863): error TS1127: Invalid character.
src/services/firebaseService.ts(1,2864): error TS1127: Invalid character.
src/services/firebaseService.ts(1,2865): error TS1127: Invalid character.
src/services/firebaseService.ts(1,2866): error TS1127: Invalid character.
src/services/firebaseService.ts(1,2867): error TS1127: Invalid character.
src/services/firebaseService.ts(1,2868): error TS1127: Invalid character.
src/services/firebaseService.ts(1,2869): error TS1127: Invalid character.
src/services/firebaseService.ts(1,2870): error TS1127: Invalid character.
src/services/firebaseService.ts(1,2871): error TS1127: Invalid character.
src/services/firebaseService.ts(1,2872): error TS1127: Invalid character.
src/services/firebaseService.ts(1,2873): error TS1127: Invalid character.
src/services/firebaseService.ts(1,2874): error TS1127: Invalid character.
src/services/firebaseService.ts(1,2875): error TS1127: Invalid character.
src/services/firebaseService.ts(1,2876): error TS1127: Invalid character.
src/services/firebaseService.ts(1,2877): error TS1127: Invalid character.
src/services/firebaseService.ts(1,2878): error TS1127: Invalid character.
src/services/firebaseService.ts(1,2879): error TS1127: Invalid character.
src/services/firebaseService.ts(1,2880): error TS1127: Invalid character.
src/services/firebaseService.ts(1,2881): error TS1127: Invalid character.
src/services/firebaseService.ts(1,2882): error TS1127: Invalid character.
src/services/firebaseService.ts(1,2883): error TS1127: Invalid character.
src/services/firebaseService.ts(1,2884): error TS1127: Invalid character.
src/services/firebaseService.ts(1,2885): error TS1127: Invalid character.
src/services/firebaseService.ts(1,2886): error TS1127: Invalid character.
src/services/firebaseService.ts(1,2887): error TS1127: Invalid character.
src/services/firebaseService.ts(1,2888): error TS1127: Invalid character.
src/services/firebaseService.ts(1,2889): error TS1127: Invalid character.
src/services/firebaseService.ts(1,2890): error TS1127: Invalid character.
src/services/firebaseService.ts(1,2891): error TS1127: Invalid character.
src/services/firebaseService.ts(1,2892): error TS1127: Invalid character.
src/services/firebaseService.ts(1,2893): error TS1127: Invalid character.
src/services/firebaseService.ts(1,2894): error TS1127: Invalid character.
src/services/firebaseService.ts(1,2895): error TS1127: Invalid character.
src/services/firebaseService.ts(1,2896): error TS1127: Invalid character.
src/services/firebaseService.ts(1,2897): error TS1127: Invalid character.
src/services/firebaseService.ts(1,2898): error TS1127: Invalid character.
src/services/firebaseService.ts(1,2899): error TS1127: Invalid character.
src/services/firebaseService.ts(1,2900): error TS1127: Invalid character.
src/services/firebaseService.ts(1,2901): error TS1127: Invalid character.
src/services/firebaseService.ts(1,2902): error TS1127: Invalid character.
src/services/firebaseService.ts(1,2903): error TS1127: Invalid character.
src/services/firebaseService.ts(1,2904): error TS1127: Invalid character.
src/services/firebaseService.ts(1,2905): error TS1127: Invalid character.
src/services/firebaseService.ts(1,2906): error TS1127: Invalid character.
src/services/firebaseService.ts(1,2907): error TS1127: Invalid character.
src/services/firebaseService.ts(1,2908): error TS1127: Invalid character.
src/services/firebaseService.ts(1,2909): error TS1127: Invalid character.
src/services/firebaseService.ts(1,2910): error TS1127: Invalid character.
src/services/firebaseService.ts(1,2911): error TS1127: Invalid character.
src/services/firebaseService.ts(1,2912): error TS1127: Invalid character.
src/services/firebaseService.ts(1,2913): error TS1127: Invalid character.
src/services/firebaseService.ts(1,2914): error TS1127: Invalid character.
src/services/firebaseService.ts(1,2915): error TS1127: Invalid character.
src/services/firebaseService.ts(1,2916): error TS1127: Invalid character.
src/services/firebaseService.ts(1,2917): error TS1127: Invalid character.
src/services/firebaseService.ts(1,2918): error TS1127: Invalid character.
src/services/firebaseService.ts(1,2919): error TS1127: Invalid character.
src/services/firebaseService.ts(1,2920): error TS1127: Invalid character.
src/services/firebaseService.ts(1,2921): error TS1127: Invalid character.
src/services/firebaseService.ts(1,2922): error TS1127: Invalid character.
src/services/firebaseService.ts(1,2923): error TS1127: Invalid character.
src/services/firebaseService.ts(1,2924): error TS1127: Invalid character.
src/services/firebaseService.ts(1,2925): error TS1127: Invalid character.
src/services/firebaseService.ts(1,2926): error TS1127: Invalid character.
src/services/firebaseService.ts(1,2927): error TS1127: Invalid character.
src/services/firebaseService.ts(1,2928): error TS1127: Invalid character.
src/services/firebaseService.ts(1,2929): error TS1127: Invalid character.
src/services/firebaseService.ts(1,2930): error TS1127: Invalid character.
src/services/firebaseService.ts(1,2931): error TS1127: Invalid character.
src/services/firebaseService.ts(1,2932): error TS1127: Invalid character.
src/services/firebaseService.ts(1,2933): error TS1127: Invalid character.
src/services/firebaseService.ts(1,2934): error TS1127: Invalid character.
src/services/firebaseService.ts(1,2935): error TS1127: Invalid character.
src/services/firebaseService.ts(1,2936): error TS1127: Invalid character.
src/services/firebaseService.ts(1,2937): error TS1127: Invalid character.
src/services/firebaseService.ts(1,2938): error TS1127: Invalid character.
src/services/firebaseService.ts(1,2939): error TS1127: Invalid character.
src/services/firebaseService.ts(1,2940): error TS1127: Invalid character.
src/services/firebaseService.ts(1,2941): error TS1127: Invalid character.
src/services/firebaseService.ts(1,2942): error TS1127: Invalid character.
src/services/firebaseService.ts(1,2943): error TS1127: Invalid character.
src/services/firebaseService.ts(1,2944): error TS1127: Invalid character.
src/services/firebaseService.ts(1,2945): error TS1127: Invalid character.
src/services/firebaseService.ts(1,2946): error TS1127: Invalid character.
src/services/firebaseService.ts(1,2947): error TS1127: Invalid character.
src/services/firebaseService.ts(1,2948): error TS1127: Invalid character.
src/services/firebaseService.ts(1,2949): error TS1127: Invalid character.
src/services/firebaseService.ts(1,2950): error TS1127: Invalid character.
src/services/firebaseService.ts(1,2951): error TS1127: Invalid character.
src/services/firebaseService.ts(1,2952): error TS1127: Invalid character.
src/services/firebaseService.ts(1,2953): error TS1127: Invalid character.
src/services/firebaseService.ts(1,2954): error TS1127: Invalid character.
src/services/firebaseService.ts(1,2955): error TS1127: Invalid character.
src/services/firebaseService.ts(1,2956): error TS1127: Invalid character.
src/services/firebaseService.ts(1,2957): error TS1127: Invalid character.
src/services/firebaseService.ts(1,2958): error TS1127: Invalid character.
src/services/firebaseService.ts(1,2959): error TS1127: Invalid character.
src/services/firebaseService.ts(1,2960): error TS1127: Invalid character.
src/services/firebaseService.ts(1,2961): error TS1127: Invalid character.
src/services/firebaseService.ts(1,2962): error TS1127: Invalid character.
src/services/firebaseService.ts(1,2963): error TS1127: Invalid character.
src/services/firebaseService.ts(1,2964): error TS1127: Invalid character.
src/services/firebaseService.ts(1,2965): error TS1127: Invalid character.
src/services/firebaseService.ts(1,2966): error TS1127: Invalid character.
src/services/firebaseService.ts(1,2967): error TS1127: Invalid character.
src/services/firebaseService.ts(1,2968): error TS1127: Invalid character.
src/services/firebaseService.ts(1,2969): error TS1127: Invalid character.
src/services/firebaseService.ts(1,2970): error TS1127: Invalid character.
src/services/firebaseService.ts(1,2971): error TS1127: Invalid character.
src/services/firebaseService.ts(1,2972): error TS1127: Invalid character.
src/services/firebaseService.ts(1,2973): error TS1127: Invalid character.
src/services/firebaseService.ts(1,2974): error TS1127: Invalid character.
src/services/firebaseService.ts(1,2975): error TS1127: Invalid character.
src/services/firebaseService.ts(1,2976): error TS1127: Invalid character.
src/services/firebaseService.ts(1,2977): error TS1127: Invalid character.
src/services/firebaseService.ts(1,2978): error TS1127: Invalid character.
src/services/firebaseService.ts(1,2979): error TS1127: Invalid character.
src/services/firebaseService.ts(1,2980): error TS1127: Invalid character.
src/services/firebaseService.ts(1,2981): error TS1127: Invalid character.
src/services/firebaseService.ts(1,2982): error TS1127: Invalid character.
src/services/firebaseService.ts(1,2983): error TS1127: Invalid character.
src/services/firebaseService.ts(1,2984): error TS1127: Invalid character.
src/services/firebaseService.ts(1,2985): error TS1127: Invalid character.
src/services/firebaseService.ts(1,2986): error TS1127: Invalid character.
src/services/firebaseService.ts(1,2987): error TS1127: Invalid character.
src/services/firebaseService.ts(1,2988): error TS1127: Invalid character.
src/services/firebaseService.ts(1,2989): error TS1127: Invalid character.
src/services/firebaseService.ts(1,2990): error TS1127: Invalid character.
src/services/firebaseService.ts(1,2991): error TS1127: Invalid character.
src/services/firebaseService.ts(1,2992): error TS1127: Invalid character.
src/services/firebaseService.ts(1,2993): error TS1127: Invalid character.
src/services/firebaseService.ts(1,2994): error TS1127: Invalid character.
src/services/firebaseService.ts(1,2995): error TS1127: Invalid character.
src/services/firebaseService.ts(1,2996): error TS1127: Invalid character.
src/services/firebaseService.ts(1,2997): error TS1127: Invalid character.
src/services/firebaseService.ts(1,2998): error TS1127: Invalid character.
src/services/firebaseService.ts(1,2999): error TS1127: Invalid character.
src/services/firebaseService.ts(1,3000): error TS1127: Invalid character.
src/services/firebaseService.ts(1,3001): error TS1127: Invalid character.
src/services/firebaseService.ts(1,3002): error TS1127: Invalid character.
src/services/firebaseService.ts(1,3003): error TS1127: Invalid character.
src/services/firebaseService.ts(1,3004): error TS1127: Invalid character.
src/services/firebaseService.ts(1,3005): error TS1127: Invalid character.
src/services/firebaseService.ts(1,3006): error TS1127: Invalid character.
src/services/firebaseService.ts(1,3007): error TS1127: Invalid character.
src/services/firebaseService.ts(1,3008): error TS1127: Invalid character.
src/services/firebaseService.ts(1,3009): error TS1127: Invalid character.
src/services/firebaseService.ts(1,3010): error TS1127: Invalid character.
src/services/firebaseService.ts(1,3011): error TS1127: Invalid character.
src/services/firebaseService.ts(1,3012): error TS1127: Invalid character.
src/services/firebaseService.ts(1,3013): error TS1127: Invalid character.
src/services/firebaseService.ts(1,3014): error TS1127: Invalid character.
src/services/firebaseService.ts(1,3015): error TS1127: Invalid character.
src/services/firebaseService.ts(1,3016): error TS1127: Invalid character.
src/services/firebaseService.ts(1,3017): error TS1127: Invalid character.
src/services/firebaseService.ts(1,3018): error TS1127: Invalid character.
src/services/firebaseService.ts(1,3019): error TS1127: Invalid character.
src/services/firebaseService.ts(1,3020): error TS1127: Invalid character.
src/services/firebaseService.ts(1,3021): error TS1127: Invalid character.
src/services/firebaseService.ts(1,3022): error TS1127: Invalid character.
src/services/firebaseService.ts(1,3023): error TS1127: Invalid character.
src/services/firebaseService.ts(1,3024): error TS1127: Invalid character.
src/services/firebaseService.ts(1,3025): error TS1127: Invalid character.
src/services/firebaseService.ts(1,3026): error TS1127: Invalid character.
src/services/firebaseService.ts(1,3027): error TS1127: Invalid character.
src/services/firebaseService.ts(1,3028): error TS1127: Invalid character.
src/services/firebaseService.ts(1,3029): error TS1127: Invalid character.
src/services/firebaseService.ts(1,3030): error TS1127: Invalid character.
src/services/firebaseService.ts(1,3031): error TS1127: Invalid character.
src/services/firebaseService.ts(1,3032): error TS1127: Invalid character.
src/services/firebaseService.ts(1,3033): error TS1127: Invalid character.
src/services/firebaseService.ts(1,3034): error TS1127: Invalid character.
src/services/firebaseService.ts(1,3035): error TS1127: Invalid character.
src/services/firebaseService.ts(1,3036): error TS1127: Invalid character.
src/services/firebaseService.ts(1,3037): error TS1127: Invalid character.
src/services/firebaseService.ts(1,3038): error TS1127: Invalid character.
src/services/firebaseService.ts(1,3039): error TS1127: Invalid character.
src/services/firebaseService.ts(1,3040): error TS1127: Invalid character.
src/services/firebaseService.ts(1,3041): error TS1127: Invalid character.
src/services/firebaseService.ts(1,3042): error TS1127: Invalid character.
src/services/firebaseService.ts(1,3043): error TS1127: Invalid character.
src/services/firebaseService.ts(1,3044): error TS1127: Invalid character.
src/services/firebaseService.ts(1,3045): error TS1127: Invalid character.
src/services/firebaseService.ts(1,3046): error TS1127: Invalid character.
src/services/firebaseService.ts(1,3047): error TS1127: Invalid character.
src/services/firebaseService.ts(1,3048): error TS1127: Invalid character.
src/services/firebaseService.ts(1,3049): error TS1127: Invalid character.
src/services/firebaseService.ts(1,3050): error TS1127: Invalid character.
src/services/firebaseService.ts(1,3051): error TS1127: Invalid character.
src/services/firebaseService.ts(1,3052): error TS1127: Invalid character.
src/services/firebaseService.ts(1,3053): error TS1127: Invalid character.
src/services/firebaseService.ts(1,3054): error TS1127: Invalid character.
src/services/firebaseService.ts(1,3055): error TS1127: Invalid character.
src/services/firebaseService.ts(1,3056): error TS1127: Invalid character.
src/services/firebaseService.ts(1,3057): error TS1127: Invalid character.
src/services/firebaseService.ts(1,3058): error TS1127: Invalid character.
src/services/firebaseService.ts(1,3059): error TS1127: Invalid character.
src/services/firebaseService.ts(1,3060): error TS1127: Invalid character.
src/services/firebaseService.ts(1,3061): error TS1127: Invalid character.
src/services/firebaseService.ts(1,3062): error TS1127: Invalid character.
src/services/firebaseService.ts(1,3063): error TS1127: Invalid character.
src/services/firebaseService.ts(1,3064): error TS1127: Invalid character.
src/services/firebaseService.ts(1,3065): error TS1127: Invalid character.
src/services/firebaseService.ts(1,3066): error TS1127: Invalid character.
src/services/firebaseService.ts(1,3067): error TS1127: Invalid character.
src/services/firebaseService.ts(1,3068): error TS1127: Invalid character.
src/services/firebaseService.ts(1,3069): error TS1127: Invalid character.
src/services/firebaseService.ts(1,3070): error TS1127: Invalid character.
src/services/firebaseService.ts(1,3071): error TS1127: Invalid character.
src/services/firebaseService.ts(1,3072): error TS1127: Invalid character.
src/services/firebaseService.ts(1,3073): error TS1127: Invalid character.
src/services/firebaseService.ts(1,3074): error TS1127: Invalid character.
src/services/firebaseService.ts(1,3075): error TS1127: Invalid character.
src/services/firebaseService.ts(1,3076): error TS1127: Invalid character.
src/services/firebaseService.ts(1,3077): error TS1127: Invalid character.
src/services/firebaseService.ts(1,3078): error TS1127: Invalid character.
src/services/firebaseService.ts(1,3079): error TS1127: Invalid character.
src/services/firebaseService.ts(1,3080): error TS1127: Invalid character.
src/services/firebaseService.ts(1,3081): error TS1127: Invalid character.
src/services/firebaseService.ts(1,3082): error TS1127: Invalid character.
src/services/firebaseService.ts(1,3083): error TS1127: Invalid character.
src/services/firebaseService.ts(1,3084): error TS1127: Invalid character.
src/services/firebaseService.ts(1,3085): error TS1127: Invalid character.
src/services/firebaseService.ts(1,3086): error TS1127: Invalid character.
src/services/firebaseService.ts(1,3087): error TS1127: Invalid character.
src/services/firebaseService.ts(1,3088): error TS1127: Invalid character.
src/services/firebaseService.ts(1,3089): error TS1127: Invalid character.
src/services/firebaseService.ts(1,3090): error TS1127: Invalid character.
src/services/firebaseService.ts(1,3091): error TS1127: Invalid character.
src/services/firebaseService.ts(1,3092): error TS1127: Invalid character.
src/services/firebaseService.ts(1,3093): error TS1127: Invalid character.
src/services/firebaseService.ts(1,3094): error TS1127: Invalid character.
src/services/firebaseService.ts(1,3095): error TS1127: Invalid character.
src/services/firebaseService.ts(1,3096): error TS1127: Invalid character.
src/services/firebaseService.ts(1,3097): error TS1127: Invalid character.
src/services/firebaseService.ts(1,3098): error TS1127: Invalid character.
src/services/firebaseService.ts(1,3099): error TS1127: Invalid character.
src/services/firebaseService.ts(1,3100): error TS1127: Invalid character.
src/services/firebaseService.ts(1,3101): error TS1127: Invalid character.
src/services/firebaseService.ts(1,3102): error TS1127: Invalid character.
src/services/firebaseService.ts(1,3103): error TS1127: Invalid character.
src/services/firebaseService.ts(1,3104): error TS1127: Invalid character.
src/services/firebaseService.ts(1,3105): error TS1127: Invalid character.
src/services/firebaseService.ts(1,3106): error TS1127: Invalid character.
src/services/firebaseService.ts(1,3107): error TS1127: Invalid character.
src/services/firebaseService.ts(1,3108): error TS1127: Invalid character.
src/services/firebaseService.ts(1,3109): error TS1127: Invalid character.
src/services/firebaseService.ts(1,3110): error TS1127: Invalid character.
src/services/firebaseService.ts(1,3111): error TS1127: Invalid character.
src/services/firebaseService.ts(1,3112): error TS1127: Invalid character.
src/services/firebaseService.ts(1,3113): error TS1127: Invalid character.
src/services/firebaseService.ts(1,3114): error TS1127: Invalid character.
src/services/firebaseService.ts(1,3115): error TS1127: Invalid character.
src/services/firebaseService.ts(1,3116): error TS1127: Invalid character.
src/services/firebaseService.ts(1,3117): error TS1127: Invalid character.
src/services/firebaseService.ts(1,3118): error TS1127: Invalid character.
src/services/firebaseService.ts(1,3119): error TS1127: Invalid character.
src/services/firebaseService.ts(1,3120): error TS1127: Invalid character.
src/services/firebaseService.ts(1,3121): error TS1127: Invalid character.
src/services/firebaseService.ts(1,3122): error TS1127: Invalid character.
src/services/firebaseService.ts(1,3123): error TS1127: Invalid character.
src/services/firebaseService.ts(1,3124): error TS1127: Invalid character.
src/services/firebaseService.ts(1,3125): error TS1127: Invalid character.
src/services/firebaseService.ts(1,3126): error TS1127: Invalid character.
src/services/firebaseService.ts(1,3127): error TS1127: Invalid character.
src/services/firebaseService.ts(1,3128): error TS1127: Invalid character.
src/services/firebaseService.ts(1,3129): error TS1127: Invalid character.
src/services/firebaseService.ts(1,3130): error TS1127: Invalid character.
src/services/firebaseService.ts(1,3131): error TS1127: Invalid character.
src/services/firebaseService.ts(1,3132): error TS1127: Invalid character.
src/services/firebaseService.ts(1,3133): error TS1127: Invalid character.
src/services/firebaseService.ts(1,3134): error TS1127: Invalid character.
src/services/firebaseService.ts(1,3135): error TS1127: Invalid character.
src/services/firebaseService.ts(1,3136): error TS1127: Invalid character.
src/services/firebaseService.ts(1,3137): error TS1127: Invalid character.
src/services/firebaseService.ts(1,3138): error TS1127: Invalid character.
src/services/firebaseService.ts(1,3139): error TS1127: Invalid character.
src/services/firebaseService.ts(1,3140): error TS1127: Invalid character.
src/services/firebaseService.ts(1,3141): error TS1127: Invalid character.
src/services/firebaseService.ts(1,3142): error TS1127: Invalid character.
src/services/firebaseService.ts(1,3143): error TS1127: Invalid character.
src/services/firebaseService.ts(1,3144): error TS1127: Invalid character.
src/services/firebaseService.ts(1,3145): error TS1127: Invalid character.
src/services/firebaseService.ts(1,3146): error TS1127: Invalid character.
src/services/firebaseService.ts(1,3147): error TS1127: Invalid character.
src/services/firebaseService.ts(1,3148): error TS1127: Invalid character.
src/services/firebaseService.ts(1,3149): error TS1127: Invalid character.
src/services/firebaseService.ts(1,3150): error TS1127: Invalid character.
src/services/firebaseService.ts(1,3151): error TS1127: Invalid character.
src/services/firebaseService.ts(1,3152): error TS1127: Invalid character.
src/services/firebaseService.ts(1,3153): error TS1127: Invalid character.
src/services/firebaseService.ts(1,3154): error TS1127: Invalid character.
src/services/firebaseService.ts(1,3155): error TS1127: Invalid character.
src/services/firebaseService.ts(1,3156): error TS1127: Invalid character.
src/services/firebaseService.ts(1,3157): error TS1127: Invalid character.
src/services/firebaseService.ts(1,3158): error TS1127: Invalid character.
src/services/firebaseService.ts(1,3159): error TS1127: Invalid character.
src/services/firebaseService.ts(1,3160): error TS1127: Invalid character.
src/services/firebaseService.ts(1,3161): error TS1127: Invalid character.
src/services/firebaseService.ts(1,3162): error TS1127: Invalid character.
src/services/firebaseService.ts(1,3163): error TS1127: Invalid character.
src/services/firebaseService.ts(1,3164): error TS1127: Invalid character.
src/services/firebaseService.ts(1,3165): error TS1127: Invalid character.
src/services/firebaseService.ts(1,3166): error TS1127: Invalid character.
src/services/firebaseService.ts(1,3167): error TS1127: Invalid character.
src/services/firebaseService.ts(1,3168): error TS1127: Invalid character.
src/services/firebaseService.ts(1,3169): error TS1127: Invalid character.
src/services/firebaseService.ts(1,3170): error TS1127: Invalid character.
src/services/firebaseService.ts(1,3171): error TS1127: Invalid character.
src/services/firebaseService.ts(1,3172): error TS1127: Invalid character.
src/services/firebaseService.ts(1,3173): error TS1127: Invalid character.
src/services/firebaseService.ts(1,3174): error TS1127: Invalid character.
src/services/firebaseService.ts(1,3175): error TS1127: Invalid character.
src/services/firebaseService.ts(1,3176): error TS1127: Invalid character.
src/services/firebaseService.ts(1,3177): error TS1127: Invalid character.
src/services/firebaseService.ts(1,3178): error TS1127: Invalid character.
src/services/firebaseService.ts(1,3179): error TS1127: Invalid character.
src/services/firebaseService.ts(1,3180): error TS1127: Invalid character.
src/services/firebaseService.ts(1,3181): error TS1127: Invalid character.
src/services/firebaseService.ts(1,3182): error TS1127: Invalid character.
src/services/firebaseService.ts(1,3183): error TS1127: Invalid character.
src/services/firebaseService.ts(1,3184): error TS1127: Invalid character.
src/services/firebaseService.ts(1,3185): error TS1127: Invalid character.
src/services/firebaseService.ts(1,3186): error TS1127: Invalid character.
src/services/firebaseService.ts(1,3187): error TS1127: Invalid character.
src/services/firebaseService.ts(1,3188): error TS1127: Invalid character.
src/services/firebaseService.ts(1,3189): error TS1127: Invalid character.
src/services/firebaseService.ts(1,3190): error TS1127: Invalid character.
src/services/firebaseService.ts(1,3191): error TS1127: Invalid character.
src/services/firebaseService.ts(1,3192): error TS1127: Invalid character.
src/services/firebaseService.ts(1,3193): error TS1127: Invalid character.
src/services/firebaseService.ts(1,3194): error TS1127: Invalid character.
src/services/firebaseService.ts(1,3195): error TS1127: Invalid character.
src/services/firebaseService.ts(1,3196): error TS1127: Invalid character.
src/services/firebaseService.ts(1,3197): error TS1127: Invalid character.
src/services/firebaseService.ts(1,3198): error TS1127: Invalid character.
src/services/firebaseService.ts(1,3199): error TS1127: Invalid character.
src/services/firebaseService.ts(1,3200): error TS1127: Invalid character.
src/services/firebaseService.ts(1,3201): error TS1127: Invalid character.
src/services/firebaseService.ts(1,3202): error TS1127: Invalid character.
src/services/firebaseService.ts(1,3203): error TS1127: Invalid character.
src/services/firebaseService.ts(1,3204): error TS1127: Invalid character.
src/services/firebaseService.ts(1,3205): error TS1127: Invalid character.
src/services/firebaseService.ts(1,3206): error TS1127: Invalid character.
src/services/firebaseService.ts(1,3207): error TS1127: Invalid character.
src/services/firebaseService.ts(1,3208): error TS1127: Invalid character.
src/services/firebaseService.ts(1,3209): error TS1127: Invalid character.
src/services/firebaseService.ts(1,3210): error TS1127: Invalid character.
src/services/firebaseService.ts(1,3211): error TS1127: Invalid character.
src/services/firebaseService.ts(1,3212): error TS1127: Invalid character.
src/services/firebaseService.ts(1,3213): error TS1127: Invalid character.
src/services/firebaseService.ts(1,3214): error TS1127: Invalid character.
src/services/firebaseService.ts(1,3215): error TS1127: Invalid character.
src/services/firebaseService.ts(1,3216): error TS1127: Invalid character.
src/services/firebaseService.ts(1,3217): error TS1127: Invalid character.
src/services/firebaseService.ts(1,3218): error TS1127: Invalid character.
src/services/firebaseService.ts(1,3219): error TS1127: Invalid character.
src/services/firebaseService.ts(1,3220): error TS1127: Invalid character.
src/services/firebaseService.ts(1,3221): error TS1127: Invalid character.
src/services/firebaseService.ts(1,3222): error TS1127: Invalid character.
src/services/firebaseService.ts(1,3223): error TS1127: Invalid character.
src/services/firebaseService.ts(1,3224): error TS1127: Invalid character.
src/services/firebaseService.ts(1,3225): error TS1127: Invalid character.
src/services/firebaseService.ts(1,3226): error TS1127: Invalid character.
src/services/firebaseService.ts(1,3227): error TS1127: Invalid character.
src/services/firebaseService.ts(1,3228): error TS1127: Invalid character.
src/services/firebaseService.ts(1,3229): error TS1127: Invalid character.
src/services/firebaseService.ts(1,3230): error TS1127: Invalid character.
src/services/firebaseService.ts(1,3231): error TS1127: Invalid character.
src/services/firebaseService.ts(1,3232): error TS1127: Invalid character.
src/services/firebaseService.ts(1,3233): error TS1127: Invalid character.
src/services/firebaseService.ts(1,3234): error TS1127: Invalid character.
src/services/firebaseService.ts(1,3235): error TS1127: Invalid character.
src/services/firebaseService.ts(1,3236): error TS1127: Invalid character.
src/services/firebaseService.ts(1,3237): error TS1127: Invalid character.
src/services/firebaseService.ts(1,3238): error TS1127: Invalid character.
src/services/firebaseService.ts(1,3239): error TS1127: Invalid character.
src/services/firebaseService.ts(1,3240): error TS1127: Invalid character.
src/services/firebaseService.ts(1,3241): error TS1127: Invalid character.
src/services/firebaseService.ts(1,3242): error TS1127: Invalid character.
src/services/firebaseService.ts(1,3243): error TS1127: Invalid character.
src/services/firebaseService.ts(1,3244): error TS1127: Invalid character.
src/services/firebaseService.ts(1,3245): error TS1127: Invalid character.
src/services/firebaseService.ts(1,3246): error TS1127: Invalid character.
src/services/firebaseService.ts(1,3247): error TS1127: Invalid character.
src/services/firebaseService.ts(1,3248): error TS1127: Invalid character.
src/services/firebaseService.ts(1,3249): error TS1127: Invalid character.
src/services/firebaseService.ts(1,3250): error TS1127: Invalid character.
src/services/firebaseService.ts(1,3251): error TS1127: Invalid character.
src/services/firebaseService.ts(1,3252): error TS1127: Invalid character.
src/services/firebaseService.ts(1,3253): error TS1127: Invalid character.
src/services/firebaseService.ts(1,3254): error TS1127: Invalid character.
src/services/firebaseService.ts(1,3255): error TS1127: Invalid character.
src/services/firebaseService.ts(1,3256): error TS1127: Invalid character.
src/services/firebaseService.ts(1,3257): error TS1127: Invalid character.
src/services/firebaseService.ts(1,3258): error TS1127: Invalid character.
src/services/firebaseService.ts(1,3259): error TS1127: Invalid character.
src/services/firebaseService.ts(1,3260): error TS1127: Invalid character.
src/services/firebaseService.ts(1,3261): error TS1127: Invalid character.
src/services/firebaseService.ts(1,3262): error TS1127: Invalid character.
src/services/firebaseService.ts(1,3263): error TS1127: Invalid character.
src/services/firebaseService.ts(1,3264): error TS1127: Invalid character.
src/services/firebaseService.ts(1,3265): error TS1127: Invalid character.
src/services/firebaseService.ts(1,3266): error TS1127: Invalid character.
src/services/firebaseService.ts(1,3267): error TS1127: Invalid character.
src/services/firebaseService.ts(1,3268): error TS1127: Invalid character.
src/services/firebaseService.ts(1,3269): error TS1127: Invalid character.
src/services/firebaseService.ts(1,3270): error TS1127: Invalid character.
src/services/firebaseService.ts(1,3271): error TS1127: Invalid character.
src/services/firebaseService.ts(1,3272): error TS1127: Invalid character.
src/services/firebaseService.ts(1,3273): error TS1127: Invalid character.
src/services/firebaseService.ts(1,3274): error TS1127: Invalid character.
src/services/firebaseService.ts(1,3275): error TS1127: Invalid character.
src/services/firebaseService.ts(1,3276): error TS1127: Invalid character.
src/services/firebaseService.ts(1,3277): error TS1127: Invalid character.
src/services/firebaseService.ts(1,3278): error TS1127: Invalid character.
src/services/firebaseService.ts(1,3279): error TS1127: Invalid character.
src/services/firebaseService.ts(1,3280): error TS1127: Invalid character.
src/services/firebaseService.ts(1,3281): error TS1127: Invalid character.
src/services/firebaseService.ts(1,3282): error TS1127: Invalid character.
src/services/firebaseService.ts(1,3283): error TS1127: Invalid character.
src/services/firebaseService.ts(1,3284): error TS1127: Invalid character.
src/services/firebaseService.ts(1,3285): error TS1127: Invalid character.
src/services/firebaseService.ts(1,3286): error TS1127: Invalid character.
src/services/firebaseService.ts(1,3287): error TS1127: Invalid character.
src/services/firebaseService.ts(1,3288): error TS1127: Invalid character.
src/services/firebaseService.ts(1,3289): error TS1127: Invalid character.
src/services/firebaseService.ts(1,3290): error TS1127: Invalid character.
src/services/firebaseService.ts(1,3291): error TS1127: Invalid character.
src/services/firebaseService.ts(1,3292): error TS1127: Invalid character.
src/services/firebaseService.ts(1,3293): error TS1127: Invalid character.
src/services/firebaseService.ts(1,3294): error TS1127: Invalid character.
src/services/firebaseService.ts(1,3295): error TS1127: Invalid character.
src/services/firebaseService.ts(1,3296): error TS1127: Invalid character.
src/services/firebaseService.ts(1,3297): error TS1127: Invalid character.
src/services/firebaseService.ts(1,3298): error TS1127: Invalid character.
src/services/firebaseService.ts(1,3299): error TS1127: Invalid character.
src/services/firebaseService.ts(1,3300): error TS1127: Invalid character.
src/services/firebaseService.ts(1,3301): error TS1127: Invalid character.
src/services/firebaseService.ts(1,3302): error TS1127: Invalid character.
src/services/firebaseService.ts(1,3303): error TS1127: Invalid character.
src/services/firebaseService.ts(1,3304): error TS1127: Invalid character.
src/services/firebaseService.ts(1,3305): error TS1127: Invalid character.
src/services/firebaseService.ts(1,3306): error TS1127: Invalid character.
src/services/firebaseService.ts(1,3307): error TS1127: Invalid character.
src/services/firebaseService.ts(1,3308): error TS1127: Invalid character.
src/services/firebaseService.ts(1,3309): error TS1127: Invalid character.
src/services/firebaseService.ts(1,3310): error TS1127: Invalid character.
src/services/firebaseService.ts(1,3311): error TS1127: Invalid character.
src/services/firebaseService.ts(1,3312): error TS1127: Invalid character.
src/services/firebaseService.ts(1,3313): error TS1127: Invalid character.
src/services/firebaseService.ts(1,3314): error TS1127: Invalid character.
src/services/firebaseService.ts(1,3315): error TS1127: Invalid character.
src/services/firebaseService.ts(1,3316): error TS1127: Invalid character.
src/services/firebaseService.ts(1,3317): error TS1127: Invalid character.
src/services/firebaseService.ts(1,3318): error TS1127: Invalid character.
src/services/firebaseService.ts(1,3319): error TS1127: Invalid character.
src/services/firebaseService.ts(1,3320): error TS1127: Invalid character.
src/services/firebaseService.ts(1,3321): error TS1127: Invalid character.
src/services/firebaseService.ts(1,3322): error TS1127: Invalid character.
src/services/firebaseService.ts(1,3323): error TS1127: Invalid character.
src/services/firebaseService.ts(1,3324): error TS1127: Invalid character.
src/services/firebaseService.ts(1,3325): error TS1127: Invalid character.
src/services/firebaseService.ts(1,3326): error TS1127: Invalid character.
src/services/firebaseService.ts(1,3327): error TS1127: Invalid character.
src/services/firebaseService.ts(1,3328): error TS1127: Invalid character.
src/services/firebaseService.ts(1,3329): error TS1127: Invalid character.
src/services/firebaseService.ts(1,3330): error TS1127: Invalid character.
src/services/firebaseService.ts(1,3331): error TS1127: Invalid character.
src/services/firebaseService.ts(1,3332): error TS1127: Invalid character.
src/services/firebaseService.ts(1,3333): error TS1127: Invalid character.
src/services/firebaseService.ts(1,3334): error TS1127: Invalid character.
src/services/firebaseService.ts(1,3335): error TS1127: Invalid character.
src/services/firebaseService.ts(1,3336): error TS1127: Invalid character.
src/services/firebaseService.ts(1,3337): error TS1127: Invalid character.
src/services/firebaseService.ts(1,3338): error TS1127: Invalid character.
src/services/firebaseService.ts(1,3339): error TS1127: Invalid character.
src/services/firebaseService.ts(1,3340): error TS1127: Invalid character.
src/services/firebaseService.ts(1,3341): error TS1127: Invalid character.
src/services/firebaseService.ts(1,3342): error TS1127: Invalid character.
src/services/firebaseService.ts(1,3343): error TS1127: Invalid character.
src/services/firebaseService.ts(1,3344): error TS1127: Invalid character.
src/services/firebaseService.ts(1,3345): error TS1127: Invalid character.
src/services/firebaseService.ts(1,3346): error TS1127: Invalid character.
src/services/firebaseService.ts(1,3347): error TS1127: Invalid character.
src/services/firebaseService.ts(1,3348): error TS1127: Invalid character.
src/services/firebaseService.ts(1,3349): error TS1127: Invalid character.
src/services/firebaseService.ts(1,3350): error TS1127: Invalid character.
src/services/firebaseService.ts(1,3351): error TS1127: Invalid character.
src/services/firebaseService.ts(1,3352): error TS1127: Invalid character.
src/services/firebaseService.ts(1,3353): error TS1127: Invalid character.
src/services/firebaseService.ts(1,3354): error TS1127: Invalid character.
src/services/firebaseService.ts(1,3355): error TS1127: Invalid character.
src/services/firebaseService.ts(1,3356): error TS1127: Invalid character.
src/services/firebaseService.ts(1,3357): error TS1127: Invalid character.
src/services/firebaseService.ts(1,3358): error TS1127: Invalid character.
src/services/firebaseService.ts(1,3359): error TS1127: Invalid character.
src/services/firebaseService.ts(1,3360): error TS1127: Invalid character.
src/services/firebaseService.ts(1,3361): error TS1127: Invalid character.
src/services/firebaseService.ts(1,3362): error TS1127: Invalid character.
src/services/firebaseService.ts(1,3363): error TS1127: Invalid character.
src/services/firebaseService.ts(1,3364): error TS1127: Invalid character.
src/services/firebaseService.ts(1,3365): error TS1127: Invalid character.
src/services/firebaseService.ts(1,3366): error TS1127: Invalid character.
src/services/firebaseService.ts(1,3367): error TS1127: Invalid character.
src/services/firebaseService.ts(1,3368): error TS1127: Invalid character.
src/services/firebaseService.ts(1,3369): error TS1127: Invalid character.
src/services/firebaseService.ts(1,3370): error TS1127: Invalid character.
src/services/firebaseService.ts(1,3371): error TS1127: Invalid character.
src/services/firebaseService.ts(1,3372): error TS1127: Invalid character.
src/services/firebaseService.ts(1,3373): error TS1127: Invalid character.
src/services/firebaseService.ts(1,3374): error TS1127: Invalid character.
src/services/firebaseService.ts(1,3375): error TS1127: Invalid character.
src/services/firebaseService.ts(1,3376): error TS1127: Invalid character.
src/services/firebaseService.ts(1,3377): error TS1127: Invalid character.
src/services/firebaseService.ts(1,3378): error TS1127: Invalid character.
src/services/firebaseService.ts(1,3379): error TS1127: Invalid character.
src/services/firebaseService.ts(1,3380): error TS1127: Invalid character.
src/services/firebaseService.ts(1,3381): error TS1127: Invalid character.
src/services/firebaseService.ts(1,3382): error TS1127: Invalid character.
src/services/firebaseService.ts(1,3383): error TS1127: Invalid character.
src/services/firebaseService.ts(1,3384): error TS1127: Invalid character.
src/services/firebaseService.ts(1,3385): error TS1127: Invalid character.
src/services/firebaseService.ts(1,3386): error TS1127: Invalid character.
src/services/firebaseService.ts(1,3387): error TS1127: Invalid character.
src/services/firebaseService.ts(1,3388): error TS1127: Invalid character.
src/services/firebaseService.ts(1,3389): error TS1127: Invalid character.
src/services/firebaseService.ts(1,3390): error TS1127: Invalid character.
src/services/firebaseService.ts(1,3391): error TS1127: Invalid character.
src/services/firebaseService.ts(1,3392): error TS1127: Invalid character.
src/services/firebaseService.ts(1,3393): error TS1127: Invalid character.
src/services/firebaseService.ts(1,3394): error TS1127: Invalid character.
src/services/firebaseService.ts(1,3395): error TS1127: Invalid character.
src/services/firebaseService.ts(1,3396): error TS1127: Invalid character.
src/services/firebaseService.ts(1,3397): error TS1127: Invalid character.
src/services/firebaseService.ts(1,3398): error TS1127: Invalid character.
src/services/firebaseService.ts(1,3399): error TS1127: Invalid character.
src/services/firebaseService.ts(1,3400): error TS1127: Invalid character.
src/services/firebaseService.ts(1,3401): error TS1127: Invalid character.
src/services/firebaseService.ts(1,3402): error TS1127: Invalid character.
src/services/firebaseService.ts(1,3403): error TS1127: Invalid character.
src/services/firebaseService.ts(1,3404): error TS1127: Invalid character.
src/services/firebaseService.ts(1,3405): error TS1127: Invalid character.
src/services/firebaseService.ts(1,3406): error TS1127: Invalid character.
src/services/firebaseService.ts(1,3407): error TS1127: Invalid character.
src/services/firebaseService.ts(1,3408): error TS1127: Invalid character.
src/services/firebaseService.ts(1,3409): error TS1127: Invalid character.
src/services/firebaseService.ts(1,3410): error TS1127: Invalid character.
src/services/firebaseService.ts(1,3411): error TS1127: Invalid character.
src/services/firebaseService.ts(1,3412): error TS1127: Invalid character.
src/services/firebaseService.ts(1,3413): error TS1127: Invalid character.
src/services/firebaseService.ts(1,3414): error TS1127: Invalid character.
src/services/firebaseService.ts(1,3415): error TS1127: Invalid character.
src/services/firebaseService.ts(1,3416): error TS1127: Invalid character.
src/services/firebaseService.ts(1,3417): error TS1127: Invalid character.
src/services/firebaseService.ts(1,3418): error TS1127: Invalid character.
src/services/firebaseService.ts(1,3419): error TS1127: Invalid character.
src/services/firebaseService.ts(1,3420): error TS1127: Invalid character.
src/services/firebaseService.ts(1,3421): error TS1127: Invalid character.
src/services/firebaseService.ts(1,3422): error TS1127: Invalid character.
src/services/firebaseService.ts(1,3423): error TS1127: Invalid character.
src/services/firebaseService.ts(1,3424): error TS1127: Invalid character.
src/services/firebaseService.ts(1,3425): error TS1127: Invalid character.
src/services/firebaseService.ts(1,3426): error TS1127: Invalid character.
src/services/firebaseService.ts(1,3427): error TS1127: Invalid character.
src/services/firebaseService.ts(1,3428): error TS1127: Invalid character.
src/services/firebaseService.ts(1,3429): error TS1127: Invalid character.
src/services/firebaseService.ts(1,3430): error TS1127: Invalid character.
src/services/firebaseService.ts(1,3431): error TS1127: Invalid character.
src/services/firebaseService.ts(1,3432): error TS1127: Invalid character.
src/services/firebaseService.ts(1,3433): error TS1127: Invalid character.
src/services/firebaseService.ts(1,3434): error TS1127: Invalid character.
src/services/firebaseService.ts(1,3435): error TS1127: Invalid character.
src/services/firebaseService.ts(1,3436): error TS1127: Invalid character.
src/services/firebaseService.ts(1,3437): error TS1127: Invalid character.
src/services/firebaseService.ts(1,3438): error TS1127: Invalid character.
src/services/firebaseService.ts(1,3439): error TS1127: Invalid character.
src/services/firebaseService.ts(1,3440): error TS1127: Invalid character.
src/services/firebaseService.ts(1,3441): error TS1127: Invalid character.
src/services/firebaseService.ts(1,3442): error TS1127: Invalid character.
src/services/firebaseService.ts(1,3443): error TS1127: Invalid character.
src/services/firebaseService.ts(1,3444): error TS1127: Invalid character.
src/services/firebaseService.ts(1,3445): error TS1127: Invalid character.
src/services/firebaseService.ts(1,3446): error TS1127: Invalid character.
src/services/firebaseService.ts(1,3447): error TS1127: Invalid character.
src/services/firebaseService.ts(1,3448): error TS1127: Invalid character.
src/services/firebaseService.ts(1,3449): error TS1127: Invalid character.
src/services/firebaseService.ts(1,3450): error TS1127: Invalid character.
src/services/firebaseService.ts(1,3451): error TS1127: Invalid character.
src/services/firebaseService.ts(1,3452): error TS1127: Invalid character.
src/services/firebaseService.ts(1,3453): error TS1127: Invalid character.
src/services/firebaseService.ts(1,3454): error TS1127: Invalid character.
src/services/firebaseService.ts(1,3455): error TS1127: Invalid character.
src/services/firebaseService.ts(1,3456): error TS1127: Invalid character.
src/services/firebaseService.ts(1,3457): error TS1127: Invalid character.
src/services/firebaseService.ts(1,3458): error TS1127: Invalid character.
src/services/firebaseService.ts(1,3459): error TS1127: Invalid character.
src/services/firebaseService.ts(1,3460): error TS1127: Invalid character.
src/services/firebaseService.ts(1,3461): error TS1127: Invalid character.
src/services/firebaseService.ts(1,3462): error TS1127: Invalid character.
src/services/firebaseService.ts(1,3463): error TS1127: Invalid character.
src/services/firebaseService.ts(1,3464): error TS1127: Invalid character.
src/services/firebaseService.ts(1,3465): error TS1127: Invalid character.
src/services/firebaseService.ts(1,3466): error TS1127: Invalid character.
src/services/firebaseService.ts(1,3467): error TS1127: Invalid character.
src/services/firebaseService.ts(1,3468): error TS1127: Invalid character.
src/services/firebaseService.ts(1,3469): error TS1127: Invalid character.
src/services/firebaseService.ts(1,3470): error TS1127: Invalid character.
src/services/firebaseService.ts(1,3471): error TS1127: Invalid character.
src/services/firebaseService.ts(1,3472): error TS1127: Invalid character.
src/services/firebaseService.ts(1,3473): error TS1127: Invalid character.
src/services/firebaseService.ts(1,3474): error TS1127: Invalid character.
src/services/firebaseService.ts(1,3475): error TS1127: Invalid character.
src/services/firebaseService.ts(1,3476): error TS1127: Invalid character.
src/services/firebaseService.ts(1,3477): error TS1127: Invalid character.
src/services/firebaseService.ts(1,3478): error TS1127: Invalid character.
src/services/firebaseService.ts(1,3479): error TS1127: Invalid character.
src/services/firebaseService.ts(1,3480): error TS1127: Invalid character.
src/services/firebaseService.ts(1,3481): error TS1127: Invalid character.
src/services/firebaseService.ts(1,3482): error TS1127: Invalid character.
src/services/firebaseService.ts(1,3483): error TS1127: Invalid character.
src/services/firebaseService.ts(1,3484): error TS1127: Invalid character.
src/services/firebaseService.ts(1,3485): error TS1127: Invalid character.
src/services/firebaseService.ts(1,3486): error TS1127: Invalid character.
src/services/firebaseService.ts(1,3487): error TS1127: Invalid character.
src/services/firebaseService.ts(1,3488): error TS1127: Invalid character.
src/services/firebaseService.ts(1,3489): error TS1127: Invalid character.
src/services/firebaseService.ts(1,3490): error TS1127: Invalid character.
src/services/firebaseService.ts(1,3491): error TS1127: Invalid character.
src/services/firebaseService.ts(1,3492): error TS1127: Invalid character.
src/services/firebaseService.ts(1,3493): error TS1127: Invalid character.
src/services/firebaseService.ts(1,3494): error TS1127: Invalid character.
src/services/firebaseService.ts(1,3495): error TS1127: Invalid character.
src/services/firebaseService.ts(1,3496): error TS1127: Invalid character.
src/services/firebaseService.ts(1,3497): error TS1127: Invalid character.
src/services/firebaseService.ts(1,3498): error TS1127: Invalid character.
src/services/firebaseService.ts(1,3499): error TS1127: Invalid character.
src/services/firebaseService.ts(1,3500): error TS1127: Invalid character.
src/services/firebaseService.ts(1,3501): error TS1127: Invalid character.
src/services/firebaseService.ts(1,3502): error TS1127: Invalid character.
src/services/firebaseService.ts(1,3503): error TS1127: Invalid character.
src/services/firebaseService.ts(1,3504): error TS1127: Invalid character.
src/services/firebaseService.ts(1,3505): error TS1127: Invalid character.
src/services/firebaseService.ts(1,3506): error TS1127: Invalid character.
src/services/firebaseService.ts(1,3507): error TS1127: Invalid character.
src/services/firebaseService.ts(1,3508): error TS1127: Invalid character.
src/services/firebaseService.ts(1,3509): error TS1127: Invalid character.
src/services/firebaseService.ts(1,3510): error TS1127: Invalid character.
src/services/firebaseService.ts(1,3511): error TS1127: Invalid character.
src/services/firebaseService.ts(1,3512): error TS1127: Invalid character.
src/services/firebaseService.ts(1,3513): error TS1127: Invalid character.
src/services/firebaseService.ts(1,3514): error TS1127: Invalid character.
src/services/firebaseService.ts(1,3515): error TS1127: Invalid character.
src/services/firebaseService.ts(1,3516): error TS1127: Invalid character.
src/services/firebaseService.ts(1,3517): error TS1127: Invalid character.
src/services/firebaseService.ts(1,3518): error TS1127: Invalid character.
src/services/firebaseService.ts(1,3519): error TS1127: Invalid character.
src/services/firebaseService.ts(1,3520): error TS1127: Invalid character.
src/services/firebaseService.ts(1,3521): error TS1127: Invalid character.
src/services/firebaseService.ts(1,3522): error TS1127: Invalid character.
src/services/firebaseService.ts(1,3523): error TS1127: Invalid character.
src/services/firebaseService.ts(1,3524): error TS1127: Invalid character.
src/services/firebaseService.ts(1,3525): error TS1127: Invalid character.
src/services/firebaseService.ts(1,3526): error TS1127: Invalid character.
src/services/firebaseService.ts(1,3527): error TS1127: Invalid character.
src/services/firebaseService.ts(1,3528): error TS1127: Invalid character.
src/services/firebaseService.ts(1,3529): error TS1127: Invalid character.
src/services/firebaseService.ts(1,3530): error TS1127: Invalid character.
src/services/firebaseService.ts(1,3531): error TS1127: Invalid character.
src/services/firebaseService.ts(1,3532): error TS1127: Invalid character.
src/services/firebaseService.ts(1,3533): error TS1127: Invalid character.
src/services/firebaseService.ts(1,3534): error TS1127: Invalid character.
src/services/firebaseService.ts(1,3535): error TS1127: Invalid character.
src/services/firebaseService.ts(1,3536): error TS1127: Invalid character.
src/services/firebaseService.ts(1,3537): error TS1127: Invalid character.
src/services/firebaseService.ts(1,3538): error TS1127: Invalid character.
src/services/firebaseService.ts(1,3539): error TS1127: Invalid character.
src/services/firebaseService.ts(1,3540): error TS1127: Invalid character.
src/services/firebaseService.ts(1,3541): error TS1127: Invalid character.
src/services/firebaseService.ts(1,3542): error TS1127: Invalid character.
src/services/firebaseService.ts(1,3543): error TS1127: Invalid character.
src/services/firebaseService.ts(1,3544): error TS1127: Invalid character.
src/services/firebaseService.ts(1,3545): error TS1127: Invalid character.
src/services/firebaseService.ts(1,3546): error TS1127: Invalid character.
src/services/firebaseService.ts(1,3547): error TS1127: Invalid character.
src/services/firebaseService.ts(1,3548): error TS1127: Invalid character.
src/services/firebaseService.ts(1,3549): error TS1127: Invalid character.
src/services/firebaseService.ts(1,3550): error TS1127: Invalid character.
src/services/firebaseService.ts(1,3551): error TS1127: Invalid character.
src/services/firebaseService.ts(1,3552): error TS1127: Invalid character.
src/services/firebaseService.ts(1,3553): error TS1127: Invalid character.
src/services/firebaseService.ts(1,3554): error TS1127: Invalid character.
src/services/firebaseService.ts(1,3555): error TS1127: Invalid character.
src/services/firebaseService.ts(1,3556): error TS1127: Invalid character.
src/services/firebaseService.ts(1,3557): error TS1127: Invalid character.
src/services/firebaseService.ts(1,3558): error TS1127: Invalid character.
src/services/firebaseService.ts(1,3559): error TS1127: Invalid character.
src/services/firebaseService.ts(1,3560): error TS1127: Invalid character.
src/services/firebaseService.ts(1,3561): error TS1127: Invalid character.
src/services/firebaseService.ts(1,3562): error TS1127: Invalid character.
src/services/firebaseService.ts(1,3563): error TS1127: Invalid character.
src/services/firebaseService.ts(1,3564): error TS1127: Invalid character.
src/services/firebaseService.ts(1,3565): error TS1127: Invalid character.
src/services/firebaseService.ts(1,3566): error TS1127: Invalid character.
src/services/firebaseService.ts(1,3567): error TS1127: Invalid character.
src/services/firebaseService.ts(1,3568): error TS1127: Invalid character.
src/services/firebaseService.ts(1,3569): error TS1127: Invalid character.
src/services/firebaseService.ts(1,3570): error TS1127: Invalid character.
src/services/firebaseService.ts(1,3571): error TS1127: Invalid character.
src/services/firebaseService.ts(1,3572): error TS1127: Invalid character.
src/services/firebaseService.ts(1,3573): error TS1127: Invalid character.
src/services/firebaseService.ts(1,3574): error TS1127: Invalid character.
src/services/firebaseService.ts(1,3575): error TS1127: Invalid character.
src/services/firebaseService.ts(1,3576): error TS1127: Invalid character.
src/services/firebaseService.ts(1,3577): error TS1127: Invalid character.
src/services/firebaseService.ts(1,3578): error TS1127: Invalid character.
src/services/firebaseService.ts(1,3579): error TS1127: Invalid character.
src/services/firebaseService.ts(1,3580): error TS1127: Invalid character.
src/services/firebaseService.ts(1,3581): error TS1127: Invalid character.
src/services/firebaseService.ts(1,3582): error TS1127: Invalid character.
src/services/firebaseService.ts(1,3583): error TS1127: Invalid character.
src/services/firebaseService.ts(1,3584): error TS1127: Invalid character.
src/services/firebaseService.ts(1,3585): error TS1127: Invalid character.
src/services/firebaseService.ts(1,3586): error TS1127: Invalid character.
src/services/firebaseService.ts(1,3587): error TS1127: Invalid character.
src/services/firebaseService.ts(1,3588): error TS1127: Invalid character.
src/services/firebaseService.ts(1,3589): error TS1127: Invalid character.
src/services/firebaseService.ts(1,3590): error TS1127: Invalid character.
src/services/firebaseService.ts(1,3591): error TS1127: Invalid character.
src/services/firebaseService.ts(1,3592): error TS1127: Invalid character.
src/services/firebaseService.ts(1,3593): error TS1127: Invalid character.
src/services/firebaseService.ts(1,3594): error TS1127: Invalid character.
src/services/firebaseService.ts(1,3595): error TS1127: Invalid character.
src/services/firebaseService.ts(1,3596): error TS1127: Invalid character.
src/services/firebaseService.ts(1,3597): error TS1127: Invalid character.
src/services/firebaseService.ts(1,3598): error TS1127: Invalid character.
src/services/firebaseService.ts(1,3599): error TS1127: Invalid character.
src/services/firebaseService.ts(1,3600): error TS1127: Invalid character.
src/services/firebaseService.ts(1,3601): error TS1127: Invalid character.
src/services/firebaseService.ts(1,3602): error TS1127: Invalid character.
src/services/firebaseService.ts(1,3603): error TS1127: Invalid character.
src/services/firebaseService.ts(1,3604): error TS1127: Invalid character.
src/services/firebaseService.ts(1,3605): error TS1127: Invalid character.
src/services/firebaseService.ts(1,3606): error TS1127: Invalid character.
src/services/firebaseService.ts(1,3607): error TS1127: Invalid character.
src/services/firebaseService.ts(1,3608): error TS1127: Invalid character.
src/services/firebaseService.ts(1,3609): error TS1127: Invalid character.
src/services/firebaseService.ts(1,3610): error TS1127: Invalid character.
src/services/firebaseService.ts(1,3611): error TS1127: Invalid character.
src/services/firebaseService.ts(1,3612): error TS1127: Invalid character.
src/services/firebaseService.ts(1,3613): error TS1127: Invalid character.
src/services/firebaseService.ts(1,3614): error TS1127: Invalid character.
src/services/firebaseService.ts(1,3615): error TS1127: Invalid character.
src/services/firebaseService.ts(1,3616): error TS1127: Invalid character.
src/services/firebaseService.ts(1,3617): error TS1127: Invalid character.
src/services/firebaseService.ts(1,3618): error TS1127: Invalid character.
src/services/firebaseService.ts(1,3619): error TS1127: Invalid character.
src/services/firebaseService.ts(1,3620): error TS1127: Invalid character.
src/services/firebaseService.ts(1,3621): error TS1127: Invalid character.
src/services/firebaseService.ts(1,3622): error TS1127: Invalid character.
src/services/firebaseService.ts(1,3623): error TS1127: Invalid character.
src/services/firebaseService.ts(1,3624): error TS1127: Invalid character.
src/services/firebaseService.ts(1,3625): error TS1127: Invalid character.
src/services/firebaseService.ts(1,3626): error TS1127: Invalid character.
src/services/firebaseService.ts(1,3627): error TS1127: Invalid character.
src/services/firebaseService.ts(1,3628): error TS1127: Invalid character.
src/services/firebaseService.ts(1,3629): error TS1127: Invalid character.
src/services/firebaseService.ts(1,3630): error TS1127: Invalid character.
src/services/firebaseService.ts(1,3631): error TS1127: Invalid character.
src/services/firebaseService.ts(1,3632): error TS1127: Invalid character.
src/services/firebaseService.ts(1,3633): error TS1127: Invalid character.
src/services/firebaseService.ts(1,3634): error TS1127: Invalid character.
src/services/firebaseService.ts(1,3635): error TS1127: Invalid character.
src/services/firebaseService.ts(1,3636): error TS1127: Invalid character.
src/services/firebaseService.ts(1,3637): error TS1127: Invalid character.
src/services/firebaseService.ts(1,3638): error TS1127: Invalid character.
src/services/firebaseService.ts(1,3639): error TS1127: Invalid character.
src/services/firebaseService.ts(1,3640): error TS1127: Invalid character.
src/services/firebaseService.ts(1,3641): error TS1127: Invalid character.
src/services/firebaseService.ts(1,3642): error TS1127: Invalid character.
src/services/firebaseService.ts(1,3643): error TS1127: Invalid character.
src/services/firebaseService.ts(1,3644): error TS1127: Invalid character.
src/services/firebaseService.ts(1,3645): error TS1127: Invalid character.
src/services/firebaseService.ts(1,3646): error TS1127: Invalid character.
src/services/firebaseService.ts(1,3647): error TS1127: Invalid character.
src/services/firebaseService.ts(1,3648): error TS1127: Invalid character.
src/services/firebaseService.ts(1,3649): error TS1127: Invalid character.
src/services/firebaseService.ts(1,3650): error TS1127: Invalid character.
src/services/firebaseService.ts(1,3651): error TS1127: Invalid character.
src/services/firebaseService.ts(1,3652): error TS1127: Invalid character.
src/services/firebaseService.ts(1,3653): error TS1127: Invalid character.
src/services/firebaseService.ts(1,3654): error TS1127: Invalid character.
src/services/firebaseService.ts(1,3655): error TS1127: Invalid character.
src/services/firebaseService.ts(1,3656): error TS1127: Invalid character.
src/services/firebaseService.ts(1,3657): error TS1127: Invalid character.
src/services/firebaseService.ts(1,3658): error TS1127: Invalid character.
src/services/firebaseService.ts(1,3659): error TS1127: Invalid character.
src/services/firebaseService.ts(1,3660): error TS1127: Invalid character.
src/services/firebaseService.ts(1,3661): error TS1127: Invalid character.
src/services/firebaseService.ts(1,3662): error TS1127: Invalid character.
src/services/firebaseService.ts(1,3663): error TS1127: Invalid character.
src/services/firebaseService.ts(1,3664): error TS1127: Invalid character.
src/services/firebaseService.ts(1,3665): error TS1127: Invalid character.
src/services/firebaseService.ts(1,3666): error TS1127: Invalid character.
src/services/firebaseService.ts(1,3667): error TS1127: Invalid character.
src/services/firebaseService.ts(1,3668): error TS1127: Invalid character.
src/services/firebaseService.ts(1,3669): error TS1127: Invalid character.
src/services/firebaseService.ts(1,3670): error TS1127: Invalid character.
src/services/firebaseService.ts(1,3671): error TS1127: Invalid character.
src/services/firebaseService.ts(1,3672): error TS1127: Invalid character.
src/services/firebaseService.ts(1,3673): error TS1127: Invalid character.
src/services/firebaseService.ts(1,3674): error TS1127: Invalid character.
src/services/firebaseService.ts(1,3675): error TS1127: Invalid character.
src/services/firebaseService.ts(1,3676): error TS1127: Invalid character.
src/services/firebaseService.ts(1,3677): error TS1127: Invalid character.
src/services/firebaseService.ts(1,3678): error TS1127: Invalid character.
src/services/firebaseService.ts(1,3679): error TS1127: Invalid character.
src/services/firebaseService.ts(1,3680): error TS1127: Invalid character.
src/services/firebaseService.ts(1,3681): error TS1127: Invalid character.
src/services/firebaseService.ts(1,3682): error TS1127: Invalid character.
src/services/firebaseService.ts(1,3683): error TS1127: Invalid character.
src/services/firebaseService.ts(1,3684): error TS1127: Invalid character.
src/services/firebaseService.ts(1,3685): error TS1127: Invalid character.
src/services/firebaseService.ts(1,3686): error TS1127: Invalid character.
src/services/firebaseService.ts(1,3687): error TS1127: Invalid character.
src/services/firebaseService.ts(1,3688): error TS1127: Invalid character.
src/services/firebaseService.ts(1,3689): error TS1127: Invalid character.
src/services/firebaseService.ts(1,3690): error TS1127: Invalid character.
src/services/firebaseService.ts(1,3691): error TS1127: Invalid character.
src/services/firebaseService.ts(1,3692): error TS1127: Invalid character.
src/services/firebaseService.ts(1,3693): error TS1127: Invalid character.
src/services/firebaseService.ts(1,3694): error TS1127: Invalid character.
src/services/firebaseService.ts(1,3695): error TS1127: Invalid character.
src/services/firebaseService.ts(1,3696): error TS1127: Invalid character.
src/services/firebaseService.ts(1,3697): error TS1127: Invalid character.
src/services/firebaseService.ts(1,3698): error TS1127: Invalid character.
src/services/firebaseService.ts(1,3699): error TS1127: Invalid character.
src/services/firebaseService.ts(1,3700): error TS1127: Invalid character.
src/services/firebaseService.ts(1,3701): error TS1127: Invalid character.
src/services/firebaseService.ts(1,3702): error TS1127: Invalid character.
src/services/firebaseService.ts(1,3703): error TS1127: Invalid character.
src/services/firebaseService.ts(1,3704): error TS1127: Invalid character.
src/services/firebaseService.ts(1,3705): error TS1127: Invalid character.
src/services/firebaseService.ts(1,3706): error TS1127: Invalid character.
src/services/firebaseService.ts(1,3707): error TS1127: Invalid character.
src/services/firebaseService.ts(1,3708): error TS1127: Invalid character.
src/services/firebaseService.ts(1,3709): error TS1127: Invalid character.
src/services/firebaseService.ts(1,3710): error TS1127: Invalid character.
src/services/firebaseService.ts(1,3711): error TS1127: Invalid character.
src/services/firebaseService.ts(1,3712): error TS1127: Invalid character.
src/services/firebaseService.ts(1,3713): error TS1127: Invalid character.
src/services/firebaseService.ts(1,3714): error TS1127: Invalid character.
src/services/firebaseService.ts(1,3715): error TS1127: Invalid character.
src/services/firebaseService.ts(1,3716): error TS1127: Invalid character.
src/services/firebaseService.ts(1,3717): error TS1127: Invalid character.
src/services/firebaseService.ts(1,3718): error TS1127: Invalid character.
src/services/firebaseService.ts(1,3719): error TS1127: Invalid character.
src/services/firebaseService.ts(1,3720): error TS1127: Invalid character.
src/services/firebaseService.ts(1,3721): error TS1127: Invalid character.
src/services/firebaseService.ts(1,3722): error TS1127: Invalid character.
src/services/firebaseService.ts(1,3723): error TS1127: Invalid character.
src/services/firebaseService.ts(1,3724): error TS1127: Invalid character.
src/services/firebaseService.ts(1,3725): error TS1127: Invalid character.
src/services/firebaseService.ts(1,3726): error TS1127: Invalid character.
src/services/firebaseService.ts(1,3727): error TS1127: Invalid character.
src/services/firebaseService.ts(1,3728): error TS1127: Invalid character.
src/services/firebaseService.ts(1,3729): error TS1127: Invalid character.
src/services/firebaseService.ts(1,3730): error TS1127: Invalid character.
src/services/firebaseService.ts(1,3731): error TS1127: Invalid character.
src/services/firebaseService.ts(1,3732): error TS1127: Invalid character.
src/services/firebaseService.ts(1,3733): error TS1127: Invalid character.
src/services/firebaseService.ts(1,3734): error TS1127: Invalid character.
src/services/firebaseService.ts(1,3735): error TS1127: Invalid character.
src/services/firebaseService.ts(1,3736): error TS1127: Invalid character.
src/services/firebaseService.ts(1,3737): error TS1127: Invalid character.
src/services/firebaseService.ts(1,3738): error TS1127: Invalid character.
src/services/firebaseService.ts(1,3739): error TS1127: Invalid character.
src/services/firebaseService.ts(1,3740): error TS1127: Invalid character.
src/services/firebaseService.ts(1,3741): error TS1127: Invalid character.
src/services/firebaseService.ts(1,3742): error TS1127: Invalid character.
src/services/firebaseService.ts(1,3743): error TS1127: Invalid character.
src/services/firebaseService.ts(1,3744): error TS1127: Invalid character.
src/services/firebaseService.ts(1,3745): error TS1127: Invalid character.
src/services/firebaseService.ts(1,3746): error TS1127: Invalid character.
src/services/firebaseService.ts(1,3747): error TS1127: Invalid character.
src/services/firebaseService.ts(1,3748): error TS1127: Invalid character.
src/services/firebaseService.ts(1,3749): error TS1127: Invalid character.
src/services/firebaseService.ts(1,3750): error TS1127: Invalid character.
src/services/firebaseService.ts(1,3751): error TS1127: Invalid character.
src/services/firebaseService.ts(1,3752): error TS1127: Invalid character.
src/services/firebaseService.ts(1,3753): error TS1127: Invalid character.
src/services/firebaseService.ts(1,3754): error TS1127: Invalid character.
src/services/firebaseService.ts(1,3755): error TS1127: Invalid character.
src/services/firebaseService.ts(1,3756): error TS1127: Invalid character.
src/services/firebaseService.ts(1,3757): error TS1127: Invalid character.
src/services/firebaseService.ts(1,3758): error TS1127: Invalid character.
src/services/firebaseService.ts(1,3759): error TS1127: Invalid character.
src/services/firebaseService.ts(1,3760): error TS1127: Invalid character.
src/services/firebaseService.ts(1,3761): error TS1127: Invalid character.
src/services/firebaseService.ts(1,3762): error TS1127: Invalid character.
src/services/firebaseService.ts(1,3763): error TS1127: Invalid character.
src/services/firebaseService.ts(1,3764): error TS1127: Invalid character.
src/services/firebaseService.ts(1,3765): error TS1127: Invalid character.
src/services/firebaseService.ts(1,3766): error TS1127: Invalid character.
src/services/firebaseService.ts(1,3767): error TS1127: Invalid character.
src/services/firebaseService.ts(1,3768): error TS1127: Invalid character.
src/services/firebaseService.ts(1,3769): error TS1127: Invalid character.
src/services/firebaseService.ts(1,3770): error TS1127: Invalid character.
src/services/firebaseService.ts(1,3771): error TS1127: Invalid character.
src/services/firebaseService.ts(1,3772): error TS1127: Invalid character.
src/services/firebaseService.ts(1,3773): error TS1127: Invalid character.
src/services/firebaseService.ts(1,3774): error TS1127: Invalid character.
src/services/firebaseService.ts(1,3775): error TS1127: Invalid character.
src/services/firebaseService.ts(1,3776): error TS1127: Invalid character.
src/services/firebaseService.ts(1,3777): error TS1127: Invalid character.
src/services/firebaseService.ts(1,3778): error TS1127: Invalid character.
src/services/firebaseService.ts(1,3779): error TS1127: Invalid character.
src/services/firebaseService.ts(1,3780): error TS1127: Invalid character.
src/services/firebaseService.ts(1,3781): error TS1127: Invalid character.
src/services/firebaseService.ts(1,3782): error TS1127: Invalid character.
src/services/firebaseService.ts(1,3783): error TS1127: Invalid character.
src/services/firebaseService.ts(1,3784): error TS1127: Invalid character.
src/services/firebaseService.ts(1,3785): error TS1127: Invalid character.
src/services/firebaseService.ts(1,3786): error TS1127: Invalid character.
src/services/firebaseService.ts(1,3787): error TS1127: Invalid character.
src/services/firebaseService.ts(1,3788): error TS1127: Invalid character.
src/services/firebaseService.ts(1,3789): error TS1127: Invalid character.
src/services/firebaseService.ts(1,3790): error TS1127: Invalid character.
src/services/firebaseService.ts(1,3791): error TS1127: Invalid character.
src/services/firebaseService.ts(1,3792): error TS1127: Invalid character.
src/services/firebaseService.ts(1,3793): error TS1127: Invalid character.
src/services/firebaseService.ts(1,3794): error TS1127: Invalid character.
src/services/firebaseService.ts(1,3795): error TS1127: Invalid character.
src/services/firebaseService.ts(1,3796): error TS1127: Invalid character.
src/services/firebaseService.ts(1,3797): error TS1127: Invalid character.
src/services/firebaseService.ts(1,3798): error TS1127: Invalid character.
src/services/firebaseService.ts(1,3799): error TS1127: Invalid character.
src/services/firebaseService.ts(1,3800): error TS1127: Invalid character.
src/services/firebaseService.ts(1,3801): error TS1127: Invalid character.
src/services/firebaseService.ts(1,3802): error TS1127: Invalid character.
src/services/firebaseService.ts(1,3803): error TS1127: Invalid character.
src/services/firebaseService.ts(1,3804): error TS1127: Invalid character.
src/services/firebaseService.ts(1,3805): error TS1127: Invalid character.
src/services/firebaseService.ts(1,3806): error TS1127: Invalid character.
src/services/firebaseService.ts(1,3807): error TS1127: Invalid character.
src/services/firebaseService.ts(1,3808): error TS1127: Invalid character.
src/services/firebaseService.ts(1,3809): error TS1127: Invalid character.
src/services/firebaseService.ts(1,3810): error TS1127: Invalid character.
src/services/firebaseService.ts(1,3811): error TS1127: Invalid character.
src/services/firebaseService.ts(1,3812): error TS1127: Invalid character.
src/services/firebaseService.ts(1,3813): error TS1127: Invalid character.
src/services/firebaseService.ts(1,3814): error TS1127: Invalid character.
src/services/firebaseService.ts(1,3815): error TS1127: Invalid character.
src/services/firebaseService.ts(1,3816): error TS1127: Invalid character.
src/services/firebaseService.ts(1,3817): error TS1127: Invalid character.
src/services/firebaseService.ts(1,3818): error TS1127: Invalid character.
src/services/firebaseService.ts(1,3819): error TS1127: Invalid character.
src/services/firebaseService.ts(1,3820): error TS1127: Invalid character.
src/services/firebaseService.ts(1,3821): error TS1127: Invalid character.
src/services/firebaseService.ts(1,3822): error TS1127: Invalid character.
src/services/firebaseService.ts(1,3823): error TS1127: Invalid character.
src/services/firebaseService.ts(1,3824): error TS1127: Invalid character.
src/services/firebaseService.ts(1,3825): error TS1127: Invalid character.
src/services/firebaseService.ts(1,3826): error TS1127: Invalid character.
src/services/firebaseService.ts(1,3827): error TS1127: Invalid character.
src/services/firebaseService.ts(1,3828): error TS1127: Invalid character.
src/services/firebaseService.ts(1,3829): error TS1127: Invalid character.
src/services/firebaseService.ts(1,3830): error TS1127: Invalid character.
src/services/firebaseService.ts(1,3831): error TS1127: Invalid character.
src/services/firebaseService.ts(1,3832): error TS1127: Invalid character.
src/services/firebaseService.ts(1,3833): error TS1127: Invalid character.
src/services/firebaseService.ts(1,3834): error TS1127: Invalid character.
src/services/firebaseService.ts(1,3835): error TS1127: Invalid character.
src/services/firebaseService.ts(1,3836): error TS1127: Invalid character.
src/services/firebaseService.ts(1,3837): error TS1127: Invalid character.
src/services/firebaseService.ts(1,3838): error TS1127: Invalid character.
src/services/firebaseService.ts(1,3839): error TS1127: Invalid character.
src/services/firebaseService.ts(1,3840): error TS1127: Invalid character.
src/services/firebaseService.ts(1,3841): error TS1127: Invalid character.
src/services/firebaseService.ts(1,3842): error TS1127: Invalid character.
src/services/firebaseService.ts(1,3843): error TS1127: Invalid character.
src/services/firebaseService.ts(1,3844): error TS1127: Invalid character.
src/services/firebaseService.ts(1,3845): error TS1127: Invalid character.
src/services/firebaseService.ts(1,3846): error TS1127: Invalid character.
src/services/firebaseService.ts(1,3847): error TS1127: Invalid character.
src/services/firebaseService.ts(1,3848): error TS1127: Invalid character.
src/services/firebaseService.ts(1,3849): error TS1127: Invalid character.
src/services/firebaseService.ts(1,3850): error TS1127: Invalid character.
src/services/firebaseService.ts(1,3851): error TS1127: Invalid character.
src/services/firebaseService.ts(1,3852): error TS1127: Invalid character.
src/services/firebaseService.ts(1,3853): error TS1127: Invalid character.
src/services/firebaseService.ts(1,3854): error TS1127: Invalid character.
src/services/firebaseService.ts(1,3855): error TS1127: Invalid character.
src/services/firebaseService.ts(1,3856): error TS1127: Invalid character.
src/services/firebaseService.ts(1,3857): error TS1127: Invalid character.
src/services/firebaseService.ts(1,3858): error TS1127: Invalid character.
src/services/firebaseService.ts(1,3859): error TS1127: Invalid character.
src/services/firebaseService.ts(1,3860): error TS1127: Invalid character.
src/services/firebaseService.ts(1,3861): error TS1127: Invalid character.
src/services/firebaseService.ts(1,3862): error TS1127: Invalid character.
src/services/firebaseService.ts(1,3863): error TS1127: Invalid character.
src/services/firebaseService.ts(1,3864): error TS1127: Invalid character.
src/services/firebaseService.ts(1,3865): error TS1127: Invalid character.
src/services/firebaseService.ts(1,3866): error TS1127: Invalid character.
src/services/firebaseService.ts(1,3867): error TS1127: Invalid character.
src/services/firebaseService.ts(1,3868): error TS1127: Invalid character.
src/services/firebaseService.ts(1,3869): error TS1127: Invalid character.
src/services/firebaseService.ts(1,3870): error TS1127: Invalid character.
src/services/firebaseService.ts(1,3871): error TS1127: Invalid character.
src/services/firebaseService.ts(1,3872): error TS1127: Invalid character.
src/services/firebaseService.ts(1,3873): error TS1127: Invalid character.
src/services/firebaseService.ts(1,3874): error TS1127: Invalid character.
src/services/firebaseService.ts(1,3875): error TS1127: Invalid character.
src/services/firebaseService.ts(1,3876): error TS1127: Invalid character.
src/services/firebaseService.ts(1,3877): error TS1127: Invalid character.
src/services/firebaseService.ts(1,3878): error TS1127: Invalid character.
src/services/firebaseService.ts(1,3879): error TS1127: Invalid character.
src/services/firebaseService.ts(1,3880): error TS1127: Invalid character.
src/services/firebaseService.ts(1,3881): error TS1127: Invalid character.
src/services/firebaseService.ts(1,3882): error TS1127: Invalid character.
src/services/firebaseService.ts(1,3883): error TS1127: Invalid character.
src/services/firebaseService.ts(1,3884): error TS1127: Invalid character.
src/services/firebaseService.ts(1,3885): error TS1127: Invalid character.
src/services/firebaseService.ts(1,3886): error TS1127: Invalid character.
src/services/firebaseService.ts(1,3887): error TS1127: Invalid character.
src/services/firebaseService.ts(1,3888): error TS1127: Invalid character.
src/services/firebaseService.ts(1,3889): error TS1127: Invalid character.
src/services/firebaseService.ts(1,3890): error TS1127: Invalid character.
src/services/firebaseService.ts(1,3891): error TS1127: Invalid character.
src/services/firebaseService.ts(1,3892): error TS1127: Invalid character.
src/services/firebaseService.ts(1,3893): error TS1127: Invalid character.
src/services/firebaseService.ts(1,3894): error TS1127: Invalid character.
src/services/firebaseService.ts(1,3895): error TS1127: Invalid character.
src/services/firebaseService.ts(1,3896): error TS1127: Invalid character.
src/services/firebaseService.ts(1,3897): error TS1127: Invalid character.
src/services/firebaseService.ts(1,3898): error TS1127: Invalid character.
src/services/firebaseService.ts(1,3899): error TS1127: Invalid character.
src/services/firebaseService.ts(1,3900): error TS1127: Invalid character.
src/services/firebaseService.ts(1,3901): error TS1127: Invalid character.
src/services/firebaseService.ts(1,3902): error TS1127: Invalid character.
src/services/firebaseService.ts(1,3903): error TS1127: Invalid character.
src/services/firebaseService.ts(1,3904): error TS1127: Invalid character.
src/services/firebaseService.ts(1,3905): error TS1127: Invalid character.
src/services/firebaseService.ts(1,3906): error TS1127: Invalid character.
src/services/firebaseService.ts(1,3907): error TS1127: Invalid character.
src/services/firebaseService.ts(1,3908): error TS1127: Invalid character.
src/services/firebaseService.ts(1,3909): error TS1127: Invalid character.
src/services/firebaseService.ts(1,3910): error TS1127: Invalid character.
src/services/firebaseService.ts(1,3911): error TS1127: Invalid character.
src/services/firebaseService.ts(1,3912): error TS1127: Invalid character.
src/services/firebaseService.ts(1,3913): error TS1127: Invalid character.
src/services/firebaseService.ts(1,3914): error TS1127: Invalid character.
src/services/firebaseService.ts(1,3915): error TS1127: Invalid character.
src/services/firebaseService.ts(1,3916): error TS1127: Invalid character.
src/services/firebaseService.ts(1,3917): error TS1127: Invalid character.
src/services/firebaseService.ts(1,3918): error TS1127: Invalid character.
src/services/firebaseService.ts(1,3919): error TS1127: Invalid character.
src/services/firebaseService.ts(1,3920): error TS1127: Invalid character.
src/services/firebaseService.ts(1,3921): error TS1127: Invalid character.
src/services/firebaseService.ts(1,3922): error TS1127: Invalid character.
src/services/firebaseService.ts(1,3923): error TS1127: Invalid character.
src/services/firebaseService.ts(1,3924): error TS1127: Invalid character.
src/services/firebaseService.ts(1,3925): error TS1127: Invalid character.
src/services/firebaseService.ts(1,3926): error TS1127: Invalid character.
src/services/firebaseService.ts(1,3927): error TS1127: Invalid character.
src/services/firebaseService.ts(1,3928): error TS1127: Invalid character.
src/services/firebaseService.ts(1,3929): error TS1127: Invalid character.
src/services/firebaseService.ts(1,3930): error TS1127: Invalid character.
src/services/firebaseService.ts(1,3931): error TS1127: Invalid character.
src/services/firebaseService.ts(1,3932): error TS1127: Invalid character.
src/services/firebaseService.ts(1,3933): error TS1127: Invalid character.
src/services/firebaseService.ts(1,3934): error TS1127: Invalid character.
src/services/firebaseService.ts(1,3935): error TS1127: Invalid character.
src/services/firebaseService.ts(1,3936): error TS1127: Invalid character.
src/services/firebaseService.ts(1,3937): error TS1127: Invalid character.
src/services/firebaseService.ts(1,3938): error TS1127: Invalid character.
src/services/firebaseService.ts(1,3939): error TS1127: Invalid character.
src/services/firebaseService.ts(1,3940): error TS1127: Invalid character.
src/services/firebaseService.ts(1,3941): error TS1127: Invalid character.
src/services/firebaseService.ts(1,3942): error TS1127: Invalid character.
src/services/firebaseService.ts(1,3943): error TS1127: Invalid character.
src/services/firebaseService.ts(1,3944): error TS1127: Invalid character.
src/services/firebaseService.ts(1,3945): error TS1127: Invalid character.
src/services/firebaseService.ts(1,3946): error TS1127: Invalid character.
src/services/firebaseService.ts(1,3947): error TS1127: Invalid character.
src/services/firebaseService.ts(1,3948): error TS1127: Invalid character.
src/services/firebaseService.ts(1,3949): error TS1127: Invalid character.
src/services/firebaseService.ts(1,3950): error TS1127: Invalid character.
src/services/firebaseService.ts(1,3951): error TS1127: Invalid character.
src/services/firebaseService.ts(1,3952): error TS1127: Invalid character.
src/services/firebaseService.ts(1,3953): error TS1127: Invalid character.
src/services/firebaseService.ts(1,3954): error TS1127: Invalid character.
src/services/firebaseService.ts(1,3955): error TS1127: Invalid character.
src/services/firebaseService.ts(1,3956): error TS1127: Invalid character.
src/services/firebaseService.ts(1,3957): error TS1127: Invalid character.
src/services/firebaseService.ts(1,3958): error TS1127: Invalid character.
src/services/firebaseService.ts(1,3959): error TS1127: Invalid character.
src/services/firebaseService.ts(1,3960): error TS1127: Invalid character.
src/services/firebaseService.ts(1,3961): error TS1127: Invalid character.
src/services/firebaseService.ts(1,3962): error TS1127: Invalid character.
src/services/firebaseService.ts(1,3963): error TS1127: Invalid character.
src/services/firebaseService.ts(1,3964): error TS1127: Invalid character.
src/services/firebaseService.ts(1,3965): error TS1127: Invalid character.
src/services/firebaseService.ts(1,3966): error TS1127: Invalid character.
src/services/firebaseService.ts(1,3967): error TS1127: Invalid character.
src/services/firebaseService.ts(1,3968): error TS1127: Invalid character.
src/services/firebaseService.ts(1,3969): error TS1127: Invalid character.
src/services/firebaseService.ts(1,3970): error TS1127: Invalid character.
src/services/firebaseService.ts(1,3971): error TS1127: Invalid character.
src/services/firebaseService.ts(1,3972): error TS1127: Invalid character.
src/services/firebaseService.ts(1,3973): error TS1127: Invalid character.
src/services/firebaseService.ts(1,3974): error TS1127: Invalid character.
src/services/firebaseService.ts(1,3975): error TS1127: Invalid character.
src/services/firebaseService.ts(1,3976): error TS1127: Invalid character.
src/services/firebaseService.ts(1,3977): error TS1127: Invalid character.
src/services/firebaseService.ts(1,3978): error TS1127: Invalid character.
src/services/firebaseService.ts(1,3979): error TS1127: Invalid character.
src/services/firebaseService.ts(1,3980): error TS1127: Invalid character.
src/services/firebaseService.ts(1,3981): error TS1127: Invalid character.
src/services/firebaseService.ts(1,3982): error TS1127: Invalid character.
src/services/firebaseService.ts(1,3983): error TS1127: Invalid character.
src/services/firebaseService.ts(1,3984): error TS1127: Invalid character.
src/services/firebaseService.ts(1,3985): error TS1127: Invalid character.
src/services/firebaseService.ts(1,3986): error TS1127: Invalid character.
src/services/firebaseService.ts(1,3987): error TS1127: Invalid character.
src/services/firebaseService.ts(1,3988): error TS1127: Invalid character.
src/services/firebaseService.ts(1,3989): error TS1127: Invalid character.
src/services/firebaseService.ts(1,3990): error TS1127: Invalid character.
src/services/firebaseService.ts(1,3991): error TS1127: Invalid character.
src/services/firebaseService.ts(1,3992): error TS1127: Invalid character.
src/services/firebaseService.ts(1,3993): error TS1127: Invalid character.
src/services/firebaseService.ts(1,3994): error TS1127: Invalid character.
src/services/firebaseService.ts(1,3995): error TS1127: Invalid character.
src/services/firebaseService.ts(1,3996): error TS1127: Invalid character.
src/services/firebaseService.ts(1,3997): error TS1127: Invalid character.
src/services/firebaseService.ts(1,3998): error TS1127: Invalid character.
src/services/firebaseService.ts(1,3999): error TS1127: Invalid character.
src/services/firebaseService.ts(1,4000): error TS1127: Invalid character.
src/services/firebaseService.ts(1,4001): error TS1127: Invalid character.
src/services/firebaseService.ts(1,4002): error TS1127: Invalid character.
src/services/firebaseService.ts(1,4003): error TS1127: Invalid character.
src/services/firebaseService.ts(1,4004): error TS1127: Invalid character.
src/services/firebaseService.ts(1,4005): error TS1127: Invalid character.
src/services/firebaseService.ts(1,4006): error TS1127: Invalid character.
src/services/firebaseService.ts(1,4007): error TS1127: Invalid character.
src/services/firebaseService.ts(1,4008): error TS1127: Invalid character.
src/services/firebaseService.ts(1,4009): error TS1127: Invalid character.
src/services/firebaseService.ts(1,4010): error TS1127: Invalid character.
src/services/firebaseService.ts(1,4011): error TS1127: Invalid character.
src/services/firebaseService.ts(1,4012): error TS1127: Invalid character.
src/services/firebaseService.ts(1,4013): error TS1127: Invalid character.
src/services/firebaseService.ts(1,4014): error TS1127: Invalid character.
src/services/firebaseService.ts(1,4015): error TS1127: Invalid character.
src/services/firebaseService.ts(1,4016): error TS1127: Invalid character.
src/services/firebaseService.ts(1,4017): error TS1127: Invalid character.
src/services/firebaseService.ts(1,4018): error TS1127: Invalid character.
src/services/firebaseService.ts(1,4019): error TS1127: Invalid character.
src/services/firebaseService.ts(1,4020): error TS1127: Invalid character.
src/services/firebaseService.ts(1,4021): error TS1127: Invalid character.
src/services/firebaseService.ts(1,4022): error TS1127: Invalid character.
src/services/firebaseService.ts(1,4023): error TS1127: Invalid character.
src/services/firebaseService.ts(1,4024): error TS1127: Invalid character.
src/services/firebaseService.ts(1,4025): error TS1127: Invalid character.
src/services/firebaseService.ts(1,4026): error TS1127: Invalid character.
src/services/firebaseService.ts(1,4027): error TS1127: Invalid character.
src/services/firebaseService.ts(1,4028): error TS1127: Invalid character.
src/services/firebaseService.ts(1,4029): error TS1127: Invalid character.
src/services/firebaseService.ts(1,4030): error TS1127: Invalid character.
src/services/firebaseService.ts(1,4031): error TS1127: Invalid character.
src/services/firebaseService.ts(1,4032): error TS1127: Invalid character.
src/services/firebaseService.ts(1,4033): error TS1127: Invalid character.
src/services/firebaseService.ts(1,4034): error TS1127: Invalid character.
src/services/firebaseService.ts(1,4035): error TS1127: Invalid character.
src/services/firebaseService.ts(1,4036): error TS1127: Invalid character.
src/services/firebaseService.ts(1,4037): error TS1127: Invalid character.
src/services/firebaseService.ts(1,4038): error TS1127: Invalid character.
src/services/firebaseService.ts(1,4039): error TS1127: Invalid character.
src/services/firebaseService.ts(1,4040): error TS1127: Invalid character.
src/services/firebaseService.ts(1,4041): error TS1127: Invalid character.
src/services/firebaseService.ts(1,4042): error TS1127: Invalid character.
src/services/firebaseService.ts(1,4043): error TS1127: Invalid character.
src/services/firebaseService.ts(1,4044): error TS1127: Invalid character.
src/services/firebaseService.ts(1,4045): error TS1127: Invalid character.
src/services/firebaseService.ts(1,4046): error TS1127: Invalid character.
src/services/firebaseService.ts(1,4047): error TS1127: Invalid character.
src/services/firebaseService.ts(1,4048): error TS1127: Invalid character.
src/services/firebaseService.ts(1,4049): error TS1127: Invalid character.
src/services/firebaseService.ts(1,4050): error TS1127: Invalid character.
src/services/firebaseService.ts(1,4051): error TS1127: Invalid character.
src/services/firebaseService.ts(1,4052): error TS1127: Invalid character.
src/services/firebaseService.ts(1,4053): error TS1127: Invalid character.
src/services/firebaseService.ts(1,4054): error TS1127: Invalid character.
src/services/firebaseService.ts(1,4055): error TS1127: Invalid character.
src/services/firebaseService.ts(1,4056): error TS1127: Invalid character.
src/services/firebaseService.ts(1,4057): error TS1127: Invalid character.
src/services/firebaseService.ts(1,4058): error TS1127: Invalid character.
src/services/firebaseService.ts(1,4059): error TS1127: Invalid character.
src/services/firebaseService.ts(1,4060): error TS1127: Invalid character.
src/services/firebaseService.ts(1,4061): error TS1127: Invalid character.
src/services/firebaseService.ts(1,4062): error TS1127: Invalid character.
src/services/firebaseService.ts(1,4063): error TS1127: Invalid character.
src/services/firebaseService.ts(1,4064): error TS1127: Invalid character.
src/services/firebaseService.ts(1,4065): error TS1127: Invalid character.
src/services/firebaseService.ts(1,4066): error TS1127: Invalid character.
src/services/firebaseService.ts(1,4067): error TS1127: Invalid character.
src/services/firebaseService.ts(1,4068): error TS1127: Invalid character.
src/services/firebaseService.ts(1,4069): error TS1127: Invalid character.
src/services/firebaseService.ts(1,4070): error TS1127: Invalid character.
src/services/firebaseService.ts(1,4071): error TS1127: Invalid character.
src/services/firebaseService.ts(1,4072): error TS1127: Invalid character.
src/services/firebaseService.ts(1,4073): error TS1127: Invalid character.
src/services/firebaseService.ts(1,4074): error TS1127: Invalid character.
src/services/firebaseService.ts(1,4075): error TS1127: Invalid character.
src/services/firebaseService.ts(1,4076): error TS1127: Invalid character.
src/services/firebaseService.ts(1,4077): error TS1127: Invalid character.
src/services/firebaseService.ts(1,4078): error TS1127: Invalid character.
src/services/firebaseService.ts(1,4079): error TS1127: Invalid character.
src/services/firebaseService.ts(1,4080): error TS1127: Invalid character.
src/services/firebaseService.ts(1,4081): error TS1127: Invalid character.
src/services/firebaseService.ts(1,4082): error TS1127: Invalid character.
src/services/firebaseService.ts(1,4083): error TS1127: Invalid character.
src/services/firebaseService.ts(1,4084): error TS1127: Invalid character.
src/services/firebaseService.ts(1,4085): error TS1127: Invalid character.
src/services/firebaseService.ts(1,4086): error TS1127: Invalid character.
src/services/firebaseService.ts(1,4087): error TS1127: Invalid character.
src/services/firebaseService.ts(1,4088): error TS1127: Invalid character.
src/services/firebaseService.ts(1,4089): error TS1127: Invalid character.
src/services/firebaseService.ts(1,4090): error TS1127: Invalid character.
src/services/firebaseService.ts(1,4091): error TS1127: Invalid character.
src/services/firebaseService.ts(1,4092): error TS1127: Invalid character.
src/services/firebaseService.ts(1,4093): error TS1127: Invalid character.
src/services/firebaseService.ts(1,4094): error TS1127: Invalid character.
src/services/firebaseService.ts(1,4095): error TS1127: Invalid character.
src/services/firebaseService.ts(1,4096): error TS1127: Invalid character.
src/services/firebaseService.ts(1,4097): error TS1127: Invalid character.
src/services/firebaseService.ts(1,4098): error TS1127: Invalid character.
src/services/firebaseService.ts(1,4099): error TS1127: Invalid character.
src/services/firebaseService.ts(1,4100): error TS1127: Invalid character.
src/services/firebaseService.ts(1,4101): error TS1127: Invalid character.
src/services/firebaseService.ts(1,4102): error TS1127: Invalid character.
src/services/firebaseService.ts(1,4103): error TS1127: Invalid character.
src/services/firebaseService.ts(1,4104): error TS1127: Invalid character.
src/services/firebaseService.ts(1,4105): error TS1127: Invalid character.
src/services/firebaseService.ts(1,4106): error TS1127: Invalid character.
src/services/firebaseService.ts(1,4107): error TS1127: Invalid character.
src/services/firebaseService.ts(1,4108): error TS1127: Invalid character.
src/services/firebaseService.ts(1,4109): error TS1127: Invalid character.
src/services/firebaseService.ts(1,4110): error TS1127: Invalid character.
src/services/firebaseService.ts(1,4111): error TS1127: Invalid character.
src/services/firebaseService.ts(1,4112): error TS1127: Invalid character.
src/services/firebaseService.ts(1,4113): error TS1127: Invalid character.
src/services/firebaseService.ts(1,4114): error TS1127: Invalid character.
src/services/firebaseService.ts(1,4115): error TS1127: Invalid character.
src/services/firebaseService.ts(1,4116): error TS1127: Invalid character.
src/services/firebaseService.ts(1,4117): error TS1127: Invalid character.
src/services/firebaseService.ts(1,4118): error TS1127: Invalid character.
src/services/firebaseService.ts(1,4119): error TS1127: Invalid character.
src/services/firebaseService.ts(1,4120): error TS1127: Invalid character.
src/services/firebaseService.ts(1,4121): error TS1127: Invalid character.
src/services/firebaseService.ts(1,4122): error TS1127: Invalid character.
src/services/firebaseService.ts(1,4123): error TS1127: Invalid character.
src/services/firebaseService.ts(1,4124): error TS1127: Invalid character.
src/services/firebaseService.ts(1,4125): error TS1127: Invalid character.
src/services/firebaseService.ts(1,4126): error TS1127: Invalid character.
src/services/firebaseService.ts(1,4127): error TS1127: Invalid character.
src/services/firebaseService.ts(1,4128): error TS1127: Invalid character.
src/services/firebaseService.ts(1,4129): error TS1127: Invalid character.
src/services/firebaseService.ts(1,4130): error TS1127: Invalid character.
src/services/firebaseService.ts(1,4131): error TS1127: Invalid character.
src/services/firebaseService.ts(1,4132): error TS1127: Invalid character.
src/services/firebaseService.ts(1,4133): error TS1127: Invalid character.
src/services/firebaseService.ts(1,4134): error TS1127: Invalid character.
src/services/firebaseService.ts(1,4135): error TS1127: Invalid character.
src/services/firebaseService.ts(1,4136): error TS1127: Invalid character.
src/services/firebaseService.ts(1,4137): error TS1127: Invalid character.
src/services/firebaseService.ts(1,4138): error TS1127: Invalid character.
src/services/firebaseService.ts(1,4139): error TS1127: Invalid character.
src/services/firebaseService.ts(1,4140): error TS1127: Invalid character.
src/services/firebaseService.ts(1,4141): error TS1127: Invalid character.
src/services/firebaseService.ts(1,4142): error TS1127: Invalid character.
src/services/firebaseService.ts(1,4143): error TS1127: Invalid character.
src/services/firebaseService.ts(1,4144): error TS1127: Invalid character.
src/services/firebaseService.ts(1,4145): error TS1127: Invalid character.
src/services/firebaseService.ts(1,4146): error TS1127: Invalid character.
src/services/firebaseService.ts(1,4147): error TS1127: Invalid character.
src/services/firebaseService.ts(1,4148): error TS1127: Invalid character.
src/services/firebaseService.ts(1,4149): error TS1127: Invalid character.
src/services/firebaseService.ts(1,4150): error TS1127: Invalid character.
src/services/firebaseService.ts(1,4151): error TS1127: Invalid character.
src/services/firebaseService.ts(1,4152): error TS1127: Invalid character.
src/services/firebaseService.ts(1,4153): error TS1127: Invalid character.
src/services/firebaseService.ts(1,4154): error TS1127: Invalid character.
src/services/firebaseService.ts(1,4155): error TS1127: Invalid character.
src/services/firebaseService.ts(1,4156): error TS1127: Invalid character.
src/services/firebaseService.ts(1,4157): error TS1127: Invalid character.
src/services/firebaseService.ts(1,4158): error TS1127: Invalid character.
src/services/firebaseService.ts(1,4159): error TS1127: Invalid character.
src/services/firebaseService.ts(1,4160): error TS1127: Invalid character.
src/services/firebaseService.ts(1,4161): error TS1127: Invalid character.
src/services/firebaseService.ts(1,4162): error TS1127: Invalid character.
src/services/firebaseService.ts(1,4163): error TS1127: Invalid character.
src/services/firebaseService.ts(1,4164): error TS1127: Invalid character.
src/services/firebaseService.ts(1,4165): error TS1127: Invalid character.
src/services/firebaseService.ts(1,4166): error TS1127: Invalid character.
src/services/firebaseService.ts(1,4167): error TS1127: Invalid character.
src/services/firebaseService.ts(1,4168): error TS1127: Invalid character.
src/services/firebaseService.ts(1,4169): error TS1127: Invalid character.
src/services/firebaseService.ts(1,4170): error TS1127: Invalid character.
src/services/firebaseService.ts(1,4171): error TS1127: Invalid character.
src/services/firebaseService.ts(1,4172): error TS1127: Invalid character.
src/services/firebaseService.ts(1,4173): error TS1127: Invalid character.
src/services/firebaseService.ts(1,4174): error TS1127: Invalid character.
src/services/firebaseService.ts(1,4175): error TS1127: Invalid character.
src/services/firebaseService.ts(1,4176): error TS1127: Invalid character.
src/services/firebaseService.ts(1,4177): error TS1127: Invalid character.
src/services/firebaseService.ts(1,4178): error TS1127: Invalid character.
src/services/firebaseService.ts(1,4179): error TS1127: Invalid character.
src/services/firebaseService.ts(1,4180): error TS1127: Invalid character.
src/services/firebaseService.ts(1,4181): error TS1127: Invalid character.
src/services/firebaseService.ts(1,4182): error TS1127: Invalid character.
src/services/firebaseService.ts(1,4183): error TS1127: Invalid character.
src/services/firebaseService.ts(1,4184): error TS1127: Invalid character.
src/services/firebaseService.ts(1,4185): error TS1127: Invalid character.
src/services/firebaseService.ts(1,4186): error TS1127: Invalid character.
src/services/firebaseService.ts(1,4187): error TS1127: Invalid character.
src/services/firebaseService.ts(1,4188): error TS1127: Invalid character.
src/services/firebaseService.ts(1,4189): error TS1127: Invalid character.
src/services/firebaseService.ts(1,4190): error TS1127: Invalid character.
src/services/firebaseService.ts(1,4191): error TS1127: Invalid character.
src/services/firebaseService.ts(1,4192): error TS1127: Invalid character.
src/services/firebaseService.ts(1,4193): error TS1127: Invalid character.
src/services/firebaseService.ts(1,4194): error TS1127: Invalid character.
src/services/firebaseService.ts(1,4195): error TS1127: Invalid character.
src/services/firebaseService.ts(1,4196): error TS1127: Invalid character.
src/services/firebaseService.ts(1,4197): error TS1127: Invalid character.
src/services/firebaseService.ts(1,4198): error TS1127: Invalid character.
src/services/firebaseService.ts(1,4199): error TS1127: Invalid character.
src/services/firebaseService.ts(1,4200): error TS1127: Invalid character.
src/services/firebaseService.ts(1,4201): error TS1127: Invalid character.
src/services/firebaseService.ts(1,4202): error TS1127: Invalid character.
src/services/firebaseService.ts(1,4203): error TS1127: Invalid character.
src/services/firebaseService.ts(1,4204): error TS1127: Invalid character.
src/services/firebaseService.ts(1,4205): error TS1127: Invalid character.
src/services/firebaseService.ts(1,4206): error TS1127: Invalid character.
src/services/firebaseService.ts(1,4207): error TS1127: Invalid character.
src/services/firebaseService.ts(1,4208): error TS1127: Invalid character.
src/services/firebaseService.ts(1,4209): error TS1127: Invalid character.
src/services/firebaseService.ts(1,4210): error TS1127: Invalid character.
src/services/firebaseService.ts(1,4211): error TS1127: Invalid character.
src/services/firebaseService.ts(1,4212): error TS1127: Invalid character.
src/services/firebaseService.ts(1,4213): error TS1127: Invalid character.
src/services/firebaseService.ts(1,4214): error TS1127: Invalid character.
src/services/firebaseService.ts(1,4215): error TS1127: Invalid character.
src/services/firebaseService.ts(1,4216): error TS1127: Invalid character.
src/services/firebaseService.ts(1,4217): error TS1127: Invalid character.
src/services/firebaseService.ts(1,4218): error TS1127: Invalid character.
src/services/firebaseService.ts(1,4219): error TS1127: Invalid character.
src/services/firebaseService.ts(1,4220): error TS1127: Invalid character.
src/services/firebaseService.ts(1,4221): error TS1127: Invalid character.
src/services/firebaseService.ts(1,4222): error TS1127: Invalid character.
src/services/firebaseService.ts(1,4223): error TS1127: Invalid character.
src/services/firebaseService.ts(1,4224): error TS1127: Invalid character.
src/services/firebaseService.ts(1,4225): error TS1127: Invalid character.
src/services/firebaseService.ts(1,4226): error TS1127: Invalid character.
src/services/firebaseService.ts(1,4227): error TS1127: Invalid character.
src/services/firebaseService.ts(1,4228): error TS1127: Invalid character.
src/services/firebaseService.ts(1,4229): error TS1127: Invalid character.
src/services/firebaseService.ts(1,4230): error TS1127: Invalid character.
src/services/firebaseService.ts(1,4231): error TS1127: Invalid character.
src/services/firebaseService.ts(1,4232): error TS1127: Invalid character.
src/services/firebaseService.ts(1,4233): error TS1127: Invalid character.
src/services/firebaseService.ts(1,4234): error TS1127: Invalid character.
src/services/firebaseService.ts(1,4235): error TS1127: Invalid character.
src/services/firebaseService.ts(1,4236): error TS1127: Invalid character.
src/services/firebaseService.ts(1,4237): error TS1127: Invalid character.
src/services/firebaseService.ts(1,4238): error TS1127: Invalid character.
src/services/firebaseService.ts(1,4239): error TS1127: Invalid character.
src/services/firebaseService.ts(1,4240): error TS1127: Invalid character.
src/services/firebaseService.ts(1,4241): error TS1127: Invalid character.
src/services/firebaseService.ts(1,4242): error TS1127: Invalid character.
src/services/firebaseService.ts(1,4243): error TS1127: Invalid character.
src/services/firebaseService.ts(1,4244): error TS1127: Invalid character.
src/services/firebaseService.ts(1,4245): error TS1127: Invalid character.
src/services/firebaseService.ts(1,4246): error TS1127: Invalid character.
src/services/firebaseService.ts(1,4247): error TS1127: Invalid character.
src/services/firebaseService.ts(1,4248): error TS1127: Invalid character.
src/services/firebaseService.ts(1,4249): error TS1127: Invalid character.
src/services/firebaseService.ts(1,4250): error TS1127: Invalid character.
src/services/firebaseService.ts(1,4251): error TS1127: Invalid character.
src/services/firebaseService.ts(1,4252): error TS1127: Invalid character.
src/services/firebaseService.ts(1,4253): error TS1127: Invalid character.
src/services/firebaseService.ts(1,4254): error TS1127: Invalid character.
src/services/firebaseService.ts(1,4255): error TS1127: Invalid character.
src/services/firebaseService.ts(1,4256): error TS1127: Invalid character.
src/services/firebaseService.ts(1,4257): error TS1127: Invalid character.
src/services/firebaseService.ts(1,4258): error TS1127: Invalid character.
src/services/firebaseService.ts(1,4259): error TS1127: Invalid character.
src/services/firebaseService.ts(1,4260): error TS1127: Invalid character.
src/services/firebaseService.ts(1,4261): error TS1127: Invalid character.
src/services/firebaseService.ts(1,4262): error TS1127: Invalid character.
src/services/firebaseService.ts(1,4263): error TS1127: Invalid character.
src/services/firebaseService.ts(1,4264): error TS1127: Invalid character.
src/services/firebaseService.ts(1,4265): error TS1127: Invalid character.
src/services/firebaseService.ts(1,4266): error TS1127: Invalid character.
src/services/firebaseService.ts(1,4267): error TS1127: Invalid character.
src/services/firebaseService.ts(1,4268): error TS1127: Invalid character.
src/services/firebaseService.ts(1,4269): error TS1127: Invalid character.
src/services/firebaseService.ts(1,4270): error TS1127: Invalid character.
src/services/firebaseService.ts(1,4271): error TS1127: Invalid character.
src/services/firebaseService.ts(1,4272): error TS1127: Invalid character.
src/services/firebaseService.ts(1,4273): error TS1127: Invalid character.
src/services/firebaseService.ts(1,4274): error TS1127: Invalid character.
src/services/firebaseService.ts(1,4275): error TS1127: Invalid character.
src/services/firebaseService.ts(1,4276): error TS1127: Invalid character.
src/services/firebaseService.ts(1,4277): error TS1127: Invalid character.
src/services/firebaseService.ts(1,4278): error TS1127: Invalid character.
src/services/firebaseService.ts(1,4279): error TS1127: Invalid character.
src/services/firebaseService.ts(1,4280): error TS1127: Invalid character.
src/services/firebaseService.ts(1,4281): error TS1127: Invalid character.
src/services/firebaseService.ts(1,4282): error TS1127: Invalid character.
src/services/firebaseService.ts(1,4283): error TS1127: Invalid character.
src/services/firebaseService.ts(1,4284): error TS1127: Invalid character.
src/services/firebaseService.ts(1,4285): error TS1127: Invalid character.
src/services/firebaseService.ts(1,4286): error TS1127: Invalid character.
src/services/firebaseService.ts(1,4287): error TS1127: Invalid character.
src/services/firebaseService.ts(1,4288): error TS1127: Invalid character.
src/services/firebaseService.ts(1,4289): error TS1127: Invalid character.
src/services/firebaseService.ts(1,4290): error TS1127: Invalid character.
src/services/firebaseService.ts(1,4291): error TS1127: Invalid character.
src/services/firebaseService.ts(1,4292): error TS1127: Invalid character.
src/services/firebaseService.ts(1,4293): error TS1127: Invalid character.
src/services/firebaseService.ts(1,4294): error TS1127: Invalid character.
src/services/firebaseService.ts(1,4295): error TS1127: Invalid character.
src/services/firebaseService.ts(1,4296): error TS1127: Invalid character.
src/services/firebaseService.ts(1,4297): error TS1127: Invalid character.
src/services/firebaseService.ts(1,4298): error TS1127: Invalid character.
src/services/firebaseService.ts(1,4299): error TS1127: Invalid character.
src/services/firebaseService.ts(1,4300): error TS1127: Invalid character.
src/services/firebaseService.ts(1,4301): error TS1127: Invalid character.
src/services/firebaseService.ts(1,4302): error TS1127: Invalid character.
src/services/firebaseService.ts(1,4303): error TS1127: Invalid character.
src/services/firebaseService.ts(1,4304): error TS1127: Invalid character.
src/services/firebaseService.ts(1,4305): error TS1127: Invalid character.
src/services/firebaseService.ts(1,4306): error TS1127: Invalid character.
src/services/firebaseService.ts(1,4307): error TS1127: Invalid character.
src/services/firebaseService.ts(1,4308): error TS1127: Invalid character.
src/services/firebaseService.ts(1,4309): error TS1127: Invalid character.
src/services/firebaseService.ts(1,4310): error TS1127: Invalid character.
src/services/firebaseService.ts(1,4311): error TS1127: Invalid character.
src/services/firebaseService.ts(1,4312): error TS1127: Invalid character.
src/services/firebaseService.ts(1,4313): error TS1127: Invalid character.
src/services/firebaseService.ts(1,4314): error TS1127: Invalid character.
src/services/firebaseService.ts(1,4315): error TS1127: Invalid character.
src/services/firebaseService.ts(1,4316): error TS1127: Invalid character.
src/services/firebaseService.ts(1,4317): error TS1127: Invalid character.
src/services/firebaseService.ts(1,4318): error TS1127: Invalid character.
src/services/firebaseService.ts(1,4319): error TS1127: Invalid character.
src/services/firebaseService.ts(1,4320): error TS1127: Invalid character.
src/services/firebaseService.ts(1,4321): error TS1127: Invalid character.
src/services/firebaseService.ts(1,4322): error TS1127: Invalid character.
src/services/firebaseService.ts(1,4323): error TS1127: Invalid character.
src/services/firebaseService.ts(1,4324): error TS1127: Invalid character.
src/services/firebaseService.ts(1,4325): error TS1127: Invalid character.
src/services/firebaseService.ts(1,4326): error TS1127: Invalid character.
src/services/firebaseService.ts(1,4327): error TS1127: Invalid character.
src/services/firebaseService.ts(1,4328): error TS1127: Invalid character.
src/services/firebaseService.ts(1,4329): error TS1127: Invalid character.
src/services/firebaseService.ts(1,4330): error TS1127: Invalid character.
src/services/firebaseService.ts(1,4331): error TS1127: Invalid character.
src/services/firebaseService.ts(1,4332): error TS1127: Invalid character.
src/services/firebaseService.ts(1,4333): error TS1127: Invalid character.
src/services/firebaseService.ts(1,4334): error TS1127: Invalid character.
src/services/firebaseService.ts(1,4335): error TS1127: Invalid character.
src/services/firebaseService.ts(1,4336): error TS1127: Invalid character.
src/services/firebaseService.ts(1,4337): error TS1127: Invalid character.
src/services/firebaseService.ts(1,4338): error TS1127: Invalid character.
src/services/firebaseService.ts(1,4339): error TS1127: Invalid character.
src/services/firebaseService.ts(1,4340): error TS1127: Invalid character.
src/services/firebaseService.ts(1,4341): error TS1127: Invalid character.
src/services/firebaseService.ts(1,4342): error TS1127: Invalid character.
src/services/firebaseService.ts(1,4343): error TS1127: Invalid character.
src/services/firebaseService.ts(1,4344): error TS1127: Invalid character.
src/services/firebaseService.ts(1,4345): error TS1127: Invalid character.
src/services/firebaseService.ts(1,4346): error TS1127: Invalid character.
src/services/firebaseService.ts(1,4347): error TS1127: Invalid character.
src/services/firebaseService.ts(1,4348): error TS1127: Invalid character.
src/services/firebaseService.ts(1,4349): error TS1127: Invalid character.
src/services/firebaseService.ts(1,4350): error TS1127: Invalid character.
src/services/firebaseService.ts(1,4351): error TS1127: Invalid character.
src/services/firebaseService.ts(1,4352): error TS1127: Invalid character.
src/services/firebaseService.ts(1,4353): error TS1127: Invalid character.
src/services/firebaseService.ts(1,4354): error TS1127: Invalid character.
src/services/firebaseService.ts(1,4355): error TS1127: Invalid character.
src/services/firebaseService.ts(1,4356): error TS1127: Invalid character.
src/services/firebaseService.ts(1,4357): error TS1127: Invalid character.
src/services/firebaseService.ts(1,4358): error TS1127: Invalid character.
src/services/firebaseService.ts(1,4359): error TS1127: Invalid character.
src/services/firebaseService.ts(1,4360): error TS1127: Invalid character.
src/services/firebaseService.ts(1,4361): error TS1127: Invalid character.
src/services/firebaseService.ts(1,4362): error TS1127: Invalid character.
src/services/firebaseService.ts(1,4363): error TS1127: Invalid character.
src/services/firebaseService.ts(1,4364): error TS1127: Invalid character.
src/services/firebaseService.ts(1,4365): error TS1127: Invalid character.
src/services/firebaseService.ts(1,4366): error TS1127: Invalid character.
src/services/firebaseService.ts(1,4367): error TS1127: Invalid character.
src/services/firebaseService.ts(1,4368): error TS1127: Invalid character.
src/services/firebaseService.ts(1,4369): error TS1127: Invalid character.
src/services/firebaseService.ts(1,4370): error TS1127: Invalid character.
src/services/firebaseService.ts(1,4371): error TS1127: Invalid character.
src/services/firebaseService.ts(1,4372): error TS1127: Invalid character.
src/services/firebaseService.ts(1,4373): error TS1127: Invalid character.
src/services/firebaseService.ts(1,4374): error TS1127: Invalid character.
src/services/firebaseService.ts(1,4375): error TS1127: Invalid character.
src/services/firebaseService.ts(1,4376): error TS1127: Invalid character.
src/services/firebaseService.ts(1,4377): error TS1127: Invalid character.
src/services/firebaseService.ts(1,4378): error TS1127: Invalid character.
src/services/firebaseService.ts(1,4379): error TS1127: Invalid character.
src/services/firebaseService.ts(1,4380): error TS1127: Invalid character.
src/services/firebaseService.ts(1,4381): error TS1127: Invalid character.
src/services/firebaseService.ts(1,4382): error TS1127: Invalid character.
src/services/firebaseService.ts(1,4383): error TS1127: Invalid character.
src/services/firebaseService.ts(1,4384): error TS1127: Invalid character.
src/services/firebaseService.ts(1,4385): error TS1127: Invalid character.
src/services/firebaseService.ts(1,4386): error TS1127: Invalid character.
src/services/firebaseService.ts(1,4387): error TS1127: Invalid character.
src/services/firebaseService.ts(1,4388): error TS1127: Invalid character.
src/services/firebaseService.ts(1,4389): error TS1127: Invalid character.
src/services/firebaseService.ts(1,4390): error TS1127: Invalid character.
src/services/firebaseService.ts(1,4391): error TS1127: Invalid character.
src/services/firebaseService.ts(1,4392): error TS1127: Invalid character.
src/services/firebaseService.ts(1,4393): error TS1127: Invalid character.
src/services/firebaseService.ts(1,4394): error TS1127: Invalid character.
src/services/firebaseService.ts(1,4395): error TS1127: Invalid character.
src/services/firebaseService.ts(1,4396): error TS1127: Invalid character.
src/services/firebaseService.ts(1,4397): error TS1127: Invalid character.
src/services/firebaseService.ts(1,4398): error TS1127: Invalid character.
src/services/firebaseService.ts(1,4399): error TS1127: Invalid character.
src/services/firebaseService.ts(1,4400): error TS1127: Invalid character.
src/services/firebaseService.ts(1,4401): error TS1127: Invalid character.
src/services/firebaseService.ts(1,4402): error TS1127: Invalid character.
src/services/firebaseService.ts(1,4403): error TS1127: Invalid character.
src/services/firebaseService.ts(1,4404): error TS1127: Invalid character.
src/services/firebaseService.ts(1,4405): error TS1127: Invalid character.
src/services/firebaseService.ts(1,4406): error TS1127: Invalid character.
src/services/firebaseService.ts(1,4407): error TS1127: Invalid character.
src/services/firebaseService.ts(1,4408): error TS1127: Invalid character.
src/services/firebaseService.ts(1,4409): error TS1127: Invalid character.
src/services/firebaseService.ts(1,4410): error TS1127: Invalid character.
src/services/firebaseService.ts(1,4411): error TS1127: Invalid character.
src/services/firebaseService.ts(1,4412): error TS1127: Invalid character.
src/services/firebaseService.ts(1,4413): error TS1127: Invalid character.
src/services/firebaseService.ts(1,4414): error TS1127: Invalid character.
src/services/firebaseService.ts(1,4415): error TS1127: Invalid character.
src/services/firebaseService.ts(1,4416): error TS1127: Invalid character.
src/services/firebaseService.ts(1,4417): error TS1127: Invalid character.
src/services/firebaseService.ts(1,4418): error TS1127: Invalid character.
src/services/firebaseService.ts(1,4419): error TS1127: Invalid character.
src/services/firebaseService.ts(1,4420): error TS1127: Invalid character.
src/services/firebaseService.ts(1,4421): error TS1127: Invalid character.
src/services/firebaseService.ts(1,4422): error TS1127: Invalid character.
src/services/firebaseService.ts(1,4423): error TS1127: Invalid character.
src/services/firebaseService.ts(1,4424): error TS1127: Invalid character.
src/services/firebaseService.ts(1,4425): error TS1127: Invalid character.
src/services/firebaseService.ts(1,4426): error TS1127: Invalid character.
src/services/firebaseService.ts(1,4427): error TS1127: Invalid character.
src/services/firebaseService.ts(1,4428): error TS1127: Invalid character.
src/services/firebaseService.ts(1,4429): error TS1127: Invalid character.
src/services/firebaseService.ts(1,4430): error TS1127: Invalid character.
src/services/firebaseService.ts(1,4431): error TS1127: Invalid character.
src/services/firebaseService.ts(1,4432): error TS1127: Invalid character.
src/services/firebaseService.ts(1,4433): error TS1127: Invalid character.
src/services/firebaseService.ts(1,4434): error TS1127: Invalid character.
src/services/firebaseService.ts(1,4435): error TS1127: Invalid character.
src/services/firebaseService.ts(1,4436): error TS1127: Invalid character.
src/services/firebaseService.ts(1,4437): error TS1127: Invalid character.
src/services/firebaseService.ts(1,4438): error TS1127: Invalid character.
src/services/firebaseService.ts(1,4439): error TS1127: Invalid character.
src/services/firebaseService.ts(1,4440): error TS1127: Invalid character.
src/services/firebaseService.ts(1,4441): error TS1127: Invalid character.
src/services/firebaseService.ts(1,4442): error TS1127: Invalid character.
src/services/firebaseService.ts(1,4443): error TS1127: Invalid character.
src/services/firebaseService.ts(1,4444): error TS1127: Invalid character.
src/services/firebaseService.ts(1,4445): error TS1127: Invalid character.
src/services/firebaseService.ts(1,4446): error TS1127: Invalid character.
src/services/firebaseService.ts(1,4447): error TS1127: Invalid character.
src/services/firebaseService.ts(1,4448): error TS1127: Invalid character.
src/services/firebaseService.ts(1,4449): error TS1127: Invalid character.
src/services/firebaseService.ts(1,4450): error TS1127: Invalid character.
src/services/firebaseService.ts(1,4451): error TS1127: Invalid character.
src/services/firebaseService.ts(1,4452): error TS1127: Invalid character.
src/services/firebaseService.ts(1,4453): error TS1127: Invalid character.
src/services/firebaseService.ts(1,4454): error TS1127: Invalid character.
src/services/firebaseService.ts(1,4455): error TS1127: Invalid character.
src/services/firebaseService.ts(1,4456): error TS1127: Invalid character.
src/services/firebaseService.ts(1,4457): error TS1127: Invalid character.
src/services/firebaseService.ts(1,4458): error TS1127: Invalid character.
src/services/firebaseService.ts(1,4459): error TS1127: Invalid character.
src/services/firebaseService.ts(1,4460): error TS1127: Invalid character.
src/services/firebaseService.ts(1,4461): error TS1127: Invalid character.
src/services/firebaseService.ts(1,4462): error TS1127: Invalid character.
src/services/firebaseService.ts(1,4463): error TS1127: Invalid character.
src/services/firebaseService.ts(1,4464): error TS1127: Invalid character.
src/services/firebaseService.ts(1,4465): error TS1127: Invalid character.
src/services/firebaseService.ts(1,4466): error TS1127: Invalid character.
src/services/firebaseService.ts(1,4467): error TS1127: Invalid character.
src/services/firebaseService.ts(1,4468): error TS1127: Invalid character.
src/services/firebaseService.ts(1,4469): error TS1127: Invalid character.
src/services/firebaseService.ts(1,4470): error TS1127: Invalid character.
src/services/firebaseService.ts(1,4471): error TS1127: Invalid character.
src/services/firebaseService.ts(1,4472): error TS1127: Invalid character.
src/services/firebaseService.ts(1,4473): error TS1127: Invalid character.
src/services/firebaseService.ts(1,4474): error TS1127: Invalid character.
src/services/firebaseService.ts(1,4475): error TS1127: Invalid character.
src/services/firebaseService.ts(1,4476): error TS1127: Invalid character.
src/services/firebaseService.ts(1,4477): error TS1127: Invalid character.
src/services/firebaseService.ts(1,4478): error TS1127: Invalid character.
src/services/firebaseService.ts(1,4479): error TS1127: Invalid character.
src/services/firebaseService.ts(1,4480): error TS1127: Invalid character.
src/services/firebaseService.ts(1,4481): error TS1127: Invalid character.
src/services/firebaseService.ts(1,4482): error TS1127: Invalid character.
src/services/firebaseService.ts(1,4483): error TS1127: Invalid character.
src/services/firebaseService.ts(1,4484): error TS1127: Invalid character.
src/services/firebaseService.ts(1,4485): error TS1127: Invalid character.
src/services/firebaseService.ts(1,4486): error TS1127: Invalid character.
src/services/firebaseService.ts(1,4487): error TS1127: Invalid character.
src/services/firebaseService.ts(1,4488): error TS1127: Invalid character.
src/services/firebaseService.ts(1,4489): error TS1127: Invalid character.
src/services/firebaseService.ts(1,4490): error TS1127: Invalid character.
src/services/firebaseService.ts(1,4491): error TS1127: Invalid character.
src/services/firebaseService.ts(1,4492): error TS1127: Invalid character.
src/services/firebaseService.ts(1,4493): error TS1127: Invalid character.
src/services/firebaseService.ts(1,4494): error TS1127: Invalid character.
src/services/firebaseService.ts(1,4495): error TS1127: Invalid character.
src/services/firebaseService.ts(1,4496): error TS1127: Invalid character.
src/services/firebaseService.ts(1,4497): error TS1127: Invalid character.
src/services/firebaseService.ts(1,4498): error TS1127: Invalid character.
src/services/firebaseService.ts(1,4499): error TS1127: Invalid character.
src/services/firebaseService.ts(1,4500): error TS1127: Invalid character.
src/services/firebaseService.ts(1,4501): error TS1127: Invalid character.
src/services/firebaseService.ts(1,4502): error TS1127: Invalid character.
src/services/firebaseService.ts(1,4503): error TS1127: Invalid character.
src/services/firebaseService.ts(1,4504): error TS1127: Invalid character.
src/services/firebaseService.ts(1,4505): error TS1127: Invalid character.
src/services/firebaseService.ts(1,4506): error TS1127: Invalid character.
src/services/firebaseService.ts(1,4507): error TS1127: Invalid character.
src/services/firebaseService.ts(1,4508): error TS1127: Invalid character.
src/services/firebaseService.ts(1,4509): error TS1127: Invalid character.
src/services/firebaseService.ts(1,4510): error TS1127: Invalid character.
src/services/firebaseService.ts(1,4511): error TS1127: Invalid character.
src/services/firebaseService.ts(1,4512): error TS1127: Invalid character.
src/services/firebaseService.ts(1,4513): error TS1127: Invalid character.
src/services/firebaseService.ts(1,4514): error TS1127: Invalid character.
src/services/firebaseService.ts(1,4515): error TS1127: Invalid character.
src/services/firebaseService.ts(1,4516): error TS1127: Invalid character.
src/services/firebaseService.ts(1,4517): error TS1127: Invalid character.
src/services/firebaseService.ts(1,4518): error TS1127: Invalid character.
src/services/firebaseService.ts(1,4519): error TS1127: Invalid character.
src/services/firebaseService.ts(1,4520): error TS1127: Invalid character.
src/services/firebaseService.ts(1,4521): error TS1127: Invalid character.
src/services/firebaseService.ts(1,4522): error TS1127: Invalid character.
src/services/firebaseService.ts(1,4523): error TS1127: Invalid character.
src/services/firebaseService.ts(1,4524): error TS1127: Invalid character.
src/services/firebaseService.ts(1,4525): error TS1127: Invalid character.
src/services/firebaseService.ts(1,4526): error TS1127: Invalid character.
src/services/firebaseService.ts(1,4527): error TS1127: Invalid character.
src/services/firebaseService.ts(1,4528): error TS1127: Invalid character.
src/services/firebaseService.ts(1,4529): error TS1127: Invalid character.
src/services/firebaseService.ts(1,4530): error TS1127: Invalid character.
src/services/firebaseService.ts(1,4531): error TS1127: Invalid character.
src/services/firebaseService.ts(1,4532): error TS1127: Invalid character.
src/services/firebaseService.ts(1,4533): error TS1127: Invalid character.
src/services/firebaseService.ts(1,4534): error TS1127: Invalid character.
src/services/firebaseService.ts(1,4535): error TS1127: Invalid character.
src/services/firebaseService.ts(1,4536): error TS1127: Invalid character.
src/services/firebaseService.ts(1,4537): error TS1127: Invalid character.
src/services/firebaseService.ts(1,4538): error TS1127: Invalid character.
src/services/firebaseService.ts(1,4539): error TS1127: Invalid character.
src/services/firebaseService.ts(1,4540): error TS1127: Invalid character.
src/services/firebaseService.ts(1,4541): error TS1127: Invalid character.
src/services/firebaseService.ts(1,4542): error TS1127: Invalid character.
src/services/firebaseService.ts(1,4543): error TS1127: Invalid character.
src/services/firebaseService.ts(1,4544): error TS1127: Invalid character.
src/services/firebaseService.ts(1,4545): error TS1127: Invalid character.
src/services/firebaseService.ts(1,4546): error TS1127: Invalid character.
src/services/firebaseService.ts(1,4547): error TS1127: Invalid character.
src/services/firebaseService.ts(1,4548): error TS1127: Invalid character.
src/services/firebaseService.ts(1,4549): error TS1127: Invalid character.
src/services/firebaseService.ts(1,4550): error TS1127: Invalid character.
src/services/firebaseService.ts(1,4551): error TS1127: Invalid character.
src/services/firebaseService.ts(1,4552): error TS1127: Invalid character.
src/services/firebaseService.ts(1,4553): error TS1127: Invalid character.
src/services/firebaseService.ts(1,4554): error TS1127: Invalid character.
src/services/firebaseService.ts(1,4555): error TS1127: Invalid character.
src/services/firebaseService.ts(1,4556): error TS1127: Invalid character.
src/services/firebaseService.ts(1,4557): error TS1127: Invalid character.
src/services/firebaseService.ts(1,4558): error TS1127: Invalid character.
src/services/firebaseService.ts(1,4559): error TS1127: Invalid character.
src/services/firebaseService.ts(1,4560): error TS1127: Invalid character.
src/services/firebaseService.ts(1,4561): error TS1127: Invalid character.
src/services/firebaseService.ts(1,4562): error TS1127: Invalid character.
src/services/firebaseService.ts(1,4563): error TS1127: Invalid character.
src/services/firebaseService.ts(1,4564): error TS1127: Invalid character.
src/services/firebaseService.ts(1,4565): error TS1127: Invalid character.
src/services/firebaseService.ts(1,4566): error TS1127: Invalid character.
src/services/firebaseService.ts(1,4567): error TS1127: Invalid character.
src/services/firebaseService.ts(1,4568): error TS1127: Invalid character.
src/services/firebaseService.ts(1,4569): error TS1127: Invalid character.
src/services/firebaseService.ts(1,4570): error TS1127: Invalid character.
src/services/firebaseService.ts(1,4571): error TS1127: Invalid character.
src/services/firebaseService.ts(1,4572): error TS1127: Invalid character.
src/services/firebaseService.ts(1,4573): error TS1127: Invalid character.
src/services/firebaseService.ts(1,4574): error TS1127: Invalid character.
src/services/firebaseService.ts(1,4575): error TS1127: Invalid character.
src/services/firebaseService.ts(1,4576): error TS1127: Invalid character.
src/services/firebaseService.ts(1,4577): error TS1127: Invalid character.
src/services/firebaseService.ts(1,4578): error TS1127: Invalid character.
src/services/firebaseService.ts(1,4579): error TS1127: Invalid character.
src/services/firebaseService.ts(1,4580): error TS1127: Invalid character.
src/services/firebaseService.ts(1,4581): error TS1127: Invalid character.
src/services/firebaseService.ts(1,4582): error TS1127: Invalid character.
src/services/firebaseService.ts(1,4583): error TS1127: Invalid character.
src/services/firebaseService.ts(1,4584): error TS1127: Invalid character.
src/services/firebaseService.ts(1,4585): error TS1127: Invalid character.
src/services/firebaseService.ts(1,4586): error TS1127: Invalid character.
src/services/firebaseService.ts(1,4587): error TS1127: Invalid character.
src/services/firebaseService.ts(1,4588): error TS1127: Invalid character.
src/services/firebaseService.ts(1,4589): error TS1127: Invalid character.
src/services/firebaseService.ts(1,4590): error TS1127: Invalid character.
src/services/firebaseService.ts(1,4591): error TS1127: Invalid character.
src/services/firebaseService.ts(1,4592): error TS1127: Invalid character.
src/services/firebaseService.ts(1,4593): error TS1127: Invalid character.
src/services/firebaseService.ts(1,4594): error TS1127: Invalid character.
src/services/firebaseService.ts(1,4595): error TS1127: Invalid character.
src/services/firebaseService.ts(1,4596): error TS1127: Invalid character.
src/services/firebaseService.ts(1,4597): error TS1127: Invalid character.
src/services/firebaseService.ts(1,4598): error TS1127: Invalid character.
src/services/firebaseService.ts(1,4599): error TS1127: Invalid character.
src/services/firebaseService.ts(1,4600): error TS1127: Invalid character.
src/services/firebaseService.ts(1,4601): error TS1127: Invalid character.
src/services/firebaseService.ts(1,4602): error TS1127: Invalid character.
src/services/firebaseService.ts(1,4603): error TS1127: Invalid character.
src/services/firebaseService.ts(1,4604): error TS1127: Invalid character.
src/services/firebaseService.ts(1,4605): error TS1127: Invalid character.
src/services/firebaseService.ts(1,4606): error TS1127: Invalid character.
src/services/firebaseService.ts(1,4607): error TS1127: Invalid character.
src/services/firebaseService.ts(1,4608): error TS1127: Invalid character.
src/services/firebaseService.ts(1,4609): error TS1127: Invalid character.
src/services/firebaseService.ts(1,4610): error TS1127: Invalid character.
src/services/firebaseService.ts(1,4611): error TS1127: Invalid character.
src/services/firebaseService.ts(1,4612): error TS1127: Invalid character.
src/services/firebaseService.ts(1,4613): error TS1127: Invalid character.
src/services/firebaseService.ts(1,4614): error TS1127: Invalid character.
src/services/firebaseService.ts(1,4615): error TS1127: Invalid character.
src/services/firebaseService.ts(1,4616): error TS1127: Invalid character.
src/services/firebaseService.ts(1,4617): error TS1127: Invalid character.
src/services/firebaseService.ts(1,4618): error TS1127: Invalid character.
src/services/firebaseService.ts(1,4619): error TS1127: Invalid character.
src/services/firebaseService.ts(1,4620): error TS1127: Invalid character.
src/services/firebaseService.ts(1,4621): error TS1127: Invalid character.
src/services/firebaseService.ts(1,4622): error TS1127: Invalid character.
src/services/firebaseService.ts(1,4623): error TS1127: Invalid character.
src/services/firebaseService.ts(1,4624): error TS1127: Invalid character.
src/services/firebaseService.ts(1,4625): error TS1127: Invalid character.
src/services/firebaseService.ts(1,4626): error TS1127: Invalid character.
src/services/firebaseService.ts(1,4627): error TS1127: Invalid character.
src/services/firebaseService.ts(1,4628): error TS1127: Invalid character.
src/services/firebaseService.ts(1,4629): error TS1127: Invalid character.
src/services/firebaseService.ts(1,4630): error TS1127: Invalid character.
src/services/firebaseService.ts(1,4631): error TS1127: Invalid character.
src/services/firebaseService.ts(1,4632): error TS1127: Invalid character.
src/services/firebaseService.ts(1,4633): error TS1127: Invalid character.
src/services/firebaseService.ts(1,4634): error TS1127: Invalid character.
src/services/firebaseService.ts(1,4635): error TS1127: Invalid character.
src/services/firebaseService.ts(1,4636): error TS1127: Invalid character.
src/services/firebaseService.ts(1,4637): error TS1127: Invalid character.
src/services/firebaseService.ts(1,4638): error TS1127: Invalid character.
src/services/firebaseService.ts(1,4639): error TS1127: Invalid character.
src/services/firebaseService.ts(1,4640): error TS1127: Invalid character.
src/services/firebaseService.ts(1,4641): error TS1127: Invalid character.
src/services/firebaseService.ts(1,4642): error TS1127: Invalid character.
src/services/firebaseService.ts(1,4643): error TS1127: Invalid character.
src/services/firebaseService.ts(1,4644): error TS1127: Invalid character.
src/services/firebaseService.ts(1,4645): error TS1127: Invalid character.
src/services/firebaseService.ts(1,4646): error TS1127: Invalid character.
src/services/firebaseService.ts(1,4647): error TS1127: Invalid character.
src/services/firebaseService.ts(1,4648): error TS1127: Invalid character.
src/services/firebaseService.ts(1,4649): error TS1127: Invalid character.
src/services/firebaseService.ts(1,4650): error TS1127: Invalid character.
src/services/firebaseService.ts(1,4651): error TS1127: Invalid character.
src/services/firebaseService.ts(1,4652): error TS1127: Invalid character.
src/services/firebaseService.ts(1,4653): error TS1127: Invalid character.
src/services/firebaseService.ts(1,4654): error TS1127: Invalid character.
src/services/firebaseService.ts(1,4655): error TS1127: Invalid character.
src/services/firebaseService.ts(1,4656): error TS1127: Invalid character.
src/services/firebaseService.ts(1,4657): error TS1127: Invalid character.
src/services/firebaseService.ts(1,4658): error TS1127: Invalid character.
src/services/firebaseService.ts(1,4659): error TS1127: Invalid character.
src/services/firebaseService.ts(1,4660): error TS1127: Invalid character.
src/services/firebaseService.ts(1,4661): error TS1127: Invalid character.
src/services/firebaseService.ts(1,4662): error TS1127: Invalid character.
src/services/firebaseService.ts(1,4663): error TS1127: Invalid character.
src/services/firebaseService.ts(1,4664): error TS1127: Invalid character.
src/services/firebaseService.ts(1,4665): error TS1127: Invalid character.
src/services/firebaseService.ts(1,4666): error TS1127: Invalid character.
src/services/firebaseService.ts(1,4667): error TS1127: Invalid character.
src/services/firebaseService.ts(1,4668): error TS1127: Invalid character.
src/services/firebaseService.ts(1,4669): error TS1127: Invalid character.
src/services/firebaseService.ts(1,4670): error TS1127: Invalid character.
src/services/firebaseService.ts(1,4671): error TS1127: Invalid character.
src/services/firebaseService.ts(1,4672): error TS1127: Invalid character.
src/services/firebaseService.ts(1,4673): error TS1127: Invalid character.
src/services/firebaseService.ts(1,4674): error TS1127: Invalid character.
src/services/firebaseService.ts(1,4675): error TS1127: Invalid character.
src/services/firebaseService.ts(1,4676): error TS1127: Invalid character.
src/services/firebaseService.ts(1,4677): error TS1127: Invalid character.
src/services/firebaseService.ts(1,4678): error TS1127: Invalid character.
src/services/firebaseService.ts(1,4679): error TS1127: Invalid character.
src/services/firebaseService.ts(1,4680): error TS1127: Invalid character.
src/services/firebaseService.ts(1,4681): error TS1127: Invalid character.
src/services/firebaseService.ts(1,4682): error TS1127: Invalid character.
src/services/firebaseService.ts(1,4683): error TS1127: Invalid character.
src/services/firebaseService.ts(1,4684): error TS1127: Invalid character.
src/services/firebaseService.ts(1,4685): error TS1127: Invalid character.
src/services/firebaseService.ts(1,4686): error TS1127: Invalid character.
src/services/firebaseService.ts(1,4687): error TS1127: Invalid character.
src/services/firebaseService.ts(1,4688): error TS1127: Invalid character.
src/services/firebaseService.ts(1,4689): error TS1127: Invalid character.
src/services/firebaseService.ts(1,4690): error TS1127: Invalid character.
src/services/firebaseService.ts(1,4691): error TS1127: Invalid character.
src/services/firebaseService.ts(1,4692): error TS1127: Invalid character.
src/services/firebaseService.ts(1,4693): error TS1127: Invalid character.
src/services/firebaseService.ts(1,4694): error TS1127: Invalid character.
src/services/firebaseService.ts(1,4695): error TS1127: Invalid character.
src/services/firebaseService.ts(1,4696): error TS1127: Invalid character.
src/services/firebaseService.ts(1,4697): error TS1127: Invalid character.
src/services/firebaseService.ts(1,4698): error TS1127: Invalid character.
src/services/firebaseService.ts(1,4699): error TS1127: Invalid character.
src/services/firebaseService.ts(1,4700): error TS1127: Invalid character.
src/services/firebaseService.ts(1,4701): error TS1127: Invalid character.
src/services/firebaseService.ts(1,4702): error TS1127: Invalid character.
src/services/firebaseService.ts(1,4703): error TS1127: Invalid character.
src/services/firebaseService.ts(1,4704): error TS1127: Invalid character.
src/services/firebaseService.ts(1,4705): error TS1127: Invalid character.
src/services/firebaseService.ts(1,4706): error TS1127: Invalid character.
src/services/firebaseService.ts(1,4707): error TS1127: Invalid character.
src/services/firebaseService.ts(1,4708): error TS1127: Invalid character.
src/services/firebaseService.ts(1,4709): error TS1127: Invalid character.
src/services/firebaseService.ts(1,4710): error TS1127: Invalid character.
src/services/firebaseService.ts(1,4711): error TS1127: Invalid character.
src/services/firebaseService.ts(1,4712): error TS1127: Invalid character.
src/services/firebaseService.ts(1,4713): error TS1127: Invalid character.
src/services/firebaseService.ts(1,4714): error TS1127: Invalid character.
src/services/firebaseService.ts(1,4715): error TS1127: Invalid character.
src/services/firebaseService.ts(1,4716): error TS1127: Invalid character.
src/services/firebaseService.ts(1,4717): error TS1127: Invalid character.
src/services/firebaseService.ts(1,4718): error TS1127: Invalid character.
src/services/firebaseService.ts(1,4719): error TS1127: Invalid character.
src/services/firebaseService.ts(1,4720): error TS1127: Invalid character.
src/services/firebaseService.ts(1,4721): error TS1127: Invalid character.
src/services/firebaseService.ts(1,4722): error TS1127: Invalid character.
src/services/firebaseService.ts(1,4723): error TS1127: Invalid character.
src/services/firebaseService.ts(1,4724): error TS1127: Invalid character.
src/services/firebaseService.ts(1,4725): error TS1127: Invalid character.
src/services/firebaseService.ts(1,4726): error TS1127: Invalid character.
src/services/firebaseService.ts(1,4727): error TS1127: Invalid character.
src/services/firebaseService.ts(1,4728): error TS1127: Invalid character.
src/services/firebaseService.ts(1,4729): error TS1127: Invalid character.
src/services/firebaseService.ts(1,4730): error TS1127: Invalid character.
src/services/firebaseService.ts(1,4731): error TS1127: Invalid character.
src/services/firebaseService.ts(1,4732): error TS1127: Invalid character.
src/services/firebaseService.ts(1,4733): error TS1127: Invalid character.
src/services/firebaseService.ts(1,4734): error TS1127: Invalid character.
src/services/firebaseService.ts(1,4735): error TS1127: Invalid character.
src/services/firebaseService.ts(1,4736): error TS1127: Invalid character.
src/services/firebaseService.ts(1,4737): error TS1127: Invalid character.
src/services/firebaseService.ts(1,4738): error TS1127: Invalid character.
src/services/firebaseService.ts(1,4739): error TS1127: Invalid character.
src/services/firebaseService.ts(1,4740): error TS1127: Invalid character.
src/services/firebaseService.ts(1,4741): error TS1127: Invalid character.
src/services/firebaseService.ts(1,4742): error TS1127: Invalid character.
src/services/firebaseService.ts(1,4743): error TS1127: Invalid character.
src/services/firebaseService.ts(1,4744): error TS1127: Invalid character.
src/services/firebaseService.ts(1,4745): error TS1127: Invalid character.
src/services/firebaseService.ts(1,4746): error TS1127: Invalid character.
src/services/firebaseService.ts(1,4747): error TS1127: Invalid character.
src/services/firebaseService.ts(1,4748): error TS1127: Invalid character.
src/services/firebaseService.ts(1,4749): error TS1127: Invalid character.
src/services/firebaseService.ts(1,4750): error TS1127: Invalid character.
src/services/firebaseService.ts(1,4751): error TS1127: Invalid character.
src/services/firebaseService.ts(1,4752): error TS1127: Invalid character.
src/services/firebaseService.ts(1,4753): error TS1127: Invalid character.
src/services/firebaseService.ts(1,4754): error TS1127: Invalid character.
src/services/firebaseService.ts(1,4755): error TS1127: Invalid character.
src/services/firebaseService.ts(1,4756): error TS1127: Invalid character.
src/services/firebaseService.ts(1,4757): error TS1127: Invalid character.
src/services/firebaseService.ts(1,4758): error TS1127: Invalid character.
src/services/firebaseService.ts(1,4759): error TS1127: Invalid character.
src/services/firebaseService.ts(1,4760): error TS1127: Invalid character.
src/services/firebaseService.ts(1,4761): error TS1127: Invalid character.
src/services/firebaseService.ts(1,4762): error TS1127: Invalid character.
src/services/firebaseService.ts(1,4763): error TS1127: Invalid character.
src/services/firebaseService.ts(1,4764): error TS1127: Invalid character.
src/services/firebaseService.ts(1,4765): error TS1127: Invalid character.
src/services/firebaseService.ts(1,4766): error TS1127: Invalid character.
src/services/firebaseService.ts(1,4767): error TS1127: Invalid character.
src/services/firebaseService.ts(1,4768): error TS1127: Invalid character.
src/services/firebaseService.ts(1,4769): error TS1127: Invalid character.
src/services/firebaseService.ts(1,4770): error TS1127: Invalid character.
src/services/firebaseService.ts(1,4771): error TS1127: Invalid character.
src/services/firebaseService.ts(1,4772): error TS1127: Invalid character.
src/services/firebaseService.ts(1,4773): error TS1127: Invalid character.
src/services/firebaseService.ts(1,4774): error TS1127: Invalid character.
src/services/firebaseService.ts(1,4775): error TS1127: Invalid character.
src/services/firebaseService.ts(1,4776): error TS1127: Invalid character.
src/services/firebaseService.ts(1,4777): error TS1127: Invalid character.
src/services/firebaseService.ts(1,4778): error TS1127: Invalid character.
src/services/firebaseService.ts(1,4779): error TS1127: Invalid character.
src/services/firebaseService.ts(1,4780): error TS1127: Invalid character.
src/services/firebaseService.ts(1,4781): error TS1127: Invalid character.
src/services/firebaseService.ts(1,4782): error TS1127: Invalid character.
src/services/firebaseService.ts(1,4783): error TS1127: Invalid character.
src/services/firebaseService.ts(1,4784): error TS1127: Invalid character.
src/services/firebaseService.ts(1,4785): error TS1127: Invalid character.
src/services/firebaseService.ts(1,4786): error TS1127: Invalid character.
src/services/firebaseService.ts(1,4787): error TS1127: Invalid character.
src/services/firebaseService.ts(1,4788): error TS1127: Invalid character.
src/services/firebaseService.ts(1,4789): error TS1127: Invalid character.
src/services/firebaseService.ts(1,4790): error TS1127: Invalid character.
src/services/firebaseService.ts(1,4791): error TS1127: Invalid character.
src/services/firebaseService.ts(1,4792): error TS1127: Invalid character.
src/services/firebaseService.ts(1,4793): error TS1127: Invalid character.
src/services/firebaseService.ts(1,4794): error TS1127: Invalid character.
src/services/firebaseService.ts(1,4795): error TS1127: Invalid character.
src/services/firebaseService.ts(1,4796): error TS1127: Invalid character.
src/services/firebaseService.ts(1,4797): error TS1127: Invalid character.
src/services/firebaseService.ts(1,4798): error TS1127: Invalid character.
src/services/firebaseService.ts(1,4799): error TS1127: Invalid character.
src/services/firebaseService.ts(1,4800): error TS1127: Invalid character.
src/services/firebaseService.ts(1,4801): error TS1127: Invalid character.
src/services/firebaseService.ts(1,4802): error TS1127: Invalid character.
src/services/firebaseService.ts(1,4803): error TS1127: Invalid character.
src/services/firebaseService.ts(1,4804): error TS1127: Invalid character.
src/services/firebaseService.ts(1,4805): error TS1127: Invalid character.
src/services/firebaseService.ts(1,4806): error TS1127: Invalid character.
src/services/firebaseService.ts(1,4807): error TS1127: Invalid character.
src/services/firebaseService.ts(1,4808): error TS1127: Invalid character.
src/services/firebaseService.ts(1,4809): error TS1127: Invalid character.
src/services/firebaseService.ts(1,4810): error TS1127: Invalid character.
src/services/firebaseService.ts(1,4811): error TS1127: Invalid character.
src/services/firebaseService.ts(1,4812): error TS1127: Invalid character.
src/services/firebaseService.ts(1,4813): error TS1127: Invalid character.
src/services/firebaseService.ts(1,4814): error TS1127: Invalid character.
src/services/firebaseService.ts(1,4815): error TS1127: Invalid character.
src/services/firebaseService.ts(1,4816): error TS1127: Invalid character.
src/services/firebaseService.ts(1,4817): error TS1127: Invalid character.
src/services/firebaseService.ts(1,4818): error TS1127: Invalid character.
src/services/firebaseService.ts(1,4819): error TS1127: Invalid character.
src/services/firebaseService.ts(1,4820): error TS1127: Invalid character.
src/services/firebaseService.ts(1,4821): error TS1127: Invalid character.
src/services/firebaseService.ts(1,4822): error TS1127: Invalid character.
src/services/firebaseService.ts(1,4823): error TS1127: Invalid character.
src/services/firebaseService.ts(1,4824): error TS1127: Invalid character.
src/services/firebaseService.ts(1,4825): error TS1127: Invalid character.
src/services/firebaseService.ts(1,4826): error TS1127: Invalid character.
src/services/firebaseService.ts(1,4827): error TS1127: Invalid character.
src/services/firebaseService.ts(1,4828): error TS1127: Invalid character.
src/services/firebaseService.ts(1,4829): error TS1127: Invalid character.
src/services/firebaseService.ts(1,4830): error TS1127: Invalid character.
src/services/firebaseService.ts(1,4831): error TS1127: Invalid character.
src/services/firebaseService.ts(1,4832): error TS1127: Invalid character.
src/services/firebaseService.ts(1,4833): error TS1127: Invalid character.
src/services/firebaseService.ts(1,4834): error TS1127: Invalid character.
src/services/firebaseService.ts(1,4835): error TS1127: Invalid character.
src/services/firebaseService.ts(1,4836): error TS1127: Invalid character.
src/services/firebaseService.ts(1,4837): error TS1127: Invalid character.
src/services/firebaseService.ts(1,4838): error TS1127: Invalid character.
src/services/firebaseService.ts(1,4839): error TS1127: Invalid character.
src/services/firebaseService.ts(1,4840): error TS1127: Invalid character.
src/services/firebaseService.ts(1,4841): error TS1127: Invalid character.
src/services/firebaseService.ts(1,4842): error TS1127: Invalid character.
src/services/firebaseService.ts(1,4843): error TS1127: Invalid character.
src/services/firebaseService.ts(1,4844): error TS1127: Invalid character.
src/services/firebaseService.ts(1,4845): error TS1127: Invalid character.
src/services/firebaseService.ts(1,4846): error TS1127: Invalid character.
src/services/firebaseService.ts(1,4847): error TS1127: Invalid character.
src/services/firebaseService.ts(1,4848): error TS1127: Invalid character.
src/services/firebaseService.ts(1,4849): error TS1127: Invalid character.
src/services/firebaseService.ts(1,4850): error TS1127: Invalid character.
src/services/firebaseService.ts(1,4851): error TS1127: Invalid character.
src/services/firebaseService.ts(1,4852): error TS1127: Invalid character.
src/services/firebaseService.ts(1,4853): error TS1127: Invalid character.
src/services/firebaseService.ts(1,4854): error TS1127: Invalid character.
src/services/firebaseService.ts(1,4855): error TS1127: Invalid character.
src/services/firebaseService.ts(1,4856): error TS1127: Invalid character.
src/services/firebaseService.ts(1,4857): error TS1127: Invalid character.
src/services/firebaseService.ts(1,4858): error TS1127: Invalid character.
src/services/firebaseService.ts(1,4859): error TS1127: Invalid character.
src/services/firebaseService.ts(1,4860): error TS1127: Invalid character.
src/services/firebaseService.ts(1,4861): error TS1127: Invalid character.
src/services/firebaseService.ts(1,4862): error TS1127: Invalid character.
src/services/firebaseService.ts(1,4863): error TS1127: Invalid character.
src/services/firebaseService.ts(1,4864): error TS1127: Invalid character.
src/services/firebaseService.ts(1,4865): error TS1127: Invalid character.
src/services/firebaseService.ts(1,4866): error TS1127: Invalid character.
src/services/firebaseService.ts(1,4867): error TS1127: Invalid character.
src/services/firebaseService.ts(1,4868): error TS1127: Invalid character.
src/services/firebaseService.ts(1,4869): error TS1127: Invalid character.
src/services/firebaseService.ts(1,4870): error TS1127: Invalid character.
src/services/firebaseService.ts(1,4871): error TS1127: Invalid character.
src/services/firebaseService.ts(1,4872): error TS1127: Invalid character.
src/services/firebaseService.ts(1,4873): error TS1127: Invalid character.
src/services/firebaseService.ts(1,4874): error TS1127: Invalid character.
src/services/firebaseService.ts(1,4875): error TS1127: Invalid character.
src/services/firebaseService.ts(1,4876): error TS1127: Invalid character.
src/services/firebaseService.ts(1,4877): error TS1127: Invalid character.
src/services/firebaseService.ts(1,4878): error TS1127: Invalid character.
src/services/firebaseService.ts(1,4879): error TS1127: Invalid character.
src/services/firebaseService.ts(1,4880): error TS1127: Invalid character.
src/services/firebaseService.ts(1,4881): error TS1127: Invalid character.
src/services/firebaseService.ts(1,4882): error TS1127: Invalid character.
src/services/firebaseService.ts(1,4883): error TS1127: Invalid character.
src/services/firebaseService.ts(1,4884): error TS1127: Invalid character.
src/services/firebaseService.ts(1,4885): error TS1127: Invalid character.
src/services/firebaseService.ts(1,4886): error TS1127: Invalid character.
src/services/firebaseService.ts(1,4887): error TS1127: Invalid character.
src/services/firebaseService.ts(1,4888): error TS1127: Invalid character.
src/services/firebaseService.ts(1,4889): error TS1127: Invalid character.
src/services/firebaseService.ts(1,4890): error TS1127: Invalid character.
src/services/firebaseService.ts(1,4891): error TS1127: Invalid character.
src/services/firebaseService.ts(1,4892): error TS1127: Invalid character.
src/services/firebaseService.ts(1,4893): error TS1127: Invalid character.
src/services/firebaseService.ts(1,4894): error TS1127: Invalid character.
src/services/firebaseService.ts(1,4895): error TS1127: Invalid character.
src/services/firebaseService.ts(1,4896): error TS1127: Invalid character.
src/services/firebaseService.ts(1,4897): error TS1127: Invalid character.
src/services/firebaseService.ts(1,4898): error TS1127: Invalid character.
src/services/firebaseService.ts(1,4899): error TS1127: Invalid character.
src/services/firebaseService.ts(1,4900): error TS1127: Invalid character.
src/services/firebaseService.ts(1,4901): error TS1127: Invalid character.
src/services/firebaseService.ts(1,4902): error TS1127: Invalid character.
src/services/firebaseService.ts(1,4903): error TS1127: Invalid character.
src/services/firebaseService.ts(1,4904): error TS1127: Invalid character.
src/services/firebaseService.ts(1,4905): error TS1127: Invalid character.
src/services/firebaseService.ts(1,4906): error TS1127: Invalid character.
src/services/firebaseService.ts(1,4907): error TS1127: Invalid character.
src/services/firebaseService.ts(1,4908): error TS1127: Invalid character.
src/services/firebaseService.ts(1,4909): error TS1127: Invalid character.
src/services/firebaseService.ts(1,4910): error TS1127: Invalid character.
src/services/firebaseService.ts(1,4911): error TS1127: Invalid character.
src/services/firebaseService.ts(1,4912): error TS1127: Invalid character.
src/services/firebaseService.ts(1,4913): error TS1127: Invalid character.
src/services/firebaseService.ts(1,4914): error TS1127: Invalid character.
src/services/firebaseService.ts(1,4915): error TS1127: Invalid character.
src/services/firebaseService.ts(1,4916): error TS1127: Invalid character.
src/services/firebaseService.ts(1,4917): error TS1127: Invalid character.
src/services/firebaseService.ts(1,4918): error TS1127: Invalid character.
src/services/firebaseService.ts(1,4919): error TS1127: Invalid character.
src/services/firebaseService.ts(1,4920): error TS1127: Invalid character.
src/services/firebaseService.ts(1,4921): error TS1127: Invalid character.
src/services/firebaseService.ts(1,4922): error TS1127: Invalid character.
src/services/firebaseService.ts(1,4923): error TS1127: Invalid character.
src/services/firebaseService.ts(1,4924): error TS1127: Invalid character.
src/services/firebaseService.ts(1,4925): error TS1127: Invalid character.
src/services/firebaseService.ts(1,4926): error TS1127: Invalid character.
src/services/firebaseService.ts(1,4927): error TS1127: Invalid character.
src/services/firebaseService.ts(1,4928): error TS1127: Invalid character.
src/services/firebaseService.ts(1,4929): error TS1127: Invalid character.
src/services/firebaseService.ts(1,4930): error TS1127: Invalid character.
src/services/firebaseService.ts(1,4931): error TS1127: Invalid character.
src/services/firebaseService.ts(1,4932): error TS1127: Invalid character.
src/services/firebaseService.ts(1,4933): error TS1127: Invalid character.
src/services/firebaseService.ts(1,4934): error TS1127: Invalid character.
src/services/firebaseService.ts(1,4935): error TS1127: Invalid character.
src/services/firebaseService.ts(1,4936): error TS1127: Invalid character.
src/services/firebaseService.ts(1,4937): error TS1127: Invalid character.
src/services/firebaseService.ts(1,4938): error TS1127: Invalid character.
src/services/firebaseService.ts(1,4939): error TS1127: Invalid character.
src/services/firebaseService.ts(1,4940): error TS1127: Invalid character.
src/services/firebaseService.ts(1,4941): error TS1127: Invalid character.
src/services/firebaseService.ts(1,4942): error TS1127: Invalid character.
src/services/firebaseService.ts(1,4943): error TS1127: Invalid character.
src/services/firebaseService.ts(1,4944): error TS1127: Invalid character.
src/services/firebaseService.ts(1,4945): error TS1127: Invalid character.
src/services/firebaseService.ts(1,4946): error TS1127: Invalid character.
src/services/firebaseService.ts(1,4947): error TS1127: Invalid character.
src/services/firebaseService.ts(1,4948): error TS1127: Invalid character.
src/services/firebaseService.ts(1,4949): error TS1127: Invalid character.
src/services/firebaseService.ts(1,4950): error TS1127: Invalid character.
src/services/firebaseService.ts(1,4951): error TS1127: Invalid character.
src/services/firebaseService.ts(1,4952): error TS1127: Invalid character.
src/services/firebaseService.ts(1,4953): error TS1127: Invalid character.
src/services/firebaseService.ts(1,4954): error TS1127: Invalid character.
src/services/firebaseService.ts(1,4955): error TS1127: Invalid character.
src/services/firebaseService.ts(1,4956): error TS1127: Invalid character.
src/services/firebaseService.ts(1,4957): error TS1127: Invalid character.
src/services/firebaseService.ts(1,4958): error TS1127: Invalid character.
src/services/firebaseService.ts(1,4959): error TS1127: Invalid character.
src/services/firebaseService.ts(1,4960): error TS1127: Invalid character.
src/services/firebaseService.ts(1,4961): error TS1127: Invalid character.
src/services/firebaseService.ts(1,4962): error TS1127: Invalid character.
src/services/firebaseService.ts(1,4963): error TS1127: Invalid character.
src/services/firebaseService.ts(1,4964): error TS1127: Invalid character.
src/services/firebaseService.ts(1,4965): error TS1127: Invalid character.
src/services/firebaseService.ts(1,4966): error TS1127: Invalid character.
src/services/firebaseService.ts(1,4967): error TS1127: Invalid character.
src/services/firebaseService.ts(1,4968): error TS1127: Invalid character.
src/services/firebaseService.ts(1,4969): error TS1127: Invalid character.
src/services/firebaseService.ts(1,4970): error TS1127: Invalid character.
src/services/firebaseService.ts(1,4971): error TS1127: Invalid character.
src/services/firebaseService.ts(1,4972): error TS1127: Invalid character.
src/services/firebaseService.ts(1,4973): error TS1127: Invalid character.
src/services/firebaseService.ts(1,4974): error TS1127: Invalid character.
src/services/firebaseService.ts(1,4975): error TS1127: Invalid character.
src/services/firebaseService.ts(1,4976): error TS1127: Invalid character.
src/services/firebaseService.ts(1,4977): error TS1127: Invalid character.
src/services/firebaseService.ts(1,4978): error TS1127: Invalid character.
src/services/firebaseService.ts(1,4979): error TS1127: Invalid character.
src/services/firebaseService.ts(1,4980): error TS1127: Invalid character.
src/services/firebaseService.ts(1,4981): error TS1127: Invalid character.
src/services/firebaseService.ts(1,4982): error TS1127: Invalid character.
src/services/firebaseService.ts(1,4983): error TS1127: Invalid character.
src/services/firebaseService.ts(1,4984): error TS1127: Invalid character.
src/services/firebaseService.ts(1,4985): error TS1127: Invalid character.
src/services/firebaseService.ts(1,4986): error TS1127: Invalid character.
src/services/firebaseService.ts(1,4987): error TS1127: Invalid character.
src/services/firebaseService.ts(1,4988): error TS1127: Invalid character.
src/services/firebaseService.ts(1,4989): error TS1127: Invalid character.
src/services/firebaseService.ts(1,4990): error TS1127: Invalid character.
src/services/firebaseService.ts(1,4991): error TS1127: Invalid character.
src/services/firebaseService.ts(1,4992): error TS1127: Invalid character.
src/services/firebaseService.ts(1,4993): error TS1127: Invalid character.
src/services/firebaseService.ts(1,4994): error TS1127: Invalid character.
src/services/firebaseService.ts(1,4995): error TS1127: Invalid character.
src/services/firebaseService.ts(1,4996): error TS1127: Invalid character.
src/services/firebaseService.ts(1,4997): error TS1127: Invalid character.
src/services/firebaseService.ts(1,4998): error TS1127: Invalid character.
src/services/firebaseService.ts(1,4999): error TS1127: Invalid character.
src/services/firebaseService.ts(1,5000): error TS1127: Invalid character.
src/services/firebaseService.ts(1,5001): error TS1127: Invalid character.
src/services/firebaseService.ts(1,5002): error TS1127: Invalid character.
src/services/firebaseService.ts(1,5003): error TS1127: Invalid character.
src/services/firebaseService.ts(1,5004): error TS1127: Invalid character.
src/services/firebaseService.ts(1,5005): error TS1127: Invalid character.
src/services/firebaseService.ts(1,5006): error TS1127: Invalid character.
src/services/firebaseService.ts(1,5007): error TS1127: Invalid character.
src/services/firebaseService.ts(1,5008): error TS1127: Invalid character.
src/services/firebaseService.ts(1,5009): error TS1127: Invalid character.
src/services/firebaseService.ts(1,5010): error TS1127: Invalid character.
src/services/firebaseService.ts(1,5011): error TS1127: Invalid character.
src/services/firebaseService.ts(1,5012): error TS1127: Invalid character.
src/services/firebaseService.ts(1,5013): error TS1127: Invalid character.
src/services/firebaseService.ts(1,5014): error TS1127: Invalid character.
src/services/firebaseService.ts(1,5015): error TS1127: Invalid character.
src/services/firebaseService.ts(1,5016): error TS1127: Invalid character.
src/services/firebaseService.ts(1,5017): error TS1127: Invalid character.
src/services/firebaseService.ts(1,5018): error TS1127: Invalid character.
src/services/firebaseService.ts(1,5019): error TS1127: Invalid character.
src/services/firebaseService.ts(1,5020): error TS1127: Invalid character.
src/services/firebaseService.ts(1,5021): error TS1127: Invalid character.
src/services/firebaseService.ts(1,5022): error TS1127: Invalid character.
src/services/firebaseService.ts(1,5023): error TS1127: Invalid character.
src/services/firebaseService.ts(1,5024): error TS1127: Invalid character.
src/services/firebaseService.ts(1,5025): error TS1127: Invalid character.
src/services/firebaseService.ts(1,5026): error TS1127: Invalid character.
src/services/firebaseService.ts(1,5027): error TS1127: Invalid character.
src/services/firebaseService.ts(1,5028): error TS1127: Invalid character.
src/services/firebaseService.ts(1,5029): error TS1127: Invalid character.
src/services/firebaseService.ts(1,5030): error TS1127: Invalid character.
src/services/firebaseService.ts(1,5031): error TS1127: Invalid character.
src/services/firebaseService.ts(1,5032): error TS1127: Invalid character.
src/services/firebaseService.ts(1,5033): error TS1127: Invalid character.
src/services/firebaseService.ts(1,5034): error TS1127: Invalid character.
src/services/firebaseService.ts(1,5035): error TS1127: Invalid character.
src/services/firebaseService.ts(1,5036): error TS1127: Invalid character.
src/services/firebaseService.ts(1,5037): error TS1127: Invalid character.
src/services/firebaseService.ts(1,5038): error TS1127: Invalid character.
src/services/firebaseService.ts(1,5039): error TS1127: Invalid character.
src/services/firebaseService.ts(1,5040): error TS1127: Invalid character.
src/services/firebaseService.ts(1,5041): error TS1127: Invalid character.
src/services/firebaseService.ts(1,5042): error TS1127: Invalid character.
src/services/firebaseService.ts(1,5043): error TS1127: Invalid character.
src/services/firebaseService.ts(1,5044): error TS1127: Invalid character.
src/services/firebaseService.ts(1,5045): error TS1127: Invalid character.
src/services/firebaseService.ts(1,5046): error TS1127: Invalid character.
src/services/firebaseService.ts(1,5047): error TS1127: Invalid character.
src/services/firebaseService.ts(1,5048): error TS1127: Invalid character.
src/services/firebaseService.ts(1,5049): error TS1127: Invalid character.
src/services/firebaseService.ts(1,5050): error TS1127: Invalid character.
src/services/firebaseService.ts(1,5051): error TS1127: Invalid character.
src/services/firebaseService.ts(1,5052): error TS1127: Invalid character.
src/services/firebaseService.ts(1,5053): error TS1127: Invalid character.
src/services/firebaseService.ts(1,5054): error TS1127: Invalid character.
src/services/firebaseService.ts(1,5055): error TS1127: Invalid character.
src/services/firebaseService.ts(1,5056): error TS1127: Invalid character.
src/services/firebaseService.ts(1,5057): error TS1127: Invalid character.
src/services/firebaseService.ts(1,5058): error TS1127: Invalid character.
src/services/firebaseService.ts(1,5059): error TS1127: Invalid character.
src/services/firebaseService.ts(1,5060): error TS1127: Invalid character.
src/services/firebaseService.ts(1,5061): error TS1127: Invalid character.
src/services/firebaseService.ts(1,5062): error TS1127: Invalid character.
src/services/firebaseService.ts(1,5063): error TS1127: Invalid character.
src/services/firebaseService.ts(1,5064): error TS1127: Invalid character.
src/services/firebaseService.ts(1,5065): error TS1127: Invalid character.
src/services/firebaseService.ts(1,5066): error TS1127: Invalid character.
src/services/firebaseService.ts(1,5067): error TS1127: Invalid character.
src/services/firebaseService.ts(1,5068): error TS1127: Invalid character.
src/services/firebaseService.ts(1,5069): error TS1127: Invalid character.
src/services/firebaseService.ts(1,5070): error TS1127: Invalid character.
src/services/firebaseService.ts(1,5071): error TS1127: Invalid character.
src/services/firebaseService.ts(1,5072): error TS1127: Invalid character.
src/services/firebaseService.ts(1,5073): error TS1127: Invalid character.
src/services/firebaseService.ts(1,5074): error TS1127: Invalid character.
src/services/firebaseService.ts(1,5075): error TS1127: Invalid character.
src/services/firebaseService.ts(1,5076): error TS1127: Invalid character.
src/services/firebaseService.ts(1,5077): error TS1127: Invalid character.
src/services/firebaseService.ts(1,5078): error TS1127: Invalid character.
src/services/firebaseService.ts(1,5079): error TS1127: Invalid character.
src/services/firebaseService.ts(1,5080): error TS1127: Invalid character.
src/services/firebaseService.ts(1,5081): error TS1127: Invalid character.
src/services/firebaseService.ts(1,5082): error TS1127: Invalid character.
src/services/firebaseService.ts(1,5083): error TS1127: Invalid character.
src/services/firebaseService.ts(1,5084): error TS1127: Invalid character.
src/services/firebaseService.ts(1,5085): error TS1127: Invalid character.
src/services/firebaseService.ts(1,5086): error TS1127: Invalid character.
src/services/firebaseService.ts(1,5087): error TS1127: Invalid character.
src/services/firebaseService.ts(1,5088): error TS1127: Invalid character.
src/services/firebaseService.ts(1,5089): error TS1127: Invalid character.
src/services/firebaseService.ts(1,5090): error TS1127: Invalid character.
src/services/firebaseService.ts(1,5091): error TS1127: Invalid character.
src/services/firebaseService.ts(1,5092): error TS1127: Invalid character.
src/services/firebaseService.ts(1,5093): error TS1127: Invalid character.
src/services/firebaseService.ts(1,5094): error TS1127: Invalid character.
src/services/firebaseService.ts(1,5095): error TS1127: Invalid character.
src/services/firebaseService.ts(1,5096): error TS1127: Invalid character.
src/services/firebaseService.ts(1,5097): error TS1127: Invalid character.
src/services/firebaseService.ts(1,5098): error TS1127: Invalid character.
src/services/firebaseService.ts(1,5099): error TS1127: Invalid character.
src/services/firebaseService.ts(1,5100): error TS1127: Invalid character.
src/services/firebaseService.ts(1,5101): error TS1127: Invalid character.
src/services/firebaseService.ts(1,5102): error TS1127: Invalid character.
src/services/firebaseService.ts(1,5103): error TS1127: Invalid character.
src/services/firebaseService.ts(1,5104): error TS1127: Invalid character.
src/services/firebaseService.ts(1,5105): error TS1127: Invalid character.
src/services/firebaseService.ts(1,5106): error TS1127: Invalid character.
src/services/firebaseService.ts(1,5107): error TS1127: Invalid character.
src/services/firebaseService.ts(1,5108): error TS1127: Invalid character.
src/services/firebaseService.ts(1,5109): error TS1127: Invalid character.
src/services/firebaseService.ts(1,5110): error TS1127: Invalid character.
src/services/firebaseService.ts(1,5111): error TS1127: Invalid character.
src/services/firebaseService.ts(1,5112): error TS1127: Invalid character.
src/services/firebaseService.ts(1,5113): error TS1127: Invalid character.
src/services/firebaseService.ts(1,5114): error TS1127: Invalid character.
src/services/firebaseService.ts(1,5115): error TS1127: Invalid character.
src/services/firebaseService.ts(1,5116): error TS1127: Invalid character.
src/services/firebaseService.ts(1,5117): error TS1127: Invalid character.
src/services/firebaseService.ts(1,5118): error TS1127: Invalid character.
src/services/firebaseService.ts(1,5119): error TS1127: Invalid character.
src/services/firebaseService.ts(1,5120): error TS1127: Invalid character.
src/services/firebaseService.ts(1,5121): error TS1127: Invalid character.
src/services/firebaseService.ts(1,5122): error TS1127: Invalid character.
src/services/firebaseService.ts(1,5123): error TS1127: Invalid character.
src/services/firebaseService.ts(1,5124): error TS1127: Invalid character.
src/services/firebaseService.ts(1,5125): error TS1127: Invalid character.
src/services/firebaseService.ts(1,5126): error TS1127: Invalid character.
src/services/firebaseService.ts(1,5127): error TS1127: Invalid character.
src/services/firebaseService.ts(1,5128): error TS1127: Invalid character.
src/services/firebaseService.ts(1,5129): error TS1127: Invalid character.
src/services/firebaseService.ts(1,5130): error TS1127: Invalid character.
src/services/firebaseService.ts(1,5131): error TS1127: Invalid character.
src/services/firebaseService.ts(1,5132): error TS1127: Invalid character.
src/services/firebaseService.ts(1,5133): error TS1127: Invalid character.
src/services/firebaseService.ts(1,5134): error TS1127: Invalid character.
src/services/firebaseService.ts(1,5135): error TS1127: Invalid character.
src/services/firebaseService.ts(1,5136): error TS1127: Invalid character.
src/services/firebaseService.ts(1,5137): error TS1127: Invalid character.
src/services/firebaseService.ts(1,5138): error TS1127: Invalid character.
src/services/firebaseService.ts(1,5139): error TS1127: Invalid character.
src/services/firebaseService.ts(1,5140): error TS1127: Invalid character.
src/services/firebaseService.ts(1,5141): error TS1127: Invalid character.
src/services/firebaseService.ts(1,5142): error TS1127: Invalid character.
src/services/firebaseService.ts(1,5143): error TS1127: Invalid character.
src/services/firebaseService.ts(1,5144): error TS1127: Invalid character.
src/services/firebaseService.ts(1,5145): error TS1127: Invalid character.
src/services/firebaseService.ts(1,5146): error TS1127: Invalid character.
src/services/firebaseService.ts(1,5147): error TS1127: Invalid character.
src/services/firebaseService.ts(1,5148): error TS1127: Invalid character.
src/services/firebaseService.ts(1,5149): error TS1127: Invalid character.
src/services/firebaseService.ts(1,5150): error TS1127: Invalid character.
src/services/firebaseService.ts(1,5151): error TS1127: Invalid character.
src/services/firebaseService.ts(1,5152): error TS1127: Invalid character.
src/services/firebaseService.ts(1,5153): error TS1127: Invalid character.
src/services/firebaseService.ts(1,5154): error TS1127: Invalid character.
src/services/firebaseService.ts(1,5155): error TS1127: Invalid character.
src/services/firebaseService.ts(1,5156): error TS1127: Invalid character.
src/services/firebaseService.ts(1,5157): error TS1127: Invalid character.
src/services/firebaseService.ts(1,5158): error TS1127: Invalid character.
src/services/firebaseService.ts(1,5159): error TS1127: Invalid character.
src/services/firebaseService.ts(1,5160): error TS1127: Invalid character.
src/services/firebaseService.ts(1,5161): error TS1127: Invalid character.
src/services/firebaseService.ts(1,5162): error TS1127: Invalid character.
src/services/firebaseService.ts(1,5163): error TS1127: Invalid character.
src/services/firebaseService.ts(1,5164): error TS1127: Invalid character.
src/services/firebaseService.ts(1,5165): error TS1127: Invalid character.
src/services/firebaseService.ts(1,5166): error TS1127: Invalid character.
src/services/firebaseService.ts(1,5167): error TS1127: Invalid character.
src/services/firebaseService.ts(1,5168): error TS1127: Invalid character.
src/services/firebaseService.ts(1,5169): error TS1127: Invalid character.
src/services/firebaseService.ts(1,5170): error TS1127: Invalid character.
src/services/firebaseService.ts(1,5171): error TS1127: Invalid character.
src/services/firebaseService.ts(1,5172): error TS1127: Invalid character.
src/services/firebaseService.ts(1,5173): error TS1127: Invalid character.
src/services/firebaseService.ts(1,5174): error TS1127: Invalid character.
src/services/firebaseService.ts(1,5175): error TS1127: Invalid character.
src/services/firebaseService.ts(1,5176): error TS1127: Invalid character.
src/services/firebaseService.ts(1,5177): error TS1127: Invalid character.
src/services/firebaseService.ts(1,5178): error TS1127: Invalid character.
src/services/firebaseService.ts(1,5179): error TS1127: Invalid character.
src/services/firebaseService.ts(1,5180): error TS1127: Invalid character.
src/services/firebaseService.ts(1,5181): error TS1127: Invalid character.
src/services/firebaseService.ts(1,5182): error TS1127: Invalid character.
src/services/firebaseService.ts(1,5183): error TS1127: Invalid character.
src/services/firebaseService.ts(1,5184): error TS1127: Invalid character.
src/services/firebaseService.ts(1,5185): error TS1127: Invalid character.
src/services/firebaseService.ts(1,5186): error TS1127: Invalid character.
src/services/firebaseService.ts(1,5187): error TS1127: Invalid character.
src/services/firebaseService.ts(1,5188): error TS1127: Invalid character.
src/services/firebaseService.ts(1,5189): error TS1127: Invalid character.
src/services/firebaseService.ts(1,5190): error TS1127: Invalid character.
src/services/firebaseService.ts(1,5191): error TS1127: Invalid character.
src/services/firebaseService.ts(1,5192): error TS1127: Invalid character.
src/services/firebaseService.ts(1,5193): error TS1127: Invalid character.
src/services/firebaseService.ts(1,5194): error TS1127: Invalid character.
src/services/firebaseService.ts(1,5195): error TS1127: Invalid character.
src/services/firebaseService.ts(1,5196): error TS1127: Invalid character.
src/services/firebaseService.ts(1,5197): error TS1127: Invalid character.
src/services/firebaseService.ts(1,5198): error TS1127: Invalid character.
src/services/firebaseService.ts(1,5199): error TS1127: Invalid character.
src/services/firebaseService.ts(1,5200): error TS1127: Invalid character.
src/services/firebaseService.ts(1,5201): error TS1127: Invalid character.
src/services/firebaseService.ts(1,5202): error TS1127: Invalid character.
src/services/firebaseService.ts(1,5203): error TS1127: Invalid character.
src/services/firebaseService.ts(1,5204): error TS1127: Invalid character.
src/services/firebaseService.ts(1,5205): error TS1127: Invalid character.
src/services/firebaseService.ts(1,5206): error TS1127: Invalid character.
src/services/firebaseService.ts(1,5207): error TS1127: Invalid character.
src/services/firebaseService.ts(1,5208): error TS1127: Invalid character.
src/services/firebaseService.ts(1,5209): error TS1127: Invalid character.
src/services/firebaseService.ts(1,5210): error TS1127: Invalid character.
src/services/firebaseService.ts(1,5211): error TS1127: Invalid character.
src/services/firebaseService.ts(1,5212): error TS1127: Invalid character.
src/services/firebaseService.ts(1,5213): error TS1127: Invalid character.
src/services/firebaseService.ts(1,5214): error TS1127: Invalid character.
src/services/firebaseService.ts(1,5215): error TS1127: Invalid character.
src/services/firebaseService.ts(1,5216): error TS1127: Invalid character.
src/services/firebaseService.ts(1,5217): error TS1127: Invalid character.
src/services/firebaseService.ts(1,5218): error TS1127: Invalid character.
src/services/firebaseService.ts(1,5219): error TS1127: Invalid character.
src/services/firebaseService.ts(1,5220): error TS1127: Invalid character.
src/services/firebaseService.ts(1,5221): error TS1127: Invalid character.
src/services/firebaseService.ts(1,5222): error TS1127: Invalid character.
src/services/firebaseService.ts(1,5223): error TS1127: Invalid character.
src/services/firebaseService.ts(1,5224): error TS1127: Invalid character.
src/services/firebaseService.ts(1,5225): error TS1127: Invalid character.
src/services/firebaseService.ts(1,5226): error TS1127: Invalid character.
src/services/firebaseService.ts(1,5227): error TS1127: Invalid character.
src/services/firebaseService.ts(1,5228): error TS1127: Invalid character.
src/services/firebaseService.ts(1,5229): error TS1127: Invalid character.
src/services/firebaseService.ts(1,5230): error TS1127: Invalid character.
src/services/firebaseService.ts(1,5231): error TS1127: Invalid character.
src/services/firebaseService.ts(1,5232): error TS1127: Invalid character.
src/services/firebaseService.ts(1,5233): error TS1127: Invalid character.
src/services/firebaseService.ts(1,5234): error TS1127: Invalid character.
src/services/firebaseService.ts(1,5235): error TS1127: Invalid character.
src/services/firebaseService.ts(1,5236): error TS1127: Invalid character.
src/services/firebaseService.ts(1,5237): error TS1127: Invalid character.
src/services/firebaseService.ts(1,5238): error TS1127: Invalid character.
src/services/firebaseService.ts(1,5239): error TS1127: Invalid character.
src/services/firebaseService.ts(1,5240): error TS1127: Invalid character.
src/services/firebaseService.ts(1,5241): error TS1127: Invalid character.
src/services/firebaseService.ts(1,5242): error TS1127: Invalid character.
src/services/firebaseService.ts(1,5243): error TS1127: Invalid character.
src/services/firebaseService.ts(1,5244): error TS1127: Invalid character.
src/services/firebaseService.ts(1,5245): error TS1127: Invalid character.
src/services/firebaseService.ts(1,5246): error TS1127: Invalid character.
src/services/firebaseService.ts(1,5247): error TS1127: Invalid character.
src/services/firebaseService.ts(1,5248): error TS1127: Invalid character.
src/services/firebaseService.ts(1,5249): error TS1127: Invalid character.
src/services/firebaseService.ts(1,5250): error TS1127: Invalid character.
src/services/firebaseService.ts(1,5251): error TS1127: Invalid character.
src/services/firebaseService.ts(1,5252): error TS1127: Invalid character.
src/services/firebaseService.ts(1,5253): error TS1127: Invalid character.
src/services/firebaseService.ts(1,5254): error TS1127: Invalid character.
src/services/firebaseService.ts(1,5255): error TS1127: Invalid character.
src/services/firebaseService.ts(1,5256): error TS1127: Invalid character.
src/services/firebaseService.ts(1,5257): error TS1127: Invalid character.
src/services/firebaseService.ts(1,5258): error TS1127: Invalid character.
src/services/firebaseService.ts(1,5259): error TS1127: Invalid character.
src/services/firebaseService.ts(1,5260): error TS1127: Invalid character.
src/services/firebaseService.ts(1,5261): error TS1127: Invalid character.
src/services/firebaseService.ts(1,5262): error TS1127: Invalid character.
src/services/firebaseService.ts(1,5263): error TS1127: Invalid character.
src/services/firebaseService.ts(1,5264): error TS1127: Invalid character.
src/services/firebaseService.ts(1,5265): error TS1127: Invalid character.
src/services/firebaseService.ts(1,5266): error TS1127: Invalid character.
src/services/firebaseService.ts(1,5267): error TS1127: Invalid character.
src/services/firebaseService.ts(1,5268): error TS1127: Invalid character.
src/services/firebaseService.ts(1,5269): error TS1127: Invalid character.
src/services/firebaseService.ts(1,5270): error TS1127: Invalid character.
src/services/firebaseService.ts(1,5271): error TS1127: Invalid character.
src/services/firebaseService.ts(1,5272): error TS1127: Invalid character.
src/services/firebaseService.ts(1,5273): error TS1127: Invalid character.
src/services/firebaseService.ts(1,5274): error TS1127: Invalid character.
src/services/firebaseService.ts(1,5275): error TS1127: Invalid character.
src/services/firebaseService.ts(1,5276): error TS1127: Invalid character.
src/services/firebaseService.ts(1,5277): error TS1127: Invalid character.
src/services/firebaseService.ts(1,5278): error TS1127: Invalid character.
src/services/firebaseService.ts(1,5279): error TS1127: Invalid character.
src/services/firebaseService.ts(1,5280): error TS1127: Invalid character.
src/services/firebaseService.ts(1,5281): error TS1127: Invalid character.
src/services/firebaseService.ts(1,5282): error TS1127: Invalid character.
src/services/firebaseService.ts(1,5283): error TS1127: Invalid character.
src/services/firebaseService.ts(1,5284): error TS1127: Invalid character.
src/services/firebaseService.ts(1,5285): error TS1127: Invalid character.
src/services/firebaseService.ts(1,5286): error TS1127: Invalid character.
src/services/firebaseService.ts(1,5287): error TS1127: Invalid character.
src/services/firebaseService.ts(1,5288): error TS1127: Invalid character.
src/services/firebaseService.ts(1,5289): error TS1127: Invalid character.
src/services/firebaseService.ts(1,5290): error TS1127: Invalid character.
src/services/firebaseService.ts(1,5291): error TS1127: Invalid character.
src/services/firebaseService.ts(1,5292): error TS1127: Invalid character.
src/services/firebaseService.ts(1,5293): error TS1127: Invalid character.
src/services/firebaseService.ts(1,5294): error TS1127: Invalid character.
src/services/firebaseService.ts(1,5295): error TS1127: Invalid character.
src/services/firebaseService.ts(1,5296): error TS1127: Invalid character.
src/services/firebaseService.ts(1,5297): error TS1127: Invalid character.
src/services/firebaseService.ts(1,5298): error TS1127: Invalid character.
src/services/firebaseService.ts(1,5299): error TS1127: Invalid character.
src/services/firebaseService.ts(1,5300): error TS1127: Invalid character.
src/services/firebaseService.ts(1,5301): error TS1127: Invalid character.
src/services/firebaseService.ts(1,5302): error TS1127: Invalid character.
src/services/firebaseService.ts(1,5303): error TS1127: Invalid character.
src/services/firebaseService.ts(1,5304): error TS1127: Invalid character.
src/services/firebaseService.ts(1,5305): error TS1127: Invalid character.
src/services/firebaseService.ts(1,5306): error TS1127: Invalid character.
src/services/firebaseService.ts(1,5307): error TS1127: Invalid character.
src/services/firebaseService.ts(1,5308): error TS1127: Invalid character.
src/services/firebaseService.ts(1,5309): error TS1127: Invalid character.
src/services/firebaseService.ts(1,5310): error TS1127: Invalid character.
src/services/firebaseService.ts(1,5311): error TS1127: Invalid character.
src/services/firebaseService.ts(1,5312): error TS1127: Invalid character.
src/services/firebaseService.ts(1,5313): error TS1127: Invalid character.
src/services/firebaseService.ts(1,5314): error TS1127: Invalid character.
src/services/firebaseService.ts(1,5315): error TS1127: Invalid character.
src/services/firebaseService.ts(1,5316): error TS1127: Invalid character.
src/services/firebaseService.ts(1,5317): error TS1127: Invalid character.
src/services/firebaseService.ts(1,5318): error TS1127: Invalid character.
src/services/firebaseService.ts(1,5319): error TS1127: Invalid character.
src/services/firebaseService.ts(1,5320): error TS1127: Invalid character.
src/services/firebaseService.ts(1,5321): error TS1127: Invalid character.
src/services/firebaseService.ts(1,5322): error TS1127: Invalid character.
src/services/firebaseService.ts(1,5323): error TS1127: Invalid character.
src/services/firebaseService.ts(1,5324): error TS1127: Invalid character.
src/services/firebaseService.ts(1,5325): error TS1127: Invalid character.
src/services/firebaseService.ts(1,5326): error TS1127: Invalid character.
src/services/firebaseService.ts(1,5327): error TS1127: Invalid character.
src/services/firebaseService.ts(1,5328): error TS1127: Invalid character.
src/services/firebaseService.ts(1,5329): error TS1127: Invalid character.
src/services/firebaseService.ts(1,5330): error TS1127: Invalid character.
src/services/firebaseService.ts(1,5331): error TS1127: Invalid character.
src/services/firebaseService.ts(1,5332): error TS1127: Invalid character.
src/services/firebaseService.ts(1,5333): error TS1127: Invalid character.
src/services/firebaseService.ts(1,5334): error TS1127: Invalid character.
src/services/firebaseService.ts(1,5335): error TS1127: Invalid character.
src/services/firebaseService.ts(1,5336): error TS1127: Invalid character.
src/services/firebaseService.ts(1,5337): error TS1127: Invalid character.
src/services/firebaseService.ts(1,5338): error TS1127: Invalid character.
src/services/firebaseService.ts(1,5339): error TS1127: Invalid character.
src/services/firebaseService.ts(1,5340): error TS1127: Invalid character.
src/services/firebaseService.ts(1,5341): error TS1127: Invalid character.
src/services/firebaseService.ts(1,5342): error TS1127: Invalid character.
src/services/firebaseService.ts(1,5343): error TS1127: Invalid character.
src/services/firebaseService.ts(1,5344): error TS1127: Invalid character.
src/services/firebaseService.ts(1,5345): error TS1127: Invalid character.
src/services/firebaseService.ts(1,5346): error TS1127: Invalid character.
src/services/firebaseService.ts(1,5347): error TS1127: Invalid character.
src/services/firebaseService.ts(1,5348): error TS1127: Invalid character.
src/services/firebaseService.ts(1,5349): error TS1127: Invalid character.
src/services/firebaseService.ts(1,5350): error TS1127: Invalid character.
src/services/firebaseService.ts(1,5351): error TS1127: Invalid character.
src/services/firebaseService.ts(1,5352): error TS1127: Invalid character.
src/services/firebaseService.ts(1,5353): error TS1127: Invalid character.
src/services/firebaseService.ts(1,5354): error TS1127: Invalid character.
src/services/firebaseService.ts(1,5355): error TS1127: Invalid character.
src/services/firebaseService.ts(1,5356): error TS1127: Invalid character.
src/services/firebaseService.ts(1,5357): error TS1127: Invalid character.
src/services/firebaseService.ts(1,5358): error TS1127: Invalid character.
src/services/firebaseService.ts(1,5359): error TS1127: Invalid character.
src/services/firebaseService.ts(1,5360): error TS1127: Invalid character.
src/services/firebaseService.ts(1,5361): error TS1127: Invalid character.
src/services/firebaseService.ts(1,5362): error TS1127: Invalid character.
src/services/firebaseService.ts(1,5363): error TS1127: Invalid character.
src/services/firebaseService.ts(1,5364): error TS1127: Invalid character.
src/services/firebaseService.ts(1,5365): error TS1127: Invalid character.
src/services/firebaseService.ts(1,5366): error TS1127: Invalid character.
src/services/firebaseService.ts(1,5367): error TS1127: Invalid character.
src/services/firebaseService.ts(1,5368): error TS1127: Invalid character.
src/services/firebaseService.ts(1,5369): error TS1127: Invalid character.
src/services/firebaseService.ts(1,5370): error TS1127: Invalid character.
src/services/firebaseService.ts(1,5371): error TS1127: Invalid character.
src/services/firebaseService.ts(1,5372): error TS1127: Invalid character.
src/services/firebaseService.ts(1,5373): error TS1127: Invalid character.
src/services/firebaseService.ts(1,5374): error TS1127: Invalid character.
src/services/firebaseService.ts(1,5375): error TS1127: Invalid character.
src/services/firebaseService.ts(1,5376): error TS1127: Invalid character.
src/services/firebaseService.ts(1,5377): error TS1127: Invalid character.
src/services/firebaseService.ts(1,5378): error TS1127: Invalid character.
src/services/firebaseService.ts(1,5379): error TS1127: Invalid character.
src/services/firebaseService.ts(1,5380): error TS1127: Invalid character.
src/services/firebaseService.ts(1,5381): error TS1127: Invalid character.
src/services/firebaseService.ts(1,5382): error TS1127: Invalid character.
src/services/firebaseService.ts(1,5383): error TS1127: Invalid character.
src/services/firebaseService.ts(1,5384): error TS1127: Invalid character.
src/services/firebaseService.ts(1,5385): error TS1127: Invalid character.
src/services/firebaseService.ts(1,5386): error TS1127: Invalid character.
src/services/firebaseService.ts(1,5387): error TS1127: Invalid character.
src/services/firebaseService.ts(1,5388): error TS1127: Invalid character.
src/services/firebaseService.ts(1,5389): error TS1127: Invalid character.
src/services/firebaseService.ts(1,5390): error TS1127: Invalid character.
src/services/firebaseService.ts(1,5391): error TS1127: Invalid character.
src/services/firebaseService.ts(1,5392): error TS1127: Invalid character.
src/services/firebaseService.ts(1,5393): error TS1127: Invalid character.
src/services/firebaseService.ts(1,5394): error TS1127: Invalid character.
src/services/firebaseService.ts(1,5395): error TS1127: Invalid character.
src/services/firebaseService.ts(1,5396): error TS1127: Invalid character.
src/services/firebaseService.ts(1,5397): error TS1127: Invalid character.
src/services/firebaseService.ts(1,5398): error TS1127: Invalid character.
src/services/firebaseService.ts(1,5399): error TS1127: Invalid character.
src/services/firebaseService.ts(1,5400): error TS1127: Invalid character.
src/services/firebaseService.ts(1,5401): error TS1127: Invalid character.
src/services/firebaseService.ts(1,5402): error TS1127: Invalid character.
src/services/firebaseService.ts(1,5403): error TS1127: Invalid character.
src/services/firebaseService.ts(1,5404): error TS1127: Invalid character.
src/services/firebaseService.ts(1,5405): error TS1127: Invalid character.
src/services/firebaseService.ts(1,5406): error TS1127: Invalid character.
src/services/firebaseService.ts(1,5407): error TS1127: Invalid character.
src/services/firebaseService.ts(1,5408): error TS1127: Invalid character.
src/services/firebaseService.ts(1,5409): error TS1127: Invalid character.
src/services/firebaseService.ts(1,5410): error TS1127: Invalid character.
src/services/firebaseService.ts(1,5411): error TS1127: Invalid character.
src/services/firebaseService.ts(1,5412): error TS1127: Invalid character.
src/services/firebaseService.ts(1,5413): error TS1127: Invalid character.
src/services/firebaseService.ts(1,5414): error TS1127: Invalid character.
src/services/firebaseService.ts(1,5415): error TS1127: Invalid character.
src/services/firebaseService.ts(1,5416): error TS1127: Invalid character.
src/services/firebaseService.ts(1,5417): error TS1127: Invalid character.
src/services/firebaseService.ts(1,5418): error TS1127: Invalid character.
src/services/firebaseService.ts(1,5419): error TS1127: Invalid character.
src/services/firebaseService.ts(1,5420): error TS1127: Invalid character.
src/services/firebaseService.ts(1,5421): error TS1127: Invalid character.
src/services/firebaseService.ts(1,5422): error TS1127: Invalid character.
src/services/firebaseService.ts(1,5423): error TS1127: Invalid character.
src/services/firebaseService.ts(1,5424): error TS1127: Invalid character.
src/services/firebaseService.ts(1,5425): error TS1127: Invalid character.
src/services/firebaseService.ts(1,5426): error TS1127: Invalid character.
src/services/firebaseService.ts(1,5427): error TS1127: Invalid character.
src/services/firebaseService.ts(1,5428): error TS1127: Invalid character.
src/services/firebaseService.ts(1,5429): error TS1127: Invalid character.
src/services/firebaseService.ts(1,5430): error TS1127: Invalid character.
src/services/firebaseService.ts(1,5431): error TS1127: Invalid character.
src/services/firebaseService.ts(1,5432): error TS1127: Invalid character.
src/services/firebaseService.ts(1,5433): error TS1127: Invalid character.
src/services/firebaseService.ts(1,5434): error TS1127: Invalid character.
src/services/firebaseService.ts(1,5435): error TS1127: Invalid character.
src/services/firebaseService.ts(1,5436): error TS1127: Invalid character.
src/services/firebaseService.ts(1,5437): error TS1127: Invalid character.
src/services/firebaseService.ts(1,5438): error TS1127: Invalid character.
src/services/firebaseService.ts(1,5439): error TS1127: Invalid character.
src/services/firebaseService.ts(1,5440): error TS1127: Invalid character.
src/services/firebaseService.ts(1,5441): error TS1127: Invalid character.
src/services/firebaseService.ts(1,5442): error TS1127: Invalid character.
src/services/firebaseService.ts(1,5443): error TS1127: Invalid character.
src/services/firebaseService.ts(1,5444): error TS1127: Invalid character.
src/services/firebaseService.ts(1,5445): error TS1127: Invalid character.
src/services/firebaseService.ts(1,5446): error TS1127: Invalid character.
src/services/firebaseService.ts(1,5447): error TS1127: Invalid character.
src/services/firebaseService.ts(1,5448): error TS1127: Invalid character.
src/services/firebaseService.ts(1,5449): error TS1127: Invalid character.
src/services/firebaseService.ts(1,5450): error TS1127: Invalid character.
src/services/firebaseService.ts(1,5451): error TS1127: Invalid character.
src/services/firebaseService.ts(1,5452): error TS1127: Invalid character.
src/services/firebaseService.ts(1,5453): error TS1127: Invalid character.
src/services/firebaseService.ts(1,5454): error TS1127: Invalid character.
src/services/firebaseService.ts(1,5455): error TS1127: Invalid character.
src/services/firebaseService.ts(1,5456): error TS1127: Invalid character.
src/services/firebaseService.ts(1,5457): error TS1127: Invalid character.
src/services/firebaseService.ts(1,5458): error TS1127: Invalid character.
src/services/firebaseService.ts(1,5459): error TS1127: Invalid character.
src/services/firebaseService.ts(1,5460): error TS1127: Invalid character.
src/services/firebaseService.ts(1,5461): error TS1127: Invalid character.
src/services/firebaseService.ts(1,5462): error TS1127: Invalid character.
src/services/firebaseService.ts(1,5463): error TS1127: Invalid character.
src/services/firebaseService.ts(1,5464): error TS1127: Invalid character.
src/services/firebaseService.ts(1,5465): error TS1127: Invalid character.
src/services/firebaseService.ts(1,5466): error TS1127: Invalid character.
src/services/firebaseService.ts(1,5467): error TS1127: Invalid character.
src/services/firebaseService.ts(1,5468): error TS1127: Invalid character.
src/services/firebaseService.ts(1,5469): error TS1127: Invalid character.
src/services/firebaseService.ts(1,5470): error TS1127: Invalid character.
src/services/firebaseService.ts(1,5471): error TS1127: Invalid character.
src/services/firebaseService.ts(1,5472): error TS1127: Invalid character.
src/services/firebaseService.ts(1,5473): error TS1127: Invalid character.
src/services/firebaseService.ts(1,5474): error TS1127: Invalid character.
src/services/firebaseService.ts(1,5475): error TS1127: Invalid character.
src/services/firebaseService.ts(1,5476): error TS1127: Invalid character.
src/services/firebaseService.ts(1,5477): error TS1127: Invalid character.
src/services/firebaseService.ts(1,5478): error TS1127: Invalid character.
src/services/firebaseService.ts(1,5479): error TS1127: Invalid character.
src/services/firebaseService.ts(1,5480): error TS1127: Invalid character.
src/services/firebaseService.ts(1,5481): error TS1127: Invalid character.
src/services/firebaseService.ts(1,5482): error TS1127: Invalid character.
src/services/firebaseService.ts(1,5483): error TS1127: Invalid character.
src/services/firebaseService.ts(1,5484): error TS1127: Invalid character.
src/services/firebaseService.ts(1,5485): error TS1127: Invalid character.
src/services/firebaseService.ts(1,5486): error TS1127: Invalid character.
src/services/firebaseService.ts(1,5487): error TS1127: Invalid character.
src/services/firebaseService.ts(1,5488): error TS1127: Invalid character.
src/services/firebaseService.ts(1,5489): error TS1127: Invalid character.
src/services/firebaseService.ts(1,5490): error TS1127: Invalid character.
src/services/firebaseService.ts(1,5491): error TS1127: Invalid character.
src/services/firebaseService.ts(1,5492): error TS1127: Invalid character.
src/services/firebaseService.ts(1,5493): error TS1127: Invalid character.
src/services/firebaseService.ts(1,5494): error TS1127: Invalid character.
src/services/firebaseService.ts(1,5495): error TS1127: Invalid character.
src/services/firebaseService.ts(1,5496): error TS1127: Invalid character.
src/services/firebaseService.ts(1,5497): error TS1127: Invalid character.
src/services/firebaseService.ts(1,5498): error TS1127: Invalid character.
src/services/firebaseService.ts(1,5499): error TS1127: Invalid character.
src/services/firebaseService.ts(1,5500): error TS1127: Invalid character.
src/services/firebaseService.ts(1,5501): error TS1127: Invalid character.
src/services/firebaseService.ts(1,5502): error TS1127: Invalid character.
src/services/firebaseService.ts(1,5503): error TS1127: Invalid character.
src/services/firebaseService.ts(1,5504): error TS1127: Invalid character.
src/services/firebaseService.ts(1,5505): error TS1127: Invalid character.
src/services/firebaseService.ts(1,5506): error TS1127: Invalid character.
src/services/firebaseService.ts(1,5507): error TS1127: Invalid character.
src/services/firebaseService.ts(1,5508): error TS1127: Invalid character.
src/services/firebaseService.ts(1,5509): error TS1127: Invalid character.
src/services/firebaseService.ts(1,5510): error TS1127: Invalid character.
src/services/firebaseService.ts(1,5511): error TS1127: Invalid character.
src/services/firebaseService.ts(1,5512): error TS1127: Invalid character.
src/services/firebaseService.ts(1,5513): error TS1127: Invalid character.
src/services/firebaseService.ts(1,5514): error TS1127: Invalid character.
src/services/firebaseService.ts(1,5515): error TS1127: Invalid character.
src/services/firebaseService.ts(1,5516): error TS1127: Invalid character.
src/services/firebaseService.ts(1,5517): error TS1127: Invalid character.
src/services/firebaseService.ts(1,5518): error TS1127: Invalid character.
src/services/firebaseService.ts(1,5519): error TS1127: Invalid character.
src/services/firebaseService.ts(1,5520): error TS1127: Invalid character.
src/services/firebaseService.ts(1,5521): error TS1127: Invalid character.
src/services/firebaseService.ts(1,5522): error TS1127: Invalid character.
src/services/firebaseService.ts(1,5523): error TS1127: Invalid character.
src/services/firebaseService.ts(1,5524): error TS1127: Invalid character.
src/services/firebaseService.ts(1,5525): error TS1127: Invalid character.
src/services/firebaseService.ts(1,5526): error TS1127: Invalid character.
src/services/firebaseService.ts(1,5527): error TS1127: Invalid character.
src/services/firebaseService.ts(1,5528): error TS1127: Invalid character.
src/services/firebaseService.ts(1,5529): error TS1127: Invalid character.
src/services/firebaseService.ts(1,5530): error TS1127: Invalid character.
src/services/firebaseService.ts(1,5531): error TS1127: Invalid character.
src/services/firebaseService.ts(1,5532): error TS1127: Invalid character.
src/services/firebaseService.ts(1,5533): error TS1127: Invalid character.
src/services/firebaseService.ts(1,5534): error TS1127: Invalid character.
src/services/firebaseService.ts(1,5535): error TS1127: Invalid character.
src/services/firebaseService.ts(1,5536): error TS1127: Invalid character.
src/services/firebaseService.ts(1,5537): error TS1127: Invalid character.
src/services/firebaseService.ts(1,5538): error TS1127: Invalid character.
src/services/firebaseService.ts(1,5539): error TS1127: Invalid character.
src/services/firebaseService.ts(1,5540): error TS1127: Invalid character.
src/services/firebaseService.ts(1,5541): error TS1127: Invalid character.
src/services/firebaseService.ts(1,5542): error TS1127: Invalid character.
src/services/firebaseService.ts(1,5543): error TS1127: Invalid character.
src/services/firebaseService.ts(1,5544): error TS1127: Invalid character.
src/services/firebaseService.ts(1,5545): error TS1127: Invalid character.
src/services/firebaseService.ts(1,5546): error TS1127: Invalid character.
src/services/firebaseService.ts(1,5547): error TS1127: Invalid character.
src/services/firebaseService.ts(1,5548): error TS1127: Invalid character.
src/services/firebaseService.ts(1,5549): error TS1127: Invalid character.
src/services/firebaseService.ts(1,5550): error TS1127: Invalid character.
src/services/firebaseService.ts(1,5551): error TS1127: Invalid character.
src/services/firebaseService.ts(1,5552): error TS1127: Invalid character.
src/services/firebaseService.ts(1,5553): error TS1127: Invalid character.
src/services/firebaseService.ts(1,5554): error TS1127: Invalid character.
src/services/firebaseService.ts(1,5555): error TS1127: Invalid character.
src/services/firebaseService.ts(1,5556): error TS1127: Invalid character.
src/services/firebaseService.ts(1,5557): error TS1127: Invalid character.
src/services/firebaseService.ts(1,5558): error TS1127: Invalid character.
src/services/firebaseService.ts(1,5559): error TS1127: Invalid character.
src/services/firebaseService.ts(1,5560): error TS1127: Invalid character.
src/services/firebaseService.ts(1,5561): error TS1127: Invalid character.
src/services/firebaseService.ts(1,5562): error TS1127: Invalid character.
src/services/firebaseService.ts(1,5563): error TS1127: Invalid character.
src/services/firebaseService.ts(1,5564): error TS1127: Invalid character.
src/services/firebaseService.ts(1,5565): error TS1127: Invalid character.
src/services/firebaseService.ts(1,5566): error TS1127: Invalid character.
src/services/firebaseService.ts(1,5567): error TS1127: Invalid character.
src/services/firebaseService.ts(1,5568): error TS1127: Invalid character.
src/services/firebaseService.ts(1,5569): error TS1127: Invalid character.
src/services/firebaseService.ts(1,5570): error TS1127: Invalid character.
src/services/firebaseService.ts(1,5571): error TS1127: Invalid character.
src/services/firebaseService.ts(1,5572): error TS1127: Invalid character.
src/services/firebaseService.ts(1,5573): error TS1127: Invalid character.
src/services/firebaseService.ts(1,5574): error TS1127: Invalid character.
src/services/firebaseService.ts(1,5575): error TS1127: Invalid character.
src/services/firebaseService.ts(1,5576): error TS1127: Invalid character.
src/services/firebaseService.ts(1,5577): error TS1127: Invalid character.
src/services/firebaseService.ts(1,5578): error TS1127: Invalid character.
src/services/firebaseService.ts(1,5579): error TS1127: Invalid character.
src/services/firebaseService.ts(1,5580): error TS1127: Invalid character.
src/services/firebaseService.ts(1,5581): error TS1127: Invalid character.
src/services/firebaseService.ts(1,5582): error TS1127: Invalid character.
src/services/firebaseService.ts(1,5583): error TS1127: Invalid character.
src/services/firebaseService.ts(1,5584): error TS1127: Invalid character.
src/services/firebaseService.ts(1,5585): error TS1127: Invalid character.
src/services/firebaseService.ts(1,5586): error TS1127: Invalid character.
src/services/firebaseService.ts(1,5587): error TS1127: Invalid character.
src/services/firebaseService.ts(1,5588): error TS1127: Invalid character.
src/services/firebaseService.ts(1,5589): error TS1127: Invalid character.
src/services/firebaseService.ts(1,5590): error TS1127: Invalid character.
src/services/firebaseService.ts(1,5591): error TS1127: Invalid character.
src/services/firebaseService.ts(1,5592): error TS1127: Invalid character.
src/services/firebaseService.ts(1,5593): error TS1127: Invalid character.
src/services/firebaseService.ts(1,5594): error TS1127: Invalid character.
src/services/firebaseService.ts(1,5595): error TS1127: Invalid character.
src/services/firebaseService.ts(1,5596): error TS1127: Invalid character.
src/services/firebaseService.ts(1,5597): error TS1127: Invalid character.
src/services/firebaseService.ts(1,5598): error TS1127: Invalid character.
src/services/firebaseService.ts(1,5599): error TS1127: Invalid character.
src/services/firebaseService.ts(1,5600): error TS1127: Invalid character.
src/services/firebaseService.ts(1,5601): error TS1127: Invalid character.
src/services/firebaseService.ts(1,5602): error TS1127: Invalid character.
src/services/firebaseService.ts(1,5603): error TS1127: Invalid character.
src/services/firebaseService.ts(1,5604): error TS1127: Invalid character.
src/services/firebaseService.ts(1,5605): error TS1127: Invalid character.
src/services/firebaseService.ts(1,5606): error TS1127: Invalid character.
src/services/firebaseService.ts(1,5607): error TS1127: Invalid character.
src/services/firebaseService.ts(1,5608): error TS1127: Invalid character.
src/services/firebaseService.ts(1,5609): error TS1127: Invalid character.
src/services/firebaseService.ts(1,5610): error TS1127: Invalid character.
src/services/firebaseService.ts(1,5611): error TS1127: Invalid character.
src/services/firebaseService.ts(1,5612): error TS1127: Invalid character.
src/services/firebaseService.ts(1,5613): error TS1127: Invalid character.
src/services/firebaseService.ts(1,5614): error TS1127: Invalid character.
src/services/firebaseService.ts(1,5615): error TS1127: Invalid character.
src/services/firebaseService.ts(1,5616): error TS1127: Invalid character.
src/services/firebaseService.ts(1,5617): error TS1127: Invalid character.
src/services/firebaseService.ts(1,5618): error TS1127: Invalid character.
src/services/firebaseService.ts(1,5619): error TS1127: Invalid character.
src/services/firebaseService.ts(1,5620): error TS1127: Invalid character.
src/services/firebaseService.ts(1,5621): error TS1127: Invalid character.
src/services/firebaseService.ts(1,5622): error TS1127: Invalid character.
src/services/firebaseService.ts(1,5623): error TS1127: Invalid character.
src/services/firebaseService.ts(1,5624): error TS1127: Invalid character.
src/services/firebaseService.ts(1,5625): error TS1127: Invalid character.
src/services/firebaseService.ts(1,5626): error TS1127: Invalid character.
src/services/firebaseService.ts(1,5627): error TS1127: Invalid character.
src/services/firebaseService.ts(1,5628): error TS1127: Invalid character.
src/services/firebaseService.ts(1,5629): error TS1127: Invalid character.
src/services/firebaseService.ts(1,5630): error TS1127: Invalid character.
src/services/firebaseService.ts(1,5631): error TS1127: Invalid character.
src/services/firebaseService.ts(1,5632): error TS1127: Invalid character.
src/services/firebaseService.ts(1,5633): error TS1127: Invalid character.
src/services/firebaseService.ts(1,5634): error TS1127: Invalid character.
src/services/firebaseService.ts(1,5635): error TS1127: Invalid character.
src/services/firebaseService.ts(1,5636): error TS1127: Invalid character.
src/services/firebaseService.ts(1,5637): error TS1127: Invalid character.
src/services/firebaseService.ts(1,5638): error TS1127: Invalid character.
src/services/firebaseService.ts(1,5639): error TS1127: Invalid character.
src/services/firebaseService.ts(1,5640): error TS1127: Invalid character.
src/services/firebaseService.ts(1,5641): error TS1127: Invalid character.
src/services/firebaseService.ts(1,5642): error TS1127: Invalid character.
src/services/firebaseService.ts(1,5643): error TS1127: Invalid character.
src/services/firebaseService.ts(1,5644): error TS1127: Invalid character.
src/services/firebaseService.ts(1,5645): error TS1127: Invalid character.
src/services/firebaseService.ts(1,5646): error TS1127: Invalid character.
src/services/firebaseService.ts(1,5647): error TS1127: Invalid character.
src/services/firebaseService.ts(1,5648): error TS1127: Invalid character.
src/services/firebaseService.ts(1,5649): error TS1127: Invalid character.
src/services/firebaseService.ts(1,5650): error TS1127: Invalid character.
src/services/firebaseService.ts(1,5651): error TS1127: Invalid character.
src/services/firebaseService.ts(1,5652): error TS1127: Invalid character.
src/services/firebaseService.ts(1,5653): error TS1127: Invalid character.
src/services/firebaseService.ts(1,5654): error TS1127: Invalid character.
src/services/firebaseService.ts(1,5655): error TS1127: Invalid character.
src/services/firebaseService.ts(1,5656): error TS1127: Invalid character.
src/services/firebaseService.ts(1,5657): error TS1127: Invalid character.
src/services/firebaseService.ts(1,5658): error TS1127: Invalid character.
src/services/firebaseService.ts(1,5659): error TS1127: Invalid character.
src/services/firebaseService.ts(1,5660): error TS1127: Invalid character.
src/services/firebaseService.ts(1,5661): error TS1127: Invalid character.
src/services/firebaseService.ts(1,5662): error TS1127: Invalid character.
src/services/firebaseService.ts(1,5663): error TS1127: Invalid character.
src/services/firebaseService.ts(1,5664): error TS1127: Invalid character.
src/services/firebaseService.ts(1,5665): error TS1127: Invalid character.
src/services/firebaseService.ts(1,5666): error TS1127: Invalid character.
src/services/firebaseService.ts(1,5667): error TS1127: Invalid character.
src/services/firebaseService.ts(1,5668): error TS1127: Invalid character.
src/services/firebaseService.ts(1,5669): error TS1127: Invalid character.
src/services/firebaseService.ts(1,5670): error TS1127: Invalid character.
src/services/firebaseService.ts(1,5671): error TS1127: Invalid character.
src/services/firebaseService.ts(1,5672): error TS1127: Invalid character.
src/services/firebaseService.ts(1,5673): error TS1127: Invalid character.
src/services/firebaseService.ts(1,5674): error TS1127: Invalid character.
src/services/firebaseService.ts(1,5675): error TS1127: Invalid character.
src/services/firebaseService.ts(1,5676): error TS1127: Invalid character.
src/services/firebaseService.ts(1,5677): error TS1127: Invalid character.
src/services/firebaseService.ts(1,5678): error TS1127: Invalid character.
src/services/firebaseService.ts(1,5679): error TS1127: Invalid character.
src/services/firebaseService.ts(1,5680): error TS1127: Invalid character.
src/services/firebaseService.ts(1,5681): error TS1127: Invalid character.
src/services/firebaseService.ts(1,5682): error TS1127: Invalid character.
src/services/firebaseService.ts(1,5683): error TS1127: Invalid character.
src/services/firebaseService.ts(1,5684): error TS1127: Invalid character.
src/services/firebaseService.ts(1,5685): error TS1127: Invalid character.
src/services/firebaseService.ts(1,5686): error TS1127: Invalid character.
src/services/firebaseService.ts(1,5687): error TS1127: Invalid character.
src/services/firebaseService.ts(1,5688): error TS1127: Invalid character.
src/services/firebaseService.ts(1,5689): error TS1127: Invalid character.
src/services/firebaseService.ts(1,5690): error TS1127: Invalid character.
src/services/firebaseService.ts(1,5691): error TS1127: Invalid character.
src/services/firebaseService.ts(1,5692): error TS1127: Invalid character.
src/services/firebaseService.ts(1,5693): error TS1127: Invalid character.
src/services/firebaseService.ts(1,5694): error TS1127: Invalid character.
src/services/firebaseService.ts(1,5695): error TS1127: Invalid character.
src/services/firebaseService.ts(1,5696): error TS1127: Invalid character.
src/services/firebaseService.ts(1,5697): error TS1127: Invalid character.
src/services/firebaseService.ts(1,5698): error TS1127: Invalid character.
src/services/firebaseService.ts(1,5699): error TS1127: Invalid character.
src/services/firebaseService.ts(1,5700): error TS1127: Invalid character.
src/services/firebaseService.ts(1,5701): error TS1127: Invalid character.
src/services/firebaseService.ts(1,5702): error TS1127: Invalid character.
src/services/firebaseService.ts(1,5703): error TS1127: Invalid character.
src/services/firebaseService.ts(1,5704): error TS1127: Invalid character.
src/services/firebaseService.ts(1,5705): error TS1127: Invalid character.
src/services/firebaseService.ts(1,5706): error TS1127: Invalid character.
src/services/firebaseService.ts(1,5707): error TS1127: Invalid character.
src/services/firebaseService.ts(1,5708): error TS1127: Invalid character.
src/services/firebaseService.ts(1,5709): error TS1127: Invalid character.
src/services/firebaseService.ts(1,5710): error TS1127: Invalid character.
src/services/firebaseService.ts(1,5711): error TS1127: Invalid character.
src/services/firebaseService.ts(1,5712): error TS1127: Invalid character.
src/services/firebaseService.ts(1,5713): error TS1127: Invalid character.
src/services/firebaseService.ts(1,5714): error TS1127: Invalid character.
src/services/firebaseService.ts(1,5715): error TS1127: Invalid character.
src/services/firebaseService.ts(1,5716): error TS1127: Invalid character.
src/services/firebaseService.ts(1,5717): error TS1127: Invalid character.
src/services/firebaseService.ts(1,5718): error TS1127: Invalid character.
src/services/firebaseService.ts(1,5719): error TS1127: Invalid character.
src/services/firebaseService.ts(1,5720): error TS1127: Invalid character.
src/services/firebaseService.ts(1,5721): error TS1127: Invalid character.
src/services/firebaseService.ts(1,5722): error TS1127: Invalid character.
src/services/firebaseService.ts(1,5723): error TS1127: Invalid character.
src/services/firebaseService.ts(1,5724): error TS1127: Invalid character.
src/services/firebaseService.ts(1,5725): error TS1127: Invalid character.
src/services/firebaseService.ts(1,5726): error TS1127: Invalid character.
src/services/firebaseService.ts(1,5727): error TS1127: Invalid character.
src/services/firebaseService.ts(1,5728): error TS1127: Invalid character.
src/services/firebaseService.ts(1,5729): error TS1127: Invalid character.
src/services/firebaseService.ts(1,5730): error TS1127: Invalid character.
src/services/firebaseService.ts(1,5731): error TS1127: Invalid character.
src/services/firebaseService.ts(1,5732): error TS1127: Invalid character.
src/services/firebaseService.ts(1,5733): error TS1127: Invalid character.
src/services/firebaseService.ts(1,5734): error TS1127: Invalid character.
src/services/firebaseService.ts(1,5735): error TS1127: Invalid character.
src/services/firebaseService.ts(1,5736): error TS1127: Invalid character.
src/services/firebaseService.ts(1,5737): error TS1127: Invalid character.
src/services/firebaseService.ts(1,5738): error TS1127: Invalid character.
src/services/firebaseService.ts(1,5739): error TS1127: Invalid character.
src/services/firebaseService.ts(1,5740): error TS1127: Invalid character.
src/services/firebaseService.ts(1,5741): error TS1127: Invalid character.
src/services/firebaseService.ts(1,5742): error TS1127: Invalid character.
src/services/firebaseService.ts(1,5743): error TS1127: Invalid character.
src/services/firebaseService.ts(1,5744): error TS1127: Invalid character.
src/services/firebaseService.ts(1,5745): error TS1127: Invalid character.
src/services/firebaseService.ts(1,5746): error TS1127: Invalid character.
src/services/firebaseService.ts(1,5747): error TS1127: Invalid character.
src/services/firebaseService.ts(1,5748): error TS1127: Invalid character.
src/services/firebaseService.ts(1,5749): error TS1127: Invalid character.
src/services/firebaseService.ts(1,5750): error TS1127: Invalid character.
src/services/firebaseService.ts(1,5751): error TS1127: Invalid character.
src/services/firebaseService.ts(1,5752): error TS1127: Invalid character.
src/services/firebaseService.ts(1,5753): error TS1127: Invalid character.
src/services/firebaseService.ts(1,5754): error TS1127: Invalid character.
src/services/firebaseService.ts(1,5755): error TS1127: Invalid character.
src/services/firebaseService.ts(1,5756): error TS1127: Invalid character.
src/services/firebaseService.ts(1,5757): error TS1127: Invalid character.
src/services/firebaseService.ts(1,5758): error TS1127: Invalid character.
src/services/firebaseService.ts(1,5759): error TS1127: Invalid character.
src/services/firebaseService.ts(1,5760): error TS1127: Invalid character.
src/services/firebaseService.ts(1,5761): error TS1127: Invalid character.
src/services/firebaseService.ts(1,5762): error TS1127: Invalid character.
src/services/firebaseService.ts(1,5763): error TS1127: Invalid character.
src/services/firebaseService.ts(1,5764): error TS1127: Invalid character.
src/services/firebaseService.ts(1,5765): error TS1127: Invalid character.
src/services/firebaseService.ts(1,5766): error TS1127: Invalid character.
src/services/firebaseService.ts(1,5767): error TS1127: Invalid character.
src/services/firebaseService.ts(1,5768): error TS1127: Invalid character.
src/services/firebaseService.ts(1,5769): error TS1127: Invalid character.
src/services/firebaseService.ts(1,5770): error TS1127: Invalid character.
src/services/firebaseService.ts(1,5771): error TS1127: Invalid character.
src/services/firebaseService.ts(1,5772): error TS1127: Invalid character.
src/services/firebaseService.ts(1,5773): error TS1127: Invalid character.
src/services/firebaseService.ts(1,5774): error TS1127: Invalid character.
src/services/firebaseService.ts(1,5775): error TS1127: Invalid character.
src/services/firebaseService.ts(1,5776): error TS1127: Invalid character.
src/services/firebaseService.ts(1,5777): error TS1127: Invalid character.
src/services/firebaseService.ts(1,5778): error TS1127: Invalid character.
src/services/firebaseService.ts(1,5779): error TS1127: Invalid character.
src/services/firebaseService.ts(1,5780): error TS1127: Invalid character.
src/services/firebaseService.ts(1,5781): error TS1127: Invalid character.
src/services/firebaseService.ts(1,5782): error TS1127: Invalid character.
src/services/firebaseService.ts(1,5783): error TS1127: Invalid character.
src/services/firebaseService.ts(1,5784): error TS1127: Invalid character.
src/services/firebaseService.ts(1,5785): error TS1127: Invalid character.
src/services/firebaseService.ts(1,5786): error TS1127: Invalid character.
src/services/firebaseService.ts(1,5787): error TS1127: Invalid character.
src/services/firebaseService.ts(1,5788): error TS1127: Invalid character.
src/services/firebaseService.ts(1,5789): error TS1127: Invalid character.
src/services/firebaseService.ts(1,5790): error TS1127: Invalid character.
src/services/firebaseService.ts(1,5791): error TS1127: Invalid character.
src/services/firebaseService.ts(1,5792): error TS1127: Invalid character.
src/services/firebaseService.ts(1,5793): error TS1127: Invalid character.
src/services/firebaseService.ts(1,5794): error TS1127: Invalid character.
src/services/firebaseService.ts(1,5795): error TS1127: Invalid character.
src/services/firebaseService.ts(1,5796): error TS1127: Invalid character.
src/services/firebaseService.ts(1,5797): error TS1127: Invalid character.
src/services/firebaseService.ts(1,5798): error TS1127: Invalid character.
src/services/firebaseService.ts(1,5799): error TS1127: Invalid character.
src/services/firebaseService.ts(1,5800): error TS1127: Invalid character.
src/services/firebaseService.ts(1,5801): error TS1127: Invalid character.
src/services/firebaseService.ts(1,5802): error TS1127: Invalid character.
src/services/firebaseService.ts(1,5803): error TS1127: Invalid character.
src/services/firebaseService.ts(1,5804): error TS1127: Invalid character.
src/services/firebaseService.ts(1,5805): error TS1127: Invalid character.
src/services/firebaseService.ts(1,5806): error TS1127: Invalid character.
src/services/firebaseService.ts(1,5807): error TS1127: Invalid character.
src/services/firebaseService.ts(1,5808): error TS1127: Invalid character.
src/services/firebaseService.ts(1,5809): error TS1127: Invalid character.
src/services/firebaseService.ts(1,5810): error TS1127: Invalid character.
src/services/firebaseService.ts(1,5811): error TS1127: Invalid character.
src/services/firebaseService.ts(1,5812): error TS1127: Invalid character.
src/services/firebaseService.ts(1,5813): error TS1127: Invalid character.
src/services/firebaseService.ts(1,5814): error TS1127: Invalid character.
src/services/firebaseService.ts(1,5815): error TS1127: Invalid character.
src/services/firebaseService.ts(1,5816): error TS1127: Invalid character.
src/services/firebaseService.ts(1,5817): error TS1127: Invalid character.
src/services/firebaseService.ts(1,5818): error TS1127: Invalid character.
src/services/firebaseService.ts(1,5819): error TS1127: Invalid character.
src/services/firebaseService.ts(1,5820): error TS1127: Invalid character.
src/services/firebaseService.ts(1,5821): error TS1127: Invalid character.
src/services/firebaseService.ts(1,5822): error TS1127: Invalid character.
src/services/firebaseService.ts(1,5823): error TS1127: Invalid character.
src/services/firebaseService.ts(1,5824): error TS1127: Invalid character.
src/services/firebaseService.ts(1,5825): error TS1127: Invalid character.
src/services/firebaseService.ts(1,5826): error TS1127: Invalid character.
src/services/firebaseService.ts(1,5827): error TS1127: Invalid character.
src/services/firebaseService.ts(1,5828): error TS1127: Invalid character.
src/services/firebaseService.ts(1,5829): error TS1127: Invalid character.
src/services/firebaseService.ts(1,5830): error TS1127: Invalid character.
src/services/firebaseService.ts(1,5831): error TS1127: Invalid character.
src/services/firebaseService.ts(1,5832): error TS1127: Invalid character.
src/services/firebaseService.ts(1,5833): error TS1127: Invalid character.
src/services/firebaseService.ts(1,5834): error TS1127: Invalid character.
src/services/firebaseService.ts(1,5835): error TS1127: Invalid character.
src/services/firebaseService.ts(1,5836): error TS1127: Invalid character.
src/services/firebaseService.ts(1,5837): error TS1127: Invalid character.
src/services/firebaseService.ts(1,5838): error TS1127: Invalid character.
src/services/firebaseService.ts(1,5839): error TS1127: Invalid character.
src/services/firebaseService.ts(1,5840): error TS1127: Invalid character.
src/services/firebaseService.ts(1,5841): error TS1127: Invalid character.
src/services/firebaseService.ts(1,5842): error TS1127: Invalid character.
src/services/firebaseService.ts(1,5843): error TS1127: Invalid character.
src/services/firebaseService.ts(1,5844): error TS1127: Invalid character.
src/services/firebaseService.ts(1,5845): error TS1127: Invalid character.
src/services/firebaseService.ts(1,5846): error TS1127: Invalid character.
src/services/firebaseService.ts(1,5847): error TS1127: Invalid character.
src/services/firebaseService.ts(1,5848): error TS1127: Invalid character.
src/services/firebaseService.ts(1,5849): error TS1127: Invalid character.
src/services/firebaseService.ts(1,5850): error TS1127: Invalid character.
src/services/firebaseService.ts(1,5851): error TS1127: Invalid character.
src/services/firebaseService.ts(1,5852): error TS1127: Invalid character.
src/services/firebaseService.ts(1,5853): error TS1127: Invalid character.
src/services/firebaseService.ts(1,5854): error TS1127: Invalid character.
src/services/firebaseService.ts(1,5855): error TS1127: Invalid character.
src/services/firebaseService.ts(1,5856): error TS1127: Invalid character.
src/services/firebaseService.ts(1,5857): error TS1127: Invalid character.
src/services/firebaseService.ts(1,5858): error TS1127: Invalid character.
src/services/firebaseService.ts(1,5859): error TS1127: Invalid character.
src/services/firebaseService.ts(1,5860): error TS1127: Invalid character.
src/services/firebaseService.ts(1,5861): error TS1127: Invalid character.
src/services/firebaseService.ts(1,5862): error TS1127: Invalid character.
src/services/firebaseService.ts(1,5863): error TS1127: Invalid character.
src/services/firebaseService.ts(1,5864): error TS1127: Invalid character.
src/services/firebaseService.ts(1,5865): error TS1127: Invalid character.
src/services/firebaseService.ts(1,5866): error TS1127: Invalid character.
src/services/firebaseService.ts(1,5867): error TS1127: Invalid character.
src/services/firebaseService.ts(1,5868): error TS1127: Invalid character.
src/services/firebaseService.ts(1,5869): error TS1127: Invalid character.
src/services/firebaseService.ts(1,5870): error TS1127: Invalid character.
src/services/firebaseService.ts(1,5871): error TS1127: Invalid character.
src/services/firebaseService.ts(1,5872): error TS1127: Invalid character.
src/services/firebaseService.ts(1,5873): error TS1127: Invalid character.
src/services/firebaseService.ts(1,5874): error TS1127: Invalid character.
src/services/firebaseService.ts(1,5875): error TS1127: Invalid character.
src/services/firebaseService.ts(1,5876): error TS1127: Invalid character.
src/services/firebaseService.ts(1,5877): error TS1127: Invalid character.
src/services/firebaseService.ts(1,5878): error TS1127: Invalid character.
src/services/firebaseService.ts(1,5879): error TS1127: Invalid character.
src/services/firebaseService.ts(1,5880): error TS1127: Invalid character.
src/services/firebaseService.ts(1,5881): error TS1127: Invalid character.
src/services/firebaseService.ts(1,5882): error TS1127: Invalid character.
src/services/firebaseService.ts(1,5883): error TS1127: Invalid character.
src/services/firebaseService.ts(1,5884): error TS1127: Invalid character.
src/services/firebaseService.ts(1,5885): error TS1127: Invalid character.
src/services/firebaseService.ts(1,5886): error TS1127: Invalid character.
src/services/firebaseService.ts(1,5887): error TS1127: Invalid character.
src/services/firebaseService.ts(1,5888): error TS1127: Invalid character.
src/services/firebaseService.ts(1,5889): error TS1127: Invalid character.
src/services/firebaseService.ts(1,5890): error TS1127: Invalid character.
src/services/firebaseService.ts(1,5891): error TS1127: Invalid character.
src/services/firebaseService.ts(1,5892): error TS1127: Invalid character.
src/services/firebaseService.ts(1,5893): error TS1127: Invalid character.
src/services/firebaseService.ts(1,5894): error TS1127: Invalid character.
src/services/firebaseService.ts(1,5895): error TS1127: Invalid character.
src/services/firebaseService.ts(1,5896): error TS1127: Invalid character.
src/services/firebaseService.ts(1,5897): error TS1127: Invalid character.
src/services/firebaseService.ts(1,5898): error TS1127: Invalid character.
src/services/firebaseService.ts(1,5899): error TS1127: Invalid character.
src/services/firebaseService.ts(1,5900): error TS1127: Invalid character.
src/services/firebaseService.ts(1,5901): error TS1127: Invalid character.
src/services/firebaseService.ts(1,5902): error TS1127: Invalid character.
src/services/firebaseService.ts(1,5903): error TS1127: Invalid character.
src/services/firebaseService.ts(1,5904): error TS1127: Invalid character.
src/services/firebaseService.ts(1,5905): error TS1127: Invalid character.
src/services/firebaseService.ts(1,5906): error TS1127: Invalid character.
src/services/firebaseService.ts(1,5907): error TS1127: Invalid character.
src/services/firebaseService.ts(1,5908): error TS1127: Invalid character.
src/services/firebaseService.ts(1,5909): error TS1127: Invalid character.
src/services/firebaseService.ts(1,5910): error TS1127: Invalid character.
src/services/firebaseService.ts(1,5911): error TS1127: Invalid character.
src/services/firebaseService.ts(1,5912): error TS1127: Invalid character.
src/services/firebaseService.ts(1,5913): error TS1127: Invalid character.
src/services/firebaseService.ts(1,5914): error TS1127: Invalid character.
src/services/firebaseService.ts(1,5915): error TS1127: Invalid character.
src/services/firebaseService.ts(1,5916): error TS1127: Invalid character.
src/services/firebaseService.ts(1,5917): error TS1127: Invalid character.
src/services/firebaseService.ts(1,5918): error TS1127: Invalid character.
src/services/firebaseService.ts(1,5919): error TS1127: Invalid character.
src/services/firebaseService.ts(1,5920): error TS1127: Invalid character.
src/services/firebaseService.ts(1,5921): error TS1127: Invalid character.
src/services/firebaseService.ts(1,5922): error TS1127: Invalid character.
src/services/firebaseService.ts(1,5923): error TS1127: Invalid character.
src/services/firebaseService.ts(1,5924): error TS1127: Invalid character.
src/services/firebaseService.ts(1,5925): error TS1127: Invalid character.
src/services/firebaseService.ts(1,5926): error TS1127: Invalid character.
src/services/firebaseService.ts(1,5927): error TS1127: Invalid character.
src/services/firebaseService.ts(1,5928): error TS1127: Invalid character.
src/services/firebaseService.ts(1,5929): error TS1127: Invalid character.
src/services/firebaseService.ts(1,5930): error TS1127: Invalid character.
src/services/firebaseService.ts(1,5931): error TS1127: Invalid character.
src/services/firebaseService.ts(1,5932): error TS1127: Invalid character.
src/services/firebaseService.ts(1,5933): error TS1127: Invalid character.
src/services/firebaseService.ts(1,5934): error TS1127: Invalid character.
src/services/firebaseService.ts(1,5935): error TS1127: Invalid character.
src/services/firebaseService.ts(1,5936): error TS1127: Invalid character.
src/services/firebaseService.ts(1,5937): error TS1127: Invalid character.
src/services/firebaseService.ts(1,5938): error TS1127: Invalid character.
src/services/firebaseService.ts(1,5939): error TS1127: Invalid character.
src/services/firebaseService.ts(1,5940): error TS1127: Invalid character.
src/services/firebaseService.ts(1,5941): error TS1127: Invalid character.
src/services/firebaseService.ts(1,5942): error TS1127: Invalid character.
src/services/firebaseService.ts(1,5943): error TS1127: Invalid character.
src/services/firebaseService.ts(1,5944): error TS1127: Invalid character.
src/services/firebaseService.ts(1,5945): error TS1127: Invalid character.
src/services/firebaseService.ts(1,5946): error TS1127: Invalid character.
src/services/firebaseService.ts(1,5947): error TS1127: Invalid character.
src/services/firebaseService.ts(1,5948): error TS1127: Invalid character.
src/services/firebaseService.ts(1,5949): error TS1127: Invalid character.
src/services/firebaseService.ts(1,5950): error TS1127: Invalid character.
src/services/firebaseService.ts(1,5951): error TS1127: Invalid character.
src/services/firebaseService.ts(1,5952): error TS1127: Invalid character.
src/services/firebaseService.ts(1,5953): error TS1127: Invalid character.
src/services/firebaseService.ts(1,5954): error TS1127: Invalid character.
src/services/firebaseService.ts(1,5955): error TS1127: Invalid character.
src/services/firebaseService.ts(1,5956): error TS1127: Invalid character.
src/services/firebaseService.ts(1,5957): error TS1127: Invalid character.
src/services/firebaseService.ts(1,5958): error TS1127: Invalid character.
src/services/firebaseService.ts(1,5959): error TS1127: Invalid character.
src/services/firebaseService.ts(1,5960): error TS1127: Invalid character.
src/services/firebaseService.ts(1,5961): error TS1127: Invalid character.
src/services/firebaseService.ts(1,5962): error TS1127: Invalid character.
src/services/firebaseService.ts(1,5963): error TS1127: Invalid character.
src/services/firebaseService.ts(1,5964): error TS1127: Invalid character.
src/services/firebaseService.ts(1,5965): error TS1127: Invalid character.
src/services/firebaseService.ts(1,5966): error TS1127: Invalid character.
src/services/firebaseService.ts(1,5967): error TS1127: Invalid character.
src/services/firebaseService.ts(1,5968): error TS1127: Invalid character.
src/services/firebaseService.ts(1,5969): error TS1127: Invalid character.
src/services/firebaseService.ts(1,5970): error TS1127: Invalid character.
src/services/firebaseService.ts(1,5971): error TS1127: Invalid character.
src/services/firebaseService.ts(1,5972): error TS1127: Invalid character.
src/services/firebaseService.ts(1,5973): error TS1127: Invalid character.
src/services/firebaseService.ts(1,5974): error TS1127: Invalid character.
src/services/firebaseService.ts(1,5975): error TS1127: Invalid character.
src/services/firebaseService.ts(1,5976): error TS1127: Invalid character.
src/services/firebaseService.ts(1,5977): error TS1127: Invalid character.
src/services/firebaseService.ts(1,5978): error TS1127: Invalid character.
src/services/firebaseService.ts(1,5979): error TS1127: Invalid character.
src/services/firebaseService.ts(1,5980): error TS1127: Invalid character.
src/services/firebaseService.ts(1,5981): error TS1127: Invalid character.
src/services/firebaseService.ts(1,5982): error TS1127: Invalid character.
src/services/firebaseService.ts(1,5983): error TS1127: Invalid character.
src/services/firebaseService.ts(1,5984): error TS1127: Invalid character.
src/services/firebaseService.ts(1,5985): error TS1127: Invalid character.
src/services/firebaseService.ts(1,5986): error TS1127: Invalid character.
src/services/firebaseService.ts(1,5987): error TS1127: Invalid character.
src/services/firebaseService.ts(1,5988): error TS1127: Invalid character.
src/services/firebaseService.ts(1,5989): error TS1127: Invalid character.
src/services/firebaseService.ts(1,5990): error TS1127: Invalid character.
src/services/firebaseService.ts(1,5991): error TS1127: Invalid character.
src/services/firebaseService.ts(1,5992): error TS1127: Invalid character.
src/services/firebaseService.ts(1,5993): error TS1127: Invalid character.
src/services/firebaseService.ts(1,5994): error TS1127: Invalid character.
src/services/firebaseService.ts(1,5995): error TS1127: Invalid character.
src/services/firebaseService.ts(1,5996): error TS1127: Invalid character.
src/services/firebaseService.ts(1,5997): error TS1127: Invalid character.
src/services/firebaseService.ts(1,5998): error TS1127: Invalid character.
src/services/firebaseService.ts(1,5999): error TS1127: Invalid character.
src/services/firebaseService.ts(1,6000): error TS1127: Invalid character.
src/services/firebaseService.ts(1,6001): error TS1127: Invalid character.
src/services/firebaseService.ts(1,6002): error TS1127: Invalid character.
src/services/firebaseService.ts(1,6003): error TS1127: Invalid character.
src/services/firebaseService.ts(1,6004): error TS1127: Invalid character.
src/services/firebaseService.ts(1,6005): error TS1127: Invalid character.
src/services/firebaseService.ts(1,6006): error TS1127: Invalid character.
src/services/firebaseService.ts(1,6007): error TS1127: Invalid character.
src/services/firebaseService.ts(1,6008): error TS1127: Invalid character.
src/services/firebaseService.ts(1,6009): error TS1127: Invalid character.
src/services/firebaseService.ts(1,6010): error TS1127: Invalid character.
src/services/firebaseService.ts(1,6011): error TS1127: Invalid character.
src/services/firebaseService.ts(1,6012): error TS1127: Invalid character.
src/services/firebaseService.ts(1,6013): error TS1127: Invalid character.
src/services/firebaseService.ts(1,6014): error TS1127: Invalid character.
src/services/firebaseService.ts(1,6015): error TS1127: Invalid character.
src/services/firebaseService.ts(1,6016): error TS1127: Invalid character.
src/services/firebaseService.ts(1,6017): error TS1127: Invalid character.
src/services/firebaseService.ts(1,6018): error TS1127: Invalid character.
src/services/firebaseService.ts(1,6019): error TS1127: Invalid character.
src/services/firebaseService.ts(1,6020): error TS1127: Invalid character.
src/services/firebaseService.ts(1,6021): error TS1127: Invalid character.
src/services/firebaseService.ts(1,6022): error TS1127: Invalid character.
src/services/firebaseService.ts(1,6023): error TS1127: Invalid character.
src/services/firebaseService.ts(1,6024): error TS1127: Invalid character.
src/services/firebaseService.ts(1,6025): error TS1127: Invalid character.
src/services/firebaseService.ts(1,6026): error TS1127: Invalid character.
src/services/firebaseService.ts(1,6027): error TS1127: Invalid character.
src/services/firebaseService.ts(1,6028): error TS1127: Invalid character.
src/services/firebaseService.ts(1,6029): error TS1127: Invalid character.
src/services/firebaseService.ts(1,6030): error TS1127: Invalid character.
src/services/firebaseService.ts(1,6031): error TS1127: Invalid character.
src/services/firebaseService.ts(1,6032): error TS1127: Invalid character.
src/services/firebaseService.ts(1,6033): error TS1127: Invalid character.
src/services/firebaseService.ts(1,6034): error TS1127: Invalid character.
src/services/firebaseService.ts(1,6035): error TS1127: Invalid character.
src/services/firebaseService.ts(1,6036): error TS1127: Invalid character.
src/services/firebaseService.ts(1,6037): error TS1127: Invalid character.
src/services/firebaseService.ts(1,6038): error TS1127: Invalid character.
src/services/firebaseService.ts(1,6039): error TS1127: Invalid character.
src/services/firebaseService.ts(1,6040): error TS1127: Invalid character.
src/services/firebaseService.ts(1,6041): error TS1127: Invalid character.
src/services/firebaseService.ts(1,6042): error TS1127: Invalid character.
src/services/firebaseService.ts(1,6043): error TS1127: Invalid character.
src/services/firebaseService.ts(1,6044): error TS1127: Invalid character.
src/services/firebaseService.ts(1,6045): error TS1127: Invalid character.
src/services/firebaseService.ts(1,6046): error TS1127: Invalid character.
src/services/firebaseService.ts(1,6047): error TS1127: Invalid character.
src/services/firebaseService.ts(1,6048): error TS1127: Invalid character.
src/services/firebaseService.ts(1,6049): error TS1127: Invalid character.
src/services/firebaseService.ts(1,6050): error TS1127: Invalid character.
src/services/firebaseService.ts(1,6051): error TS1127: Invalid character.
src/services/firebaseService.ts(1,6052): error TS1127: Invalid character.
src/services/firebaseService.ts(1,6053): error TS1127: Invalid character.
src/services/firebaseService.ts(1,6054): error TS1127: Invalid character.
src/services/firebaseService.ts(1,6055): error TS1127: Invalid character.
src/services/firebaseService.ts(1,6056): error TS1127: Invalid character.
src/services/firebaseService.ts(1,6057): error TS1127: Invalid character.
src/services/firebaseService.ts(1,6058): error TS1127: Invalid character.
src/services/firebaseService.ts(1,6059): error TS1127: Invalid character.
src/services/firebaseService.ts(1,6060): error TS1127: Invalid character.
src/services/firebaseService.ts(1,6061): error TS1127: Invalid character.
src/services/firebaseService.ts(1,6062): error TS1127: Invalid character.
src/services/firebaseService.ts(1,6063): error TS1127: Invalid character.
src/services/firebaseService.ts(1,6064): error TS1127: Invalid character.
src/services/firebaseService.ts(1,6065): error TS1127: Invalid character.
src/services/firebaseService.ts(1,6066): error TS1127: Invalid character.
src/services/firebaseService.ts(1,6067): error TS1127: Invalid character.
src/services/firebaseService.ts(1,6068): error TS1127: Invalid character.
src/services/firebaseService.ts(1,6069): error TS1127: Invalid character.
src/services/firebaseService.ts(1,6070): error TS1127: Invalid character.
src/services/firebaseService.ts(1,6071): error TS1127: Invalid character.
src/services/firebaseService.ts(1,6072): error TS1127: Invalid character.
src/services/firebaseService.ts(1,6073): error TS1127: Invalid character.
src/services/firebaseService.ts(1,6074): error TS1127: Invalid character.
src/services/firebaseService.ts(1,6075): error TS1127: Invalid character.
src/services/firebaseService.ts(1,6076): error TS1127: Invalid character.
src/services/firebaseService.ts(1,6077): error TS1127: Invalid character.
src/services/firebaseService.ts(1,6078): error TS1127: Invalid character.
src/services/firebaseService.ts(1,6079): error TS1127: Invalid character.
src/services/firebaseService.ts(1,6080): error TS1127: Invalid character.
src/services/firebaseService.ts(1,6081): error TS1127: Invalid character.
src/services/firebaseService.ts(1,6082): error TS1127: Invalid character.
src/services/firebaseService.ts(1,6083): error TS1127: Invalid character.
src/services/firebaseService.ts(1,6084): error TS1127: Invalid character.
src/services/firebaseService.ts(1,6085): error TS1127: Invalid character.
src/services/firebaseService.ts(1,6086): error TS1127: Invalid character.
src/services/firebaseService.ts(1,6087): error TS1127: Invalid character.
src/services/firebaseService.ts(1,6088): error TS1127: Invalid character.
src/services/firebaseService.ts(1,6089): error TS1127: Invalid character.
src/services/firebaseService.ts(1,6090): error TS1127: Invalid character.
src/services/firebaseService.ts(1,6091): error TS1127: Invalid character.
src/services/firebaseService.ts(1,6092): error TS1127: Invalid character.
src/services/firebaseService.ts(1,6093): error TS1127: Invalid character.
src/services/firebaseService.ts(1,6094): error TS1127: Invalid character.
src/services/firebaseService.ts(1,6095): error TS1127: Invalid character.
src/services/firebaseService.ts(1,6096): error TS1127: Invalid character.
src/services/firebaseService.ts(1,6097): error TS1127: Invalid character.
src/services/firebaseService.ts(1,6098): error TS1127: Invalid character.
src/services/firebaseService.ts(1,6099): error TS1127: Invalid character.
src/services/firebaseService.ts(1,6100): error TS1127: Invalid character.
src/services/firebaseService.ts(1,6101): error TS1127: Invalid character.
src/services/firebaseService.ts(1,6102): error TS1127: Invalid character.
src/services/firebaseService.ts(1,6103): error TS1127: Invalid character.
src/services/firebaseService.ts(1,6104): error TS1127: Invalid character.
src/services/firebaseService.ts(1,6105): error TS1127: Invalid character.
src/services/firebaseService.ts(1,6106): error TS1127: Invalid character.
src/services/firebaseService.ts(1,6107): error TS1127: Invalid character.
src/services/firebaseService.ts(1,6108): error TS1127: Invalid character.
src/services/firebaseService.ts(1,6109): error TS1127: Invalid character.
src/services/firebaseService.ts(1,6110): error TS1127: Invalid character.
src/services/firebaseService.ts(1,6111): error TS1127: Invalid character.
src/services/firebaseService.ts(1,6112): error TS1127: Invalid character.
src/services/firebaseService.ts(1,6113): error TS1127: Invalid character.
src/services/firebaseService.ts(1,6114): error TS1127: Invalid character.
src/services/firebaseService.ts(1,6115): error TS1127: Invalid character.
src/services/firebaseService.ts(1,6116): error TS1127: Invalid character.
src/services/firebaseService.ts(1,6117): error TS1127: Invalid character.
src/services/firebaseService.ts(1,6118): error TS1127: Invalid character.
src/services/firebaseService.ts(1,6119): error TS1127: Invalid character.
src/services/firebaseService.ts(1,6120): error TS1127: Invalid character.
src/services/firebaseService.ts(1,6121): error TS1127: Invalid character.
src/services/firebaseService.ts(1,6122): error TS1127: Invalid character.
src/services/firebaseService.ts(1,6123): error TS1127: Invalid character.
src/services/firebaseService.ts(1,6124): error TS1127: Invalid character.
src/services/firebaseService.ts(1,6125): error TS1127: Invalid character.
src/services/firebaseService.ts(1,6126): error TS1127: Invalid character.
src/services/firebaseService.ts(1,6127): error TS1127: Invalid character.
src/services/firebaseService.ts(1,6128): error TS1127: Invalid character.
src/services/firebaseService.ts(1,6129): error TS1127: Invalid character.
src/services/firebaseService.ts(1,6130): error TS1127: Invalid character.
src/services/firebaseService.ts(1,6131): error TS1127: Invalid character.
src/services/firebaseService.ts(1,6132): error TS1127: Invalid character.
src/services/firebaseService.ts(1,6133): error TS1127: Invalid character.
src/services/firebaseService.ts(1,6134): error TS1127: Invalid character.
src/services/firebaseService.ts(1,6135): error TS1127: Invalid character.
src/services/firebaseService.ts(1,6136): error TS1127: Invalid character.
src/services/firebaseService.ts(1,6137): error TS1127: Invalid character.
src/services/firebaseService.ts(1,6138): error TS1127: Invalid character.
src/services/firebaseService.ts(1,6139): error TS1127: Invalid character.
src/services/firebaseService.ts(1,6140): error TS1127: Invalid character.
src/services/firebaseService.ts(1,6141): error TS1127: Invalid character.
src/services/firebaseService.ts(1,6142): error TS1127: Invalid character.
src/services/firebaseService.ts(1,6143): error TS1127: Invalid character.
src/services/firebaseService.ts(1,6144): error TS1127: Invalid character.
src/services/firebaseService.ts(1,6145): error TS1127: Invalid character.
src/services/firebaseService.ts(1,6146): error TS1127: Invalid character.
src/services/firebaseService.ts(1,6147): error TS1127: Invalid character.
src/services/firebaseService.ts(1,6148): error TS1127: Invalid character.
src/services/firebaseService.ts(1,6149): error TS1127: Invalid character.
src/services/firebaseService.ts(1,6150): error TS1127: Invalid character.
src/services/firebaseService.ts(1,6151): error TS1127: Invalid character.
src/services/firebaseService.ts(1,6152): error TS1127: Invalid character.
src/services/firebaseService.ts(1,6153): error TS1127: Invalid character.
src/services/firebaseService.ts(1,6154): error TS1127: Invalid character.
src/services/firebaseService.ts(1,6155): error TS1127: Invalid character.
src/services/firebaseService.ts(1,6156): error TS1127: Invalid character.
src/services/firebaseService.ts(1,6157): error TS1127: Invalid character.
src/services/firebaseService.ts(1,6158): error TS1127: Invalid character.
src/services/firebaseService.ts(1,6159): error TS1127: Invalid character.
src/services/firebaseService.ts(1,6160): error TS1127: Invalid character.
src/services/firebaseService.ts(1,6161): error TS1127: Invalid character.
src/services/firebaseService.ts(1,6162): error TS1127: Invalid character.
src/services/firebaseService.ts(1,6163): error TS1127: Invalid character.
src/services/firebaseService.ts(1,6164): error TS1127: Invalid character.
src/services/firebaseService.ts(1,6165): error TS1127: Invalid character.
src/services/firebaseService.ts(1,6166): error TS1127: Invalid character.
src/services/firebaseService.ts(1,6167): error TS1127: Invalid character.
src/services/firebaseService.ts(1,6168): error TS1127: Invalid character.
src/services/firebaseService.ts(1,6169): error TS1127: Invalid character.
src/services/firebaseService.ts(1,6170): error TS1127: Invalid character.
src/services/firebaseService.ts(1,6171): error TS1127: Invalid character.
src/services/firebaseService.ts(1,6172): error TS1127: Invalid character.
src/services/firebaseService.ts(1,6173): error TS1127: Invalid character.
src/services/firebaseService.ts(1,6174): error TS1127: Invalid character.
src/services/firebaseService.ts(1,6175): error TS1127: Invalid character.
src/services/firebaseService.ts(1,6176): error TS1127: Invalid character.
src/services/firebaseService.ts(1,6177): error TS1127: Invalid character.
src/services/firebaseService.ts(1,6178): error TS1127: Invalid character.
src/services/firebaseService.ts(1,6179): error TS1127: Invalid character.
src/services/firebaseService.ts(1,6180): error TS1127: Invalid character.
src/services/firebaseService.ts(1,6181): error TS1127: Invalid character.
src/services/firebaseService.ts(1,6182): error TS1127: Invalid character.
src/services/firebaseService.ts(1,6183): error TS1127: Invalid character.
src/services/firebaseService.ts(1,6184): error TS1127: Invalid character.
src/services/firebaseService.ts(1,6185): error TS1127: Invalid character.
src/services/firebaseService.ts(1,6186): error TS1127: Invalid character.
src/services/firebaseService.ts(1,6187): error TS1127: Invalid character.
src/services/firebaseService.ts(1,6188): error TS1127: Invalid character.
src/services/firebaseService.ts(1,6189): error TS1127: Invalid character.
src/services/firebaseService.ts(1,6190): error TS1127: Invalid character.
src/services/firebaseService.ts(1,6191): error TS1127: Invalid character.
src/services/firebaseService.ts(1,6192): error TS1127: Invalid character.
src/services/firebaseService.ts(1,6193): error TS1127: Invalid character.
src/services/firebaseService.ts(1,6194): error TS1127: Invalid character.
src/services/firebaseService.ts(1,6195): error TS1127: Invalid character.
src/services/firebaseService.ts(1,6196): error TS1127: Invalid character.
src/services/firebaseService.ts(1,6197): error TS1127: Invalid character.
src/services/firebaseService.ts(1,6198): error TS1127: Invalid character.
src/services/firebaseService.ts(1,6199): error TS1127: Invalid character.
src/services/firebaseService.ts(1,6200): error TS1127: Invalid character.
src/services/firebaseService.ts(1,6201): error TS1127: Invalid character.
src/services/firebaseService.ts(1,6202): error TS1127: Invalid character.
src/services/firebaseService.ts(1,6203): error TS1127: Invalid character.
src/services/firebaseService.ts(1,6204): error TS1127: Invalid character.
src/services/firebaseService.ts(1,6205): error TS1127: Invalid character.
src/services/firebaseService.ts(1,6206): error TS1127: Invalid character.
src/services/firebaseService.ts(1,6207): error TS1127: Invalid character.
src/services/firebaseService.ts(1,6208): error TS1127: Invalid character.
src/services/firebaseService.ts(1,6209): error TS1127: Invalid character.
src/services/firebaseService.ts(1,6210): error TS1127: Invalid character.
src/services/firebaseService.ts(1,6211): error TS1127: Invalid character.
src/services/firebaseService.ts(1,6212): error TS1127: Invalid character.
src/services/firebaseService.ts(1,6213): error TS1127: Invalid character.
src/services/firebaseService.ts(1,6214): error TS1127: Invalid character.
src/services/firebaseService.ts(1,6215): error TS1127: Invalid character.
src/services/firebaseService.ts(1,6216): error TS1127: Invalid character.
src/services/firebaseService.ts(1,6217): error TS1127: Invalid character.
src/services/firebaseService.ts(1,6218): error TS1127: Invalid character.
src/services/firebaseService.ts(1,6219): error TS1127: Invalid character.
src/services/firebaseService.ts(1,6220): error TS1127: Invalid character.
src/services/firebaseService.ts(1,6221): error TS1127: Invalid character.
src/services/firebaseService.ts(1,6222): error TS1127: Invalid character.
src/services/firebaseService.ts(1,6223): error TS1127: Invalid character.
src/services/firebaseService.ts(1,6224): error TS1127: Invalid character.
src/services/firebaseService.ts(1,6225): error TS1127: Invalid character.
src/services/firebaseService.ts(1,6226): error TS1127: Invalid character.
src/services/firebaseService.ts(1,6227): error TS1127: Invalid character.
src/services/firebaseService.ts(1,6228): error TS1127: Invalid character.
src/services/firebaseService.ts(1,6229): error TS1127: Invalid character.
src/services/firebaseService.ts(1,6230): error TS1127: Invalid character.
src/services/firebaseService.ts(1,6231): error TS1127: Invalid character.
src/services/firebaseService.ts(1,6232): error TS1127: Invalid character.
src/services/firebaseService.ts(1,6233): error TS1127: Invalid character.
src/services/firebaseService.ts(1,6234): error TS1127: Invalid character.
src/services/firebaseService.ts(1,6235): error TS1127: Invalid character.
src/services/firebaseService.ts(1,6236): error TS1127: Invalid character.
src/services/firebaseService.ts(1,6237): error TS1127: Invalid character.
src/services/firebaseService.ts(1,6238): error TS1127: Invalid character.
src/services/firebaseService.ts(1,6239): error TS1127: Invalid character.
src/services/firebaseService.ts(1,6240): error TS1127: Invalid character.
src/services/firebaseService.ts(1,6241): error TS1127: Invalid character.
src/services/firebaseService.ts(1,6242): error TS1127: Invalid character.
src/services/firebaseService.ts(1,6243): error TS1127: Invalid character.
src/services/firebaseService.ts(1,6244): error TS1127: Invalid character.
src/services/firebaseService.ts(1,6245): error TS1127: Invalid character.
src/services/firebaseService.ts(1,6246): error TS1127: Invalid character.
src/services/firebaseService.ts(1,6247): error TS1127: Invalid character.
src/services/firebaseService.ts(1,6248): error TS1127: Invalid character.
src/services/firebaseService.ts(1,6249): error TS1127: Invalid character.
src/services/firebaseService.ts(1,6250): error TS1127: Invalid character.
src/services/firebaseService.ts(1,6251): error TS1127: Invalid character.
src/services/firebaseService.ts(1,6252): error TS1127: Invalid character.
src/services/firebaseService.ts(1,6253): error TS1127: Invalid character.
src/services/firebaseService.ts(1,6254): error TS1127: Invalid character.
src/services/firebaseService.ts(1,6255): error TS1127: Invalid character.
src/services/firebaseService.ts(1,6256): error TS1127: Invalid character.
src/services/firebaseService.ts(1,6257): error TS1127: Invalid character.
src/services/firebaseService.ts(1,6258): error TS1127: Invalid character.
src/services/firebaseService.ts(1,6259): error TS1127: Invalid character.
src/services/firebaseService.ts(1,6260): error TS1127: Invalid character.
src/services/firebaseService.ts(1,6261): error TS1127: Invalid character.
src/services/firebaseService.ts(1,6262): error TS1127: Invalid character.
src/services/firebaseService.ts(1,6263): error TS1127: Invalid character.
src/services/firebaseService.ts(1,6264): error TS1127: Invalid character.
src/services/firebaseService.ts(1,6265): error TS1127: Invalid character.
src/services/firebaseService.ts(1,6266): error TS1127: Invalid character.
src/services/firebaseService.ts(1,6267): error TS1127: Invalid character.
src/services/firebaseService.ts(1,6268): error TS1127: Invalid character.
src/services/firebaseService.ts(1,6269): error TS1127: Invalid character.
src/services/firebaseService.ts(1,6270): error TS1127: Invalid character.
src/services/firebaseService.ts(1,6271): error TS1127: Invalid character.
src/services/firebaseService.ts(1,6272): error TS1127: Invalid character.
src/services/firebaseService.ts(1,6273): error TS1127: Invalid character.
src/services/firebaseService.ts(1,6274): error TS1127: Invalid character.
src/services/firebaseService.ts(1,6275): error TS1127: Invalid character.
src/services/firebaseService.ts(1,6276): error TS1127: Invalid character.
src/services/firebaseService.ts(1,6277): error TS1127: Invalid character.
src/services/firebaseService.ts(1,6278): error TS1127: Invalid character.
src/services/firebaseService.ts(1,6279): error TS1127: Invalid character.
src/services/firebaseService.ts(1,6280): error TS1127: Invalid character.
src/services/firebaseService.ts(1,6281): error TS1127: Invalid character.
src/services/firebaseService.ts(1,6282): error TS1127: Invalid character.
src/services/firebaseService.ts(1,6283): error TS1127: Invalid character.
src/services/firebaseService.ts(1,6284): error TS1127: Invalid character.
src/services/firebaseService.ts(1,6285): error TS1127: Invalid character.
src/services/firebaseService.ts(1,6286): error TS1127: Invalid character.
src/services/firebaseService.ts(1,6287): error TS1127: Invalid character.
src/services/firebaseService.ts(1,6288): error TS1127: Invalid character.
src/services/firebaseService.ts(1,6289): error TS1127: Invalid character.
src/services/firebaseService.ts(1,6290): error TS1127: Invalid character.
src/services/firebaseService.ts(1,6291): error TS1127: Invalid character.
src/services/firebaseService.ts(1,6292): error TS1127: Invalid character.
src/services/firebaseService.ts(1,6293): error TS1127: Invalid character.
src/services/firebaseService.ts(1,6294): error TS1127: Invalid character.
src/services/firebaseService.ts(1,6295): error TS1127: Invalid character.
src/services/firebaseService.ts(1,6296): error TS1127: Invalid character.
src/services/firebaseService.ts(1,6297): error TS1127: Invalid character.
src/services/firebaseService.ts(1,6298): error TS1127: Invalid character.
src/services/firebaseService.ts(1,6299): error TS1127: Invalid character.
src/services/firebaseService.ts(1,6300): error TS1127: Invalid character.
src/services/firebaseService.ts(1,6301): error TS1127: Invalid character.
src/services/firebaseService.ts(1,6302): error TS1127: Invalid character.
src/services/firebaseService.ts(1,6303): error TS1127: Invalid character.
src/services/firebaseService.ts(1,6304): error TS1127: Invalid character.
src/services/firebaseService.ts(1,6305): error TS1127: Invalid character.
src/services/firebaseService.ts(1,6306): error TS1127: Invalid character.
src/services/firebaseService.ts(1,6307): error TS1127: Invalid character.
src/services/firebaseService.ts(1,6308): error TS1127: Invalid character.
src/services/firebaseService.ts(1,6309): error TS1127: Invalid character.
src/services/firebaseService.ts(1,6310): error TS1127: Invalid character.
src/services/firebaseService.ts(1,6311): error TS1127: Invalid character.
src/services/firebaseService.ts(1,6312): error TS1127: Invalid character.
src/services/firebaseService.ts(1,6313): error TS1127: Invalid character.
src/services/firebaseService.ts(1,6314): error TS1127: Invalid character.
src/services/firebaseService.ts(1,6315): error TS1127: Invalid character.
src/services/firebaseService.ts(1,6316): error TS1127: Invalid character.
src/services/firebaseService.ts(1,6317): error TS1127: Invalid character.
src/services/firebaseService.ts(1,6318): error TS1127: Invalid character.
src/services/firebaseService.ts(1,6319): error TS1127: Invalid character.
src/services/firebaseService.ts(1,6320): error TS1127: Invalid character.
src/services/firebaseService.ts(1,6321): error TS1127: Invalid character.
src/services/firebaseService.ts(1,6322): error TS1127: Invalid character.
src/services/firebaseService.ts(1,6323): error TS1127: Invalid character.
src/services/firebaseService.ts(1,6324): error TS1127: Invalid character.
src/services/firebaseService.ts(1,6325): error TS1127: Invalid character.
src/services/firebaseService.ts(1,6326): error TS1127: Invalid character.
src/services/firebaseService.ts(1,6327): error TS1127: Invalid character.
src/services/firebaseService.ts(1,6328): error TS1127: Invalid character.
src/services/firebaseService.ts(1,6329): error TS1127: Invalid character.
src/services/firebaseService.ts(1,6330): error TS1127: Invalid character.
src/services/firebaseService.ts(1,6331): error TS1127: Invalid character.
src/services/firebaseService.ts(1,6332): error TS1127: Invalid character.
src/services/firebaseService.ts(1,6333): error TS1127: Invalid character.
src/services/firebaseService.ts(1,6334): error TS1127: Invalid character.
src/services/firebaseService.ts(1,6335): error TS1127: Invalid character.
src/services/firebaseService.ts(1,6336): error TS1127: Invalid character.
src/services/firebaseService.ts(1,6337): error TS1127: Invalid character.
src/services/firebaseService.ts(1,6338): error TS1127: Invalid character.
src/services/firebaseService.ts(1,6339): error TS1127: Invalid character.
src/services/firebaseService.ts(1,6340): error TS1127: Invalid character.
src/services/firebaseService.ts(1,6341): error TS1127: Invalid character.
src/services/firebaseService.ts(1,6342): error TS1127: Invalid character.
src/services/firebaseService.ts(1,6343): error TS1127: Invalid character.
src/services/firebaseService.ts(1,6344): error TS1127: Invalid character.
src/services/firebaseService.ts(1,6345): error TS1127: Invalid character.
src/services/firebaseService.ts(1,6346): error TS1127: Invalid character.
src/services/firebaseService.ts(1,6347): error TS1127: Invalid character.
src/services/firebaseService.ts(1,6348): error TS1127: Invalid character.
src/services/firebaseService.ts(1,6349): error TS1127: Invalid character.
src/services/firebaseService.ts(1,6350): error TS1127: Invalid character.
src/services/firebaseService.ts(1,6351): error TS1127: Invalid character.
src/services/firebaseService.ts(1,6352): error TS1127: Invalid character.
src/services/firebaseService.ts(1,6353): error TS1127: Invalid character.
src/services/firebaseService.ts(1,6354): error TS1127: Invalid character.
src/services/firebaseService.ts(1,6355): error TS1127: Invalid character.
src/services/firebaseService.ts(1,6356): error TS1127: Invalid character.
src/services/firebaseService.ts(1,6357): error TS1127: Invalid character.
src/services/firebaseService.ts(1,6358): error TS1127: Invalid character.
src/services/firebaseService.ts(1,6359): error TS1127: Invalid character.
src/services/firebaseService.ts(1,6360): error TS1127: Invalid character.
src/services/firebaseService.ts(1,6361): error TS1127: Invalid character.
src/services/firebaseService.ts(1,6362): error TS1127: Invalid character.
src/services/firebaseService.ts(1,6363): error TS1127: Invalid character.
src/services/firebaseService.ts(1,6364): error TS1127: Invalid character.
src/services/firebaseService.ts(1,6365): error TS1127: Invalid character.
src/services/firebaseService.ts(1,6366): error TS1127: Invalid character.
src/services/firebaseService.ts(1,6367): error TS1127: Invalid character.
src/services/firebaseService.ts(1,6368): error TS1127: Invalid character.
src/services/firebaseService.ts(1,6369): error TS1127: Invalid character.
src/services/firebaseService.ts(1,6370): error TS1127: Invalid character.
src/services/firebaseService.ts(1,6371): error TS1127: Invalid character.
src/services/firebaseService.ts(1,6372): error TS1127: Invalid character.
src/services/firebaseService.ts(1,6373): error TS1127: Invalid character.
src/services/firebaseService.ts(1,6374): error TS1127: Invalid character.
src/services/firebaseService.ts(1,6375): error TS1127: Invalid character.
src/services/firebaseService.ts(1,6376): error TS1127: Invalid character.
src/services/firebaseService.ts(1,6377): error TS1127: Invalid character.
src/services/firebaseService.ts(1,6378): error TS1127: Invalid character.
src/services/firebaseService.ts(1,6379): error TS1127: Invalid character.
src/services/firebaseService.ts(1,6380): error TS1127: Invalid character.
src/services/firebaseService.ts(1,6381): error TS1127: Invalid character.
src/services/firebaseService.ts(1,6382): error TS1127: Invalid character.
src/services/firebaseService.ts(1,6383): error TS1127: Invalid character.
src/services/firebaseService.ts(1,6384): error TS1127: Invalid character.
src/services/firebaseService.ts(1,6385): error TS1127: Invalid character.
src/services/firebaseService.ts(1,6386): error TS1127: Invalid character.
src/services/firebaseService.ts(1,6387): error TS1127: Invalid character.
src/services/firebaseService.ts(1,6388): error TS1127: Invalid character.
src/services/firebaseService.ts(1,6389): error TS1127: Invalid character.
src/services/firebaseService.ts(1,6390): error TS1127: Invalid character.
src/services/firebaseService.ts(1,6391): error TS1127: Invalid character.
src/services/firebaseService.ts(1,6392): error TS1127: Invalid character.
src/services/firebaseService.ts(1,6393): error TS1127: Invalid character.
src/services/firebaseService.ts(1,6394): error TS1127: Invalid character.
src/services/firebaseService.ts(1,6395): error TS1127: Invalid character.
src/services/firebaseService.ts(1,6396): error TS1127: Invalid character.
src/services/firebaseService.ts(1,6397): error TS1127: Invalid character.
src/services/firebaseService.ts(1,6398): error TS1127: Invalid character.
src/services/firebaseService.ts(1,6399): error TS1127: Invalid character.
src/services/firebaseService.ts(1,6400): error TS1127: Invalid character.
src/services/firebaseService.ts(1,6401): error TS1127: Invalid character.
src/services/firebaseService.ts(1,6402): error TS1127: Invalid character.
src/services/firebaseService.ts(1,6403): error TS1127: Invalid character.
src/services/firebaseService.ts(1,6404): error TS1127: Invalid character.
src/services/firebaseService.ts(1,6405): error TS1127: Invalid character.
src/services/firebaseService.ts(1,6406): error TS1127: Invalid character.
src/services/firebaseService.ts(1,6407): error TS1127: Invalid character.
src/services/firebaseService.ts(1,6408): error TS1127: Invalid character.
src/services/firebaseService.ts(1,6409): error TS1127: Invalid character.
src/services/firebaseService.ts(1,6410): error TS1127: Invalid character.
src/services/firebaseService.ts(1,6411): error TS1127: Invalid character.
src/services/firebaseService.ts(1,6412): error TS1127: Invalid character.
src/services/firebaseService.ts(1,6413): error TS1127: Invalid character.
src/services/firebaseService.ts(1,6414): error TS1127: Invalid character.
src/services/firebaseService.ts(1,6415): error TS1127: Invalid character.
src/services/firebaseService.ts(1,6416): error TS1127: Invalid character.
src/services/firebaseService.ts(1,6417): error TS1127: Invalid character.
src/services/firebaseService.ts(1,6418): error TS1127: Invalid character.
src/services/firebaseService.ts(1,6419): error TS1127: Invalid character.
src/services/firebaseService.ts(1,6420): error TS1127: Invalid character.
src/services/firebaseService.ts(1,6421): error TS1127: Invalid character.
src/services/firebaseService.ts(1,6422): error TS1127: Invalid character.
src/services/firebaseService.ts(1,6423): error TS1127: Invalid character.
src/services/firebaseService.ts(1,6424): error TS1127: Invalid character.
src/services/firebaseService.ts(1,6425): error TS1127: Invalid character.
src/services/firebaseService.ts(1,6426): error TS1127: Invalid character.
src/services/firebaseService.ts(1,6427): error TS1127: Invalid character.
src/services/firebaseService.ts(1,6428): error TS1127: Invalid character.
src/services/firebaseService.ts(1,6429): error TS1127: Invalid character.
src/services/firebaseService.ts(1,6430): error TS1127: Invalid character.
src/services/firebaseService.ts(1,6431): error TS1127: Invalid character.
src/services/firebaseService.ts(1,6432): error TS1127: Invalid character.
src/services/firebaseService.ts(1,6433): error TS1127: Invalid character.
src/services/firebaseService.ts(1,6434): error TS1127: Invalid character.
src/services/firebaseService.ts(1,6435): error TS1127: Invalid character.
src/services/firebaseService.ts(1,6436): error TS1127: Invalid character.
src/services/firebaseService.ts(1,6437): error TS1127: Invalid character.
src/services/firebaseService.ts(1,6438): error TS1127: Invalid character.
src/services/firebaseService.ts(1,6439): error TS1127: Invalid character.
src/services/firebaseService.ts(1,6440): error TS1127: Invalid character.
src/services/firebaseService.ts(1,6441): error TS1127: Invalid character.
src/services/firebaseService.ts(1,6442): error TS1127: Invalid character.
src/services/firebaseService.ts(1,6443): error TS1127: Invalid character.
src/services/firebaseService.ts(1,6444): error TS1127: Invalid character.
src/services/firebaseService.ts(1,6445): error TS1127: Invalid character.
src/services/firebaseService.ts(1,6446): error TS1127: Invalid character.
src/services/firebaseService.ts(1,6447): error TS1127: Invalid character.
src/services/firebaseService.ts(1,6448): error TS1127: Invalid character.
src/services/firebaseService.ts(1,6449): error TS1127: Invalid character.
src/services/firebaseService.ts(1,6450): error TS1127: Invalid character.
src/services/firebaseService.ts(1,6451): error TS1127: Invalid character.
src/services/firebaseService.ts(1,6452): error TS1127: Invalid character.
src/services/firebaseService.ts(1,6453): error TS1127: Invalid character.
src/services/firebaseService.ts(1,6454): error TS1127: Invalid character.
src/services/firebaseService.ts(1,6455): error TS1127: Invalid character.
src/services/firebaseService.ts(1,6456): error TS1127: Invalid character.
src/services/firebaseService.ts(1,6457): error TS1127: Invalid character.
src/services/firebaseService.ts(1,6458): error TS1127: Invalid character.
src/services/firebaseService.ts(1,6459): error TS1127: Invalid character.
src/services/firebaseService.ts(1,6460): error TS1127: Invalid character.
src/services/firebaseService.ts(1,6461): error TS1127: Invalid character.
src/services/firebaseService.ts(1,6462): error TS1127: Invalid character.
src/services/firebaseService.ts(1,6463): error TS1127: Invalid character.
src/services/firebaseService.ts(1,6464): error TS1127: Invalid character.
src/services/firebaseService.ts(1,6465): error TS1127: Invalid character.
src/services/firebaseService.ts(1,6466): error TS1127: Invalid character.
src/services/firebaseService.ts(1,6467): error TS1127: Invalid character.
src/services/firebaseService.ts(1,6468): error TS1127: Invalid character.
src/services/firebaseService.ts(1,6469): error TS1127: Invalid character.
src/services/firebaseService.ts(1,6470): error TS1127: Invalid character.
src/services/firebaseService.ts(1,6471): error TS1127: Invalid character.
src/services/firebaseService.ts(1,6472): error TS1127: Invalid character.
src/services/firebaseService.ts(1,6473): error TS1127: Invalid character.
src/services/firebaseService.ts(1,6474): error TS1127: Invalid character.
src/services/firebaseService.ts(1,6475): error TS1127: Invalid character.
src/services/firebaseService.ts(1,6476): error TS1127: Invalid character.
src/services/firebaseService.ts(1,6477): error TS1127: Invalid character.
src/services/firebaseService.ts(1,6478): error TS1127: Invalid character.
src/services/firebaseService.ts(1,6479): error TS1127: Invalid character.
src/services/firebaseService.ts(1,6480): error TS1127: Invalid character.
src/services/firebaseService.ts(1,6481): error TS1127: Invalid character.
src/services/firebaseService.ts(1,6482): error TS1127: Invalid character.
src/services/firebaseService.ts(1,6483): error TS1127: Invalid character.
src/services/firebaseService.ts(1,6484): error TS1127: Invalid character.
src/services/firebaseService.ts(1,6485): error TS1127: Invalid character.
src/services/firebaseService.ts(1,6486): error TS1127: Invalid character.
src/services/firebaseService.ts(1,6487): error TS1127: Invalid character.
src/services/firebaseService.ts(1,6488): error TS1127: Invalid character.
src/services/firebaseService.ts(1,6489): error TS1127: Invalid character.
src/services/firebaseService.ts(1,6490): error TS1127: Invalid character.
src/services/firebaseService.ts(1,6491): error TS1127: Invalid character.
src/services/firebaseService.ts(1,6492): error TS1127: Invalid character.
src/services/firebaseService.ts(1,6493): error TS1127: Invalid character.
src/services/firebaseService.ts(1,6494): error TS1127: Invalid character.
src/services/firebaseService.ts(1,6495): error TS1127: Invalid character.
src/services/firebaseService.ts(1,6496): error TS1127: Invalid character.
src/services/firebaseService.ts(1,6497): error TS1127: Invalid character.
src/services/firebaseService.ts(1,6498): error TS1127: Invalid character.
src/services/firebaseService.ts(1,6499): error TS1127: Invalid character.
src/services/firebaseService.ts(1,6500): error TS1127: Invalid character.
src/services/firebaseService.ts(1,6501): error TS1127: Invalid character.
src/services/firebaseService.ts(1,6502): error TS1127: Invalid character.
src/services/firebaseService.ts(1,6503): error TS1127: Invalid character.
src/services/firebaseService.ts(1,6504): error TS1127: Invalid character.
src/services/firebaseService.ts(1,6505): error TS1127: Invalid character.
src/services/firebaseService.ts(1,6506): error TS1127: Invalid character.
src/services/firebaseService.ts(1,6507): error TS1127: Invalid character.
src/services/firebaseService.ts(1,6508): error TS1127: Invalid character.
src/services/firebaseService.ts(1,6509): error TS1127: Invalid character.
src/services/firebaseService.ts(1,6510): error TS1127: Invalid character.
src/services/firebaseService.ts(1,6511): error TS1127: Invalid character.
src/services/firebaseService.ts(1,6512): error TS1127: Invalid character.
src/services/firebaseService.ts(1,6513): error TS1127: Invalid character.
src/services/firebaseService.ts(1,6514): error TS1127: Invalid character.
src/services/firebaseService.ts(1,6515): error TS1127: Invalid character.
src/services/firebaseService.ts(1,6516): error TS1127: Invalid character.
src/services/firebaseService.ts(1,6517): error TS1127: Invalid character.
src/services/firebaseService.ts(1,6518): error TS1127: Invalid character.
src/services/firebaseService.ts(1,6519): error TS1127: Invalid character.
src/services/firebaseService.ts(1,6520): error TS1127: Invalid character.
src/services/firebaseService.ts(1,6521): error TS1127: Invalid character.
src/services/firebaseService.ts(1,6522): error TS1127: Invalid character.
src/services/firebaseService.ts(1,6523): error TS1127: Invalid character.
src/services/firebaseService.ts(1,6524): error TS1127: Invalid character.
src/services/firebaseService.ts(1,6525): error TS1127: Invalid character.
src/services/firebaseService.ts(1,6526): error TS1127: Invalid character.
src/services/firebaseService.ts(1,6527): error TS1127: Invalid character.
src/services/firebaseService.ts(1,6528): error TS1127: Invalid character.
src/services/firebaseService.ts(1,6529): error TS1127: Invalid character.
src/services/firebaseService.ts(1,6530): error TS1127: Invalid character.
src/services/firebaseService.ts(1,6531): error TS1127: Invalid character.
src/services/firebaseService.ts(1,6532): error TS1127: Invalid character.
src/services/firebaseService.ts(1,6533): error TS1127: Invalid character.
src/services/firebaseService.ts(1,6534): error TS1127: Invalid character.
src/services/firebaseService.ts(1,6535): error TS1127: Invalid character.
src/services/firebaseService.ts(1,6536): error TS1127: Invalid character.
src/services/firebaseService.ts(1,6537): error TS1127: Invalid character.
src/services/firebaseService.ts(1,6538): error TS1127: Invalid character.
src/services/firebaseService.ts(1,6539): error TS1127: Invalid character.
src/services/firebaseService.ts(1,6540): error TS1127: Invalid character.
src/services/firebaseService.ts(1,6541): error TS1127: Invalid character.
src/services/firebaseService.ts(1,6542): error TS1127: Invalid character.
src/services/firebaseService.ts(1,6543): error TS1127: Invalid character.
src/services/firebaseService.ts(1,6544): error TS1127: Invalid character.
src/services/firebaseService.ts(1,6545): error TS1127: Invalid character.
src/services/firebaseService.ts(1,6546): error TS1127: Invalid character.
src/services/firebaseService.ts(1,6547): error TS1127: Invalid character.
src/services/firebaseService.ts(1,6548): error TS1127: Invalid character.
src/services/firebaseService.ts(1,6549): error TS1127: Invalid character.
src/services/firebaseService.ts(1,6550): error TS1127: Invalid character.
src/services/firebaseService.ts(1,6551): error TS1127: Invalid character.
src/services/firebaseService.ts(1,6552): error TS1127: Invalid character.
src/services/firebaseService.ts(1,6553): error TS1127: Invalid character.
src/services/firebaseService.ts(1,6554): error TS1127: Invalid character.
src/services/firebaseService.ts(1,6555): error TS1127: Invalid character.
src/services/firebaseService.ts(1,6556): error TS1127: Invalid character.
src/services/firebaseService.ts(1,6557): error TS1127: Invalid character.
src/services/firebaseService.ts(1,6558): error TS1127: Invalid character.
src/services/firebaseService.ts(1,6559): error TS1127: Invalid character.
src/services/firebaseService.ts(1,6560): error TS1127: Invalid character.
src/services/firebaseService.ts(1,6561): error TS1127: Invalid character.
src/services/firebaseService.ts(1,6562): error TS1127: Invalid character.
src/services/firebaseService.ts(1,6563): error TS1127: Invalid character.
src/services/firebaseService.ts(1,6564): error TS1127: Invalid character.
src/services/firebaseService.ts(1,6565): error TS1127: Invalid character.
src/services/firebaseService.ts(1,6566): error TS1127: Invalid character.
src/services/firebaseService.ts(1,6567): error TS1127: Invalid character.
src/services/firebaseService.ts(1,6568): error TS1127: Invalid character.
src/services/firebaseService.ts(1,6569): error TS1127: Invalid character.
src/services/firebaseService.ts(1,6570): error TS1127: Invalid character.
src/services/firebaseService.ts(1,6571): error TS1127: Invalid character.
src/services/firebaseService.ts(1,6572): error TS1127: Invalid character.
src/services/firebaseService.ts(1,6573): error TS1127: Invalid character.
src/services/firebaseService.ts(1,6574): error TS1127: Invalid character.
src/services/firebaseService.ts(1,6575): error TS1127: Invalid character.
src/services/firebaseService.ts(1,6576): error TS1127: Invalid character.
src/services/firebaseService.ts(1,6577): error TS1127: Invalid character.
src/services/firebaseService.ts(1,6578): error TS1127: Invalid character.
src/services/firebaseService.ts(1,6579): error TS1127: Invalid character.
src/services/firebaseService.ts(1,6580): error TS1127: Invalid character.
src/services/firebaseService.ts(1,6581): error TS1127: Invalid character.
src/services/firebaseService.ts(1,6582): error TS1127: Invalid character.
src/services/firebaseService.ts(1,6583): error TS1127: Invalid character.
src/services/firebaseService.ts(1,6584): error TS1127: Invalid character.
src/services/firebaseService.ts(1,6585): error TS1127: Invalid character.
src/services/firebaseService.ts(1,6586): error TS1127: Invalid character.
src/services/firebaseService.ts(1,6587): error TS1127: Invalid character.
src/services/firebaseService.ts(1,6588): error TS1127: Invalid character.
src/services/firebaseService.ts(1,6589): error TS1127: Invalid character.
src/services/firebaseService.ts(1,6590): error TS1127: Invalid character.
src/services/firebaseService.ts(1,6591): error TS1127: Invalid character.
src/services/firebaseService.ts(1,6592): error TS1127: Invalid character.
src/services/firebaseService.ts(1,6593): error TS1127: Invalid character.
src/services/firebaseService.ts(1,6594): error TS1127: Invalid character.
src/services/firebaseService.ts(1,6595): error TS1127: Invalid character.
src/services/firebaseService.ts(1,6596): error TS1127: Invalid character.
src/services/firebaseService.ts(1,6597): error TS1127: Invalid character.
src/services/firebaseService.ts(1,6598): error TS1127: Invalid character.
src/services/firebaseService.ts(1,6599): error TS1127: Invalid character.
src/services/firebaseService.ts(1,6600): error TS1127: Invalid character.
src/services/firebaseService.ts(1,6601): error TS1127: Invalid character.
src/services/firebaseService.ts(1,6602): error TS1127: Invalid character.
src/services/firebaseService.ts(1,6603): error TS1127: Invalid character.
src/services/firebaseService.ts(1,6604): error TS1127: Invalid character.
src/services/firebaseService.ts(1,6605): error TS1127: Invalid character.
src/services/firebaseService.ts(1,6606): error TS1127: Invalid character.
src/services/firebaseService.ts(1,6607): error TS1127: Invalid character.
src/services/firebaseService.ts(1,6608): error TS1127: Invalid character.
src/services/firebaseService.ts(1,6609): error TS1127: Invalid character.
src/services/firebaseService.ts(1,6610): error TS1127: Invalid character.
src/services/firebaseService.ts(1,6611): error TS1127: Invalid character.
src/services/firebaseService.ts(1,6612): error TS1127: Invalid character.
src/services/firebaseService.ts(1,6613): error TS1127: Invalid character.
src/services/firebaseService.ts(1,6614): error TS1127: Invalid character.
src/services/firebaseService.ts(1,6615): error TS1127: Invalid character.
src/services/firebaseService.ts(1,6616): error TS1127: Invalid character.
src/services/firebaseService.ts(1,6617): error TS1127: Invalid character.
src/services/firebaseService.ts(1,6618): error TS1127: Invalid character.
src/services/firebaseService.ts(1,6619): error TS1127: Invalid character.
src/services/firebaseService.ts(1,6620): error TS1127: Invalid character.
src/services/firebaseService.ts(1,6621): error TS1127: Invalid character.
src/services/firebaseService.ts(1,6622): error TS1127: Invalid character.
src/services/firebaseService.ts(1,6623): error TS1127: Invalid character.
src/services/firebaseService.ts(1,6624): error TS1127: Invalid character.
src/services/firebaseService.ts(1,6625): error TS1127: Invalid character.
src/services/firebaseService.ts(1,6626): error TS1127: Invalid character.
src/services/firebaseService.ts(1,6627): error TS1127: Invalid character.
src/services/firebaseService.ts(1,6628): error TS1127: Invalid character.
src/services/firebaseService.ts(1,6629): error TS1127: Invalid character.
src/services/firebaseService.ts(1,6630): error TS1127: Invalid character.
src/services/firebaseService.ts(1,6631): error TS1127: Invalid character.
src/services/firebaseService.ts(1,6632): error TS1127: Invalid character.
src/services/firebaseService.ts(1,6633): error TS1127: Invalid character.
src/services/firebaseService.ts(1,6634): error TS1127: Invalid character.
src/services/firebaseService.ts(1,6635): error TS1127: Invalid character.
src/services/firebaseService.ts(1,6636): error TS1127: Invalid character.
src/services/firebaseService.ts(1,6637): error TS1127: Invalid character.
src/services/firebaseService.ts(1,6638): error TS1127: Invalid character.
src/services/firebaseService.ts(1,6639): error TS1127: Invalid character.
src/services/firebaseService.ts(1,6640): error TS1127: Invalid character.
src/services/firebaseService.ts(1,6641): error TS1127: Invalid character.
src/services/firebaseService.ts(1,6642): error TS1127: Invalid character.
src/services/firebaseService.ts(1,6643): error TS1127: Invalid character.
src/services/firebaseService.ts(1,6644): error TS1127: Invalid character.
src/services/firebaseService.ts(1,6645): error TS1127: Invalid character.
src/services/firebaseService.ts(1,6646): error TS1127: Invalid character.
src/services/firebaseService.ts(1,6647): error TS1127: Invalid character.
src/services/firebaseService.ts(1,6648): error TS1127: Invalid character.
src/services/firebaseService.ts(1,6649): error TS1127: Invalid character.
src/services/firebaseService.ts(1,6650): error TS1127: Invalid character.
src/services/firebaseService.ts(1,6651): error TS1127: Invalid character.
src/services/firebaseService.ts(1,6652): error TS1127: Invalid character.
src/services/firebaseService.ts(1,6653): error TS1127: Invalid character.
src/services/firebaseService.ts(1,6654): error TS1127: Invalid character.
src/services/firebaseService.ts(1,6655): error TS1127: Invalid character.
src/services/firebaseService.ts(1,6656): error TS1127: Invalid character.
src/services/firebaseService.ts(1,6657): error TS1127: Invalid character.
src/services/firebaseService.ts(1,6658): error TS1127: Invalid character.
src/services/firebaseService.ts(1,6659): error TS1127: Invalid character.
src/services/firebaseService.ts(1,6660): error TS1127: Invalid character.
src/services/firebaseService.ts(1,6661): error TS1127: Invalid character.
src/services/firebaseService.ts(1,6662): error TS1127: Invalid character.
src/services/firebaseService.ts(1,6663): error TS1127: Invalid character.
src/services/firebaseService.ts(1,6664): error TS1127: Invalid character.
src/services/firebaseService.ts(1,6665): error TS1127: Invalid character.
src/services/firebaseService.ts(1,6666): error TS1127: Invalid character.
src/services/firebaseService.ts(1,6667): error TS1127: Invalid character.
src/services/firebaseService.ts(1,6668): error TS1127: Invalid character.
src/services/firebaseService.ts(1,6669): error TS1127: Invalid character.
src/services/firebaseService.ts(1,6670): error TS1127: Invalid character.
src/services/firebaseService.ts(1,6671): error TS1127: Invalid character.
src/services/firebaseService.ts(1,6672): error TS1127: Invalid character.
src/services/firebaseService.ts(1,6673): error TS1127: Invalid character.
src/services/firebaseService.ts(1,6674): error TS1127: Invalid character.
src/services/firebaseService.ts(1,6675): error TS1127: Invalid character.
src/services/firebaseService.ts(1,6676): error TS1127: Invalid character.
src/services/firebaseService.ts(1,6677): error TS1127: Invalid character.
src/services/firebaseService.ts(1,6678): error TS1127: Invalid character.
src/services/firebaseService.ts(1,6679): error TS1127: Invalid character.
src/services/firebaseService.ts(1,6680): error TS1127: Invalid character.
src/services/firebaseService.ts(1,6681): error TS1127: Invalid character.
src/services/firebaseService.ts(1,6682): error TS1127: Invalid character.
src/services/firebaseService.ts(1,6683): error TS1127: Invalid character.
src/services/firebaseService.ts(1,6684): error TS1127: Invalid character.
src/services/firebaseService.ts(1,6685): error TS1127: Invalid character.
src/services/firebaseService.ts(1,6686): error TS1127: Invalid character.
src/services/firebaseService.ts(1,6687): error TS1127: Invalid character.
src/services/firebaseService.ts(1,6688): error TS1127: Invalid character.
src/services/firebaseService.ts(1,6689): error TS1127: Invalid character.
src/services/firebaseService.ts(1,6690): error TS1127: Invalid character.
src/services/firebaseService.ts(1,6691): error TS1127: Invalid character.
src/services/firebaseService.ts(1,6692): error TS1127: Invalid character.
src/services/firebaseService.ts(1,6693): error TS1127: Invalid character.
src/services/firebaseService.ts(1,6694): error TS1127: Invalid character.
src/services/firebaseService.ts(1,6695): error TS1127: Invalid character.
src/services/firebaseService.ts(1,6696): error TS1127: Invalid character.
src/services/firebaseService.ts(1,6697): error TS1127: Invalid character.
src/services/firebaseService.ts(1,6698): error TS1127: Invalid character.
src/services/firebaseService.ts(1,6699): error TS1127: Invalid character.
src/services/firebaseService.ts(1,6700): error TS1127: Invalid character.
src/services/firebaseService.ts(1,6701): error TS1127: Invalid character.
src/services/firebaseService.ts(1,6702): error TS1127: Invalid character.
src/services/firebaseService.ts(1,6703): error TS1127: Invalid character.
src/services/firebaseService.ts(1,6704): error TS1127: Invalid character.
src/services/firebaseService.ts(1,6705): error TS1127: Invalid character.
src/services/firebaseService.ts(1,6706): error TS1127: Invalid character.
src/services/firebaseService.ts(1,6707): error TS1127: Invalid character.
src/services/firebaseService.ts(1,6708): error TS1127: Invalid character.
src/services/firebaseService.ts(1,6709): error TS1127: Invalid character.
src/services/firebaseService.ts(1,6710): error TS1127: Invalid character.
src/services/firebaseService.ts(1,6711): error TS1127: Invalid character.
src/services/firebaseService.ts(1,6712): error TS1127: Invalid character.
src/services/firebaseService.ts(1,6713): error TS1127: Invalid character.
src/services/firebaseService.ts(1,6714): error TS1127: Invalid character.
src/services/firebaseService.ts(1,6715): error TS1127: Invalid character.
src/services/firebaseService.ts(1,6716): error TS1127: Invalid character.
src/services/firebaseService.ts(1,6717): error TS1127: Invalid character.
src/services/firebaseService.ts(1,6718): error TS1127: Invalid character.
src/services/firebaseService.ts(1,6719): error TS1127: Invalid character.
src/services/firebaseService.ts(1,6720): error TS1127: Invalid character.
src/services/firebaseService.ts(1,6721): error TS1127: Invalid character.
src/services/firebaseService.ts(1,6722): error TS1127: Invalid character.
src/services/firebaseService.ts(1,6723): error TS1127: Invalid character.
src/services/firebaseService.ts(1,6724): error TS1127: Invalid character.
src/services/firebaseService.ts(1,6725): error TS1127: Invalid character.
src/services/firebaseService.ts(1,6726): error TS1127: Invalid character.
src/services/firebaseService.ts(1,6727): error TS1127: Invalid character.
src/services/firebaseService.ts(1,6728): error TS1127: Invalid character.
src/services/firebaseService.ts(1,6729): error TS1127: Invalid character.
src/services/firebaseService.ts(1,6730): error TS1127: Invalid character.
src/services/firebaseService.ts(1,6731): error TS1127: Invalid character.
src/services/firebaseService.ts(1,6732): error TS1127: Invalid character.
src/services/firebaseService.ts(1,6733): error TS1127: Invalid character.
src/services/firebaseService.ts(1,6734): error TS1127: Invalid character.
src/services/firebaseService.ts(1,6735): error TS1127: Invalid character.
src/services/firebaseService.ts(1,6736): error TS1127: Invalid character.
src/services/firebaseService.ts(1,6737): error TS1127: Invalid character.
src/services/firebaseService.ts(1,6738): error TS1127: Invalid character.
src/services/firebaseService.ts(1,6739): error TS1127: Invalid character.
src/services/firebaseService.ts(1,6740): error TS1127: Invalid character.
src/services/firebaseService.ts(1,6741): error TS1127: Invalid character.
src/services/firebaseService.ts(1,6742): error TS1127: Invalid character.
src/services/firebaseService.ts(1,6743): error TS1127: Invalid character.
src/services/firebaseService.ts(1,6744): error TS1127: Invalid character.
src/services/firebaseService.ts(1,6745): error TS1127: Invalid character.
src/services/firebaseService.ts(1,6746): error TS1127: Invalid character.
src/services/firebaseService.ts(1,6747): error TS1127: Invalid character.
src/services/firebaseService.ts(1,6748): error TS1127: Invalid character.
src/services/firebaseService.ts(1,6749): error TS1127: Invalid character.
src/services/firebaseService.ts(1,6750): error TS1127: Invalid character.
src/services/firebaseService.ts(1,6751): error TS1127: Invalid character.
src/services/firebaseService.ts(1,6752): error TS1127: Invalid character.
src/services/firebaseService.ts(1,6753): error TS1127: Invalid character.
src/services/firebaseService.ts(1,6754): error TS1127: Invalid character.
src/services/firebaseService.ts(1,6755): error TS1127: Invalid character.
src/services/firebaseService.ts(1,6756): error TS1127: Invalid character.
src/services/firebaseService.ts(1,6757): error TS1127: Invalid character.
src/services/firebaseService.ts(1,6758): error TS1127: Invalid character.
src/services/firebaseService.ts(1,6759): error TS1127: Invalid character.
src/services/firebaseService.ts(1,6760): error TS1127: Invalid character.
src/services/firebaseService.ts(1,6761): error TS1127: Invalid character.
src/services/firebaseService.ts(1,6762): error TS1127: Invalid character.
src/services/firebaseService.ts(1,6763): error TS1127: Invalid character.
src/services/firebaseService.ts(1,6764): error TS1127: Invalid character.
src/services/firebaseService.ts(1,6765): error TS1127: Invalid character.
src/services/firebaseService.ts(1,6766): error TS1127: Invalid character.
src/services/firebaseService.ts(1,6767): error TS1127: Invalid character.
src/services/firebaseService.ts(1,6768): error TS1127: Invalid character.
src/services/firebaseService.ts(1,6769): error TS1127: Invalid character.
src/services/firebaseService.ts(1,6770): error TS1127: Invalid character.
src/services/firebaseService.ts(1,6771): error TS1127: Invalid character.
src/services/firebaseService.ts(1,6772): error TS1127: Invalid character.
src/services/firebaseService.ts(1,6773): error TS1127: Invalid character.
src/services/firebaseService.ts(1,6774): error TS1127: Invalid character.
src/services/firebaseService.ts(1,6775): error TS1127: Invalid character.
src/services/firebaseService.ts(1,6776): error TS1127: Invalid character.
src/services/firebaseService.ts(1,6777): error TS1127: Invalid character.
src/services/firebaseService.ts(1,6778): error TS1127: Invalid character.
src/services/firebaseService.ts(1,6779): error TS1127: Invalid character.
src/services/firebaseService.ts(1,6780): error TS1127: Invalid character.
src/services/firebaseService.ts(1,6781): error TS1127: Invalid character.
src/services/firebaseService.ts(1,6782): error TS1127: Invalid character.
src/services/firebaseService.ts(1,6783): error TS1127: Invalid character.
src/services/firebaseService.ts(1,6784): error TS1127: Invalid character.
src/services/firebaseService.ts(1,6785): error TS1127: Invalid character.
src/services/firebaseService.ts(1,6786): error TS1127: Invalid character.
src/services/firebaseService.ts(1,6787): error TS1127: Invalid character.
src/services/firebaseService.ts(1,6788): error TS1127: Invalid character.
src/services/firebaseService.ts(1,6789): error TS1127: Invalid character.
src/services/firebaseService.ts(1,6790): error TS1127: Invalid character.
src/services/firebaseService.ts(1,6791): error TS1127: Invalid character.
src/services/firebaseService.ts(1,6792): error TS1127: Invalid character.
src/services/firebaseService.ts(1,6793): error TS1127: Invalid character.
src/services/firebaseService.ts(1,6794): error TS1127: Invalid character.
src/services/firebaseService.ts(1,6795): error TS1127: Invalid character.
src/services/firebaseService.ts(1,6796): error TS1127: Invalid character.
src/services/firebaseService.ts(1,6797): error TS1127: Invalid character.
src/services/firebaseService.ts(1,6798): error TS1127: Invalid character.
src/services/firebaseService.ts(1,6799): error TS1127: Invalid character.
src/services/firebaseService.ts(1,6800): error TS1127: Invalid character.
src/services/firebaseService.ts(1,6801): error TS1127: Invalid character.
src/services/firebaseService.ts(1,6802): error TS1127: Invalid character.
src/services/firebaseService.ts(1,6803): error TS1127: Invalid character.
src/services/firebaseService.ts(1,6804): error TS1127: Invalid character.
src/services/firebaseService.ts(1,6805): error TS1127: Invalid character.
src/services/firebaseService.ts(1,6806): error TS1127: Invalid character.
src/services/firebaseService.ts(1,6807): error TS1127: Invalid character.
src/services/firebaseService.ts(1,6808): error TS1127: Invalid character.
src/services/firebaseService.ts(1,6809): error TS1127: Invalid character.
src/services/firebaseService.ts(1,6810): error TS1127: Invalid character.
src/services/firebaseService.ts(1,6811): error TS1127: Invalid character.
src/services/firebaseService.ts(1,6812): error TS1127: Invalid character.
src/services/firebaseService.ts(1,6813): error TS1127: Invalid character.
src/services/firebaseService.ts(1,6814): error TS1127: Invalid character.
src/services/firebaseService.ts(1,6815): error TS1127: Invalid character.
src/services/firebaseService.ts(1,6816): error TS1127: Invalid character.
src/services/firebaseService.ts(1,6817): error TS1127: Invalid character.
src/services/firebaseService.ts(1,6818): error TS1127: Invalid character.
src/services/firebaseService.ts(1,6819): error TS1127: Invalid character.
src/services/firebaseService.ts(1,6820): error TS1127: Invalid character.
src/services/firebaseService.ts(1,6821): error TS1127: Invalid character.
src/services/firebaseService.ts(1,6822): error TS1127: Invalid character.
src/services/firebaseService.ts(1,6823): error TS1127: Invalid character.
src/services/firebaseService.ts(1,6824): error TS1127: Invalid character.
src/services/firebaseService.ts(1,6825): error TS1127: Invalid character.
src/services/firebaseService.ts(1,6826): error TS1127: Invalid character.
src/services/firebaseService.ts(1,6827): error TS1127: Invalid character.
src/services/firebaseService.ts(1,6828): error TS1127: Invalid character.
src/services/firebaseService.ts(1,6829): error TS1127: Invalid character.
src/services/firebaseService.ts(1,6830): error TS1127: Invalid character.
src/services/firebaseService.ts(1,6831): error TS1127: Invalid character.
src/services/firebaseService.ts(1,6832): error TS1127: Invalid character.
src/services/firebaseService.ts(1,6833): error TS1127: Invalid character.
src/services/firebaseService.ts(1,6834): error TS1127: Invalid character.
src/services/firebaseService.ts(1,6835): error TS1127: Invalid character.
src/services/firebaseService.ts(1,6836): error TS1127: Invalid character.
src/services/firebaseService.ts(1,6837): error TS1127: Invalid character.
src/services/firebaseService.ts(1,6838): error TS1127: Invalid character.
src/services/firebaseService.ts(1,6839): error TS1127: Invalid character.
src/services/firebaseService.ts(1,6840): error TS1127: Invalid character.
src/services/firebaseService.ts(1,6841): error TS1127: Invalid character.
src/services/firebaseService.ts(1,6842): error TS1127: Invalid character.
src/services/firebaseService.ts(1,6843): error TS1127: Invalid character.
src/services/firebaseService.ts(1,6844): error TS1127: Invalid character.
src/services/firebaseService.ts(1,6845): error TS1127: Invalid character.
src/services/firebaseService.ts(1,6846): error TS1127: Invalid character.
src/services/firebaseService.ts(1,6847): error TS1127: Invalid character.
src/services/firebaseService.ts(1,6848): error TS1127: Invalid character.
src/services/firebaseService.ts(1,6849): error TS1127: Invalid character.
src/services/firebaseService.ts(1,6850): error TS1127: Invalid character.
src/services/firebaseService.ts(1,6851): error TS1127: Invalid character.
src/services/firebaseService.ts(1,6852): error TS1127: Invalid character.
src/services/firebaseService.ts(1,6853): error TS1127: Invalid character.
src/services/firebaseService.ts(1,6854): error TS1127: Invalid character.
src/services/firebaseService.ts(1,6855): error TS1127: Invalid character.
src/services/firebaseService.ts(1,6856): error TS1127: Invalid character.
src/services/firebaseService.ts(1,6857): error TS1127: Invalid character.
src/services/firebaseService.ts(1,6858): error TS1127: Invalid character.
src/services/firebaseService.ts(1,6859): error TS1127: Invalid character.
src/services/firebaseService.ts(1,6860): error TS1127: Invalid character.
src/services/firebaseService.ts(1,6861): error TS1127: Invalid character.
src/services/firebaseService.ts(1,6862): error TS1127: Invalid character.
src/services/firebaseService.ts(1,6863): error TS1127: Invalid character.
src/services/firebaseService.ts(1,6864): error TS1127: Invalid character.
src/services/firebaseService.ts(1,6865): error TS1127: Invalid character.
src/services/firebaseService.ts(1,6866): error TS1127: Invalid character.
src/services/firebaseService.ts(1,6867): error TS1127: Invalid character.
src/services/firebaseService.ts(1,6868): error TS1127: Invalid character.
src/services/firebaseService.ts(1,6869): error TS1127: Invalid character.
src/services/firebaseService.ts(1,6870): error TS1127: Invalid character.
src/services/firebaseService.ts(1,6871): error TS1127: Invalid character.
src/services/firebaseService.ts(1,6872): error TS1127: Invalid character.
src/services/firebaseService.ts(1,6873): error TS1127: Invalid character.
src/services/firebaseService.ts(1,6874): error TS1127: Invalid character.
src/services/firebaseService.ts(1,6875): error TS1127: Invalid character.
src/services/firebaseService.ts(1,6876): error TS1127: Invalid character.
src/services/firebaseService.ts(1,6877): error TS1127: Invalid character.
src/services/firebaseService.ts(1,6878): error TS1127: Invalid character.
src/services/firebaseService.ts(1,6879): error TS1127: Invalid character.
src/services/firebaseService.ts(1,6880): error TS1127: Invalid character.
src/services/firebaseService.ts(1,6881): error TS1127: Invalid character.
src/services/firebaseService.ts(1,6882): error TS1127: Invalid character.
src/services/firebaseService.ts(1,6883): error TS1127: Invalid character.
src/services/firebaseService.ts(1,6884): error TS1127: Invalid character.
src/services/firebaseService.ts(1,6885): error TS1127: Invalid character.
src/services/firebaseService.ts(1,6886): error TS1127: Invalid character.
src/services/firebaseService.ts(1,6887): error TS1127: Invalid character.
src/services/firebaseService.ts(1,6888): error TS1127: Invalid character.
src/services/firebaseService.ts(1,6889): error TS1127: Invalid character.
src/services/firebaseService.ts(1,6890): error TS1127: Invalid character.
src/services/firebaseService.ts(1,6891): error TS1127: Invalid character.
src/services/firebaseService.ts(1,6892): error TS1127: Invalid character.
src/services/firebaseService.ts(1,6893): error TS1127: Invalid character.
src/services/firebaseService.ts(1,6894): error TS1127: Invalid character.
src/services/firebaseService.ts(1,6895): error TS1127: Invalid character.
src/services/firebaseService.ts(1,6896): error TS1127: Invalid character.
src/services/firebaseService.ts(1,6897): error TS1127: Invalid character.
src/services/firebaseService.ts(1,6898): error TS1127: Invalid character.
src/services/firebaseService.ts(1,6899): error TS1127: Invalid character.
src/services/firebaseService.ts(1,6900): error TS1127: Invalid character.
src/services/firebaseService.ts(1,6901): error TS1127: Invalid character.
src/services/firebaseService.ts(1,6902): error TS1127: Invalid character.
src/services/firebaseService.ts(1,6903): error TS1127: Invalid character.
src/services/firebaseService.ts(1,6904): error TS1127: Invalid character.
src/services/firebaseService.ts(1,6905): error TS1127: Invalid character.
src/services/firebaseService.ts(1,6906): error TS1127: Invalid character.
src/services/firebaseService.ts(1,6907): error TS1127: Invalid character.
src/services/firebaseService.ts(1,6908): error TS1127: Invalid character.
src/services/firebaseService.ts(1,6909): error TS1127: Invalid character.
src/services/firebaseService.ts(1,6910): error TS1127: Invalid character.
src/services/firebaseService.ts(1,6911): error TS1127: Invalid character.
src/services/firebaseService.ts(1,6912): error TS1127: Invalid character.
src/services/firebaseService.ts(1,6913): error TS1127: Invalid character.
src/services/firebaseService.ts(1,6914): error TS1127: Invalid character.
src/services/firebaseService.ts(1,6915): error TS1127: Invalid character.
src/services/firebaseService.ts(1,6916): error TS1127: Invalid character.
src/services/firebaseService.ts(1,6917): error TS1127: Invalid character.
src/services/firebaseService.ts(1,6918): error TS1127: Invalid character.
src/services/firebaseService.ts(1,6919): error TS1127: Invalid character.
src/services/firebaseService.ts(1,6920): error TS1127: Invalid character.
src/services/firebaseService.ts(1,6921): error TS1127: Invalid character.
src/services/firebaseService.ts(1,6922): error TS1127: Invalid character.
src/services/firebaseService.ts(1,6923): error TS1127: Invalid character.
src/services/firebaseService.ts(1,6924): error TS1127: Invalid character.
src/services/firebaseService.ts(1,6925): error TS1127: Invalid character.
src/services/firebaseService.ts(1,6926): error TS1127: Invalid character.
src/services/firebaseService.ts(1,6927): error TS1127: Invalid character.
src/services/firebaseService.ts(1,6928): error TS1127: Invalid character.
src/services/firebaseService.ts(1,6929): error TS1127: Invalid character.
src/services/firebaseService.ts(1,6930): error TS1127: Invalid character.
src/services/firebaseService.ts(1,6931): error TS1127: Invalid character.
src/services/firebaseService.ts(1,6932): error TS1127: Invalid character.
src/services/firebaseService.ts(1,6933): error TS1127: Invalid character.
src/services/firebaseService.ts(1,6934): error TS1127: Invalid character.
src/services/firebaseService.ts(1,6935): error TS1127: Invalid character.
src/services/firebaseService.ts(1,6936): error TS1127: Invalid character.
src/services/firebaseService.ts(1,6937): error TS1127: Invalid character.
src/services/firebaseService.ts(1,6938): error TS1127: Invalid character.
src/services/firebaseService.ts(1,6939): error TS1127: Invalid character.
src/services/firebaseService.ts(1,6940): error TS1127: Invalid character.
src/services/firebaseService.ts(1,6941): error TS1127: Invalid character.
src/services/firebaseService.ts(1,6942): error TS1127: Invalid character.
src/services/firebaseService.ts(1,6943): error TS1127: Invalid character.
src/services/firebaseService.ts(1,6944): error TS1127: Invalid character.
src/services/firebaseService.ts(1,6945): error TS1127: Invalid character.
src/services/firebaseService.ts(1,6946): error TS1127: Invalid character.
src/services/firebaseService.ts(1,6947): error TS1127: Invalid character.
src/services/firebaseService.ts(1,6948): error TS1127: Invalid character.
src/services/firebaseService.ts(1,6949): error TS1127: Invalid character.
src/services/firebaseService.ts(1,6950): error TS1127: Invalid character.
src/services/firebaseService.ts(1,6951): error TS1127: Invalid character.
src/services/firebaseService.ts(1,6952): error TS1127: Invalid character.
src/services/firebaseService.ts(1,6953): error TS1127: Invalid character.
src/services/firebaseService.ts(1,6954): error TS1127: Invalid character.
src/services/firebaseService.ts(1,6955): error TS1127: Invalid character.
src/services/firebaseService.ts(1,6956): error TS1127: Invalid character.
src/services/firebaseService.ts(1,6957): error TS1127: Invalid character.
src/services/firebaseService.ts(1,6958): error TS1127: Invalid character.
src/services/firebaseService.ts(1,6959): error TS1127: Invalid character.
src/services/firebaseService.ts(1,6960): error TS1127: Invalid character.
src/services/firebaseService.ts(1,6961): error TS1127: Invalid character.
src/services/firebaseService.ts(1,6962): error TS1127: Invalid character.
src/services/firebaseService.ts(1,6963): error TS1127: Invalid character.
src/services/firebaseService.ts(1,6964): error TS1127: Invalid character.
src/services/firebaseService.ts(1,6965): error TS1127: Invalid character.
src/services/firebaseService.ts(1,6966): error TS1127: Invalid character.
src/services/firebaseService.ts(1,6967): error TS1127: Invalid character.
src/services/firebaseService.ts(1,6968): error TS1127: Invalid character.
src/services/firebaseService.ts(1,6969): error TS1127: Invalid character.
src/services/firebaseService.ts(1,6970): error TS1127: Invalid character.
src/services/firebaseService.ts(1,6971): error TS1127: Invalid character.
src/services/firebaseService.ts(1,6972): error TS1127: Invalid character.
src/services/firebaseService.ts(1,6973): error TS1127: Invalid character.
src/services/firebaseService.ts(1,6974): error TS1127: Invalid character.
src/services/firebaseService.ts(1,6975): error TS1127: Invalid character.
src/services/firebaseService.ts(1,6976): error TS1127: Invalid character.
src/services/firebaseService.ts(1,6977): error TS1127: Invalid character.
src/services/firebaseService.ts(1,6978): error TS1127: Invalid character.
src/services/firebaseService.ts(1,6979): error TS1127: Invalid character.
src/services/firebaseService.ts(1,6980): error TS1127: Invalid character.
src/services/firebaseService.ts(1,6981): error TS1127: Invalid character.
src/services/firebaseService.ts(1,6982): error TS1127: Invalid character.
src/services/firebaseService.ts(1,6983): error TS1127: Invalid character.
src/services/firebaseService.ts(1,6984): error TS1127: Invalid character.
src/services/firebaseService.ts(1,6985): error TS1127: Invalid character.
src/services/firebaseService.ts(1,6986): error TS1127: Invalid character.
src/services/firebaseService.ts(1,6987): error TS1127: Invalid character.
src/services/firebaseService.ts(1,6988): error TS1127: Invalid character.
src/services/firebaseService.ts(1,6989): error TS1127: Invalid character.
src/services/firebaseService.ts(1,6990): error TS1127: Invalid character.
src/services/firebaseService.ts(1,6991): error TS1127: Invalid character.
src/services/firebaseService.ts(1,6992): error TS1127: Invalid character.
src/services/firebaseService.ts(1,6993): error TS1127: Invalid character.
src/services/firebaseService.ts(1,6994): error TS1127: Invalid character.
src/services/firebaseService.ts(1,6995): error TS1127: Invalid character.
src/services/firebaseService.ts(1,6996): error TS1127: Invalid character.
src/services/firebaseService.ts(1,6997): error TS1127: Invalid character.
src/services/firebaseService.ts(1,6998): error TS1127: Invalid character.
src/services/firebaseService.ts(1,6999): error TS1127: Invalid character.
src/services/firebaseService.ts(1,7000): error TS1127: Invalid character.
src/services/firebaseService.ts(1,7001): error TS1127: Invalid character.
src/services/firebaseService.ts(1,7002): error TS1127: Invalid character.
src/services/firebaseService.ts(1,7003): error TS1127: Invalid character.
src/services/firebaseService.ts(1,7004): error TS1127: Invalid character.
src/services/firebaseService.ts(1,7005): error TS1127: Invalid character.
src/services/firebaseService.ts(1,7006): error TS1127: Invalid character.
src/services/firebaseService.ts(1,7007): error TS1127: Invalid character.
src/services/firebaseService.ts(1,7008): error TS1127: Invalid character.
src/services/firebaseService.ts(1,7009): error TS1127: Invalid character.
src/services/firebaseService.ts(1,7010): error TS1127: Invalid character.
src/services/firebaseService.ts(1,7011): error TS1127: Invalid character.
src/services/firebaseService.ts(1,7012): error TS1127: Invalid character.
src/services/firebaseService.ts(1,7013): error TS1127: Invalid character.
src/services/firebaseService.ts(1,7014): error TS1127: Invalid character.
src/services/firebaseService.ts(1,7015): error TS1127: Invalid character.
src/services/firebaseService.ts(1,7016): error TS1127: Invalid character.
src/services/firebaseService.ts(1,7017): error TS1127: Invalid character.
src/services/firebaseService.ts(1,7018): error TS1127: Invalid character.
src/services/firebaseService.ts(1,7019): error TS1127: Invalid character.
src/services/firebaseService.ts(1,7020): error TS1127: Invalid character.
src/services/firebaseService.ts(1,7021): error TS1127: Invalid character.
src/services/firebaseService.ts(1,7022): error TS1127: Invalid character.
src/services/firebaseService.ts(1,7023): error TS1127: Invalid character.
src/services/firebaseService.ts(1,7024): error TS1127: Invalid character.
src/services/firebaseService.ts(1,7025): error TS1127: Invalid character.
src/services/firebaseService.ts(1,7026): error TS1127: Invalid character.
src/services/firebaseService.ts(1,7027): error TS1127: Invalid character.
src/services/firebaseService.ts(1,7028): error TS1127: Invalid character.
src/services/firebaseService.ts(1,7029): error TS1127: Invalid character.
src/services/firebaseService.ts(1,7030): error TS1127: Invalid character.
src/services/firebaseService.ts(1,7031): error TS1127: Invalid character.
src/services/firebaseService.ts(1,7032): error TS1127: Invalid character.
src/services/firebaseService.ts(1,7033): error TS1127: Invalid character.
src/services/firebaseService.ts(1,7034): error TS1127: Invalid character.
src/services/firebaseService.ts(1,7035): error TS1127: Invalid character.
src/services/firebaseService.ts(1,7036): error TS1127: Invalid character.
src/services/firebaseService.ts(1,7037): error TS1127: Invalid character.
src/services/firebaseService.ts(1,7038): error TS1127: Invalid character.
src/services/firebaseService.ts(1,7039): error TS1127: Invalid character.
src/services/firebaseService.ts(1,7040): error TS1127: Invalid character.
src/services/firebaseService.ts(1,7041): error TS1127: Invalid character.
src/services/firebaseService.ts(1,7042): error TS1127: Invalid character.
src/services/firebaseService.ts(1,7043): error TS1127: Invalid character.
src/services/firebaseService.ts(1,7044): error TS1127: Invalid character.
src/services/firebaseService.ts(1,7045): error TS1127: Invalid character.
src/services/firebaseService.ts(1,7046): error TS1127: Invalid character.
src/services/firebaseService.ts(1,7047): error TS1127: Invalid character.
src/services/firebaseService.ts(1,7048): error TS1127: Invalid character.
src/services/firebaseService.ts(1,7049): error TS1127: Invalid character.
src/services/firebaseService.ts(1,7050): error TS1127: Invalid character.
src/services/firebaseService.ts(1,7051): error TS1127: Invalid character.
src/services/firebaseService.ts(1,7052): error TS1127: Invalid character.
src/services/firebaseService.ts(1,7053): error TS1127: Invalid character.
src/services/firebaseService.ts(1,7054): error TS1127: Invalid character.
src/services/firebaseService.ts(1,7055): error TS1127: Invalid character.
src/services/firebaseService.ts(1,7056): error TS1127: Invalid character.
src/services/firebaseService.ts(1,7057): error TS1127: Invalid character.
src/services/firebaseService.ts(1,7058): error TS1127: Invalid character.
src/services/firebaseService.ts(1,7059): error TS1127: Invalid character.
src/services/firebaseService.ts(1,7060): error TS1127: Invalid character.
src/services/firebaseService.ts(1,7061): error TS1127: Invalid character.
src/services/firebaseService.ts(1,7062): error TS1127: Invalid character.
src/services/firebaseService.ts(1,7063): error TS1127: Invalid character.
src/services/firebaseService.ts(1,7064): error TS1127: Invalid character.
src/services/firebaseService.ts(1,7065): error TS1127: Invalid character.
src/services/firebaseService.ts(1,7066): error TS1127: Invalid character.
src/services/firebaseService.ts(1,7067): error TS1127: Invalid character.
src/services/firebaseService.ts(1,7068): error TS1127: Invalid character.
src/services/firebaseService.ts(1,7069): error TS1127: Invalid character.
src/services/firebaseService.ts(1,7070): error TS1127: Invalid character.
src/services/firebaseService.ts(1,7071): error TS1127: Invalid character.
src/services/firebaseService.ts(1,7072): error TS1127: Invalid character.
src/services/firebaseService.ts(1,7073): error TS1127: Invalid character.
src/services/firebaseService.ts(1,7074): error TS1127: Invalid character.
src/services/firebaseService.ts(1,7075): error TS1127: Invalid character.
src/services/firebaseService.ts(1,7076): error TS1127: Invalid character.
src/services/firebaseService.ts(1,7077): error TS1127: Invalid character.
src/services/firebaseService.ts(1,7078): error TS1127: Invalid character.
src/services/firebaseService.ts(1,7079): error TS1127: Invalid character.
src/services/firebaseService.ts(1,7080): error TS1127: Invalid character.
src/services/firebaseService.ts(1,7081): error TS1127: Invalid character.
src/services/firebaseService.ts(1,7082): error TS1127: Invalid character.
src/services/firebaseService.ts(1,7083): error TS1127: Invalid character.
src/services/firebaseService.ts(1,7084): error TS1127: Invalid character.
src/services/firebaseService.ts(1,7085): error TS1127: Invalid character.
src/services/firebaseService.ts(1,7086): error TS1127: Invalid character.
src/services/firebaseService.ts(1,7087): error TS1127: Invalid character.
src/services/firebaseService.ts(1,7088): error TS1127: Invalid character.
src/services/firebaseService.ts(1,7089): error TS1127: Invalid character.
src/services/firebaseService.ts(1,7090): error TS1127: Invalid character.
src/services/firebaseService.ts(1,7091): error TS1127: Invalid character.
src/services/firebaseService.ts(1,7092): error TS1127: Invalid character.
src/services/firebaseService.ts(1,7093): error TS1127: Invalid character.
src/services/firebaseService.ts(1,7094): error TS1127: Invalid character.
src/services/firebaseService.ts(1,7095): error TS1127: Invalid character.
src/services/firebaseService.ts(1,7096): error TS1127: Invalid character.
src/services/firebaseService.ts(1,7097): error TS1127: Invalid character.
src/services/firebaseService.ts(1,7098): error TS1127: Invalid character.
src/services/firebaseService.ts(1,7099): error TS1127: Invalid character.
src/services/firebaseService.ts(1,7100): error TS1127: Invalid character.
src/services/firebaseService.ts(1,7101): error TS1127: Invalid character.
src/services/firebaseService.ts(1,7102): error TS1127: Invalid character.
src/services/firebaseService.ts(1,7103): error TS1127: Invalid character.
src/services/firebaseService.ts(1,7104): error TS1127: Invalid character.
src/services/firebaseService.ts(1,7105): error TS1127: Invalid character.
src/services/firebaseService.ts(1,7106): error TS1127: Invalid character.
src/services/firebaseService.ts(1,7107): error TS1127: Invalid character.
src/services/firebaseService.ts(1,7108): error TS1127: Invalid character.
src/services/firebaseService.ts(1,7109): error TS1127: Invalid character.
src/services/firebaseService.ts(1,7110): error TS1127: Invalid character.
src/services/firebaseService.ts(1,7111): error TS1127: Invalid character.
src/services/firebaseService.ts(1,7112): error TS1127: Invalid character.
src/services/firebaseService.ts(1,7113): error TS1127: Invalid character.
src/services/firebaseService.ts(1,7114): error TS1127: Invalid character.
src/services/firebaseService.ts(1,7115): error TS1127: Invalid character.
src/services/firebaseService.ts(1,7116): error TS1127: Invalid character.
src/services/firebaseService.ts(1,7117): error TS1127: Invalid character.
src/services/firebaseService.ts(1,7118): error TS1127: Invalid character.
src/services/firebaseService.ts(1,7119): error TS1127: Invalid character.
src/services/firebaseService.ts(1,7120): error TS1127: Invalid character.
src/services/firebaseService.ts(1,7121): error TS1127: Invalid character.
src/services/firebaseService.ts(1,7122): error TS1127: Invalid character.
src/services/firebaseService.ts(1,7123): error TS1127: Invalid character.
src/services/firebaseService.ts(1,7124): error TS1127: Invalid character.
src/services/firebaseService.ts(1,7125): error TS1127: Invalid character.
src/services/firebaseService.ts(1,7126): error TS1127: Invalid character.
src/services/firebaseService.ts(1,7127): error TS1127: Invalid character.
src/services/firebaseService.ts(1,7128): error TS1127: Invalid character.
src/services/firebaseService.ts(1,7129): error TS1127: Invalid character.
src/services/firebaseService.ts(1,7130): error TS1127: Invalid character.
src/services/firebaseService.ts(1,7131): error TS1127: Invalid character.
src/services/firebaseService.ts(1,7132): error TS1127: Invalid character.
src/services/firebaseService.ts(1,7133): error TS1127: Invalid character.
src/services/firebaseService.ts(1,7134): error TS1127: Invalid character.
src/services/firebaseService.ts(1,7135): error TS1127: Invalid character.
src/services/firebaseService.ts(1,7136): error TS1127: Invalid character.
src/services/firebaseService.ts(1,7137): error TS1127: Invalid character.
src/services/firebaseService.ts(1,7138): error TS1127: Invalid character.
src/services/firebaseService.ts(1,7139): error TS1127: Invalid character.
src/services/firebaseService.ts(1,7140): error TS1127: Invalid character.
src/services/firebaseService.ts(1,7141): error TS1127: Invalid character.
src/services/firebaseService.ts(1,7142): error TS1127: Invalid character.
src/services/firebaseService.ts(1,7143): error TS1127: Invalid character.
src/services/firebaseService.ts(1,7144): error TS1127: Invalid character.
src/services/firebaseService.ts(1,7145): error TS1127: Invalid character.
src/services/firebaseService.ts(1,7146): error TS1127: Invalid character.
src/services/firebaseService.ts(1,7147): error TS1127: Invalid character.
src/services/firebaseService.ts(1,7148): error TS1127: Invalid character.
src/services/firebaseService.ts(1,7149): error TS1127: Invalid character.
src/services/firebaseService.ts(1,7150): error TS1127: Invalid character.
src/services/firebaseService.ts(1,7151): error TS1127: Invalid character.
src/services/firebaseService.ts(1,7152): error TS1127: Invalid character.
src/services/firebaseService.ts(1,7153): error TS1127: Invalid character.
src/services/firebaseService.ts(1,7154): error TS1127: Invalid character.
src/services/firebaseService.ts(1,7155): error TS1127: Invalid character.
src/services/firebaseService.ts(1,7156): error TS1127: Invalid character.
src/services/firebaseService.ts(1,7157): error TS1127: Invalid character.
src/services/firebaseService.ts(1,7158): error TS1127: Invalid character.
src/services/firebaseService.ts(1,7159): error TS1127: Invalid character.
src/services/firebaseService.ts(1,7160): error TS1127: Invalid character.
src/services/firebaseService.ts(1,7161): error TS1127: Invalid character.
src/services/firebaseService.ts(1,7162): error TS1127: Invalid character.
src/services/firebaseService.ts(1,7163): error TS1127: Invalid character.
src/services/firebaseService.ts(1,7164): error TS1127: Invalid character.
src/services/firebaseService.ts(1,7165): error TS1127: Invalid character.
src/services/firebaseService.ts(1,7166): error TS1127: Invalid character.
src/services/firebaseService.ts(1,7167): error TS1127: Invalid character.
src/services/firebaseService.ts(1,7168): error TS1127: Invalid character.
src/services/firebaseService.ts(1,7169): error TS1127: Invalid character.
src/services/firebaseService.ts(1,7170): error TS1127: Invalid character.
src/services/firebaseService.ts(1,7171): error TS1127: Invalid character.
src/services/firebaseService.ts(1,7172): error TS1127: Invalid character.
src/services/firebaseService.ts(1,7173): error TS1127: Invalid character.
src/services/firebaseService.ts(1,7174): error TS1127: Invalid character.
src/services/firebaseService.ts(1,7175): error TS1127: Invalid character.
src/services/firebaseService.ts(1,7176): error TS1127: Invalid character.
src/services/firebaseService.ts(1,7177): error TS1127: Invalid character.
src/services/firebaseService.ts(1,7178): error TS1127: Invalid character.
src/services/firebaseService.ts(1,7179): error TS1127: Invalid character.
src/services/firebaseService.ts(1,7180): error TS1127: Invalid character.
src/services/firebaseService.ts(1,7181): error TS1127: Invalid character.
src/services/firebaseService.ts(1,7182): error TS1127: Invalid character.
src/services/firebaseService.ts(1,7183): error TS1127: Invalid character.
src/services/firebaseService.ts(1,7184): error TS1127: Invalid character.
src/services/firebaseService.ts(1,7185): error TS1127: Invalid character.
src/services/firebaseService.ts(1,7186): error TS1127: Invalid character.
src/services/firebaseService.ts(1,7187): error TS1127: Invalid character.
src/services/firebaseService.ts(1,7188): error TS1127: Invalid character.
src/services/firebaseService.ts(1,7189): error TS1127: Invalid character.
src/services/firebaseService.ts(1,7190): error TS1127: Invalid character.
src/services/firebaseService.ts(1,7191): error TS1127: Invalid character.
src/services/firebaseService.ts(1,7192): error TS1127: Invalid character.
src/services/firebaseService.ts(1,7193): error TS1127: Invalid character.
src/services/firebaseService.ts(1,7194): error TS1127: Invalid character.
src/services/firebaseService.ts(1,7195): error TS1127: Invalid character.
src/services/firebaseService.ts(1,7196): error TS1127: Invalid character.
src/services/firebaseService.ts(1,7197): error TS1127: Invalid character.
src/services/firebaseService.ts(1,7198): error TS1127: Invalid character.
src/services/firebaseService.ts(1,7199): error TS1127: Invalid character.
src/services/firebaseService.ts(1,7200): error TS1127: Invalid character.
src/services/firebaseService.ts(1,7201): error TS1127: Invalid character.
src/services/firebaseService.ts(1,7202): error TS1127: Invalid character.
src/services/firebaseService.ts(1,7203): error TS1127: Invalid character.
src/services/firebaseService.ts(1,7204): error TS1127: Invalid character.
src/services/firebaseService.ts(1,7205): error TS1127: Invalid character.
src/services/firebaseService.ts(1,7206): error TS1127: Invalid character.
src/services/firebaseService.ts(1,7207): error TS1127: Invalid character.
src/services/firebaseService.ts(1,7208): error TS1127: Invalid character.
src/services/firebaseService.ts(1,7209): error TS1127: Invalid character.
src/services/firebaseService.ts(1,7210): error TS1127: Invalid character.
src/services/firebaseService.ts(1,7211): error TS1127: Invalid character.
src/services/firebaseService.ts(1,7212): error TS1127: Invalid character.
src/services/firebaseService.ts(1,7213): error TS1127: Invalid character.
src/services/firebaseService.ts(1,7214): error TS1127: Invalid character.
src/services/firebaseService.ts(1,7215): error TS1127: Invalid character.
src/services/firebaseService.ts(1,7216): error TS1127: Invalid character.
src/services/firebaseService.ts(1,7217): error TS1127: Invalid character.
src/services/firebaseService.ts(1,7218): error TS1127: Invalid character.
src/services/firebaseService.ts(1,7219): error TS1127: Invalid character.
src/services/firebaseService.ts(1,7220): error TS1127: Invalid character.
src/services/firebaseService.ts(1,7221): error TS1127: Invalid character.
src/services/firebaseService.ts(1,7222): error TS1127: Invalid character.
src/services/firebaseService.ts(1,7223): error TS1127: Invalid character.
src/services/firebaseService.ts(1,7224): error TS1127: Invalid character.
src/services/firebaseService.ts(1,7225): error TS1127: Invalid character.
src/services/firebaseService.ts(1,7226): error TS1127: Invalid character.
src/services/firebaseService.ts(1,7227): error TS1127: Invalid character.
src/services/firebaseService.ts(1,7228): error TS1127: Invalid character.
src/services/firebaseService.ts(1,7229): error TS1127: Invalid character.
src/services/firebaseService.ts(1,7230): error TS1127: Invalid character.
src/services/firebaseService.ts(1,7231): error TS1127: Invalid character.
src/services/firebaseService.ts(1,7232): error TS1127: Invalid character.
src/services/firebaseService.ts(1,7233): error TS1127: Invalid character.
src/services/firebaseService.ts(1,7234): error TS1127: Invalid character.
src/services/firebaseService.ts(1,7235): error TS1127: Invalid character.
src/services/firebaseService.ts(1,7236): error TS1127: Invalid character.
src/services/firebaseService.ts(1,7237): error TS1127: Invalid character.
src/services/firebaseService.ts(1,7238): error TS1127: Invalid character.
src/services/firebaseService.ts(1,7239): error TS1127: Invalid character.
src/services/firebaseService.ts(1,7240): error TS1127: Invalid character.
src/services/firebaseService.ts(1,7241): error TS1127: Invalid character.
src/services/firebaseService.ts(1,7242): error TS1127: Invalid character.
src/services/firebaseService.ts(1,7243): error TS1127: Invalid character.
src/services/firebaseService.ts(1,7244): error TS1127: Invalid character.
src/services/firebaseService.ts(1,7245): error TS1127: Invalid character.
src/services/firebaseService.ts(1,7246): error TS1127: Invalid character.
src/services/firebaseService.ts(1,7247): error TS1127: Invalid character.
src/services/firebaseService.ts(1,7248): error TS1127: Invalid character.
src/services/firebaseService.ts(1,7249): error TS1127: Invalid character.
src/services/firebaseService.ts(1,7250): error TS1127: Invalid character.
src/services/firebaseService.ts(1,7251): error TS1127: Invalid character.
src/services/firebaseService.ts(1,7252): error TS1127: Invalid character.
src/services/firebaseService.ts(1,7253): error TS1127: Invalid character.
src/services/firebaseService.ts(1,7254): error TS1127: Invalid character.
src/services/firebaseService.ts(1,7255): error TS1127: Invalid character.
src/services/firebaseService.ts(1,7256): error TS1127: Invalid character.
src/services/firebaseService.ts(1,7257): error TS1127: Invalid character.
src/services/firebaseService.ts(1,7258): error TS1127: Invalid character.
src/services/firebaseService.ts(1,7259): error TS1127: Invalid character.
src/services/firebaseService.ts(1,7260): error TS1127: Invalid character.
src/services/firebaseService.ts(1,7261): error TS1127: Invalid character.
src/services/firebaseService.ts(1,7262): error TS1127: Invalid character.
src/services/firebaseService.ts(1,7263): error TS1127: Invalid character.
src/services/firebaseService.ts(1,7264): error TS1127: Invalid character.
src/services/firebaseService.ts(1,7265): error TS1127: Invalid character.
src/services/firebaseService.ts(1,7266): error TS1127: Invalid character.
src/services/firebaseService.ts(1,7267): error TS1127: Invalid character.
src/services/firebaseService.ts(1,7268): error TS1127: Invalid character.
src/services/firebaseService.ts(1,7269): error TS1127: Invalid character.
src/services/firebaseService.ts(1,7270): error TS1127: Invalid character.
src/services/firebaseService.ts(1,7271): error TS1127: Invalid character.
src/services/firebaseService.ts(1,7272): error TS1127: Invalid character.
src/services/firebaseService.ts(1,7273): error TS1127: Invalid character.
src/services/firebaseService.ts(1,7274): error TS1127: Invalid character.
src/services/firebaseService.ts(1,7275): error TS1127: Invalid character.
src/services/firebaseService.ts(1,7276): error TS1127: Invalid character.
src/services/firebaseService.ts(1,7277): error TS1127: Invalid character.
src/services/firebaseService.ts(1,7278): error TS1127: Invalid character.
src/services/firebaseService.ts(1,7279): error TS1127: Invalid character.
src/services/firebaseService.ts(1,7280): error TS1127: Invalid character.
src/services/firebaseService.ts(1,7281): error TS1127: Invalid character.
src/services/firebaseService.ts(1,7282): error TS1127: Invalid character.
src/services/firebaseService.ts(1,7283): error TS1127: Invalid character.
src/services/firebaseService.ts(1,7284): error TS1127: Invalid character.
src/services/firebaseService.ts(1,7285): error TS1127: Invalid character.
src/services/firebaseService.ts(1,7286): error TS1127: Invalid character.
src/services/firebaseService.ts(1,7287): error TS1127: Invalid character.
src/services/firebaseService.ts(1,7288): error TS1127: Invalid character.
src/services/firebaseService.ts(1,7289): error TS1127: Invalid character.
src/services/firebaseService.ts(1,7290): error TS1127: Invalid character.
src/services/firebaseService.ts(1,7291): error TS1127: Invalid character.
src/services/firebaseService.ts(1,7292): error TS1127: Invalid character.
src/services/firebaseService.ts(1,7293): error TS1127: Invalid character.
src/services/firebaseService.ts(1,7294): error TS1127: Invalid character.
src/services/firebaseService.ts(1,7295): error TS1127: Invalid character.
src/services/firebaseService.ts(1,7296): error TS1127: Invalid character.
src/services/firebaseService.ts(1,7297): error TS1127: Invalid character.
src/services/firebaseService.ts(1,7298): error TS1127: Invalid character.
src/services/firebaseService.ts(1,7299): error TS1127: Invalid character.
src/services/firebaseService.ts(1,7300): error TS1127: Invalid character.
src/services/firebaseService.ts(1,7301): error TS1127: Invalid character.
src/services/firebaseService.ts(1,7302): error TS1127: Invalid character.
src/services/firebaseService.ts(1,7303): error TS1127: Invalid character.
src/services/firebaseService.ts(1,7304): error TS1127: Invalid character.
src/services/firebaseService.ts(1,7305): error TS1127: Invalid character.
src/services/firebaseService.ts(1,7306): error TS1127: Invalid character.
src/services/firebaseService.ts(1,7307): error TS1127: Invalid character.
src/services/firebaseService.ts(1,7308): error TS1127: Invalid character.
src/services/firebaseService.ts(1,7309): error TS1127: Invalid character.
src/services/firebaseService.ts(1,7310): error TS1127: Invalid character.
src/services/firebaseService.ts(1,7311): error TS1127: Invalid character.
src/services/firebaseService.ts(1,7312): error TS1127: Invalid character.
src/services/firebaseService.ts(1,7313): error TS1127: Invalid character.
src/services/firebaseService.ts(1,7314): error TS1127: Invalid character.
src/services/firebaseService.ts(1,7315): error TS1127: Invalid character.
src/services/firebaseService.ts(1,7316): error TS1127: Invalid character.
src/services/firebaseService.ts(1,7317): error TS1127: Invalid character.
src/services/firebaseService.ts(1,7318): error TS1127: Invalid character.
src/services/firebaseService.ts(1,7319): error TS1127: Invalid character.
src/services/firebaseService.ts(1,7320): error TS1127: Invalid character.
src/services/firebaseService.ts(1,7321): error TS1127: Invalid character.
src/services/firebaseService.ts(1,7322): error TS1127: Invalid character.
src/services/firebaseService.ts(1,7323): error TS1127: Invalid character.
src/services/firebaseService.ts(1,7324): error TS1127: Invalid character.
src/services/firebaseService.ts(1,7325): error TS1127: Invalid character.
src/services/firebaseService.ts(1,7326): error TS1127: Invalid character.
src/services/firebaseService.ts(1,7327): error TS1127: Invalid character.
src/services/firebaseService.ts(1,7328): error TS1127: Invalid character.
src/services/firebaseService.ts(1,7329): error TS1127: Invalid character.
src/services/firebaseService.ts(1,7330): error TS1127: Invalid character.
src/services/firebaseService.ts(1,7331): error TS1127: Invalid character.
src/services/firebaseService.ts(1,7332): error TS1127: Invalid character.
src/services/firebaseService.ts(1,7333): error TS1127: Invalid character.
src/services/firebaseService.ts(1,7334): error TS1127: Invalid character.
src/services/firebaseService.ts(1,7335): error TS1127: Invalid character.
src/services/firebaseService.ts(1,7336): error TS1127: Invalid character.
src/services/firebaseService.ts(1,7337): error TS1127: Invalid character.
src/services/firebaseService.ts(1,7338): error TS1127: Invalid character.
src/services/firebaseService.ts(1,7339): error TS1127: Invalid character.
src/services/firebaseService.ts(1,7340): error TS1127: Invalid character.
src/services/firebaseService.ts(1,7341): error TS1127: Invalid character.
src/services/firebaseService.ts(1,7342): error TS1127: Invalid character.
src/services/firebaseService.ts(1,7343): error TS1127: Invalid character.
src/services/firebaseService.ts(1,7344): error TS1127: Invalid character.
src/services/firebaseService.ts(1,7345): error TS1127: Invalid character.
src/services/firebaseService.ts(1,7346): error TS1127: Invalid character.
src/services/firebaseService.ts(1,7347): error TS1127: Invalid character.
src/services/firebaseService.ts(1,7348): error TS1127: Invalid character.
src/services/firebaseService.ts(1,7349): error TS1127: Invalid character.
src/services/firebaseService.ts(1,7350): error TS1127: Invalid character.
src/services/firebaseService.ts(1,7351): error TS1127: Invalid character.
src/services/firebaseService.ts(1,7352): error TS1127: Invalid character.
src/services/firebaseService.ts(1,7353): error TS1127: Invalid character.
src/services/firebaseService.ts(1,7354): error TS1127: Invalid character.
src/services/firebaseService.ts(1,7355): error TS1127: Invalid character.
src/services/firebaseService.ts(1,7356): error TS1127: Invalid character.
src/services/firebaseService.ts(1,7357): error TS1127: Invalid character.
src/services/firebaseService.ts(1,7358): error TS1127: Invalid character.
src/services/firebaseService.ts(1,7359): error TS1127: Invalid character.
src/services/firebaseService.ts(1,7360): error TS1127: Invalid character.
src/services/firebaseService.ts(1,7361): error TS1127: Invalid character.
src/services/firebaseService.ts(1,7362): error TS1127: Invalid character.
src/services/firebaseService.ts(1,7363): error TS1127: Invalid character.
src/services/firebaseService.ts(1,7364): error TS1127: Invalid character.
src/services/firebaseService.ts(1,7365): error TS1127: Invalid character.
src/services/firebaseService.ts(1,7366): error TS1127: Invalid character.
src/services/firebaseService.ts(1,7367): error TS1127: Invalid character.
src/services/firebaseService.ts(1,7368): error TS1127: Invalid character.
src/services/firebaseService.ts(1,7369): error TS1127: Invalid character.
src/services/firebaseService.ts(1,7370): error TS1127: Invalid character.
src/services/firebaseService.ts(1,7371): error TS1127: Invalid character.
src/services/firebaseService.ts(1,7372): error TS1127: Invalid character.
src/services/firebaseService.ts(1,7373): error TS1127: Invalid character.
src/services/firebaseService.ts(1,7374): error TS1127: Invalid character.
src/services/firebaseService.ts(1,7375): error TS1127: Invalid character.
src/services/firebaseService.ts(1,7376): error TS1127: Invalid character.
src/services/firebaseService.ts(1,7377): error TS1127: Invalid character.
src/services/firebaseService.ts(1,7378): error TS1127: Invalid character.
src/services/firebaseService.ts(1,7379): error TS1127: Invalid character.
src/services/firebaseService.ts(1,7380): error TS1127: Invalid character.
src/services/firebaseService.ts(1,7381): error TS1127: Invalid character.
src/services/firebaseService.ts(1,7382): error TS1127: Invalid character.
src/services/firebaseService.ts(1,7383): error TS1127: Invalid character.
src/services/firebaseService.ts(1,7384): error TS1127: Invalid character.
src/services/firebaseService.ts(1,7385): error TS1127: Invalid character.
src/services/firebaseService.ts(1,7386): error TS1127: Invalid character.
src/services/firebaseService.ts(1,7387): error TS1127: Invalid character.
src/services/firebaseService.ts(1,7388): error TS1127: Invalid character.
src/services/firebaseService.ts(1,7389): error TS1127: Invalid character.
src/services/firebaseService.ts(1,7390): error TS1127: Invalid character.
src/services/firebaseService.ts(1,7391): error TS1127: Invalid character.
src/services/firebaseService.ts(1,7392): error TS1127: Invalid character.
src/services/firebaseService.ts(1,7393): error TS1127: Invalid character.
src/services/firebaseService.ts(1,7394): error TS1127: Invalid character.
src/services/firebaseService.ts(1,7395): error TS1127: Invalid character.
src/services/firebaseService.ts(1,7396): error TS1127: Invalid character.
src/services/firebaseService.ts(1,7397): error TS1127: Invalid character.
src/services/firebaseService.ts(1,7398): error TS1127: Invalid character.
src/services/firebaseService.ts(1,7399): error TS1127: Invalid character.
src/services/firebaseService.ts(1,7400): error TS1127: Invalid character.
src/services/firebaseService.ts(1,7401): error TS1127: Invalid character.
src/services/firebaseService.ts(1,7402): error TS1127: Invalid character.
src/services/firebaseService.ts(1,7403): error TS1127: Invalid character.
src/services/firebaseService.ts(1,7404): error TS1127: Invalid character.
src/services/firebaseService.ts(1,7405): error TS1127: Invalid character.
src/services/firebaseService.ts(1,7406): error TS1127: Invalid character.
src/services/firebaseService.ts(1,7407): error TS1127: Invalid character.
src/services/firebaseService.ts(1,7408): error TS1127: Invalid character.
src/services/firebaseService.ts(1,7409): error TS1127: Invalid character.
src/services/firebaseService.ts(1,7410): error TS1127: Invalid character.
src/services/firebaseService.ts(1,7411): error TS1127: Invalid character.
src/services/firebaseService.ts(1,7412): error TS1127: Invalid character.
src/services/firebaseService.ts(1,7413): error TS1127: Invalid character.
src/services/firebaseService.ts(1,7414): error TS1127: Invalid character.
src/services/firebaseService.ts(1,7415): error TS1127: Invalid character.
src/services/firebaseService.ts(1,7416): error TS1127: Invalid character.
src/services/firebaseService.ts(1,7417): error TS1127: Invalid character.
src/services/firebaseService.ts(1,7418): error TS1127: Invalid character.
src/services/firebaseService.ts(1,7419): error TS1127: Invalid character.
src/services/firebaseService.ts(1,7420): error TS1127: Invalid character.
src/services/firebaseService.ts(1,7421): error TS1127: Invalid character.
src/services/firebaseService.ts(1,7422): error TS1127: Invalid character.
src/services/firebaseService.ts(1,7423): error TS1127: Invalid character.
src/services/firebaseService.ts(1,7424): error TS1127: Invalid character.
src/services/firebaseService.ts(1,7425): error TS1127: Invalid character.
src/services/firebaseService.ts(1,7426): error TS1127: Invalid character.
src/services/firebaseService.ts(1,7427): error TS1127: Invalid character.
src/services/firebaseService.ts(1,7428): error TS1127: Invalid character.
src/services/firebaseService.ts(1,7429): error TS1127: Invalid character.
src/services/firebaseService.ts(1,7430): error TS1127: Invalid character.
src/services/firebaseService.ts(1,7431): error TS1127: Invalid character.
src/services/firebaseService.ts(1,7432): error TS1127: Invalid character.
src/services/firebaseService.ts(1,7433): error TS1127: Invalid character.
src/services/firebaseService.ts(1,7434): error TS1127: Invalid character.
src/services/firebaseService.ts(1,7435): error TS1127: Invalid character.
src/services/firebaseService.ts(1,7436): error TS1127: Invalid character.
src/services/firebaseService.ts(1,7437): error TS1127: Invalid character.
src/services/firebaseService.ts(1,7438): error TS1127: Invalid character.
src/services/firebaseService.ts(1,7439): error TS1127: Invalid character.
src/services/firebaseService.ts(1,7440): error TS1127: Invalid character.
src/services/firebaseService.ts(1,7441): error TS1127: Invalid character.
src/services/firebaseService.ts(1,7442): error TS1127: Invalid character.
src/services/firebaseService.ts(1,7443): error TS1127: Invalid character.
src/services/firebaseService.ts(1,7444): error TS1127: Invalid character.
src/services/firebaseService.ts(1,7445): error TS1127: Invalid character.
src/services/firebaseService.ts(1,7446): error TS1127: Invalid character.
src/services/firebaseService.ts(1,7447): error TS1127: Invalid character.
src/services/firebaseService.ts(1,7448): error TS1127: Invalid character.
src/services/firebaseService.ts(1,7449): error TS1127: Invalid character.
src/services/firebaseService.ts(1,7450): error TS1127: Invalid character.
src/services/firebaseService.ts(1,7451): error TS1127: Invalid character.
src/services/firebaseService.ts(1,7452): error TS1127: Invalid character.
src/services/firebaseService.ts(1,7453): error TS1127: Invalid character.
src/services/firebaseService.ts(1,7454): error TS1127: Invalid character.
src/services/firebaseService.ts(1,7455): error TS1127: Invalid character.
src/services/firebaseService.ts(1,7456): error TS1127: Invalid character.
src/services/firebaseService.ts(1,7457): error TS1127: Invalid character.
src/services/firebaseService.ts(1,7458): error TS1127: Invalid character.
src/services/firebaseService.ts(1,7459): error TS1127: Invalid character.
src/services/firebaseService.ts(1,7460): error TS1127: Invalid character.
src/services/firebaseService.ts(1,7461): error TS1127: Invalid character.
src/services/firebaseService.ts(1,7462): error TS1127: Invalid character.
src/services/firebaseService.ts(1,7463): error TS1127: Invalid character.
src/services/firebaseService.ts(1,7464): error TS1127: Invalid character.
src/services/firebaseService.ts(1,7465): error TS1127: Invalid character.
src/services/firebaseService.ts(1,7466): error TS1127: Invalid character.
src/services/firebaseService.ts(1,7467): error TS1127: Invalid character.
src/services/firebaseService.ts(1,7468): error TS1127: Invalid character.
src/services/firebaseService.ts(1,7469): error TS1127: Invalid character.
src/services/firebaseService.ts(1,7470): error TS1127: Invalid character.
src/services/firebaseService.ts(1,7471): error TS1127: Invalid character.
src/services/firebaseService.ts(1,7472): error TS1127: Invalid character.
src/services/firebaseService.ts(1,7473): error TS1127: Invalid character.
src/services/firebaseService.ts(1,7474): error TS1127: Invalid character.
src/services/firebaseService.ts(1,7475): error TS1127: Invalid character.
src/services/firebaseService.ts(1,7476): error TS1127: Invalid character.
src/services/firebaseService.ts(1,7477): error TS1127: Invalid character.
src/services/firebaseService.ts(1,7478): error TS1127: Invalid character.
src/services/firebaseService.ts(1,7479): error TS1127: Invalid character.
src/services/firebaseService.ts(1,7480): error TS1127: Invalid character.
src/services/firebaseService.ts(1,7481): error TS1127: Invalid character.
src/services/firebaseService.ts(1,7482): error TS1127: Invalid character.
src/services/firebaseService.ts(1,7483): error TS1127: Invalid character.
src/services/firebaseService.ts(1,7484): error TS1127: Invalid character.
src/services/firebaseService.ts(1,7485): error TS1127: Invalid character.
src/services/firebaseService.ts(1,7486): error TS1127: Invalid character.
src/services/firebaseService.ts(1,7487): error TS1127: Invalid character.
src/services/firebaseService.ts(1,7488): error TS1127: Invalid character.
src/services/firebaseService.ts(1,7489): error TS1127: Invalid character.
src/services/firebaseService.ts(1,7490): error TS1127: Invalid character.
src/services/firebaseService.ts(1,7491): error TS1127: Invalid character.
src/services/firebaseService.ts(1,7492): error TS1127: Invalid character.
src/services/firebaseService.ts(1,7493): error TS1127: Invalid character.
src/services/firebaseService.ts(1,7494): error TS1127: Invalid character.
src/services/firebaseService.ts(1,7495): error TS1127: Invalid character.
src/services/firebaseService.ts(1,7496): error TS1127: Invalid character.
src/services/firebaseService.ts(1,7497): error TS1127: Invalid character.
src/services/firebaseService.ts(1,7498): error TS1127: Invalid character.
src/services/firebaseService.ts(1,7499): error TS1127: Invalid character.
src/services/firebaseService.ts(1,7500): error TS1127: Invalid character.
src/services/firebaseService.ts(1,7501): error TS1127: Invalid character.
src/services/firebaseService.ts(1,7502): error TS1127: Invalid character.
src/services/firebaseService.ts(1,7503): error TS1127: Invalid character.
src/services/firebaseService.ts(1,7504): error TS1127: Invalid character.
src/services/firebaseService.ts(1,7505): error TS1127: Invalid character.
src/services/firebaseService.ts(1,7506): error TS1127: Invalid character.
src/services/firebaseService.ts(1,7507): error TS1127: Invalid character.
src/services/firebaseService.ts(1,7508): error TS1127: Invalid character.
src/services/firebaseService.ts(1,7509): error TS1127: Invalid character.
src/services/firebaseService.ts(1,7510): error TS1127: Invalid character.
src/services/firebaseService.ts(1,7511): error TS1127: Invalid character.
src/services/firebaseService.ts(1,7512): error TS1127: Invalid character.
src/services/firebaseService.ts(1,7513): error TS1127: Invalid character.
src/services/firebaseService.ts(1,7514): error TS1127: Invalid character.
src/services/firebaseService.ts(1,7515): error TS1127: Invalid character.
src/services/firebaseService.ts(1,7516): error TS1127: Invalid character.
src/services/firebaseService.ts(1,7517): error TS1127: Invalid character.
src/services/firebaseService.ts(1,7518): error TS1127: Invalid character.
src/services/firebaseService.ts(1,7519): error TS1127: Invalid character.
src/services/firebaseService.ts(1,7520): error TS1127: Invalid character.
src/services/firebaseService.ts(1,7521): error TS1127: Invalid character.
src/services/firebaseService.ts(1,7522): error TS1127: Invalid character.
src/services/firebaseService.ts(1,7523): error TS1127: Invalid character.
src/services/firebaseService.ts(1,7524): error TS1127: Invalid character.
src/services/firebaseService.ts(1,7525): error TS1127: Invalid character.
src/services/firebaseService.ts(1,7526): error TS1127: Invalid character.
src/services/firebaseService.ts(1,7527): error TS1127: Invalid character.
src/services/firebaseService.ts(1,7528): error TS1127: Invalid character.
src/services/firebaseService.ts(1,7529): error TS1127: Invalid character.
src/services/firebaseService.ts(1,7530): error TS1127: Invalid character.
src/services/firebaseService.ts(1,7531): error TS1127: Invalid character.
src/services/firebaseService.ts(1,7532): error TS1127: Invalid character.
src/services/firebaseService.ts(1,7533): error TS1127: Invalid character.
src/services/firebaseService.ts(1,7534): error TS1127: Invalid character.
src/services/firebaseService.ts(1,7535): error TS1127: Invalid character.
src/services/firebaseService.ts(1,7536): error TS1127: Invalid character.
src/services/firebaseService.ts(1,7537): error TS1127: Invalid character.
src/services/firebaseService.ts(1,7538): error TS1127: Invalid character.
src/services/firebaseService.ts(1,7539): error TS1127: Invalid character.
src/services/firebaseService.ts(1,7540): error TS1127: Invalid character.
src/services/firebaseService.ts(1,7541): error TS1127: Invalid character.
src/services/firebaseService.ts(1,7542): error TS1127: Invalid character.
src/services/firebaseService.ts(1,7543): error TS1127: Invalid character.
src/services/firebaseService.ts(1,7544): error TS1127: Invalid character.
src/services/firebaseService.ts(1,7545): error TS1127: Invalid character.
src/services/firebaseService.ts(1,7546): error TS1127: Invalid character.
src/services/firebaseService.ts(1,7547): error TS1127: Invalid character.
src/services/firebaseService.ts(1,7548): error TS1127: Invalid character.
src/services/firebaseService.ts(1,7549): error TS1127: Invalid character.
src/services/firebaseService.ts(1,7550): error TS1127: Invalid character.
src/services/firebaseService.ts(1,7551): error TS1127: Invalid character.
src/services/firebaseService.ts(1,7552): error TS1127: Invalid character.
src/services/firebaseService.ts(1,7553): error TS1127: Invalid character.
src/services/firebaseService.ts(1,7554): error TS1127: Invalid character.
src/services/firebaseService.ts(1,7555): error TS1127: Invalid character.
src/services/firebaseService.ts(1,7556): error TS1127: Invalid character.
src/services/firebaseService.ts(1,7557): error TS1127: Invalid character.
src/services/firebaseService.ts(1,7558): error TS1127: Invalid character.
src/services/firebaseService.ts(1,7559): error TS1127: Invalid character.
src/services/firebaseService.ts(1,7560): error TS1127: Invalid character.
src/services/firebaseService.ts(1,7561): error TS1127: Invalid character.
src/services/firebaseService.ts(1,7562): error TS1127: Invalid character.
src/services/firebaseService.ts(1,7563): error TS1127: Invalid character.
src/services/firebaseService.ts(1,7564): error TS1127: Invalid character.
src/services/firebaseService.ts(1,7565): error TS1127: Invalid character.
src/services/firebaseService.ts(1,7566): error TS1127: Invalid character.
src/services/firebaseService.ts(1,7567): error TS1127: Invalid character.
src/services/firebaseService.ts(1,7568): error TS1127: Invalid character.
src/services/firebaseService.ts(1,7569): error TS1127: Invalid character.
src/services/firebaseService.ts(1,7570): error TS1127: Invalid character.
src/services/firebaseService.ts(1,7571): error TS1127: Invalid character.
src/services/firebaseService.ts(1,7572): error TS1127: Invalid character.
src/services/firebaseService.ts(1,7573): error TS1127: Invalid character.
src/services/firebaseService.ts(1,7574): error TS1127: Invalid character.
src/services/firebaseService.ts(1,7575): error TS1127: Invalid character.
src/services/firebaseService.ts(1,7576): error TS1127: Invalid character.
src/services/firebaseService.ts(1,7577): error TS1127: Invalid character.
src/services/firebaseService.ts(1,7578): error TS1127: Invalid character.
src/services/firebaseService.ts(1,7579): error TS1127: Invalid character.
src/services/firebaseService.ts(1,7580): error TS1127: Invalid character.
src/services/firebaseService.ts(1,7581): error TS1127: Invalid character.
src/services/firebaseService.ts(1,7582): error TS1127: Invalid character.
src/services/firebaseService.ts(1,7583): error TS1127: Invalid character.
src/services/firebaseService.ts(1,7584): error TS1127: Invalid character.
src/services/firebaseService.ts(1,7585): error TS1127: Invalid character.
src/services/firebaseService.ts(1,7586): error TS1127: Invalid character.
src/services/firebaseService.ts(1,7587): error TS1127: Invalid character.
src/services/firebaseService.ts(1,7588): error TS1127: Invalid character.
src/services/firebaseService.ts(1,7589): error TS1127: Invalid character.
src/services/firebaseService.ts(1,7590): error TS1127: Invalid character.
src/services/firebaseService.ts(1,7591): error TS1127: Invalid character.
src/services/firebaseService.ts(1,7592): error TS1127: Invalid character.
src/services/firebaseService.ts(1,7593): error TS1127: Invalid character.
src/services/firebaseService.ts(1,7594): error TS1127: Invalid character.
src/services/firebaseService.ts(1,7595): error TS1127: Invalid character.
src/services/firebaseService.ts(1,7596): error TS1127: Invalid character.
src/services/firebaseService.ts(1,7597): error TS1127: Invalid character.
src/services/firebaseService.ts(1,7598): error TS1127: Invalid character.
src/services/firebaseService.ts(1,7599): error TS1127: Invalid character.
src/services/firebaseService.ts(1,7600): error TS1127: Invalid character.
src/services/firebaseService.ts(1,7601): error TS1127: Invalid character.
src/services/firebaseService.ts(1,7602): error TS1127: Invalid character.
src/services/firebaseService.ts(1,7603): error TS1127: Invalid character.
src/services/firebaseService.ts(1,7604): error TS1127: Invalid character.
src/services/firebaseService.ts(1,7605): error TS1127: Invalid character.
src/services/firebaseService.ts(1,7606): error TS1127: Invalid character.
src/services/firebaseService.ts(1,7607): error TS1127: Invalid character.
src/services/firebaseService.ts(1,7608): error TS1127: Invalid character.
src/services/firebaseService.ts(1,7609): error TS1127: Invalid character.
src/services/firebaseService.ts(1,7610): error TS1127: Invalid character.
src/services/firebaseService.ts(1,7611): error TS1127: Invalid character.
src/services/firebaseService.ts(1,7612): error TS1127: Invalid character.
src/services/firebaseService.ts(1,7613): error TS1127: Invalid character.
src/services/firebaseService.ts(1,7614): error TS1127: Invalid character.
src/services/firebaseService.ts(1,7615): error TS1127: Invalid character.
src/services/firebaseService.ts(1,7616): error TS1127: Invalid character.
src/services/firebaseService.ts(1,7617): error TS1127: Invalid character.
src/services/firebaseService.ts(1,7618): error TS1127: Invalid character.
src/services/firebaseService.ts(1,7619): error TS1127: Invalid character.
src/services/firebaseService.ts(1,7620): error TS1127: Invalid character.
src/services/firebaseService.ts(1,7621): error TS1127: Invalid character.
src/services/firebaseService.ts(1,7622): error TS1127: Invalid character.
src/services/firebaseService.ts(1,7623): error TS1127: Invalid character.
src/services/firebaseService.ts(1,7624): error TS1127: Invalid character.
src/services/firebaseService.ts(1,7625): error TS1127: Invalid character.
src/services/firebaseService.ts(1,7626): error TS1127: Invalid character.
src/services/firebaseService.ts(1,7627): error TS1127: Invalid character.
src/services/firebaseService.ts(1,7628): error TS1127: Invalid character.
src/services/firebaseService.ts(1,7629): error TS1127: Invalid character.
src/services/firebaseService.ts(1,7630): error TS1127: Invalid character.
src/services/firebaseService.ts(1,7631): error TS1127: Invalid character.
src/services/firebaseService.ts(1,7632): error TS1127: Invalid character.
src/services/firebaseService.ts(1,7633): error TS1127: Invalid character.
src/services/firebaseService.ts(1,7634): error TS1127: Invalid character.
src/services/firebaseService.ts(1,7635): error TS1127: Invalid character.
src/services/firebaseService.ts(1,7636): error TS1127: Invalid character.
src/services/firebaseService.ts(1,7637): error TS1127: Invalid character.
src/services/firebaseService.ts(1,7638): error TS1127: Invalid character.
src/services/firebaseService.ts(1,7639): error TS1127: Invalid character.
src/services/firebaseService.ts(1,7640): error TS1127: Invalid character.
src/services/firebaseService.ts(1,7641): error TS1127: Invalid character.
src/services/firebaseService.ts(1,7642): error TS1127: Invalid character.
src/services/firebaseService.ts(1,7643): error TS1127: Invalid character.
src/services/firebaseService.ts(1,7644): error TS1127: Invalid character.
src/services/firebaseService.ts(1,7645): error TS1127: Invalid character.
src/services/firebaseService.ts(1,7646): error TS1127: Invalid character.
src/services/firebaseService.ts(1,7647): error TS1127: Invalid character.
src/services/firebaseService.ts(1,7648): error TS1127: Invalid character.
src/services/firebaseService.ts(1,7649): error TS1127: Invalid character.
src/services/firebaseService.ts(1,7650): error TS1127: Invalid character.
src/services/firebaseService.ts(1,7651): error TS1127: Invalid character.
src/services/firebaseService.ts(1,7652): error TS1127: Invalid character.
src/services/firebaseService.ts(1,7653): error TS1127: Invalid character.
src/services/firebaseService.ts(1,7654): error TS1127: Invalid character.
src/services/firebaseService.ts(1,7655): error TS1127: Invalid character.
src/services/firebaseService.ts(1,7656): error TS1127: Invalid character.
src/services/firebaseService.ts(1,7657): error TS1127: Invalid character.
src/services/firebaseService.ts(1,7658): error TS1127: Invalid character.
src/services/firebaseService.ts(1,7659): error TS1127: Invalid character.
src/services/firebaseService.ts(1,7660): error TS1127: Invalid character.
src/services/firebaseService.ts(1,7661): error TS1127: Invalid character.
src/services/firebaseService.ts(1,7662): error TS1127: Invalid character.
src/services/firebaseService.ts(1,7663): error TS1127: Invalid character.
src/services/firebaseService.ts(1,7664): error TS1127: Invalid character.
src/services/firebaseService.ts(1,7665): error TS1127: Invalid character.
src/services/firebaseService.ts(1,7666): error TS1127: Invalid character.
src/services/firebaseService.ts(1,7667): error TS1127: Invalid character.
src/services/firebaseService.ts(1,7668): error TS1127: Invalid character.
src/services/firebaseService.ts(1,7669): error TS1127: Invalid character.
src/services/firebaseService.ts(1,7670): error TS1127: Invalid character.
src/services/firebaseService.ts(1,7671): error TS1127: Invalid character.
src/services/firebaseService.ts(1,7672): error TS1127: Invalid character.
src/services/firebaseService.ts(1,7673): error TS1127: Invalid character.
src/services/firebaseService.ts(1,7674): error TS1127: Invalid character.
src/services/firebaseService.ts(1,7675): error TS1127: Invalid character.
src/services/firebaseService.ts(1,7676): error TS1127: Invalid character.
src/services/firebaseService.ts(1,7677): error TS1127: Invalid character.
src/services/firebaseService.ts(1,7678): error TS1127: Invalid character.
src/services/firebaseService.ts(1,7679): error TS1127: Invalid character.
src/services/firebaseService.ts(1,7680): error TS1127: Invalid character.
src/services/firebaseService.ts(1,7681): error TS1127: Invalid character.
src/services/firebaseService.ts(1,7682): error TS1127: Invalid character.
src/services/firebaseService.ts(1,7683): error TS1127: Invalid character.
src/services/firebaseService.ts(1,7684): error TS1127: Invalid character.
src/services/firebaseService.ts(1,7685): error TS1127: Invalid character.
src/services/firebaseService.ts(1,7686): error TS1127: Invalid character.
src/services/firebaseService.ts(1,7687): error TS1127: Invalid character.
src/services/firebaseService.ts(1,7688): error TS1127: Invalid character.
src/services/firebaseService.ts(1,7689): error TS1127: Invalid character.
src/services/firebaseService.ts(1,7690): error TS1127: Invalid character.
src/services/firebaseService.ts(1,7691): error TS1127: Invalid character.
src/services/firebaseService.ts(1,7692): error TS1127: Invalid character.
src/services/firebaseService.ts(1,7693): error TS1127: Invalid character.
src/services/firebaseService.ts(1,7694): error TS1127: Invalid character.
src/services/firebaseService.ts(1,7695): error TS1127: Invalid character.
src/services/firebaseService.ts(1,7696): error TS1127: Invalid character.
src/services/firebaseService.ts(1,7697): error TS1127: Invalid character.
src/services/firebaseService.ts(1,7698): error TS1127: Invalid character.
src/services/firebaseService.ts(1,7699): error TS1127: Invalid character.
src/services/firebaseService.ts(1,7700): error TS1127: Invalid character.
src/services/firebaseService.ts(1,7701): error TS1127: Invalid character.
src/services/firebaseService.ts(1,7702): error TS1127: Invalid character.
src/services/firebaseService.ts(1,7703): error TS1127: Invalid character.
src/services/firebaseService.ts(1,7704): error TS1127: Invalid character.
src/services/firebaseService.ts(1,7705): error TS1127: Invalid character.
src/services/firebaseService.ts(1,7706): error TS1127: Invalid character.
src/services/firebaseService.ts(1,7707): error TS1127: Invalid character.
src/services/firebaseService.ts(1,7708): error TS1127: Invalid character.
src/services/firebaseService.ts(1,7709): error TS1127: Invalid character.
src/services/firebaseService.ts(1,7710): error TS1127: Invalid character.
src/services/firebaseService.ts(1,7711): error TS1127: Invalid character.
src/services/firebaseService.ts(1,7712): error TS1127: Invalid character.
src/services/firebaseService.ts(1,7713): error TS1127: Invalid character.
src/services/firebaseService.ts(1,7714): error TS1127: Invalid character.
src/services/firebaseService.ts(1,7715): error TS1127: Invalid character.
src/services/firebaseService.ts(1,7716): error TS1127: Invalid character.
src/services/firebaseService.ts(1,7717): error TS1127: Invalid character.
src/services/firebaseService.ts(1,7718): error TS1127: Invalid character.
src/services/firebaseService.ts(1,7719): error TS1127: Invalid character.
src/services/firebaseService.ts(1,7720): error TS1127: Invalid character.
src/services/firebaseService.ts(1,7721): error TS1127: Invalid character.
src/services/firebaseService.ts(1,7722): error TS1127: Invalid character.
src/services/firebaseService.ts(1,7723): error TS1127: Invalid character.
src/services/firebaseService.ts(1,7724): error TS1127: Invalid character.
src/services/firebaseService.ts(1,7725): error TS1127: Invalid character.
src/services/firebaseService.ts(1,7726): error TS1127: Invalid character.
src/services/firebaseService.ts(1,7727): error TS1127: Invalid character.
src/services/firebaseService.ts(1,7728): error TS1127: Invalid character.
src/services/firebaseService.ts(1,7729): error TS1127: Invalid character.
src/services/firebaseService.ts(1,7730): error TS1127: Invalid character.
src/services/firebaseService.ts(1,7731): error TS1127: Invalid character.
src/services/firebaseService.ts(1,7732): error TS1127: Invalid character.
src/services/firebaseService.ts(1,7733): error TS1127: Invalid character.
src/services/firebaseService.ts(1,7734): error TS1127: Invalid character.
src/services/firebaseService.ts(1,7735): error TS1127: Invalid character.
src/services/firebaseService.ts(1,7736): error TS1127: Invalid character.
src/services/firebaseService.ts(1,7737): error TS1127: Invalid character.
src/services/firebaseService.ts(1,7738): error TS1127: Invalid character.
src/services/firebaseService.ts(1,7739): error TS1127: Invalid character.
src/services/firebaseService.ts(1,7740): error TS1127: Invalid character.
src/services/firebaseService.ts(1,7741): error TS1127: Invalid character.
src/services/firebaseService.ts(1,7742): error TS1127: Invalid character.
src/services/firebaseService.ts(1,7743): error TS1127: Invalid character.
src/services/firebaseService.ts(1,7744): error TS1127: Invalid character.
src/services/firebaseService.ts(1,7745): error TS1127: Invalid character.
src/services/firebaseService.ts(1,7746): error TS1127: Invalid character.
src/services/firebaseService.ts(1,7747): error TS1127: Invalid character.
src/services/firebaseService.ts(1,7748): error TS1127: Invalid character.
src/services/firebaseService.ts(1,7749): error TS1127: Invalid character.
src/services/firebaseService.ts(1,7750): error TS1127: Invalid character.
src/services/firebaseService.ts(1,7751): error TS1127: Invalid character.
src/services/firebaseService.ts(1,7752): error TS1127: Invalid character.
src/services/firebaseService.ts(1,7753): error TS1127: Invalid character.
src/services/firebaseService.ts(1,7754): error TS1127: Invalid character.
src/services/firebaseService.ts(1,7755): error TS1127: Invalid character.
src/services/firebaseService.ts(1,7756): error TS1127: Invalid character.
src/services/firebaseService.ts(1,7757): error TS1127: Invalid character.
src/services/firebaseService.ts(1,7758): error TS1127: Invalid character.
src/services/firebaseService.ts(1,7759): error TS1127: Invalid character.
src/services/firebaseService.ts(1,7760): error TS1127: Invalid character.
src/services/firebaseService.ts(1,7761): error TS1127: Invalid character.
src/services/firebaseService.ts(1,7762): error TS1127: Invalid character.
src/services/firebaseService.ts(1,7763): error TS1127: Invalid character.
src/services/firebaseService.ts(1,7764): error TS1127: Invalid character.
src/services/firebaseService.ts(1,7765): error TS1127: Invalid character.
src/services/firebaseService.ts(1,7766): error TS1127: Invalid character.
src/services/firebaseService.ts(1,7767): error TS1127: Invalid character.
src/services/firebaseService.ts(1,7768): error TS1127: Invalid character.
src/services/firebaseService.ts(1,7769): error TS1127: Invalid character.
src/services/firebaseService.ts(1,7770): error TS1127: Invalid character.
src/services/firebaseService.ts(1,7771): error TS1127: Invalid character.
src/services/firebaseService.ts(1,7772): error TS1127: Invalid character.
src/services/firebaseService.ts(1,7773): error TS1127: Invalid character.
src/services/firebaseService.ts(1,7774): error TS1127: Invalid character.
src/services/firebaseService.ts(1,7775): error TS1127: Invalid character.
src/services/firebaseService.ts(1,7776): error TS1127: Invalid character.
src/services/firebaseService.ts(1,7777): error TS1127: Invalid character.
src/services/firebaseService.ts(1,7778): error TS1127: Invalid character.
src/services/firebaseService.ts(1,7779): error TS1127: Invalid character.
src/services/firebaseService.ts(1,7780): error TS1127: Invalid character.
src/services/firebaseService.ts(1,7781): error TS1127: Invalid character.
src/services/firebaseService.ts(1,7782): error TS1127: Invalid character.
src/services/firebaseService.ts(1,7783): error TS1127: Invalid character.
src/services/firebaseService.ts(1,7784): error TS1127: Invalid character.
src/services/firebaseService.ts(1,7785): error TS1127: Invalid character.
src/services/firebaseService.ts(1,7786): error TS1127: Invalid character.
src/services/firebaseService.ts(1,7787): error TS1127: Invalid character.
src/services/firebaseService.ts(1,7788): error TS1127: Invalid character.
src/services/firebaseService.ts(1,7789): error TS1127: Invalid character.
src/services/firebaseService.ts(1,7790): error TS1127: Invalid character.
src/services/firebaseService.ts(1,7791): error TS1127: Invalid character.
src/services/firebaseService.ts(1,7792): error TS1127: Invalid character.
src/services/firebaseService.ts(1,7793): error TS1127: Invalid character.
src/services/firebaseService.ts(1,7794): error TS1127: Invalid character.
src/services/firebaseService.ts(1,7795): error TS1127: Invalid character.
src/services/firebaseService.ts(1,7796): error TS1127: Invalid character.
src/services/firebaseService.ts(1,7797): error TS1127: Invalid character.
src/services/firebaseService.ts(1,7798): error TS1127: Invalid character.
src/services/firebaseService.ts(1,7799): error TS1127: Invalid character.
src/services/firebaseService.ts(1,7800): error TS1127: Invalid character.
src/services/firebaseService.ts(1,7801): error TS1127: Invalid character.
src/services/firebaseService.ts(1,7802): error TS1127: Invalid character.
src/services/firebaseService.ts(1,7803): error TS1127: Invalid character.
src/services/firebaseService.ts(1,7804): error TS1127: Invalid character.
src/services/firebaseService.ts(1,7805): error TS1127: Invalid character.
src/services/firebaseService.ts(1,7806): error TS1127: Invalid character.
src/services/firebaseService.ts(1,7807): error TS1127: Invalid character.
src/services/firebaseService.ts(1,7808): error TS1127: Invalid character.
src/services/firebaseService.ts(1,7809): error TS1127: Invalid character.
src/services/firebaseService.ts(1,7810): error TS1127: Invalid character.
src/services/firebaseService.ts(1,7811): error TS1127: Invalid character.
src/services/firebaseService.ts(1,7812): error TS1127: Invalid character.
src/services/firebaseService.ts(1,7813): error TS1127: Invalid character.
src/services/firebaseService.ts(1,7814): error TS1127: Invalid character.
src/services/firebaseService.ts(1,7815): error TS1127: Invalid character.
src/services/firebaseService.ts(1,7816): error TS1127: Invalid character.
src/services/firebaseService.ts(1,7817): error TS1127: Invalid character.
src/services/firebaseService.ts(1,7818): error TS1127: Invalid character.
src/services/firebaseService.ts(1,7819): error TS1127: Invalid character.
src/services/firebaseService.ts(1,7820): error TS1127: Invalid character.
src/services/firebaseService.ts(1,7821): error TS1127: Invalid character.
src/services/firebaseService.ts(1,7822): error TS1127: Invalid character.
src/services/firebaseService.ts(1,7823): error TS1127: Invalid character.
src/services/firebaseService.ts(1,7824): error TS1127: Invalid character.
src/services/firebaseService.ts(1,7825): error TS1127: Invalid character.
src/services/firebaseService.ts(1,7826): error TS1127: Invalid character.
src/services/firebaseService.ts(1,7827): error TS1127: Invalid character.
src/services/firebaseService.ts(1,7828): error TS1127: Invalid character.
src/services/firebaseService.ts(1,7829): error TS1127: Invalid character.
src/services/firebaseService.ts(1,7830): error TS1127: Invalid character.
src/services/firebaseService.ts(1,7831): error TS1127: Invalid character.
src/services/firebaseService.ts(1,7832): error TS1127: Invalid character.
src/services/firebaseService.ts(1,7833): error TS1127: Invalid character.
src/services/firebaseService.ts(1,7834): error TS1127: Invalid character.
src/services/firebaseService.ts(1,7835): error TS1127: Invalid character.
src/services/firebaseService.ts(1,7836): error TS1127: Invalid character.
src/services/firebaseService.ts(1,7837): error TS1127: Invalid character.
src/services/firebaseService.ts(1,7838): error TS1127: Invalid character.
src/services/firebaseService.ts(1,7839): error TS1127: Invalid character.
src/services/firebaseService.ts(1,7840): error TS1127: Invalid character.
src/services/firebaseService.ts(1,7841): error TS1127: Invalid character.
src/services/firebaseService.ts(1,7842): error TS1127: Invalid character.
src/services/firebaseService.ts(1,7843): error TS1127: Invalid character.
src/services/firebaseService.ts(1,7844): error TS1127: Invalid character.
src/services/firebaseService.ts(1,7845): error TS1127: Invalid character.
src/services/firebaseService.ts(1,7846): error TS1127: Invalid character.
src/services/firebaseService.ts(1,7847): error TS1127: Invalid character.
src/services/firebaseService.ts(1,7848): error TS1127: Invalid character.
src/services/firebaseService.ts(1,7849): error TS1127: Invalid character.
src/services/firebaseService.ts(1,7850): error TS1127: Invalid character.
src/services/firebaseService.ts(1,7851): error TS1127: Invalid character.
src/services/firebaseService.ts(1,7852): error TS1127: Invalid character.
src/services/firebaseService.ts(1,7853): error TS1127: Invalid character.
src/services/firebaseService.ts(1,7854): error TS1127: Invalid character.
src/services/firebaseService.ts(1,7855): error TS1127: Invalid character.
src/services/firebaseService.ts(1,7856): error TS1127: Invalid character.
src/services/firebaseService.ts(1,7857): error TS1127: Invalid character.
src/services/firebaseService.ts(1,7858): error TS1127: Invalid character.
src/services/firebaseService.ts(1,7859): error TS1127: Invalid character.
src/services/firebaseService.ts(1,7860): error TS1127: Invalid character.
src/services/firebaseService.ts(1,7861): error TS1127: Invalid character.
src/services/firebaseService.ts(1,7862): error TS1127: Invalid character.
src/services/firebaseService.ts(1,7863): error TS1127: Invalid character.
src/services/firebaseService.ts(1,7864): error TS1127: Invalid character.
src/services/firebaseService.ts(1,7865): error TS1127: Invalid character.
src/services/firebaseService.ts(1,7866): error TS1127: Invalid character.
src/services/firebaseService.ts(1,7867): error TS1127: Invalid character.
src/services/firebaseService.ts(1,7868): error TS1127: Invalid character.
src/services/firebaseService.ts(1,7869): error TS1127: Invalid character.
src/services/firebaseService.ts(1,7870): error TS1127: Invalid character.
src/services/firebaseService.ts(1,7871): error TS1127: Invalid character.
src/services/firebaseService.ts(1,7872): error TS1127: Invalid character.
src/services/firebaseService.ts(1,7873): error TS1127: Invalid character.
src/services/firebaseService.ts(1,7874): error TS1127: Invalid character.
src/services/firebaseService.ts(1,7875): error TS1127: Invalid character.
src/services/firebaseService.ts(1,7876): error TS1127: Invalid character.
src/services/firebaseService.ts(1,7877): error TS1127: Invalid character.
src/services/firebaseService.ts(1,7878): error TS1127: Invalid character.
src/services/firebaseService.ts(1,7879): error TS1127: Invalid character.
src/services/firebaseService.ts(1,7880): error TS1127: Invalid character.
src/services/firebaseService.ts(1,7881): error TS1127: Invalid character.
src/services/firebaseService.ts(1,7882): error TS1127: Invalid character.
src/services/firebaseService.ts(1,7883): error TS1127: Invalid character.
src/services/firebaseService.ts(1,7884): error TS1127: Invalid character.
src/services/firebaseService.ts(1,7885): error TS1127: Invalid character.
src/services/firebaseService.ts(1,7886): error TS1127: Invalid character.
src/services/firebaseService.ts(1,7887): error TS1127: Invalid character.
src/services/firebaseService.ts(1,7888): error TS1127: Invalid character.
src/services/firebaseService.ts(1,7889): error TS1127: Invalid character.
src/services/firebaseService.ts(1,7890): error TS1127: Invalid character.
src/services/firebaseService.ts(1,7891): error TS1127: Invalid character.
src/services/firebaseService.ts(1,7892): error TS1127: Invalid character.
src/services/firebaseService.ts(1,7893): error TS1127: Invalid character.
src/services/firebaseService.ts(1,7894): error TS1127: Invalid character.
src/services/firebaseService.ts(1,7895): error TS1127: Invalid character.
src/services/firebaseService.ts(1,7896): error TS1127: Invalid character.
src/services/firebaseService.ts(1,7897): error TS1127: Invalid character.
src/services/firebaseService.ts(1,7898): error TS1127: Invalid character.
src/services/firebaseService.ts(1,7899): error TS1127: Invalid character.
src/services/firebaseService.ts(1,7900): error TS1127: Invalid character.
src/services/firebaseService.ts(1,7901): error TS1127: Invalid character.
src/services/firebaseService.ts(1,7902): error TS1127: Invalid character.
src/services/firebaseService.ts(1,7903): error TS1127: Invalid character.
src/services/firebaseService.ts(1,7904): error TS1127: Invalid character.
src/services/firebaseService.ts(1,7905): error TS1127: Invalid character.
src/services/firebaseService.ts(1,7906): error TS1127: Invalid character.
src/services/firebaseService.ts(1,7907): error TS1127: Invalid character.
src/services/firebaseService.ts(1,7908): error TS1127: Invalid character.
src/services/firebaseService.ts(1,7909): error TS1127: Invalid character.
src/services/firebaseService.ts(1,7910): error TS1127: Invalid character.
src/services/firebaseService.ts(1,7911): error TS1127: Invalid character.
src/services/firebaseService.ts(1,7912): error TS1127: Invalid character.
src/services/firebaseService.ts(1,7913): error TS1127: Invalid character.
src/services/firebaseService.ts(1,7914): error TS1127: Invalid character.
src/services/firebaseService.ts(1,7915): error TS1127: Invalid character.
src/services/firebaseService.ts(1,7916): error TS1127: Invalid character.
src/services/firebaseService.ts(1,7917): error TS1127: Invalid character.
src/services/firebaseService.ts(1,7918): error TS1127: Invalid character.
src/services/firebaseService.ts(1,7919): error TS1127: Invalid character.
src/services/firebaseService.ts(1,7920): error TS1127: Invalid character.
src/services/firebaseService.ts(1,7921): error TS1127: Invalid character.
src/services/firebaseService.ts(1,7922): error TS1127: Invalid character.
src/services/firebaseService.ts(1,7923): error TS1127: Invalid character.
src/services/firebaseService.ts(1,7924): error TS1127: Invalid character.
src/services/firebaseService.ts(1,7925): error TS1127: Invalid character.
src/services/firebaseService.ts(1,7926): error TS1127: Invalid character.
src/services/firebaseService.ts(1,7927): error TS1127: Invalid character.
src/services/firebaseService.ts(1,7928): error TS1127: Invalid character.
src/services/firebaseService.ts(1,7929): error TS1127: Invalid character.
src/services/firebaseService.ts(1,7930): error TS1127: Invalid character.
src/services/firebaseService.ts(1,7931): error TS1127: Invalid character.
src/services/firebaseService.ts(1,7932): error TS1127: Invalid character.
src/services/firebaseService.ts(1,7933): error TS1127: Invalid character.
src/services/firebaseService.ts(1,7934): error TS1127: Invalid character.
src/services/firebaseService.ts(1,7935): error TS1127: Invalid character.
src/services/firebaseService.ts(1,7936): error TS1127: Invalid character.
src/services/firebaseService.ts(1,7937): error TS1127: Invalid character.
src/services/firebaseService.ts(1,7938): error TS1127: Invalid character.
src/services/firebaseService.ts(1,7939): error TS1127: Invalid character.
src/services/firebaseService.ts(1,7940): error TS1127: Invalid character.
src/services/firebaseService.ts(1,7941): error TS1127: Invalid character.
src/services/firebaseService.ts(1,7942): error TS1127: Invalid character.
src/services/firebaseService.ts(1,7943): error TS1127: Invalid character.
src/services/firebaseService.ts(1,7944): error TS1127: Invalid character.
src/services/firebaseService.ts(1,7945): error TS1127: Invalid character.
src/services/firebaseService.ts(1,7946): error TS1127: Invalid character.
src/services/firebaseService.ts(1,7947): error TS1127: Invalid character.
src/services/firebaseService.ts(1,7948): error TS1127: Invalid character.
src/services/firebaseService.ts(1,7949): error TS1127: Invalid character.
src/services/firebaseService.ts(1,7950): error TS1127: Invalid character.
src/services/firebaseService.ts(1,7951): error TS1127: Invalid character.
src/services/firebaseService.ts(1,7952): error TS1127: Invalid character.
src/services/firebaseService.ts(1,7953): error TS1127: Invalid character.
src/services/firebaseService.ts(1,7954): error TS1127: Invalid character.
src/services/firebaseService.ts(1,7955): error TS1127: Invalid character.
src/services/firebaseService.ts(1,7956): error TS1127: Invalid character.
src/services/firebaseService.ts(1,7957): error TS1127: Invalid character.
src/services/firebaseService.ts(1,7958): error TS1127: Invalid character.
src/services/firebaseService.ts(1,7959): error TS1127: Invalid character.
src/services/firebaseService.ts(1,7960): error TS1127: Invalid character.
src/services/firebaseService.ts(1,7961): error TS1127: Invalid character.
src/services/firebaseService.ts(1,7962): error TS1127: Invalid character.
src/services/firebaseService.ts(1,7963): error TS1127: Invalid character.
src/services/firebaseService.ts(1,7964): error TS1127: Invalid character.
src/services/firebaseService.ts(1,7965): error TS1127: Invalid character.
src/services/firebaseService.ts(1,7966): error TS1127: Invalid character.
src/services/firebaseService.ts(1,7967): error TS1127: Invalid character.
src/services/firebaseService.ts(1,7968): error TS1127: Invalid character.
src/services/firebaseService.ts(1,7969): error TS1127: Invalid character.
src/services/firebaseService.ts(1,7970): error TS1127: Invalid character.
src/services/firebaseService.ts(1,7971): error TS1127: Invalid character.
src/services/firebaseService.ts(1,7972): error TS1127: Invalid character.
src/services/firebaseService.ts(1,7973): error TS1127: Invalid character.
src/services/firebaseService.ts(1,7974): error TS1127: Invalid character.
src/services/firebaseService.ts(1,7975): error TS1127: Invalid character.
src/services/firebaseService.ts(1,7976): error TS1127: Invalid character.
src/services/firebaseService.ts(1,7977): error TS1127: Invalid character.
src/services/firebaseService.ts(1,7978): error TS1127: Invalid character.
src/services/firebaseService.ts(1,7979): error TS1127: Invalid character.
src/services/firebaseService.ts(1,7980): error TS1127: Invalid character.
src/services/firebaseService.ts(1,7981): error TS1127: Invalid character.
src/services/firebaseService.ts(1,7982): error TS1127: Invalid character.
src/services/firebaseService.ts(1,7983): error TS1127: Invalid character.
src/services/firebaseService.ts(1,7984): error TS1127: Invalid character.
src/services/firebaseService.ts(1,7985): error TS1127: Invalid character.
src/services/firebaseService.ts(1,7986): error TS1127: Invalid character.
src/services/firebaseService.ts(1,7987): error TS1127: Invalid character.
src/services/firebaseService.ts(1,7988): error TS1127: Invalid character.
src/services/firebaseService.ts(1,7989): error TS1127: Invalid character.
src/services/firebaseService.ts(1,7990): error TS1127: Invalid character.
src/services/firebaseService.ts(1,7991): error TS1127: Invalid character.
src/services/firebaseService.ts(1,7992): error TS1127: Invalid character.
src/services/firebaseService.ts(1,7993): error TS1127: Invalid character.
src/services/firebaseService.ts(1,7994): error TS1127: Invalid character.
src/services/firebaseService.ts(1,7995): error TS1127: Invalid character.
src/services/firebaseService.ts(1,7996): error TS1127: Invalid character.
src/services/firebaseService.ts(1,7997): error TS1127: Invalid character.
src/services/firebaseService.ts(1,7998): error TS1127: Invalid character.
src/services/firebaseService.ts(1,7999): error TS1127: Invalid character.
src/services/firebaseService.ts(1,8000): error TS1127: Invalid character.
src/services/firebaseService.ts(1,8001): error TS1127: Invalid character.
src/services/firebaseService.ts(1,8002): error TS1127: Invalid character.
src/services/firebaseService.ts(1,8003): error TS1127: Invalid character.
src/services/firebaseService.ts(1,8004): error TS1127: Invalid character.
src/services/firebaseService.ts(1,8005): error TS1127: Invalid character.
src/services/firebaseService.ts(1,8006): error TS1127: Invalid character.
src/services/firebaseService.ts(1,8007): error TS1127: Invalid character.
src/services/firebaseService.ts(1,8008): error TS1127: Invalid character.
src/services/firebaseService.ts(1,8009): error TS1127: Invalid character.
src/services/firebaseService.ts(1,8010): error TS1127: Invalid character.
src/services/firebaseService.ts(1,8011): error TS1127: Invalid character.
src/services/firebaseService.ts(1,8012): error TS1127: Invalid character.
src/services/firebaseService.ts(1,8013): error TS1127: Invalid character.
src/services/firebaseService.ts(1,8014): error TS1127: Invalid character.
src/services/firebaseService.ts(1,8015): error TS1127: Invalid character.
src/services/firebaseService.ts(1,8016): error TS1127: Invalid character.
src/services/firebaseService.ts(1,8017): error TS1127: Invalid character.
src/services/firebaseService.ts(1,8018): error TS1127: Invalid character.
src/services/firebaseService.ts(1,8019): error TS1127: Invalid character.
src/services/firebaseService.ts(1,8020): error TS1127: Invalid character.
src/services/firebaseService.ts(1,8021): error TS1127: Invalid character.
src/services/firebaseService.ts(1,8022): error TS1127: Invalid character.
src/services/firebaseService.ts(1,8023): error TS1127: Invalid character.
src/services/firebaseService.ts(1,8024): error TS1127: Invalid character.
src/services/firebaseService.ts(1,8025): error TS1127: Invalid character.
src/services/firebaseService.ts(1,8026): error TS1127: Invalid character.
src/services/firebaseService.ts(1,8027): error TS1127: Invalid character.
src/services/firebaseService.ts(1,8028): error TS1127: Invalid character.
src/services/firebaseService.ts(1,8029): error TS1127: Invalid character.
src/services/firebaseService.ts(1,8030): error TS1127: Invalid character.
src/services/firebaseService.ts(1,8031): error TS1127: Invalid character.
src/services/firebaseService.ts(1,8032): error TS1127: Invalid character.
src/services/firebaseService.ts(1,8033): error TS1127: Invalid character.
src/services/firebaseService.ts(1,8034): error TS1127: Invalid character.
src/services/firebaseService.ts(1,8035): error TS1127: Invalid character.
src/services/firebaseService.ts(1,8036): error TS1127: Invalid character.
src/services/firebaseService.ts(1,8037): error TS1127: Invalid character.
src/services/firebaseService.ts(1,8038): error TS1127: Invalid character.
src/services/firebaseService.ts(1,8039): error TS1127: Invalid character.
src/services/firebaseService.ts(1,8040): error TS1127: Invalid character.
src/services/firebaseService.ts(1,8041): error TS1127: Invalid character.
src/services/firebaseService.ts(1,8042): error TS1127: Invalid character.
src/services/firebaseService.ts(1,8043): error TS1127: Invalid character.
src/services/firebaseService.ts(1,8044): error TS1127: Invalid character.
src/services/firebaseService.ts(1,8045): error TS1127: Invalid character.
src/services/firebaseService.ts(1,8046): error TS1127: Invalid character.
src/services/firebaseService.ts(1,8047): error TS1127: Invalid character.
src/services/firebaseService.ts(1,8048): error TS1127: Invalid character.
src/services/firebaseService.ts(1,8049): error TS1127: Invalid character.
src/services/firebaseService.ts(1,8050): error TS1127: Invalid character.
src/services/firebaseService.ts(1,8051): error TS1127: Invalid character.
src/services/firebaseService.ts(1,8052): error TS1127: Invalid character.
src/services/firebaseService.ts(1,8053): error TS1127: Invalid character.
src/services/firebaseService.ts(1,8054): error TS1127: Invalid character.
src/services/firebaseService.ts(1,8055): error TS1127: Invalid character.
src/services/firebaseService.ts(1,8056): error TS1127: Invalid character.
src/services/firebaseService.ts(1,8057): error TS1127: Invalid character.
src/services/firebaseService.ts(1,8058): error TS1127: Invalid character.
src/services/firebaseService.ts(1,8059): error TS1127: Invalid character.
src/services/firebaseService.ts(1,8060): error TS1127: Invalid character.
src/services/firebaseService.ts(1,8061): error TS1127: Invalid character.
src/services/firebaseService.ts(1,8062): error TS1127: Invalid character.
src/services/firebaseService.ts(1,8063): error TS1127: Invalid character.
src/services/firebaseService.ts(1,8064): error TS1127: Invalid character.
src/services/firebaseService.ts(1,8065): error TS1127: Invalid character.
src/services/firebaseService.ts(1,8066): error TS1127: Invalid character.
src/services/firebaseService.ts(1,8067): error TS1127: Invalid character.
src/services/firebaseService.ts(1,8068): error TS1127: Invalid character.
src/services/firebaseService.ts(1,8069): error TS1127: Invalid character.
src/services/firebaseService.ts(1,8070): error TS1127: Invalid character.
src/services/firebaseService.ts(1,8071): error TS1127: Invalid character.
src/services/firebaseService.ts(1,8072): error TS1127: Invalid character.
src/services/firebaseService.ts(1,8073): error TS1127: Invalid character.
src/services/firebaseService.ts(1,8074): error TS1127: Invalid character.
src/services/firebaseService.ts(1,8075): error TS1127: Invalid character.
src/services/firebaseService.ts(1,8076): error TS1127: Invalid character.
src/services/firebaseService.ts(1,8077): error TS1127: Invalid character.
src/services/firebaseService.ts(1,8078): error TS1127: Invalid character.
src/services/firebaseService.ts(1,8079): error TS1127: Invalid character.
src/services/firebaseService.ts(1,8080): error TS1127: Invalid character.
src/services/firebaseService.ts(1,8081): error TS1127: Invalid character.
src/services/firebaseService.ts(1,8082): error TS1127: Invalid character.
src/services/firebaseService.ts(1,8083): error TS1127: Invalid character.
src/services/firebaseService.ts(1,8084): error TS1127: Invalid character.
src/services/firebaseService.ts(1,8085): error TS1127: Invalid character.
src/services/firebaseService.ts(1,8086): error TS1127: Invalid character.
src/services/firebaseService.ts(1,8087): error TS1127: Invalid character.
src/services/firebaseService.ts(1,8088): error TS1127: Invalid character.
src/services/firebaseService.ts(1,8089): error TS1127: Invalid character.
src/services/firebaseService.ts(1,8090): error TS1127: Invalid character.
src/services/firebaseService.ts(1,8091): error TS1127: Invalid character.
src/services/firebaseService.ts(1,8092): error TS1127: Invalid character.
src/services/firebaseService.ts(1,8093): error TS1127: Invalid character.
src/services/firebaseService.ts(1,8094): error TS1127: Invalid character.
src/services/firebaseService.ts(1,8095): error TS1127: Invalid character.
src/services/firebaseService.ts(1,8096): error TS1127: Invalid character.
src/services/firebaseService.ts(1,8097): error TS1127: Invalid character.
src/services/firebaseService.ts(1,8098): error TS1127: Invalid character.
src/services/firebaseService.ts(1,8099): error TS1127: Invalid character.
src/services/firebaseService.ts(1,8100): error TS1127: Invalid character.
src/services/firebaseService.ts(1,8101): error TS1127: Invalid character.
src/services/firebaseService.ts(1,8102): error TS1127: Invalid character.
src/services/firebaseService.ts(1,8103): error TS1127: Invalid character.
src/services/firebaseService.ts(1,8104): error TS1127: Invalid character.
src/services/firebaseService.ts(1,8105): error TS1127: Invalid character.
src/services/firebaseService.ts(1,8106): error TS1127: Invalid character.
src/services/firebaseService.ts(1,8107): error TS1127: Invalid character.
src/services/firebaseService.ts(1,8108): error TS1127: Invalid character.
src/services/firebaseService.ts(1,8109): error TS1127: Invalid character.
src/services/firebaseService.ts(1,8110): error TS1127: Invalid character.
src/services/firebaseService.ts(1,8111): error TS1127: Invalid character.
src/services/firebaseService.ts(1,8112): error TS1127: Invalid character.
src/services/firebaseService.ts(1,8113): error TS1127: Invalid character.
src/services/firebaseService.ts(1,8114): error TS1127: Invalid character.
src/services/firebaseService.ts(1,8115): error TS1127: Invalid character.
src/services/firebaseService.ts(1,8116): error TS1127: Invalid character.
src/services/firebaseService.ts(1,8117): error TS1127: Invalid character.
src/services/firebaseService.ts(1,8118): error TS1127: Invalid character.
src/services/firebaseService.ts(1,8119): error TS1127: Invalid character.
src/services/firebaseService.ts(1,8120): error TS1127: Invalid character.
src/services/firebaseService.ts(1,8121): error TS1127: Invalid character.
src/services/firebaseService.ts(1,8122): error TS1127: Invalid character.
src/services/firebaseService.ts(1,8123): error TS1127: Invalid character.
src/services/firebaseService.ts(1,8124): error TS1127: Invalid character.
src/services/firebaseService.ts(1,8125): error TS1127: Invalid character.
src/services/firebaseService.ts(1,8126): error TS1127: Invalid character.
src/services/firebaseService.ts(1,8127): error TS1127: Invalid character.
src/services/firebaseService.ts(1,8128): error TS1127: Invalid character.
src/services/firebaseService.ts(1,8129): error TS1127: Invalid character.
src/services/firebaseService.ts(1,8130): error TS1127: Invalid character.
src/services/firebaseService.ts(1,8131): error TS1127: Invalid character.
src/services/firebaseService.ts(1,8132): error TS1127: Invalid character.
src/services/firebaseService.ts(1,8133): error TS1127: Invalid character.
src/services/firebaseService.ts(1,8134): error TS1127: Invalid character.
src/services/firebaseService.ts(1,8135): error TS1127: Invalid character.
src/services/firebaseService.ts(1,8136): error TS1127: Invalid character.
src/services/firebaseService.ts(1,8137): error TS1127: Invalid character.
src/services/firebaseService.ts(1,8138): error TS1127: Invalid character.
src/services/firebaseService.ts(1,8139): error TS1127: Invalid character.
src/services/firebaseService.ts(1,8140): error TS1127: Invalid character.
src/services/firebaseService.ts(1,8141): error TS1127: Invalid character.
src/services/firebaseService.ts(1,8142): error TS1127: Invalid character.
src/services/firebaseService.ts(1,8143): error TS1127: Invalid character.
src/services/firebaseService.ts(1,8144): error TS1127: Invalid character.
src/services/firebaseService.ts(1,8145): error TS1127: Invalid character.
src/services/firebaseService.ts(1,8146): error TS1127: Invalid character.
src/services/firebaseService.ts(1,8147): error TS1127: Invalid character.
src/services/firebaseService.ts(1,8148): error TS1127: Invalid character.
src/services/firebaseService.ts(1,8149): error TS1127: Invalid character.
src/services/firebaseService.ts(1,8150): error TS1127: Invalid character.
src/services/firebaseService.ts(1,8151): error TS1127: Invalid character.
src/services/firebaseService.ts(1,8152): error TS1127: Invalid character.
src/services/firebaseService.ts(1,8153): error TS1127: Invalid character.
src/services/firebaseService.ts(1,8154): error TS1127: Invalid character.
src/services/firebaseService.ts(1,8155): error TS1127: Invalid character.
src/services/firebaseService.ts(1,8156): error TS1127: Invalid character.
src/services/firebaseService.ts(1,8157): error TS1127: Invalid character.
src/services/firebaseService.ts(1,8158): error TS1127: Invalid character.
src/services/firebaseService.ts(1,8159): error TS1127: Invalid character.
src/services/firebaseService.ts(1,8160): error TS1127: Invalid character.
src/services/firebaseService.ts(1,8161): error TS1127: Invalid character.
src/services/firebaseService.ts(1,8162): error TS1127: Invalid character.
src/services/firebaseService.ts(1,8163): error TS1127: Invalid character.
src/services/firebaseService.ts(1,8164): error TS1127: Invalid character.
src/services/firebaseService.ts(1,8165): error TS1127: Invalid character.
src/services/firebaseService.ts(1,8166): error TS1127: Invalid character.
src/services/firebaseService.ts(1,8167): error TS1127: Invalid character.
src/services/firebaseService.ts(1,8168): error TS1127: Invalid character.
src/services/firebaseService.ts(1,8169): error TS1127: Invalid character.
src/services/firebaseService.ts(1,8170): error TS1127: Invalid character.
src/services/firebaseService.ts(1,8171): error TS1127: Invalid character.
src/services/firebaseService.ts(1,8172): error TS1127: Invalid character.
src/services/firebaseService.ts(1,8173): error TS1127: Invalid character.
src/services/firebaseService.ts(1,8174): error TS1127: Invalid character.
src/services/firebaseService.ts(1,8175): error TS1127: Invalid character.
src/services/firebaseService.ts(1,8176): error TS1127: Invalid character.
src/services/firebaseService.ts(1,8177): error TS1127: Invalid character.
src/services/firebaseService.ts(1,8178): error TS1127: Invalid character.
src/services/firebaseService.ts(1,8179): error TS1127: Invalid character.
src/services/firebaseService.ts(1,8180): error TS1127: Invalid character.
src/services/firebaseService.ts(1,8181): error TS1127: Invalid character.
src/services/firebaseService.ts(1,8182): error TS1127: Invalid character.
src/services/firebaseService.ts(1,8183): error TS1127: Invalid character.
src/services/firebaseService.ts(1,8184): error TS1127: Invalid character.
src/services/firebaseService.ts(1,8185): error TS1127: Invalid character.
src/services/firebaseService.ts(1,8186): error TS1127: Invalid character.
src/services/firebaseService.ts(1,8187): error TS1127: Invalid character.
src/services/firebaseService.ts(1,8188): error TS1127: Invalid character.
src/services/firebaseService.ts(1,8189): error TS1127: Invalid character.
src/services/firebaseService.ts(1,8190): error TS1127: Invalid character.
src/services/firebaseService.ts(1,8191): error TS1127: Invalid character.
src/services/firebaseService.ts(1,8192): error TS1127: Invalid character.
src/services/firebaseService.ts(1,8193): error TS1127: Invalid character.
src/services/firebaseService.ts(1,8194): error TS1127: Invalid character.
src/services/firebaseService.ts(1,8195): error TS1127: Invalid character.
src/services/firebaseService.ts(1,8196): error TS1127: Invalid character.
src/services/firebaseService.ts(1,8197): error TS1127: Invalid character.
src/services/firebaseService.ts(1,8198): error TS1127: Invalid character.
src/services/firebaseService.ts(1,8199): error TS1127: Invalid character.
src/services/firebaseService.ts(1,8200): error TS1127: Invalid character.
src/services/firebaseService.ts(1,8201): error TS1127: Invalid character.
src/services/firebaseService.ts(1,8202): error TS1127: Invalid character.
src/services/firebaseService.ts(1,8203): error TS1127: Invalid character.
src/services/firebaseService.ts(1,8204): error TS1127: Invalid character.
src/services/firebaseService.ts(1,8205): error TS1127: Invalid character.
src/services/firebaseService.ts(1,8206): error TS1127: Invalid character.
src/services/firebaseService.ts(1,8207): error TS1127: Invalid character.
src/services/firebaseService.ts(1,8208): error TS1127: Invalid character.
src/services/firebaseService.ts(1,8209): error TS1127: Invalid character.
src/services/firebaseService.ts(1,8210): error TS1127: Invalid character.
src/services/firebaseService.ts(1,8211): error TS1127: Invalid character.
src/services/firebaseService.ts(1,8212): error TS1127: Invalid character.
src/services/firebaseService.ts(1,8213): error TS1127: Invalid character.
src/services/firebaseService.ts(1,8214): error TS1127: Invalid character.
src/services/firebaseService.ts(1,8215): error TS1127: Invalid character.
src/services/firebaseService.ts(1,8216): error TS1127: Invalid character.
src/services/firebaseService.ts(1,8217): error TS1127: Invalid character.
src/services/firebaseService.ts(1,8218): error TS1127: Invalid character.
src/services/firebaseService.ts(1,8219): error TS1127: Invalid character.
src/services/firebaseService.ts(1,8220): error TS1127: Invalid character.
src/services/firebaseService.ts(1,8221): error TS1127: Invalid character.
src/services/firebaseService.ts(1,8222): error TS1127: Invalid character.
src/services/firebaseService.ts(1,8223): error TS1127: Invalid character.
src/services/firebaseService.ts(1,8224): error TS1127: Invalid character.
src/services/firebaseService.ts(1,8225): error TS1127: Invalid character.
src/services/firebaseService.ts(1,8226): error TS1127: Invalid character.
src/services/firebaseService.ts(1,8227): error TS1127: Invalid character.
src/services/firebaseService.ts(1,8228): error TS1127: Invalid character.
src/services/firebaseService.ts(1,8229): error TS1127: Invalid character.
src/services/firebaseService.ts(1,8230): error TS1127: Invalid character.
src/services/firebaseService.ts(1,8231): error TS1127: Invalid character.
src/services/firebaseService.ts(1,8232): error TS1127: Invalid character.
src/services/firebaseService.ts(1,8233): error TS1127: Invalid character.
src/services/firebaseService.ts(1,8234): error TS1127: Invalid character.
src/services/firebaseService.ts(1,8235): error TS1127: Invalid character.
src/services/firebaseService.ts(1,8236): error TS1127: Invalid character.
src/services/firebaseService.ts(1,8237): error TS1127: Invalid character.
src/services/firebaseService.ts(1,8238): error TS1127: Invalid character.
src/services/firebaseService.ts(1,8239): error TS1127: Invalid character.
src/services/firebaseService.ts(1,8240): error TS1127: Invalid character.
src/services/firebaseService.ts(1,8241): error TS1127: Invalid character.
src/services/firebaseService.ts(1,8242): error TS1127: Invalid character.
src/services/firebaseService.ts(1,8243): error TS1127: Invalid character.
src/services/firebaseService.ts(1,8244): error TS1127: Invalid character.
src/services/firebaseService.ts(1,8245): error TS1127: Invalid character.
src/services/firebaseService.ts(1,8246): error TS1127: Invalid character.
src/services/firebaseService.ts(1,8247): error TS1127: Invalid character.
src/services/firebaseService.ts(1,8248): error TS1127: Invalid character.
src/services/firebaseService.ts(1,8249): error TS1127: Invalid character.
src/services/firebaseService.ts(1,8250): error TS1127: Invalid character.
src/services/firebaseService.ts(1,8251): error TS1127: Invalid character.
src/services/firebaseService.ts(1,8252): error TS1127: Invalid character.
src/services/firebaseService.ts(1,8253): error TS1127: Invalid character.
src/services/firebaseService.ts(1,8254): error TS1127: Invalid character.
src/services/firebaseService.ts(1,8255): error TS1127: Invalid character.
src/services/firebaseService.ts(1,8256): error TS1127: Invalid character.
src/services/firebaseService.ts(1,8257): error TS1127: Invalid character.
src/services/firebaseService.ts(1,8258): error TS1127: Invalid character.
src/services/firebaseService.ts(1,8259): error TS1127: Invalid character.
src/services/firebaseService.ts(1,8260): error TS1127: Invalid character.
src/services/firebaseService.ts(1,8261): error TS1127: Invalid character.
src/services/firebaseService.ts(1,8262): error TS1127: Invalid character.
src/services/firebaseService.ts(1,8263): error TS1127: Invalid character.
src/services/firebaseService.ts(1,8264): error TS1127: Invalid character.
src/services/firebaseService.ts(1,8265): error TS1127: Invalid character.
src/services/firebaseService.ts(1,8266): error TS1127: Invalid character.
src/services/firebaseService.ts(1,8267): error TS1127: Invalid character.
src/services/firebaseService.ts(1,8268): error TS1127: Invalid character.
src/services/firebaseService.ts(1,8269): error TS1127: Invalid character.
src/services/firebaseService.ts(1,8270): error TS1127: Invalid character.
src/services/firebaseService.ts(1,8271): error TS1127: Invalid character.
src/services/firebaseService.ts(1,8272): error TS1127: Invalid character.
src/services/firebaseService.ts(1,8273): error TS1127: Invalid character.
src/services/firebaseService.ts(1,8274): error TS1127: Invalid character.
src/services/firebaseService.ts(1,8275): error TS1127: Invalid character.
src/services/firebaseService.ts(1,8276): error TS1127: Invalid character.
src/services/firebaseService.ts(1,8277): error TS1127: Invalid character.
src/services/firebaseService.ts(1,8278): error TS1127: Invalid character.
src/services/firebaseService.ts(1,8279): error TS1127: Invalid character.
src/services/firebaseService.ts(1,8280): error TS1127: Invalid character.
src/services/firebaseService.ts(1,8281): error TS1127: Invalid character.
src/services/firebaseService.ts(1,8282): error TS1127: Invalid character.
src/services/firebaseService.ts(1,8283): error TS1127: Invalid character.
src/services/firebaseService.ts(1,8284): error TS1127: Invalid character.
src/services/firebaseService.ts(1,8285): error TS1127: Invalid character.
src/services/firebaseService.ts(1,8286): error TS1127: Invalid character.
src/services/firebaseService.ts(1,8287): error TS1127: Invalid character.
src/services/firebaseService.ts(1,8288): error TS1127: Invalid character.
src/services/firebaseService.ts(1,8289): error TS1127: Invalid character.
src/services/firebaseService.ts(1,8290): error TS1127: Invalid character.
src/services/firebaseService.ts(1,8291): error TS1127: Invalid character.
src/services/firebaseService.ts(1,8292): error TS1127: Invalid character.
src/services/firebaseService.ts(1,8293): error TS1127: Invalid character.
src/services/firebaseService.ts(1,8294): error TS1127: Invalid character.
src/services/firebaseService.ts(1,8295): error TS1127: Invalid character.
src/services/firebaseService.ts(1,8296): error TS1127: Invalid character.
src/services/firebaseService.ts(1,8297): error TS1127: Invalid character.
src/services/firebaseService.ts(1,8298): error TS1127: Invalid character.
src/services/firebaseService.ts(1,8299): error TS1127: Invalid character.
src/services/firebaseService.ts(1,8300): error TS1127: Invalid character.
src/services/firebaseService.ts(1,8301): error TS1127: Invalid character.
src/services/firebaseService.ts(1,8302): error TS1127: Invalid character.
src/services/firebaseService.ts(1,8303): error TS1127: Invalid character.
src/services/firebaseService.ts(1,8304): error TS1127: Invalid character.
src/services/firebaseService.ts(1,8305): error TS1127: Invalid character.
src/services/firebaseService.ts(1,8306): error TS1127: Invalid character.
src/services/firebaseService.ts(1,8307): error TS1127: Invalid character.
src/services/firebaseService.ts(1,8308): error TS1127: Invalid character.
src/services/firebaseService.ts(1,8309): error TS1127: Invalid character.
src/services/firebaseService.ts(1,8310): error TS1127: Invalid character.
src/services/firebaseService.ts(1,8311): error TS1127: Invalid character.
src/services/firebaseService.ts(1,8312): error TS1127: Invalid character.
src/services/firebaseService.ts(1,8313): error TS1127: Invalid character.
src/services/firebaseService.ts(1,8314): error TS1127: Invalid character.
src/services/firebaseService.ts(1,8315): error TS1127: Invalid character.
src/services/firebaseService.ts(1,8316): error TS1127: Invalid character.
src/services/firebaseService.ts(1,8317): error TS1127: Invalid character.
src/services/firebaseService.ts(1,8318): error TS1127: Invalid character.
src/services/firebaseService.ts(1,8319): error TS1127: Invalid character.
src/services/firebaseService.ts(1,8320): error TS1127: Invalid character.
src/services/firebaseService.ts(1,8321): error TS1127: Invalid character.
src/services/firebaseService.ts(1,8322): error TS1127: Invalid character.
src/services/firebaseService.ts(1,8323): error TS1127: Invalid character.
src/services/firebaseService.ts(1,8324): error TS1127: Invalid character.
src/services/firebaseService.ts(1,8325): error TS1127: Invalid character.
src/services/firebaseService.ts(1,8326): error TS1127: Invalid character.
src/services/firebaseService.ts(1,8327): error TS1127: Invalid character.
src/services/firebaseService.ts(1,8328): error TS1127: Invalid character.
src/services/firebaseService.ts(1,8329): error TS1127: Invalid character.
src/services/firebaseService.ts(1,8330): error TS1127: Invalid character.
src/services/firebaseService.ts(1,8331): error TS1127: Invalid character.
src/services/firebaseService.ts(1,8332): error TS1127: Invalid character.
src/services/firebaseService.ts(1,8333): error TS1127: Invalid character.
src/services/firebaseService.ts(1,8334): error TS1127: Invalid character.
src/services/firebaseService.ts(1,8335): error TS1127: Invalid character.
src/services/firebaseService.ts(1,8336): error TS1127: Invalid character.
src/services/firebaseService.ts(1,8337): error TS1127: Invalid character.
src/services/firebaseService.ts(1,8338): error TS1127: Invalid character.
src/services/firebaseService.ts(1,8339): error TS1127: Invalid character.
src/services/firebaseService.ts(1,8340): error TS1127: Invalid character.
src/services/firebaseService.ts(1,8341): error TS1127: Invalid character.
src/services/firebaseService.ts(1,8342): error TS1127: Invalid character.
src/services/firebaseService.ts(1,8343): error TS1127: Invalid character.
src/services/firebaseService.ts(1,8344): error TS1127: Invalid character.
src/services/firebaseService.ts(1,8345): error TS1127: Invalid character.
src/services/firebaseService.ts(1,8346): error TS1127: Invalid character.
src/services/firebaseService.ts(1,8347): error TS1127: Invalid character.
src/services/firebaseService.ts(1,8348): error TS1127: Invalid character.
src/services/firebaseService.ts(1,8349): error TS1127: Invalid character.
src/services/firebaseService.ts(1,8350): error TS1127: Invalid character.
src/services/firebaseService.ts(1,8351): error TS1127: Invalid character.
src/services/firebaseService.ts(1,8352): error TS1127: Invalid character.
src/services/firebaseService.ts(1,8353): error TS1127: Invalid character.
src/services/firebaseService.ts(1,8354): error TS1127: Invalid character.
src/services/firebaseService.ts(1,8355): error TS1127: Invalid character.
src/services/firebaseService.ts(1,8356): error TS1127: Invalid character.
src/services/firebaseService.ts(1,8357): error TS1127: Invalid character.
src/services/firebaseService.ts(1,8358): error TS1127: Invalid character.
src/services/firebaseService.ts(1,8359): error TS1127: Invalid character.
src/services/firebaseService.ts(1,8360): error TS1127: Invalid character.
src/services/firebaseService.ts(1,8361): error TS1127: Invalid character.
src/services/firebaseService.ts(1,8362): error TS1127: Invalid character.
src/services/firebaseService.ts(1,8363): error TS1127: Invalid character.
src/services/firebaseService.ts(1,8364): error TS1127: Invalid character.
src/services/firebaseService.ts(1,8365): error TS1127: Invalid character.
src/services/firebaseService.ts(1,8366): error TS1127: Invalid character.
src/services/firebaseService.ts(1,8367): error TS1127: Invalid character.
src/services/firebaseService.ts(1,8368): error TS1127: Invalid character.
src/services/firebaseService.ts(1,8369): error TS1127: Invalid character.
src/services/firebaseService.ts(1,8370): error TS1127: Invalid character.
src/services/firebaseService.ts(1,8371): error TS1127: Invalid character.
src/services/firebaseService.ts(1,8372): error TS1127: Invalid character.
src/services/firebaseService.ts(1,8373): error TS1127: Invalid character.
src/services/firebaseService.ts(1,8374): error TS1127: Invalid character.
src/services/firebaseService.ts(1,8375): error TS1127: Invalid character.
src/services/firebaseService.ts(1,8376): error TS1127: Invalid character.
src/services/firebaseService.ts(1,8377): error TS1127: Invalid character.
src/services/firebaseService.ts(1,8378): error TS1127: Invalid character.
src/services/firebaseService.ts(1,8379): error TS1127: Invalid character.
src/services/firebaseService.ts(1,8380): error TS1127: Invalid character.
src/services/firebaseService.ts(1,8381): error TS1127: Invalid character.
src/services/firebaseService.ts(1,8382): error TS1127: Invalid character.
src/services/firebaseService.ts(1,8383): error TS1127: Invalid character.
src/services/firebaseService.ts(1,8384): error TS1127: Invalid character.
src/services/firebaseService.ts(1,8385): error TS1127: Invalid character.
src/services/firebaseService.ts(1,8386): error TS1127: Invalid character.
src/services/firebaseService.ts(1,8387): error TS1127: Invalid character.
src/services/firebaseService.ts(1,8388): error TS1127: Invalid character.
src/services/firebaseService.ts(1,8389): error TS1127: Invalid character.
src/services/firebaseService.ts(1,8390): error TS1127: Invalid character.
src/services/firebaseService.ts(1,8391): error TS1127: Invalid character.
src/services/firebaseService.ts(1,8392): error TS1127: Invalid character.
src/services/firebaseService.ts(1,8393): error TS1127: Invalid character.
src/services/firebaseService.ts(1,8394): error TS1127: Invalid character.
src/services/firebaseService.ts(1,8395): error TS1127: Invalid character.
src/services/firebaseService.ts(1,8396): error TS1127: Invalid character.
src/services/firebaseService.ts(1,8397): error TS1127: Invalid character.
src/services/firebaseService.ts(1,8398): error TS1127: Invalid character.
src/services/firebaseService.ts(1,8399): error TS1127: Invalid character.
src/services/firebaseService.ts(1,8400): error TS1127: Invalid character.
src/services/firebaseService.ts(1,8401): error TS1127: Invalid character.
src/services/firebaseService.ts(1,8402): error TS1127: Invalid character.
src/services/firebaseService.ts(1,8403): error TS1127: Invalid character.
src/services/firebaseService.ts(1,8404): error TS1127: Invalid character.
src/services/firebaseService.ts(1,8405): error TS1127: Invalid character.
src/services/firebaseService.ts(1,8406): error TS1127: Invalid character.
src/services/firebaseService.ts(1,8407): error TS1127: Invalid character.
src/services/firebaseService.ts(1,8408): error TS1127: Invalid character.
src/services/firebaseService.ts(1,8409): error TS1127: Invalid character.
src/services/firebaseService.ts(1,8410): error TS1127: Invalid character.
src/services/firebaseService.ts(1,8411): error TS1127: Invalid character.
src/services/firebaseService.ts(1,8412): error TS1127: Invalid character.
src/services/firebaseService.ts(1,8413): error TS1127: Invalid character.
src/services/firebaseService.ts(1,8414): error TS1127: Invalid character.
src/services/firebaseService.ts(1,8415): error TS1127: Invalid character.
src/services/firebaseService.ts(1,8416): error TS1127: Invalid character.
src/services/firebaseService.ts(1,8417): error TS1127: Invalid character.
src/services/firebaseService.ts(1,8418): error TS1127: Invalid character.
src/services/firebaseService.ts(1,8419): error TS1127: Invalid character.
src/services/firebaseService.ts(1,8420): error TS1127: Invalid character.
src/services/firebaseService.ts(1,8421): error TS1127: Invalid character.
src/services/firebaseService.ts(1,8422): error TS1127: Invalid character.
src/services/firebaseService.ts(1,8423): error TS1127: Invalid character.
src/services/firebaseService.ts(1,8424): error TS1127: Invalid character.
src/services/firebaseService.ts(1,8425): error TS1127: Invalid character.
src/services/firebaseService.ts(1,8426): error TS1127: Invalid character.
src/services/firebaseService.ts(1,8427): error TS1127: Invalid character.
src/services/firebaseService.ts(1,8428): error TS1127: Invalid character.
src/services/firebaseService.ts(1,8429): error TS1127: Invalid character.
src/services/firebaseService.ts(1,8430): error TS1127: Invalid character.
src/services/firebaseService.ts(1,8431): error TS1127: Invalid character.
src/services/firebaseService.ts(1,8432): error TS1127: Invalid character.
src/services/firebaseService.ts(1,8433): error TS1127: Invalid character.
src/services/firebaseService.ts(1,8434): error TS1127: Invalid character.
src/services/firebaseService.ts(1,8435): error TS1127: Invalid character.
src/services/firebaseService.ts(1,8436): error TS1127: Invalid character.
src/services/firebaseService.ts(1,8437): error TS1127: Invalid character.
src/services/firebaseService.ts(1,8438): error TS1127: Invalid character.
src/services/firebaseService.ts(1,8439): error TS1127: Invalid character.
src/services/firebaseService.ts(1,8440): error TS1127: Invalid character.
src/services/firebaseService.ts(1,8441): error TS1127: Invalid character.
src/services/firebaseService.ts(1,8442): error TS1127: Invalid character.
src/services/firebaseService.ts(1,8443): error TS1127: Invalid character.
src/services/firebaseService.ts(1,8444): error TS1127: Invalid character.
src/services/firebaseService.ts(1,8445): error TS1127: Invalid character.
src/services/firebaseService.ts(1,8446): error TS1127: Invalid character.
src/services/firebaseService.ts(1,8447): error TS1127: Invalid character.
src/services/firebaseService.ts(1,8448): error TS1127: Invalid character.
src/services/firebaseService.ts(1,8449): error TS1127: Invalid character.
src/services/firebaseService.ts(1,8450): error TS1127: Invalid character.
src/services/firebaseService.ts(1,8451): error TS1127: Invalid character.
src/services/firebaseService.ts(1,8452): error TS1127: Invalid character.
src/services/firebaseService.ts(1,8453): error TS1127: Invalid character.
src/services/firebaseService.ts(1,8454): error TS1127: Invalid character.
src/services/firebaseService.ts(1,8455): error TS1127: Invalid character.
src/services/firebaseService.ts(1,8456): error TS1127: Invalid character.
src/services/firebaseService.ts(1,8457): error TS1127: Invalid character.
src/services/firebaseService.ts(1,8458): error TS1127: Invalid character.
src/services/firebaseService.ts(1,8459): error TS1127: Invalid character.
src/services/firebaseService.ts(1,8460): error TS1127: Invalid character.
src/services/firebaseService.ts(1,8461): error TS1127: Invalid character.
src/services/firebaseService.ts(1,8462): error TS1127: Invalid character.
src/services/firebaseService.ts(1,8463): error TS1127: Invalid character.
src/services/firebaseService.ts(1,8464): error TS1127: Invalid character.
src/services/firebaseService.ts(1,8465): error TS1127: Invalid character.
src/services/firebaseService.ts(1,8466): error TS1127: Invalid character.
src/services/firebaseService.ts(1,8467): error TS1127: Invalid character.
src/services/firebaseService.ts(1,8468): error TS1127: Invalid character.
src/services/firebaseService.ts(1,8469): error TS1127: Invalid character.
src/services/firebaseService.ts(1,8470): error TS1127: Invalid character.
src/services/firebaseService.ts(1,8471): error TS1127: Invalid character.
src/services/firebaseService.ts(1,8472): error TS1127: Invalid character.
src/services/firebaseService.ts(1,8473): error TS1127: Invalid character.
src/services/firebaseService.ts(1,8474): error TS1127: Invalid character.
src/services/firebaseService.ts(1,8475): error TS1127: Invalid character.
src/services/firebaseService.ts(1,8476): error TS1127: Invalid character.
src/services/firebaseService.ts(1,8477): error TS1127: Invalid character.
src/services/firebaseService.ts(1,8478): error TS1127: Invalid character.
src/services/firebaseService.ts(1,8479): error TS1127: Invalid character.
src/services/firebaseService.ts(1,8480): error TS1127: Invalid character.
src/services/firebaseService.ts(1,8481): error TS1127: Invalid character.
src/services/firebaseService.ts(1,8482): error TS1127: Invalid character.
src/services/firebaseService.ts(1,8483): error TS1127: Invalid character.
src/services/firebaseService.ts(1,8484): error TS1127: Invalid character.
src/services/firebaseService.ts(1,8485): error TS1127: Invalid character.
src/services/firebaseService.ts(1,8486): error TS1127: Invalid character.
src/services/firebaseService.ts(1,8487): error TS1127: Invalid character.
src/services/firebaseService.ts(1,8488): error TS1127: Invalid character.
src/services/firebaseService.ts(1,8489): error TS1127: Invalid character.
src/services/firebaseService.ts(1,8490): error TS1127: Invalid character.
src/services/firebaseService.ts(1,8491): error TS1127: Invalid character.
src/services/firebaseService.ts(1,8492): error TS1127: Invalid character.
src/services/firebaseService.ts(1,8493): error TS1127: Invalid character.
src/services/firebaseService.ts(1,8494): error TS1127: Invalid character.
src/services/firebaseService.ts(1,8495): error TS1127: Invalid character.
src/services/firebaseService.ts(1,8496): error TS1127: Invalid character.
src/services/firebaseService.ts(1,8497): error TS1127: Invalid character.
src/services/firebaseService.ts(1,8498): error TS1127: Invalid character.
src/services/firebaseService.ts(1,8499): error TS1127: Invalid character.
src/services/firebaseService.ts(1,8500): error TS1127: Invalid character.
src/services/firebaseService.ts(1,8501): error TS1127: Invalid character.
src/services/firebaseService.ts(1,8502): error TS1127: Invalid character.
src/services/firebaseService.ts(1,8503): error TS1127: Invalid character.
src/services/firebaseService.ts(1,8504): error TS1127: Invalid character.
src/services/firebaseService.ts(1,8505): error TS1127: Invalid character.
src/services/firebaseService.ts(1,8506): error TS1127: Invalid character.
src/services/firebaseService.ts(1,8507): error TS1127: Invalid character.
src/services/firebaseService.ts(1,8508): error TS1127: Invalid character.
src/services/firebaseService.ts(1,8509): error TS1127: Invalid character.
src/services/firebaseService.ts(1,8510): error TS1127: Invalid character.
src/services/firebaseService.ts(1,8511): error TS1127: Invalid character.
src/services/firebaseService.ts(1,8512): error TS1127: Invalid character.
src/services/firebaseService.ts(1,8513): error TS1127: Invalid character.
src/services/firebaseService.ts(1,8514): error TS1127: Invalid character.
src/services/firebaseService.ts(1,8515): error TS1127: Invalid character.
src/services/firebaseService.ts(1,8516): error TS1127: Invalid character.
src/services/firebaseService.ts(1,8517): error TS1127: Invalid character.
src/services/firebaseService.ts(1,8518): error TS1127: Invalid character.
src/services/firebaseService.ts(1,8519): error TS1127: Invalid character.
src/services/firebaseService.ts(1,8520): error TS1127: Invalid character.
src/services/firebaseService.ts(1,8521): error TS1127: Invalid character.
src/services/firebaseService.ts(1,8522): error TS1127: Invalid character.
src/services/firebaseService.ts(1,8523): error TS1127: Invalid character.
src/services/firebaseService.ts(1,8524): error TS1127: Invalid character.
src/services/firebaseService.ts(1,8525): error TS1127: Invalid character.
src/services/firebaseService.ts(1,8526): error TS1127: Invalid character.
src/services/firebaseService.ts(1,8527): error TS1127: Invalid character.
src/services/firebaseService.ts(1,8528): error TS1127: Invalid character.
src/services/firebaseService.ts(1,8529): error TS1127: Invalid character.
src/services/firebaseService.ts(1,8530): error TS1127: Invalid character.
src/services/firebaseService.ts(1,8531): error TS1127: Invalid character.
src/services/firebaseService.ts(1,8532): error TS1127: Invalid character.
src/services/firebaseService.ts(1,8533): error TS1127: Invalid character.
src/services/firebaseService.ts(1,8534): error TS1127: Invalid character.
src/services/firebaseService.ts(1,8535): error TS1127: Invalid character.
src/services/firebaseService.ts(1,8536): error TS1127: Invalid character.
src/services/firebaseService.ts(1,8537): error TS1127: Invalid character.
src/services/firebaseService.ts(1,8538): error TS1127: Invalid character.
src/services/firebaseService.ts(1,8539): error TS1127: Invalid character.
src/services/firebaseService.ts(1,8540): error TS1127: Invalid character.
src/services/firebaseService.ts(1,8541): error TS1127: Invalid character.
src/services/firebaseService.ts(1,8542): error TS1127: Invalid character.
src/services/firebaseService.ts(1,8543): error TS1127: Invalid character.
src/services/firebaseService.ts(1,8544): error TS1127: Invalid character.
src/services/firebaseService.ts(1,8545): error TS1127: Invalid character.
src/services/firebaseService.ts(1,8546): error TS1127: Invalid character.
src/services/firebaseService.ts(1,8547): error TS1127: Invalid character.
src/services/firebaseService.ts(1,8548): error TS1127: Invalid character.
src/services/firebaseService.ts(1,8549): error TS1127: Invalid character.
src/services/firebaseService.ts(1,8550): error TS1127: Invalid character.
src/services/firebaseService.ts(1,8551): error TS1127: Invalid character.
src/services/firebaseService.ts(1,8552): error TS1127: Invalid character.
src/services/firebaseService.ts(1,8553): error TS1127: Invalid character.
src/services/firebaseService.ts(1,8554): error TS1127: Invalid character.
src/services/firebaseService.ts(1,8555): error TS1127: Invalid character.
src/services/firebaseService.ts(1,8556): error TS1127: Invalid character.
src/services/firebaseService.ts(1,8557): error TS1127: Invalid character.
src/services/firebaseService.ts(1,8558): error TS1127: Invalid character.
src/services/firebaseService.ts(1,8559): error TS1127: Invalid character.
src/services/firebaseService.ts(1,8560): error TS1127: Invalid character.
src/services/firebaseService.ts(1,8561): error TS1127: Invalid character.
src/services/firebaseService.ts(1,8562): error TS1127: Invalid character.
src/services/firebaseService.ts(1,8563): error TS1127: Invalid character.
src/services/firebaseService.ts(1,8564): error TS1127: Invalid character.
src/services/firebaseService.ts(1,8565): error TS1127: Invalid character.
src/services/firebaseService.ts(1,8566): error TS1127: Invalid character.
src/services/firebaseService.ts(1,8567): error TS1127: Invalid character.
src/services/firebaseService.ts(1,8568): error TS1127: Invalid character.
src/services/firebaseService.ts(1,8569): error TS1127: Invalid character.
src/services/firebaseService.ts(1,8570): error TS1127: Invalid character.
src/services/firebaseService.ts(1,8571): error TS1127: Invalid character.
src/services/firebaseService.ts(1,8572): error TS1127: Invalid character.
src/services/firebaseService.ts(1,8573): error TS1127: Invalid character.
src/services/firebaseService.ts(1,8574): error TS1127: Invalid character.
src/services/firebaseService.ts(1,8575): error TS1127: Invalid character.
src/services/firebaseService.ts(1,8576): error TS1127: Invalid character.
src/services/firebaseService.ts(1,8577): error TS1127: Invalid character.
src/services/firebaseService.ts(1,8578): error TS1127: Invalid character.
src/services/firebaseService.ts(1,8579): error TS1127: Invalid character.
src/services/firebaseService.ts(1,8580): error TS1127: Invalid character.
src/services/firebaseService.ts(1,8581): error TS1127: Invalid character.
src/services/firebaseService.ts(1,8582): error TS1127: Invalid character.
src/services/firebaseService.ts(1,8583): error TS1127: Invalid character.
src/services/firebaseService.ts(1,8584): error TS1127: Invalid character.
src/services/firebaseService.ts(1,8585): error TS1127: Invalid character.
src/services/firebaseService.ts(1,8586): error TS1127: Invalid character.
src/services/firebaseService.ts(1,8587): error TS1127: Invalid character.
src/services/firebaseService.ts(1,8588): error TS1127: Invalid character.
src/services/firebaseService.ts(1,8589): error TS1127: Invalid character.
src/services/firebaseService.ts(1,8590): error TS1127: Invalid character.
src/services/firebaseService.ts(1,8591): error TS1127: Invalid character.
src/services/firebaseService.ts(1,8592): error TS1127: Invalid character.
src/services/firebaseService.ts(1,8593): error TS1127: Invalid character.
src/services/firebaseService.ts(1,8594): error TS1127: Invalid character.
src/services/firebaseService.ts(1,8595): error TS1127: Invalid character.
src/services/firebaseService.ts(1,8596): error TS1127: Invalid character.
src/services/firebaseService.ts(1,8597): error TS1127: Invalid character.
src/services/firebaseService.ts(1,8598): error TS1127: Invalid character.
src/services/firebaseService.ts(1,8599): error TS1127: Invalid character.
src/services/firebaseService.ts(1,8600): error TS1127: Invalid character.
src/services/firebaseService.ts(1,8601): error TS1127: Invalid character.
src/services/firebaseService.ts(1,8602): error TS1127: Invalid character.
src/services/firebaseService.ts(1,8603): error TS1127: Invalid character.
src/services/firebaseService.ts(1,8604): error TS1127: Invalid character.
src/services/firebaseService.ts(1,8605): error TS1127: Invalid character.
src/services/firebaseService.ts(1,8606): error TS1127: Invalid character.
src/services/firebaseService.ts(1,8607): error TS1127: Invalid character.
src/services/firebaseService.ts(1,8608): error TS1127: Invalid character.
src/services/firebaseService.ts(1,8609): error TS1127: Invalid character.
src/services/firebaseService.ts(1,8610): error TS1127: Invalid character.
src/services/firebaseService.ts(1,8611): error TS1127: Invalid character.
src/services/firebaseService.ts(1,8612): error TS1127: Invalid character.
src/services/firebaseService.ts(1,8613): error TS1127: Invalid character.
src/services/firebaseService.ts(1,8614): error TS1127: Invalid character.
src/services/firebaseService.ts(1,8615): error TS1127: Invalid character.
src/services/firebaseService.ts(1,8616): error TS1127: Invalid character.
src/services/firebaseService.ts(1,8617): error TS1127: Invalid character.
src/services/firebaseService.ts(1,8618): error TS1127: Invalid character.
src/services/firebaseService.ts(1,8619): error TS1127: Invalid character.
src/services/firebaseService.ts(1,8620): error TS1127: Invalid character.
src/services/firebaseService.ts(1,8621): error TS1127: Invalid character.
src/services/firebaseService.ts(1,8622): error TS1127: Invalid character.
src/services/firebaseService.ts(1,8623): error TS1127: Invalid character.
src/services/firebaseService.ts(1,8624): error TS1127: Invalid character.
src/services/firebaseService.ts(1,8625): error TS1127: Invalid character.
src/services/firebaseService.ts(1,8626): error TS1127: Invalid character.
src/services/firebaseService.ts(1,8627): error TS1127: Invalid character.
src/services/firebaseService.ts(1,8628): error TS1127: Invalid character.
src/services/firebaseService.ts(1,8629): error TS1127: Invalid character.
src/services/firebaseService.ts(1,8630): error TS1127: Invalid character.
src/services/firebaseService.ts(1,8631): error TS1127: Invalid character.
src/services/firebaseService.ts(1,8632): error TS1127: Invalid character.
src/services/firebaseService.ts(1,8633): error TS1127: Invalid character.
src/services/firebaseService.ts(1,8634): error TS1127: Invalid character.
src/services/firebaseService.ts(1,8635): error TS1127: Invalid character.
src/services/firebaseService.ts(1,8636): error TS1127: Invalid character.
src/services/firebaseService.ts(1,8637): error TS1127: Invalid character.
src/services/firebaseService.ts(1,8638): error TS1127: Invalid character.
src/services/firebaseService.ts(1,8639): error TS1127: Invalid character.
src/services/firebaseService.ts(1,8640): error TS1127: Invalid character.
src/services/firebaseService.ts(1,8641): error TS1127: Invalid character.
src/services/firebaseService.ts(1,8642): error TS1127: Invalid character.
src/services/firebaseService.ts(1,8643): error TS1127: Invalid character.
src/services/firebaseService.ts(1,8644): error TS1127: Invalid character.
src/services/firebaseService.ts(1,8645): error TS1127: Invalid character.
src/services/firebaseService.ts(1,8646): error TS1127: Invalid character.
src/services/firebaseService.ts(1,8647): error TS1127: Invalid character.
src/services/firebaseService.ts(1,8648): error TS1127: Invalid character.
src/services/firebaseService.ts(1,8649): error TS1127: Invalid character.
src/services/firebaseService.ts(1,8650): error TS1127: Invalid character.
src/services/firebaseService.ts(1,8651): error TS1127: Invalid character.
src/services/firebaseService.ts(1,8652): error TS1127: Invalid character.
src/services/firebaseService.ts(1,8653): error TS1127: Invalid character.
src/services/firebaseService.ts(1,8654): error TS1127: Invalid character.
src/services/firebaseService.ts(1,8655): error TS1127: Invalid character.
src/services/firebaseService.ts(1,8656): error TS1127: Invalid character.
src/services/firebaseService.ts(1,8657): error TS1127: Invalid character.
src/services/firebaseService.ts(1,8658): error TS1127: Invalid character.
src/services/firebaseService.ts(1,8659): error TS1127: Invalid character.
src/services/firebaseService.ts(1,8660): error TS1127: Invalid character.
src/services/firebaseService.ts(1,8661): error TS1127: Invalid character.
src/services/firebaseService.ts(1,8662): error TS1127: Invalid character.
src/services/firebaseService.ts(1,8663): error TS1127: Invalid character.
src/services/firebaseService.ts(1,8664): error TS1127: Invalid character.
src/services/firebaseService.ts(1,8665): error TS1127: Invalid character.
src/services/firebaseService.ts(1,8666): error TS1127: Invalid character.
src/services/firebaseService.ts(1,8667): error TS1127: Invalid character.
src/services/firebaseService.ts(1,8668): error TS1127: Invalid character.
src/services/firebaseService.ts(1,8669): error TS1127: Invalid character.
src/services/firebaseService.ts(1,8670): error TS1127: Invalid character.
src/services/firebaseService.ts(1,8671): error TS1127: Invalid character.
src/services/firebaseService.ts(1,8672): error TS1127: Invalid character.
src/services/firebaseService.ts(1,8673): error TS1127: Invalid character.
src/services/firebaseService.ts(1,8674): error TS1127: Invalid character.
src/services/firebaseService.ts(1,8675): error TS1127: Invalid character.
src/services/firebaseService.ts(1,8676): error TS1127: Invalid character.
src/services/firebaseService.ts(1,8677): error TS1127: Invalid character.
src/services/firebaseService.ts(1,8678): error TS1127: Invalid character.
src/services/firebaseService.ts(1,8679): error TS1127: Invalid character.
src/services/firebaseService.ts(1,8680): error TS1127: Invalid character.
src/services/firebaseService.ts(1,8681): error TS1127: Invalid character.
src/services/firebaseService.ts(1,8682): error TS1127: Invalid character.
src/services/firebaseService.ts(1,8683): error TS1127: Invalid character.
src/services/firebaseService.ts(1,8684): error TS1127: Invalid character.
src/services/firebaseService.ts(1,8685): error TS1127: Invalid character.
src/services/firebaseService.ts(1,8686): error TS1127: Invalid character.
src/services/firebaseService.ts(1,8687): error TS1127: Invalid character.
src/services/firebaseService.ts(1,8688): error TS1127: Invalid character.
src/services/firebaseService.ts(1,8689): error TS1127: Invalid character.
src/services/firebaseService.ts(1,8690): error TS1127: Invalid character.
src/services/firebaseService.ts(1,8691): error TS1127: Invalid character.
src/services/firebaseService.ts(1,8692): error TS1127: Invalid character.
src/services/firebaseService.ts(1,8693): error TS1127: Invalid character.
src/services/firebaseService.ts(1,8694): error TS1127: Invalid character.
src/services/firebaseService.ts(1,8695): error TS1127: Invalid character.
src/services/firebaseService.ts(1,8696): error TS1127: Invalid character.
src/services/firebaseService.ts(1,8697): error TS1127: Invalid character.
src/services/firebaseService.ts(1,8698): error TS1127: Invalid character.
src/services/firebaseService.ts(1,8699): error TS1127: Invalid character.
src/services/firebaseService.ts(1,8700): error TS1127: Invalid character.
src/services/firebaseService.ts(1,8701): error TS1127: Invalid character.
src/services/firebaseService.ts(1,8702): error TS1127: Invalid character.
src/services/firebaseService.ts(1,8703): error TS1127: Invalid character.
src/services/firebaseService.ts(1,8704): error TS1127: Invalid character.
src/services/firebaseService.ts(1,8705): error TS1127: Invalid character.
src/services/firebaseService.ts(1,8706): error TS1127: Invalid character.
src/services/firebaseService.ts(1,8707): error TS1127: Invalid character.
src/services/firebaseService.ts(1,8708): error TS1127: Invalid character.
src/services/firebaseService.ts(1,8709): error TS1127: Invalid character.
src/services/firebaseService.ts(1,8710): error TS1127: Invalid character.
src/services/firebaseService.ts(1,8711): error TS1127: Invalid character.
src/services/firebaseService.ts(1,8712): error TS1127: Invalid character.
src/services/firebaseService.ts(1,8713): error TS1127: Invalid character.
src/services/firebaseService.ts(1,8714): error TS1127: Invalid character.
src/services/firebaseService.ts(1,8715): error TS1127: Invalid character.
src/services/firebaseService.ts(1,8716): error TS1127: Invalid character.
src/services/firebaseService.ts(1,8717): error TS1127: Invalid character.
src/services/firebaseService.ts(1,8718): error TS1127: Invalid character.
src/services/firebaseService.ts(1,8719): error TS1127: Invalid character.
src/services/firebaseService.ts(1,8720): error TS1127: Invalid character.
src/services/firebaseService.ts(1,8721): error TS1127: Invalid character.
src/services/firebaseService.ts(1,8722): error TS1127: Invalid character.
src/services/firebaseService.ts(1,8723): error TS1127: Invalid character.
src/services/firebaseService.ts(1,8724): error TS1127: Invalid character.
src/services/firebaseService.ts(1,8725): error TS1127: Invalid character.
src/services/firebaseService.ts(1,8726): error TS1127: Invalid character.
src/services/firebaseService.ts(1,8727): error TS1127: Invalid character.
src/services/firebaseService.ts(1,8728): error TS1127: Invalid character.
src/services/firebaseService.ts(1,8729): error TS1127: Invalid character.
src/services/firebaseService.ts(1,8730): error TS1127: Invalid character.
src/services/firebaseService.ts(1,8731): error TS1127: Invalid character.
src/services/firebaseService.ts(1,8732): error TS1127: Invalid character.
src/services/firebaseService.ts(1,8733): error TS1127: Invalid character.
src/services/firebaseService.ts(1,8734): error TS1127: Invalid character.
src/services/firebaseService.ts(1,8735): error TS1127: Invalid character.
src/services/firebaseService.ts(1,8736): error TS1127: Invalid character.
src/services/firebaseService.ts(1,8737): error TS1127: Invalid character.
src/services/firebaseService.ts(1,8738): error TS1127: Invalid character.
src/services/firebaseService.ts(1,8739): error TS1127: Invalid character.
src/services/firebaseService.ts(1,8740): error TS1127: Invalid character.
src/services/firebaseService.ts(1,8741): error TS1127: Invalid character.
src/services/firebaseService.ts(1,8742): error TS1127: Invalid character.
src/services/firebaseService.ts(1,8743): error TS1127: Invalid character.
src/services/firebaseService.ts(1,8744): error TS1127: Invalid character.
src/services/firebaseService.ts(1,8745): error TS1127: Invalid character.
src/services/firebaseService.ts(1,8746): error TS1127: Invalid character.
src/services/firebaseService.ts(1,8747): error TS1127: Invalid character.
src/services/firebaseService.ts(1,8748): error TS1127: Invalid character.
src/services/firebaseService.ts(1,8749): error TS1127: Invalid character.
src/services/firebaseService.ts(1,8750): error TS1127: Invalid character.
src/services/firebaseService.ts(1,8751): error TS1127: Invalid character.
src/services/firebaseService.ts(1,8752): error TS1127: Invalid character.
src/services/firebaseService.ts(1,8753): error TS1127: Invalid character.
src/services/firebaseService.ts(1,8754): error TS1127: Invalid character.
src/services/firebaseService.ts(1,8755): error TS1127: Invalid character.
src/services/firebaseService.ts(1,8756): error TS1127: Invalid character.
src/services/firebaseService.ts(1,8757): error TS1127: Invalid character.
src/services/firebaseService.ts(1,8758): error TS1127: Invalid character.
src/services/firebaseService.ts(1,8759): error TS1127: Invalid character.
src/services/firebaseService.ts(1,8760): error TS1127: Invalid character.
src/services/firebaseService.ts(1,8761): error TS1127: Invalid character.
src/services/firebaseService.ts(1,8762): error TS1127: Invalid character.
src/services/firebaseService.ts(1,8763): error TS1127: Invalid character.
src/services/firebaseService.ts(1,8764): error TS1127: Invalid character.
src/services/firebaseService.ts(1,8765): error TS1127: Invalid character.
src/services/firebaseService.ts(1,8766): error TS1127: Invalid character.
src/services/firebaseService.ts(1,8767): error TS1127: Invalid character.
src/services/firebaseService.ts(1,8768): error TS1127: Invalid character.
src/services/firebaseService.ts(1,8769): error TS1127: Invalid character.
src/services/firebaseService.ts(1,8770): error TS1127: Invalid character.
src/services/firebaseService.ts(1,8771): error TS1127: Invalid character.
src/services/firebaseService.ts(1,8772): error TS1127: Invalid character.
src/services/firebaseService.ts(1,8773): error TS1127: Invalid character.
src/services/firebaseService.ts(1,8774): error TS1127: Invalid character.
src/services/firebaseService.ts(1,8775): error TS1127: Invalid character.
src/services/firebaseService.ts(1,8776): error TS1127: Invalid character.
src/services/firebaseService.ts(1,8777): error TS1127: Invalid character.
src/services/firebaseService.ts(1,8778): error TS1127: Invalid character.
src/services/firebaseService.ts(1,8779): error TS1127: Invalid character.
src/services/firebaseService.ts(1,8780): error TS1127: Invalid character.
src/services/firebaseService.ts(1,8781): error TS1127: Invalid character.
src/services/firebaseService.ts(1,8782): error TS1127: Invalid character.
src/services/firebaseService.ts(1,8783): error TS1127: Invalid character.
src/services/firebaseService.ts(1,8784): error TS1127: Invalid character.
src/services/firebaseService.ts(1,8785): error TS1127: Invalid character.
src/services/firebaseService.ts(1,8786): error TS1127: Invalid character.
src/services/firebaseService.ts(1,8787): error TS1127: Invalid character.
src/services/firebaseService.ts(1,8788): error TS1127: Invalid character.
src/services/firebaseService.ts(1,8789): error TS1127: Invalid character.
src/services/firebaseService.ts(1,8790): error TS1127: Invalid character.
src/services/firebaseService.ts(1,8791): error TS1127: Invalid character.
src/services/firebaseService.ts(1,8792): error TS1127: Invalid character.
src/services/firebaseService.ts(1,8793): error TS1127: Invalid character.
src/services/firebaseService.ts(1,8794): error TS1127: Invalid character.
src/services/firebaseService.ts(1,8795): error TS1127: Invalid character.
src/services/firebaseService.ts(1,8796): error TS1127: Invalid character.
src/services/firebaseService.ts(1,8797): error TS1127: Invalid character.
src/services/firebaseService.ts(1,8798): error TS1127: Invalid character.
src/services/firebaseService.ts(1,8799): error TS1127: Invalid character.
src/services/firebaseService.ts(1,8800): error TS1127: Invalid character.
src/services/firebaseService.ts(1,8801): error TS1127: Invalid character.
src/services/firebaseService.ts(1,8802): error TS1127: Invalid character.
src/services/firebaseService.ts(1,8803): error TS1127: Invalid character.
src/services/firebaseService.ts(1,8804): error TS1127: Invalid character.
src/services/firebaseService.ts(1,8805): error TS1127: Invalid character.
src/services/firebaseService.ts(1,8806): error TS1127: Invalid character.
src/services/firebaseService.ts(1,8807): error TS1127: Invalid character.
src/services/firebaseService.ts(1,8808): error TS1127: Invalid character.
src/services/firebaseService.ts(1,8809): error TS1127: Invalid character.
src/services/firebaseService.ts(1,8810): error TS1127: Invalid character.
src/services/firebaseService.ts(1,8811): error TS1127: Invalid character.
src/services/firebaseService.ts(1,8812): error TS1127: Invalid character.
src/services/firebaseService.ts(1,8813): error TS1127: Invalid character.
src/services/firebaseService.ts(1,8814): error TS1127: Invalid character.
src/services/firebaseService.ts(1,8815): error TS1127: Invalid character.
src/services/firebaseService.ts(1,8816): error TS1127: Invalid character.
src/services/firebaseService.ts(1,8817): error TS1127: Invalid character.
src/services/firebaseService.ts(1,8818): error TS1127: Invalid character.
src/services/firebaseService.ts(1,8819): error TS1127: Invalid character.
src/services/firebaseService.ts(1,8820): error TS1127: Invalid character.
src/services/firebaseService.ts(1,8821): error TS1127: Invalid character.
src/services/firebaseService.ts(1,8822): error TS1127: Invalid character.
src/services/firebaseService.ts(1,8823): error TS1127: Invalid character.
src/services/firebaseService.ts(1,8824): error TS1127: Invalid character.
src/services/firebaseService.ts(1,8825): error TS1127: Invalid character.
src/services/firebaseService.ts(1,8826): error TS1127: Invalid character.
src/services/firebaseService.ts(1,8827): error TS1127: Invalid character.
src/services/firebaseService.ts(1,8828): error TS1127: Invalid character.
src/services/firebaseService.ts(1,8829): error TS1127: Invalid character.
src/services/firebaseService.ts(1,8830): error TS1127: Invalid character.
src/services/firebaseService.ts(1,8831): error TS1127: Invalid character.
src/services/firebaseService.ts(1,8832): error TS1127: Invalid character.
src/services/firebaseService.ts(1,8833): error TS1127: Invalid character.
src/services/firebaseService.ts(1,8834): error TS1127: Invalid character.
src/services/firebaseService.ts(1,8835): error TS1127: Invalid character.
src/services/firebaseService.ts(1,8836): error TS1127: Invalid character.
src/services/firebaseService.ts(1,8837): error TS1127: Invalid character.
src/services/firebaseService.ts(1,8838): error TS1127: Invalid character.
src/services/firebaseService.ts(1,8839): error TS1127: Invalid character.
src/services/firebaseService.ts(1,8840): error TS1127: Invalid character.
src/services/firebaseService.ts(1,8841): error TS1127: Invalid character.
src/services/firebaseService.ts(1,8842): error TS1127: Invalid character.
src/services/firebaseService.ts(1,8843): error TS1127: Invalid character.
src/services/firebaseService.ts(1,8844): error TS1127: Invalid character.
src/services/firebaseService.ts(1,8845): error TS1127: Invalid character.
src/services/firebaseService.ts(1,8846): error TS1127: Invalid character.
src/services/firebaseService.ts(1,8847): error TS1127: Invalid character.
src/services/firebaseService.ts(1,8848): error TS1127: Invalid character.
src/services/firebaseService.ts(1,8849): error TS1127: Invalid character.
src/services/firebaseService.ts(1,8850): error TS1127: Invalid character.
src/services/firebaseService.ts(1,8851): error TS1127: Invalid character.
src/services/firebaseService.ts(1,8852): error TS1127: Invalid character.
src/services/firebaseService.ts(1,8853): error TS1127: Invalid character.
src/services/firebaseService.ts(1,8854): error TS1127: Invalid character.
src/services/firebaseService.ts(1,8855): error TS1127: Invalid character.
src/services/firebaseService.ts(1,8856): error TS1127: Invalid character.
src/services/firebaseService.ts(1,8857): error TS1127: Invalid character.
src/services/firebaseService.ts(1,8858): error TS1127: Invalid character.
src/services/firebaseService.ts(1,8859): error TS1127: Invalid character.
src/services/firebaseService.ts(1,8860): error TS1127: Invalid character.
src/services/firebaseService.ts(1,8861): error TS1127: Invalid character.
src/services/firebaseService.ts(1,8862): error TS1127: Invalid character.
src/services/firebaseService.ts(1,8863): error TS1127: Invalid character.
src/services/firebaseService.ts(1,8864): error TS1127: Invalid character.
src/services/firebaseService.ts(1,8865): error TS1127: Invalid character.
src/services/firebaseService.ts(1,8866): error TS1127: Invalid character.
src/services/firebaseService.ts(1,8867): error TS1127: Invalid character.
src/services/firebaseService.ts(1,8868): error TS1127: Invalid character.
src/services/firebaseService.ts(1,8869): error TS1127: Invalid character.
src/services/firebaseService.ts(1,8870): error TS1127: Invalid character.
src/services/firebaseService.ts(1,8871): error TS1127: Invalid character.
src/services/firebaseService.ts(1,8872): error TS1127: Invalid character.
src/services/firebaseService.ts(1,8873): error TS1127: Invalid character.
src/services/firebaseService.ts(1,8874): error TS1127: Invalid character.
src/services/firebaseService.ts(1,8875): error TS1127: Invalid character.
src/services/firebaseService.ts(1,8876): error TS1127: Invalid character.
src/services/firebaseService.ts(1,8877): error TS1127: Invalid character.
src/services/firebaseService.ts(1,8878): error TS1127: Invalid character.
src/services/firebaseService.ts(1,8879): error TS1127: Invalid character.
src/services/firebaseService.ts(1,8880): error TS1127: Invalid character.
src/services/firebaseService.ts(1,8881): error TS1127: Invalid character.
src/services/firebaseService.ts(1,8882): error TS1127: Invalid character.
src/services/firebaseService.ts(1,8883): error TS1127: Invalid character.
src/services/firebaseService.ts(1,8884): error TS1127: Invalid character.
src/services/firebaseService.ts(1,8885): error TS1127: Invalid character.
src/services/firebaseService.ts(1,8886): error TS1127: Invalid character.
src/services/firebaseService.ts(1,8887): error TS1127: Invalid character.
src/services/firebaseService.ts(1,8888): error TS1127: Invalid character.
src/services/firebaseService.ts(1,8889): error TS1127: Invalid character.
src/services/firebaseService.ts(1,8890): error TS1127: Invalid character.
src/services/firebaseService.ts(1,8891): error TS1127: Invalid character.
src/services/firebaseService.ts(1,8892): error TS1127: Invalid character.
src/services/firebaseService.ts(1,8893): error TS1127: Invalid character.
src/services/firebaseService.ts(1,8894): error TS1127: Invalid character.
src/services/firebaseService.ts(1,8895): error TS1127: Invalid character.
src/services/firebaseService.ts(1,8896): error TS1127: Invalid character.
src/services/firebaseService.ts(1,8897): error TS1127: Invalid character.
src/services/firebaseService.ts(1,8898): error TS1127: Invalid character.
src/services/firebaseService.ts(1,8899): error TS1127: Invalid character.
src/services/firebaseService.ts(1,8900): error TS1127: Invalid character.
src/services/firebaseService.ts(1,8901): error TS1127: Invalid character.
src/services/firebaseService.ts(1,8902): error TS1127: Invalid character.
src/services/firebaseService.ts(1,8903): error TS1127: Invalid character.
src/services/firebaseService.ts(1,8904): error TS1127: Invalid character.
src/services/firebaseService.ts(1,8905): error TS1127: Invalid character.
src/services/firebaseService.ts(1,8906): error TS1127: Invalid character.
src/services/firebaseService.ts(1,8907): error TS1127: Invalid character.
src/services/firebaseService.ts(1,8908): error TS1127: Invalid character.
src/services/firebaseService.ts(1,8909): error TS1127: Invalid character.
src/services/firebaseService.ts(1,8910): error TS1127: Invalid character.
src/services/firebaseService.ts(1,8911): error TS1127: Invalid character.
src/services/firebaseService.ts(1,8912): error TS1127: Invalid character.
src/services/firebaseService.ts(1,8913): error TS1127: Invalid character.
src/services/firebaseService.ts(1,8914): error TS1127: Invalid character.
src/services/firebaseService.ts(1,8915): error TS1127: Invalid character.
src/services/firebaseService.ts(1,8916): error TS1127: Invalid character.
src/services/firebaseService.ts(1,8917): error TS1127: Invalid character.
src/services/firebaseService.ts(1,8918): error TS1127: Invalid character.
src/services/firebaseService.ts(1,8919): error TS1127: Invalid character.
src/services/firebaseService.ts(1,8920): error TS1127: Invalid character.
src/services/firebaseService.ts(1,8921): error TS1127: Invalid character.
src/services/firebaseService.ts(1,8922): error TS1127: Invalid character.
src/services/firebaseService.ts(1,8923): error TS1127: Invalid character.
src/services/firebaseService.ts(1,8924): error TS1127: Invalid character.
src/services/firebaseService.ts(1,8925): error TS1127: Invalid character.
src/services/firebaseService.ts(1,8926): error TS1127: Invalid character.
src/services/firebaseService.ts(1,8927): error TS1127: Invalid character.
src/services/firebaseService.ts(1,8928): error TS1127: Invalid character.
src/services/firebaseService.ts(1,8929): error TS1127: Invalid character.
src/services/firebaseService.ts(1,8930): error TS1127: Invalid character.
src/services/firebaseService.ts(1,8931): error TS1127: Invalid character.
src/services/firebaseService.ts(1,8932): error TS1127: Invalid character.
src/services/firebaseService.ts(1,8933): error TS1127: Invalid character.
src/services/firebaseService.ts(1,8934): error TS1127: Invalid character.
src/services/firebaseService.ts(1,8935): error TS1127: Invalid character.
src/services/firebaseService.ts(1,8936): error TS1127: Invalid character.
src/services/firebaseService.ts(1,8937): error TS1127: Invalid character.
src/services/firebaseService.ts(1,8938): error TS1127: Invalid character.
src/services/firebaseService.ts(1,8939): error TS1127: Invalid character.
src/services/firebaseService.ts(1,8940): error TS1127: Invalid character.
src/services/firebaseService.ts(1,8941): error TS1127: Invalid character.
src/services/firebaseService.ts(1,8942): error TS1127: Invalid character.
src/services/firebaseService.ts(1,8943): error TS1127: Invalid character.
src/services/firebaseService.ts(1,8944): error TS1127: Invalid character.
src/services/firebaseService.ts(1,8945): error TS1127: Invalid character.
src/services/firebaseService.ts(1,8946): error TS1127: Invalid character.
src/services/firebaseService.ts(1,8947): error TS1127: Invalid character.
src/services/firebaseService.ts(1,8948): error TS1127: Invalid character.
src/services/firebaseService.ts(1,8949): error TS1127: Invalid character.
src/services/firebaseService.ts(1,8950): error TS1127: Invalid character.
src/services/firebaseService.ts(1,8951): error TS1127: Invalid character.
src/services/firebaseService.ts(1,8952): error TS1127: Invalid character.
src/services/firebaseService.ts(1,8953): error TS1127: Invalid character.
src/services/firebaseService.ts(1,8954): error TS1127: Invalid character.
src/services/firebaseService.ts(1,8955): error TS1127: Invalid character.
src/services/firebaseService.ts(1,8956): error TS1127: Invalid character.
src/services/firebaseService.ts(1,8957): error TS1127: Invalid character.
src/services/firebaseService.ts(1,8958): error TS1127: Invalid character.
src/services/firebaseService.ts(1,8959): error TS1127: Invalid character.
src/services/firebaseService.ts(1,8960): error TS1127: Invalid character.
src/services/firebaseService.ts(1,8961): error TS1127: Invalid character.
src/services/firebaseService.ts(1,8962): error TS1127: Invalid character.
src/services/firebaseService.ts(1,8963): error TS1127: Invalid character.
src/services/firebaseService.ts(1,8964): error TS1127: Invalid character.
src/services/firebaseService.ts(1,8965): error TS1127: Invalid character.
src/services/firebaseService.ts(1,8966): error TS1127: Invalid character.
src/services/firebaseService.ts(1,8967): error TS1127: Invalid character.
src/services/firebaseService.ts(1,8968): error TS1127: Invalid character.
src/services/firebaseService.ts(1,8969): error TS1127: Invalid character.
src/services/firebaseService.ts(1,8970): error TS1127: Invalid character.
src/services/firebaseService.ts(1,8971): error TS1127: Invalid character.
src/services/firebaseService.ts(1,8972): error TS1127: Invalid character.
src/services/firebaseService.ts(1,8973): error TS1127: Invalid character.
src/services/firebaseService.ts(1,8974): error TS1127: Invalid character.
src/services/firebaseService.ts(1,8975): error TS1127: Invalid character.
src/services/firebaseService.ts(1,8976): error TS1127: Invalid character.
src/services/firebaseService.ts(1,8977): error TS1127: Invalid character.
src/services/firebaseService.ts(1,8978): error TS1127: Invalid character.
src/services/firebaseService.ts(1,8979): error TS1127: Invalid character.
src/services/firebaseService.ts(1,8980): error TS1127: Invalid character.
src/services/firebaseService.ts(1,8981): error TS1127: Invalid character.
src/services/firebaseService.ts(1,8982): error TS1127: Invalid character.
src/services/firebaseService.ts(1,8983): error TS1127: Invalid character.
src/services/firebaseService.ts(1,8984): error TS1127: Invalid character.
src/services/firebaseService.ts(1,8985): error TS1127: Invalid character.
src/services/firebaseService.ts(1,8986): error TS1127: Invalid character.
src/services/firebaseService.ts(1,8987): error TS1127: Invalid character.
src/services/firebaseService.ts(1,8988): error TS1127: Invalid character.
src/services/firebaseService.ts(1,8989): error TS1127: Invalid character.
src/services/firebaseService.ts(1,8990): error TS1127: Invalid character.
src/services/firebaseService.ts(1,8991): error TS1127: Invalid character.
src/services/firebaseService.ts(1,8992): error TS1127: Invalid character.
src/services/firebaseService.ts(1,8993): error TS1127: Invalid character.
src/services/firebaseService.ts(1,8994): error TS1127: Invalid character.
src/services/firebaseService.ts(1,8995): error TS1127: Invalid character.
src/services/firebaseService.ts(1,8996): error TS1127: Invalid character.
src/services/firebaseService.ts(1,8997): error TS1127: Invalid character.
src/services/firebaseService.ts(1,8998): error TS1127: Invalid character.
src/services/firebaseService.ts(1,8999): error TS1127: Invalid character.
src/services/firebaseService.ts(1,9000): error TS1127: Invalid character.
src/services/firebaseService.ts(1,9001): error TS1127: Invalid character.
src/services/firebaseService.ts(1,9002): error TS1127: Invalid character.
src/services/firebaseService.ts(1,9003): error TS1127: Invalid character.
src/services/firebaseService.ts(1,9004): error TS1127: Invalid character.
src/services/firebaseService.ts(1,9005): error TS1127: Invalid character.
src/services/firebaseService.ts(1,9006): error TS1127: Invalid character.
src/services/firebaseService.ts(1,9007): error TS1127: Invalid character.
src/services/firebaseService.ts(1,9008): error TS1127: Invalid character.
src/services/firebaseService.ts(1,9009): error TS1127: Invalid character.
src/services/firebaseService.ts(1,9010): error TS1127: Invalid character.
src/services/firebaseService.ts(1,9011): error TS1127: Invalid character.
src/services/firebaseService.ts(1,9012): error TS1127: Invalid character.
src/services/firebaseService.ts(1,9013): error TS1127: Invalid character.
src/services/firebaseService.ts(1,9014): error TS1127: Invalid character.
src/services/firebaseService.ts(1,9015): error TS1127: Invalid character.
src/services/firebaseService.ts(1,9016): error TS1127: Invalid character.
src/services/firebaseService.ts(1,9017): error TS1127: Invalid character.
src/services/firebaseService.ts(1,9018): error TS1127: Invalid character.
src/services/firebaseService.ts(1,9019): error TS1127: Invalid character.
src/services/firebaseService.ts(1,9020): error TS1127: Invalid character.
src/services/firebaseService.ts(1,9021): error TS1127: Invalid character.
src/services/firebaseService.ts(1,9022): error TS1127: Invalid character.
src/services/firebaseService.ts(1,9023): error TS1127: Invalid character.
src/services/firebaseService.ts(1,9024): error TS1127: Invalid character.
src/services/firebaseService.ts(1,9025): error TS1127: Invalid character.
src/services/firebaseService.ts(1,9026): error TS1127: Invalid character.
src/services/firebaseService.ts(1,9027): error TS1127: Invalid character.
src/services/firebaseService.ts(1,9028): error TS1127: Invalid character.
src/services/firebaseService.ts(1,9029): error TS1127: Invalid character.
src/services/firebaseService.ts(1,9030): error TS1127: Invalid character.
src/services/firebaseService.ts(1,9031): error TS1127: Invalid character.
src/services/firebaseService.ts(1,9032): error TS1127: Invalid character.
src/services/firebaseService.ts(1,9033): error TS1127: Invalid character.
src/services/firebaseService.ts(1,9034): error TS1127: Invalid character.
src/services/firebaseService.ts(1,9035): error TS1127: Invalid character.
src/services/firebaseService.ts(1,9036): error TS1127: Invalid character.
src/services/firebaseService.ts(1,9037): error TS1127: Invalid character.
src/services/firebaseService.ts(1,9038): error TS1127: Invalid character.
src/services/firebaseService.ts(1,9039): error TS1127: Invalid character.
src/services/firebaseService.ts(1,9040): error TS1127: Invalid character.
src/services/firebaseService.ts(1,9041): error TS1127: Invalid character.
src/services/firebaseService.ts(1,9042): error TS1127: Invalid character.
src/services/firebaseService.ts(1,9043): error TS1127: Invalid character.
src/services/firebaseService.ts(1,9044): error TS1127: Invalid character.
src/services/firebaseService.ts(1,9045): error TS1127: Invalid character.
src/services/firebaseService.ts(1,9046): error TS1127: Invalid character.
src/services/firebaseService.ts(1,9047): error TS1127: Invalid character.
src/services/firebaseService.ts(1,9048): error TS1127: Invalid character.
src/services/firebaseService.ts(1,9049): error TS1127: Invalid character.
src/services/firebaseService.ts(1,9050): error TS1127: Invalid character.
src/services/firebaseService.ts(1,9051): error TS1127: Invalid character.
src/services/firebaseService.ts(1,9052): error TS1127: Invalid character.
src/services/firebaseService.ts(1,9053): error TS1127: Invalid character.
src/services/firebaseService.ts(1,9054): error TS1127: Invalid character.
src/services/firebaseService.ts(1,9055): error TS1127: Invalid character.
src/services/firebaseService.ts(1,9056): error TS1127: Invalid character.
src/services/firebaseService.ts(1,9057): error TS1127: Invalid character.
src/services/firebaseService.ts(1,9058): error TS1127: Invalid character.
src/services/firebaseService.ts(1,9059): error TS1127: Invalid character.
src/services/firebaseService.ts(1,9060): error TS1127: Invalid character.
src/services/firebaseService.ts(1,9061): error TS1127: Invalid character.
src/services/firebaseService.ts(1,9062): error TS1127: Invalid character.
src/services/firebaseService.ts(1,9063): error TS1127: Invalid character.
src/services/firebaseService.ts(1,9064): error TS1127: Invalid character.
src/services/firebaseService.ts(1,9065): error TS1127: Invalid character.
src/services/firebaseService.ts(1,9066): error TS1127: Invalid character.
src/services/firebaseService.ts(1,9067): error TS1127: Invalid character.
src/services/firebaseService.ts(1,9068): error TS1127: Invalid character.
src/services/firebaseService.ts(1,9069): error TS1127: Invalid character.
src/services/firebaseService.ts(1,9070): error TS1127: Invalid character.
src/services/firebaseService.ts(1,9071): error TS1127: Invalid character.
src/services/firebaseService.ts(1,9072): error TS1127: Invalid character.
src/services/firebaseService.ts(1,9073): error TS1127: Invalid character.
src/services/firebaseService.ts(1,9074): error TS1127: Invalid character.
src/services/firebaseService.ts(1,9075): error TS1127: Invalid character.
src/services/firebaseService.ts(1,9076): error TS1127: Invalid character.
src/services/firebaseService.ts(1,9077): error TS1127: Invalid character.
src/services/firebaseService.ts(1,9078): error TS1127: Invalid character.
src/services/firebaseService.ts(1,9079): error TS1127: Invalid character.
src/services/firebaseService.ts(1,9080): error TS1127: Invalid character.
src/services/firebaseService.ts(1,9081): error TS1127: Invalid character.
src/services/firebaseService.ts(1,9082): error TS1127: Invalid character.
src/services/firebaseService.ts(1,9083): error TS1127: Invalid character.
src/services/firebaseService.ts(1,9084): error TS1127: Invalid character.
src/services/firebaseService.ts(1,9085): error TS1127: Invalid character.
src/services/firebaseService.ts(1,9086): error TS1127: Invalid character.
src/services/firebaseService.ts(1,9087): error TS1127: Invalid character.
src/services/firebaseService.ts(1,9088): error TS1127: Invalid character.
src/services/firebaseService.ts(1,9089): error TS1127: Invalid character.
src/services/firebaseService.ts(1,9090): error TS1127: Invalid character.
src/services/firebaseService.ts(1,9091): error TS1127: Invalid character.
src/services/firebaseService.ts(1,9092): error TS1127: Invalid character.
src/services/firebaseService.ts(1,9093): error TS1127: Invalid character.
src/services/firebaseService.ts(1,9094): error TS1127: Invalid character.
src/services/firebaseService.ts(1,9095): error TS1127: Invalid character.
src/services/firebaseService.ts(1,9096): error TS1127: Invalid character.
src/services/firebaseService.ts(1,9097): error TS1127: Invalid character.
src/services/firebaseService.ts(1,9098): error TS1127: Invalid character.
src/services/firebaseService.ts(1,9099): error TS1127: Invalid character.
src/services/firebaseService.ts(1,9100): error TS1127: Invalid character.
src/services/firebaseService.ts(1,9101): error TS1127: Invalid character.
src/services/firebaseService.ts(1,9102): error TS1127: Invalid character.
src/services/firebaseService.ts(1,9103): error TS1127: Invalid character.
src/services/firebaseService.ts(1,9104): error TS1127: Invalid character.
src/services/firebaseService.ts(1,9105): error TS1127: Invalid character.
src/services/firebaseService.ts(1,9106): error TS1127: Invalid character.
src/services/firebaseService.ts(1,9107): error TS1127: Invalid character.
src/services/firebaseService.ts(1,9108): error TS1127: Invalid character.
src/services/firebaseService.ts(1,9109): error TS1127: Invalid character.
src/services/firebaseService.ts(1,9110): error TS1127: Invalid character.
src/services/firebaseService.ts(1,9111): error TS1127: Invalid character.
src/services/firebaseService.ts(1,9112): error TS1127: Invalid character.
src/services/firebaseService.ts(1,9113): error TS1127: Invalid character.
src/services/firebaseService.ts(1,9114): error TS1127: Invalid character.
src/services/firebaseService.ts(1,9115): error TS1127: Invalid character.
src/services/firebaseService.ts(1,9116): error TS1127: Invalid character.
src/services/firebaseService.ts(1,9117): error TS1127: Invalid character.
src/services/firebaseService.ts(1,9118): error TS1127: Invalid character.
src/services/firebaseService.ts(1,9119): error TS1127: Invalid character.
src/services/firebaseService.ts(1,9120): error TS1127: Invalid character.
src/services/firebaseService.ts(1,9121): error TS1127: Invalid character.
src/services/firebaseService.ts(1,9122): error TS1127: Invalid character.
src/services/firebaseService.ts(1,9123): error TS1127: Invalid character.
src/services/firebaseService.ts(1,9124): error TS1127: Invalid character.
src/services/firebaseService.ts(1,9125): error TS1127: Invalid character.
src/services/firebaseService.ts(1,9126): error TS1127: Invalid character.
src/services/firebaseService.ts(1,9127): error TS1127: Invalid character.
src/services/firebaseService.ts(1,9128): error TS1127: Invalid character.
src/services/firebaseService.ts(1,9129): error TS1127: Invalid character.
src/services/firebaseService.ts(1,9130): error TS1127: Invalid character.
src/services/firebaseService.ts(1,9131): error TS1127: Invalid character.
src/services/firebaseService.ts(1,9132): error TS1127: Invalid character.
src/services/firebaseService.ts(1,9133): error TS1127: Invalid character.
src/services/firebaseService.ts(1,9134): error TS1127: Invalid character.
src/services/firebaseService.ts(1,9135): error TS1127: Invalid character.
src/services/firebaseService.ts(1,9136): error TS1127: Invalid character.
src/services/firebaseService.ts(1,9137): error TS1127: Invalid character.
src/services/firebaseService.ts(1,9138): error TS1127: Invalid character.
src/services/firebaseService.ts(1,9139): error TS1127: Invalid character.
src/services/firebaseService.ts(1,9140): error TS1127: Invalid character.
src/services/firebaseService.ts(1,9141): error TS1127: Invalid character.
src/services/firebaseService.ts(1,9142): error TS1127: Invalid character.
src/services/firebaseService.ts(1,9143): error TS1127: Invalid character.
src/services/firebaseService.ts(1,9144): error TS1127: Invalid character.
src/services/firebaseService.ts(1,9145): error TS1127: Invalid character.
src/services/firebaseService.ts(1,9146): error TS1127: Invalid character.
src/services/firebaseService.ts(1,9147): error TS1127: Invalid character.
src/services/firebaseService.ts(1,9148): error TS1127: Invalid character.
src/services/firebaseService.ts(1,9149): error TS1127: Invalid character.
src/services/firebaseService.ts(1,9150): error TS1127: Invalid character.
src/services/firebaseService.ts(1,9151): error TS1127: Invalid character.
src/services/firebaseService.ts(1,9152): error TS1127: Invalid character.
src/services/firebaseService.ts(1,9153): error TS1127: Invalid character.
src/services/firebaseService.ts(1,9154): error TS1127: Invalid character.
src/services/firebaseService.ts(1,9155): error TS1127: Invalid character.
src/services/firebaseService.ts(1,9156): error TS1127: Invalid character.
src/services/firebaseService.ts(1,9157): error TS1127: Invalid character.
src/services/firebaseService.ts(1,9158): error TS1127: Invalid character.
src/services/firebaseService.ts(1,9159): error TS1127: Invalid character.
src/services/firebaseService.ts(1,9160): error TS1127: Invalid character.
src/services/firebaseService.ts(1,9161): error TS1127: Invalid character.
src/services/firebaseService.ts(1,9162): error TS1127: Invalid character.
src/services/firebaseService.ts(1,9163): error TS1127: Invalid character.
src/services/firebaseService.ts(1,9164): error TS1127: Invalid character.
src/services/firebaseService.ts(1,9165): error TS1127: Invalid character.
src/services/firebaseService.ts(1,9166): error TS1127: Invalid character.
src/services/firebaseService.ts(1,9167): error TS1127: Invalid character.
src/services/firebaseService.ts(1,9168): error TS1127: Invalid character.
src/services/firebaseService.ts(1,9169): error TS1127: Invalid character.
src/services/firebaseService.ts(1,9170): error TS1127: Invalid character.
src/services/firebaseService.ts(1,9171): error TS1127: Invalid character.
src/services/firebaseService.ts(1,9172): error TS1127: Invalid character.
src/services/firebaseService.ts(1,9173): error TS1127: Invalid character.
src/services/firebaseService.ts(1,9174): error TS1127: Invalid character.
src/services/firebaseService.ts(1,9175): error TS1127: Invalid character.
src/services/firebaseService.ts(1,9176): error TS1127: Invalid character.
src/services/firebaseService.ts(1,9177): error TS1127: Invalid character.
src/services/firebaseService.ts(1,9178): error TS1127: Invalid character.
src/services/firebaseService.ts(1,9179): error TS1127: Invalid character.
src/services/firebaseService.ts(1,9180): error TS1127: Invalid character.
src/services/firebaseService.ts(1,9181): error TS1127: Invalid character.
src/services/firebaseService.ts(1,9182): error TS1127: Invalid character.
src/services/firebaseService.ts(1,9183): error TS1127: Invalid character.
src/services/firebaseService.ts(1,9184): error TS1127: Invalid character.
src/services/firebaseService.ts(1,9185): error TS1127: Invalid character.
src/services/firebaseService.ts(1,9186): error TS1127: Invalid character.
src/services/firebaseService.ts(1,9187): error TS1127: Invalid character.
src/services/firebaseService.ts(1,9188): error TS1127: Invalid character.
src/services/firebaseService.ts(1,9189): error TS1127: Invalid character.
src/services/firebaseService.ts(1,9190): error TS1127: Invalid character.
src/services/firebaseService.ts(1,9191): error TS1127: Invalid character.
src/services/firebaseService.ts(1,9192): error TS1127: Invalid character.
src/services/firebaseService.ts(1,9193): error TS1127: Invalid character.
src/services/firebaseService.ts(1,9194): error TS1127: Invalid character.
src/services/firebaseService.ts(1,9195): error TS1127: Invalid character.
src/services/firebaseService.ts(1,9196): error TS1127: Invalid character.
src/services/firebaseService.ts(1,9197): error TS1127: Invalid character.
src/services/firebaseService.ts(1,9198): error TS1127: Invalid character.
src/services/firebaseService.ts(1,9199): error TS1127: Invalid character.
src/services/firebaseService.ts(1,9200): error TS1127: Invalid character.
src/services/firebaseService.ts(1,9201): error TS1127: Invalid character.
src/services/firebaseService.ts(1,9202): error TS1127: Invalid character.
src/services/firebaseService.ts(1,9203): error TS1127: Invalid character.
src/services/firebaseService.ts(1,9204): error TS1127: Invalid character.
src/services/firebaseService.ts(1,9205): error TS1127: Invalid character.
src/services/firebaseService.ts(1,9206): error TS1127: Invalid character.
src/services/firebaseService.ts(1,9207): error TS1127: Invalid character.
src/services/firebaseService.ts(1,9208): error TS1127: Invalid character.
src/services/firebaseService.ts(1,9209): error TS1127: Invalid character.
src/services/firebaseService.ts(1,9210): error TS1127: Invalid character.
src/services/firebaseService.ts(1,9211): error TS1127: Invalid character.
src/services/firebaseService.ts(1,9212): error TS1127: Invalid character.
src/services/firebaseService.ts(1,9213): error TS1127: Invalid character.
src/services/firebaseService.ts(1,9214): error TS1127: Invalid character.
src/services/firebaseService.ts(1,9215): error TS1127: Invalid character.
src/services/firebaseService.ts(1,9216): error TS1127: Invalid character.
src/services/firebaseService.ts(1,9217): error TS1127: Invalid character.
src/services/firebaseService.ts(1,9218): error TS1127: Invalid character.
src/services/firebaseService.ts(1,9219): error TS1127: Invalid character.
src/services/firebaseService.ts(1,9220): error TS1127: Invalid character.
src/services/firebaseService.ts(1,9221): error TS1127: Invalid character.
src/services/firebaseService.ts(1,9222): error TS1127: Invalid character.
src/services/firebaseService.ts(1,9223): error TS1127: Invalid character.
src/services/firebaseService.ts(1,9224): error TS1127: Invalid character.
src/services/firebaseService.ts(1,9225): error TS1127: Invalid character.
src/services/firebaseService.ts(1,9226): error TS1127: Invalid character.
src/services/firebaseService.ts(1,9227): error TS1127: Invalid character.
src/services/firebaseService.ts(1,9228): error TS1127: Invalid character.
src/services/firebaseService.ts(1,9229): error TS1127: Invalid character.
src/services/firebaseService.ts(1,9230): error TS1127: Invalid character.
src/services/firebaseService.ts(1,9231): error TS1127: Invalid character.
src/services/firebaseService.ts(1,9232): error TS1127: Invalid character.
src/services/firebaseService.ts(1,9233): error TS1127: Invalid character.
src/services/firebaseService.ts(1,9234): error TS1127: Invalid character.
src/services/firebaseService.ts(1,9235): error TS1127: Invalid character.
src/services/firebaseService.ts(1,9236): error TS1127: Invalid character.
src/services/firebaseService.ts(1,9237): error TS1127: Invalid character.
src/services/firebaseService.ts(1,9238): error TS1127: Invalid character.
src/services/firebaseService.ts(1,9239): error TS1127: Invalid character.
src/services/firebaseService.ts(1,9240): error TS1127: Invalid character.
src/services/firebaseService.ts(1,9241): error TS1127: Invalid character.
src/services/firebaseService.ts(1,9242): error TS1127: Invalid character.
src/services/firebaseService.ts(1,9243): error TS1127: Invalid character.
src/services/firebaseService.ts(1,9244): error TS1127: Invalid character.
src/services/firebaseService.ts(1,9245): error TS1127: Invalid character.
src/services/firebaseService.ts(1,9246): error TS1127: Invalid character.
src/services/firebaseService.ts(1,9247): error TS1127: Invalid character.
src/services/firebaseService.ts(1,9248): error TS1127: Invalid character.
src/services/firebaseService.ts(1,9249): error TS1127: Invalid character.
src/services/firebaseService.ts(1,9250): error TS1127: Invalid character.
src/services/firebaseService.ts(1,9251): error TS1127: Invalid character.
src/services/firebaseService.ts(1,9252): error TS1127: Invalid character.
src/services/firebaseService.ts(1,9253): error TS1127: Invalid character.
src/services/firebaseService.ts(1,9254): error TS1127: Invalid character.
src/services/firebaseService.ts(1,9255): error TS1127: Invalid character.
src/services/firebaseService.ts(1,9256): error TS1127: Invalid character.
src/services/firebaseService.ts(1,9257): error TS1127: Invalid character.
src/services/firebaseService.ts(1,9258): error TS1127: Invalid character.
src/services/firebaseService.ts(1,9259): error TS1127: Invalid character.
src/services/firebaseService.ts(1,9260): error TS1127: Invalid character.
src/services/firebaseService.ts(1,9261): error TS1127: Invalid character.
src/services/firebaseService.ts(1,9262): error TS1127: Invalid character.
src/services/firebaseService.ts(1,9263): error TS1127: Invalid character.
src/services/firebaseService.ts(1,9264): error TS1127: Invalid character.
src/services/firebaseService.ts(1,9265): error TS1127: Invalid character.
src/services/firebaseService.ts(1,9266): error TS1127: Invalid character.
src/services/firebaseService.ts(1,9267): error TS1127: Invalid character.
src/services/firebaseService.ts(1,9268): error TS1127: Invalid character.
src/services/firebaseService.ts(1,9269): error TS1127: Invalid character.
src/services/firebaseService.ts(1,9270): error TS1127: Invalid character.
src/services/firebaseService.ts(1,9271): error TS1127: Invalid character.
src/services/firebaseService.ts(1,9272): error TS1127: Invalid character.
src/services/firebaseService.ts(1,9273): error TS1127: Invalid character.
src/services/firebaseService.ts(1,9274): error TS1127: Invalid character.
src/services/firebaseService.ts(1,9275): error TS1127: Invalid character.
src/services/firebaseService.ts(1,9276): error TS1127: Invalid character.
src/services/firebaseService.ts(1,9277): error TS1127: Invalid character.
src/services/firebaseService.ts(1,9278): error TS1127: Invalid character.
src/services/firebaseService.ts(1,9279): error TS1127: Invalid character.
src/services/firebaseService.ts(1,9280): error TS1127: Invalid character.
src/services/firebaseService.ts(1,9281): error TS1127: Invalid character.
src/services/firebaseService.ts(1,9282): error TS1127: Invalid character.
src/services/firebaseService.ts(1,9283): error TS1127: Invalid character.
src/services/firebaseService.ts(1,9284): error TS1127: Invalid character.
src/services/firebaseService.ts(1,9285): error TS1127: Invalid character.
src/services/firebaseService.ts(1,9286): error TS1127: Invalid character.
src/services/firebaseService.ts(1,9287): error TS1127: Invalid character.
src/services/firebaseService.ts(1,9288): error TS1127: Invalid character.
src/services/firebaseService.ts(1,9289): error TS1127: Invalid character.
src/services/firebaseService.ts(1,9290): error TS1127: Invalid character.
src/services/firebaseService.ts(1,9291): error TS1127: Invalid character.
src/services/firebaseService.ts(1,9292): error TS1127: Invalid character.
src/services/firebaseService.ts(1,9293): error TS1127: Invalid character.
src/services/firebaseService.ts(1,9294): error TS1127: Invalid character.
src/services/firebaseService.ts(1,9295): error TS1127: Invalid character.
src/services/firebaseService.ts(1,9296): error TS1127: Invalid character.
src/services/firebaseService.ts(1,9297): error TS1127: Invalid character.
src/services/firebaseService.ts(1,9298): error TS1127: Invalid character.
src/services/firebaseService.ts(1,9299): error TS1127: Invalid character.
src/services/firebaseService.ts(1,9300): error TS1127: Invalid character.
src/services/firebaseService.ts(1,9301): error TS1127: Invalid character.
src/services/firebaseService.ts(1,9302): error TS1127: Invalid character.
src/services/firebaseService.ts(1,9303): error TS1127: Invalid character.
src/services/firebaseService.ts(1,9304): error TS1127: Invalid character.
src/services/firebaseService.ts(1,9305): error TS1127: Invalid character.
src/services/firebaseService.ts(1,9306): error TS1127: Invalid character.
src/services/firebaseService.ts(1,9307): error TS1127: Invalid character.
src/services/firebaseService.ts(1,9308): error TS1127: Invalid character.
src/services/firebaseService.ts(1,9309): error TS1127: Invalid character.
src/services/firebaseService.ts(1,9310): error TS1127: Invalid character.
src/services/firebaseService.ts(1,9311): error TS1127: Invalid character.
src/services/firebaseService.ts(1,9312): error TS1127: Invalid character.
src/services/firebaseService.ts(1,9313): error TS1127: Invalid character.
src/services/firebaseService.ts(1,9314): error TS1127: Invalid character.
src/services/firebaseService.ts(1,9315): error TS1127: Invalid character.
src/services/firebaseService.ts(1,9316): error TS1127: Invalid character.
src/services/firebaseService.ts(1,9317): error TS1127: Invalid character.
src/services/firebaseService.ts(1,9318): error TS1127: Invalid character.
src/services/firebaseService.ts(1,9319): error TS1127: Invalid character.
src/services/firebaseService.ts(1,9320): error TS1127: Invalid character.
src/services/firebaseService.ts(1,9321): error TS1127: Invalid character.
src/services/firebaseService.ts(1,9322): error TS1127: Invalid character.
src/services/firebaseService.ts(1,9323): error TS1127: Invalid character.
src/services/firebaseService.ts(1,9324): error TS1127: Invalid character.
src/services/firebaseService.ts(1,9325): error TS1127: Invalid character.
src/services/firebaseService.ts(1,9326): error TS1127: Invalid character.
src/services/firebaseService.ts(1,9327): error TS1127: Invalid character.
src/services/firebaseService.ts(1,9328): error TS1127: Invalid character.
src/services/firebaseService.ts(1,9329): error TS1127: Invalid character.
src/services/firebaseService.ts(1,9330): error TS1127: Invalid character.
src/services/firebaseService.ts(1,9331): error TS1127: Invalid character.
src/services/firebaseService.ts(1,9332): error TS1127: Invalid character.
src/services/firebaseService.ts(1,9333): error TS1127: Invalid character.
src/services/firebaseService.ts(1,9334): error TS1127: Invalid character.
src/services/firebaseService.ts(1,9335): error TS1127: Invalid character.
src/services/firebaseService.ts(1,9336): error TS1127: Invalid character.
src/services/firebaseService.ts(1,9337): error TS1127: Invalid character.
src/services/firebaseService.ts(1,9338): error TS1127: Invalid character.
src/services/firebaseService.ts(1,9339): error TS1127: Invalid character.
src/services/firebaseService.ts(1,9340): error TS1127: Invalid character.
src/services/firebaseService.ts(1,9341): error TS1127: Invalid character.
src/services/firebaseService.ts(1,9342): error TS1127: Invalid character.
src/services/firebaseService.ts(1,9343): error TS1127: Invalid character.
src/services/firebaseService.ts(1,9344): error TS1127: Invalid character.
src/services/firebaseService.ts(1,9345): error TS1127: Invalid character.
src/services/firebaseService.ts(1,9346): error TS1127: Invalid character.
src/services/firebaseService.ts(1,9347): error TS1127: Invalid character.
src/services/firebaseService.ts(1,9348): error TS1127: Invalid character.
src/services/firebaseService.ts(1,9349): error TS1127: Invalid character.
src/services/firebaseService.ts(1,9350): error TS1127: Invalid character.
src/services/firebaseService.ts(1,9351): error TS1127: Invalid character.
src/services/firebaseService.ts(1,9352): error TS1127: Invalid character.
src/services/firebaseService.ts(1,9353): error TS1127: Invalid character.
src/services/firebaseService.ts(1,9354): error TS1127: Invalid character.
src/services/firebaseService.ts(1,9355): error TS1127: Invalid character.
src/services/firebaseService.ts(1,9356): error TS1127: Invalid character.
src/services/firebaseService.ts(1,9357): error TS1127: Invalid character.
src/services/firebaseService.ts(1,9358): error TS1127: Invalid character.
src/services/firebaseService.ts(1,9359): error TS1127: Invalid character.
src/services/firebaseService.ts(1,9360): error TS1127: Invalid character.
src/services/firebaseService.ts(1,9361): error TS1127: Invalid character.
src/services/firebaseService.ts(1,9362): error TS1127: Invalid character.
src/services/firebaseService.ts(1,9363): error TS1127: Invalid character.
src/services/firebaseService.ts(1,9364): error TS1127: Invalid character.
src/services/firebaseService.ts(1,9365): error TS1127: Invalid character.
src/services/firebaseService.ts(1,9366): error TS1127: Invalid character.
src/services/firebaseService.ts(1,9367): error TS1127: Invalid character.
src/services/firebaseService.ts(1,9368): error TS1127: Invalid character.
src/services/firebaseService.ts(1,9369): error TS1127: Invalid character.
src/services/firebaseService.ts(1,9370): error TS1127: Invalid character.
src/services/firebaseService.ts(1,9371): error TS1127: Invalid character.
src/services/firebaseService.ts(1,9372): error TS1127: Invalid character.
src/services/firebaseService.ts(1,9373): error TS1127: Invalid character.
src/services/firebaseService.ts(1,9374): error TS1127: Invalid character.
src/services/firebaseService.ts(1,9375): error TS1127: Invalid character.
src/services/firebaseService.ts(1,9376): error TS1127: Invalid character.
src/services/firebaseService.ts(1,9377): error TS1127: Invalid character.
src/services/firebaseService.ts(1,9378): error TS1127: Invalid character.
src/services/firebaseService.ts(1,9379): error TS1127: Invalid character.
src/services/firebaseService.ts(1,9380): error TS1127: Invalid character.
src/services/firebaseService.ts(1,9381): error TS1127: Invalid character.
src/services/firebaseService.ts(1,9382): error TS1127: Invalid character.
src/services/firebaseService.ts(1,9383): error TS1127: Invalid character.
src/services/firebaseService.ts(1,9384): error TS1127: Invalid character.
src/services/firebaseService.ts(1,9385): error TS1127: Invalid character.
src/services/firebaseService.ts(1,9386): error TS1127: Invalid character.
src/services/firebaseService.ts(1,9387): error TS1127: Invalid character.
src/services/firebaseService.ts(1,9388): error TS1127: Invalid character.
src/services/firebaseService.ts(1,9389): error TS1127: Invalid character.
src/services/firebaseService.ts(1,9390): error TS1127: Invalid character.
src/services/firebaseService.ts(1,9391): error TS1127: Invalid character.
src/services/firebaseService.ts(1,9392): error TS1127: Invalid character.
src/services/firebaseService.ts(1,9393): error TS1127: Invalid character.
src/services/firebaseService.ts(1,9394): error TS1127: Invalid character.
src/services/firebaseService.ts(1,9395): error TS1127: Invalid character.
src/services/firebaseService.ts(1,9396): error TS1127: Invalid character.
src/services/firebaseService.ts(1,9397): error TS1127: Invalid character.
src/services/firebaseService.ts(1,9398): error TS1127: Invalid character.
src/services/firebaseService.ts(1,9399): error TS1127: Invalid character.
src/services/firebaseService.ts(1,9400): error TS1127: Invalid character.
src/services/firebaseService.ts(1,9401): error TS1127: Invalid character.
src/services/firebaseService.ts(1,9402): error TS1127: Invalid character.
src/services/firebaseService.ts(1,9403): error TS1127: Invalid character.
src/services/firebaseService.ts(1,9404): error TS1127: Invalid character.
src/services/firebaseService.ts(1,9405): error TS1127: Invalid character.
src/services/firebaseService.ts(1,9406): error TS1127: Invalid character.
src/services/firebaseService.ts(1,9407): error TS1127: Invalid character.
src/services/firebaseService.ts(1,9408): error TS1127: Invalid character.
src/services/firebaseService.ts(1,9409): error TS1127: Invalid character.
src/services/firebaseService.ts(1,9410): error TS1127: Invalid character.
src/services/firebaseService.ts(1,9411): error TS1127: Invalid character.
src/services/firebaseService.ts(1,9412): error TS1127: Invalid character.
src/services/firebaseService.ts(1,9413): error TS1127: Invalid character.
src/services/firebaseService.ts(1,9414): error TS1127: Invalid character.
src/services/firebaseService.ts(1,9415): error TS1127: Invalid character.
src/services/firebaseService.ts(1,9416): error TS1127: Invalid character.
src/services/firebaseService.ts(1,9417): error TS1127: Invalid character.
src/services/firebaseService.ts(1,9418): error TS1127: Invalid character.
src/services/firebaseService.ts(1,9419): error TS1127: Invalid character.
src/services/firebaseService.ts(1,9420): error TS1127: Invalid character.
src/services/firebaseService.ts(1,9421): error TS1127: Invalid character.
src/services/firebaseService.ts(1,9422): error TS1127: Invalid character.
src/services/firebaseService.ts(1,9423): error TS1127: Invalid character.
src/services/firebaseService.ts(1,9424): error TS1127: Invalid character.
src/services/firebaseService.ts(1,9425): error TS1127: Invalid character.
src/services/firebaseService.ts(1,9426): error TS1127: Invalid character.
src/services/firebaseService.ts(1,9427): error TS1127: Invalid character.
src/services/firebaseService.ts(1,9428): error TS1127: Invalid character.
src/services/firebaseService.ts(1,9429): error TS1127: Invalid character.
src/services/firebaseService.ts(1,9430): error TS1127: Invalid character.
src/services/firebaseService.ts(1,9431): error TS1127: Invalid character.
src/services/firebaseService.ts(1,9432): error TS1127: Invalid character.
src/services/firebaseService.ts(1,9433): error TS1127: Invalid character.
src/services/firebaseService.ts(1,9434): error TS1127: Invalid character.
src/services/firebaseService.ts(1,9435): error TS1127: Invalid character.
src/services/firebaseService.ts(1,9436): error TS1127: Invalid character.
src/services/firebaseService.ts(1,9437): error TS1127: Invalid character.
src/services/firebaseService.ts(1,9438): error TS1127: Invalid character.
src/services/firebaseService.ts(1,9439): error TS1127: Invalid character.
src/services/firebaseService.ts(1,9440): error TS1127: Invalid character.
src/services/firebaseService.ts(1,9441): error TS1127: Invalid character.
src/services/firebaseService.ts(1,9442): error TS1127: Invalid character.
src/services/firebaseService.ts(1,9443): error TS1127: Invalid character.
src/services/firebaseService.ts(1,9444): error TS1127: Invalid character.
src/services/firebaseService.ts(1,9445): error TS1127: Invalid character.
src/services/firebaseService.ts(1,9446): error TS1127: Invalid character.
src/services/firebaseService.ts(1,9447): error TS1127: Invalid character.
src/services/firebaseService.ts(1,9448): error TS1127: Invalid character.
src/services/firebaseService.ts(1,9449): error TS1127: Invalid character.
src/services/firebaseService.ts(1,9450): error TS1127: Invalid character.
src/services/firebaseService.ts(1,9451): error TS1127: Invalid character.
src/services/firebaseService.ts(1,9452): error TS1127: Invalid character.
src/services/firebaseService.ts(1,9453): error TS1127: Invalid character.
src/services/firebaseService.ts(1,9454): error TS1127: Invalid character.
src/services/firebaseService.ts(1,9455): error TS1127: Invalid character.
src/services/firebaseService.ts(1,9456): error TS1127: Invalid character.
src/services/firebaseService.ts(1,9457): error TS1127: Invalid character.
src/services/firebaseService.ts(1,9458): error TS1127: Invalid character.
src/services/firebaseService.ts(1,9459): error TS1127: Invalid character.
src/services/firebaseService.ts(1,9460): error TS1127: Invalid character.
src/services/firebaseService.ts(1,9461): error TS1127: Invalid character.
src/services/firebaseService.ts(1,9462): error TS1127: Invalid character.
src/services/firebaseService.ts(1,9463): error TS1127: Invalid character.
src/services/firebaseService.ts(1,9464): error TS1127: Invalid character.
src/services/firebaseService.ts(1,9465): error TS1127: Invalid character.
src/services/firebaseService.ts(1,9466): error TS1127: Invalid character.
src/services/firebaseService.ts(1,9467): error TS1127: Invalid character.
src/services/firebaseService.ts(1,9468): error TS1127: Invalid character.
src/services/firebaseService.ts(1,9469): error TS1127: Invalid character.
src/services/firebaseService.ts(1,9470): error TS1127: Invalid character.
src/services/firebaseService.ts(1,9471): error TS1127: Invalid character.
src/services/firebaseService.ts(1,9472): error TS1127: Invalid character.
src/services/firebaseService.ts(1,9473): error TS1127: Invalid character.
src/services/firebaseService.ts(1,9474): error TS1127: Invalid character.
src/services/firebaseService.ts(1,9475): error TS1127: Invalid character.
src/services/firebaseService.ts(1,9476): error TS1127: Invalid character.
src/services/firebaseService.ts(1,9477): error TS1127: Invalid character.
src/services/firebaseService.ts(1,9478): error TS1127: Invalid character.
src/services/firebaseService.ts(1,9479): error TS1127: Invalid character.
src/services/firebaseService.ts(1,9480): error TS1127: Invalid character.
src/services/firebaseService.ts(1,9481): error TS1127: Invalid character.
src/services/firebaseService.ts(1,9482): error TS1127: Invalid character.
src/services/firebaseService.ts(1,9483): error TS1127: Invalid character.
src/services/firebaseService.ts(1,9484): error TS1127: Invalid character.
src/services/firebaseService.ts(1,9485): error TS1127: Invalid character.
src/services/firebaseService.ts(1,9486): error TS1127: Invalid character.
src/services/firebaseService.ts(1,9487): error TS1127: Invalid character.
src/services/firebaseService.ts(1,9488): error TS1127: Invalid character.
src/services/firebaseService.ts(1,9489): error TS1127: Invalid character.
src/services/firebaseService.ts(1,9490): error TS1127: Invalid character.
src/services/firebaseService.ts(1,9491): error TS1127: Invalid character.
src/services/firebaseService.ts(1,9492): error TS1127: Invalid character.
src/services/firebaseService.ts(1,9493): error TS1127: Invalid character.
src/services/firebaseService.ts(1,9494): error TS1127: Invalid character.
src/services/firebaseService.ts(1,9495): error TS1127: Invalid character.
src/services/firebaseService.ts(1,9496): error TS1127: Invalid character.
src/services/firebaseService.ts(1,9497): error TS1127: Invalid character.
src/services/firebaseService.ts(1,9498): error TS1127: Invalid character.
src/services/firebaseService.ts(1,9499): error TS1127: Invalid character.
src/services/firebaseService.ts(1,9500): error TS1127: Invalid character.
src/services/firebaseService.ts(1,9501): error TS1127: Invalid character.
src/services/firebaseService.ts(1,9502): error TS1127: Invalid character.
src/services/firebaseService.ts(1,9503): error TS1127: Invalid character.
src/services/firebaseService.ts(1,9504): error TS1127: Invalid character.
src/services/firebaseService.ts(1,9505): error TS1127: Invalid character.
src/services/firebaseService.ts(1,9506): error TS1127: Invalid character.
src/services/firebaseService.ts(1,9507): error TS1127: Invalid character.
src/services/firebaseService.ts(1,9508): error TS1127: Invalid character.
src/services/firebaseService.ts(1,9509): error TS1127: Invalid character.
src/services/firebaseService.ts(1,9510): error TS1127: Invalid character.
src/services/firebaseService.ts(1,9511): error TS1127: Invalid character.
src/services/firebaseService.ts(1,9512): error TS1127: Invalid character.
src/services/firebaseService.ts(1,9513): error TS1127: Invalid character.
src/services/firebaseService.ts(1,9514): error TS1127: Invalid character.
src/services/firebaseService.ts(1,9515): error TS1127: Invalid character.
src/services/firebaseService.ts(1,9516): error TS1127: Invalid character.
src/services/firebaseService.ts(1,9517): error TS1127: Invalid character.
src/services/firebaseService.ts(1,9518): error TS1127: Invalid character.
src/services/firebaseService.ts(1,9519): error TS1127: Invalid character.
src/services/firebaseService.ts(1,9520): error TS1127: Invalid character.
src/services/firebaseService.ts(1,9521): error TS1127: Invalid character.
src/services/firebaseService.ts(1,9522): error TS1127: Invalid character.
src/services/firebaseService.ts(1,9523): error TS1127: Invalid character.
src/services/firebaseService.ts(1,9524): error TS1127: Invalid character.
src/services/firebaseService.ts(1,9525): error TS1127: Invalid character.
src/services/firebaseService.ts(1,9526): error TS1127: Invalid character.
src/services/firebaseService.ts(1,9527): error TS1127: Invalid character.
src/services/firebaseService.ts(1,9528): error TS1127: Invalid character.
src/services/firebaseService.ts(1,9529): error TS1127: Invalid character.
src/services/firebaseService.ts(1,9530): error TS1127: Invalid character.
src/services/firebaseService.ts(1,9531): error TS1127: Invalid character.
src/services/firebaseService.ts(1,9532): error TS1127: Invalid character.
src/services/firebaseService.ts(1,9533): error TS1127: Invalid character.
src/services/firebaseService.ts(1,9534): error TS1127: Invalid character.
src/services/firebaseService.ts(1,9535): error TS1127: Invalid character.
src/services/firebaseService.ts(1,9536): error TS1127: Invalid character.
src/services/firebaseService.ts(1,9537): error TS1127: Invalid character.
src/services/firebaseService.ts(1,9538): error TS1127: Invalid character.
src/services/firebaseService.ts(1,9539): error TS1127: Invalid character.
src/services/firebaseService.ts(1,9540): error TS1127: Invalid character.
src/services/firebaseService.ts(1,9541): error TS1127: Invalid character.
src/services/firebaseService.ts(1,9542): error TS1127: Invalid character.
src/services/firebaseService.ts(1,9543): error TS1127: Invalid character.
src/services/firebaseService.ts(1,9544): error TS1127: Invalid character.
src/services/firebaseService.ts(1,9545): error TS1127: Invalid character.
src/services/firebaseService.ts(1,9546): error TS1127: Invalid character.
src/services/firebaseService.ts(1,9547): error TS1127: Invalid character.
src/services/firebaseService.ts(1,9548): error TS1127: Invalid character.
src/services/firebaseService.ts(1,9549): error TS1127: Invalid character.
src/services/firebaseService.ts(1,9550): error TS1127: Invalid character.
src/services/firebaseService.ts(1,9551): error TS1127: Invalid character.
src/services/firebaseService.ts(1,9552): error TS1127: Invalid character.
src/services/firebaseService.ts(1,9553): error TS1127: Invalid character.
src/services/firebaseService.ts(1,9554): error TS1127: Invalid character.
src/services/firebaseService.ts(1,9555): error TS1127: Invalid character.
src/services/firebaseService.ts(1,9556): error TS1127: Invalid character.
src/services/firebaseService.ts(1,9557): error TS1127: Invalid character.
src/services/firebaseService.ts(1,9558): error TS1127: Invalid character.
src/services/firebaseService.ts(1,9559): error TS1127: Invalid character.
src/services/firebaseService.ts(1,9560): error TS1127: Invalid character.
src/services/firebaseService.ts(1,9561): error TS1127: Invalid character.
src/services/firebaseService.ts(1,9562): error TS1127: Invalid character.
src/services/firebaseService.ts(1,9563): error TS1127: Invalid character.
src/services/firebaseService.ts(1,9564): error TS1127: Invalid character.
src/services/firebaseService.ts(1,9565): error TS1127: Invalid character.
src/services/firebaseService.ts(1,9566): error TS1127: Invalid character.
src/services/firebaseService.ts(1,9567): error TS1127: Invalid character.
src/services/firebaseService.ts(1,9568): error TS1127: Invalid character.
src/services/firebaseService.ts(1,9569): error TS1127: Invalid character.
src/services/firebaseService.ts(1,9570): error TS1127: Invalid character.
src/services/firebaseService.ts(1,9571): error TS1127: Invalid character.
src/services/firebaseService.ts(1,9572): error TS1127: Invalid character.
src/services/firebaseService.ts(1,9573): error TS1127: Invalid character.
src/services/firebaseService.ts(1,9574): error TS1127: Invalid character.
src/services/firebaseService.ts(1,9575): error TS1127: Invalid character.
src/services/firebaseService.ts(1,9576): error TS1127: Invalid character.
src/services/firebaseService.ts(1,9577): error TS1127: Invalid character.
src/services/firebaseService.ts(1,9578): error TS1127: Invalid character.
src/services/firebaseService.ts(1,9579): error TS1127: Invalid character.
src/services/firebaseService.ts(1,9580): error TS1127: Invalid character.
src/services/firebaseService.ts(1,9581): error TS1127: Invalid character.
src/services/firebaseService.ts(1,9582): error TS1127: Invalid character.
src/services/firebaseService.ts(1,9583): error TS1127: Invalid character.
src/services/firebaseService.ts(1,9584): error TS1127: Invalid character.
src/services/firebaseService.ts(1,9585): error TS1127: Invalid character.
src/services/firebaseService.ts(1,9586): error TS1127: Invalid character.
src/services/firebaseService.ts(1,9587): error TS1127: Invalid character.
src/services/firebaseService.ts(1,9588): error TS1127: Invalid character.
src/services/firebaseService.ts(1,9589): error TS1127: Invalid character.
src/services/firebaseService.ts(1,9590): error TS1127: Invalid character.
src/services/firebaseService.ts(1,9591): error TS1127: Invalid character.
src/services/firebaseService.ts(1,9592): error TS1127: Invalid character.
src/services/firebaseService.ts(1,9593): error TS1127: Invalid character.
src/services/firebaseService.ts(1,9594): error TS1127: Invalid character.
src/services/firebaseService.ts(1,9595): error TS1127: Invalid character.
src/services/firebaseService.ts(1,9596): error TS1127: Invalid character.
src/services/firebaseService.ts(1,9597): error TS1127: Invalid character.
src/services/firebaseService.ts(1,9598): error TS1127: Invalid character.
src/services/firebaseService.ts(1,9599): error TS1127: Invalid character.
src/services/firebaseService.ts(1,9600): error TS1127: Invalid character.
src/services/firebaseService.ts(1,9601): error TS1127: Invalid character.
src/services/firebaseService.ts(1,9602): error TS1127: Invalid character.
src/services/firebaseService.ts(1,9603): error TS1127: Invalid character.
src/services/firebaseService.ts(1,9604): error TS1127: Invalid character.
src/services/firebaseService.ts(1,9605): error TS1127: Invalid character.
src/services/firebaseService.ts(1,9606): error TS1127: Invalid character.
src/services/firebaseService.ts(1,9607): error TS1127: Invalid character.
src/services/firebaseService.ts(1,9608): error TS1127: Invalid character.
src/services/firebaseService.ts(1,9609): error TS1127: Invalid character.
src/services/firebaseService.ts(1,9610): error TS1127: Invalid character.
src/services/firebaseService.ts(1,9611): error TS1127: Invalid character.
src/services/firebaseService.ts(1,9612): error TS1127: Invalid character.
src/services/firebaseService.ts(1,9613): error TS1127: Invalid character.
src/services/firebaseService.ts(1,9614): error TS1127: Invalid character.
src/services/firebaseService.ts(1,9615): error TS1127: Invalid character.
src/services/firebaseService.ts(1,9616): error TS1127: Invalid character.
src/services/firebaseService.ts(1,9617): error TS1127: Invalid character.
src/services/firebaseService.ts(1,9618): error TS1127: Invalid character.
src/services/firebaseService.ts(1,9619): error TS1127: Invalid character.
src/services/firebaseService.ts(1,9620): error TS1127: Invalid character.
src/services/firebaseService.ts(1,9621): error TS1127: Invalid character.
src/services/firebaseService.ts(1,9622): error TS1127: Invalid character.
src/services/firebaseService.ts(1,9623): error TS1127: Invalid character.
src/services/firebaseService.ts(1,9624): error TS1127: Invalid character.
src/services/firebaseService.ts(1,9625): error TS1127: Invalid character.
src/services/firebaseService.ts(1,9626): error TS1127: Invalid character.
src/services/firebaseService.ts(1,9627): error TS1127: Invalid character.
src/services/firebaseService.ts(1,9628): error TS1127: Invalid character.
src/services/firebaseService.ts(1,9629): error TS1127: Invalid character.
src/services/firebaseService.ts(1,9630): error TS1127: Invalid character.
src/services/firebaseService.ts(1,9631): error TS1127: Invalid character.
src/services/firebaseService.ts(1,9632): error TS1127: Invalid character.
src/services/firebaseService.ts(1,9633): error TS1127: Invalid character.
src/services/firebaseService.ts(1,9634): error TS1127: Invalid character.
src/services/firebaseService.ts(1,9635): error TS1127: Invalid character.
src/services/firebaseService.ts(1,9636): error TS1127: Invalid character.
src/services/firebaseService.ts(1,9637): error TS1127: Invalid character.
src/services/firebaseService.ts(1,9638): error TS1127: Invalid character.
src/services/firebaseService.ts(1,9639): error TS1127: Invalid character.
src/services/firebaseService.ts(1,9640): error TS1127: Invalid character.
src/services/firebaseService.ts(1,9641): error TS1127: Invalid character.
src/services/firebaseService.ts(1,9642): error TS1127: Invalid character.
src/services/firebaseService.ts(1,9643): error TS1127: Invalid character.
src/services/firebaseService.ts(1,9644): error TS1127: Invalid character.
src/services/firebaseService.ts(1,9645): error TS1127: Invalid character.
src/services/firebaseService.ts(1,9646): error TS1127: Invalid character.
src/services/firebaseService.ts(1,9647): error TS1127: Invalid character.
src/services/firebaseService.ts(1,9648): error TS1127: Invalid character.
src/services/firebaseService.ts(1,9649): error TS1127: Invalid character.
src/services/firebaseService.ts(1,9650): error TS1127: Invalid character.
src/services/firebaseService.ts(1,9651): error TS1127: Invalid character.
src/services/firebaseService.ts(1,9652): error TS1127: Invalid character.
src/services/firebaseService.ts(1,9653): error TS1127: Invalid character.
src/services/firebaseService.ts(1,9654): error TS1127: Invalid character.
src/services/firebaseService.ts(1,9655): error TS1127: Invalid character.
src/services/firebaseService.ts(1,9656): error TS1127: Invalid character.
src/services/firebaseService.ts(1,9657): error TS1127: Invalid character.
src/services/firebaseService.ts(1,9658): error TS1127: Invalid character.
src/services/firebaseService.ts(1,9659): error TS1127: Invalid character.
src/services/firebaseService.ts(1,9660): error TS1127: Invalid character.
src/services/firebaseService.ts(1,9661): error TS1127: Invalid character.
src/services/firebaseService.ts(1,9662): error TS1127: Invalid character.
src/services/firebaseService.ts(1,9663): error TS1127: Invalid character.
src/services/firebaseService.ts(1,9664): error TS1127: Invalid character.
src/services/firebaseService.ts(1,9665): error TS1127: Invalid character.
src/services/firebaseService.ts(1,9666): error TS1127: Invalid character.
src/services/firebaseService.ts(1,9667): error TS1127: Invalid character.
src/services/firebaseService.ts(1,9668): error TS1127: Invalid character.
src/services/firebaseService.ts(1,9669): error TS1127: Invalid character.
src/services/firebaseService.ts(1,9670): error TS1127: Invalid character.
src/services/firebaseService.ts(1,9671): error TS1127: Invalid character.
src/services/firebaseService.ts(1,9672): error TS1127: Invalid character.
src/services/firebaseService.ts(1,9673): error TS1127: Invalid character.
src/services/firebaseService.ts(1,9674): error TS1127: Invalid character.
src/services/firebaseService.ts(1,9675): error TS1127: Invalid character.
src/services/firebaseService.ts(1,9676): error TS1127: Invalid character.
src/services/firebaseService.ts(1,9677): error TS1127: Invalid character.
src/services/firebaseService.ts(1,9678): error TS1127: Invalid character.
src/services/firebaseService.ts(1,9679): error TS1127: Invalid character.
src/services/firebaseService.ts(1,9680): error TS1127: Invalid character.
src/services/firebaseService.ts(1,9681): error TS1127: Invalid character.
src/services/firebaseService.ts(1,9682): error TS1127: Invalid character.
src/services/firebaseService.ts(1,9683): error TS1127: Invalid character.
src/services/firebaseService.ts(1,9684): error TS1127: Invalid character.
src/services/firebaseService.ts(1,9685): error TS1127: Invalid character.
src/services/firebaseService.ts(1,9686): error TS1127: Invalid character.
src/services/firebaseService.ts(1,9687): error TS1127: Invalid character.
src/services/firebaseService.ts(1,9688): error TS1127: Invalid character.
src/services/firebaseService.ts(1,9689): error TS1127: Invalid character.
src/services/firebaseService.ts(1,9690): error TS1127: Invalid character.
src/services/firebaseService.ts(1,9691): error TS1127: Invalid character.
src/services/firebaseService.ts(1,9692): error TS1127: Invalid character.
src/services/firebaseService.ts(1,9693): error TS1127: Invalid character.
src/services/firebaseService.ts(1,9694): error TS1127: Invalid character.
src/services/firebaseService.ts(1,9695): error TS1127: Invalid character.
src/services/firebaseService.ts(1,9696): error TS1127: Invalid character.
src/services/firebaseService.ts(1,9697): error TS1127: Invalid character.
src/services/firebaseService.ts(1,9698): error TS1127: Invalid character.
src/services/firebaseService.ts(1,9699): error TS1127: Invalid character.
src/services/firebaseService.ts(1,9700): error TS1127: Invalid character.
src/services/firebaseService.ts(1,9701): error TS1127: Invalid character.
src/services/firebaseService.ts(1,9702): error TS1127: Invalid character.
src/services/firebaseService.ts(1,9703): error TS1127: Invalid character.
src/services/firebaseService.ts(1,9704): error TS1127: Invalid character.
src/services/firebaseService.ts(1,9705): error TS1127: Invalid character.
src/services/firebaseService.ts(1,9706): error TS1127: Invalid character.
src/services/firebaseService.ts(1,9707): error TS1127: Invalid character.
src/services/firebaseService.ts(1,9708): error TS1127: Invalid character.
src/services/firebaseService.ts(1,9709): error TS1127: Invalid character.
src/services/firebaseService.ts(1,9710): error TS1127: Invalid character.
src/services/firebaseService.ts(1,9711): error TS1127: Invalid character.
src/services/firebaseService.ts(1,9712): error TS1127: Invalid character.
src/services/firebaseService.ts(1,9713): error TS1127: Invalid character.
src/services/firebaseService.ts(1,9714): error TS1127: Invalid character.
src/services/firebaseService.ts(1,9715): error TS1127: Invalid character.
src/services/firebaseService.ts(1,9716): error TS1127: Invalid character.
src/services/firebaseService.ts(1,9717): error TS1127: Invalid character.
src/services/firebaseService.ts(1,9718): error TS1127: Invalid character.
src/services/firebaseService.ts(1,9719): error TS1127: Invalid character.
src/services/firebaseService.ts(1,9720): error TS1127: Invalid character.
src/services/firebaseService.ts(1,9721): error TS1127: Invalid character.
src/services/firebaseService.ts(1,9722): error TS1127: Invalid character.
src/services/firebaseService.ts(1,9723): error TS1127: Invalid character.
src/services/firebaseService.ts(1,9724): error TS1127: Invalid character.
src/services/firebaseService.ts(1,9725): error TS1127: Invalid character.
src/services/firebaseService.ts(1,9726): error TS1127: Invalid character.
src/services/firebaseService.ts(1,9727): error TS1127: Invalid character.
src/services/firebaseService.ts(1,9728): error TS1127: Invalid character.
src/services/firebaseService.ts(1,9729): error TS1127: Invalid character.
src/services/firebaseService.ts(1,9730): error TS1127: Invalid character.
src/services/firebaseService.ts(1,9731): error TS1127: Invalid character.
src/services/firebaseService.ts(1,9732): error TS1127: Invalid character.
src/services/firebaseService.ts(1,9733): error TS1127: Invalid character.
src/services/firebaseService.ts(1,9734): error TS1127: Invalid character.
src/services/firebaseService.ts(1,9735): error TS1127: Invalid character.
src/services/firebaseService.ts(1,9736): error TS1127: Invalid character.
src/services/firebaseService.ts(1,9737): error TS1127: Invalid character.
src/services/firebaseService.ts(1,9738): error TS1127: Invalid character.
src/services/firebaseService.ts(1,9739): error TS1127: Invalid character.
src/services/firebaseService.ts(1,9740): error TS1127: Invalid character.
src/services/firebaseService.ts(1,9741): error TS1127: Invalid character.
src/services/firebaseService.ts(1,9742): error TS1127: Invalid character.
src/services/firebaseService.ts(1,9743): error TS1127: Invalid character.
src/services/firebaseService.ts(1,9744): error TS1127: Invalid character.
src/services/firebaseService.ts(1,9745): error TS1127: Invalid character.
src/services/firebaseService.ts(1,9746): error TS1127: Invalid character.
src/services/firebaseService.ts(1,9747): error TS1127: Invalid character.
src/services/firebaseService.ts(1,9748): error TS1127: Invalid character.
src/services/firebaseService.ts(1,9749): error TS1127: Invalid character.
src/services/firebaseService.ts(1,9750): error TS1127: Invalid character.
src/services/firebaseService.ts(1,9751): error TS1127: Invalid character.
src/services/firebaseService.ts(1,9752): error TS1127: Invalid character.
src/services/firebaseService.ts(1,9753): error TS1127: Invalid character.
src/services/firebaseService.ts(1,9754): error TS1127: Invalid character.
src/services/firebaseService.ts(1,9755): error TS1127: Invalid character.
src/services/firebaseService.ts(1,9756): error TS1127: Invalid character.
src/services/firebaseService.ts(1,9757): error TS1127: Invalid character.
src/services/firebaseService.ts(1,9758): error TS1127: Invalid character.
src/services/firebaseService.ts(1,9759): error TS1127: Invalid character.
src/services/firebaseService.ts(1,9760): error TS1127: Invalid character.
src/services/firebaseService.ts(1,9761): error TS1127: Invalid character.
src/services/firebaseService.ts(1,9762): error TS1127: Invalid character.
src/services/firebaseService.ts(1,9763): error TS1127: Invalid character.
src/services/firebaseService.ts(1,9764): error TS1127: Invalid character.
src/services/firebaseService.ts(1,9765): error TS1127: Invalid character.
src/services/firebaseService.ts(1,9766): error TS1127: Invalid character.
src/services/firebaseService.ts(1,9767): error TS1127: Invalid character.
src/services/firebaseService.ts(1,9768): error TS1127: Invalid character.
src/services/firebaseService.ts(1,9769): error TS1127: Invalid character.
src/services/firebaseService.ts(1,9770): error TS1127: Invalid character.
src/services/firebaseService.ts(1,9771): error TS1127: Invalid character.
src/services/firebaseService.ts(1,9772): error TS1127: Invalid character.
src/services/firebaseService.ts(1,9773): error TS1127: Invalid character.
src/services/firebaseService.ts(1,9774): error TS1127: Invalid character.
src/services/firebaseService.ts(1,9775): error TS1127: Invalid character.
src/services/firebaseService.ts(1,9776): error TS1127: Invalid character.
src/services/firebaseService.ts(1,9777): error TS1127: Invalid character.
src/services/firebaseService.ts(1,9778): error TS1127: Invalid character.
src/services/firebaseService.ts(1,9779): error TS1127: Invalid character.
src/services/firebaseService.ts(1,9780): error TS1127: Invalid character.
src/services/firebaseService.ts(1,9781): error TS1127: Invalid character.
src/services/firebaseService.ts(1,9782): error TS1127: Invalid character.
src/services/firebaseService.ts(1,9783): error TS1127: Invalid character.
src/services/firebaseService.ts(1,9784): error TS1127: Invalid character.
src/services/firebaseService.ts(1,9785): error TS1127: Invalid character.
src/services/firebaseService.ts(1,9786): error TS1127: Invalid character.
src/services/firebaseService.ts(1,9787): error TS1127: Invalid character.
src/services/firebaseService.ts(1,9788): error TS1127: Invalid character.
src/services/firebaseService.ts(1,9789): error TS1127: Invalid character.
src/services/firebaseService.ts(1,9790): error TS1127: Invalid character.
src/services/firebaseService.ts(1,9791): error TS1127: Invalid character.
src/services/firebaseService.ts(1,9792): error TS1127: Invalid character.
src/services/firebaseService.ts(1,9793): error TS1127: Invalid character.
src/services/firebaseService.ts(1,9794): error TS1127: Invalid character.
src/services/firebaseService.ts(1,9795): error TS1127: Invalid character.
src/services/firebaseService.ts(1,9796): error TS1127: Invalid character.
src/services/firebaseService.ts(1,9797): error TS1127: Invalid character.
src/services/firebaseService.ts(1,9798): error TS1127: Invalid character.
src/services/firebaseService.ts(1,9799): error TS1127: Invalid character.
src/services/firebaseService.ts(1,9800): error TS1127: Invalid character.
src/services/firebaseService.ts(1,9801): error TS1127: Invalid character.
src/services/firebaseService.ts(1,9802): error TS1127: Invalid character.
src/services/firebaseService.ts(1,9803): error TS1127: Invalid character.
src/services/firebaseService.ts(1,9804): error TS1127: Invalid character.
src/services/firebaseService.ts(1,9805): error TS1127: Invalid character.
src/services/firebaseService.ts(1,9806): error TS1127: Invalid character.
src/services/firebaseService.ts(1,9807): error TS1127: Invalid character.
src/services/firebaseService.ts(1,9808): error TS1127: Invalid character.
src/services/firebaseService.ts(1,9809): error TS1127: Invalid character.
src/services/firebaseService.ts(1,9810): error TS1127: Invalid character.
src/services/firebaseService.ts(1,9811): error TS1127: Invalid character.
src/services/firebaseService.ts(1,9812): error TS1127: Invalid character.
src/services/firebaseService.ts(1,9813): error TS1127: Invalid character.
src/services/firebaseService.ts(1,9814): error TS1127: Invalid character.
src/services/firebaseService.ts(1,9815): error TS1127: Invalid character.
src/services/firebaseService.ts(1,9816): error TS1127: Invalid character.
src/services/firebaseService.ts(1,9817): error TS1127: Invalid character.
src/services/firebaseService.ts(1,9818): error TS1127: Invalid character.
src/services/firebaseService.ts(1,9819): error TS1127: Invalid character.
src/services/firebaseService.ts(1,9820): error TS1127: Invalid character.
src/services/firebaseService.ts(1,9821): error TS1127: Invalid character.
src/services/firebaseService.ts(1,9822): error TS1127: Invalid character.
src/services/firebaseService.ts(1,9823): error TS1127: Invalid character.
src/services/firebaseService.ts(1,9824): error TS1127: Invalid character.
src/services/firebaseService.ts(1,9825): error TS1127: Invalid character.
src/services/firebaseService.ts(1,9826): error TS1127: Invalid character.
src/services/firebaseService.ts(1,9827): error TS1127: Invalid character.
src/services/firebaseService.ts(1,9828): error TS1127: Invalid character.
src/services/firebaseService.ts(1,9829): error TS1127: Invalid character.
src/services/firebaseService.ts(1,9830): error TS1127: Invalid character.
src/services/firebaseService.ts(1,9831): error TS1127: Invalid character.
src/services/firebaseService.ts(1,9832): error TS1127: Invalid character.
src/services/firebaseService.ts(1,9833): error TS1127: Invalid character.
src/services/firebaseService.ts(1,9834): error TS1127: Invalid character.
src/services/firebaseService.ts(1,9835): error TS1127: Invalid character.
src/services/firebaseService.ts(1,9836): error TS1127: Invalid character.
src/services/firebaseService.ts(1,9837): error TS1127: Invalid character.
src/services/firebaseService.ts(1,9838): error TS1127: Invalid character.
src/services/firebaseService.ts(1,9839): error TS1127: Invalid character.
src/services/firebaseService.ts(1,9840): error TS1127: Invalid character.
src/services/firebaseService.ts(1,9841): error TS1127: Invalid character.
src/services/firebaseService.ts(1,9842): error TS1127: Invalid character.
src/services/firebaseService.ts(1,9843): error TS1127: Invalid character.
src/services/firebaseService.ts(1,9844): error TS1127: Invalid character.
src/services/firebaseService.ts(1,9845): error TS1127: Invalid character.
src/services/firebaseService.ts(1,9846): error TS1127: Invalid character.
src/services/firebaseService.ts(1,9847): error TS1127: Invalid character.
src/services/firebaseService.ts(1,9848): error TS1127: Invalid character.
src/services/firebaseService.ts(1,9849): error TS1127: Invalid character.
src/services/firebaseService.ts(1,9850): error TS1127: Invalid character.
src/services/firebaseService.ts(1,9851): error TS1127: Invalid character.
src/services/firebaseService.ts(1,9852): error TS1127: Invalid character.
src/services/firebaseService.ts(1,9853): error TS1127: Invalid character.
src/services/firebaseService.ts(1,9854): error TS1127: Invalid character.
src/services/firebaseService.ts(1,9855): error TS1127: Invalid character.
src/services/firebaseService.ts(1,9856): error TS1127: Invalid character.
src/services/firebaseService.ts(1,9857): error TS1127: Invalid character.
src/services/firebaseService.ts(1,9858): error TS1127: Invalid character.
src/services/firebaseService.ts(1,9859): error TS1127: Invalid character.
src/services/firebaseService.ts(1,9860): error TS1127: Invalid character.
src/services/firebaseService.ts(1,9861): error TS1127: Invalid character.
src/services/firebaseService.ts(1,9862): error TS1127: Invalid character.
src/services/firebaseService.ts(1,9863): error TS1127: Invalid character.
src/services/firebaseService.ts(1,9864): error TS1127: Invalid character.
src/services/firebaseService.ts(1,9865): error TS1127: Invalid character.
src/services/firebaseService.ts(1,9866): error TS1127: Invalid character.
src/services/firebaseService.ts(1,9867): error TS1127: Invalid character.
src/services/firebaseService.ts(1,9868): error TS1127: Invalid character.
src/services/firebaseService.ts(1,9869): error TS1127: Invalid character.
src/services/firebaseService.ts(1,9870): error TS1127: Invalid character.
src/services/firebaseService.ts(1,9871): error TS1127: Invalid character.
src/services/firebaseService.ts(1,9872): error TS1127: Invalid character.
src/services/firebaseService.ts(1,9873): error TS1127: Invalid character.
src/services/firebaseService.ts(1,9874): error TS1127: Invalid character.
src/services/firebaseService.ts(1,9875): error TS1127: Invalid character.
src/services/firebaseService.ts(1,9876): error TS1127: Invalid character.
src/services/firebaseService.ts(1,9877): error TS1127: Invalid character.
src/services/firebaseService.ts(1,9878): error TS1127: Invalid character.
src/services/firebaseService.ts(1,9879): error TS1127: Invalid character.
src/services/firebaseService.ts(1,9880): error TS1127: Invalid character.
src/services/firebaseService.ts(1,9881): error TS1127: Invalid character.
src/services/firebaseService.ts(1,9882): error TS1127: Invalid character.
src/services/firebaseService.ts(1,9883): error TS1127: Invalid character.
src/services/firebaseService.ts(1,9884): error TS1127: Invalid character.
src/services/firebaseService.ts(1,9885): error TS1127: Invalid character.
src/services/firebaseService.ts(1,9886): error TS1127: Invalid character.
src/services/firebaseService.ts(1,9887): error TS1127: Invalid character.
src/services/firebaseService.ts(1,9888): error TS1127: Invalid character.
src/services/firebaseService.ts(1,9889): error TS1127: Invalid character.
src/services/firebaseService.ts(1,9890): error TS1127: Invalid character.
src/services/firebaseService.ts(1,9891): error TS1127: Invalid character.
src/services/firebaseService.ts(1,9892): error TS1127: Invalid character.
src/services/firebaseService.ts(1,9893): error TS1127: Invalid character.
src/services/firebaseService.ts(1,9894): error TS1127: Invalid character.
src/services/firebaseService.ts(1,9895): error TS1127: Invalid character.
src/services/firebaseService.ts(1,9896): error TS1127: Invalid character.
src/services/firebaseService.ts(1,9897): error TS1127: Invalid character.
src/services/firebaseService.ts(1,9898): error TS1127: Invalid character.
src/services/firebaseService.ts(1,9899): error TS1127: Invalid character.
src/services/firebaseService.ts(1,9900): error TS1127: Invalid character.
src/services/firebaseService.ts(1,9901): error TS1127: Invalid character.
src/services/firebaseService.ts(1,9902): error TS1127: Invalid character.
src/services/firebaseService.ts(1,9903): error TS1127: Invalid character.
src/services/firebaseService.ts(1,9904): error TS1127: Invalid character.
src/services/firebaseService.ts(1,9905): error TS1127: Invalid character.
src/services/firebaseService.ts(1,9906): error TS1127: Invalid character.
src/services/firebaseService.ts(1,9907): error TS1127: Invalid character.
src/services/firebaseService.ts(1,9908): error TS1127: Invalid character.
src/services/firebaseService.ts(1,9909): error TS1127: Invalid character.
src/services/firebaseService.ts(1,9910): error TS1127: Invalid character.
src/services/firebaseService.ts(1,9911): error TS1127: Invalid character.
src/services/firebaseService.ts(1,9912): error TS1127: Invalid character.
src/services/firebaseService.ts(1,9913): error TS1127: Invalid character.
src/services/firebaseService.ts(1,9914): error TS1127: Invalid character.
src/services/firebaseService.ts(1,9915): error TS1127: Invalid character.
src/services/firebaseService.ts(1,9916): error TS1127: Invalid character.
src/services/firebaseService.ts(1,9917): error TS1127: Invalid character.
src/services/firebaseService.ts(1,9918): error TS1127: Invalid character.
src/services/firebaseService.ts(1,9919): error TS1127: Invalid character.
src/services/firebaseService.ts(1,9920): error TS1127: Invalid character.
src/services/firebaseService.ts(1,9921): error TS1127: Invalid character.
src/services/firebaseService.ts(1,9922): error TS1127: Invalid character.
src/services/firebaseService.ts(1,9923): error TS1127: Invalid character.
src/services/firebaseService.ts(1,9924): error TS1127: Invalid character.
src/services/firebaseService.ts(1,9925): error TS1127: Invalid character.
src/services/firebaseService.ts(1,9926): error TS1127: Invalid character.
src/services/firebaseService.ts(1,9927): error TS1127: Invalid character.
src/services/firebaseService.ts(1,9928): error TS1127: Invalid character.
src/services/firebaseService.ts(1,9929): error TS1127: Invalid character.
src/services/firebaseService.ts(1,9930): error TS1127: Invalid character.
src/services/firebaseService.ts(1,9931): error TS1127: Invalid character.
src/services/firebaseService.ts(1,9932): error TS1127: Invalid character.
src/services/firebaseService.ts(1,9933): error TS1127: Invalid character.
src/services/firebaseService.ts(1,9934): error TS1127: Invalid character.
src/services/firebaseService.ts(1,9935): error TS1127: Invalid character.
src/services/firebaseService.ts(1,9936): error TS1127: Invalid character.
src/services/firebaseService.ts(1,9937): error TS1127: Invalid character.
src/services/firebaseService.ts(1,9938): error TS1127: Invalid character.
src/services/firebaseService.ts(1,9939): error TS1127: Invalid character.
src/services/firebaseService.ts(1,9940): error TS1127: Invalid character.
src/services/firebaseService.ts(1,9941): error TS1127: Invalid character.
src/services/firebaseService.ts(1,9942): error TS1127: Invalid character.
src/services/firebaseService.ts(1,9943): error TS1127: Invalid character.
src/services/firebaseService.ts(1,9944): error TS1127: Invalid character.
src/services/firebaseService.ts(1,9945): error TS1127: Invalid character.
src/services/firebaseService.ts(1,9946): error TS1127: Invalid character.
src/services/firebaseService.ts(1,9947): error TS1127: Invalid character.
src/services/firebaseService.ts(1,9948): error TS1127: Invalid character.
src/services/firebaseService.ts(1,9949): error TS1127: Invalid character.
src/services/firebaseService.ts(1,9950): error TS1127: Invalid character.
src/services/firebaseService.ts(1,9951): error TS1127: Invalid character.
src/services/firebaseService.ts(1,9952): error TS1127: Invalid character.
src/services/firebaseService.ts(1,9953): error TS1127: Invalid character.
src/services/firebaseService.ts(1,9954): error TS1127: Invalid character.
src/services/firebaseService.ts(1,9955): error TS1127: Invalid character.
src/services/firebaseService.ts(1,9956): error TS1127: Invalid character.
src/services/firebaseService.ts(1,9957): error TS1127: Invalid character.
src/services/firebaseService.ts(1,9958): error TS1127: Invalid character.
src/services/firebaseService.ts(1,9959): error TS1127: Invalid character.
src/services/firebaseService.ts(1,9960): error TS1127: Invalid character.
src/services/firebaseService.ts(1,9961): error TS1127: Invalid character.
src/services/firebaseService.ts(1,9962): error TS1127: Invalid character.
src/services/firebaseService.ts(1,9963): error TS1127: Invalid character.
src/services/firebaseService.ts(1,9964): error TS1127: Invalid character.
src/services/firebaseService.ts(1,9965): error TS1127: Invalid character.
src/services/firebaseService.ts(1,9966): error TS1127: Invalid character.
src/services/firebaseService.ts(1,9967): error TS1127: Invalid character.
src/services/firebaseService.ts(1,9968): error TS1127: Invalid character.
src/services/firebaseService.ts(1,9969): error TS1127: Invalid character.
src/services/firebaseService.ts(1,9970): error TS1127: Invalid character.
src/services/firebaseService.ts(1,9971): error TS1127: Invalid character.
src/services/firebaseService.ts(1,9972): error TS1127: Invalid character.
src/services/firebaseService.ts(1,9973): error TS1127: Invalid character.
src/services/firebaseService.ts(1,9974): error TS1127: Invalid character.
src/services/firebaseService.ts(1,9975): error TS1127: Invalid character.
src/services/firebaseService.ts(1,9976): error TS1127: Invalid character.
src/services/firebaseService.ts(1,9977): error TS1127: Invalid character.
src/services/firebaseService.ts(1,9978): error TS1127: Invalid character.
src/services/firebaseService.ts(1,9979): error TS1127: Invalid character.
src/services/firebaseService.ts(1,9980): error TS1127: Invalid character.
src/services/firebaseService.ts(1,9981): error TS1127: Invalid character.
src/services/firebaseService.ts(1,9982): error TS1127: Invalid character.
src/services/firebaseService.ts(1,9983): error TS1127: Invalid character.
src/services/firebaseService.ts(1,9984): error TS1127: Invalid character.
src/services/firebaseService.ts(1,9985): error TS1127: Invalid character.
src/services/firebaseService.ts(1,9986): error TS1127: Invalid character.
src/services/firebaseService.ts(1,9987): error TS1127: Invalid character.
src/services/firebaseService.ts(1,9988): error TS1127: Invalid character.
src/services/firebaseService.ts(1,9989): error TS1127: Invalid character.
src/services/firebaseService.ts(1,9990): error TS1127: Invalid character.
src/services/firebaseService.ts(1,9991): error TS1127: Invalid character.
src/services/firebaseService.ts(1,9992): error TS1127: Invalid character.
src/services/firebaseService.ts(1,9993): error TS1127: Invalid character.
src/services/firebaseService.ts(1,9994): error TS1127: Invalid character.
src/services/firebaseService.ts(1,9995): error TS1127: Invalid character.
src/services/firebaseService.ts(1,9996): error TS1127: Invalid character.
src/services/firebaseService.ts(1,9997): error TS1127: Invalid character.
src/services/firebaseService.ts(1,9998): error TS1127: Invalid character.
src/services/firebaseService.ts(1,9999): error TS1127: Invalid character.
src/services/firebaseService.ts(1,10000): error TS1127: Invalid character.
src/services/firebaseService.ts(1,10001): error TS1127: Invalid character.
src/services/firebaseService.ts(1,10002): error TS1127: Invalid character.
src/services/firebaseService.ts(1,10003): error TS1127: Invalid character.
src/services/firebaseService.ts(1,10004): error TS1127: Invalid character.
src/services/firebaseService.ts(1,10005): error TS1127: Invalid character.
src/services/firebaseService.ts(1,10006): error TS1127: Invalid character.
src/services/firebaseService.ts(1,10007): error TS1127: Invalid character.
src/services/firebaseService.ts(1,10008): error TS1127: Invalid character.
src/services/firebaseService.ts(1,10009): error TS1127: Invalid character.
src/services/firebaseService.ts(1,10010): error TS1127: Invalid character.
src/services/firebaseService.ts(1,10011): error TS1127: Invalid character.
src/services/firebaseService.ts(1,10012): error TS1127: Invalid character.
src/services/firebaseService.ts(1,10013): error TS1127: Invalid character.
src/services/firebaseService.ts(1,10014): error TS1127: Invalid character.
src/services/firebaseService.ts(1,10015): error TS1127: Invalid character.
src/services/firebaseService.ts(1,10016): error TS1127: Invalid character.
src/services/firebaseService.ts(1,10017): error TS1127: Invalid character.
src/services/firebaseService.ts(1,10018): error TS1127: Invalid character.
src/services/firebaseService.ts(1,10019): error TS1127: Invalid character.
src/services/firebaseService.ts(1,10020): error TS1127: Invalid character.
src/services/firebaseService.ts(1,10021): error TS1127: Invalid character.
src/services/firebaseService.ts(1,10022): error TS1127: Invalid character.
src/services/firebaseService.ts(1,10023): error TS1127: Invalid character.
src/services/firebaseService.ts(1,10024): error TS1127: Invalid character.
src/services/firebaseService.ts(1,10025): error TS1127: Invalid character.
src/services/firebaseService.ts(1,10026): error TS1127: Invalid character.
src/services/firebaseService.ts(1,10027): error TS1127: Invalid character.
src/services/firebaseService.ts(1,10028): error TS1127: Invalid character.
src/services/firebaseService.ts(1,10029): error TS1127: Invalid character.
src/services/firebaseService.ts(1,10030): error TS1127: Invalid character.
src/services/firebaseService.ts(1,10031): error TS1127: Invalid character.
src/services/firebaseService.ts(1,10032): error TS1127: Invalid character.
src/services/firebaseService.ts(1,10033): error TS1127: Invalid character.
src/services/firebaseService.ts(1,10034): error TS1127: Invalid character.
src/services/firebaseService.ts(1,10035): error TS1127: Invalid character.
src/services/firebaseService.ts(1,10036): error TS1127: Invalid character.
src/services/firebaseService.ts(1,10037): error TS1127: Invalid character.
src/services/firebaseService.ts(1,10038): error TS1127: Invalid character.
src/services/firebaseService.ts(1,10039): error TS1127: Invalid character.
src/services/firebaseService.ts(1,10040): error TS1127: Invalid character.
src/services/firebaseService.ts(1,10041): error TS1127: Invalid character.
src/services/firebaseService.ts(1,10042): error TS1127: Invalid character.
src/services/firebaseService.ts(1,10043): error TS1127: Invalid character.
src/services/firebaseService.ts(1,10044): error TS1127: Invalid character.
src/services/firebaseService.ts(1,10045): error TS1127: Invalid character.
src/services/firebaseService.ts(1,10046): error TS1127: Invalid character.
src/services/firebaseService.ts(1,10047): error TS1127: Invalid character.
src/services/firebaseService.ts(1,10048): error TS1127: Invalid character.
src/services/firebaseService.ts(1,10049): error TS1127: Invalid character.
src/services/firebaseService.ts(1,10050): error TS1127: Invalid character.
src/services/firebaseService.ts(1,10051): error TS1127: Invalid character.
src/services/firebaseService.ts(1,10052): error TS1127: Invalid character.
src/services/firebaseService.ts(1,10053): error TS1127: Invalid character.
src/services/firebaseService.ts(1,10054): error TS1127: Invalid character.
src/services/firebaseService.ts(1,10055): error TS1127: Invalid character.
src/services/firebaseService.ts(1,10056): error TS1127: Invalid character.
src/services/firebaseService.ts(1,10057): error TS1127: Invalid character.
src/services/firebaseService.ts(1,10058): error TS1127: Invalid character.
src/services/firebaseService.ts(1,10059): error TS1127: Invalid character.
src/services/firebaseService.ts(1,10060): error TS1127: Invalid character.
src/services/firebaseService.ts(1,10061): error TS1127: Invalid character.
src/services/firebaseService.ts(1,10062): error TS1127: Invalid character.
src/services/firebaseService.ts(1,10063): error TS1127: Invalid character.
src/services/firebaseService.ts(1,10064): error TS1127: Invalid character.
src/services/firebaseService.ts(1,10065): error TS1127: Invalid character.
src/services/firebaseService.ts(1,10066): error TS1127: Invalid character.
src/services/firebaseService.ts(1,10067): error TS1127: Invalid character.
src/services/firebaseService.ts(1,10068): error TS1127: Invalid character.
src/services/firebaseService.ts(1,10069): error TS1127: Invalid character.
src/services/firebaseService.ts(1,10070): error TS1127: Invalid character.
src/services/firebaseService.ts(1,10071): error TS1127: Invalid character.
src/services/firebaseService.ts(1,10072): error TS1127: Invalid character.
src/services/firebaseService.ts(1,10073): error TS1127: Invalid character.
src/services/firebaseService.ts(1,10074): error TS1127: Invalid character.
src/services/firebaseService.ts(1,10075): error TS1127: Invalid character.
src/services/firebaseService.ts(1,10076): error TS1127: Invalid character.
src/services/firebaseService.ts(1,10077): error TS1127: Invalid character.
src/services/firebaseService.ts(1,10078): error TS1127: Invalid character.
src/services/firebaseService.ts(1,10079): error TS1127: Invalid character.
src/services/firebaseService.ts(1,10080): error TS1127: Invalid character.
src/services/firebaseService.ts(1,10081): error TS1127: Invalid character.
src/services/firebaseService.ts(1,10082): error TS1127: Invalid character.
src/services/firebaseService.ts(1,10083): error TS1127: Invalid character.
src/services/firebaseService.ts(1,10084): error TS1127: Invalid character.
src/services/firebaseService.ts(1,10085): error TS1127: Invalid character.
src/services/firebaseService.ts(1,10086): error TS1127: Invalid character.
src/services/firebaseService.ts(1,10087): error TS1127: Invalid character.
src/services/firebaseService.ts(1,10088): error TS1127: Invalid character.
src/services/firebaseService.ts(1,10089): error TS1127: Invalid character.
src/services/firebaseService.ts(1,10090): error TS1127: Invalid character.
src/services/firebaseService.ts(1,10091): error TS1127: Invalid character.
src/services/firebaseService.ts(1,10092): error TS1127: Invalid character.
src/services/firebaseService.ts(1,10093): error TS1127: Invalid character.
src/services/firebaseService.ts(1,10094): error TS1127: Invalid character.
src/services/firebaseService.ts(1,10095): error TS1127: Invalid character.
src/services/firebaseService.ts(1,10096): error TS1127: Invalid character.
src/services/firebaseService.ts(1,10097): error TS1127: Invalid character.
src/services/firebaseService.ts(1,10098): error TS1127: Invalid character.
src/services/firebaseService.ts(1,10099): error TS1127: Invalid character.
src/services/firebaseService.ts(1,10100): error TS1127: Invalid character.
src/services/firebaseService.ts(1,10101): error TS1127: Invalid character.
src/services/firebaseService.ts(1,10102): error TS1127: Invalid character.
src/services/firebaseService.ts(1,10103): error TS1127: Invalid character.
src/services/firebaseService.ts(1,10104): error TS1127: Invalid character.
src/services/firebaseService.ts(1,10105): error TS1127: Invalid character.
src/services/firebaseService.ts(1,10106): error TS1127: Invalid character.
src/services/firebaseService.ts(1,10107): error TS1127: Invalid character.
src/services/firebaseService.ts(1,10108): error TS1127: Invalid character.
src/services/firebaseService.ts(1,10109): error TS1127: Invalid character.
src/services/firebaseService.ts(1,10110): error TS1127: Invalid character.
src/services/firebaseService.ts(1,10111): error TS1127: Invalid character.
src/services/firebaseService.ts(1,10112): error TS1127: Invalid character.
src/services/firebaseService.ts(1,10113): error TS1127: Invalid character.
src/services/firebaseService.ts(1,10114): error TS1127: Invalid character.
src/services/firebaseService.ts(1,10115): error TS1127: Invalid character.
src/services/firebaseService.ts(1,10116): error TS1127: Invalid character.
src/services/firebaseService.ts(1,10117): error TS1127: Invalid character.
src/services/firebaseService.ts(1,10118): error TS1127: Invalid character.
src/services/firebaseService.ts(1,10119): error TS1127: Invalid character.
src/services/firebaseService.ts(1,10120): error TS1127: Invalid character.
src/services/firebaseService.ts(1,10121): error TS1127: Invalid character.
src/services/firebaseService.ts(1,10122): error TS1127: Invalid character.
src/services/firebaseService.ts(1,10123): error TS1127: Invalid character.
src/services/firebaseService.ts(1,10124): error TS1127: Invalid character.
src/services/firebaseService.ts(1,10125): error TS1127: Invalid character.
src/services/firebaseService.ts(1,10126): error TS1127: Invalid character.
src/services/firebaseService.ts(1,10127): error TS1127: Invalid character.
src/services/firebaseService.ts(1,10128): error TS1127: Invalid character.
src/services/firebaseService.ts(1,10129): error TS1127: Invalid character.
src/services/firebaseService.ts(1,10130): error TS1127: Invalid character.
src/services/firebaseService.ts(1,10131): error TS1127: Invalid character.
src/services/firebaseService.ts(1,10132): error TS1127: Invalid character.
src/services/firebaseService.ts(1,10133): error TS1127: Invalid character.
src/services/firebaseService.ts(1,10134): error TS1127: Invalid character.
src/services/firebaseService.ts(1,10135): error TS1127: Invalid character.
src/services/firebaseService.ts(1,10136): error TS1127: Invalid character.
src/services/firebaseService.ts(1,10137): error TS1127: Invalid character.
src/services/firebaseService.ts(1,10138): error TS1127: Invalid character.
src/services/firebaseService.ts(1,10139): error TS1127: Invalid character.
src/services/firebaseService.ts(1,10140): error TS1127: Invalid character.
src/services/firebaseService.ts(1,10141): error TS1127: Invalid character.
src/services/firebaseService.ts(1,10142): error TS1127: Invalid character.
src/services/firebaseService.ts(1,10143): error TS1127: Invalid character.
src/services/firebaseService.ts(1,10144): error TS1127: Invalid character.
src/services/firebaseService.ts(1,10145): error TS1127: Invalid character.
src/services/firebaseService.ts(1,10146): error TS1127: Invalid character.
src/services/firebaseService.ts(1,10147): error TS1127: Invalid character.
src/services/firebaseService.ts(1,10148): error TS1127: Invalid character.
src/services/firebaseService.ts(1,10149): error TS1127: Invalid character.
src/services/firebaseService.ts(1,10150): error TS1127: Invalid character.
src/services/firebaseService.ts(1,10151): error TS1127: Invalid character.
src/services/firebaseService.ts(1,10152): error TS1127: Invalid character.
src/services/firebaseService.ts(1,10153): error TS1127: Invalid character.
src/services/firebaseService.ts(1,10154): error TS1127: Invalid character.
src/services/firebaseService.ts(1,10155): error TS1127: Invalid character.
src/services/firebaseService.ts(1,10156): error TS1127: Invalid character.
src/services/firebaseService.ts(1,10157): error TS1127: Invalid character.
src/services/firebaseService.ts(1,10158): error TS1127: Invalid character.
src/services/firebaseService.ts(1,10159): error TS1127: Invalid character.
src/services/firebaseService.ts(1,10160): error TS1127: Invalid character.
src/services/firebaseService.ts(1,10161): error TS1127: Invalid character.
src/services/firebaseService.ts(1,10162): error TS1127: Invalid character.
src/services/firebaseService.ts(1,10163): error TS1127: Invalid character.
src/services/firebaseService.ts(1,10164): error TS1127: Invalid character.
src/services/firebaseService.ts(1,10165): error TS1127: Invalid character.
src/services/firebaseService.ts(1,10166): error TS1127: Invalid character.
src/services/firebaseService.ts(1,10167): error TS1127: Invalid character.
src/services/firebaseService.ts(1,10168): error TS1127: Invalid character.
src/services/firebaseService.ts(1,10169): error TS1127: Invalid character.
src/services/firebaseService.ts(1,10170): error TS1127: Invalid character.
src/services/firebaseService.ts(1,10171): error TS1127: Invalid character.
src/services/firebaseService.ts(1,10172): error TS1127: Invalid character.
src/services/firebaseService.ts(1,10173): error TS1127: Invalid character.
src/services/firebaseService.ts(1,10174): error TS1127: Invalid character.
src/services/firebaseService.ts(1,10175): error TS1127: Invalid character.
src/services/firebaseService.ts(1,10176): error TS1127: Invalid character.
src/services/firebaseService.ts(1,10177): error TS1127: Invalid character.
src/services/firebaseService.ts(1,10178): error TS1127: Invalid character.
src/services/firebaseService.ts(1,10179): error TS1127: Invalid character.
src/services/firebaseService.ts(1,10180): error TS1127: Invalid character.
src/services/firebaseService.ts(1,10181): error TS1127: Invalid character.
src/services/firebaseService.ts(1,10182): error TS1127: Invalid character.
src/services/firebaseService.ts(1,10183): error TS1127: Invalid character.
src/services/firebaseService.ts(1,10184): error TS1127: Invalid character.
src/services/firebaseService.ts(1,10185): error TS1127: Invalid character.
src/services/firebaseService.ts(1,10186): error TS1127: Invalid character.
src/services/firebaseService.ts(1,10187): error TS1127: Invalid character.
src/services/firebaseService.ts(1,10188): error TS1127: Invalid character.
src/services/firebaseService.ts(1,10189): error TS1127: Invalid character.
src/services/firebaseService.ts(1,10190): error TS1127: Invalid character.
src/services/firebaseService.ts(1,10191): error TS1127: Invalid character.
src/services/firebaseService.ts(1,10192): error TS1127: Invalid character.
src/services/firebaseService.ts(1,10193): error TS1127: Invalid character.
src/services/firebaseService.ts(1,10194): error TS1127: Invalid character.
src/services/firebaseService.ts(1,10195): error TS1127: Invalid character.
src/services/firebaseService.ts(1,10196): error TS1127: Invalid character.
src/services/firebaseService.ts(1,10197): error TS1127: Invalid character.
src/services/firebaseService.ts(1,10198): error TS1127: Invalid character.
src/services/firebaseService.ts(1,10199): error TS1127: Invalid character.
src/services/firebaseService.ts(1,10200): error TS1127: Invalid character.
src/services/firebaseService.ts(1,10201): error TS1127: Invalid character.
src/services/firebaseService.ts(1,10202): error TS1127: Invalid character.
src/services/firebaseService.ts(1,10203): error TS1127: Invalid character.
src/services/firebaseService.ts(1,10204): error TS1127: Invalid character.
src/services/firebaseService.ts(1,10205): error TS1127: Invalid character.
src/services/firebaseService.ts(1,10206): error TS1127: Invalid character.
src/services/firebaseService.ts(1,10207): error TS1127: Invalid character.
src/services/firebaseService.ts(1,10208): error TS1127: Invalid character.
src/services/firebaseService.ts(1,10209): error TS1127: Invalid character.
src/services/firebaseService.ts(1,10210): error TS1127: Invalid character.
src/services/firebaseService.ts(1,10211): error TS1127: Invalid character.
src/services/firebaseService.ts(1,10212): error TS1127: Invalid character.
src/services/firebaseService.ts(1,10213): error TS1127: Invalid character.
src/services/firebaseService.ts(1,10214): error TS1127: Invalid character.
src/services/firebaseService.ts(1,10215): error TS1127: Invalid character.
src/services/firebaseService.ts(1,10216): error TS1127: Invalid character.
src/services/firebaseService.ts(1,10217): error TS1127: Invalid character.
src/services/firebaseService.ts(1,10218): error TS1127: Invalid character.
src/services/firebaseService.ts(1,10219): error TS1127: Invalid character.
src/services/firebaseService.ts(1,10220): error TS1127: Invalid character.
src/services/firebaseService.ts(1,10221): error TS1127: Invalid character.
src/services/firebaseService.ts(1,10222): error TS1127: Invalid character.
src/services/firebaseService.ts(1,10223): error TS1127: Invalid character.
src/services/firebaseService.ts(1,10224): error TS1127: Invalid character.
src/services/firebaseService.ts(1,10225): error TS1127: Invalid character.
src/services/firebaseService.ts(1,10226): error TS1127: Invalid character.
src/services/firebaseService.ts(1,10227): error TS1127: Invalid character.
src/services/firebaseService.ts(1,10228): error TS1127: Invalid character.
src/services/firebaseService.ts(1,10229): error TS1127: Invalid character.
src/services/firebaseService.ts(1,10230): error TS1127: Invalid character.
src/services/firebaseService.ts(1,10231): error TS1127: Invalid character.
src/services/firebaseService.ts(1,10232): error TS1127: Invalid character.
src/services/firebaseService.ts(1,10233): error TS1127: Invalid character.
src/services/firebaseService.ts(1,10234): error TS1127: Invalid character.
src/services/firebaseService.ts(1,10235): error TS1127: Invalid character.
src/services/firebaseService.ts(1,10236): error TS1127: Invalid character.
src/services/firebaseService.ts(1,10237): error TS1127: Invalid character.
src/services/firebaseService.ts(1,10238): error TS1127: Invalid character.
src/services/firebaseService.ts(1,10239): error TS1127: Invalid character.
src/services/firebaseService.ts(1,10240): error TS1127: Invalid character.
src/services/firebaseService.ts(1,10241): error TS1127: Invalid character.
src/services/firebaseService.ts(1,10242): error TS1127: Invalid character.
src/services/firebaseService.ts(1,10243): error TS1127: Invalid character.
src/services/firebaseService.ts(1,10244): error TS1127: Invalid character.
src/services/firebaseService.ts(1,10245): error TS1127: Invalid character.
src/services/firebaseService.ts(1,10246): error TS1127: Invalid character.
src/services/firebaseService.ts(1,10247): error TS1127: Invalid character.
src/services/firebaseService.ts(1,10248): error TS1127: Invalid character.
src/services/firebaseService.ts(1,10249): error TS1127: Invalid character.
src/services/firebaseService.ts(1,10250): error TS1127: Invalid character.
src/services/firebaseService.ts(1,10251): error TS1127: Invalid character.
src/services/firebaseService.ts(1,10252): error TS1127: Invalid character.
src/services/firebaseService.ts(1,10253): error TS1127: Invalid character.
src/services/firebaseService.ts(1,10254): error TS1127: Invalid character.
src/services/firebaseService.ts(1,10255): error TS1127: Invalid character.
src/services/firebaseService.ts(1,10256): error TS1127: Invalid character.
src/services/firebaseService.ts(1,10257): error TS1127: Invalid character.
src/services/firebaseService.ts(1,10258): error TS1127: Invalid character.
src/services/firebaseService.ts(1,10259): error TS1127: Invalid character.
src/services/firebaseService.ts(1,10260): error TS1127: Invalid character.
src/services/firebaseService.ts(1,10261): error TS1127: Invalid character.
src/services/firebaseService.ts(1,10262): error TS1127: Invalid character.
src/services/firebaseService.ts(1,10263): error TS1127: Invalid character.
src/services/firebaseService.ts(1,10264): error TS1127: Invalid character.
src/services/firebaseService.ts(1,10265): error TS1127: Invalid character.
src/services/firebaseService.ts(1,10266): error TS1127: Invalid character.
src/services/firebaseService.ts(1,10267): error TS1127: Invalid character.
src/services/firebaseService.ts(1,10268): error TS1127: Invalid character.
src/services/firebaseService.ts(1,10269): error TS1127: Invalid character.
src/services/firebaseService.ts(1,10270): error TS1127: Invalid character.
src/services/firebaseService.ts(1,10271): error TS1127: Invalid character.
src/services/firebaseService.ts(1,10272): error TS1127: Invalid character.
src/services/firebaseService.ts(1,10273): error TS1127: Invalid character.
src/services/firebaseService.ts(1,10274): error TS1127: Invalid character.
src/services/firebaseService.ts(1,10275): error TS1127: Invalid character.
src/services/firebaseService.ts(1,10276): error TS1127: Invalid character.
src/services/firebaseService.ts(1,10277): error TS1127: Invalid character.
src/services/firebaseService.ts(1,10278): error TS1127: Invalid character.
src/services/firebaseService.ts(1,10279): error TS1127: Invalid character.
src/services/firebaseService.ts(1,10280): error TS1127: Invalid character.
src/services/firebaseService.ts(1,10281): error TS1127: Invalid character.
src/services/firebaseService.ts(1,10282): error TS1127: Invalid character.
src/services/firebaseService.ts(1,10283): error TS1127: Invalid character.
src/services/firebaseService.ts(1,10284): error TS1127: Invalid character.
src/services/firebaseService.ts(1,10285): error TS1127: Invalid character.
src/services/firebaseService.ts(1,10286): error TS1127: Invalid character.
src/services/firebaseService.ts(1,10287): error TS1127: Invalid character.
src/services/firebaseService.ts(1,10288): error TS1127: Invalid character.
src/services/firebaseService.ts(1,10289): error TS1127: Invalid character.
src/services/firebaseService.ts(1,10290): error TS1127: Invalid character.
src/services/firebaseService.ts(1,10291): error TS1127: Invalid character.
src/services/firebaseService.ts(1,10292): error TS1127: Invalid character.
src/services/firebaseService.ts(1,10293): error TS1127: Invalid character.
src/services/firebaseService.ts(1,10294): error TS1127: Invalid character.
src/services/firebaseService.ts(1,10295): error TS1127: Invalid character.
src/services/firebaseService.ts(1,10296): error TS1127: Invalid character.
src/services/firebaseService.ts(1,10297): error TS1127: Invalid character.
src/services/firebaseService.ts(1,10298): error TS1127: Invalid character.
src/services/firebaseService.ts(1,10299): error TS1127: Invalid character.
src/services/firebaseService.ts(1,10300): error TS1127: Invalid character.
src/services/firebaseService.ts(1,10301): error TS1127: Invalid character.
src/services/firebaseService.ts(1,10302): error TS1127: Invalid character.
src/services/firebaseService.ts(1,10303): error TS1127: Invalid character.
src/services/firebaseService.ts(1,10304): error TS1127: Invalid character.
src/services/firebaseService.ts(1,10305): error TS1127: Invalid character.
src/services/firebaseService.ts(1,10306): error TS1127: Invalid character.
src/services/firebaseService.ts(1,10307): error TS1127: Invalid character.
src/services/firebaseService.ts(1,10308): error TS1127: Invalid character.
src/services/firebaseService.ts(1,10309): error TS1127: Invalid character.
src/services/firebaseService.ts(1,10310): error TS1127: Invalid character.
src/services/firebaseService.ts(1,10311): error TS1127: Invalid character.
src/services/firebaseService.ts(1,10312): error TS1127: Invalid character.
src/services/firebaseService.ts(1,10313): error TS1127: Invalid character.
src/services/firebaseService.ts(1,10314): error TS1127: Invalid character.
src/services/firebaseService.ts(1,10315): error TS1127: Invalid character.
src/services/firebaseService.ts(1,10316): error TS1127: Invalid character.
src/services/firebaseService.ts(1,10317): error TS1127: Invalid character.
src/services/firebaseService.ts(1,10318): error TS1127: Invalid character.
src/services/firebaseService.ts(1,10319): error TS1127: Invalid character.
src/services/firebaseService.ts(1,10320): error TS1127: Invalid character.
src/services/firebaseService.ts(1,10321): error TS1127: Invalid character.
src/services/firebaseService.ts(1,10322): error TS1127: Invalid character.
src/services/firebaseService.ts(1,10323): error TS1127: Invalid character.
src/services/firebaseService.ts(1,10324): error TS1127: Invalid character.
src/services/firebaseService.ts(1,10325): error TS1127: Invalid character.
src/services/firebaseService.ts(1,10326): error TS1127: Invalid character.
src/services/firebaseService.ts(1,10327): error TS1127: Invalid character.
src/services/firebaseService.ts(1,10328): error TS1127: Invalid character.
src/services/firebaseService.ts(1,10329): error TS1127: Invalid character.
src/services/firebaseService.ts(1,10330): error TS1127: Invalid character.
src/services/firebaseService.ts(1,10331): error TS1127: Invalid character.
src/services/firebaseService.ts(1,10332): error TS1127: Invalid character.
src/services/firebaseService.ts(1,10333): error TS1127: Invalid character.
src/services/firebaseService.ts(1,10334): error TS1127: Invalid character.
src/services/firebaseService.ts(1,10335): error TS1127: Invalid character.
src/services/firebaseService.ts(1,10336): error TS1127: Invalid character.
src/services/firebaseService.ts(1,10337): error TS1127: Invalid character.
src/services/firebaseService.ts(1,10338): error TS1127: Invalid character.
src/services/firebaseService.ts(1,10339): error TS1127: Invalid character.
src/services/firebaseService.ts(1,10340): error TS1127: Invalid character.
src/services/firebaseService.ts(1,10341): error TS1127: Invalid character.
src/services/firebaseService.ts(1,10342): error TS1127: Invalid character.
src/services/firebaseService.ts(1,10343): error TS1127: Invalid character.
src/services/firebaseService.ts(1,10344): error TS1127: Invalid character.
src/services/firebaseService.ts(1,10345): error TS1127: Invalid character.
src/services/firebaseService.ts(1,10346): error TS1127: Invalid character.
src/services/firebaseService.ts(1,10347): error TS1127: Invalid character.
src/services/firebaseService.ts(1,10348): error TS1127: Invalid character.
src/services/firebaseService.ts(1,10349): error TS1127: Invalid character.
src/services/firebaseService.ts(1,10350): error TS1127: Invalid character.
src/services/firebaseService.ts(1,10351): error TS1127: Invalid character.
src/services/firebaseService.ts(1,10352): error TS1127: Invalid character.
src/services/firebaseService.ts(1,10353): error TS1127: Invalid character.
src/services/firebaseService.ts(1,10354): error TS1127: Invalid character.
src/services/firebaseService.ts(1,10355): error TS1127: Invalid character.
src/services/firebaseService.ts(1,10356): error TS1127: Invalid character.
src/services/firebaseService.ts(1,10357): error TS1127: Invalid character.
src/services/firebaseService.ts(1,10358): error TS1127: Invalid character.
src/services/firebaseService.ts(1,10359): error TS1127: Invalid character.
src/services/firebaseService.ts(1,10360): error TS1127: Invalid character.
src/services/firebaseService.ts(1,10361): error TS1127: Invalid character.
src/services/firebaseService.ts(1,10362): error TS1127: Invalid character.
src/services/firebaseService.ts(1,10363): error TS1127: Invalid character.
src/services/firebaseService.ts(1,10364): error TS1127: Invalid character.
src/services/firebaseService.ts(1,10365): error TS1127: Invalid character.
src/services/firebaseService.ts(1,10366): error TS1127: Invalid character.
src/services/firebaseService.ts(1,10367): error TS1127: Invalid character.
src/services/firebaseService.ts(1,10368): error TS1127: Invalid character.
src/services/firebaseService.ts(1,10369): error TS1127: Invalid character.
src/services/firebaseService.ts(1,10370): error TS1127: Invalid character.
src/services/firebaseService.ts(1,10371): error TS1127: Invalid character.
src/services/firebaseService.ts(1,10372): error TS1127: Invalid character.
src/services/firebaseService.ts(1,10373): error TS1127: Invalid character.
src/services/firebaseService.ts(1,10374): error TS1127: Invalid character.
src/services/firebaseService.ts(1,10375): error TS1127: Invalid character.
src/services/firebaseService.ts(1,10376): error TS1127: Invalid character.
src/services/firebaseService.ts(1,10377): error TS1127: Invalid character.
src/services/firebaseService.ts(1,10378): error TS1127: Invalid character.
src/services/firebaseService.ts(1,10379): error TS1127: Invalid character.
src/services/firebaseService.ts(1,10380): error TS1127: Invalid character.
src/services/firebaseService.ts(1,10381): error TS1127: Invalid character.
src/services/firebaseService.ts(1,10382): error TS1127: Invalid character.
src/services/firebaseService.ts(1,10383): error TS1127: Invalid character.
src/services/firebaseService.ts(1,10384): error TS1127: Invalid character.
src/services/firebaseService.ts(1,10385): error TS1127: Invalid character.
src/services/firebaseService.ts(1,10386): error TS1127: Invalid character.
src/services/firebaseService.ts(1,10387): error TS1127: Invalid character.
src/services/firebaseService.ts(1,10388): error TS1127: Invalid character.
src/services/firebaseService.ts(1,10389): error TS1127: Invalid character.
src/services/firebaseService.ts(1,10390): error TS1127: Invalid character.
src/services/firebaseService.ts(1,10391): error TS1127: Invalid character.
src/services/firebaseService.ts(1,10392): error TS1127: Invalid character.
src/services/firebaseService.ts(1,10393): error TS1127: Invalid character.
src/services/firebaseService.ts(1,10394): error TS1127: Invalid character.
src/services/firebaseService.ts(1,10395): error TS1127: Invalid character.
src/services/firebaseService.ts(1,10396): error TS1127: Invalid character.
src/services/firebaseService.ts(1,10397): error TS1127: Invalid character.
src/services/firebaseService.ts(1,10398): error TS1127: Invalid character.
src/services/firebaseService.ts(1,10399): error TS1127: Invalid character.
src/services/firebaseService.ts(1,10400): error TS1127: Invalid character.
src/services/firebaseService.ts(1,10401): error TS1127: Invalid character.
src/services/firebaseService.ts(1,10402): error TS1127: Invalid character.
src/services/firebaseService.ts(1,10403): error TS1127: Invalid character.
src/services/firebaseService.ts(1,10404): error TS1127: Invalid character.
src/services/firebaseService.ts(1,10405): error TS1127: Invalid character.
src/services/firebaseService.ts(1,10406): error TS1127: Invalid character.
src/services/firebaseService.ts(1,10407): error TS1127: Invalid character.
src/services/firebaseService.ts(1,10408): error TS1127: Invalid character.
src/services/firebaseService.ts(1,10409): error TS1127: Invalid character.
src/services/firebaseService.ts(1,10410): error TS1127: Invalid character.
src/services/firebaseService.ts(1,10411): error TS1127: Invalid character.
src/services/firebaseService.ts(1,10412): error TS1127: Invalid character.
src/services/firebaseService.ts(1,10413): error TS1127: Invalid character.
src/services/firebaseService.ts(1,10414): error TS1127: Invalid character.
src/services/firebaseService.ts(1,10415): error TS1127: Invalid character.
src/services/firebaseService.ts(1,10416): error TS1127: Invalid character.
src/services/firebaseService.ts(1,10417): error TS1127: Invalid character.
src/services/firebaseService.ts(1,10418): error TS1127: Invalid character.
src/services/firebaseService.ts(1,10419): error TS1127: Invalid character.
src/services/firebaseService.ts(1,10420): error TS1127: Invalid character.
src/services/firebaseService.ts(1,10421): error TS1127: Invalid character.
src/services/firebaseService.ts(1,10422): error TS1127: Invalid character.
src/services/firebaseService.ts(1,10423): error TS1127: Invalid character.
src/services/firebaseService.ts(1,10424): error TS1127: Invalid character.
src/services/firebaseService.ts(1,10425): error TS1127: Invalid character.
src/services/firebaseService.ts(1,10426): error TS1127: Invalid character.
src/services/firebaseService.ts(1,10427): error TS1127: Invalid character.
src/services/firebaseService.ts(1,10428): error TS1127: Invalid character.
src/services/firebaseService.ts(1,10429): error TS1127: Invalid character.
src/services/firebaseService.ts(1,10430): error TS1127: Invalid character.
src/services/firebaseService.ts(1,10431): error TS1127: Invalid character.
src/services/firebaseService.ts(1,10432): error TS1127: Invalid character.
src/services/firebaseService.ts(1,10433): error TS1127: Invalid character.
src/services/firebaseService.ts(1,10434): error TS1127: Invalid character.
src/services/firebaseService.ts(1,10435): error TS1127: Invalid character.
src/services/firebaseService.ts(1,10436): error TS1127: Invalid character.
src/services/firebaseService.ts(1,10437): error TS1127: Invalid character.
src/services/firebaseService.ts(1,10438): error TS1127: Invalid character.
src/services/firebaseService.ts(1,10439): error TS1127: Invalid character.
src/services/firebaseService.ts(1,10440): error TS1127: Invalid character.
src/services/firebaseService.ts(1,10441): error TS1127: Invalid character.
src/services/firebaseService.ts(1,10442): error TS1127: Invalid character.
src/services/firebaseService.ts(1,10443): error TS1127: Invalid character.
src/services/firebaseService.ts(1,10444): error TS1127: Invalid character.
src/services/firebaseService.ts(1,10445): error TS1127: Invalid character.
src/services/firebaseService.ts(1,10446): error TS1127: Invalid character.
src/services/firebaseService.ts(1,10447): error TS1127: Invalid character.
src/services/firebaseService.ts(1,10448): error TS1127: Invalid character.
src/services/firebaseService.ts(1,10449): error TS1127: Invalid character.
src/services/firebaseService.ts(1,10450): error TS1127: Invalid character.
src/services/firebaseService.ts(1,10451): error TS1127: Invalid character.
src/services/firebaseService.ts(1,10452): error TS1127: Invalid character.
src/services/firebaseService.ts(1,10453): error TS1127: Invalid character.
src/services/firebaseService.ts(1,10454): error TS1127: Invalid character.
src/services/firebaseService.ts(1,10455): error TS1127: Invalid character.
src/services/firebaseService.ts(1,10456): error TS1127: Invalid character.
src/services/firebaseService.ts(1,10457): error TS1127: Invalid character.
src/services/firebaseService.ts(1,10458): error TS1127: Invalid character.
src/services/firebaseService.ts(1,10459): error TS1127: Invalid character.
src/services/firebaseService.ts(1,10460): error TS1127: Invalid character.
src/services/firebaseService.ts(1,10461): error TS1127: Invalid character.
src/services/firebaseService.ts(1,10462): error TS1127: Invalid character.
src/services/firebaseService.ts(1,10463): error TS1127: Invalid character.
src/services/firebaseService.ts(1,10464): error TS1127: Invalid character.
src/services/firebaseService.ts(1,10465): error TS1127: Invalid character.
src/services/firebaseService.ts(1,10466): error TS1127: Invalid character.
src/services/firebaseService.ts(1,10467): error TS1127: Invalid character.
src/services/firebaseService.ts(1,10468): error TS1127: Invalid character.
src/services/firebaseService.ts(1,10469): error TS1127: Invalid character.
src/services/firebaseService.ts(1,10470): error TS1127: Invalid character.
src/services/firebaseService.ts(1,10471): error TS1127: Invalid character.
src/services/firebaseService.ts(1,10472): error TS1127: Invalid character.
src/services/firebaseService.ts(1,10473): error TS1127: Invalid character.
src/services/firebaseService.ts(1,10474): error TS1127: Invalid character.
src/services/firebaseService.ts(1,10475): error TS1127: Invalid character.
src/services/firebaseService.ts(1,10476): error TS1127: Invalid character.
src/services/firebaseService.ts(1,10477): error TS1127: Invalid character.
src/services/firebaseService.ts(1,10478): error TS1127: Invalid character.
src/services/firebaseService.ts(1,10479): error TS1127: Invalid character.
src/services/firebaseService.ts(1,10480): error TS1127: Invalid character.
src/services/firebaseService.ts(1,10481): error TS1127: Invalid character.
src/services/firebaseService.ts(1,10482): error TS1127: Invalid character.
src/services/firebaseService.ts(1,10483): error TS1127: Invalid character.
src/services/firebaseService.ts(1,10484): error TS1127: Invalid character.
src/services/firebaseService.ts(1,10485): error TS1127: Invalid character.
src/services/firebaseService.ts(1,10486): error TS1127: Invalid character.
src/services/firebaseService.ts(1,10487): error TS1127: Invalid character.
src/services/firebaseService.ts(1,10488): error TS1127: Invalid character.
src/services/firebaseService.ts(1,10489): error TS1127: Invalid character.
src/services/firebaseService.ts(1,10490): error TS1127: Invalid character.
src/services/firebaseService.ts(1,10491): error TS1127: Invalid character.
src/services/firebaseService.ts(1,10492): error TS1127: Invalid character.
src/services/firebaseService.ts(1,10493): error TS1127: Invalid character.
src/services/firebaseService.ts(1,10494): error TS1127: Invalid character.
src/services/firebaseService.ts(1,10495): error TS1127: Invalid character.
src/services/firebaseService.ts(1,10496): error TS1127: Invalid character.
src/services/firebaseService.ts(1,10497): error TS1127: Invalid character.
src/services/firebaseService.ts(1,10498): error TS1127: Invalid character.
src/services/firebaseService.ts(1,10499): error TS1127: Invalid character.
src/services/firebaseService.ts(1,10500): error TS1127: Invalid character.
src/services/firebaseService.ts(1,10501): error TS1127: Invalid character.
src/services/firebaseService.ts(1,10502): error TS1127: Invalid character.
src/services/firebaseService.ts(1,10503): error TS1127: Invalid character.
src/services/firebaseService.ts(1,10504): error TS1127: Invalid character.
src/services/firebaseService.ts(1,10505): error TS1127: Invalid character.
src/services/firebaseService.ts(1,10506): error TS1127: Invalid character.
src/services/firebaseService.ts(1,10507): error TS1127: Invalid character.
src/services/firebaseService.ts(1,10508): error TS1127: Invalid character.
src/services/firebaseService.ts(1,10509): error TS1127: Invalid character.
src/services/firebaseService.ts(1,10510): error TS1127: Invalid character.
src/services/firebaseService.ts(1,10511): error TS1127: Invalid character.
src/services/firebaseService.ts(1,10512): error TS1127: Invalid character.
src/services/firebaseService.ts(1,10513): error TS1127: Invalid character.
src/services/firebaseService.ts(1,10514): error TS1127: Invalid character.
src/services/firebaseService.ts(1,10515): error TS1127: Invalid character.
src/services/firebaseService.ts(1,10516): error TS1127: Invalid character.
src/services/firebaseService.ts(1,10517): error TS1127: Invalid character.
src/services/firebaseService.ts(1,10518): error TS1127: Invalid character.
src/services/firebaseService.ts(1,10519): error TS1127: Invalid character.
src/services/firebaseService.ts(1,10520): error TS1127: Invalid character.
src/services/firebaseService.ts(1,10521): error TS1127: Invalid character.
src/services/firebaseService.ts(1,10522): error TS1127: Invalid character.
src/services/firebaseService.ts(1,10523): error TS1127: Invalid character.
src/services/firebaseService.ts(1,10524): error TS1127: Invalid character.
src/services/firebaseService.ts(1,10525): error TS1127: Invalid character.
src/services/firebaseService.ts(1,10526): error TS1127: Invalid character.
src/services/firebaseService.ts(1,10527): error TS1127: Invalid character.
src/services/firebaseService.ts(1,10528): error TS1127: Invalid character.
src/services/firebaseService.ts(1,10529): error TS1127: Invalid character.
src/services/firebaseService.ts(1,10530): error TS1127: Invalid character.
src/services/firebaseService.ts(1,10531): error TS1127: Invalid character.
src/services/firebaseService.ts(1,10532): error TS1127: Invalid character.
src/services/firebaseService.ts(1,10533): error TS1127: Invalid character.
src/services/firebaseService.ts(1,10534): error TS1127: Invalid character.
src/services/firebaseService.ts(1,10535): error TS1127: Invalid character.
src/services/firebaseService.ts(1,10536): error TS1127: Invalid character.
src/services/firebaseService.ts(1,10537): error TS1127: Invalid character.
src/services/firebaseService.ts(1,10538): error TS1127: Invalid character.
src/services/firebaseService.ts(1,10539): error TS1127: Invalid character.
src/services/firebaseService.ts(1,10540): error TS1127: Invalid character.
src/services/firebaseService.ts(1,10541): error TS1127: Invalid character.
src/services/firebaseService.ts(1,10542): error TS1127: Invalid character.
src/services/firebaseService.ts(1,10543): error TS1127: Invalid character.
src/services/firebaseService.ts(1,10544): error TS1127: Invalid character.
src/services/firebaseService.ts(1,10545): error TS1127: Invalid character.
src/services/firebaseService.ts(1,10546): error TS1127: Invalid character.
src/services/firebaseService.ts(1,10547): error TS1127: Invalid character.
src/services/firebaseService.ts(1,10548): error TS1127: Invalid character.
src/services/firebaseService.ts(1,10549): error TS1127: Invalid character.
src/services/firebaseService.ts(1,10550): error TS1127: Invalid character.
src/services/firebaseService.ts(1,10551): error TS1127: Invalid character.
src/services/firebaseService.ts(1,10552): error TS1127: Invalid character.
src/services/firebaseService.ts(1,10553): error TS1127: Invalid character.
src/services/firebaseService.ts(1,10554): error TS1127: Invalid character.
src/services/firebaseService.ts(1,10555): error TS1127: Invalid character.
src/services/firebaseService.ts(1,10556): error TS1127: Invalid character.
src/services/firebaseService.ts(1,10557): error TS1127: Invalid character.
src/services/firebaseService.ts(1,10558): error TS1127: Invalid character.
src/services/firebaseService.ts(1,10559): error TS1127: Invalid character.
src/services/firebaseService.ts(1,10560): error TS1127: Invalid character.
src/services/firebaseService.ts(1,10561): error TS1127: Invalid character.
src/services/firebaseService.ts(1,10562): error TS1127: Invalid character.
src/services/firebaseService.ts(1,10563): error TS1127: Invalid character.
src/services/firebaseService.ts(1,10564): error TS1127: Invalid character.
src/services/firebaseService.ts(1,10565): error TS1127: Invalid character.
src/services/firebaseService.ts(1,10566): error TS1127: Invalid character.
src/services/firebaseService.ts(1,10567): error TS1127: Invalid character.
src/services/firebaseService.ts(1,10568): error TS1127: Invalid character.
src/services/firebaseService.ts(1,10569): error TS1127: Invalid character.
src/services/firebaseService.ts(1,10570): error TS1127: Invalid character.
src/services/firebaseService.ts(1,10571): error TS1127: Invalid character.
src/services/firebaseService.ts(1,10572): error TS1127: Invalid character.
src/services/firebaseService.ts(1,10573): error TS1127: Invalid character.
src/services/firebaseService.ts(1,10574): error TS1127: Invalid character.
src/services/firebaseService.ts(1,10575): error TS1127: Invalid character.
src/services/firebaseService.ts(1,10576): error TS1127: Invalid character.
src/services/firebaseService.ts(1,10577): error TS1127: Invalid character.
src/services/firebaseService.ts(1,10578): error TS1127: Invalid character.
src/services/firebaseService.ts(1,10579): error TS1127: Invalid character.
src/services/firebaseService.ts(1,10580): error TS1127: Invalid character.
src/services/firebaseService.ts(1,10581): error TS1127: Invalid character.
src/services/firebaseService.ts(1,10582): error TS1127: Invalid character.
src/services/firebaseService.ts(1,10583): error TS1127: Invalid character.
src/services/firebaseService.ts(1,10584): error TS1127: Invalid character.
src/services/firebaseService.ts(1,10585): error TS1127: Invalid character.
src/services/firebaseService.ts(1,10586): error TS1127: Invalid character.
src/services/firebaseService.ts(1,10587): error TS1127: Invalid character.
src/services/firebaseService.ts(1,10588): error TS1127: Invalid character.
src/services/firebaseService.ts(1,10589): error TS1127: Invalid character.
src/services/firebaseService.ts(1,10590): error TS1127: Invalid character.
src/services/firebaseService.ts(1,10591): error TS1127: Invalid character.
src/services/firebaseService.ts(1,10592): error TS1127: Invalid character.
src/services/firebaseService.ts(1,10593): error TS1127: Invalid character.
src/services/firebaseService.ts(1,10594): error TS1127: Invalid character.
src/services/firebaseService.ts(1,10595): error TS1127: Invalid character.
src/services/firebaseService.ts(1,10596): error TS1127: Invalid character.
src/services/firebaseService.ts(1,10597): error TS1127: Invalid character.
src/services/firebaseService.ts(1,10598): error TS1127: Invalid character.
src/services/firebaseService.ts(1,10599): error TS1127: Invalid character.
src/services/firebaseService.ts(1,10600): error TS1127: Invalid character.
src/services/firebaseService.ts(1,10601): error TS1127: Invalid character.
src/services/firebaseService.ts(1,10602): error TS1127: Invalid character.
src/services/firebaseService.ts(1,10603): error TS1127: Invalid character.
src/services/firebaseService.ts(1,10604): error TS1127: Invalid character.
src/services/firebaseService.ts(1,10605): error TS1127: Invalid character.
src/services/firebaseService.ts(1,10606): error TS1127: Invalid character.
src/services/firebaseService.ts(1,10607): error TS1127: Invalid character.
src/services/firebaseService.ts(1,10608): error TS1127: Invalid character.
src/services/firebaseService.ts(1,10609): error TS1127: Invalid character.
src/services/firebaseService.ts(1,10610): error TS1127: Invalid character.
src/services/firebaseService.ts(1,10611): error TS1127: Invalid character.
src/services/firebaseService.ts(1,10612): error TS1127: Invalid character.
src/services/firebaseService.ts(1,10613): error TS1127: Invalid character.
src/services/firebaseService.ts(1,10614): error TS1127: Invalid character.
src/services/firebaseService.ts(1,10615): error TS1127: Invalid character.
src/services/firebaseService.ts(1,10616): error TS1127: Invalid character.
src/services/firebaseService.ts(1,10617): error TS1127: Invalid character.
src/services/firebaseService.ts(1,10618): error TS1127: Invalid character.
src/services/firebaseService.ts(1,10619): error TS1127: Invalid character.
src/services/firebaseService.ts(1,10620): error TS1127: Invalid character.
src/services/firebaseService.ts(1,10621): error TS1127: Invalid character.
src/services/firebaseService.ts(1,10622): error TS1127: Invalid character.
src/services/firebaseService.ts(1,10623): error TS1127: Invalid character.
src/services/firebaseService.ts(1,10624): error TS1127: Invalid character.
src/services/firebaseService.ts(1,10625): error TS1127: Invalid character.
src/services/firebaseService.ts(1,10626): error TS1127: Invalid character.
src/services/firebaseService.ts(1,10627): error TS1127: Invalid character.
src/services/firebaseService.ts(1,10628): error TS1127: Invalid character.
src/services/firebaseService.ts(1,10629): error TS1127: Invalid character.
src/services/firebaseService.ts(1,10630): error TS1127: Invalid character.
src/services/firebaseService.ts(1,10631): error TS1127: Invalid character.
src/services/firebaseService.ts(1,10632): error TS1127: Invalid character.
src/services/firebaseService.ts(1,10633): error TS1127: Invalid character.
src/services/firebaseService.ts(1,10634): error TS1127: Invalid character.
src/services/firebaseService.ts(1,10635): error TS1127: Invalid character.
src/services/firebaseService.ts(1,10636): error TS1127: Invalid character.
src/services/firebaseService.ts(1,10637): error TS1127: Invalid character.
src/services/firebaseService.ts(1,10638): error TS1127: Invalid character.
src/services/firebaseService.ts(1,10639): error TS1127: Invalid character.
src/services/firebaseService.ts(1,10640): error TS1127: Invalid character.
src/services/firebaseService.ts(1,10641): error TS1127: Invalid character.
src/services/firebaseService.ts(1,10642): error TS1127: Invalid character.
src/services/firebaseService.ts(1,10643): error TS1127: Invalid character.
src/services/firebaseService.ts(1,10644): error TS1127: Invalid character.
src/services/firebaseService.ts(1,10645): error TS1127: Invalid character.
src/services/firebaseService.ts(1,10646): error TS1127: Invalid character.
src/services/firebaseService.ts(1,10647): error TS1127: Invalid character.
src/services/firebaseService.ts(1,10648): error TS1127: Invalid character.
src/services/firebaseService.ts(1,10649): error TS1127: Invalid character.
src/services/firebaseService.ts(1,10650): error TS1127: Invalid character.
src/services/firebaseService.ts(1,10651): error TS1127: Invalid character.
src/services/firebaseService.ts(1,10652): error TS1127: Invalid character.
src/services/firebaseService.ts(1,10653): error TS1127: Invalid character.
src/services/firebaseService.ts(1,10654): error TS1127: Invalid character.
src/services/firebaseService.ts(1,10655): error TS1127: Invalid character.
src/services/firebaseService.ts(1,10656): error TS1127: Invalid character.
src/services/firebaseService.ts(1,10657): error TS1127: Invalid character.
src/services/firebaseService.ts(1,10658): error TS1127: Invalid character.
src/services/firebaseService.ts(1,10659): error TS1127: Invalid character.
src/services/firebaseService.ts(1,10660): error TS1127: Invalid character.
src/services/firebaseService.ts(1,10661): error TS1127: Invalid character.
src/services/firebaseService.ts(1,10662): error TS1127: Invalid character.
src/services/firebaseService.ts(1,10663): error TS1127: Invalid character.
src/services/firebaseService.ts(1,10664): error TS1127: Invalid character.
src/services/firebaseService.ts(1,10665): error TS1127: Invalid character.
src/services/firebaseService.ts(1,10666): error TS1127: Invalid character.
src/services/firebaseService.ts(1,10667): error TS1127: Invalid character.
src/services/firebaseService.ts(1,10668): error TS1127: Invalid character.
src/services/firebaseService.ts(1,10669): error TS1127: Invalid character.
src/services/firebaseService.ts(1,10670): error TS1127: Invalid character.
src/services/firebaseService.ts(1,10671): error TS1127: Invalid character.
src/services/firebaseService.ts(1,10672): error TS1127: Invalid character.
src/services/firebaseService.ts(1,10673): error TS1127: Invalid character.
src/services/firebaseService.ts(1,10674): error TS1127: Invalid character.
src/services/firebaseService.ts(1,10675): error TS1127: Invalid character.
src/services/firebaseService.ts(1,10676): error TS1127: Invalid character.
src/services/firebaseService.ts(1,10677): error TS1127: Invalid character.
src/services/firebaseService.ts(1,10678): error TS1127: Invalid character.
src/services/firebaseService.ts(1,10679): error TS1127: Invalid character.
src/services/firebaseService.ts(1,10680): error TS1127: Invalid character.
src/services/firebaseService.ts(1,10681): error TS1127: Invalid character.
src/services/firebaseService.ts(1,10682): error TS1127: Invalid character.
src/services/firebaseService.ts(1,10683): error TS1127: Invalid character.
src/services/firebaseService.ts(1,10684): error TS1127: Invalid character.
src/services/firebaseService.ts(1,10685): error TS1127: Invalid character.
src/services/firebaseService.ts(1,10686): error TS1127: Invalid character.
src/services/firebaseService.ts(1,10687): error TS1127: Invalid character.
src/services/firebaseService.ts(1,10688): error TS1127: Invalid character.
src/services/firebaseService.ts(1,10689): error TS1127: Invalid character.
src/services/firebaseService.ts(1,10690): error TS1127: Invalid character.
src/services/firebaseService.ts(1,10691): error TS1127: Invalid character.
src/services/firebaseService.ts(1,10692): error TS1127: Invalid character.
src/services/firebaseService.ts(1,10693): error TS1127: Invalid character.
src/services/firebaseService.ts(1,10694): error TS1127: Invalid character.
src/services/firebaseService.ts(1,10695): error TS1127: Invalid character.
src/services/firebaseService.ts(1,10696): error TS1127: Invalid character.
src/services/firebaseService.ts(1,10697): error TS1127: Invalid character.
src/services/firebaseService.ts(1,10698): error TS1127: Invalid character.
src/services/firebaseService.ts(1,10699): error TS1127: Invalid character.
src/services/firebaseService.ts(1,10700): error TS1127: Invalid character.
src/services/firebaseService.ts(1,10701): error TS1127: Invalid character.
src/services/firebaseService.ts(1,10702): error TS1127: Invalid character.
src/services/firebaseService.ts(1,10703): error TS1127: Invalid character.
src/services/firebaseService.ts(1,10704): error TS1127: Invalid character.
src/services/firebaseService.ts(1,10705): error TS1127: Invalid character.
src/services/firebaseService.ts(1,10706): error TS1127: Invalid character.
src/services/firebaseService.ts(1,10707): error TS1127: Invalid character.
src/services/firebaseService.ts(1,10708): error TS1127: Invalid character.
src/services/firebaseService.ts(1,10709): error TS1127: Invalid character.
src/services/firebaseService.ts(1,10710): error TS1127: Invalid character.
src/services/firebaseService.ts(1,10711): error TS1127: Invalid character.
src/services/firebaseService.ts(1,10712): error TS1127: Invalid character.
src/services/firebaseService.ts(1,10713): error TS1127: Invalid character.
src/services/firebaseService.ts(1,10714): error TS1127: Invalid character.
src/services/firebaseService.ts(1,10715): error TS1127: Invalid character.
src/services/firebaseService.ts(1,10716): error TS1127: Invalid character.
src/services/firebaseService.ts(1,10717): error TS1127: Invalid character.
src/services/firebaseService.ts(1,10718): error TS1127: Invalid character.
src/services/firebaseService.ts(1,10719): error TS1127: Invalid character.
src/services/firebaseService.ts(1,10720): error TS1127: Invalid character.
src/services/firebaseService.ts(1,10721): error TS1127: Invalid character.
src/services/firebaseService.ts(1,10722): error TS1127: Invalid character.
src/services/firebaseService.ts(1,10723): error TS1127: Invalid character.
src/services/firebaseService.ts(1,10724): error TS1127: Invalid character.
src/services/firebaseService.ts(1,10725): error TS1127: Invalid character.
src/services/firebaseService.ts(1,10726): error TS1127: Invalid character.
src/services/firebaseService.ts(1,10727): error TS1127: Invalid character.
src/services/firebaseService.ts(1,10728): error TS1127: Invalid character.
src/services/firebaseService.ts(1,10729): error TS1127: Invalid character.
src/services/firebaseService.ts(1,10730): error TS1127: Invalid character.
src/services/firebaseService.ts(1,10731): error TS1127: Invalid character.
src/services/firebaseService.ts(1,10732): error TS1127: Invalid character.
src/services/firebaseService.ts(1,10733): error TS1127: Invalid character.
src/services/firebaseService.ts(1,10734): error TS1127: Invalid character.
src/services/firebaseService.ts(1,10735): error TS1127: Invalid character.
src/services/firebaseService.ts(1,10736): error TS1127: Invalid character.
src/services/firebaseService.ts(1,10737): error TS1127: Invalid character.
src/services/firebaseService.ts(1,10738): error TS1127: Invalid character.
src/services/firebaseService.ts(1,10739): error TS1127: Invalid character.
src/services/firebaseService.ts(1,10740): error TS1127: Invalid character.
src/services/firebaseService.ts(1,10741): error TS1127: Invalid character.
src/services/firebaseService.ts(1,10742): error TS1127: Invalid character.
src/services/firebaseService.ts(1,10743): error TS1127: Invalid character.
src/services/firebaseService.ts(1,10744): error TS1127: Invalid character.
src/services/firebaseService.ts(1,10745): error TS1127: Invalid character.
src/services/firebaseService.ts(1,10746): error TS1127: Invalid character.
src/services/firebaseService.ts(1,10747): error TS1127: Invalid character.
src/services/firebaseService.ts(1,10748): error TS1127: Invalid character.
src/services/firebaseService.ts(1,10749): error TS1127: Invalid character.
src/services/firebaseService.ts(1,10750): error TS1127: Invalid character.
src/services/firebaseService.ts(1,10751): error TS1127: Invalid character.
src/services/firebaseService.ts(1,10752): error TS1127: Invalid character.
src/services/firebaseService.ts(1,10753): error TS1127: Invalid character.
src/services/firebaseService.ts(1,10754): error TS1127: Invalid character.
src/services/firebaseService.ts(1,10755): error TS1127: Invalid character.
src/services/firebaseService.ts(1,10756): error TS1127: Invalid character.
src/services/firebaseService.ts(1,10757): error TS1127: Invalid character.
src/services/firebaseService.ts(1,10758): error TS1127: Invalid character.
src/services/firebaseService.ts(1,10759): error TS1127: Invalid character.
src/services/firebaseService.ts(1,10760): error TS1127: Invalid character.
src/services/firebaseService.ts(1,10761): error TS1127: Invalid character.
src/services/firebaseService.ts(1,10762): error TS1127: Invalid character.
src/services/firebaseService.ts(1,10763): error TS1127: Invalid character.
src/services/firebaseService.ts(1,10764): error TS1127: Invalid character.
src/services/firebaseService.ts(1,10765): error TS1127: Invalid character.
src/services/firebaseService.ts(1,10766): error TS1127: Invalid character.
src/services/firebaseService.ts(1,10767): error TS1127: Invalid character.
src/services/firebaseService.ts(1,10768): error TS1127: Invalid character.
src/services/firebaseService.ts(1,10769): error TS1127: Invalid character.
src/services/firebaseService.ts(1,10770): error TS1127: Invalid character.
src/services/firebaseService.ts(1,10771): error TS1127: Invalid character.
src/services/firebaseService.ts(1,10772): error TS1127: Invalid character.
src/services/firebaseService.ts(1,10773): error TS1127: Invalid character.
src/services/firebaseService.ts(1,10774): error TS1127: Invalid character.
src/services/firebaseService.ts(1,10775): error TS1127: Invalid character.
src/services/firebaseService.ts(1,10776): error TS1127: Invalid character.
src/services/firebaseService.ts(1,10777): error TS1127: Invalid character.
src/services/firebaseService.ts(1,10778): error TS1127: Invalid character.
src/services/firebaseService.ts(1,10779): error TS1127: Invalid character.
src/services/firebaseService.ts(1,10780): error TS1127: Invalid character.
src/services/firebaseService.ts(1,10781): error TS1127: Invalid character.
src/services/firebaseService.ts(1,10782): error TS1127: Invalid character.
src/services/firebaseService.ts(1,10783): error TS1127: Invalid character.
src/services/firebaseService.ts(1,10784): error TS1127: Invalid character.
src/services/firebaseService.ts(1,10785): error TS1127: Invalid character.
src/services/firebaseService.ts(1,10786): error TS1127: Invalid character.
src/services/firebaseService.ts(1,10787): error TS1127: Invalid character.
src/services/firebaseService.ts(1,10788): error TS1127: Invalid character.
src/services/firebaseService.ts(1,10789): error TS1127: Invalid character.
src/services/firebaseService.ts(1,10790): error TS1127: Invalid character.
src/services/firebaseService.ts(1,10791): error TS1127: Invalid character.
src/services/firebaseService.ts(1,10792): error TS1127: Invalid character.
src/services/firebaseService.ts(1,10793): error TS1127: Invalid character.
src/services/firebaseService.ts(1,10794): error TS1127: Invalid character.
src/services/firebaseService.ts(1,10795): error TS1127: Invalid character.
src/services/firebaseService.ts(1,10796): error TS1127: Invalid character.
src/services/firebaseService.ts(1,10797): error TS1127: Invalid character.
src/services/firebaseService.ts(1,10798): error TS1127: Invalid character.
src/services/firebaseService.ts(1,10799): error TS1127: Invalid character.
src/services/firebaseService.ts(1,10800): error TS1127: Invalid character.
src/services/firebaseService.ts(1,10801): error TS1127: Invalid character.
src/services/firebaseService.ts(1,10802): error TS1127: Invalid character.
src/services/firebaseService.ts(1,10803): error TS1127: Invalid character.
src/services/firebaseService.ts(1,10804): error TS1127: Invalid character.
src/services/firebaseService.ts(1,10805): error TS1127: Invalid character.
src/services/firebaseService.ts(1,10806): error TS1127: Invalid character.
src/services/firebaseService.ts(1,10807): error TS1127: Invalid character.
src/services/firebaseService.ts(1,10808): error TS1127: Invalid character.
src/services/firebaseService.ts(1,10809): error TS1127: Invalid character.
src/services/firebaseService.ts(1,10810): error TS1127: Invalid character.
src/services/firebaseService.ts(1,10811): error TS1127: Invalid character.
src/services/firebaseService.ts(1,10812): error TS1127: Invalid character.
src/services/firebaseService.ts(1,10813): error TS1127: Invalid character.
src/services/firebaseService.ts(1,10814): error TS1127: Invalid character.
src/services/firebaseService.ts(1,10815): error TS1127: Invalid character.
src/services/firebaseService.ts(1,10816): error TS1127: Invalid character.
src/services/firebaseService.ts(1,10817): error TS1127: Invalid character.
src/services/firebaseService.ts(1,10818): error TS1127: Invalid character.
src/services/firebaseService.ts(1,10819): error TS1127: Invalid character.
src/services/firebaseService.ts(1,10820): error TS1127: Invalid character.
src/services/firebaseService.ts(1,10821): error TS1127: Invalid character.
src/services/firebaseService.ts(1,10822): error TS1127: Invalid character.
src/services/firebaseService.ts(1,10823): error TS1127: Invalid character.
src/services/firebaseService.ts(1,10824): error TS1127: Invalid character.
src/services/firebaseService.ts(1,10825): error TS1127: Invalid character.
src/services/firebaseService.ts(1,10826): error TS1127: Invalid character.
src/services/firebaseService.ts(1,10827): error TS1127: Invalid character.
src/services/firebaseService.ts(1,10828): error TS1127: Invalid character.
src/services/firebaseService.ts(1,10829): error TS1127: Invalid character.
src/services/firebaseService.ts(1,10830): error TS1127: Invalid character.
src/services/firebaseService.ts(1,10831): error TS1127: Invalid character.
src/services/firebaseService.ts(1,10832): error TS1127: Invalid character.
src/services/firebaseService.ts(1,10833): error TS1127: Invalid character.
src/services/firebaseService.ts(1,10834): error TS1127: Invalid character.
src/services/firebaseService.ts(1,10835): error TS1127: Invalid character.
src/services/firebaseService.ts(1,10836): error TS1127: Invalid character.
src/services/firebaseService.ts(1,10837): error TS1127: Invalid character.
src/services/firebaseService.ts(1,10838): error TS1127: Invalid character.
src/services/firebaseService.ts(1,10839): error TS1127: Invalid character.
src/services/firebaseService.ts(1,10840): error TS1127: Invalid character.
src/services/firebaseService.ts(1,10841): error TS1127: Invalid character.
src/services/firebaseService.ts(1,10842): error TS1127: Invalid character.
src/services/firebaseService.ts(1,10843): error TS1127: Invalid character.
src/services/firebaseService.ts(1,10844): error TS1127: Invalid character.
src/services/firebaseService.ts(1,10845): error TS1127: Invalid character.
src/services/firebaseService.ts(1,10846): error TS1127: Invalid character.
src/services/firebaseService.ts(1,10847): error TS1127: Invalid character.
src/services/firebaseService.ts(1,10848): error TS1127: Invalid character.
src/services/firebaseService.ts(1,10849): error TS1127: Invalid character.
src/services/firebaseService.ts(1,10850): error TS1127: Invalid character.
src/services/firebaseService.ts(1,10851): error TS1127: Invalid character.
src/services/firebaseService.ts(1,10852): error TS1127: Invalid character.
src/services/firebaseService.ts(1,10853): error TS1127: Invalid character.
src/services/firebaseService.ts(1,10854): error TS1127: Invalid character.
src/services/firebaseService.ts(1,10855): error TS1127: Invalid character.
src/services/firebaseService.ts(1,10856): error TS1127: Invalid character.
src/services/firebaseService.ts(1,10857): error TS1127: Invalid character.
src/services/firebaseService.ts(1,10858): error TS1127: Invalid character.
src/services/firebaseService.ts(1,10859): error TS1127: Invalid character.
src/services/firebaseService.ts(1,10860): error TS1127: Invalid character.
src/services/firebaseService.ts(1,10861): error TS1127: Invalid character.
src/services/firebaseService.ts(1,10862): error TS1127: Invalid character.
src/services/firebaseService.ts(1,10863): error TS1127: Invalid character.
src/services/firebaseService.ts(1,10864): error TS1127: Invalid character.
src/services/firebaseService.ts(1,10865): error TS1127: Invalid character.
src/services/firebaseService.ts(1,10866): error TS1127: Invalid character.
src/services/firebaseService.ts(1,10867): error TS1127: Invalid character.
src/services/firebaseService.ts(1,10868): error TS1127: Invalid character.
src/services/firebaseService.ts(1,10869): error TS1127: Invalid character.
src/services/firebaseService.ts(1,10870): error TS1127: Invalid character.
src/services/firebaseService.ts(1,10871): error TS1127: Invalid character.
src/services/firebaseService.ts(1,10872): error TS1127: Invalid character.
src/services/firebaseService.ts(1,10873): error TS1127: Invalid character.
src/services/firebaseService.ts(1,10874): error TS1127: Invalid character.
src/services/firebaseService.ts(1,10875): error TS1127: Invalid character.
src/services/firebaseService.ts(1,10876): error TS1127: Invalid character.
src/services/firebaseService.ts(1,10877): error TS1127: Invalid character.
src/services/firebaseService.ts(1,10878): error TS1127: Invalid character.
src/services/firebaseService.ts(1,10879): error TS1127: Invalid character.
src/services/firebaseService.ts(1,10880): error TS1127: Invalid character.
src/services/firebaseService.ts(1,10881): error TS1127: Invalid character.
src/services/firebaseService.ts(1,10882): error TS1127: Invalid character.
src/services/firebaseService.ts(1,10883): error TS1127: Invalid character.
src/services/firebaseService.ts(1,10884): error TS1127: Invalid character.
src/services/firebaseService.ts(1,10885): error TS1127: Invalid character.
src/services/firebaseService.ts(1,10886): error TS1127: Invalid character.
src/services/firebaseService.ts(1,10887): error TS1127: Invalid character.
src/services/firebaseService.ts(1,10888): error TS1127: Invalid character.
src/services/firebaseService.ts(1,10889): error TS1127: Invalid character.
src/services/firebaseService.ts(1,10890): error TS1127: Invalid character.
src/services/firebaseService.ts(1,10891): error TS1127: Invalid character.
src/services/firebaseService.ts(1,10892): error TS1127: Invalid character.
src/services/firebaseService.ts(1,10893): error TS1127: Invalid character.
src/services/firebaseService.ts(1,10894): error TS1127: Invalid character.
src/services/firebaseService.ts(1,10895): error TS1127: Invalid character.
src/services/firebaseService.ts(1,10896): error TS1127: Invalid character.
src/services/firebaseService.ts(1,10897): error TS1127: Invalid character.
src/services/firebaseService.ts(1,10898): error TS1127: Invalid character.
src/services/firebaseService.ts(1,10899): error TS1127: Invalid character.
src/services/firebaseService.ts(1,10900): error TS1127: Invalid character.
src/services/firebaseService.ts(1,10901): error TS1127: Invalid character.
src/services/firebaseService.ts(1,10902): error TS1127: Invalid character.
src/services/firebaseService.ts(1,10903): error TS1127: Invalid character.
src/services/firebaseService.ts(1,10904): error TS1127: Invalid character.
src/services/firebaseService.ts(1,10905): error TS1127: Invalid character.
src/services/firebaseService.ts(1,10906): error TS1127: Invalid character.
src/services/firebaseService.ts(1,10907): error TS1127: Invalid character.
src/services/firebaseService.ts(1,10908): error TS1127: Invalid character.
src/services/firebaseService.ts(1,10909): error TS1127: Invalid character.
src/services/firebaseService.ts(1,10910): error TS1127: Invalid character.
src/services/firebaseService.ts(1,10911): error TS1127: Invalid character.
src/services/firebaseService.ts(1,10912): error TS1127: Invalid character.
src/services/firebaseService.ts(1,10913): error TS1127: Invalid character.
src/services/firebaseService.ts(1,10914): error TS1127: Invalid character.
src/services/firebaseService.ts(1,10915): error TS1127: Invalid character.
src/services/firebaseService.ts(1,10916): error TS1127: Invalid character.
src/services/firebaseService.ts(1,10917): error TS1127: Invalid character.
src/services/firebaseService.ts(1,10918): error TS1127: Invalid character.
src/services/firebaseService.ts(1,10919): error TS1127: Invalid character.
src/services/firebaseService.ts(1,10920): error TS1127: Invalid character.
src/services/firebaseService.ts(1,10921): error TS1127: Invalid character.
src/services/firebaseService.ts(1,10922): error TS1127: Invalid character.
src/services/firebaseService.ts(1,10923): error TS1127: Invalid character.
src/services/firebaseService.ts(1,10924): error TS1127: Invalid character.
src/services/firebaseService.ts(1,10925): error TS1127: Invalid character.
src/services/firebaseService.ts(1,10926): error TS1127: Invalid character.
src/services/firebaseService.ts(1,10927): error TS1127: Invalid character.
src/services/firebaseService.ts(1,10928): error TS1127: Invalid character.
src/services/firebaseService.ts(1,10929): error TS1127: Invalid character.
src/services/firebaseService.ts(1,10930): error TS1127: Invalid character.
src/services/firebaseService.ts(1,10931): error TS1127: Invalid character.
src/services/firebaseService.ts(1,10932): error TS1127: Invalid character.
src/services/firebaseService.ts(1,10933): error TS1127: Invalid character.
src/services/firebaseService.ts(1,10934): error TS1127: Invalid character.
src/services/firebaseService.ts(1,10935): error TS1127: Invalid character.
src/services/firebaseService.ts(1,10936): error TS1127: Invalid character.
src/services/firebaseService.ts(1,10937): error TS1127: Invalid character.
src/services/firebaseService.ts(1,10938): error TS1127: Invalid character.
src/services/firebaseService.ts(1,10939): error TS1127: Invalid character.
src/services/firebaseService.ts(1,10940): error TS1127: Invalid character.
src/services/firebaseService.ts(1,10941): error TS1127: Invalid character.
src/services/firebaseService.ts(1,10942): error TS1127: Invalid character.
src/services/firebaseService.ts(1,10943): error TS1127: Invalid character.
src/services/firebaseService.ts(1,10944): error TS1127: Invalid character.
src/services/firebaseService.ts(1,10945): error TS1127: Invalid character.
src/services/firebaseService.ts(1,10946): error TS1127: Invalid character.
src/services/firebaseService.ts(1,10947): error TS1127: Invalid character.
src/services/firebaseService.ts(1,10948): error TS1127: Invalid character.
src/services/firebaseService.ts(1,10949): error TS1127: Invalid character.
src/services/firebaseService.ts(1,10950): error TS1127: Invalid character.
src/services/firebaseService.ts(1,10951): error TS1127: Invalid character.
src/services/firebaseService.ts(1,10952): error TS1127: Invalid character.
src/services/firebaseService.ts(1,10953): error TS1127: Invalid character.
src/services/firebaseService.ts(1,10954): error TS1127: Invalid character.
src/services/firebaseService.ts(1,10955): error TS1127: Invalid character.
src/services/firebaseService.ts(1,10956): error TS1127: Invalid character.
src/services/firebaseService.ts(1,10957): error TS1127: Invalid character.
src/services/firebaseService.ts(1,10958): error TS1127: Invalid character.
src/services/firebaseService.ts(1,10959): error TS1127: Invalid character.
src/services/firebaseService.ts(1,10960): error TS1127: Invalid character.
src/services/firebaseService.ts(1,10961): error TS1127: Invalid character.
src/services/firebaseService.ts(1,10962): error TS1127: Invalid character.
src/services/firebaseService.ts(1,10963): error TS1127: Invalid character.
src/services/firebaseService.ts(1,10964): error TS1127: Invalid character.
src/services/firebaseService.ts(1,10965): error TS1127: Invalid character.
src/services/firebaseService.ts(1,10966): error TS1127: Invalid character.
src/services/firebaseService.ts(1,10967): error TS1127: Invalid character.
src/services/firebaseService.ts(1,10968): error TS1127: Invalid character.
src/services/firebaseService.ts(1,10969): error TS1127: Invalid character.
src/services/firebaseService.ts(1,10970): error TS1127: Invalid character.
src/services/firebaseService.ts(1,10971): error TS1127: Invalid character.
src/services/firebaseService.ts(1,10972): error TS1127: Invalid character.
src/services/firebaseService.ts(1,10973): error TS1127: Invalid character.
src/services/firebaseService.ts(1,10974): error TS1127: Invalid character.
src/services/firebaseService.ts(1,10975): error TS1127: Invalid character.
src/services/firebaseService.ts(1,10976): error TS1127: Invalid character.
src/services/firebaseService.ts(1,10977): error TS1127: Invalid character.
src/services/firebaseService.ts(1,10978): error TS1127: Invalid character.
src/services/firebaseService.ts(1,10979): error TS1127: Invalid character.
src/services/firebaseService.ts(1,10980): error TS1127: Invalid character.
src/services/firebaseService.ts(1,10981): error TS1127: Invalid character.
src/services/firebaseService.ts(1,10982): error TS1127: Invalid character.
src/services/firebaseService.ts(1,10983): error TS1127: Invalid character.
src/services/firebaseService.ts(1,10984): error TS1127: Invalid character.
src/services/firebaseService.ts(1,10985): error TS1127: Invalid character.
src/services/firebaseService.ts(1,10986): error TS1127: Invalid character.
src/services/firebaseService.ts(1,10987): error TS1127: Invalid character.
src/services/firebaseService.ts(1,10988): error TS1127: Invalid character.
src/services/firebaseService.ts(1,10989): error TS1127: Invalid character.
src/services/firebaseService.ts(1,10990): error TS1127: Invalid character.
src/services/firebaseService.ts(1,10991): error TS1127: Invalid character.
src/services/firebaseService.ts(1,10992): error TS1127: Invalid character.
src/services/firebaseService.ts(1,10993): error TS1127: Invalid character.
src/services/firebaseService.ts(1,10994): error TS1127: Invalid character.
src/services/firebaseService.ts(1,10995): error TS1127: Invalid character.
src/services/firebaseService.ts(1,10996): error TS1127: Invalid character.
src/services/firebaseService.ts(1,10997): error TS1127: Invalid character.
src/services/firebaseService.ts(1,10998): error TS1127: Invalid character.
src/services/firebaseService.ts(1,10999): error TS1127: Invalid character.
src/services/firebaseService.ts(1,11000): error TS1127: Invalid character.
src/services/firebaseService.ts(1,11001): error TS1127: Invalid character.
src/services/firebaseService.ts(1,11002): error TS1127: Invalid character.
src/services/firebaseService.ts(1,11003): error TS1127: Invalid character.
src/services/firebaseService.ts(1,11004): error TS1127: Invalid character.
src/services/firebaseService.ts(1,11005): error TS1127: Invalid character.
src/services/firebaseService.ts(1,11006): error TS1127: Invalid character.
src/services/firebaseService.ts(1,11007): error TS1127: Invalid character.
src/services/firebaseService.ts(1,11008): error TS1127: Invalid character.
src/services/firebaseService.ts(1,11009): error TS1127: Invalid character.
src/services/firebaseService.ts(1,11010): error TS1127: Invalid character.
src/services/firebaseService.ts(1,11011): error TS1127: Invalid character.
src/services/firebaseService.ts(1,11012): error TS1127: Invalid character.
src/services/firebaseService.ts(1,11013): error TS1127: Invalid character.
src/services/firebaseService.ts(1,11014): error TS1127: Invalid character.
src/services/firebaseService.ts(1,11015): error TS1127: Invalid character.
src/services/firebaseService.ts(1,11016): error TS1127: Invalid character.
src/services/firebaseService.ts(1,11017): error TS1127: Invalid character.
src/services/firebaseService.ts(1,11018): error TS1127: Invalid character.
src/services/firebaseService.ts(1,11019): error TS1127: Invalid character.
src/services/firebaseService.ts(1,11020): error TS1127: Invalid character.
src/services/firebaseService.ts(1,11021): error TS1127: Invalid character.
src/services/firebaseService.ts(1,11022): error TS1127: Invalid character.
src/services/firebaseService.ts(1,11023): error TS1127: Invalid character.
src/services/firebaseService.ts(1,11024): error TS1127: Invalid character.
src/services/firebaseService.ts(1,11025): error TS1127: Invalid character.
src/services/firebaseService.ts(1,11026): error TS1127: Invalid character.
src/services/firebaseService.ts(1,11027): error TS1127: Invalid character.
src/services/firebaseService.ts(1,11028): error TS1127: Invalid character.
src/services/firebaseService.ts(1,11029): error TS1127: Invalid character.
src/services/firebaseService.ts(1,11030): error TS1127: Invalid character.
src/services/firebaseService.ts(1,11031): error TS1127: Invalid character.
src/services/firebaseService.ts(1,11032): error TS1127: Invalid character.
src/services/firebaseService.ts(1,11033): error TS1127: Invalid character.
src/services/firebaseService.ts(1,11034): error TS1127: Invalid character.
src/services/firebaseService.ts(1,11035): error TS1127: Invalid character.
src/services/firebaseService.ts(1,11036): error TS1127: Invalid character.
src/services/firebaseService.ts(1,11037): error TS1127: Invalid character.
src/services/firebaseService.ts(1,11038): error TS1127: Invalid character.
src/services/firebaseService.ts(1,11039): error TS1127: Invalid character.
src/services/firebaseService.ts(1,11040): error TS1127: Invalid character.
src/services/firebaseService.ts(1,11041): error TS1127: Invalid character.
src/services/firebaseService.ts(1,11042): error TS1127: Invalid character.
src/services/firebaseService.ts(1,11043): error TS1127: Invalid character.
src/services/firebaseService.ts(1,11044): error TS1127: Invalid character.
src/services/firebaseService.ts(1,11045): error TS1127: Invalid character.
src/services/firebaseService.ts(1,11046): error TS1127: Invalid character.
src/services/firebaseService.ts(1,11047): error TS1127: Invalid character.
src/services/firebaseService.ts(1,11048): error TS1127: Invalid character.
src/services/firebaseService.ts(1,11049): error TS1127: Invalid character.
src/services/firebaseService.ts(1,11050): error TS1127: Invalid character.
src/services/firebaseService.ts(1,11051): error TS1127: Invalid character.
src/services/firebaseService.ts(1,11052): error TS1127: Invalid character.
src/services/firebaseService.ts(1,11053): error TS1127: Invalid character.
src/services/firebaseService.ts(1,11054): error TS1127: Invalid character.
src/services/firebaseService.ts(1,11055): error TS1127: Invalid character.
src/services/firebaseService.ts(1,11056): error TS1127: Invalid character.
src/services/firebaseService.ts(1,11057): error TS1127: Invalid character.
src/services/firebaseService.ts(1,11058): error TS1127: Invalid character.
src/services/firebaseService.ts(1,11059): error TS1127: Invalid character.
src/services/firebaseService.ts(1,11060): error TS1127: Invalid character.
src/services/firebaseService.ts(1,11061): error TS1127: Invalid character.
src/services/firebaseService.ts(1,11062): error TS1127: Invalid character.
src/services/firebaseService.ts(1,11063): error TS1127: Invalid character.
src/services/firebaseService.ts(1,11064): error TS1127: Invalid character.
src/services/firebaseService.ts(1,11065): error TS1127: Invalid character.
src/services/firebaseService.ts(1,11066): error TS1127: Invalid character.
src/services/firebaseService.ts(1,11067): error TS1127: Invalid character.
src/services/firebaseService.ts(1,11068): error TS1127: Invalid character.
src/services/firebaseService.ts(1,11069): error TS1127: Invalid character.
src/services/firebaseService.ts(1,11070): error TS1127: Invalid character.
src/services/firebaseService.ts(1,11071): error TS1127: Invalid character.
src/services/firebaseService.ts(1,11072): error TS1127: Invalid character.
src/services/firebaseService.ts(1,11073): error TS1127: Invalid character.
src/services/firebaseService.ts(1,11074): error TS1127: Invalid character.
src/services/firebaseService.ts(1,11075): error TS1127: Invalid character.
src/services/firebaseService.ts(1,11076): error TS1127: Invalid character.
src/services/firebaseService.ts(1,11077): error TS1127: Invalid character.
src/services/firebaseService.ts(1,11078): error TS1127: Invalid character.
src/services/firebaseService.ts(1,11079): error TS1127: Invalid character.
src/services/firebaseService.ts(1,11080): error TS1127: Invalid character.
src/services/firebaseService.ts(1,11081): error TS1127: Invalid character.
src/services/firebaseService.ts(1,11082): error TS1127: Invalid character.
src/services/firebaseService.ts(1,11083): error TS1127: Invalid character.
src/services/firebaseService.ts(1,11084): error TS1127: Invalid character.
src/services/firebaseService.ts(1,11085): error TS1127: Invalid character.
src/services/firebaseService.ts(1,11086): error TS1127: Invalid character.
src/services/firebaseService.ts(1,11087): error TS1127: Invalid character.
src/services/firebaseService.ts(1,11088): error TS1127: Invalid character.
src/services/firebaseService.ts(1,11089): error TS1127: Invalid character.
src/services/firebaseService.ts(1,11090): error TS1127: Invalid character.
src/services/firebaseService.ts(1,11091): error TS1127: Invalid character.
src/services/firebaseService.ts(1,11092): error TS1127: Invalid character.
src/services/firebaseService.ts(1,11093): error TS1127: Invalid character.
src/services/firebaseService.ts(1,11094): error TS1127: Invalid character.
src/services/firebaseService.ts(1,11095): error TS1127: Invalid character.
src/services/firebaseService.ts(1,11096): error TS1127: Invalid character.
src/services/firebaseService.ts(1,11097): error TS1127: Invalid character.
src/services/firebaseService.ts(1,11098): error TS1127: Invalid character.
src/services/firebaseService.ts(1,11099): error TS1127: Invalid character.
src/services/firebaseService.ts(1,11100): error TS1127: Invalid character.
src/services/firebaseService.ts(1,11101): error TS1127: Invalid character.
src/services/firebaseService.ts(1,11102): error TS1127: Invalid character.
src/services/firebaseService.ts(1,11103): error TS1127: Invalid character.
src/services/firebaseService.ts(1,11104): error TS1127: Invalid character.
src/services/firebaseService.ts(1,11105): error TS1127: Invalid character.
src/services/firebaseService.ts(1,11106): error TS1127: Invalid character.
src/services/firebaseService.ts(1,11107): error TS1127: Invalid character.
src/services/firebaseService.ts(1,11108): error TS1127: Invalid character.
src/services/firebaseService.ts(1,11109): error TS1127: Invalid character.
src/services/firebaseService.ts(1,11110): error TS1127: Invalid character.
src/services/firebaseService.ts(1,11111): error TS1127: Invalid character.
src/services/firebaseService.ts(1,11112): error TS1127: Invalid character.
src/services/firebaseService.ts(1,11113): error TS1127: Invalid character.
src/services/firebaseService.ts(1,11114): error TS1127: Invalid character.
src/services/firebaseService.ts(1,11115): error TS1127: Invalid character.
src/services/firebaseService.ts(1,11116): error TS1127: Invalid character.
src/services/firebaseService.ts(1,11117): error TS1127: Invalid character.
src/services/firebaseService.ts(1,11118): error TS1127: Invalid character.
src/services/firebaseService.ts(1,11119): error TS1127: Invalid character.
src/services/firebaseService.ts(1,11120): error TS1127: Invalid character.
src/services/firebaseService.ts(1,11121): error TS1127: Invalid character.
src/services/firebaseService.ts(1,11122): error TS1127: Invalid character.
src/services/firebaseService.ts(1,11123): error TS1127: Invalid character.
src/services/firebaseService.ts(1,11124): error TS1127: Invalid character.
src/services/firebaseService.ts(1,11125): error TS1127: Invalid character.
src/services/firebaseService.ts(1,11126): error TS1127: Invalid character.
src/services/firebaseService.ts(1,11127): error TS1127: Invalid character.
src/services/firebaseService.ts(1,11128): error TS1127: Invalid character.
src/services/firebaseService.ts(1,11129): error TS1127: Invalid character.
src/services/firebaseService.ts(1,11130): error TS1127: Invalid character.
src/services/firebaseService.ts(1,11131): error TS1127: Invalid character.
src/services/firebaseService.ts(1,11132): error TS1127: Invalid character.
src/services/firebaseService.ts(1,11133): error TS1127: Invalid character.
src/services/firebaseService.ts(1,11134): error TS1127: Invalid character.
src/services/firebaseService.ts(1,11135): error TS1127: Invalid character.
src/services/firebaseService.ts(1,11136): error TS1127: Invalid character.
src/services/firebaseService.ts(1,11137): error TS1127: Invalid character.
src/services/firebaseService.ts(1,11138): error TS1127: Invalid character.
src/services/firebaseService.ts(1,11139): error TS1127: Invalid character.
src/services/firebaseService.ts(1,11140): error TS1127: Invalid character.
src/services/firebaseService.ts(1,11141): error TS1127: Invalid character.
src/services/firebaseService.ts(1,11142): error TS1127: Invalid character.
src/services/firebaseService.ts(1,11143): error TS1127: Invalid character.
src/services/firebaseService.ts(1,11144): error TS1127: Invalid character.
src/services/firebaseService.ts(1,11145): error TS1127: Invalid character.
src/services/firebaseService.ts(1,11146): error TS1127: Invalid character.
src/services/firebaseService.ts(1,11147): error TS1127: Invalid character.
src/services/firebaseService.ts(1,11148): error TS1127: Invalid character.
src/services/firebaseService.ts(1,11149): error TS1127: Invalid character.
src/services/firebaseService.ts(1,11150): error TS1127: Invalid character.
src/services/firebaseService.ts(1,11151): error TS1127: Invalid character.
src/services/firebaseService.ts(1,11152): error TS1127: Invalid character.
src/services/firebaseService.ts(1,11153): error TS1127: Invalid character.
src/services/firebaseService.ts(1,11154): error TS1127: Invalid character.
src/services/firebaseService.ts(1,11155): error TS1127: Invalid character.
src/services/firebaseService.ts(1,11156): error TS1127: Invalid character.
src/services/firebaseService.ts(1,11157): error TS1127: Invalid character.
src/services/firebaseService.ts(1,11158): error TS1127: Invalid character.
src/services/firebaseService.ts(1,11159): error TS1127: Invalid character.
src/services/firebaseService.ts(1,11160): error TS1127: Invalid character.
src/services/firebaseService.ts(1,11161): error TS1127: Invalid character.
src/services/firebaseService.ts(1,11162): error TS1127: Invalid character.
src/services/firebaseService.ts(1,11163): error TS1127: Invalid character.
src/services/firebaseService.ts(1,11164): error TS1127: Invalid character.
src/services/firebaseService.ts(1,11165): error TS1127: Invalid character.
src/services/firebaseService.ts(1,11166): error TS1127: Invalid character.
src/services/firebaseService.ts(1,11167): error TS1127: Invalid character.
src/services/firebaseService.ts(1,11168): error TS1127: Invalid character.
src/services/firebaseService.ts(1,11169): error TS1127: Invalid character.
src/services/firebaseService.ts(1,11170): error TS1127: Invalid character.
src/services/firebaseService.ts(1,11171): error TS1127: Invalid character.
src/services/firebaseService.ts(1,11172): error TS1127: Invalid character.
src/services/firebaseService.ts(1,11173): error TS1127: Invalid character.
src/services/firebaseService.ts(1,11174): error TS1127: Invalid character.
src/services/firebaseService.ts(1,11175): error TS1127: Invalid character.
src/services/firebaseService.ts(1,11176): error TS1127: Invalid character.
src/services/firebaseService.ts(1,11177): error TS1127: Invalid character.
src/services/firebaseService.ts(1,11178): error TS1127: Invalid character.
src/services/firebaseService.ts(1,11179): error TS1127: Invalid character.
src/services/firebaseService.ts(1,11180): error TS1127: Invalid character.
src/services/firebaseService.ts(1,11181): error TS1127: Invalid character.
src/services/firebaseService.ts(1,11182): error TS1127: Invalid character.
src/services/firebaseService.ts(1,11183): error TS1127: Invalid character.
src/services/firebaseService.ts(1,11184): error TS1127: Invalid character.
src/services/firebaseService.ts(1,11185): error TS1127: Invalid character.
src/services/firebaseService.ts(1,11186): error TS1127: Invalid character.
src/services/firebaseService.ts(1,11187): error TS1127: Invalid character.
src/services/firebaseService.ts(1,11188): error TS1127: Invalid character.
src/services/firebaseService.ts(1,11189): error TS1127: Invalid character.
src/services/firebaseService.ts(1,11190): error TS1127: Invalid character.
src/services/firebaseService.ts(1,11191): error TS1127: Invalid character.
src/services/firebaseService.ts(1,11192): error TS1127: Invalid character.
src/services/firebaseService.ts(1,11193): error TS1127: Invalid character.
src/services/firebaseService.ts(1,11194): error TS1127: Invalid character.
src/services/firebaseService.ts(1,11195): error TS1127: Invalid character.
src/services/firebaseService.ts(1,11196): error TS1127: Invalid character.
src/services/firebaseService.ts(1,11197): error TS1127: Invalid character.
src/services/firebaseService.ts(1,11198): error TS1127: Invalid character.
src/services/firebaseService.ts(1,11199): error TS1127: Invalid character.
src/services/firebaseService.ts(1,11200): error TS1127: Invalid character.
src/services/firebaseService.ts(1,11201): error TS1127: Invalid character.
src/services/firebaseService.ts(1,11202): error TS1127: Invalid character.
src/services/firebaseService.ts(1,11203): error TS1127: Invalid character.
src/services/firebaseService.ts(1,11204): error TS1127: Invalid character.
src/services/firebaseService.ts(1,11205): error TS1127: Invalid character.
src/services/firebaseService.ts(1,11206): error TS1127: Invalid character.
src/services/firebaseService.ts(1,11207): error TS1127: Invalid character.
src/services/firebaseService.ts(1,11208): error TS1127: Invalid character.
src/services/firebaseService.ts(1,11209): error TS1127: Invalid character.
src/services/firebaseService.ts(1,11210): error TS1127: Invalid character.
src/services/firebaseService.ts(1,11211): error TS1127: Invalid character.
src/services/firebaseService.ts(1,11212): error TS1127: Invalid character.
src/services/firebaseService.ts(1,11213): error TS1127: Invalid character.
src/services/firebaseService.ts(1,11214): error TS1127: Invalid character.
src/services/firebaseService.ts(1,11215): error TS1127: Invalid character.
src/services/firebaseService.ts(1,11216): error TS1127: Invalid character.
src/services/firebaseService.ts(1,11217): error TS1127: Invalid character.
src/services/firebaseService.ts(1,11218): error TS1127: Invalid character.
src/services/firebaseService.ts(1,11219): error TS1127: Invalid character.
src/services/firebaseService.ts(1,11220): error TS1127: Invalid character.
src/services/firebaseService.ts(1,11221): error TS1127: Invalid character.
src/services/firebaseService.ts(1,11222): error TS1127: Invalid character.
src/services/firebaseService.ts(1,11223): error TS1127: Invalid character.
src/services/firebaseService.ts(1,11224): error TS1127: Invalid character.
src/services/firebaseService.ts(1,11225): error TS1127: Invalid character.
src/services/firebaseService.ts(1,11226): error TS1127: Invalid character.
src/services/firebaseService.ts(1,11227): error TS1127: Invalid character.
src/services/firebaseService.ts(1,11228): error TS1127: Invalid character.
src/services/firebaseService.ts(1,11229): error TS1127: Invalid character.
src/services/firebaseService.ts(1,11230): error TS1127: Invalid character.
src/services/firebaseService.ts(1,11231): error TS1127: Invalid character.
src/services/firebaseService.ts(1,11232): error TS1127: Invalid character.
src/services/firebaseService.ts(1,11233): error TS1127: Invalid character.
src/services/firebaseService.ts(1,11234): error TS1127: Invalid character.
src/services/firebaseService.ts(1,11235): error TS1127: Invalid character.
src/services/firebaseService.ts(1,11236): error TS1127: Invalid character.
src/services/firebaseService.ts(1,11237): error TS1127: Invalid character.
src/services/firebaseService.ts(1,11238): error TS1127: Invalid character.
src/services/firebaseService.ts(1,11239): error TS1127: Invalid character.
src/services/firebaseService.ts(1,11240): error TS1127: Invalid character.
src/services/firebaseService.ts(1,11241): error TS1127: Invalid character.
src/services/firebaseService.ts(1,11242): error TS1127: Invalid character.
src/services/firebaseService.ts(1,11243): error TS1127: Invalid character.
src/services/firebaseService.ts(1,11244): error TS1127: Invalid character.
src/services/firebaseService.ts(1,11245): error TS1127: Invalid character.
src/services/firebaseService.ts(1,11246): error TS1127: Invalid character.
src/services/firebaseService.ts(1,11247): error TS1127: Invalid character.
src/services/firebaseService.ts(1,11248): error TS1127: Invalid character.
src/services/firebaseService.ts(1,11249): error TS1127: Invalid character.
src/services/firebaseService.ts(1,11250): error TS1127: Invalid character.
src/services/firebaseService.ts(1,11251): error TS1127: Invalid character.
src/services/firebaseService.ts(1,11252): error TS1127: Invalid character.
src/services/firebaseService.ts(1,11253): error TS1127: Invalid character.
src/services/firebaseService.ts(1,11254): error TS1127: Invalid character.
src/services/firebaseService.ts(1,11255): error TS1127: Invalid character.
src/services/firebaseService.ts(1,11256): error TS1127: Invalid character.
src/services/firebaseService.ts(1,11257): error TS1127: Invalid character.
src/services/firebaseService.ts(1,11258): error TS1127: Invalid character.
src/services/firebaseService.ts(1,11259): error TS1127: Invalid character.
src/services/firebaseService.ts(1,11260): error TS1127: Invalid character.
src/services/firebaseService.ts(1,11261): error TS1127: Invalid character.
src/services/firebaseService.ts(1,11262): error TS1127: Invalid character.
src/services/firebaseService.ts(1,11263): error TS1127: Invalid character.
src/services/firebaseService.ts(1,11264): error TS1127: Invalid character.
src/services/firebaseService.ts(1,11265): error TS1127: Invalid character.
src/services/firebaseService.ts(1,11266): error TS1127: Invalid character.
src/services/firebaseService.ts(1,11267): error TS1127: Invalid character.
src/services/firebaseService.ts(1,11268): error TS1127: Invalid character.
src/services/firebaseService.ts(1,11269): error TS1127: Invalid character.
src/services/firebaseService.ts(1,11270): error TS1127: Invalid character.
src/services/firebaseService.ts(1,11271): error TS1127: Invalid character.
src/services/firebaseService.ts(1,11272): error TS1127: Invalid character.
src/services/firebaseService.ts(1,11273): error TS1127: Invalid character.
src/services/firebaseService.ts(1,11274): error TS1127: Invalid character.
src/services/firebaseService.ts(1,11275): error TS1127: Invalid character.
src/services/firebaseService.ts(1,11276): error TS1127: Invalid character.
src/services/firebaseService.ts(1,11277): error TS1127: Invalid character.
src/services/firebaseService.ts(1,11278): error TS1127: Invalid character.
src/services/firebaseService.ts(1,11279): error TS1127: Invalid character.
src/services/firebaseService.ts(1,11280): error TS1127: Invalid character.
src/services/firebaseService.ts(1,11281): error TS1127: Invalid character.
src/services/firebaseService.ts(1,11282): error TS1127: Invalid character.
src/services/firebaseService.ts(1,11283): error TS1127: Invalid character.
src/services/firebaseService.ts(1,11284): error TS1127: Invalid character.
src/services/firebaseService.ts(1,11285): error TS1127: Invalid character.
src/services/firebaseService.ts(1,11286): error TS1127: Invalid character.
src/services/firebaseService.ts(1,11287): error TS1127: Invalid character.
src/services/firebaseService.ts(1,11288): error TS1127: Invalid character.
src/services/firebaseService.ts(1,11289): error TS1127: Invalid character.
src/services/firebaseService.ts(1,11290): error TS1127: Invalid character.
src/services/firebaseService.ts(1,11291): error TS1127: Invalid character.
src/services/firebaseService.ts(1,11292): error TS1127: Invalid character.
src/services/firebaseService.ts(1,11293): error TS1127: Invalid character.
src/services/firebaseService.ts(1,11294): error TS1127: Invalid character.
src/services/firebaseService.ts(1,11295): error TS1127: Invalid character.
src/services/firebaseService.ts(1,11296): error TS1127: Invalid character.
src/services/firebaseService.ts(1,11297): error TS1127: Invalid character.
src/services/firebaseService.ts(1,11298): error TS1127: Invalid character.
src/services/firebaseService.ts(1,11299): error TS1127: Invalid character.
src/services/firebaseService.ts(1,11300): error TS1127: Invalid character.
src/services/firebaseService.ts(1,11301): error TS1127: Invalid character.
src/services/firebaseService.ts(1,11302): error TS1127: Invalid character.
src/services/firebaseService.ts(1,11303): error TS1127: Invalid character.
src/services/firebaseService.ts(1,11304): error TS1127: Invalid character.
src/services/firebaseService.ts(1,11305): error TS1127: Invalid character.
src/services/firebaseService.ts(1,11306): error TS1127: Invalid character.
src/services/firebaseService.ts(1,11307): error TS1127: Invalid character.
src/services/firebaseService.ts(1,11308): error TS1127: Invalid character.
src/services/firebaseService.ts(1,11309): error TS1127: Invalid character.
src/services/firebaseService.ts(1,11310): error TS1127: Invalid character.
src/services/firebaseService.ts(1,11311): error TS1127: Invalid character.
src/services/firebaseService.ts(1,11312): error TS1127: Invalid character.
src/services/firebaseService.ts(1,11313): error TS1127: Invalid character.
src/services/firebaseService.ts(1,11314): error TS1127: Invalid character.
src/services/firebaseService.ts(1,11315): error TS1127: Invalid character.
src/services/firebaseService.ts(1,11316): error TS1127: Invalid character.
src/services/firebaseService.ts(1,11317): error TS1127: Invalid character.
src/services/firebaseService.ts(1,11318): error TS1127: Invalid character.
src/services/firebaseService.ts(1,11319): error TS1127: Invalid character.
src/services/firebaseService.ts(1,11320): error TS1127: Invalid character.
src/services/firebaseService.ts(1,11321): error TS1127: Invalid character.
src/services/firebaseService.ts(1,11322): error TS1127: Invalid character.
src/services/firebaseService.ts(1,11323): error TS1127: Invalid character.
src/services/firebaseService.ts(1,11324): error TS1127: Invalid character.
src/services/firebaseService.ts(1,11325): error TS1127: Invalid character.
src/services/firebaseService.ts(1,11326): error TS1127: Invalid character.
src/services/firebaseService.ts(1,11327): error TS1127: Invalid character.
src/services/firebaseService.ts(1,11328): error TS1127: Invalid character.
src/services/firebaseService.ts(1,11329): error TS1127: Invalid character.
src/services/firebaseService.ts(1,11330): error TS1127: Invalid character.
src/services/firebaseService.ts(1,11331): error TS1127: Invalid character.
src/services/firebaseService.ts(1,11332): error TS1127: Invalid character.
src/services/firebaseService.ts(1,11333): error TS1127: Invalid character.
src/services/firebaseService.ts(1,11334): error TS1127: Invalid character.
src/services/firebaseService.ts(1,11335): error TS1127: Invalid character.
src/services/firebaseService.ts(1,11336): error TS1127: Invalid character.
src/services/firebaseService.ts(1,11337): error TS1127: Invalid character.
src/services/firebaseService.ts(1,11338): error TS1127: Invalid character.
src/services/firebaseService.ts(1,11339): error TS1127: Invalid character.
src/services/firebaseService.ts(1,11340): error TS1127: Invalid character.
src/services/firebaseService.ts(1,11341): error TS1127: Invalid character.
src/services/firebaseService.ts(1,11342): error TS1127: Invalid character.
src/services/firebaseService.ts(1,11343): error TS1127: Invalid character.
src/services/firebaseService.ts(1,11344): error TS1127: Invalid character.
src/services/firebaseService.ts(1,11345): error TS1127: Invalid character.
src/services/firebaseService.ts(1,11346): error TS1127: Invalid character.
src/services/firebaseService.ts(1,11347): error TS1127: Invalid character.
src/services/firebaseService.ts(1,11348): error TS1127: Invalid character.
src/services/firebaseService.ts(1,11349): error TS1127: Invalid character.
src/services/firebaseService.ts(1,11350): error TS1127: Invalid character.
src/services/firebaseService.ts(1,11351): error TS1127: Invalid character.
src/services/firebaseService.ts(1,11352): error TS1127: Invalid character.
src/services/firebaseService.ts(1,11353): error TS1127: Invalid character.
src/services/firebaseService.ts(1,11354): error TS1127: Invalid character.
src/services/firebaseService.ts(1,11355): error TS1127: Invalid character.
src/services/firebaseService.ts(1,11356): error TS1127: Invalid character.
src/services/firebaseService.ts(1,11357): error TS1127: Invalid character.
src/services/firebaseService.ts(1,11358): error TS1127: Invalid character.
src/services/firebaseService.ts(1,11359): error TS1127: Invalid character.
src/services/firebaseService.ts(1,11360): error TS1127: Invalid character.
src/services/firebaseService.ts(1,11361): error TS1127: Invalid character.
src/services/firebaseService.ts(1,11362): error TS1127: Invalid character.
src/services/firebaseService.ts(1,11363): error TS1127: Invalid character.
src/services/firebaseService.ts(1,11364): error TS1127: Invalid character.
src/services/firebaseService.ts(1,11365): error TS1127: Invalid character.
src/services/firebaseService.ts(1,11366): error TS1127: Invalid character.
src/services/firebaseService.ts(1,11367): error TS1127: Invalid character.
src/services/firebaseService.ts(1,11368): error TS1127: Invalid character.
src/services/firebaseService.ts(1,11369): error TS1127: Invalid character.
src/services/firebaseService.ts(1,11370): error TS1127: Invalid character.
src/services/firebaseService.ts(1,11371): error TS1127: Invalid character.
src/services/firebaseService.ts(1,11372): error TS1127: Invalid character.
src/services/firebaseService.ts(1,11373): error TS1127: Invalid character.
src/services/firebaseService.ts(1,11374): error TS1127: Invalid character.
src/services/firebaseService.ts(1,11375): error TS1127: Invalid character.
src/services/firebaseService.ts(1,11376): error TS1127: Invalid character.
src/services/firebaseService.ts(1,11377): error TS1127: Invalid character.
src/services/firebaseService.ts(1,11378): error TS1127: Invalid character.
src/services/firebaseService.ts(1,11379): error TS1127: Invalid character.
src/services/firebaseService.ts(1,11380): error TS1127: Invalid character.
src/services/firebaseService.ts(1,11381): error TS1127: Invalid character.
src/services/firebaseService.ts(1,11382): error TS1127: Invalid character.
src/services/firebaseService.ts(1,11383): error TS1127: Invalid character.
src/services/firebaseService.ts(1,11384): error TS1127: Invalid character.
src/services/firebaseService.ts(1,11385): error TS1127: Invalid character.
src/services/firebaseService.ts(1,11386): error TS1127: Invalid character.
src/services/firebaseService.ts(1,11387): error TS1127: Invalid character.
src/services/firebaseService.ts(1,11388): error TS1127: Invalid character.
src/services/firebaseService.ts(1,11389): error TS1127: Invalid character.
src/services/firebaseService.ts(1,11390): error TS1127: Invalid character.
src/services/firebaseService.ts(1,11391): error TS1127: Invalid character.
src/services/firebaseService.ts(1,11392): error TS1127: Invalid character.
src/services/firebaseService.ts(1,11393): error TS1127: Invalid character.
src/services/firebaseService.ts(1,11394): error TS1127: Invalid character.
src/services/firebaseService.ts(1,11395): error TS1127: Invalid character.
src/services/firebaseService.ts(1,11396): error TS1127: Invalid character.
src/services/firebaseService.ts(1,11397): error TS1127: Invalid character.
src/services/firebaseService.ts(1,11398): error TS1127: Invalid character.
src/services/firebaseService.ts(1,11399): error TS1127: Invalid character.
src/services/firebaseService.ts(1,11400): error TS1127: Invalid character.
src/services/firebaseService.ts(1,11401): error TS1127: Invalid character.
src/services/firebaseService.ts(1,11402): error TS1127: Invalid character.
src/services/firebaseService.ts(1,11403): error TS1127: Invalid character.
src/services/firebaseService.ts(1,11404): error TS1127: Invalid character.
src/services/firebaseService.ts(1,11405): error TS1127: Invalid character.
src/services/firebaseService.ts(1,11406): error TS1127: Invalid character.
src/services/firebaseService.ts(1,11407): error TS1127: Invalid character.
src/services/firebaseService.ts(1,11408): error TS1127: Invalid character.
src/services/firebaseService.ts(1,11409): error TS1127: Invalid character.
src/services/firebaseService.ts(1,11410): error TS1127: Invalid character.
src/services/firebaseService.ts(1,11411): error TS1127: Invalid character.
src/services/firebaseService.ts(1,11412): error TS1127: Invalid character.
src/services/firebaseService.ts(1,11413): error TS1127: Invalid character.
src/services/firebaseService.ts(1,11414): error TS1127: Invalid character.
src/services/firebaseService.ts(1,11415): error TS1127: Invalid character.
src/services/firebaseService.ts(1,11416): error TS1127: Invalid character.
src/services/firebaseService.ts(1,11417): error TS1127: Invalid character.
src/services/firebaseService.ts(1,11418): error TS1127: Invalid character.
src/services/firebaseService.ts(1,11419): error TS1127: Invalid character.
src/services/firebaseService.ts(1,11420): error TS1127: Invalid character.
src/services/firebaseService.ts(1,11421): error TS1127: Invalid character.
src/services/firebaseService.ts(1,11422): error TS1127: Invalid character.
src/services/firebaseService.ts(1,11423): error TS1127: Invalid character.
src/services/firebaseService.ts(1,11424): error TS1127: Invalid character.
src/services/firebaseService.ts(1,11425): error TS1127: Invalid character.
src/services/firebaseService.ts(1,11426): error TS1127: Invalid character.
src/services/firebaseService.ts(1,11427): error TS1127: Invalid character.
src/services/firebaseService.ts(1,11428): error TS1127: Invalid character.
src/services/firebaseService.ts(1,11429): error TS1127: Invalid character.
src/services/firebaseService.ts(1,11430): error TS1127: Invalid character.
src/services/firebaseService.ts(1,11431): error TS1127: Invalid character.
src/services/firebaseService.ts(1,11432): error TS1127: Invalid character.
src/services/firebaseService.ts(1,11433): error TS1127: Invalid character.
src/services/firebaseService.ts(1,11434): error TS1127: Invalid character.
src/services/firebaseService.ts(1,11435): error TS1127: Invalid character.
src/services/firebaseService.ts(1,11436): error TS1127: Invalid character.
src/services/firebaseService.ts(1,11437): error TS1127: Invalid character.
src/services/firebaseService.ts(1,11438): error TS1127: Invalid character.
src/services/firebaseService.ts(1,11439): error TS1127: Invalid character.
src/services/firebaseService.ts(1,11440): error TS1127: Invalid character.
src/services/firebaseService.ts(1,11441): error TS1127: Invalid character.
src/services/firebaseService.ts(1,11442): error TS1127: Invalid character.
src/services/firebaseService.ts(1,11443): error TS1127: Invalid character.
src/services/firebaseService.ts(1,11444): error TS1127: Invalid character.
src/services/firebaseService.ts(1,11445): error TS1127: Invalid character.
src/services/firebaseService.ts(1,11446): error TS1127: Invalid character.
src/services/firebaseService.ts(1,11447): error TS1127: Invalid character.
src/services/firebaseService.ts(1,11448): error TS1127: Invalid character.
src/services/firebaseService.ts(1,11449): error TS1127: Invalid character.
src/services/firebaseService.ts(1,11450): error TS1127: Invalid character.
src/services/firebaseService.ts(1,11451): error TS1127: Invalid character.
src/services/firebaseService.ts(1,11452): error TS1127: Invalid character.
src/services/firebaseService.ts(1,11453): error TS1127: Invalid character.
src/services/firebaseService.ts(1,11454): error TS1127: Invalid character.
src/services/firebaseService.ts(1,11455): error TS1127: Invalid character.
src/services/firebaseService.ts(1,11456): error TS1127: Invalid character.
src/services/firebaseService.ts(1,11457): error TS1127: Invalid character.
src/services/firebaseService.ts(1,11458): error TS1127: Invalid character.
src/services/firebaseService.ts(1,11459): error TS1127: Invalid character.
src/services/firebaseService.ts(1,11460): error TS1127: Invalid character.
src/services/firebaseService.ts(1,11461): error TS1127: Invalid character.
src/services/firebaseService.ts(1,11462): error TS1127: Invalid character.
src/services/firebaseService.ts(1,11463): error TS1127: Invalid character.
src/services/firebaseService.ts(1,11464): error TS1127: Invalid character.
src/services/firebaseService.ts(1,11465): error TS1127: Invalid character.
src/services/firebaseService.ts(1,11466): error TS1127: Invalid character.
src/services/firebaseService.ts(1,11467): error TS1127: Invalid character.
src/services/firebaseService.ts(1,11468): error TS1127: Invalid character.
src/services/firebaseService.ts(1,11469): error TS1127: Invalid character.
src/services/firebaseService.ts(1,11470): error TS1127: Invalid character.
src/services/firebaseService.ts(1,11471): error TS1127: Invalid character.
src/services/firebaseService.ts(1,11472): error TS1127: Invalid character.
src/services/firebaseService.ts(1,11473): error TS1127: Invalid character.
src/services/firebaseService.ts(1,11474): error TS1127: Invalid character.
src/services/firebaseService.ts(1,11475): error TS1127: Invalid character.
src/services/firebaseService.ts(1,11476): error TS1127: Invalid character.
src/services/firebaseService.ts(1,11477): error TS1127: Invalid character.
src/services/firebaseService.ts(1,11478): error TS1127: Invalid character.
src/services/firebaseService.ts(1,11479): error TS1127: Invalid character.
src/services/firebaseService.ts(1,11480): error TS1127: Invalid character.
src/services/firebaseService.ts(1,11481): error TS1127: Invalid character.
src/services/firebaseService.ts(1,11482): error TS1127: Invalid character.
src/services/firebaseService.ts(1,11483): error TS1127: Invalid character.
src/services/firebaseService.ts(1,11484): error TS1127: Invalid character.
src/services/firebaseService.ts(1,11485): error TS1127: Invalid character.
src/services/firebaseService.ts(1,11486): error TS1127: Invalid character.
src/services/firebaseService.ts(1,11487): error TS1127: Invalid character.
src/services/firebaseService.ts(1,11488): error TS1127: Invalid character.
src/services/firebaseService.ts(1,11489): error TS1127: Invalid character.
src/services/firebaseService.ts(1,11490): error TS1127: Invalid character.
src/services/firebaseService.ts(1,11491): error TS1127: Invalid character.
src/services/firebaseService.ts(1,11492): error TS1127: Invalid character.
src/services/firebaseService.ts(1,11493): error TS1127: Invalid character.
src/services/firebaseService.ts(1,11494): error TS1127: Invalid character.
src/services/firebaseService.ts(1,11495): error TS1127: Invalid character.
src/services/firebaseService.ts(1,11496): error TS1127: Invalid character.
src/services/firebaseService.ts(1,11497): error TS1127: Invalid character.
src/services/firebaseService.ts(1,11498): error TS1127: Invalid character.
src/services/firebaseService.ts(1,11499): error TS1127: Invalid character.
src/services/firebaseService.ts(1,11500): error TS1127: Invalid character.
src/services/firebaseService.ts(1,11501): error TS1127: Invalid character.
src/services/firebaseService.ts(1,11502): error TS1127: Invalid character.
src/services/firebaseService.ts(1,11503): error TS1127: Invalid character.
src/services/firebaseService.ts(1,11504): error TS1127: Invalid character.
src/services/firebaseService.ts(1,11505): error TS1127: Invalid character.
src/services/firebaseService.ts(1,11506): error TS1127: Invalid character.
src/services/firebaseService.ts(1,11507): error TS1127: Invalid character.
src/services/firebaseService.ts(1,11508): error TS1127: Invalid character.
src/services/firebaseService.ts(1,11509): error TS1127: Invalid character.
src/services/firebaseService.ts(1,11510): error TS1127: Invalid character.
src/services/firebaseService.ts(1,11511): error TS1127: Invalid character.
src/services/firebaseService.ts(1,11512): error TS1127: Invalid character.
src/services/firebaseService.ts(1,11513): error TS1127: Invalid character.
src/services/firebaseService.ts(1,11514): error TS1127: Invalid character.
src/services/firebaseService.ts(1,11515): error TS1127: Invalid character.
src/services/firebaseService.ts(1,11516): error TS1127: Invalid character.
src/services/firebaseService.ts(1,11517): error TS1127: Invalid character.
src/services/firebaseService.ts(1,11518): error TS1127: Invalid character.
src/services/firebaseService.ts(1,11519): error TS1127: Invalid character.
src/services/firebaseService.ts(1,11520): error TS1127: Invalid character.
src/services/firebaseService.ts(1,11521): error TS1127: Invalid character.
src/services/firebaseService.ts(1,11522): error TS1127: Invalid character.
src/services/firebaseService.ts(1,11523): error TS1127: Invalid character.
src/services/firebaseService.ts(1,11524): error TS1127: Invalid character.
src/services/firebaseService.ts(1,11525): error TS1127: Invalid character.
src/services/firebaseService.ts(1,11526): error TS1127: Invalid character.
src/services/firebaseService.ts(1,11527): error TS1127: Invalid character.
src/services/firebaseService.ts(1,11528): error TS1127: Invalid character.
src/services/firebaseService.ts(1,11529): error TS1127: Invalid character.
src/services/firebaseService.ts(1,11530): error TS1127: Invalid character.
src/services/firebaseService.ts(1,11531): error TS1127: Invalid character.
src/services/firebaseService.ts(1,11532): error TS1127: Invalid character.
src/services/firebaseService.ts(1,11533): error TS1127: Invalid character.
src/services/firebaseService.ts(1,11534): error TS1127: Invalid character.
src/services/firebaseService.ts(1,11535): error TS1127: Invalid character.
src/services/firebaseService.ts(1,11536): error TS1127: Invalid character.
src/services/firebaseService.ts(1,11537): error TS1127: Invalid character.
src/services/firebaseService.ts(1,11538): error TS1127: Invalid character.
src/services/firebaseService.ts(1,11539): error TS1127: Invalid character.
src/services/firebaseService.ts(1,11540): error TS1127: Invalid character.
src/services/firebaseService.ts(1,11541): error TS1127: Invalid character.
src/services/firebaseService.ts(1,11542): error TS1127: Invalid character.
src/services/firebaseService.ts(1,11543): error TS1127: Invalid character.
src/services/firebaseService.ts(1,11544): error TS1127: Invalid character.
src/services/firebaseService.ts(1,11545): error TS1127: Invalid character.
src/services/firebaseService.ts(1,11546): error TS1127: Invalid character.
src/services/firebaseService.ts(1,11547): error TS1127: Invalid character.
src/services/firebaseService.ts(1,11548): error TS1127: Invalid character.
src/services/firebaseService.ts(1,11549): error TS1127: Invalid character.
src/services/firebaseService.ts(1,11550): error TS1127: Invalid character.
src/services/firebaseService.ts(1,11551): error TS1127: Invalid character.
src/services/firebaseService.ts(1,11552): error TS1127: Invalid character.
src/services/firebaseService.ts(1,11553): error TS1127: Invalid character.
src/services/firebaseService.ts(1,11554): error TS1127: Invalid character.
src/services/firebaseService.ts(1,11555): error TS1127: Invalid character.
src/services/firebaseService.ts(1,11556): error TS1127: Invalid character.
src/services/firebaseService.ts(1,11557): error TS1127: Invalid character.
src/services/firebaseService.ts(1,11558): error TS1127: Invalid character.
src/services/firebaseService.ts(1,11559): error TS1127: Invalid character.
src/services/firebaseService.ts(1,11560): error TS1127: Invalid character.
src/services/firebaseService.ts(1,11561): error TS1127: Invalid character.
src/services/firebaseService.ts(1,11562): error TS1127: Invalid character.
src/services/firebaseService.ts(1,11563): error TS1127: Invalid character.
src/services/firebaseService.ts(1,11564): error TS1127: Invalid character.
src/services/firebaseService.ts(1,11565): error TS1127: Invalid character.
src/services/firebaseService.ts(1,11566): error TS1127: Invalid character.
src/services/firebaseService.ts(1,11567): error TS1127: Invalid character.
src/services/firebaseService.ts(1,11568): error TS1127: Invalid character.
src/services/firebaseService.ts(1,11569): error TS1127: Invalid character.
src/services/firebaseService.ts(1,11570): error TS1127: Invalid character.
src/services/firebaseService.ts(1,11571): error TS1127: Invalid character.
src/services/firebaseService.ts(1,11572): error TS1127: Invalid character.
src/services/firebaseService.ts(1,11573): error TS1127: Invalid character.
src/services/firebaseService.ts(1,11574): error TS1127: Invalid character.
src/services/firebaseService.ts(1,11575): error TS1127: Invalid character.
src/services/firebaseService.ts(1,11576): error TS1127: Invalid character.
src/services/firebaseService.ts(1,11577): error TS1127: Invalid character.
src/services/firebaseService.ts(1,11578): error TS1127: Invalid character.
src/services/firebaseService.ts(1,11579): error TS1127: Invalid character.
src/services/firebaseService.ts(1,11580): error TS1127: Invalid character.
src/services/firebaseService.ts(1,11581): error TS1127: Invalid character.
src/services/firebaseService.ts(1,11582): error TS1127: Invalid character.
src/services/firebaseService.ts(1,11583): error TS1127: Invalid character.
src/services/firebaseService.ts(1,11584): error TS1127: Invalid character.
src/services/firebaseService.ts(1,11585): error TS1127: Invalid character.
src/services/firebaseService.ts(1,11586): error TS1127: Invalid character.
src/services/firebaseService.ts(1,11587): error TS1127: Invalid character.
src/services/firebaseService.ts(1,11588): error TS1127: Invalid character.
src/services/firebaseService.ts(1,11589): error TS1127: Invalid character.
src/services/firebaseService.ts(1,11590): error TS1127: Invalid character.
src/services/firebaseService.ts(1,11591): error TS1127: Invalid character.
src/services/firebaseService.ts(1,11592): error TS1127: Invalid character.
src/services/firebaseService.ts(1,11593): error TS1127: Invalid character.
src/services/firebaseService.ts(1,11594): error TS1127: Invalid character.
src/services/firebaseService.ts(1,11595): error TS1127: Invalid character.
src/services/firebaseService.ts(1,11596): error TS1127: Invalid character.
src/services/firebaseService.ts(1,11597): error TS1127: Invalid character.
src/services/firebaseService.ts(1,11598): error TS1127: Invalid character.
src/services/firebaseService.ts(1,11599): error TS1127: Invalid character.
src/services/firebaseService.ts(1,11600): error TS1127: Invalid character.
src/services/firebaseService.ts(1,11601): error TS1127: Invalid character.
src/services/firebaseService.ts(1,11602): error TS1127: Invalid character.
src/services/firebaseService.ts(1,11603): error TS1127: Invalid character.
src/services/firebaseService.ts(1,11604): error TS1127: Invalid character.
src/services/firebaseService.ts(1,11605): error TS1127: Invalid character.
src/services/firebaseService.ts(1,11606): error TS1127: Invalid character.
src/services/firebaseService.ts(1,11607): error TS1127: Invalid character.
src/services/firebaseService.ts(1,11608): error TS1127: Invalid character.
src/services/firebaseService.ts(1,11609): error TS1127: Invalid character.
src/services/firebaseService.ts(1,11610): error TS1127: Invalid character.
src/services/firebaseService.ts(1,11611): error TS1127: Invalid character.
src/services/firebaseService.ts(1,11612): error TS1127: Invalid character.
src/services/firebaseService.ts(1,11613): error TS1127: Invalid character.
src/services/firebaseService.ts(1,11614): error TS1127: Invalid character.
src/services/firebaseService.ts(1,11615): error TS1127: Invalid character.
src/services/firebaseService.ts(1,11616): error TS1127: Invalid character.
src/services/firebaseService.ts(1,11617): error TS1127: Invalid character.
src/services/firebaseService.ts(1,11618): error TS1127: Invalid character.
src/services/firebaseService.ts(1,11619): error TS1127: Invalid character.
src/services/firebaseService.ts(1,11620): error TS1127: Invalid character.
src/services/firebaseService.ts(1,11621): error TS1127: Invalid character.
src/services/firebaseService.ts(1,11622): error TS1127: Invalid character.
src/services/firebaseService.ts(1,11623): error TS1127: Invalid character.
src/services/firebaseService.ts(1,11624): error TS1127: Invalid character.
src/services/firebaseService.ts(1,11625): error TS1127: Invalid character.
src/services/firebaseService.ts(1,11626): error TS1127: Invalid character.
src/services/firebaseService.ts(1,11627): error TS1127: Invalid character.
src/services/firebaseService.ts(1,11628): error TS1127: Invalid character.
src/services/firebaseService.ts(1,11629): error TS1127: Invalid character.
src/services/firebaseService.ts(1,11630): error TS1127: Invalid character.
src/services/firebaseService.ts(1,11631): error TS1127: Invalid character.
src/services/firebaseService.ts(1,11632): error TS1127: Invalid character.
src/services/firebaseService.ts(1,11633): error TS1127: Invalid character.
src/services/firebaseService.ts(1,11634): error TS1127: Invalid character.
src/services/firebaseService.ts(1,11635): error TS1127: Invalid character.
src/services/firebaseService.ts(1,11636): error TS1127: Invalid character.
src/services/firebaseService.ts(1,11637): error TS1127: Invalid character.
src/services/firebaseService.ts(1,11638): error TS1127: Invalid character.
src/services/firebaseService.ts(1,11639): error TS1127: Invalid character.
src/services/firebaseService.ts(1,11640): error TS1127: Invalid character.
src/services/firebaseService.ts(1,11641): error TS1127: Invalid character.
src/services/firebaseService.ts(1,11642): error TS1127: Invalid character.
src/services/firebaseService.ts(1,11643): error TS1127: Invalid character.
src/services/firebaseService.ts(1,11644): error TS1127: Invalid character.
src/services/firebaseService.ts(1,11645): error TS1127: Invalid character.
src/services/firebaseService.ts(1,11646): error TS1127: Invalid character.
src/services/firebaseService.ts(1,11647): error TS1127: Invalid character.
src/services/firebaseService.ts(1,11648): error TS1127: Invalid character.
src/services/firebaseService.ts(1,11649): error TS1127: Invalid character.
src/services/firebaseService.ts(1,11650): error TS1127: Invalid character.
src/services/firebaseService.ts(1,11651): error TS1127: Invalid character.
src/services/firebaseService.ts(1,11652): error TS1127: Invalid character.
src/services/firebaseService.ts(1,11653): error TS1127: Invalid character.
src/services/firebaseService.ts(1,11654): error TS1127: Invalid character.
src/services/firebaseService.ts(1,11655): error TS1127: Invalid character.
src/services/firebaseService.ts(1,11656): error TS1127: Invalid character.
src/services/firebaseService.ts(1,11657): error TS1127: Invalid character.
src/services/firebaseService.ts(1,11658): error TS1127: Invalid character.
src/services/firebaseService.ts(1,11659): error TS1127: Invalid character.
src/services/firebaseService.ts(1,11660): error TS1127: Invalid character.
src/services/firebaseService.ts(1,11661): error TS1127: Invalid character.
src/services/firebaseService.ts(1,11662): error TS1127: Invalid character.
src/services/firebaseService.ts(1,11663): error TS1127: Invalid character.
src/services/firebaseService.ts(1,11664): error TS1127: Invalid character.
src/services/firebaseService.ts(1,11665): error TS1127: Invalid character.
src/services/firebaseService.ts(1,11666): error TS1127: Invalid character.
src/services/firebaseService.ts(1,11667): error TS1127: Invalid character.
src/services/firebaseService.ts(1,11668): error TS1127: Invalid character.
src/services/firebaseService.ts(1,11669): error TS1127: Invalid character.
src/services/firebaseService.ts(1,11670): error TS1127: Invalid character.
src/services/firebaseService.ts(1,11671): error TS1127: Invalid character.
src/services/firebaseService.ts(1,11672): error TS1127: Invalid character.
src/services/firebaseService.ts(1,11673): error TS1127: Invalid character.
src/services/firebaseService.ts(1,11674): error TS1127: Invalid character.
src/services/firebaseService.ts(1,11675): error TS1127: Invalid character.
src/services/firebaseService.ts(1,11676): error TS1127: Invalid character.
src/services/firebaseService.ts(1,11677): error TS1127: Invalid character.
src/services/firebaseService.ts(1,11678): error TS1127: Invalid character.
src/services/firebaseService.ts(1,11679): error TS1127: Invalid character.
src/services/firebaseService.ts(1,11680): error TS1127: Invalid character.
src/services/firebaseService.ts(1,11681): error TS1127: Invalid character.
src/services/firebaseService.ts(1,11682): error TS1127: Invalid character.
src/services/firebaseService.ts(1,11683): error TS1127: Invalid character.
src/services/firebaseService.ts(1,11684): error TS1127: Invalid character.
src/services/firebaseService.ts(1,11685): error TS1127: Invalid character.
src/services/firebaseService.ts(1,11686): error TS1127: Invalid character.
src/services/firebaseService.ts(1,11687): error TS1127: Invalid character.
src/services/firebaseService.ts(1,11688): error TS1127: Invalid character.
src/services/firebaseService.ts(1,11689): error TS1127: Invalid character.
src/services/firebaseService.ts(1,11690): error TS1127: Invalid character.
src/services/firebaseService.ts(1,11691): error TS1127: Invalid character.
src/services/firebaseService.ts(1,11692): error TS1127: Invalid character.
src/services/firebaseService.ts(1,11693): error TS1127: Invalid character.
src/services/firebaseService.ts(1,11694): error TS1127: Invalid character.
src/services/firebaseService.ts(1,11695): error TS1127: Invalid character.
src/services/firebaseService.ts(1,11696): error TS1127: Invalid character.
src/services/firebaseService.ts(1,11697): error TS1127: Invalid character.
src/services/firebaseService.ts(1,11698): error TS1127: Invalid character.
src/services/firebaseService.ts(1,11699): error TS1127: Invalid character.
src/services/firebaseService.ts(1,11700): error TS1127: Invalid character.
src/services/firebaseService.ts(1,11701): error TS1127: Invalid character.
src/services/firebaseService.ts(1,11702): error TS1127: Invalid character.
src/services/firebaseService.ts(1,11703): error TS1127: Invalid character.
src/services/firebaseService.ts(1,11704): error TS1127: Invalid character.
src/services/firebaseService.ts(1,11705): error TS1127: Invalid character.
src/services/firebaseService.ts(1,11706): error TS1127: Invalid character.
src/services/firebaseService.ts(1,11707): error TS1127: Invalid character.
src/services/firebaseService.ts(1,11708): error TS1127: Invalid character.
src/services/firebaseService.ts(1,11709): error TS1127: Invalid character.
src/services/firebaseService.ts(1,11710): error TS1127: Invalid character.
src/services/firebaseService.ts(1,11711): error TS1127: Invalid character.
src/services/firebaseService.ts(1,11712): error TS1127: Invalid character.
src/services/firebaseService.ts(1,11713): error TS1127: Invalid character.
src/services/firebaseService.ts(1,11714): error TS1127: Invalid character.
src/services/firebaseService.ts(1,11715): error TS1127: Invalid character.
src/services/firebaseService.ts(1,11716): error TS1127: Invalid character.
src/services/firebaseService.ts(1,11717): error TS1127: Invalid character.
src/services/firebaseService.ts(1,11718): error TS1127: Invalid character.
src/services/firebaseService.ts(1,11719): error TS1127: Invalid character.
src/services/firebaseService.ts(1,11720): error TS1127: Invalid character.
src/services/firebaseService.ts(1,11721): error TS1127: Invalid character.
src/services/firebaseService.ts(1,11722): error TS1127: Invalid character.
src/services/firebaseService.ts(1,11723): error TS1127: Invalid character.
src/services/firebaseService.ts(1,11724): error TS1127: Invalid character.
src/services/firebaseService.ts(1,11725): error TS1127: Invalid character.
src/services/firebaseService.ts(1,11726): error TS1127: Invalid character.
src/services/firebaseService.ts(1,11727): error TS1127: Invalid character.
src/services/firebaseService.ts(1,11728): error TS1127: Invalid character.
src/services/firebaseService.ts(1,11729): error TS1127: Invalid character.
src/services/firebaseService.ts(1,11730): error TS1127: Invalid character.
src/services/firebaseService.ts(1,11731): error TS1127: Invalid character.
src/services/firebaseService.ts(1,11732): error TS1127: Invalid character.
src/services/firebaseService.ts(1,11733): error TS1127: Invalid character.
src/services/firebaseService.ts(1,11734): error TS1127: Invalid character.
src/services/firebaseService.ts(1,11735): error TS1127: Invalid character.
src/services/firebaseService.ts(1,11736): error TS1127: Invalid character.
src/services/firebaseService.ts(1,11737): error TS1127: Invalid character.
src/services/firebaseService.ts(1,11738): error TS1127: Invalid character.
src/services/firebaseService.ts(1,11739): error TS1127: Invalid character.
src/services/firebaseService.ts(1,11740): error TS1127: Invalid character.
src/services/firebaseService.ts(1,11741): error TS1127: Invalid character.
src/services/firebaseService.ts(1,11742): error TS1127: Invalid character.
src/services/firebaseService.ts(1,11743): error TS1127: Invalid character.
src/services/firebaseService.ts(1,11744): error TS1127: Invalid character.
src/services/firebaseService.ts(1,11745): error TS1127: Invalid character.
src/services/firebaseService.ts(1,11746): error TS1127: Invalid character.
src/services/firebaseService.ts(1,11747): error TS1127: Invalid character.
src/services/firebaseService.ts(1,11748): error TS1127: Invalid character.
src/services/firebaseService.ts(1,11749): error TS1127: Invalid character.
src/services/firebaseService.ts(1,11750): error TS1127: Invalid character.
src/services/firebaseService.ts(1,11751): error TS1127: Invalid character.
src/services/firebaseService.ts(1,11752): error TS1127: Invalid character.
src/services/firebaseService.ts(1,11753): error TS1127: Invalid character.
src/services/firebaseService.ts(1,11754): error TS1127: Invalid character.
src/services/firebaseService.ts(1,11755): error TS1127: Invalid character.
src/services/firebaseService.ts(1,11756): error TS1127: Invalid character.
src/services/firebaseService.ts(1,11757): error TS1127: Invalid character.
src/services/firebaseService.ts(1,11758): error TS1127: Invalid character.
src/services/firebaseService.ts(1,11759): error TS1127: Invalid character.
src/services/firebaseService.ts(1,11760): error TS1127: Invalid character.
src/services/firebaseService.ts(1,11761): error TS1127: Invalid character.
src/services/firebaseService.ts(1,11762): error TS1127: Invalid character.
src/services/firebaseService.ts(1,11763): error TS1127: Invalid character.
src/services/firebaseService.ts(1,11764): error TS1127: Invalid character.
src/services/firebaseService.ts(1,11765): error TS1127: Invalid character.
src/services/firebaseService.ts(1,11766): error TS1127: Invalid character.
src/services/firebaseService.ts(1,11767): error TS1127: Invalid character.
src/services/firebaseService.ts(1,11768): error TS1127: Invalid character.
src/services/firebaseService.ts(1,11769): error TS1127: Invalid character.
src/services/firebaseService.ts(1,11770): error TS1127: Invalid character.
src/services/firebaseService.ts(1,11771): error TS1127: Invalid character.
src/services/firebaseService.ts(1,11772): error TS1127: Invalid character.
src/services/firebaseService.ts(1,11773): error TS1127: Invalid character.
src/services/firebaseService.ts(1,11774): error TS1127: Invalid character.
src/services/firebaseService.ts(1,11775): error TS1127: Invalid character.
src/services/firebaseService.ts(1,11776): error TS1127: Invalid character.
src/services/firebaseService.ts(1,11777): error TS1127: Invalid character.
src/services/firebaseService.ts(1,11778): error TS1127: Invalid character.
src/services/firebaseService.ts(1,11779): error TS1127: Invalid character.
src/services/firebaseService.ts(1,11780): error TS1127: Invalid character.
src/services/firebaseService.ts(1,11781): error TS1127: Invalid character.
src/services/firebaseService.ts(1,11782): error TS1127: Invalid character.
src/services/firebaseService.ts(1,11783): error TS1127: Invalid character.
src/services/firebaseService.ts(1,11784): error TS1127: Invalid character.
src/services/firebaseService.ts(1,11785): error TS1127: Invalid character.
src/services/firebaseService.ts(1,11786): error TS1127: Invalid character.
src/services/firebaseService.ts(1,11787): error TS1127: Invalid character.
src/services/firebaseService.ts(1,11788): error TS1127: Invalid character.
src/services/firebaseService.ts(1,11789): error TS1127: Invalid character.
src/services/firebaseService.ts(1,11790): error TS1127: Invalid character.
src/services/firebaseService.ts(1,11791): error TS1127: Invalid character.
src/services/firebaseService.ts(1,11792): error TS1127: Invalid character.
src/services/firebaseService.ts(1,11793): error TS1127: Invalid character.
src/services/firebaseService.ts(1,11794): error TS1127: Invalid character.
src/services/firebaseService.ts(1,11795): error TS1127: Invalid character.
src/services/firebaseService.ts(1,11796): error TS1127: Invalid character.
src/services/firebaseService.ts(1,11797): error TS1127: Invalid character.
src/services/firebaseService.ts(1,11798): error TS1127: Invalid character.
src/services/firebaseService.ts(1,11799): error TS1127: Invalid character.
src/services/firebaseService.ts(1,11800): error TS1127: Invalid character.
src/services/firebaseService.ts(1,11801): error TS1127: Invalid character.
src/services/firebaseService.ts(1,11802): error TS1127: Invalid character.
src/services/firebaseService.ts(1,11803): error TS1127: Invalid character.
src/services/firebaseService.ts(1,11804): error TS1127: Invalid character.
src/services/firebaseService.ts(1,11805): error TS1127: Invalid character.
src/services/firebaseService.ts(1,11806): error TS1127: Invalid character.
src/services/firebaseService.ts(1,11807): error TS1127: Invalid character.
src/services/firebaseService.ts(1,11808): error TS1127: Invalid character.
src/services/firebaseService.ts(1,11809): error TS1127: Invalid character.
src/services/firebaseService.ts(1,11810): error TS1127: Invalid character.
src/services/firebaseService.ts(1,11811): error TS1127: Invalid character.
src/services/firebaseService.ts(1,11812): error TS1127: Invalid character.
src/services/firebaseService.ts(1,11813): error TS1127: Invalid character.
src/services/firebaseService.ts(1,11814): error TS1127: Invalid character.
src/services/firebaseService.ts(1,11815): error TS1127: Invalid character.
src/services/firebaseService.ts(1,11816): error TS1127: Invalid character.
src/services/firebaseService.ts(1,11817): error TS1127: Invalid character.
src/services/firebaseService.ts(1,11818): error TS1127: Invalid character.
src/services/firebaseService.ts(1,11819): error TS1127: Invalid character.
src/services/firebaseService.ts(1,11820): error TS1127: Invalid character.
src/services/firebaseService.ts(1,11821): error TS1127: Invalid character.
src/services/firebaseService.ts(1,11822): error TS1127: Invalid character.
src/services/firebaseService.ts(1,11823): error TS1127: Invalid character.
src/services/firebaseService.ts(1,11824): error TS1127: Invalid character.
src/services/firebaseService.ts(1,11825): error TS1127: Invalid character.
src/services/firebaseService.ts(1,11826): error TS1127: Invalid character.
src/services/firebaseService.ts(1,11827): error TS1127: Invalid character.
src/services/firebaseService.ts(1,11828): error TS1127: Invalid character.
src/services/firebaseService.ts(1,11829): error TS1127: Invalid character.
src/services/firebaseService.ts(1,11830): error TS1127: Invalid character.
src/services/firebaseService.ts(1,11831): error TS1127: Invalid character.
src/services/firebaseService.ts(1,11832): error TS1127: Invalid character.
src/services/firebaseService.ts(1,11833): error TS1127: Invalid character.
src/services/firebaseService.ts(1,11834): error TS1127: Invalid character.
src/services/firebaseService.ts(1,11835): error TS1127: Invalid character.
src/services/firebaseService.ts(1,11836): error TS1127: Invalid character.
src/services/firebaseService.ts(1,11837): error TS1127: Invalid character.
src/services/firebaseService.ts(1,11838): error TS1127: Invalid character.
src/services/firebaseService.ts(1,11839): error TS1127: Invalid character.
src/services/firebaseService.ts(1,11840): error TS1127: Invalid character.
src/services/firebaseService.ts(1,11841): error TS1127: Invalid character.
src/services/firebaseService.ts(1,11842): error TS1127: Invalid character.
src/services/firebaseService.ts(1,11843): error TS1127: Invalid character.
src/services/firebaseService.ts(1,11844): error TS1127: Invalid character.
src/services/firebaseService.ts(1,11845): error TS1127: Invalid character.
src/services/firebaseService.ts(1,11846): error TS1127: Invalid character.
src/services/firebaseService.ts(1,11847): error TS1127: Invalid character.
src/services/firebaseService.ts(1,11848): error TS1127: Invalid character.
src/services/firebaseService.ts(1,11849): error TS1127: Invalid character.
src/services/firebaseService.ts(1,11850): error TS1127: Invalid character.
src/services/firebaseService.ts(1,11851): error TS1127: Invalid character.
src/services/firebaseService.ts(1,11852): error TS1127: Invalid character.
src/services/firebaseService.ts(1,11853): error TS1127: Invalid character.
src/services/firebaseService.ts(1,11854): error TS1127: Invalid character.
src/services/firebaseService.ts(1,11855): error TS1127: Invalid character.
src/services/firebaseService.ts(1,11856): error TS1127: Invalid character.
src/services/firebaseService.ts(1,11857): error TS1127: Invalid character.
src/services/firebaseService.ts(1,11858): error TS1127: Invalid character.
src/services/firebaseService.ts(1,11859): error TS1127: Invalid character.
src/services/firebaseService.ts(1,11860): error TS1127: Invalid character.
src/services/firebaseService.ts(1,11861): error TS1127: Invalid character.
src/services/firebaseService.ts(1,11862): error TS1127: Invalid character.
src/services/firebaseService.ts(1,11863): error TS1127: Invalid character.
src/services/firebaseService.ts(1,11864): error TS1127: Invalid character.
src/services/firebaseService.ts(1,11865): error TS1127: Invalid character.
src/services/firebaseService.ts(1,11866): error TS1127: Invalid character.
src/services/firebaseService.ts(1,11867): error TS1127: Invalid character.
src/services/firebaseService.ts(1,11868): error TS1127: Invalid character.
src/services/firebaseService.ts(1,11869): error TS1127: Invalid character.
src/services/firebaseService.ts(1,11870): error TS1127: Invalid character.
src/services/firebaseService.ts(1,11871): error TS1127: Invalid character.
src/services/firebaseService.ts(1,11872): error TS1127: Invalid character.
src/services/firebaseService.ts(1,11873): error TS1127: Invalid character.
src/services/firebaseService.ts(1,11874): error TS1127: Invalid character.
src/services/firebaseService.ts(1,11875): error TS1127: Invalid character.
src/services/firebaseService.ts(1,11876): error TS1127: Invalid character.
src/services/firebaseService.ts(1,11877): error TS1127: Invalid character.
src/services/firebaseService.ts(1,11878): error TS1127: Invalid character.
src/services/firebaseService.ts(1,11879): error TS1127: Invalid character.
src/services/firebaseService.ts(1,11880): error TS1127: Invalid character.
src/services/firebaseService.ts(1,11881): error TS1127: Invalid character.
src/services/firebaseService.ts(1,11882): error TS1127: Invalid character.
src/services/firebaseService.ts(1,11883): error TS1127: Invalid character.
src/services/firebaseService.ts(1,11884): error TS1127: Invalid character.
src/services/firebaseService.ts(1,11885): error TS1127: Invalid character.
src/services/firebaseService.ts(1,11886): error TS1127: Invalid character.
src/services/firebaseService.ts(1,11887): error TS1127: Invalid character.
src/services/firebaseService.ts(1,11888): error TS1127: Invalid character.
src/services/firebaseService.ts(1,11889): error TS1127: Invalid character.
src/services/firebaseService.ts(1,11890): error TS1127: Invalid character.
src/services/firebaseService.ts(1,11891): error TS1127: Invalid character.
src/services/firebaseService.ts(1,11892): error TS1127: Invalid character.
src/services/firebaseService.ts(1,11893): error TS1127: Invalid character.
src/services/firebaseService.ts(1,11894): error TS1127: Invalid character.
src/services/firebaseService.ts(1,11895): error TS1127: Invalid character.
src/services/firebaseService.ts(1,11896): error TS1127: Invalid character.
src/services/firebaseService.ts(1,11897): error TS1127: Invalid character.
src/services/firebaseService.ts(1,11898): error TS1127: Invalid character.
src/services/firebaseService.ts(1,11899): error TS1127: Invalid character.
src/services/firebaseService.ts(1,11900): error TS1127: Invalid character.
src/services/firebaseService.ts(1,11901): error TS1127: Invalid character.
src/services/firebaseService.ts(1,11902): error TS1127: Invalid character.
src/services/firebaseService.ts(1,11903): error TS1127: Invalid character.
src/services/firebaseService.ts(1,11904): error TS1127: Invalid character.
src/services/firebaseService.ts(1,11905): error TS1127: Invalid character.
src/services/firebaseService.ts(1,11906): error TS1127: Invalid character.
src/services/firebaseService.ts(1,11907): error TS1127: Invalid character.
src/services/firebaseService.ts(1,11908): error TS1127: Invalid character.
src/services/firebaseService.ts(1,11909): error TS1127: Invalid character.
src/services/firebaseService.ts(1,11910): error TS1127: Invalid character.
src/services/firebaseService.ts(1,11911): error TS1127: Invalid character.
src/services/firebaseService.ts(1,11912): error TS1127: Invalid character.
src/services/firebaseService.ts(1,11913): error TS1127: Invalid character.
src/services/firebaseService.ts(1,11914): error TS1127: Invalid character.
src/services/firebaseService.ts(1,11915): error TS1127: Invalid character.
src/services/firebaseService.ts(1,11916): error TS1127: Invalid character.
src/services/firebaseService.ts(1,11917): error TS1127: Invalid character.
src/services/firebaseService.ts(1,11918): error TS1127: Invalid character.
src/services/firebaseService.ts(1,11919): error TS1127: Invalid character.
src/services/firebaseService.ts(1,11920): error TS1127: Invalid character.
src/services/firebaseService.ts(1,11921): error TS1127: Invalid character.
src/services/firebaseService.ts(1,11922): error TS1127: Invalid character.
src/services/firebaseService.ts(1,11923): error TS1127: Invalid character.
src/services/firebaseService.ts(1,11924): error TS1127: Invalid character.
src/services/firebaseService.ts(1,11925): error TS1127: Invalid character.
src/services/firebaseService.ts(1,11926): error TS1127: Invalid character.
src/services/firebaseService.ts(1,11927): error TS1127: Invalid character.
src/services/firebaseService.ts(1,11928): error TS1127: Invalid character.
src/services/firebaseService.ts(1,11929): error TS1127: Invalid character.
src/services/firebaseService.ts(1,11930): error TS1127: Invalid character.
src/services/firebaseService.ts(1,11931): error TS1127: Invalid character.
src/services/firebaseService.ts(1,11932): error TS1127: Invalid character.
src/services/firebaseService.ts(1,11933): error TS1127: Invalid character.
src/services/firebaseService.ts(1,11934): error TS1127: Invalid character.
src/services/firebaseService.ts(1,11935): error TS1127: Invalid character.
src/services/firebaseService.ts(1,11936): error TS1127: Invalid character.
src/services/firebaseService.ts(1,11937): error TS1127: Invalid character.
src/services/firebaseService.ts(1,11938): error TS1127: Invalid character.
src/services/firebaseService.ts(1,11939): error TS1127: Invalid character.
src/services/firebaseService.ts(1,11940): error TS1127: Invalid character.
src/services/firebaseService.ts(1,11941): error TS1127: Invalid character.
src/services/firebaseService.ts(1,11942): error TS1127: Invalid character.
src/services/firebaseService.ts(1,11943): error TS1127: Invalid character.
src/services/firebaseService.ts(1,11944): error TS1127: Invalid character.
src/services/firebaseService.ts(1,11945): error TS1127: Invalid character.
src/services/firebaseService.ts(1,11946): error TS1127: Invalid character.
src/services/firebaseService.ts(1,11947): error TS1127: Invalid character.
src/services/firebaseService.ts(1,11948): error TS1127: Invalid character.
src/services/firebaseService.ts(1,11949): error TS1127: Invalid character.
src/services/firebaseService.ts(1,11950): error TS1127: Invalid character.
src/services/firebaseService.ts(1,11951): error TS1127: Invalid character.
src/services/firebaseService.ts(1,11952): error TS1127: Invalid character.
src/services/firebaseService.ts(1,11953): error TS1127: Invalid character.
src/services/firebaseService.ts(1,11954): error TS1127: Invalid character.
src/services/firebaseService.ts(1,11955): error TS1127: Invalid character.
src/services/firebaseService.ts(1,11956): error TS1127: Invalid character.
src/services/firebaseService.ts(1,11957): error TS1127: Invalid character.
src/services/firebaseService.ts(1,11958): error TS1127: Invalid character.
src/services/firebaseService.ts(1,11959): error TS1127: Invalid character.
src/services/firebaseService.ts(1,11960): error TS1127: Invalid character.
src/services/firebaseService.ts(1,11961): error TS1127: Invalid character.
src/services/firebaseService.ts(1,11962): error TS1127: Invalid character.
src/services/firebaseService.ts(1,11963): error TS1127: Invalid character.
src/services/firebaseService.ts(1,11964): error TS1127: Invalid character.
src/services/firebaseService.ts(1,11965): error TS1127: Invalid character.
src/services/firebaseService.ts(1,11966): error TS1127: Invalid character.
src/services/firebaseService.ts(1,11967): error TS1127: Invalid character.
src/services/firebaseService.ts(1,11968): error TS1127: Invalid character.
src/services/firebaseService.ts(1,11969): error TS1127: Invalid character.
src/services/firebaseService.ts(1,11970): error TS1127: Invalid character.
src/services/firebaseService.ts(1,11971): error TS1127: Invalid character.
src/services/firebaseService.ts(1,11972): error TS1127: Invalid character.
src/services/firebaseService.ts(1,11973): error TS1127: Invalid character.
src/services/firebaseService.ts(1,11974): error TS1127: Invalid character.
src/services/firebaseService.ts(1,11975): error TS1127: Invalid character.
src/services/firebaseService.ts(1,11976): error TS1127: Invalid character.
src/services/firebaseService.ts(1,11977): error TS1127: Invalid character.
src/services/firebaseService.ts(1,11978): error TS1127: Invalid character.
src/services/firebaseService.ts(1,11979): error TS1127: Invalid character.
src/services/firebaseService.ts(1,11980): error TS1127: Invalid character.
src/services/firebaseService.ts(1,11981): error TS1127: Invalid character.
src/services/firebaseService.ts(1,11982): error TS1127: Invalid character.
src/services/firebaseService.ts(1,11983): error TS1127: Invalid character.
src/services/firebaseService.ts(1,11984): error TS1127: Invalid character.
src/services/firebaseService.ts(1,11985): error TS1127: Invalid character.
src/services/firebaseService.ts(1,11986): error TS1127: Invalid character.
src/services/firebaseService.ts(1,11987): error TS1127: Invalid character.
src/services/firebaseService.ts(1,11988): error TS1127: Invalid character.
src/services/firebaseService.ts(1,11989): error TS1127: Invalid character.
src/services/firebaseService.ts(1,11990): error TS1127: Invalid character.
src/services/firebaseService.ts(1,11991): error TS1127: Invalid character.
src/services/firebaseService.ts(1,11992): error TS1127: Invalid character.
src/services/firebaseService.ts(1,11993): error TS1127: Invalid character.
src/services/firebaseService.ts(1,11994): error TS1127: Invalid character.
src/services/firebaseService.ts(1,11995): error TS1127: Invalid character.
src/services/firebaseService.ts(1,11996): error TS1127: Invalid character.
src/services/firebaseService.ts(1,11997): error TS1127: Invalid character.
src/services/firebaseService.ts(1,11998): error TS1127: Invalid character.
src/services/firebaseService.ts(1,11999): error TS1127: Invalid character.
src/services/firebaseService.ts(1,12000): error TS1127: Invalid character.
src/services/firebaseService.ts(1,12001): error TS1127: Invalid character.
src/services/firebaseService.ts(1,12002): error TS1127: Invalid character.
src/services/firebaseService.ts(1,12003): error TS1127: Invalid character.
src/services/firebaseService.ts(1,12004): error TS1127: Invalid character.
src/services/firebaseService.ts(1,12005): error TS1127: Invalid character.
src/services/firebaseService.ts(1,12006): error TS1127: Invalid character.
src/services/firebaseService.ts(1,12007): error TS1127: Invalid character.
src/services/firebaseService.ts(1,12008): error TS1127: Invalid character.
src/services/firebaseService.ts(1,12009): error TS1127: Invalid character.
src/services/firebaseService.ts(1,12010): error TS1127: Invalid character.
src/services/firebaseService.ts(1,12011): error TS1127: Invalid character.
src/services/firebaseService.ts(1,12012): error TS1127: Invalid character.
src/services/firebaseService.ts(1,12013): error TS1127: Invalid character.
src/services/firebaseService.ts(1,12014): error TS1127: Invalid character.
src/services/firebaseService.ts(1,12015): error TS1127: Invalid character.
src/services/firebaseService.ts(1,12016): error TS1127: Invalid character.
src/services/firebaseService.ts(1,12017): error TS1127: Invalid character.
src/services/firebaseService.ts(1,12018): error TS1127: Invalid character.
src/services/firebaseService.ts(1,12019): error TS1127: Invalid character.
src/services/firebaseService.ts(1,12020): error TS1127: Invalid character.
src/services/firebaseService.ts(1,12021): error TS1127: Invalid character.
src/services/firebaseService.ts(1,12022): error TS1127: Invalid character.
src/services/firebaseService.ts(1,12023): error TS1127: Invalid character.
src/services/firebaseService.ts(1,12024): error TS1127: Invalid character.
src/services/firebaseService.ts(1,12025): error TS1127: Invalid character.
src/services/firebaseService.ts(1,12026): error TS1127: Invalid character.
src/services/firebaseService.ts(1,12027): error TS1127: Invalid character.
src/services/firebaseService.ts(1,12028): error TS1127: Invalid character.
src/services/firebaseService.ts(1,12029): error TS1127: Invalid character.
src/services/firebaseService.ts(1,12030): error TS1127: Invalid character.
src/services/firebaseService.ts(1,12031): error TS1127: Invalid character.
src/services/firebaseService.ts(1,12032): error TS1127: Invalid character.
src/services/firebaseService.ts(1,12033): error TS1127: Invalid character.
src/services/firebaseService.ts(1,12034): error TS1127: Invalid character.
src/services/firebaseService.ts(1,12035): error TS1127: Invalid character.
src/services/firebaseService.ts(1,12036): error TS1127: Invalid character.
src/services/firebaseService.ts(1,12037): error TS1127: Invalid character.
src/services/firebaseService.ts(1,12038): error TS1127: Invalid character.
src/services/firebaseService.ts(1,12039): error TS1127: Invalid character.
src/services/firebaseService.ts(1,12040): error TS1127: Invalid character.
src/services/firebaseService.ts(1,12041): error TS1127: Invalid character.
src/services/firebaseService.ts(1,12042): error TS1127: Invalid character.
src/services/firebaseService.ts(1,12043): error TS1127: Invalid character.
src/services/firebaseService.ts(1,12044): error TS1127: Invalid character.
src/services/firebaseService.ts(1,12045): error TS1127: Invalid character.
src/services/firebaseService.ts(1,12046): error TS1127: Invalid character.
src/services/firebaseService.ts(1,12047): error TS1127: Invalid character.
src/services/firebaseService.ts(1,12048): error TS1127: Invalid character.
src/services/firebaseService.ts(1,12049): error TS1127: Invalid character.
src/services/firebaseService.ts(1,12050): error TS1127: Invalid character.
src/services/firebaseService.ts(1,12051): error TS1127: Invalid character.
src/services/firebaseService.ts(1,12052): error TS1127: Invalid character.
src/services/firebaseService.ts(1,12053): error TS1127: Invalid character.
src/services/firebaseService.ts(1,12054): error TS1127: Invalid character.
src/services/firebaseService.ts(1,12055): error TS1127: Invalid character.
src/services/firebaseService.ts(1,12056): error TS1127: Invalid character.
src/services/firebaseService.ts(1,12057): error TS1127: Invalid character.
src/services/firebaseService.ts(1,12058): error TS1127: Invalid character.
src/services/firebaseService.ts(1,12059): error TS1127: Invalid character.
src/services/firebaseService.ts(1,12060): error TS1127: Invalid character.
src/services/firebaseService.ts(1,12061): error TS1127: Invalid character.
src/services/firebaseService.ts(1,12062): error TS1127: Invalid character.
src/services/firebaseService.ts(1,12063): error TS1127: Invalid character.
src/services/firebaseService.ts(1,12064): error TS1127: Invalid character.
src/services/firebaseService.ts(1,12065): error TS1127: Invalid character.
src/services/firebaseService.ts(1,12066): error TS1127: Invalid character.
src/services/firebaseService.ts(1,12067): error TS1127: Invalid character.
src/services/firebaseService.ts(1,12068): error TS1127: Invalid character.
src/services/firebaseService.ts(1,12069): error TS1127: Invalid character.
src/services/firebaseService.ts(1,12070): error TS1127: Invalid character.
src/services/firebaseService.ts(1,12071): error TS1127: Invalid character.
src/services/firebaseService.ts(1,12072): error TS1127: Invalid character.
src/services/firebaseService.ts(1,12073): error TS1127: Invalid character.
src/services/firebaseService.ts(1,12074): error TS1127: Invalid character.
src/services/firebaseService.ts(1,12075): error TS1127: Invalid character.
src/services/firebaseService.ts(1,12076): error TS1127: Invalid character.
src/services/firebaseService.ts(1,12077): error TS1127: Invalid character.
src/services/firebaseService.ts(1,12078): error TS1127: Invalid character.
src/services/firebaseService.ts(1,12079): error TS1127: Invalid character.
src/services/firebaseService.ts(1,12080): error TS1127: Invalid character.
src/services/firebaseService.ts(1,12081): error TS1127: Invalid character.
src/services/firebaseService.ts(1,12082): error TS1127: Invalid character.
src/services/firebaseService.ts(1,12083): error TS1127: Invalid character.
src/services/firebaseService.ts(1,12084): error TS1127: Invalid character.
src/services/firebaseService.ts(1,12085): error TS1127: Invalid character.
src/services/firebaseService.ts(1,12086): error TS1127: Invalid character.
src/services/firebaseService.ts(1,12087): error TS1127: Invalid character.
src/services/firebaseService.ts(1,12088): error TS1127: Invalid character.
src/services/firebaseService.ts(1,12089): error TS1127: Invalid character.
src/services/firebaseService.ts(1,12090): error TS1127: Invalid character.
src/services/firebaseService.ts(1,12091): error TS1127: Invalid character.
src/services/firebaseService.ts(1,12092): error TS1127: Invalid character.
src/services/firebaseService.ts(1,12093): error TS1127: Invalid character.
src/services/firebaseService.ts(1,12094): error TS1127: Invalid character.
src/services/firebaseService.ts(1,12095): error TS1127: Invalid character.
src/services/firebaseService.ts(1,12096): error TS1127: Invalid character.
src/services/firebaseService.ts(1,12097): error TS1127: Invalid character.
src/services/firebaseService.ts(1,12098): error TS1127: Invalid character.
src/services/firebaseService.ts(1,12099): error TS1127: Invalid character.
src/services/firebaseService.ts(1,12100): error TS1127: Invalid character.
src/services/firebaseService.ts(1,12101): error TS1127: Invalid character.
src/services/firebaseService.ts(1,12102): error TS1127: Invalid character.
src/services/firebaseService.ts(1,12103): error TS1127: Invalid character.
src/services/firebaseService.ts(1,12104): error TS1127: Invalid character.
src/services/firebaseService.ts(1,12105): error TS1127: Invalid character.
src/services/firebaseService.ts(1,12106): error TS1127: Invalid character.
src/services/firebaseService.ts(1,12107): error TS1127: Invalid character.
src/services/firebaseService.ts(1,12108): error TS1127: Invalid character.
src/services/firebaseService.ts(1,12109): error TS1127: Invalid character.
src/services/firebaseService.ts(1,12110): error TS1127: Invalid character.
src/services/firebaseService.ts(1,12111): error TS1127: Invalid character.
src/services/firebaseService.ts(1,12112): error TS1127: Invalid character.
src/services/firebaseService.ts(1,12113): error TS1127: Invalid character.
src/services/firebaseService.ts(1,12114): error TS1127: Invalid character.
src/services/firebaseService.ts(1,12115): error TS1127: Invalid character.
src/services/firebaseService.ts(1,12116): error TS1127: Invalid character.
src/services/firebaseService.ts(1,12117): error TS1127: Invalid character.
src/services/firebaseService.ts(1,12118): error TS1127: Invalid character.
src/services/firebaseService.ts(1,12119): error TS1127: Invalid character.
src/services/firebaseService.ts(1,12120): error TS1127: Invalid character.
src/services/firebaseService.ts(1,12121): error TS1127: Invalid character.
src/services/firebaseService.ts(1,12122): error TS1127: Invalid character.
src/services/firebaseService.ts(1,12123): error TS1127: Invalid character.
src/services/firebaseService.ts(1,12124): error TS1127: Invalid character.
src/services/firebaseService.ts(1,12125): error TS1127: Invalid character.
src/services/firebaseService.ts(1,12126): error TS1127: Invalid character.
src/services/firebaseService.ts(1,12127): error TS1127: Invalid character.
src/services/firebaseService.ts(1,12128): error TS1127: Invalid character.
src/services/firebaseService.ts(1,12129): error TS1127: Invalid character.
src/services/firebaseService.ts(1,12130): error TS1127: Invalid character.
src/services/firebaseService.ts(1,12131): error TS1127: Invalid character.
src/services/firebaseService.ts(1,12132): error TS1127: Invalid character.
src/services/firebaseService.ts(1,12133): error TS1127: Invalid character.
src/services/firebaseService.ts(1,12134): error TS1127: Invalid character.
src/services/firebaseService.ts(1,12135): error TS1127: Invalid character.
src/services/firebaseService.ts(1,12136): error TS1127: Invalid character.
src/services/firebaseService.ts(1,12137): error TS1127: Invalid character.
src/services/firebaseService.ts(1,12138): error TS1127: Invalid character.
src/services/firebaseService.ts(1,12139): error TS1127: Invalid character.
src/services/firebaseService.ts(1,12140): error TS1127: Invalid character.
src/services/firebaseService.ts(1,12141): error TS1127: Invalid character.
src/services/firebaseService.ts(1,12142): error TS1127: Invalid character.
src/services/firebaseService.ts(1,12143): error TS1127: Invalid character.
src/services/firebaseService.ts(1,12144): error TS1127: Invalid character.
src/services/firebaseService.ts(1,12145): error TS1127: Invalid character.
src/services/firebaseService.ts(1,12146): error TS1127: Invalid character.
src/services/firebaseService.ts(1,12147): error TS1127: Invalid character.
src/services/firebaseService.ts(1,12148): error TS1127: Invalid character.
src/services/firebaseService.ts(1,12149): error TS1127: Invalid character.
src/services/firebaseService.ts(1,12150): error TS1127: Invalid character.
src/services/firebaseService.ts(1,12151): error TS1127: Invalid character.
src/services/firebaseService.ts(1,12152): error TS1127: Invalid character.
src/services/firebaseService.ts(1,12153): error TS1127: Invalid character.
src/services/firebaseService.ts(1,12154): error TS1127: Invalid character.
src/services/firebaseService.ts(1,12155): error TS1127: Invalid character.
src/services/firebaseService.ts(1,12156): error TS1127: Invalid character.
src/services/firebaseService.ts(1,12157): error TS1127: Invalid character.
src/services/firebaseService.ts(1,12158): error TS1127: Invalid character.
src/services/firebaseService.ts(1,12159): error TS1127: Invalid character.
src/services/firebaseService.ts(1,12160): error TS1127: Invalid character.
src/services/firebaseService.ts(1,12161): error TS1127: Invalid character.
src/services/firebaseService.ts(1,12162): error TS1127: Invalid character.
src/services/firebaseService.ts(1,12163): error TS1127: Invalid character.
src/services/firebaseService.ts(1,12164): error TS1127: Invalid character.
src/services/firebaseService.ts(1,12165): error TS1127: Invalid character.
src/services/firebaseService.ts(1,12166): error TS1127: Invalid character.
src/services/firebaseService.ts(1,12167): error TS1127: Invalid character.
src/services/firebaseService.ts(1,12168): error TS1127: Invalid character.
src/services/firebaseService.ts(1,12169): error TS1127: Invalid character.
src/services/firebaseService.ts(1,12170): error TS1127: Invalid character.
src/services/firebaseService.ts(1,12171): error TS1127: Invalid character.
src/services/firebaseService.ts(1,12172): error TS1127: Invalid character.
src/services/firebaseService.ts(1,12173): error TS1127: Invalid character.
src/services/firebaseService.ts(1,12174): error TS1127: Invalid character.
src/services/firebaseService.ts(1,12175): error TS1127: Invalid character.
src/services/firebaseService.ts(1,12176): error TS1127: Invalid character.
src/services/firebaseService.ts(1,12177): error TS1127: Invalid character.
src/services/firebaseService.ts(1,12178): error TS1127: Invalid character.
src/services/firebaseService.ts(1,12179): error TS1127: Invalid character.
src/services/firebaseService.ts(1,12180): error TS1127: Invalid character.
src/services/firebaseService.ts(1,12181): error TS1127: Invalid character.
src/services/firebaseService.ts(1,12182): error TS1127: Invalid character.
src/services/firebaseService.ts(1,12183): error TS1127: Invalid character.
src/services/firebaseService.ts(1,12184): error TS1127: Invalid character.
src/services/firebaseService.ts(1,12185): error TS1127: Invalid character.
src/services/firebaseService.ts(1,12186): error TS1127: Invalid character.
src/services/firebaseService.ts(1,12187): error TS1127: Invalid character.
src/services/firebaseService.ts(1,12188): error TS1127: Invalid character.
src/services/firebaseService.ts(1,12189): error TS1127: Invalid character.
src/services/firebaseService.ts(1,12190): error TS1127: Invalid character.
src/services/firebaseService.ts(1,12191): error TS1127: Invalid character.
src/services/firebaseService.ts(1,12192): error TS1127: Invalid character.
src/services/firebaseService.ts(1,12193): error TS1127: Invalid character.
src/services/firebaseService.ts(1,12194): error TS1127: Invalid character.
src/services/firebaseService.ts(1,12195): error TS1127: Invalid character.
src/services/firebaseService.ts(1,12196): error TS1127: Invalid character.
src/services/firebaseService.ts(1,12197): error TS1127: Invalid character.
src/services/firebaseService.ts(1,12198): error TS1127: Invalid character.
src/services/firebaseService.ts(1,12199): error TS1127: Invalid character.
src/services/firebaseService.ts(1,12200): error TS1127: Invalid character.
src/services/firebaseService.ts(1,12201): error TS1127: Invalid character.
src/services/firebaseService.ts(1,12202): error TS1127: Invalid character.
src/services/firebaseService.ts(1,12203): error TS1127: Invalid character.
src/services/firebaseService.ts(1,12204): error TS1127: Invalid character.
src/services/firebaseService.ts(1,12205): error TS1127: Invalid character.
src/services/firebaseService.ts(1,12206): error TS1127: Invalid character.
src/services/firebaseService.ts(1,12207): error TS1127: Invalid character.
src/services/firebaseService.ts(1,12208): error TS1127: Invalid character.
src/services/firebaseService.ts(1,12209): error TS1127: Invalid character.
src/services/firebaseService.ts(1,12210): error TS1127: Invalid character.
src/services/firebaseService.ts(1,12211): error TS1127: Invalid character.
src/services/firebaseService.ts(1,12212): error TS1127: Invalid character.
src/services/firebaseService.ts(1,12213): error TS1127: Invalid character.
src/services/firebaseService.ts(1,12214): error TS1127: Invalid character.
src/services/firebaseService.ts(1,12215): error TS1127: Invalid character.
src/services/firebaseService.ts(1,12216): error TS1127: Invalid character.
src/services/firebaseService.ts(1,12217): error TS1127: Invalid character.
src/services/firebaseService.ts(1,12218): error TS1127: Invalid character.
src/services/firebaseService.ts(1,12219): error TS1127: Invalid character.
src/services/firebaseService.ts(1,12220): error TS1127: Invalid character.
src/services/firebaseService.ts(1,12221): error TS1127: Invalid character.
src/services/firebaseService.ts(1,12222): error TS1127: Invalid character.
src/services/firebaseService.ts(1,12223): error TS1127: Invalid character.
src/services/firebaseService.ts(1,12224): error TS1127: Invalid character.
src/services/firebaseService.ts(1,12225): error TS1127: Invalid character.
src/services/firebaseService.ts(1,12226): error TS1127: Invalid character.
src/services/firebaseService.ts(1,12227): error TS1127: Invalid character.
src/services/firebaseService.ts(1,12228): error TS1127: Invalid character.
src/services/firebaseService.ts(1,12229): error TS1127: Invalid character.
src/services/firebaseService.ts(1,12230): error TS1127: Invalid character.
src/services/firebaseService.ts(1,12231): error TS1127: Invalid character.
src/services/firebaseService.ts(1,12232): error TS1127: Invalid character.
src/services/firebaseService.ts(1,12233): error TS1127: Invalid character.
src/services/firebaseService.ts(1,12234): error TS1127: Invalid character.
src/services/firebaseService.ts(1,12235): error TS1127: Invalid character.
src/services/firebaseService.ts(1,12236): error TS1127: Invalid character.
src/services/firebaseService.ts(1,12237): error TS1127: Invalid character.
src/services/firebaseService.ts(1,12238): error TS1127: Invalid character.
src/services/firebaseService.ts(1,12239): error TS1127: Invalid character.
src/services/firebaseService.ts(1,12240): error TS1127: Invalid character.
src/services/firebaseService.ts(1,12241): error TS1127: Invalid character.
src/services/firebaseService.ts(1,12242): error TS1127: Invalid character.
src/services/firebaseService.ts(1,12243): error TS1127: Invalid character.
src/services/firebaseService.ts(1,12244): error TS1127: Invalid character.
src/services/firebaseService.ts(1,12245): error TS1127: Invalid character.
src/services/firebaseService.ts(1,12246): error TS1127: Invalid character.
src/services/firebaseService.ts(1,12247): error TS1127: Invalid character.
src/services/firebaseService.ts(1,12248): error TS1127: Invalid character.
src/services/firebaseService.ts(1,12249): error TS1127: Invalid character.
src/services/firebaseService.ts(1,12250): error TS1127: Invalid character.
src/services/firebaseService.ts(1,12251): error TS1127: Invalid character.
src/services/firebaseService.ts(1,12252): error TS1127: Invalid character.
src/services/firebaseService.ts(1,12253): error TS1127: Invalid character.
src/services/firebaseService.ts(1,12254): error TS1127: Invalid character.
src/services/firebaseService.ts(1,12255): error TS1127: Invalid character.
src/services/firebaseService.ts(1,12256): error TS1127: Invalid character.
src/services/firebaseService.ts(1,12257): error TS1127: Invalid character.
src/services/firebaseService.ts(1,12258): error TS1127: Invalid character.
src/services/firebaseService.ts(1,12259): error TS1127: Invalid character.
src/services/firebaseService.ts(1,12260): error TS1127: Invalid character.
src/services/firebaseService.ts(1,12261): error TS1127: Invalid character.
src/services/firebaseService.ts(1,12262): error TS1127: Invalid character.
src/services/firebaseService.ts(1,12263): error TS1127: Invalid character.
src/services/firebaseService.ts(1,12264): error TS1127: Invalid character.
src/services/firebaseService.ts(1,12265): error TS1127: Invalid character.
src/services/firebaseService.ts(1,12266): error TS1127: Invalid character.
src/services/firebaseService.ts(1,12267): error TS1127: Invalid character.
src/services/firebaseService.ts(1,12268): error TS1127: Invalid character.
src/services/firebaseService.ts(1,12269): error TS1127: Invalid character.
src/services/firebaseService.ts(1,12270): error TS1127: Invalid character.
src/services/firebaseService.ts(1,12271): error TS1127: Invalid character.
src/services/firebaseService.ts(1,12272): error TS1127: Invalid character.
src/services/firebaseService.ts(1,12273): error TS1127: Invalid character.
src/services/firebaseService.ts(1,12274): error TS1127: Invalid character.
src/services/firebaseService.ts(1,12275): error TS1127: Invalid character.
src/services/firebaseService.ts(1,12276): error TS1127: Invalid character.
src/services/firebaseService.ts(1,12277): error TS1127: Invalid character.
src/services/firebaseService.ts(1,12278): error TS1127: Invalid character.
src/services/firebaseService.ts(1,12279): error TS1127: Invalid character.
src/services/firebaseService.ts(1,12280): error TS1127: Invalid character.
src/services/firebaseService.ts(1,12281): error TS1127: Invalid character.
src/services/firebaseService.ts(1,12282): error TS1127: Invalid character.
src/services/firebaseService.ts(1,12283): error TS1127: Invalid character.
src/services/firebaseService.ts(1,12284): error TS1127: Invalid character.
src/services/firebaseService.ts(1,12285): error TS1127: Invalid character.
src/services/firebaseService.ts(1,12286): error TS1127: Invalid character.
src/services/firebaseService.ts(1,12287): error TS1127: Invalid character.
src/services/firebaseService.ts(1,12288): error TS1127: Invalid character.
src/services/firebaseService.ts(1,12289): error TS1127: Invalid character.
src/services/firebaseService.ts(1,12290): error TS1127: Invalid character.
src/services/firebaseService.ts(1,12291): error TS1127: Invalid character.
src/services/firebaseService.ts(1,12292): error TS1127: Invalid character.
src/services/firebaseService.ts(1,12293): error TS1127: Invalid character.
src/services/firebaseService.ts(1,12294): error TS1127: Invalid character.
src/services/firebaseService.ts(1,12295): error TS1127: Invalid character.
src/services/firebaseService.ts(1,12296): error TS1127: Invalid character.
src/services/firebaseService.ts(1,12297): error TS1127: Invalid character.
src/services/firebaseService.ts(1,12298): error TS1127: Invalid character.
src/services/firebaseService.ts(1,12299): error TS1127: Invalid character.
src/services/firebaseService.ts(1,12300): error TS1127: Invalid character.
src/services/firebaseService.ts(1,12301): error TS1127: Invalid character.
src/services/firebaseService.ts(1,12302): error TS1127: Invalid character.
src/services/firebaseService.ts(1,12303): error TS1127: Invalid character.
src/services/firebaseService.ts(1,12304): error TS1127: Invalid character.
src/services/firebaseService.ts(1,12305): error TS1127: Invalid character.
src/services/firebaseService.ts(1,12306): error TS1127: Invalid character.
src/services/firebaseService.ts(1,12307): error TS1127: Invalid character.
src/services/firebaseService.ts(1,12308): error TS1127: Invalid character.
src/services/firebaseService.ts(1,12309): error TS1127: Invalid character.
src/services/firebaseService.ts(1,12310): error TS1127: Invalid character.
src/services/firebaseService.ts(1,12311): error TS1127: Invalid character.
src/services/firebaseService.ts(1,12312): error TS1127: Invalid character.
src/services/firebaseService.ts(1,12313): error TS1127: Invalid character.
src/services/firebaseService.ts(1,12314): error TS1127: Invalid character.
src/services/firebaseService.ts(1,12315): error TS1127: Invalid character.
src/services/firebaseService.ts(1,12316): error TS1127: Invalid character.
src/services/firebaseService.ts(1,12317): error TS1127: Invalid character.
src/services/firebaseService.ts(1,12318): error TS1127: Invalid character.
src/services/firebaseService.ts(1,12319): error TS1127: Invalid character.
src/services/firebaseService.ts(1,12320): error TS1127: Invalid character.
src/services/firebaseService.ts(1,12321): error TS1127: Invalid character.
src/services/firebaseService.ts(1,12322): error TS1127: Invalid character.
src/services/firebaseService.ts(1,12323): error TS1127: Invalid character.
src/services/firebaseService.ts(1,12324): error TS1127: Invalid character.
src/services/firebaseService.ts(1,12325): error TS1127: Invalid character.
src/services/firebaseService.ts(1,12326): error TS1127: Invalid character.
src/services/firebaseService.ts(1,12327): error TS1127: Invalid character.
src/services/firebaseService.ts(1,12328): error TS1127: Invalid character.
src/services/firebaseService.ts(1,12329): error TS1127: Invalid character.
src/services/firebaseService.ts(1,12330): error TS1127: Invalid character.
src/services/firebaseService.ts(1,12331): error TS1127: Invalid character.
src/services/firebaseService.ts(1,12332): error TS1127: Invalid character.
src/services/firebaseService.ts(1,12333): error TS1127: Invalid character.
src/services/firebaseService.ts(1,12334): error TS1127: Invalid character.
src/services/firebaseService.ts(1,12335): error TS1127: Invalid character.
src/services/firebaseService.ts(1,12336): error TS1127: Invalid character.
src/services/firebaseService.ts(1,12337): error TS1127: Invalid character.
src/services/firebaseService.ts(1,12338): error TS1127: Invalid character.
src/services/firebaseService.ts(1,12339): error TS1127: Invalid character.
src/services/firebaseService.ts(1,12340): error TS1127: Invalid character.
src/services/firebaseService.ts(1,12341): error TS1127: Invalid character.
src/services/firebaseService.ts(1,12342): error TS1127: Invalid character.
src/services/firebaseService.ts(1,12343): error TS1127: Invalid character.
src/services/firebaseService.ts(1,12344): error TS1127: Invalid character.
src/services/firebaseService.ts(1,12345): error TS1127: Invalid character.
src/services/firebaseService.ts(1,12346): error TS1127: Invalid character.
src/services/firebaseService.ts(1,12347): error TS1127: Invalid character.
src/services/firebaseService.ts(1,12348): error TS1127: Invalid character.
src/services/firebaseService.ts(1,12349): error TS1127: Invalid character.
src/services/firebaseService.ts(1,12350): error TS1127: Invalid character.
src/services/firebaseService.ts(1,12351): error TS1127: Invalid character.
src/services/firebaseService.ts(1,12352): error TS1127: Invalid character.
src/services/firebaseService.ts(1,12353): error TS1127: Invalid character.
src/services/firebaseService.ts(1,12354): error TS1127: Invalid character.
src/services/firebaseService.ts(1,12355): error TS1127: Invalid character.
src/services/firebaseService.ts(1,12356): error TS1127: Invalid character.
src/services/firebaseService.ts(1,12357): error TS1127: Invalid character.
src/services/firebaseService.ts(1,12358): error TS1127: Invalid character.
src/services/firebaseService.ts(1,12359): error TS1127: Invalid character.
src/services/firebaseService.ts(1,12360): error TS1127: Invalid character.
src/services/firebaseService.ts(1,12361): error TS1127: Invalid character.
src/services/firebaseService.ts(1,12362): error TS1127: Invalid character.
src/services/firebaseService.ts(1,12363): error TS1127: Invalid character.
src/services/firebaseService.ts(1,12364): error TS1127: Invalid character.
src/services/firebaseService.ts(1,12365): error TS1127: Invalid character.
src/services/firebaseService.ts(1,12366): error TS1127: Invalid character.
src/services/firebaseService.ts(1,12367): error TS1127: Invalid character.
src/services/firebaseService.ts(1,12368): error TS1127: Invalid character.
src/services/firebaseService.ts(1,12369): error TS1127: Invalid character.
src/services/firebaseService.ts(1,12370): error TS1127: Invalid character.
src/services/firebaseService.ts(1,12371): error TS1127: Invalid character.
src/services/firebaseService.ts(1,12372): error TS1127: Invalid character.
src/services/firebaseService.ts(1,12373): error TS1127: Invalid character.
src/services/firebaseService.ts(1,12374): error TS1127: Invalid character.
src/services/firebaseService.ts(1,12375): error TS1127: Invalid character.
src/services/firebaseService.ts(1,12376): error TS1127: Invalid character.
src/services/firebaseService.ts(1,12377): error TS1127: Invalid character.
src/services/firebaseService.ts(1,12378): error TS1127: Invalid character.
src/services/firebaseService.ts(1,12379): error TS1127: Invalid character.
src/services/firebaseService.ts(1,12380): error TS1127: Invalid character.
src/services/firebaseService.ts(1,12381): error TS1127: Invalid character.
src/services/firebaseService.ts(1,12382): error TS1127: Invalid character.
src/services/firebaseService.ts(1,12383): error TS1127: Invalid character.
src/services/firebaseService.ts(1,12384): error TS1127: Invalid character.
src/services/firebaseService.ts(1,12385): error TS1127: Invalid character.
src/services/firebaseService.ts(1,12386): error TS1127: Invalid character.
src/services/firebaseService.ts(1,12387): error TS1127: Invalid character.
src/services/firebaseService.ts(1,12388): error TS1127: Invalid character.
src/services/firebaseService.ts(1,12389): error TS1127: Invalid character.
src/services/firebaseService.ts(1,12390): error TS1127: Invalid character.
src/services/firebaseService.ts(1,12391): error TS1127: Invalid character.
src/services/firebaseService.ts(1,12392): error TS1127: Invalid character.
src/services/firebaseService.ts(1,12393): error TS1127: Invalid character.
src/services/firebaseService.ts(1,12394): error TS1127: Invalid character.
src/services/firebaseService.ts(1,12395): error TS1127: Invalid character.
src/services/firebaseService.ts(1,12396): error TS1127: Invalid character.
src/services/firebaseService.ts(1,12397): error TS1127: Invalid character.
src/services/firebaseService.ts(1,12398): error TS1127: Invalid character.
src/services/firebaseService.ts(1,12399): error TS1127: Invalid character.
src/services/firebaseService.ts(1,12400): error TS1127: Invalid character.
src/services/firebaseService.ts(1,12401): error TS1127: Invalid character.
src/services/firebaseService.ts(1,12402): error TS1127: Invalid character.
src/services/firebaseService.ts(1,12403): error TS1127: Invalid character.
src/services/firebaseService.ts(1,12404): error TS1127: Invalid character.
src/services/firebaseService.ts(1,12405): error TS1127: Invalid character.
src/services/firebaseService.ts(1,12406): error TS1127: Invalid character.
src/services/firebaseService.ts(1,12407): error TS1127: Invalid character.
src/services/firebaseService.ts(1,12408): error TS1127: Invalid character.
src/services/firebaseService.ts(1,12409): error TS1127: Invalid character.
src/services/firebaseService.ts(1,12410): error TS1127: Invalid character.
src/services/firebaseService.ts(1,12411): error TS1127: Invalid character.
src/services/firebaseService.ts(1,12412): error TS1127: Invalid character.
src/services/firebaseService.ts(1,12413): error TS1127: Invalid character.
src/services/firebaseService.ts(1,12414): error TS1127: Invalid character.
src/services/firebaseService.ts(1,12415): error TS1127: Invalid character.
src/services/firebaseService.ts(1,12416): error TS1127: Invalid character.
src/services/firebaseService.ts(1,12417): error TS1127: Invalid character.
src/services/firebaseService.ts(1,12418): error TS1127: Invalid character.
src/services/firebaseService.ts(1,12419): error TS1127: Invalid character.
src/services/firebaseService.ts(1,12420): error TS1127: Invalid character.
src/services/firebaseService.ts(1,12421): error TS1127: Invalid character.
src/services/firebaseService.ts(1,12422): error TS1127: Invalid character.
src/services/firebaseService.ts(1,12423): error TS1127: Invalid character.
src/services/firebaseService.ts(1,12424): error TS1127: Invalid character.
src/services/firebaseService.ts(1,12425): error TS1127: Invalid character.
src/services/firebaseService.ts(1,12426): error TS1127: Invalid character.
src/services/firebaseService.ts(1,12427): error TS1127: Invalid character.
src/services/firebaseService.ts(1,12428): error TS1127: Invalid character.
src/services/firebaseService.ts(1,12429): error TS1127: Invalid character.
src/services/firebaseService.ts(1,12430): error TS1127: Invalid character.
src/services/firebaseService.ts(1,12431): error TS1127: Invalid character.
src/services/firebaseService.ts(1,12432): error TS1127: Invalid character.
src/services/firebaseService.ts(1,12433): error TS1127: Invalid character.
src/services/firebaseService.ts(1,12434): error TS1127: Invalid character.
src/services/firebaseService.ts(1,12435): error TS1127: Invalid character.
src/services/firebaseService.ts(1,12436): error TS1127: Invalid character.
src/services/firebaseService.ts(1,12437): error TS1127: Invalid character.
src/services/firebaseService.ts(1,12438): error TS1127: Invalid character.
src/services/firebaseService.ts(1,12439): error TS1127: Invalid character.
src/services/firebaseService.ts(1,12440): error TS1127: Invalid character.
src/services/firebaseService.ts(1,12441): error TS1127: Invalid character.
src/services/firebaseService.ts(1,12442): error TS1127: Invalid character.
src/services/firebaseService.ts(1,12443): error TS1127: Invalid character.
src/services/firebaseService.ts(1,12444): error TS1127: Invalid character.
src/services/firebaseService.ts(1,12445): error TS1127: Invalid character.
src/services/firebaseService.ts(1,12446): error TS1127: Invalid character.
src/services/firebaseService.ts(1,12447): error TS1127: Invalid character.
src/services/firebaseService.ts(1,12448): error TS1127: Invalid character.
src/services/firebaseService.ts(1,12449): error TS1127: Invalid character.
src/services/firebaseService.ts(1,12450): error TS1127: Invalid character.
src/services/firebaseService.ts(1,12451): error TS1127: Invalid character.
src/services/firebaseService.ts(1,12452): error TS1127: Invalid character.
src/services/firebaseService.ts(1,12453): error TS1127: Invalid character.
src/services/firebaseService.ts(1,12454): error TS1127: Invalid character.
src/services/firebaseService.ts(1,12455): error TS1127: Invalid character.
src/services/firebaseService.ts(1,12456): error TS1127: Invalid character.
src/services/firebaseService.ts(1,12457): error TS1127: Invalid character.
src/services/firebaseService.ts(1,12458): error TS1127: Invalid character.
src/services/firebaseService.ts(1,12459): error TS1127: Invalid character.
src/services/firebaseService.ts(1,12460): error TS1127: Invalid character.
src/services/firebaseService.ts(1,12461): error TS1127: Invalid character.
src/services/firebaseService.ts(1,12462): error TS1127: Invalid character.
src/services/firebaseService.ts(1,12463): error TS1127: Invalid character.
src/services/firebaseService.ts(1,12464): error TS1127: Invalid character.
src/services/firebaseService.ts(1,12465): error TS1127: Invalid character.
src/services/firebaseService.ts(1,12466): error TS1127: Invalid character.
src/services/firebaseService.ts(1,12467): error TS1127: Invalid character.
src/services/firebaseService.ts(1,12468): error TS1127: Invalid character.
src/services/firebaseService.ts(1,12469): error TS1127: Invalid character.
src/services/firebaseService.ts(1,12470): error TS1127: Invalid character.
src/services/firebaseService.ts(1,12471): error TS1127: Invalid character.
src/services/firebaseService.ts(1,12472): error TS1127: Invalid character.
src/services/firebaseService.ts(1,12473): error TS1127: Invalid character.
src/services/firebaseService.ts(1,12474): error TS1127: Invalid character.
src/services/firebaseService.ts(1,12475): error TS1127: Invalid character.
src/services/firebaseService.ts(1,12476): error TS1127: Invalid character.
src/services/firebaseService.ts(1,12477): error TS1127: Invalid character.
src/services/firebaseService.ts(1,12478): error TS1127: Invalid character.
src/services/firebaseService.ts(1,12479): error TS1127: Invalid character.
src/services/firebaseService.ts(1,12480): error TS1127: Invalid character.
src/services/firebaseService.ts(1,12481): error TS1127: Invalid character.
src/services/firebaseService.ts(1,12482): error TS1127: Invalid character.
src/services/firebaseService.ts(1,12483): error TS1127: Invalid character.
src/services/firebaseService.ts(1,12484): error TS1127: Invalid character.
src/services/firebaseService.ts(1,12485): error TS1127: Invalid character.
src/services/firebaseService.ts(1,12486): error TS1127: Invalid character.
src/services/firebaseService.ts(1,12487): error TS1127: Invalid character.
src/services/firebaseService.ts(1,12488): error TS1127: Invalid character.
src/services/firebaseService.ts(1,12489): error TS1127: Invalid character.
src/services/firebaseService.ts(1,12490): error TS1127: Invalid character.
src/services/firebaseService.ts(1,12491): error TS1127: Invalid character.
src/services/firebaseService.ts(1,12492): error TS1127: Invalid character.
src/services/firebaseService.ts(1,12493): error TS1127: Invalid character.
src/services/firebaseService.ts(1,12494): error TS1127: Invalid character.
src/services/firebaseService.ts(1,12495): error TS1127: Invalid character.
src/services/firebaseService.ts(1,12496): error TS1127: Invalid character.
src/services/firebaseService.ts(1,12497): error TS1127: Invalid character.
src/services/firebaseService.ts(1,12498): error TS1127: Invalid character.
src/services/firebaseService.ts(1,12499): error TS1127: Invalid character.
src/services/firebaseService.ts(1,12500): error TS1127: Invalid character.
src/services/firebaseService.ts(1,12501): error TS1127: Invalid character.
src/services/firebaseService.ts(1,12502): error TS1127: Invalid character.
src/services/firebaseService.ts(1,12503): error TS1127: Invalid character.
src/services/firebaseService.ts(1,12504): error TS1127: Invalid character.
src/services/firebaseService.ts(1,12505): error TS1127: Invalid character.
src/services/firebaseService.ts(1,12506): error TS1127: Invalid character.
src/services/firebaseService.ts(1,12507): error TS1127: Invalid character.
src/services/firebaseService.ts(1,12508): error TS1127: Invalid character.
src/services/firebaseService.ts(1,12509): error TS1127: Invalid character.
src/services/firebaseService.ts(1,12510): error TS1127: Invalid character.
src/services/firebaseService.ts(1,12511): error TS1127: Invalid character.
src/services/firebaseService.ts(1,12512): error TS1127: Invalid character.
src/services/firebaseService.ts(1,12513): error TS1127: Invalid character.
src/services/firebaseService.ts(1,12514): error TS1127: Invalid character.
src/services/firebaseService.ts(1,12515): error TS1127: Invalid character.
src/services/firebaseService.ts(1,12516): error TS1127: Invalid character.
src/services/firebaseService.ts(1,12517): error TS1127: Invalid character.
src/services/firebaseService.ts(1,12518): error TS1127: Invalid character.
src/services/firebaseService.ts(1,12519): error TS1127: Invalid character.
src/services/firebaseService.ts(1,12520): error TS1127: Invalid character.
src/services/firebaseService.ts(1,12521): error TS1127: Invalid character.
src/services/firebaseService.ts(1,12522): error TS1127: Invalid character.
src/services/firebaseService.ts(1,12523): error TS1127: Invalid character.
src/services/firebaseService.ts(1,12524): error TS1127: Invalid character.
src/services/firebaseService.ts(1,12525): error TS1127: Invalid character.
src/services/firebaseService.ts(1,12526): error TS1127: Invalid character.
src/services/firebaseService.ts(1,12527): error TS1127: Invalid character.
src/services/firebaseService.ts(1,12528): error TS1127: Invalid character.
src/services/firebaseService.ts(1,12529): error TS1127: Invalid character.
src/services/firebaseService.ts(1,12530): error TS1127: Invalid character.
src/services/firebaseService.ts(1,12531): error TS1127: Invalid character.
src/services/firebaseService.ts(1,12532): error TS1127: Invalid character.
src/services/firebaseService.ts(1,12533): error TS1127: Invalid character.
src/services/firebaseService.ts(1,12534): error TS1127: Invalid character.
src/services/firebaseService.ts(1,12535): error TS1127: Invalid character.
src/services/firebaseService.ts(1,12536): error TS1127: Invalid character.
src/services/firebaseService.ts(1,12537): error TS1127: Invalid character.
src/services/firebaseService.ts(1,12538): error TS1127: Invalid character.
src/services/firebaseService.ts(1,12539): error TS1127: Invalid character.
src/services/firebaseService.ts(1,12540): error TS1127: Invalid character.
src/services/firebaseService.ts(1,12541): error TS1127: Invalid character.
src/services/firebaseService.ts(1,12542): error TS1127: Invalid character.
src/services/firebaseService.ts(1,12543): error TS1127: Invalid character.
src/services/firebaseService.ts(1,12544): error TS1127: Invalid character.
src/services/firebaseService.ts(1,12545): error TS1127: Invalid character.
src/services/firebaseService.ts(1,12546): error TS1127: Invalid character.
src/services/firebaseService.ts(1,12547): error TS1127: Invalid character.
src/services/firebaseService.ts(1,12548): error TS1127: Invalid character.
src/services/firebaseService.ts(1,12549): error TS1127: Invalid character.
src/services/firebaseService.ts(1,12550): error TS1127: Invalid character.
src/services/firebaseService.ts(1,12551): error TS1127: Invalid character.
src/services/firebaseService.ts(1,12552): error TS1127: Invalid character.
src/services/firebaseService.ts(1,12553): error TS1127: Invalid character.
src/services/firebaseService.ts(1,12554): error TS1127: Invalid character.
src/services/firebaseService.ts(1,12555): error TS1127: Invalid character.
src/services/firebaseService.ts(1,12556): error TS1127: Invalid character.
src/services/firebaseService.ts(1,12557): error TS1127: Invalid character.
src/services/firebaseService.ts(1,12558): error TS1127: Invalid character.
src/services/firebaseService.ts(1,12559): error TS1127: Invalid character.
src/services/firebaseService.ts(1,12560): error TS1127: Invalid character.
src/services/firebaseService.ts(1,12561): error TS1127: Invalid character.
src/services/firebaseService.ts(1,12562): error TS1127: Invalid character.
src/services/firebaseService.ts(1,12563): error TS1127: Invalid character.
src/services/firebaseService.ts(1,12564): error TS1127: Invalid character.
src/services/firebaseService.ts(1,12565): error TS1127: Invalid character.
src/services/firebaseService.ts(1,12566): error TS1127: Invalid character.
src/services/firebaseService.ts(1,12567): error TS1127: Invalid character.
src/services/firebaseService.ts(1,12568): error TS1127: Invalid character.
src/services/firebaseService.ts(1,12569): error TS1127: Invalid character.
src/services/firebaseService.ts(1,12570): error TS1127: Invalid character.
src/services/firebaseService.ts(1,12571): error TS1127: Invalid character.
src/services/firebaseService.ts(1,12572): error TS1127: Invalid character.
src/services/firebaseService.ts(1,12573): error TS1127: Invalid character.
src/services/firebaseService.ts(1,12574): error TS1127: Invalid character.
src/services/firebaseService.ts(1,12575): error TS1127: Invalid character.
src/services/firebaseService.ts(1,12576): error TS1127: Invalid character.
src/services/firebaseService.ts(1,12577): error TS1127: Invalid character.
src/services/firebaseService.ts(1,12578): error TS1127: Invalid character.
src/services/firebaseService.ts(1,12579): error TS1127: Invalid character.
src/services/firebaseService.ts(1,12580): error TS1127: Invalid character.
src/services/firebaseService.ts(1,12581): error TS1127: Invalid character.
src/services/firebaseService.ts(1,12582): error TS1127: Invalid character.
src/services/firebaseService.ts(1,12583): error TS1127: Invalid character.
src/services/firebaseService.ts(1,12584): error TS1127: Invalid character.
src/services/firebaseService.ts(1,12585): error TS1127: Invalid character.
src/services/firebaseService.ts(1,12586): error TS1127: Invalid character.
src/services/firebaseService.ts(1,12587): error TS1127: Invalid character.
src/services/firebaseService.ts(1,12588): error TS1127: Invalid character.
src/services/firebaseService.ts(1,12589): error TS1127: Invalid character.
src/services/firebaseService.ts(1,12590): error TS1127: Invalid character.
src/services/firebaseService.ts(1,12591): error TS1127: Invalid character.
src/services/firebaseService.ts(1,12592): error TS1127: Invalid character.
src/services/firebaseService.ts(1,12593): error TS1127: Invalid character.
src/services/firebaseService.ts(1,12594): error TS1127: Invalid character.
src/services/firebaseService.ts(1,12595): error TS1127: Invalid character.
src/services/firebaseService.ts(1,12596): error TS1127: Invalid character.
src/services/firebaseService.ts(1,12597): error TS1127: Invalid character.
src/services/firebaseService.ts(1,12598): error TS1127: Invalid character.
src/services/firebaseService.ts(1,12599): error TS1127: Invalid character.
src/services/firebaseService.ts(1,12600): error TS1127: Invalid character.
src/services/firebaseService.ts(1,12601): error TS1127: Invalid character.
src/services/firebaseService.ts(1,12602): error TS1127: Invalid character.
src/services/firebaseService.ts(1,12603): error TS1127: Invalid character.
src/services/firebaseService.ts(1,12604): error TS1127: Invalid character.
src/services/firebaseService.ts(1,12605): error TS1127: Invalid character.
src/services/firebaseService.ts(1,12606): error TS1127: Invalid character.
src/services/firebaseService.ts(1,12607): error TS1127: Invalid character.
src/services/firebaseService.ts(1,12608): error TS1127: Invalid character.
src/services/firebaseService.ts(1,12609): error TS1127: Invalid character.
src/services/firebaseService.ts(1,12610): error TS1127: Invalid character.
src/services/firebaseService.ts(1,12611): error TS1127: Invalid character.
src/services/firebaseService.ts(1,12612): error TS1127: Invalid character.
src/services/firebaseService.ts(1,12613): error TS1127: Invalid character.
src/services/firebaseService.ts(1,12614): error TS1127: Invalid character.
src/services/firebaseService.ts(1,12615): error TS1127: Invalid character.
src/services/firebaseService.ts(1,12616): error TS1127: Invalid character.
src/services/firebaseService.ts(1,12617): error TS1127: Invalid character.
src/services/firebaseService.ts(1,12618): error TS1127: Invalid character.
src/services/firebaseService.ts(1,12619): error TS1127: Invalid character.
src/services/firebaseService.ts(1,12620): error TS1127: Invalid character.
src/services/firebaseService.ts(1,12621): error TS1127: Invalid character.
src/services/firebaseService.ts(1,12622): error TS1127: Invalid character.
src/services/firebaseService.ts(1,12623): error TS1127: Invalid character.
src/services/firebaseService.ts(1,12624): error TS1127: Invalid character.
src/services/firebaseService.ts(1,12625): error TS1127: Invalid character.
src/services/firebaseService.ts(1,12626): error TS1127: Invalid character.
src/services/firebaseService.ts(1,12627): error TS1127: Invalid character.
src/services/firebaseService.ts(1,12628): error TS1127: Invalid character.
src/services/firebaseService.ts(1,12629): error TS1127: Invalid character.
src/services/firebaseService.ts(1,12630): error TS1127: Invalid character.
src/services/firebaseService.ts(1,12631): error TS1127: Invalid character.
src/services/firebaseService.ts(1,12632): error TS1127: Invalid character.
src/services/firebaseService.ts(1,12633): error TS1127: Invalid character.
src/services/firebaseService.ts(1,12634): error TS1127: Invalid character.
src/services/firebaseService.ts(1,12635): error TS1127: Invalid character.
src/services/firebaseService.ts(1,12636): error TS1127: Invalid character.
src/services/firebaseService.ts(1,12637): error TS1127: Invalid character.
src/services/firebaseService.ts(1,12638): error TS1127: Invalid character.
src/services/firebaseService.ts(1,12639): error TS1127: Invalid character.
src/services/firebaseService.ts(1,12640): error TS1127: Invalid character.
src/services/firebaseService.ts(1,12641): error TS1127: Invalid character.
src/services/firebaseService.ts(1,12642): error TS1127: Invalid character.
src/services/firebaseService.ts(1,12643): error TS1127: Invalid character.
src/services/firebaseService.ts(1,12644): error TS1127: Invalid character.
src/services/firebaseService.ts(1,12645): error TS1127: Invalid character.
src/services/firebaseService.ts(1,12646): error TS1127: Invalid character.
src/services/firebaseService.ts(1,12647): error TS1127: Invalid character.
src/services/firebaseService.ts(1,12648): error TS1127: Invalid character.
src/services/firebaseService.ts(1,12649): error TS1127: Invalid character.
src/services/firebaseService.ts(1,12650): error TS1127: Invalid character.
src/services/firebaseService.ts(1,12651): error TS1127: Invalid character.
src/services/firebaseService.ts(1,12652): error TS1127: Invalid character.
src/services/firebaseService.ts(1,12653): error TS1127: Invalid character.
src/services/firebaseService.ts(1,12654): error TS1127: Invalid character.
src/services/firebaseService.ts(1,12655): error TS1127: Invalid character.
src/services/firebaseService.ts(1,12656): error TS1127: Invalid character.
src/services/firebaseService.ts(1,12657): error TS1127: Invalid character.
src/services/firebaseService.ts(1,12658): error TS1127: Invalid character.
src/services/firebaseService.ts(1,12659): error TS1127: Invalid character.
src/services/firebaseService.ts(1,12660): error TS1127: Invalid character.
src/services/firebaseService.ts(1,12661): error TS1127: Invalid character.
src/services/firebaseService.ts(1,12662): error TS1127: Invalid character.
src/services/firebaseService.ts(1,12663): error TS1127: Invalid character.
src/services/firebaseService.ts(1,12664): error TS1127: Invalid character.
src/services/firebaseService.ts(1,12665): error TS1127: Invalid character.
src/services/firebaseService.ts(1,12666): error TS1127: Invalid character.
src/services/firebaseService.ts(1,12667): error TS1127: Invalid character.
src/services/firebaseService.ts(1,12668): error TS1127: Invalid character.
src/services/firebaseService.ts(1,12669): error TS1127: Invalid character.
src/services/firebaseService.ts(1,12670): error TS1127: Invalid character.
src/services/firebaseService.ts(1,12671): error TS1127: Invalid character.
src/services/firebaseService.ts(1,12672): error TS1127: Invalid character.
src/services/firebaseService.ts(1,12673): error TS1127: Invalid character.
src/services/firebaseService.ts(1,12674): error TS1127: Invalid character.
src/services/firebaseService.ts(1,12675): error TS1127: Invalid character.
src/services/firebaseService.ts(1,12676): error TS1127: Invalid character.
src/services/firebaseService.ts(1,12677): error TS1127: Invalid character.
src/services/firebaseService.ts(1,12678): error TS1127: Invalid character.
src/services/firebaseService.ts(1,12679): error TS1127: Invalid character.
src/services/firebaseService.ts(1,12680): error TS1127: Invalid character.
src/services/firebaseService.ts(1,12681): error TS1127: Invalid character.
src/services/firebaseService.ts(1,12682): error TS1127: Invalid character.
src/services/firebaseService.ts(1,12683): error TS1127: Invalid character.
src/services/firebaseService.ts(1,12684): error TS1127: Invalid character.
src/services/firebaseService.ts(1,12685): error TS1127: Invalid character.
src/services/firebaseService.ts(1,12686): error TS1127: Invalid character.
src/services/firebaseService.ts(1,12687): error TS1127: Invalid character.
src/services/firebaseService.ts(1,12688): error TS1127: Invalid character.
src/services/firebaseService.ts(1,12689): error TS1127: Invalid character.
src/services/firebaseService.ts(1,12690): error TS1127: Invalid character.
src/services/firebaseService.ts(1,12691): error TS1127: Invalid character.
src/services/firebaseService.ts(1,12692): error TS1127: Invalid character.
src/services/firebaseService.ts(1,12693): error TS1127: Invalid character.
src/services/firebaseService.ts(1,12694): error TS1127: Invalid character.
src/services/firebaseService.ts(1,12695): error TS1127: Invalid character.
src/services/firebaseService.ts(1,12696): error TS1127: Invalid character.
src/services/firebaseService.ts(1,12697): error TS1127: Invalid character.
src/services/firebaseService.ts(1,12698): error TS1127: Invalid character.
src/services/firebaseService.ts(1,12699): error TS1127: Invalid character.
src/services/firebaseService.ts(1,12700): error TS1127: Invalid character.
src/services/firebaseService.ts(1,12701): error TS1127: Invalid character.
src/services/firebaseService.ts(1,12702): error TS1127: Invalid character.
src/services/firebaseService.ts(1,12703): error TS1127: Invalid character.
src/services/firebaseService.ts(1,12704): error TS1127: Invalid character.
src/services/firebaseService.ts(1,12705): error TS1127: Invalid character.
src/services/firebaseService.ts(1,12706): error TS1127: Invalid character.
src/services/firebaseService.ts(1,12707): error TS1127: Invalid character.
src/services/firebaseService.ts(1,12708): error TS1127: Invalid character.
src/services/firebaseService.ts(1,12709): error TS1127: Invalid character.
src/services/firebaseService.ts(1,12710): error TS1127: Invalid character.
src/services/firebaseService.ts(1,12711): error TS1127: Invalid character.
src/services/firebaseService.ts(1,12712): error TS1127: Invalid character.
src/services/firebaseService.ts(1,12713): error TS1127: Invalid character.
src/services/firebaseService.ts(1,12714): error TS1127: Invalid character.
src/services/firebaseService.ts(1,12715): error TS1127: Invalid character.
src/services/firebaseService.ts(1,12716): error TS1127: Invalid character.
src/services/firebaseService.ts(1,12717): error TS1127: Invalid character.
src/services/firebaseService.ts(1,12718): error TS1127: Invalid character.
src/services/firebaseService.ts(1,12719): error TS1127: Invalid character.
src/services/firebaseService.ts(1,12720): error TS1127: Invalid character.
src/services/firebaseService.ts(1,12721): error TS1127: Invalid character.
src/services/firebaseService.ts(1,12722): error TS1127: Invalid character.
src/services/firebaseService.ts(1,12723): error TS1127: Invalid character.
src/services/firebaseService.ts(1,12724): error TS1127: Invalid character.
src/services/firebaseService.ts(1,12725): error TS1127: Invalid character.
src/services/firebaseService.ts(1,12726): error TS1127: Invalid character.
src/services/firebaseService.ts(1,12727): error TS1127: Invalid character.
src/services/firebaseService.ts(1,12728): error TS1127: Invalid character.
src/services/firebaseService.ts(1,12729): error TS1127: Invalid character.
src/services/firebaseService.ts(1,12730): error TS1127: Invalid character.
src/services/firebaseService.ts(1,12731): error TS1127: Invalid character.
src/services/firebaseService.ts(1,12732): error TS1127: Invalid character.
src/services/firebaseService.ts(1,12733): error TS1127: Invalid character.
src/services/firebaseService.ts(1,12734): error TS1127: Invalid character.
src/services/firebaseService.ts(1,12735): error TS1127: Invalid character.
src/services/firebaseService.ts(1,12736): error TS1127: Invalid character.
src/services/firebaseService.ts(1,12737): error TS1127: Invalid character.
src/services/firebaseService.ts(1,12738): error TS1127: Invalid character.
src/services/firebaseService.ts(1,12739): error TS1127: Invalid character.
src/services/firebaseService.ts(1,12740): error TS1127: Invalid character.
src/services/firebaseService.ts(1,12741): error TS1127: Invalid character.
src/services/firebaseService.ts(1,12742): error TS1127: Invalid character.
src/services/firebaseService.ts(1,12743): error TS1127: Invalid character.
src/services/firebaseService.ts(1,12744): error TS1127: Invalid character.
src/services/firebaseService.ts(1,12745): error TS1127: Invalid character.
src/services/firebaseService.ts(1,12746): error TS1127: Invalid character.
src/services/firebaseService.ts(1,12747): error TS1127: Invalid character.
src/services/firebaseService.ts(1,12748): error TS1127: Invalid character.
src/services/firebaseService.ts(1,12749): error TS1127: Invalid character.
src/services/firebaseService.ts(1,12750): error TS1127: Invalid character.
src/services/firebaseService.ts(1,12751): error TS1127: Invalid character.
src/services/firebaseService.ts(1,12752): error TS1127: Invalid character.
src/services/firebaseService.ts(1,12753): error TS1127: Invalid character.
src/services/firebaseService.ts(1,12754): error TS1127: Invalid character.
src/services/firebaseService.ts(1,12755): error TS1127: Invalid character.
src/services/firebaseService.ts(1,12756): error TS1127: Invalid character.
src/services/firebaseService.ts(1,12757): error TS1127: Invalid character.
src/services/firebaseService.ts(1,12758): error TS1127: Invalid character.
src/services/firebaseService.ts(1,12759): error TS1127: Invalid character.
src/services/firebaseService.ts(1,12760): error TS1127: Invalid character.
src/services/firebaseService.ts(1,12761): error TS1127: Invalid character.
src/services/firebaseService.ts(1,12762): error TS1127: Invalid character.
src/services/firebaseService.ts(1,12763): error TS1127: Invalid character.
src/services/firebaseService.ts(1,12764): error TS1127: Invalid character.
src/services/firebaseService.ts(1,12765): error TS1127: Invalid character.
src/services/firebaseService.ts(1,12766): error TS1127: Invalid character.
src/services/firebaseService.ts(1,12767): error TS1127: Invalid character.
src/services/firebaseService.ts(1,12768): error TS1127: Invalid character.
src/services/firebaseService.ts(1,12769): error TS1127: Invalid character.
src/services/firebaseService.ts(1,12770): error TS1127: Invalid character.
src/services/firebaseService.ts(1,12771): error TS1127: Invalid character.
src/services/firebaseService.ts(1,12772): error TS1127: Invalid character.
src/services/firebaseService.ts(1,12773): error TS1127: Invalid character.
src/services/firebaseService.ts(1,12774): error TS1127: Invalid character.
src/services/firebaseService.ts(1,12775): error TS1127: Invalid character.
src/services/firebaseService.ts(1,12776): error TS1127: Invalid character.
src/services/firebaseService.ts(1,12777): error TS1127: Invalid character.
src/services/firebaseService.ts(1,12778): error TS1127: Invalid character.
src/services/firebaseService.ts(1,12779): error TS1127: Invalid character.
src/services/firebaseService.ts(1,12780): error TS1127: Invalid character.
src/services/firebaseService.ts(1,12781): error TS1127: Invalid character.
src/services/firebaseService.ts(1,12782): error TS1127: Invalid character.
src/services/firebaseService.ts(1,12783): error TS1127: Invalid character.
src/services/firebaseService.ts(1,12784): error TS1127: Invalid character.
src/services/firebaseService.ts(1,12785): error TS1127: Invalid character.
src/services/firebaseService.ts(1,12786): error TS1127: Invalid character.
src/services/firebaseService.ts(1,12787): error TS1127: Invalid character.
src/services/firebaseService.ts(1,12788): error TS1127: Invalid character.
src/services/firebaseService.ts(1,12789): error TS1127: Invalid character.
src/services/firebaseService.ts(1,12790): error TS1127: Invalid character.
src/services/firebaseService.ts(1,12791): error TS1127: Invalid character.
src/services/firebaseService.ts(1,12792): error TS1127: Invalid character.
src/services/firebaseService.ts(1,12793): error TS1127: Invalid character.
src/services/firebaseService.ts(1,12794): error TS1127: Invalid character.
src/services/firebaseService.ts(1,12795): error TS1127: Invalid character.
src/services/firebaseService.ts(1,12796): error TS1127: Invalid character.
src/services/firebaseService.ts(1,12797): error TS1127: Invalid character.
src/services/firebaseService.ts(1,12798): error TS1127: Invalid character.
src/services/firebaseService.ts(1,12799): error TS1127: Invalid character.
src/services/firebaseService.ts(1,12800): error TS1127: Invalid character.
src/services/firebaseService.ts(1,12801): error TS1127: Invalid character.
src/services/firebaseService.ts(1,12802): error TS1127: Invalid character.
src/services/firebaseService.ts(1,12803): error TS1127: Invalid character.
src/services/firebaseService.ts(1,12804): error TS1127: Invalid character.
src/services/firebaseService.ts(1,12805): error TS1127: Invalid character.
src/services/firebaseService.ts(1,12806): error TS1127: Invalid character.
src/services/firebaseService.ts(1,12807): error TS1127: Invalid character.
src/services/firebaseService.ts(1,12808): error TS1127: Invalid character.
src/services/firebaseService.ts(1,12809): error TS1127: Invalid character.
src/services/firebaseService.ts(1,12810): error TS1127: Invalid character.
src/services/firebaseService.ts(1,12811): error TS1127: Invalid character.
src/services/firebaseService.ts(1,12812): error TS1127: Invalid character.
src/services/firebaseService.ts(1,12813): error TS1127: Invalid character.
src/services/firebaseService.ts(1,12814): error TS1127: Invalid character.
src/services/firebaseService.ts(1,12815): error TS1127: Invalid character.
src/services/firebaseService.ts(1,12816): error TS1127: Invalid character.
src/services/firebaseService.ts(1,12817): error TS1127: Invalid character.
src/services/firebaseService.ts(1,12818): error TS1127: Invalid character.
src/services/firebaseService.ts(1,12819): error TS1127: Invalid character.
src/services/firebaseService.ts(1,12820): error TS1127: Invalid character.
src/services/firebaseService.ts(1,12821): error TS1127: Invalid character.
src/services/firebaseService.ts(1,12822): error TS1127: Invalid character.
src/services/firebaseService.ts(1,12823): error TS1127: Invalid character.
src/services/firebaseService.ts(1,12824): error TS1127: Invalid character.
src/services/firebaseService.ts(1,12825): error TS1127: Invalid character.
src/services/firebaseService.ts(1,12826): error TS1127: Invalid character.
src/services/firebaseService.ts(1,12827): error TS1127: Invalid character.
src/services/firebaseService.ts(1,12828): error TS1127: Invalid character.
src/services/firebaseService.ts(1,12829): error TS1127: Invalid character.
src/services/firebaseService.ts(1,12830): error TS1127: Invalid character.
src/services/firebaseService.ts(1,12831): error TS1127: Invalid character.
src/services/firebaseService.ts(1,12832): error TS1127: Invalid character.
src/services/firebaseService.ts(1,12833): error TS1127: Invalid character.
src/services/firebaseService.ts(1,12834): error TS1127: Invalid character.
src/services/firebaseService.ts(1,12835): error TS1127: Invalid character.
src/services/firebaseService.ts(1,12836): error TS1127: Invalid character.
src/services/firebaseService.ts(1,12837): error TS1127: Invalid character.
src/services/firebaseService.ts(1,12838): error TS1127: Invalid character.
src/services/firebaseService.ts(1,12839): error TS1127: Invalid character.
src/services/firebaseService.ts(1,12840): error TS1127: Invalid character.
src/services/firebaseService.ts(1,12841): error TS1127: Invalid character.
src/services/firebaseService.ts(1,12842): error TS1127: Invalid character.
src/services/firebaseService.ts(1,12843): error TS1127: Invalid character.
src/services/firebaseService.ts(1,12844): error TS1127: Invalid character.
src/services/firebaseService.ts(1,12845): error TS1127: Invalid character.
src/services/firebaseService.ts(1,12846): error TS1127: Invalid character.
src/services/firebaseService.ts(1,12847): error TS1127: Invalid character.
src/services/firebaseService.ts(1,12848): error TS1127: Invalid character.
src/services/firebaseService.ts(1,12849): error TS1127: Invalid character.
src/services/firebaseService.ts(1,12850): error TS1127: Invalid character.
src/services/firebaseService.ts(1,12851): error TS1127: Invalid character.
src/services/firebaseService.ts(1,12852): error TS1127: Invalid character.
src/services/firebaseService.ts(1,12853): error TS1127: Invalid character.
src/services/firebaseService.ts(1,12854): error TS1127: Invalid character.
src/services/firebaseService.ts(1,12855): error TS1127: Invalid character.
src/services/firebaseService.ts(1,12856): error TS1127: Invalid character.
src/services/firebaseService.ts(1,12857): error TS1127: Invalid character.
src/services/firebaseService.ts(1,12858): error TS1127: Invalid character.
src/services/firebaseService.ts(1,12859): error TS1127: Invalid character.
src/services/firebaseService.ts(1,12860): error TS1127: Invalid character.
src/services/firebaseService.ts(1,12861): error TS1127: Invalid character.
src/services/firebaseService.ts(1,12862): error TS1127: Invalid character.
src/services/firebaseService.ts(1,12863): error TS1127: Invalid character.
src/services/firebaseService.ts(1,12864): error TS1127: Invalid character.
src/services/firebaseService.ts(1,12865): error TS1127: Invalid character.
src/services/firebaseService.ts(1,12866): error TS1127: Invalid character.
src/services/firebaseService.ts(1,12867): error TS1127: Invalid character.
src/services/firebaseService.ts(1,12868): error TS1127: Invalid character.
src/services/firebaseService.ts(1,12869): error TS1127: Invalid character.
src/services/firebaseService.ts(1,12870): error TS1127: Invalid character.
src/services/firebaseService.ts(1,12871): error TS1127: Invalid character.
src/services/firebaseService.ts(1,12872): error TS1127: Invalid character.
src/services/firebaseService.ts(1,12873): error TS1127: Invalid character.
src/services/firebaseService.ts(1,12874): error TS1127: Invalid character.
src/services/firebaseService.ts(1,12875): error TS1127: Invalid character.
src/services/firebaseService.ts(1,12876): error TS1127: Invalid character.
src/services/firebaseService.ts(1,12877): error TS1127: Invalid character.
src/services/firebaseService.ts(1,12878): error TS1127: Invalid character.
src/services/firebaseService.ts(1,12879): error TS1127: Invalid character.
src/services/firebaseService.ts(1,12880): error TS1127: Invalid character.
src/services/firebaseService.ts(1,12881): error TS1127: Invalid character.
src/services/firebaseService.ts(1,12882): error TS1127: Invalid character.
src/services/firebaseService.ts(1,12883): error TS1127: Invalid character.
src/services/firebaseService.ts(1,12884): error TS1127: Invalid character.
src/services/firebaseService.ts(1,12885): error TS1127: Invalid character.
src/services/firebaseService.ts(1,12886): error TS1127: Invalid character.
src/services/firebaseService.ts(1,12887): error TS1127: Invalid character.
src/services/firebaseService.ts(1,12888): error TS1127: Invalid character.
src/services/firebaseService.ts(1,12889): error TS1127: Invalid character.
src/services/firebaseService.ts(1,12890): error TS1127: Invalid character.
src/services/firebaseService.ts(1,12891): error TS1127: Invalid character.
src/services/firebaseService.ts(1,12892): error TS1127: Invalid character.
src/services/firebaseService.ts(1,12893): error TS1127: Invalid character.
src/services/firebaseService.ts(1,12894): error TS1127: Invalid character.
src/services/firebaseService.ts(1,12895): error TS1127: Invalid character.
src/services/firebaseService.ts(1,12896): error TS1127: Invalid character.
src/services/firebaseService.ts(1,12897): error TS1127: Invalid character.
src/services/firebaseService.ts(1,12898): error TS1127: Invalid character.
src/services/firebaseService.ts(1,12899): error TS1127: Invalid character.
src/services/firebaseService.ts(1,12900): error TS1127: Invalid character.
src/services/firebaseService.ts(1,12901): error TS1127: Invalid character.
src/services/firebaseService.ts(1,12902): error TS1127: Invalid character.
src/services/firebaseService.ts(1,12903): error TS1127: Invalid character.
src/services/firebaseService.ts(1,12904): error TS1127: Invalid character.
src/services/firebaseService.ts(1,12905): error TS1127: Invalid character.
src/services/firebaseService.ts(1,12906): error TS1127: Invalid character.
src/services/firebaseService.ts(1,12907): error TS1127: Invalid character.
src/services/firebaseService.ts(1,12908): error TS1127: Invalid character.
src/services/firebaseService.ts(1,12909): error TS1127: Invalid character.
src/services/firebaseService.ts(1,12910): error TS1127: Invalid character.
src/services/firebaseService.ts(1,12911): error TS1127: Invalid character.
src/services/firebaseService.ts(1,12912): error TS1127: Invalid character.
src/services/firebaseService.ts(1,12913): error TS1127: Invalid character.
src/services/firebaseService.ts(1,12914): error TS1127: Invalid character.
src/services/firebaseService.ts(1,12915): error TS1127: Invalid character.
src/services/firebaseService.ts(1,12916): error TS1127: Invalid character.
src/services/firebaseService.ts(1,12917): error TS1127: Invalid character.
src/services/firebaseService.ts(1,12918): error TS1127: Invalid character.
src/services/firebaseService.ts(1,12919): error TS1127: Invalid character.
src/services/firebaseService.ts(1,12920): error TS1127: Invalid character.
src/services/firebaseService.ts(1,12921): error TS1127: Invalid character.
src/services/firebaseService.ts(1,12922): error TS1127: Invalid character.
src/services/firebaseService.ts(1,12923): error TS1127: Invalid character.
src/services/firebaseService.ts(1,12924): error TS1127: Invalid character.
src/services/firebaseService.ts(1,12925): error TS1127: Invalid character.
src/services/firebaseService.ts(1,12926): error TS1127: Invalid character.
src/services/firebaseService.ts(1,12927): error TS1127: Invalid character.
src/services/firebaseService.ts(1,12928): error TS1127: Invalid character.
src/services/firebaseService.ts(1,12929): error TS1127: Invalid character.
src/services/firebaseService.ts(1,12930): error TS1127: Invalid character.
src/services/firebaseService.ts(1,12931): error TS1127: Invalid character.
src/services/firebaseService.ts(1,12932): error TS1127: Invalid character.
src/services/firebaseService.ts(1,12933): error TS1127: Invalid character.
src/services/firebaseService.ts(1,12934): error TS1127: Invalid character.
src/services/firebaseService.ts(1,12935): error TS1127: Invalid character.
src/services/firebaseService.ts(1,12936): error TS1127: Invalid character.
src/services/firebaseService.ts(1,12937): error TS1127: Invalid character.
src/services/firebaseService.ts(1,12938): error TS1127: Invalid character.
src/services/firebaseService.ts(1,12939): error TS1127: Invalid character.
src/services/firebaseService.ts(1,12940): error TS1127: Invalid character.
src/services/firebaseService.ts(1,12941): error TS1127: Invalid character.
src/services/firebaseService.ts(1,12942): error TS1127: Invalid character.
src/services/firebaseService.ts(1,12943): error TS1127: Invalid character.
src/services/firebaseService.ts(1,12944): error TS1127: Invalid character.
src/services/firebaseService.ts(1,12945): error TS1127: Invalid character.
src/services/firebaseService.ts(1,12946): error TS1127: Invalid character.
src/services/firebaseService.ts(1,12947): error TS1127: Invalid character.
src/services/firebaseService.ts(1,12948): error TS1127: Invalid character.
src/services/firebaseService.ts(1,12949): error TS1127: Invalid character.
src/services/firebaseService.ts(1,12950): error TS1127: Invalid character.
src/services/firebaseService.ts(1,12951): error TS1127: Invalid character.
src/services/firebaseService.ts(1,12952): error TS1127: Invalid character.
src/services/firebaseService.ts(1,12953): error TS1127: Invalid character.
src/services/firebaseService.ts(1,12954): error TS1127: Invalid character.
src/services/firebaseService.ts(1,12955): error TS1127: Invalid character.
src/services/firebaseService.ts(1,12956): error TS1127: Invalid character.
src/services/firebaseService.ts(1,12957): error TS1127: Invalid character.
src/services/firebaseService.ts(1,12958): error TS1127: Invalid character.
src/services/firebaseService.ts(1,12959): error TS1127: Invalid character.
src/services/firebaseService.ts(1,12960): error TS1127: Invalid character.
src/services/firebaseService.ts(1,12961): error TS1127: Invalid character.
src/services/firebaseService.ts(1,12962): error TS1127: Invalid character.
src/services/firebaseService.ts(1,12963): error TS1127: Invalid character.
src/services/firebaseService.ts(1,12964): error TS1127: Invalid character.
src/services/firebaseService.ts(1,12965): error TS1127: Invalid character.
src/services/firebaseService.ts(1,12966): error TS1127: Invalid character.
src/services/firebaseService.ts(1,12967): error TS1127: Invalid character.
src/services/firebaseService.ts(1,12968): error TS1127: Invalid character.
src/services/firebaseService.ts(1,12969): error TS1127: Invalid character.
src/services/firebaseService.ts(1,12970): error TS1127: Invalid character.
src/services/firebaseService.ts(1,12971): error TS1127: Invalid character.
src/services/firebaseService.ts(1,12972): error TS1127: Invalid character.
src/services/firebaseService.ts(1,12973): error TS1127: Invalid character.
src/services/firebaseService.ts(1,12974): error TS1127: Invalid character.
src/services/firebaseService.ts(1,12975): error TS1127: Invalid character.
src/services/firebaseService.ts(1,12976): error TS1127: Invalid character.
src/services/firebaseService.ts(1,12977): error TS1127: Invalid character.
src/services/firebaseService.ts(1,12978): error TS1127: Invalid character.
src/services/firebaseService.ts(1,12979): error TS1127: Invalid character.
src/services/firebaseService.ts(1,12980): error TS1127: Invalid character.
src/services/firebaseService.ts(1,12981): error TS1127: Invalid character.
src/services/firebaseService.ts(1,12982): error TS1127: Invalid character.
src/services/firebaseService.ts(1,12983): error TS1127: Invalid character.
src/services/firebaseService.ts(1,12984): error TS1127: Invalid character.
src/services/firebaseService.ts(1,12985): error TS1127: Invalid character.
src/services/firebaseService.ts(1,12986): error TS1127: Invalid character.
src/services/firebaseService.ts(1,12987): error TS1127: Invalid character.
src/services/firebaseService.ts(1,12988): error TS1127: Invalid character.
src/services/firebaseService.ts(1,12989): error TS1127: Invalid character.
src/services/firebaseService.ts(1,12990): error TS1127: Invalid character.
src/services/firebaseService.ts(1,12991): error TS1127: Invalid character.
src/services/firebaseService.ts(1,12992): error TS1127: Invalid character.
src/services/firebaseService.ts(1,12993): error TS1127: Invalid character.
src/services/firebaseService.ts(1,12994): error TS1127: Invalid character.
src/services/firebaseService.ts(1,12995): error TS1127: Invalid character.
src/services/firebaseService.ts(1,12996): error TS1127: Invalid character.
src/services/firebaseService.ts(1,12997): error TS1127: Invalid character.
src/services/firebaseService.ts(1,12998): error TS1127: Invalid character.
src/services/firebaseService.ts(1,12999): error TS1127: Invalid character.
src/services/firebaseService.ts(1,13000): error TS1127: Invalid character.
src/services/firebaseService.ts(1,13001): error TS1127: Invalid character.
src/services/firebaseService.ts(1,13002): error TS1127: Invalid character.
src/services/firebaseService.ts(1,13003): error TS1127: Invalid character.
src/services/firebaseService.ts(1,13004): error TS1127: Invalid character.
src/services/firebaseService.ts(1,13005): error TS1127: Invalid character.
src/services/firebaseService.ts(1,13006): error TS1127: Invalid character.
src/services/firebaseService.ts(1,13007): error TS1127: Invalid character.
src/services/firebaseService.ts(1,13008): error TS1127: Invalid character.
src/services/firebaseService.ts(1,13009): error TS1127: Invalid character.
src/services/firebaseService.ts(1,13010): error TS1127: Invalid character.
src/services/firebaseService.ts(1,13011): error TS1127: Invalid character.
src/services/firebaseService.ts(1,13012): error TS1127: Invalid character.
src/services/firebaseService.ts(1,13013): error TS1127: Invalid character.
src/services/firebaseService.ts(1,13014): error TS1127: Invalid character.
src/services/firebaseService.ts(1,13015): error TS1127: Invalid character.
src/services/firebaseService.ts(1,13016): error TS1127: Invalid character.
src/services/firebaseService.ts(1,13017): error TS1127: Invalid character.
src/services/firebaseService.ts(1,13018): error TS1127: Invalid character.
src/services/firebaseService.ts(1,13019): error TS1127: Invalid character.
src/services/firebaseService.ts(1,13020): error TS1127: Invalid character.
src/services/firebaseService.ts(1,13021): error TS1127: Invalid character.
src/services/firebaseService.ts(1,13022): error TS1127: Invalid character.
src/services/firebaseService.ts(1,13023): error TS1127: Invalid character.
src/services/firebaseService.ts(1,13024): error TS1127: Invalid character.
src/services/firebaseService.ts(1,13025): error TS1127: Invalid character.
src/services/firebaseService.ts(1,13026): error TS1127: Invalid character.
src/services/firebaseService.ts(1,13027): error TS1127: Invalid character.
src/services/firebaseService.ts(1,13028): error TS1127: Invalid character.
src/services/firebaseService.ts(1,13029): error TS1127: Invalid character.
src/services/firebaseService.ts(1,13030): error TS1127: Invalid character.
src/services/firebaseService.ts(1,13031): error TS1127: Invalid character.
src/services/firebaseService.ts(1,13032): error TS1127: Invalid character.
src/services/firebaseService.ts(1,13033): error TS1127: Invalid character.
src/services/firebaseService.ts(1,13034): error TS1127: Invalid character.
src/services/firebaseService.ts(1,13035): error TS1127: Invalid character.
src/services/firebaseService.ts(1,13036): error TS1127: Invalid character.
src/services/firebaseService.ts(1,13037): error TS1127: Invalid character.
src/services/firebaseService.ts(1,13038): error TS1127: Invalid character.
src/services/firebaseService.ts(1,13039): error TS1127: Invalid character.
src/services/firebaseService.ts(1,13040): error TS1127: Invalid character.
src/services/firebaseService.ts(1,13041): error TS1127: Invalid character.
src/services/firebaseService.ts(1,13042): error TS1127: Invalid character.
src/services/firebaseService.ts(1,13043): error TS1127: Invalid character.
src/services/firebaseService.ts(1,13044): error TS1127: Invalid character.
src/services/firebaseService.ts(1,13045): error TS1127: Invalid character.
src/services/firebaseService.ts(1,13046): error TS1127: Invalid character.
src/services/firebaseService.ts(1,13047): error TS1127: Invalid character.
src/services/firebaseService.ts(1,13048): error TS1127: Invalid character.
src/services/firebaseService.ts(1,13049): error TS1127: Invalid character.
src/services/firebaseService.ts(1,13050): error TS1127: Invalid character.
src/services/firebaseService.ts(1,13051): error TS1127: Invalid character.
src/services/firebaseService.ts(1,13052): error TS1127: Invalid character.
src/services/firebaseService.ts(1,13053): error TS1127: Invalid character.
src/services/firebaseService.ts(1,13054): error TS1127: Invalid character.
src/services/firebaseService.ts(1,13055): error TS1127: Invalid character.
src/services/firebaseService.ts(1,13056): error TS1127: Invalid character.
src/services/firebaseService.ts(1,13057): error TS1127: Invalid character.
src/services/firebaseService.ts(1,13058): error TS1127: Invalid character.
src/services/firebaseService.ts(1,13059): error TS1127: Invalid character.
src/services/firebaseService.ts(1,13060): error TS1127: Invalid character.
src/services/firebaseService.ts(1,13061): error TS1127: Invalid character.
src/services/firebaseService.ts(1,13062): error TS1127: Invalid character.
src/services/firebaseService.ts(1,13063): error TS1127: Invalid character.
src/services/firebaseService.ts(1,13064): error TS1127: Invalid character.
src/services/firebaseService.ts(1,13065): error TS1127: Invalid character.
src/services/firebaseService.ts(1,13066): error TS1127: Invalid character.
src/services/firebaseService.ts(1,13067): error TS1127: Invalid character.
src/services/firebaseService.ts(1,13068): error TS1127: Invalid character.
src/services/firebaseService.ts(1,13069): error TS1127: Invalid character.
src/services/firebaseService.ts(1,13070): error TS1127: Invalid character.
src/services/firebaseService.ts(1,13071): error TS1127: Invalid character.
src/services/firebaseService.ts(1,13072): error TS1127: Invalid character.
src/services/firebaseService.ts(1,13073): error TS1127: Invalid character.
src/services/firebaseService.ts(1,13074): error TS1127: Invalid character.
src/services/firebaseService.ts(1,13075): error TS1127: Invalid character.
src/services/firebaseService.ts(1,13076): error TS1127: Invalid character.
src/services/firebaseService.ts(1,13077): error TS1127: Invalid character.
src/services/firebaseService.ts(1,13078): error TS1127: Invalid character.
src/services/firebaseService.ts(1,13079): error TS1127: Invalid character.
src/services/firebaseService.ts(1,13080): error TS1127: Invalid character.
src/services/firebaseService.ts(1,13081): error TS1127: Invalid character.
src/services/firebaseService.ts(1,13082): error TS1127: Invalid character.
src/services/firebaseService.ts(1,13083): error TS1127: Invalid character.
src/services/firebaseService.ts(1,13084): error TS1127: Invalid character.
src/services/firebaseService.ts(1,13085): error TS1127: Invalid character.
src/services/firebaseService.ts(1,13086): error TS1127: Invalid character.
src/services/firebaseService.ts(1,13087): error TS1127: Invalid character.
src/services/firebaseService.ts(1,13088): error TS1127: Invalid character.
src/services/firebaseService.ts(1,13089): error TS1127: Invalid character.
src/services/firebaseService.ts(1,13090): error TS1127: Invalid character.
src/services/firebaseService.ts(1,13091): error TS1127: Invalid character.
src/services/firebaseService.ts(1,13092): error TS1127: Invalid character.
src/services/firebaseService.ts(1,13093): error TS1127: Invalid character.
src/services/firebaseService.ts(1,13094): error TS1127: Invalid character.
src/services/firebaseService.ts(1,13095): error TS1127: Invalid character.
src/services/firebaseService.ts(1,13096): error TS1127: Invalid character.
src/services/firebaseService.ts(1,13097): error TS1127: Invalid character.
src/services/firebaseService.ts(1,13098): error TS1127: Invalid character.
src/services/firebaseService.ts(1,13099): error TS1127: Invalid character.
src/services/firebaseService.ts(1,13100): error TS1127: Invalid character.
src/services/firebaseService.ts(1,13101): error TS1127: Invalid character.
src/services/firebaseService.ts(1,13102): error TS1127: Invalid character.
src/services/firebaseService.ts(1,13103): error TS1127: Invalid character.
src/services/firebaseService.ts(1,13104): error TS1127: Invalid character.
src/services/firebaseService.ts(1,13105): error TS1127: Invalid character.
src/services/firebaseService.ts(1,13106): error TS1127: Invalid character.
src/services/firebaseService.ts(1,13107): error TS1127: Invalid character.
src/services/firebaseService.ts(1,13108): error TS1127: Invalid character.
src/services/firebaseService.ts(1,13109): error TS1127: Invalid character.
src/services/firebaseService.ts(1,13110): error TS1127: Invalid character.
src/services/firebaseService.ts(1,13111): error TS1127: Invalid character.
src/services/firebaseService.ts(1,13112): error TS1127: Invalid character.
src/services/firebaseService.ts(1,13113): error TS1127: Invalid character.
src/services/firebaseService.ts(1,13114): error TS1127: Invalid character.
src/services/firebaseService.ts(1,13115): error TS1127: Invalid character.
src/services/firebaseService.ts(1,13116): error TS1127: Invalid character.
src/services/firebaseService.ts(1,13117): error TS1127: Invalid character.
src/services/firebaseService.ts(1,13118): error TS1127: Invalid character.
src/services/firebaseService.ts(1,13119): error TS1127: Invalid character.
src/services/firebaseService.ts(1,13120): error TS1127: Invalid character.
src/services/firebaseService.ts(1,13121): error TS1127: Invalid character.
src/services/firebaseService.ts(1,13122): error TS1127: Invalid character.
src/services/firebaseService.ts(1,13123): error TS1127: Invalid character.
src/services/firebaseService.ts(1,13124): error TS1127: Invalid character.
src/services/firebaseService.ts(1,13125): error TS1127: Invalid character.
src/services/firebaseService.ts(1,13126): error TS1127: Invalid character.
src/services/firebaseService.ts(1,13127): error TS1127: Invalid character.
src/services/firebaseService.ts(1,13128): error TS1127: Invalid character.
src/services/firebaseService.ts(1,13129): error TS1127: Invalid character.
src/services/firebaseService.ts(1,13130): error TS1127: Invalid character.
src/services/firebaseService.ts(1,13131): error TS1127: Invalid character.
src/services/firebaseService.ts(1,13132): error TS1127: Invalid character.
src/services/firebaseService.ts(1,13133): error TS1127: Invalid character.
src/services/firebaseService.ts(1,13134): error TS1127: Invalid character.
src/services/firebaseService.ts(1,13135): error TS1127: Invalid character.
src/services/firebaseService.ts(1,13136): error TS1127: Invalid character.
src/services/firebaseService.ts(1,13137): error TS1127: Invalid character.
src/services/firebaseService.ts(1,13138): error TS1127: Invalid character.
src/services/firebaseService.ts(1,13139): error TS1127: Invalid character.
src/services/firebaseService.ts(1,13140): error TS1127: Invalid character.
src/services/firebaseService.ts(1,13141): error TS1127: Invalid character.
src/services/firebaseService.ts(1,13142): error TS1127: Invalid character.
src/services/firebaseService.ts(1,13143): error TS1127: Invalid character.
src/services/firebaseService.ts(1,13144): error TS1127: Invalid character.
src/services/firebaseService.ts(1,13145): error TS1127: Invalid character.
src/services/firebaseService.ts(1,13146): error TS1127: Invalid character.
src/services/firebaseService.ts(1,13147): error TS1127: Invalid character.
src/services/firebaseService.ts(1,13148): error TS1127: Invalid character.
src/services/firebaseService.ts(1,13149): error TS1127: Invalid character.
src/services/firebaseService.ts(1,13150): error TS1127: Invalid character.
src/services/firebaseService.ts(1,13151): error TS1127: Invalid character.
src/services/firebaseService.ts(1,13152): error TS1127: Invalid character.
src/services/firebaseService.ts(1,13153): error TS1127: Invalid character.
src/services/firebaseService.ts(1,13154): error TS1127: Invalid character.
src/services/firebaseService.ts(1,13155): error TS1127: Invalid character.
src/services/firebaseService.ts(1,13156): error TS1127: Invalid character.
src/services/firebaseService.ts(1,13157): error TS1127: Invalid character.
src/services/firebaseService.ts(1,13158): error TS1127: Invalid character.
src/services/firebaseService.ts(1,13159): error TS1127: Invalid character.
src/services/firebaseService.ts(1,13160): error TS1127: Invalid character.
src/services/firebaseService.ts(1,13161): error TS1127: Invalid character.
src/services/firebaseService.ts(1,13162): error TS1127: Invalid character.
src/services/firebaseService.ts(1,13163): error TS1127: Invalid character.
src/services/firebaseService.ts(1,13164): error TS1127: Invalid character.
src/services/firebaseService.ts(1,13165): error TS1127: Invalid character.
src/services/firebaseService.ts(1,13166): error TS1127: Invalid character.
src/services/firebaseService.ts(1,13167): error TS1127: Invalid character.
src/services/firebaseService.ts(1,13168): error TS1127: Invalid character.
src/services/firebaseService.ts(1,13169): error TS1127: Invalid character.
src/services/firebaseService.ts(1,13170): error TS1127: Invalid character.
src/services/firebaseService.ts(1,13171): error TS1127: Invalid character.
src/services/firebaseService.ts(1,13172): error TS1127: Invalid character.
src/services/firebaseService.ts(1,13173): error TS1127: Invalid character.
src/services/firebaseService.ts(1,13174): error TS1127: Invalid character.
src/services/firebaseService.ts(1,13175): error TS1127: Invalid character.
src/services/firebaseService.ts(1,13176): error TS1127: Invalid character.
src/services/firebaseService.ts(1,13177): error TS1127: Invalid character.
src/services/firebaseService.ts(1,13178): error TS1127: Invalid character.
src/services/firebaseService.ts(1,13179): error TS1127: Invalid character.
src/services/firebaseService.ts(1,13180): error TS1127: Invalid character.
src/services/firebaseService.ts(1,13181): error TS1127: Invalid character.
src/services/firebaseService.ts(1,13182): error TS1127: Invalid character.
src/services/firebaseService.ts(1,13183): error TS1127: Invalid character.
src/services/firebaseService.ts(1,13184): error TS1127: Invalid character.
src/services/firebaseService.ts(1,13185): error TS1127: Invalid character.
src/services/firebaseService.ts(1,13186): error TS1127: Invalid character.
src/services/firebaseService.ts(1,13187): error TS1127: Invalid character.
src/services/firebaseService.ts(1,13188): error TS1127: Invalid character.
src/services/firebaseService.ts(1,13189): error TS1127: Invalid character.
src/services/firebaseService.ts(1,13190): error TS1127: Invalid character.
src/services/firebaseService.ts(1,13191): error TS1127: Invalid character.
src/services/firebaseService.ts(1,13192): error TS1127: Invalid character.
src/services/firebaseService.ts(1,13193): error TS1127: Invalid character.
src/services/firebaseService.ts(1,13194): error TS1127: Invalid character.
src/services/firebaseService.ts(1,13195): error TS1127: Invalid character.
src/services/firebaseService.ts(1,13196): error TS1127: Invalid character.
src/services/firebaseService.ts(1,13197): error TS1127: Invalid character.
src/services/firebaseService.ts(1,13198): error TS1127: Invalid character.
src/services/firebaseService.ts(1,13199): error TS1127: Invalid character.
src/services/firebaseService.ts(1,13200): error TS1127: Invalid character.
src/services/firebaseService.ts(1,13201): error TS1127: Invalid character.
src/services/firebaseService.ts(1,13202): error TS1127: Invalid character.
src/services/firebaseService.ts(1,13203): error TS1127: Invalid character.
src/services/firebaseService.ts(1,13204): error TS1127: Invalid character.
src/services/firebaseService.ts(1,13205): error TS1127: Invalid character.
src/services/firebaseService.ts(1,13206): error TS1127: Invalid character.
src/services/firebaseService.ts(1,13207): error TS1127: Invalid character.
src/services/firebaseService.ts(1,13208): error TS1127: Invalid character.
src/services/firebaseService.ts(1,13209): error TS1127: Invalid character.
src/services/firebaseService.ts(1,13210): error TS1127: Invalid character.
src/services/firebaseService.ts(1,13211): error TS1127: Invalid character.
src/services/firebaseService.ts(1,13212): error TS1127: Invalid character.
src/services/firebaseService.ts(1,13213): error TS1127: Invalid character.
src/services/firebaseService.ts(1,13214): error TS1127: Invalid character.
src/services/firebaseService.ts(1,13215): error TS1127: Invalid character.
src/services/firebaseService.ts(1,13216): error TS1127: Invalid character.
src/services/firebaseService.ts(1,13217): error TS1127: Invalid character.
src/services/firebaseService.ts(1,13218): error TS1127: Invalid character.
src/services/firebaseService.ts(1,13219): error TS1127: Invalid character.
src/services/firebaseService.ts(1,13220): error TS1127: Invalid character.
src/services/firebaseService.ts(1,13221): error TS1127: Invalid character.
src/services/firebaseService.ts(1,13222): error TS1127: Invalid character.
src/services/firebaseService.ts(1,13223): error TS1127: Invalid character.
src/services/firebaseService.ts(1,13224): error TS1127: Invalid character.
src/services/firebaseService.ts(1,13225): error TS1127: Invalid character.
src/services/firebaseService.ts(1,13226): error TS1127: Invalid character.
src/services/firebaseService.ts(1,13227): error TS1127: Invalid character.
src/services/firebaseService.ts(1,13228): error TS1127: Invalid character.
src/services/firebaseService.ts(1,13229): error TS1127: Invalid character.
src/services/firebaseService.ts(1,13230): error TS1127: Invalid character.
src/services/firebaseService.ts(1,13231): error TS1127: Invalid character.
src/services/firebaseService.ts(1,13232): error TS1127: Invalid character.
src/services/firebaseService.ts(1,13233): error TS1127: Invalid character.
src/services/firebaseService.ts(1,13234): error TS1127: Invalid character.
src/services/firebaseService.ts(1,13235): error TS1127: Invalid character.
src/services/firebaseService.ts(1,13236): error TS1127: Invalid character.
src/services/firebaseService.ts(1,13237): error TS1127: Invalid character.
src/services/firebaseService.ts(1,13238): error TS1127: Invalid character.
src/services/firebaseService.ts(1,13239): error TS1127: Invalid character.
src/services/firebaseService.ts(1,13240): error TS1127: Invalid character.
src/services/firebaseService.ts(1,13241): error TS1127: Invalid character.
src/services/firebaseService.ts(1,13242): error TS1127: Invalid character.
src/services/firebaseService.ts(1,13243): error TS1127: Invalid character.
src/services/firebaseService.ts(1,13244): error TS1127: Invalid character.
src/services/firebaseService.ts(1,13245): error TS1127: Invalid character.
src/services/firebaseService.ts(1,13246): error TS1127: Invalid character.
src/services/firebaseService.ts(1,13247): error TS1127: Invalid character.
src/services/firebaseService.ts(1,13248): error TS1127: Invalid character.
src/services/firebaseService.ts(1,13249): error TS1127: Invalid character.
src/services/firebaseService.ts(1,13250): error TS1127: Invalid character.
src/services/firebaseService.ts(1,13251): error TS1127: Invalid character.
src/services/firebaseService.ts(1,13252): error TS1127: Invalid character.
src/services/firebaseService.ts(1,13253): error TS1127: Invalid character.
src/services/firebaseService.ts(1,13254): error TS1127: Invalid character.
src/services/firebaseService.ts(1,13255): error TS1127: Invalid character.
src/services/firebaseService.ts(1,13256): error TS1127: Invalid character.
src/services/firebaseService.ts(1,13257): error TS1127: Invalid character.
src/services/firebaseService.ts(1,13258): error TS1127: Invalid character.
src/services/firebaseService.ts(1,13259): error TS1127: Invalid character.
src/services/firebaseService.ts(1,13260): error TS1127: Invalid character.
src/services/firebaseService.ts(1,13261): error TS1127: Invalid character.
src/services/firebaseService.ts(1,13262): error TS1127: Invalid character.
src/services/firebaseService.ts(1,13263): error TS1127: Invalid character.
src/services/firebaseService.ts(1,13264): error TS1127: Invalid character.
src/services/firebaseService.ts(1,13265): error TS1127: Invalid character.
src/services/firebaseService.ts(1,13266): error TS1127: Invalid character.
src/services/firebaseService.ts(1,13267): error TS1127: Invalid character.
src/services/firebaseService.ts(1,13268): error TS1127: Invalid character.
src/services/firebaseService.ts(1,13269): error TS1127: Invalid character.
src/services/firebaseService.ts(1,13270): error TS1127: Invalid character.
src/services/firebaseService.ts(1,13271): error TS1127: Invalid character.
src/services/firebaseService.ts(1,13272): error TS1127: Invalid character.
src/services/firebaseService.ts(1,13273): error TS1127: Invalid character.
src/services/firebaseService.ts(1,13274): error TS1127: Invalid character.
src/services/firebaseService.ts(1,13275): error TS1127: Invalid character.
src/services/firebaseService.ts(1,13276): error TS1127: Invalid character.
src/services/firebaseService.ts(1,13277): error TS1127: Invalid character.
src/services/firebaseService.ts(1,13278): error TS1127: Invalid character.
src/services/firebaseService.ts(1,13279): error TS1127: Invalid character.
src/services/firebaseService.ts(1,13280): error TS1127: Invalid character.
src/services/firebaseService.ts(1,13281): error TS1127: Invalid character.
src/services/firebaseService.ts(1,13282): error TS1127: Invalid character.
src/services/firebaseService.ts(1,13283): error TS1127: Invalid character.
src/services/firebaseService.ts(1,13284): error TS1127: Invalid character.
src/services/firebaseService.ts(1,13285): error TS1127: Invalid character.
src/services/firebaseService.ts(1,13286): error TS1127: Invalid character.
src/services/firebaseService.ts(1,13287): error TS1127: Invalid character.
src/services/firebaseService.ts(1,13288): error TS1127: Invalid character.
src/services/firebaseService.ts(1,13289): error TS1127: Invalid character.
src/services/firebaseService.ts(1,13290): error TS1127: Invalid character.
src/services/firebaseService.ts(1,13291): error TS1127: Invalid character.
src/services/firebaseService.ts(1,13292): error TS1127: Invalid character.
src/services/firebaseService.ts(1,13293): error TS1127: Invalid character.
src/services/firebaseService.ts(1,13294): error TS1127: Invalid character.
src/services/firebaseService.ts(1,13295): error TS1127: Invalid character.
src/services/firebaseService.ts(1,13296): error TS1127: Invalid character.
src/services/firebaseService.ts(1,13297): error TS1127: Invalid character.
src/services/firebaseService.ts(1,13298): error TS1127: Invalid character.
src/services/firebaseService.ts(1,13299): error TS1127: Invalid character.
src/services/firebaseService.ts(1,13300): error TS1127: Invalid character.
src/services/firebaseService.ts(1,13301): error TS1127: Invalid character.
src/services/firebaseService.ts(1,13302): error TS1127: Invalid character.
src/services/firebaseService.ts(1,13303): error TS1127: Invalid character.
src/services/firebaseService.ts(1,13304): error TS1127: Invalid character.
src/services/firebaseService.ts(1,13305): error TS1127: Invalid character.
src/services/firebaseService.ts(1,13306): error TS1127: Invalid character.
src/services/firebaseService.ts(1,13307): error TS1127: Invalid character.
src/services/firebaseService.ts(1,13308): error TS1127: Invalid character.
src/services/firebaseService.ts(1,13309): error TS1127: Invalid character.
src/services/firebaseService.ts(1,13310): error TS1127: Invalid character.
src/services/firebaseService.ts(1,13311): error TS1127: Invalid character.
src/services/firebaseService.ts(1,13312): error TS1127: Invalid character.
src/services/firebaseService.ts(1,13313): error TS1127: Invalid character.
src/services/firebaseService.ts(1,13314): error TS1127: Invalid character.
src/services/firebaseService.ts(1,13315): error TS1127: Invalid character.
src/services/firebaseService.ts(1,13316): error TS1127: Invalid character.
src/services/firebaseService.ts(1,13317): error TS1127: Invalid character.
src/services/firebaseService.ts(1,13318): error TS1127: Invalid character.
src/services/firebaseService.ts(1,13319): error TS1127: Invalid character.
src/services/firebaseService.ts(1,13320): error TS1127: Invalid character.
src/services/firebaseService.ts(1,13321): error TS1127: Invalid character.
src/services/firebaseService.ts(1,13322): error TS1127: Invalid character.
src/services/firebaseService.ts(1,13323): error TS1127: Invalid character.
src/services/firebaseService.ts(1,13324): error TS1127: Invalid character.
src/services/firebaseService.ts(1,13325): error TS1127: Invalid character.
src/services/firebaseService.ts(1,13326): error TS1127: Invalid character.
src/services/firebaseService.ts(1,13327): error TS1127: Invalid character.
src/services/firebaseService.ts(1,13328): error TS1127: Invalid character.
src/services/firebaseService.ts(1,13329): error TS1127: Invalid character.
src/services/firebaseService.ts(1,13330): error TS1127: Invalid character.
src/services/firebaseService.ts(1,13331): error TS1127: Invalid character.
src/services/firebaseService.ts(1,13332): error TS1127: Invalid character.
src/services/firebaseService.ts(1,13333): error TS1127: Invalid character.
src/services/firebaseService.ts(1,13334): error TS1127: Invalid character.
src/services/firebaseService.ts(1,13335): error TS1127: Invalid character.
src/services/firebaseService.ts(1,13336): error TS1127: Invalid character.
src/services/firebaseService.ts(1,13337): error TS1127: Invalid character.
src/services/firebaseService.ts(1,13338): error TS1127: Invalid character.
src/services/firebaseService.ts(1,13339): error TS1127: Invalid character.
src/services/firebaseService.ts(1,13340): error TS1127: Invalid character.
src/services/firebaseService.ts(1,13341): error TS1127: Invalid character.
src/services/firebaseService.ts(1,13342): error TS1127: Invalid character.
src/services/firebaseService.ts(1,13343): error TS1127: Invalid character.
src/services/firebaseService.ts(1,13344): error TS1127: Invalid character.
src/services/firebaseService.ts(1,13345): error TS1127: Invalid character.
src/services/firebaseService.ts(1,13346): error TS1127: Invalid character.
src/services/firebaseService.ts(1,13347): error TS1127: Invalid character.
src/services/firebaseService.ts(1,13348): error TS1127: Invalid character.
src/services/firebaseService.ts(1,13349): error TS1127: Invalid character.
src/services/firebaseService.ts(1,13350): error TS1127: Invalid character.
src/services/firebaseService.ts(1,13351): error TS1127: Invalid character.
src/services/firebaseService.ts(1,13352): error TS1127: Invalid character.
src/services/firebaseService.ts(1,13353): error TS1127: Invalid character.
src/services/firebaseService.ts(1,13354): error TS1127: Invalid character.
src/services/firebaseService.ts(1,13355): error TS1127: Invalid character.
src/services/firebaseService.ts(1,13356): error TS1127: Invalid character.
src/services/firebaseService.ts(1,13357): error TS1127: Invalid character.
src/services/firebaseService.ts(1,13358): error TS1127: Invalid character.
src/services/firebaseService.ts(1,13359): error TS1127: Invalid character.
src/services/firebaseService.ts(1,13360): error TS1127: Invalid character.
src/services/firebaseService.ts(1,13361): error TS1127: Invalid character.
src/services/firebaseService.ts(1,13362): error TS1127: Invalid character.
src/services/firebaseService.ts(1,13363): error TS1127: Invalid character.
src/services/firebaseService.ts(1,13364): error TS1127: Invalid character.
src/services/firebaseService.ts(1,13365): error TS1127: Invalid character.
src/services/firebaseService.ts(1,13366): error TS1127: Invalid character.
src/services/firebaseService.ts(1,13367): error TS1127: Invalid character.
src/services/firebaseService.ts(1,13368): error TS1127: Invalid character.
src/services/firebaseService.ts(1,13369): error TS1127: Invalid character.
src/services/firebaseService.ts(1,13370): error TS1127: Invalid character.
src/services/firebaseService.ts(1,13371): error TS1127: Invalid character.
src/services/firebaseService.ts(1,13372): error TS1127: Invalid character.
src/services/firebaseService.ts(1,13373): error TS1127: Invalid character.
src/services/firebaseService.ts(1,13374): error TS1127: Invalid character.
src/services/firebaseService.ts(1,13375): error TS1127: Invalid character.
src/services/firebaseService.ts(1,13376): error TS1127: Invalid character.
src/services/firebaseService.ts(1,13377): error TS1127: Invalid character.
src/services/firebaseService.ts(1,13378): error TS1127: Invalid character.
src/services/firebaseService.ts(1,13379): error TS1127: Invalid character.
src/services/firebaseService.ts(1,13380): error TS1127: Invalid character.
src/services/firebaseService.ts(1,13381): error TS1127: Invalid character.
src/services/firebaseService.ts(1,13382): error TS1127: Invalid character.
src/services/firebaseService.ts(1,13383): error TS1127: Invalid character.
src/services/firebaseService.ts(1,13384): error TS1127: Invalid character.
src/services/firebaseService.ts(1,13385): error TS1127: Invalid character.
src/services/firebaseService.ts(1,13386): error TS1127: Invalid character.
src/services/firebaseService.ts(1,13387): error TS1127: Invalid character.
src/services/firebaseService.ts(1,13388): error TS1127: Invalid character.
src/services/firebaseService.ts(1,13389): error TS1127: Invalid character.
src/services/firebaseService.ts(1,13390): error TS1127: Invalid character.
src/services/firebaseService.ts(1,13391): error TS1127: Invalid character.
src/services/firebaseService.ts(1,13392): error TS1127: Invalid character.
src/services/firebaseService.ts(1,13393): error TS1127: Invalid character.
src/services/firebaseService.ts(1,13394): error TS1127: Invalid character.
src/services/firebaseService.ts(1,13395): error TS1127: Invalid character.
src/services/firebaseService.ts(1,13396): error TS1127: Invalid character.
src/services/firebaseService.ts(1,13397): error TS1127: Invalid character.
src/services/firebaseService.ts(1,13398): error TS1127: Invalid character.
src/services/firebaseService.ts(1,13399): error TS1127: Invalid character.
src/services/firebaseService.ts(1,13400): error TS1127: Invalid character.
src/services/firebaseService.ts(1,13401): error TS1127: Invalid character.
src/services/firebaseService.ts(1,13402): error TS1127: Invalid character.
src/services/firebaseService.ts(1,13403): error TS1127: Invalid character.
src/services/firebaseService.ts(1,13404): error TS1127: Invalid character.
src/services/firebaseService.ts(1,13405): error TS1127: Invalid character.
src/services/firebaseService.ts(1,13406): error TS1127: Invalid character.
src/services/firebaseService.ts(1,13407): error TS1127: Invalid character.
src/services/firebaseService.ts(1,13408): error TS1127: Invalid character.
src/services/firebaseService.ts(1,13409): error TS1127: Invalid character.
src/services/firebaseService.ts(1,13410): error TS1127: Invalid character.
src/services/firebaseService.ts(1,13411): error TS1127: Invalid character.
src/services/firebaseService.ts(1,13412): error TS1127: Invalid character.
src/services/firebaseService.ts(1,13413): error TS1127: Invalid character.
src/services/firebaseService.ts(1,13414): error TS1127: Invalid character.
src/services/firebaseService.ts(1,13415): error TS1127: Invalid character.
src/services/firebaseService.ts(1,13416): error TS1127: Invalid character.
src/services/firebaseService.ts(1,13417): error TS1127: Invalid character.
src/services/firebaseService.ts(1,13418): error TS1127: Invalid character.
src/services/firebaseService.ts(1,13419): error TS1127: Invalid character.
src/services/firebaseService.ts(1,13420): error TS1127: Invalid character.
src/services/firebaseService.ts(1,13421): error TS1127: Invalid character.
src/services/firebaseService.ts(1,13422): error TS1127: Invalid character.
src/services/firebaseService.ts(1,13423): error TS1127: Invalid character.
src/services/firebaseService.ts(1,13424): error TS1127: Invalid character.
src/services/firebaseService.ts(1,13425): error TS1127: Invalid character.
src/services/firebaseService.ts(1,13426): error TS1127: Invalid character.
src/services/firebaseService.ts(1,13427): error TS1127: Invalid character.
src/services/firebaseService.ts(1,13428): error TS1127: Invalid character.
src/services/firebaseService.ts(1,13429): error TS1127: Invalid character.
src/services/firebaseService.ts(1,13430): error TS1127: Invalid character.
src/services/firebaseService.ts(1,13431): error TS1127: Invalid character.
src/services/firebaseService.ts(1,13432): error TS1127: Invalid character.
src/services/firebaseService.ts(1,13433): error TS1127: Invalid character.
src/services/firebaseService.ts(1,13434): error TS1127: Invalid character.
src/services/firebaseService.ts(1,13435): error TS1127: Invalid character.
src/services/firebaseService.ts(1,13436): error TS1127: Invalid character.
src/services/firebaseService.ts(1,13437): error TS1127: Invalid character.
src/services/firebaseService.ts(1,13438): error TS1127: Invalid character.
src/services/firebaseService.ts(1,13439): error TS1127: Invalid character.
src/services/firebaseService.ts(1,13440): error TS1127: Invalid character.
src/services/firebaseService.ts(1,13441): error TS1127: Invalid character.
src/services/firebaseService.ts(1,13442): error TS1127: Invalid character.
src/services/firebaseService.ts(1,13443): error TS1127: Invalid character.
src/services/firebaseService.ts(1,13444): error TS1127: Invalid character.
src/services/firebaseService.ts(1,13445): error TS1127: Invalid character.
src/services/firebaseService.ts(1,13446): error TS1127: Invalid character.
src/services/firebaseService.ts(1,13447): error TS1127: Invalid character.
src/services/firebaseService.ts(1,13448): error TS1127: Invalid character.
src/services/firebaseService.ts(1,13449): error TS1127: Invalid character.
src/services/firebaseService.ts(1,13450): error TS1127: Invalid character.
src/services/firebaseService.ts(1,13451): error TS1127: Invalid character.
src/services/firebaseService.ts(1,13452): error TS1127: Invalid character.
src/services/firebaseService.ts(1,13453): error TS1127: Invalid character.
src/services/firebaseService.ts(1,13454): error TS1127: Invalid character.
src/services/firebaseService.ts(1,13455): error TS1127: Invalid character.
src/services/firebaseService.ts(1,13456): error TS1127: Invalid character.
src/services/firebaseService.ts(1,13457): error TS1127: Invalid character.
src/services/firebaseService.ts(1,13458): error TS1127: Invalid character.
src/services/firebaseService.ts(1,13459): error TS1127: Invalid character.
src/services/firebaseService.ts(1,13460): error TS1127: Invalid character.
src/services/firebaseService.ts(1,13461): error TS1127: Invalid character.
src/services/firebaseService.ts(1,13462): error TS1127: Invalid character.
src/services/firebaseService.ts(1,13463): error TS1127: Invalid character.
src/services/firebaseService.ts(1,13464): error TS1127: Invalid character.
src/services/firebaseService.ts(1,13465): error TS1127: Invalid character.
src/services/firebaseService.ts(1,13466): error TS1127: Invalid character.
src/services/firebaseService.ts(1,13467): error TS1127: Invalid character.
src/services/firebaseService.ts(1,13468): error TS1127: Invalid character.
src/services/firebaseService.ts(1,13469): error TS1127: Invalid character.
src/services/firebaseService.ts(1,13470): error TS1127: Invalid character.
src/services/firebaseService.ts(1,13471): error TS1127: Invalid character.
src/services/firebaseService.ts(1,13472): error TS1127: Invalid character.
src/services/firebaseService.ts(1,13473): error TS1127: Invalid character.
src/services/firebaseService.ts(1,13474): error TS1127: Invalid character.
src/services/firebaseService.ts(1,13475): error TS1127: Invalid character.
src/services/firebaseService.ts(1,13476): error TS1127: Invalid character.
src/services/firebaseService.ts(1,13477): error TS1127: Invalid character.
src/services/firebaseService.ts(1,13478): error TS1127: Invalid character.
src/services/firebaseService.ts(1,13479): error TS1127: Invalid character.
src/services/firebaseService.ts(1,13480): error TS1127: Invalid character.
src/services/firebaseService.ts(1,13481): error TS1127: Invalid character.
src/services/firebaseService.ts(1,13482): error TS1127: Invalid character.
src/services/firebaseService.ts(1,13483): error TS1127: Invalid character.
src/services/firebaseService.ts(1,13484): error TS1127: Invalid character.
src/services/firebaseService.ts(1,13485): error TS1127: Invalid character.
src/services/firebaseService.ts(1,13486): error TS1127: Invalid character.
src/services/firebaseService.ts(1,13487): error TS1127: Invalid character.
src/services/firebaseService.ts(1,13488): error TS1127: Invalid character.
src/services/firebaseService.ts(1,13489): error TS1127: Invalid character.
src/services/firebaseService.ts(1,13490): error TS1127: Invalid character.
src/services/firebaseService.ts(1,13491): error TS1127: Invalid character.
src/services/firebaseService.ts(1,13492): error TS1127: Invalid character.
src/services/firebaseService.ts(1,13493): error TS1127: Invalid character.
src/services/firebaseService.ts(1,13494): error TS1127: Invalid character.
src/services/firebaseService.ts(1,13495): error TS1127: Invalid character.
src/services/firebaseService.ts(1,13496): error TS1127: Invalid character.
src/services/firebaseService.ts(1,13497): error TS1127: Invalid character.
src/services/firebaseService.ts(1,13498): error TS1127: Invalid character.
src/services/firebaseService.ts(1,13499): error TS1127: Invalid character.
src/services/firebaseService.ts(1,13500): error TS1127: Invalid character.
src/services/firebaseService.ts(1,13501): error TS1127: Invalid character.
src/services/firebaseService.ts(1,13502): error TS1127: Invalid character.
src/services/firebaseService.ts(1,13503): error TS1127: Invalid character.
src/services/firebaseService.ts(1,13504): error TS1127: Invalid character.
src/services/firebaseService.ts(1,13505): error TS1127: Invalid character.
src/services/firebaseService.ts(1,13506): error TS1127: Invalid character.
src/services/firebaseService.ts(1,13507): error TS1127: Invalid character.
src/services/firebaseService.ts(1,13508): error TS1127: Invalid character.
src/services/firebaseService.ts(1,13509): error TS1127: Invalid character.
src/services/firebaseService.ts(1,13510): error TS1127: Invalid character.
src/services/firebaseService.ts(1,13511): error TS1127: Invalid character.
src/services/firebaseService.ts(1,13512): error TS1127: Invalid character.
src/services/firebaseService.ts(1,13513): error TS1127: Invalid character.
src/services/firebaseService.ts(1,13514): error TS1127: Invalid character.
src/services/firebaseService.ts(1,13515): error TS1127: Invalid character.
src/services/firebaseService.ts(1,13516): error TS1127: Invalid character.
src/services/firebaseService.ts(1,13517): error TS1127: Invalid character.
src/services/firebaseService.ts(1,13518): error TS1127: Invalid character.
src/services/firebaseService.ts(1,13519): error TS1127: Invalid character.
src/services/firebaseService.ts(1,13520): error TS1127: Invalid character.
src/services/firebaseService.ts(1,13521): error TS1127: Invalid character.
src/services/firebaseService.ts(1,13522): error TS1127: Invalid character.
src/services/firebaseService.ts(1,13523): error TS1127: Invalid character.
src/services/firebaseService.ts(1,13524): error TS1127: Invalid character.
src/services/firebaseService.ts(1,13525): error TS1127: Invalid character.
src/services/firebaseService.ts(1,13526): error TS1127: Invalid character.
src/services/firebaseService.ts(1,13527): error TS1127: Invalid character.
src/services/firebaseService.ts(1,13528): error TS1127: Invalid character.
src/services/firebaseService.ts(1,13529): error TS1127: Invalid character.
src/services/firebaseService.ts(1,13530): error TS1127: Invalid character.
src/services/firebaseService.ts(1,13531): error TS1127: Invalid character.
src/services/firebaseService.ts(1,13532): error TS1127: Invalid character.
src/services/firebaseService.ts(1,13533): error TS1127: Invalid character.
src/services/firebaseService.ts(1,13534): error TS1127: Invalid character.
src/services/firebaseService.ts(1,13535): error TS1127: Invalid character.
src/services/firebaseService.ts(1,13536): error TS1127: Invalid character.
src/services/firebaseService.ts(1,13537): error TS1127: Invalid character.
src/services/firebaseService.ts(1,13538): error TS1127: Invalid character.
src/services/firebaseService.ts(1,13539): error TS1127: Invalid character.
src/services/firebaseService.ts(1,13540): error TS1127: Invalid character.
src/services/firebaseService.ts(1,13541): error TS1127: Invalid character.
src/services/firebaseService.ts(1,13542): error TS1127: Invalid character.
src/services/firebaseService.ts(1,13543): error TS1127: Invalid character.
src/services/firebaseService.ts(1,13544): error TS1127: Invalid character.
src/services/firebaseService.ts(1,13545): error TS1127: Invalid character.
src/services/firebaseService.ts(1,13546): error TS1127: Invalid character.
src/services/firebaseService.ts(1,13547): error TS1127: Invalid character.
src/services/firebaseService.ts(1,13548): error TS1127: Invalid character.
src/services/firebaseService.ts(1,13549): error TS1127: Invalid character.
src/services/firebaseService.ts(1,13550): error TS1127: Invalid character.
src/services/firebaseService.ts(1,13551): error TS1127: Invalid character.
src/services/firebaseService.ts(1,13552): error TS1127: Invalid character.
src/services/firebaseService.ts(1,13553): error TS1127: Invalid character.
src/services/firebaseService.ts(1,13554): error TS1127: Invalid character.
src/services/firebaseService.ts(1,13555): error TS1127: Invalid character.
src/services/firebaseService.ts(1,13556): error TS1127: Invalid character.
src/services/firebaseService.ts(1,13557): error TS1127: Invalid character.
src/services/firebaseService.ts(1,13558): error TS1127: Invalid character.
src/services/firebaseService.ts(1,13559): error TS1127: Invalid character.
src/services/firebaseService.ts(1,13560): error TS1127: Invalid character.
src/services/firebaseService.ts(1,13561): error TS1127: Invalid character.
src/services/firebaseService.ts(1,13562): error TS1127: Invalid character.
src/services/firebaseService.ts(1,13563): error TS1127: Invalid character.
src/services/firebaseService.ts(1,13564): error TS1127: Invalid character.
src/services/firebaseService.ts(1,13565): error TS1127: Invalid character.
src/services/firebaseService.ts(1,13566): error TS1127: Invalid character.
src/services/firebaseService.ts(1,13567): error TS1127: Invalid character.
src/services/firebaseService.ts(1,13568): error TS1127: Invalid character.
src/services/firebaseService.ts(1,13569): error TS1127: Invalid character.
src/services/firebaseService.ts(1,13570): error TS1127: Invalid character.
src/services/firebaseService.ts(1,13571): error TS1127: Invalid character.
src/services/firebaseService.ts(1,13572): error TS1127: Invalid character.
src/services/firebaseService.ts(1,13573): error TS1127: Invalid character.
src/services/firebaseService.ts(1,13574): error TS1127: Invalid character.
src/services/firebaseService.ts(1,13575): error TS1127: Invalid character.
src/services/firebaseService.ts(1,13576): error TS1127: Invalid character.
src/services/firebaseService.ts(1,13577): error TS1127: Invalid character.
src/services/firebaseService.ts(1,13578): error TS1127: Invalid character.
src/services/firebaseService.ts(1,13579): error TS1127: Invalid character.
src/services/firebaseService.ts(1,13580): error TS1127: Invalid character.
src/services/firebaseService.ts(1,13581): error TS1127: Invalid character.
src/services/firebaseService.ts(1,13582): error TS1127: Invalid character.
src/services/firebaseService.ts(1,13583): error TS1127: Invalid character.
src/services/firebaseService.ts(1,13584): error TS1127: Invalid character.
src/services/firebaseService.ts(1,13585): error TS1127: Invalid character.
src/services/firebaseService.ts(1,13586): error TS1127: Invalid character.
src/services/firebaseService.ts(1,13587): error TS1127: Invalid character.
src/services/firebaseService.ts(1,13588): error TS1127: Invalid character.
src/services/firebaseService.ts(1,13589): error TS1127: Invalid character.
src/services/firebaseService.ts(1,13590): error TS1127: Invalid character.
src/services/firebaseService.ts(1,13591): error TS1127: Invalid character.
src/services/firebaseService.ts(1,13592): error TS1127: Invalid character.
src/services/firebaseService.ts(1,13593): error TS1127: Invalid character.
src/services/firebaseService.ts(1,13594): error TS1127: Invalid character.
src/services/firebaseService.ts(1,13595): error TS1127: Invalid character.
src/services/firebaseService.ts(1,13596): error TS1127: Invalid character.
src/services/firebaseService.ts(1,13597): error TS1127: Invalid character.
src/services/firebaseService.ts(1,13598): error TS1127: Invalid character.
src/services/firebaseService.ts(1,13599): error TS1127: Invalid character.
src/services/firebaseService.ts(1,13600): error TS1127: Invalid character.
src/services/firebaseService.ts(1,13601): error TS1127: Invalid character.
src/services/firebaseService.ts(1,13602): error TS1127: Invalid character.
src/services/firebaseService.ts(1,13603): error TS1127: Invalid character.
src/services/firebaseService.ts(1,13604): error TS1127: Invalid character.
src/services/firebaseService.ts(1,13605): error TS1127: Invalid character.
src/services/firebaseService.ts(1,13606): error TS1127: Invalid character.
src/services/firebaseService.ts(1,13607): error TS1127: Invalid character.
src/services/firebaseService.ts(1,13608): error TS1127: Invalid character.
src/services/firebaseService.ts(1,13609): error TS1127: Invalid character.
src/services/firebaseService.ts(1,13610): error TS1127: Invalid character.
src/services/firebaseService.ts(1,13611): error TS1127: Invalid character.
src/services/firebaseService.ts(1,13612): error TS1127: Invalid character.
src/services/firebaseService.ts(1,13613): error TS1127: Invalid character.
src/services/firebaseService.ts(1,13614): error TS1127: Invalid character.
src/services/firebaseService.ts(1,13615): error TS1127: Invalid character.
src/services/firebaseService.ts(1,13616): error TS1127: Invalid character.
src/services/firebaseService.ts(1,13617): error TS1127: Invalid character.
src/services/firebaseService.ts(1,13618): error TS1127: Invalid character.
src/services/firebaseService.ts(1,13619): error TS1127: Invalid character.
src/services/firebaseService.ts(1,13620): error TS1127: Invalid character.
src/services/firebaseService.ts(1,13621): error TS1127: Invalid character.
src/services/firebaseService.ts(1,13622): error TS1127: Invalid character.
src/services/firebaseService.ts(1,13623): error TS1127: Invalid character.
src/services/firebaseService.ts(1,13624): error TS1127: Invalid character.
src/services/firebaseService.ts(1,13625): error TS1127: Invalid character.
src/services/firebaseService.ts(1,13626): error TS1127: Invalid character.
src/services/firebaseService.ts(1,13627): error TS1127: Invalid character.
src/services/firebaseService.ts(1,13628): error TS1127: Invalid character.
src/services/firebaseService.ts(1,13629): error TS1127: Invalid character.
src/services/firebaseService.ts(1,13630): error TS1127: Invalid character.
src/services/firebaseService.ts(1,13631): error TS1127: Invalid character.
src/services/firebaseService.ts(1,13632): error TS1127: Invalid character.
src/services/firebaseService.ts(1,13633): error TS1127: Invalid character.
src/services/firebaseService.ts(1,13634): error TS1127: Invalid character.
src/services/firebaseService.ts(1,13635): error TS1127: Invalid character.
src/services/firebaseService.ts(1,13636): error TS1127: Invalid character.
src/services/firebaseService.ts(1,13637): error TS1127: Invalid character.
src/services/firebaseService.ts(1,13638): error TS1127: Invalid character.
src/services/firebaseService.ts(1,13639): error TS1127: Invalid character.
src/services/firebaseService.ts(1,13640): error TS1127: Invalid character.
src/services/firebaseService.ts(1,13641): error TS1127: Invalid character.
src/services/firebaseService.ts(1,13642): error TS1127: Invalid character.
src/services/firebaseService.ts(1,13643): error TS1127: Invalid character.
src/services/firebaseService.ts(1,13644): error TS1127: Invalid character.
src/services/firebaseService.ts(1,13645): error TS1127: Invalid character.
src/services/firebaseService.ts(1,13646): error TS1127: Invalid character.
src/services/firebaseService.ts(1,13647): error TS1127: Invalid character.
src/services/firebaseService.ts(1,13648): error TS1127: Invalid character.
src/services/firebaseService.ts(1,13649): error TS1127: Invalid character.
src/services/firebaseService.ts(1,13650): error TS1127: Invalid character.
src/services/firebaseService.ts(1,13651): error TS1127: Invalid character.
src/services/firebaseService.ts(1,13652): error TS1127: Invalid character.
src/services/firebaseService.ts(1,13653): error TS1127: Invalid character.
src/services/firebaseService.ts(1,13654): error TS1127: Invalid character.
src/services/firebaseService.ts(1,13655): error TS1127: Invalid character.
src/services/firebaseService.ts(1,13656): error TS1127: Invalid character.
src/services/firebaseService.ts(1,13657): error TS1127: Invalid character.
src/services/firebaseService.ts(1,13658): error TS1127: Invalid character.
src/services/firebaseService.ts(1,13659): error TS1127: Invalid character.
src/services/firebaseService.ts(1,13660): error TS1127: Invalid character.
src/services/firebaseService.ts(1,13661): error TS1127: Invalid character.
src/services/firebaseService.ts(1,13662): error TS1127: Invalid character.
src/services/firebaseService.ts(1,13663): error TS1127: Invalid character.
src/services/firebaseService.ts(1,13664): error TS1127: Invalid character.
src/services/firebaseService.ts(1,13665): error TS1127: Invalid character.
src/services/firebaseService.ts(1,13666): error TS1127: Invalid character.
src/services/firebaseService.ts(1,13667): error TS1127: Invalid character.
src/services/firebaseService.ts(1,13668): error TS1127: Invalid character.
src/services/firebaseService.ts(1,13669): error TS1127: Invalid character.
src/services/firebaseService.ts(1,13670): error TS1127: Invalid character.
src/services/firebaseService.ts(1,13671): error TS1127: Invalid character.
src/services/firebaseService.ts(1,13672): error TS1127: Invalid character.
src/services/firebaseService.ts(1,13673): error TS1127: Invalid character.
src/services/firebaseService.ts(1,13674): error TS1127: Invalid character.
src/services/firebaseService.ts(1,13675): error TS1127: Invalid character.
src/services/firebaseService.ts(1,13676): error TS1127: Invalid character.
src/services/firebaseService.ts(1,13677): error TS1127: Invalid character.
src/services/firebaseService.ts(1,13678): error TS1127: Invalid character.
src/services/firebaseService.ts(1,13679): error TS1127: Invalid character.
src/services/firebaseService.ts(1,13680): error TS1127: Invalid character.
src/services/firebaseService.ts(1,13681): error TS1127: Invalid character.
src/services/firebaseService.ts(1,13682): error TS1127: Invalid character.
src/services/firebaseService.ts(1,13683): error TS1127: Invalid character.
src/services/firebaseService.ts(1,13684): error TS1127: Invalid character.
src/services/firebaseService.ts(1,13685): error TS1127: Invalid character.
src/services/firebaseService.ts(1,13686): error TS1127: Invalid character.
src/services/firebaseService.ts(1,13687): error TS1127: Invalid character.
src/services/firebaseService.ts(1,13688): error TS1127: Invalid character.
src/services/firebaseService.ts(1,13689): error TS1127: Invalid character.
src/services/firebaseService.ts(1,13690): error TS1127: Invalid character.
src/services/firebaseService.ts(1,13691): error TS1127: Invalid character.
src/services/firebaseService.ts(1,13692): error TS1127: Invalid character.
src/services/firebaseService.ts(1,13693): error TS1127: Invalid character.
src/services/firebaseService.ts(1,13694): error TS1127: Invalid character.
src/services/firebaseService.ts(1,13695): error TS1127: Invalid character.
src/services/firebaseService.ts(1,13696): error TS1127: Invalid character.
src/services/firebaseService.ts(1,13697): error TS1127: Invalid character.
src/services/firebaseService.ts(1,13698): error TS1127: Invalid character.
src/services/firebaseService.ts(1,13699): error TS1127: Invalid character.
src/services/firebaseService.ts(1,13700): error TS1127: Invalid character.
src/services/firebaseService.ts(1,13701): error TS1127: Invalid character.
src/services/firebaseService.ts(1,13702): error TS1127: Invalid character.
src/services/firebaseService.ts(1,13703): error TS1127: Invalid character.
src/services/firebaseService.ts(1,13704): error TS1127: Invalid character.
src/services/firebaseService.ts(1,13705): error TS1127: Invalid character.
src/services/firebaseService.ts(1,13706): error TS1127: Invalid character.
src/services/firebaseService.ts(1,13707): error TS1127: Invalid character.
src/services/firebaseService.ts(1,13708): error TS1127: Invalid character.
src/services/firebaseService.ts(1,13709): error TS1127: Invalid character.
src/services/firebaseService.ts(1,13710): error TS1127: Invalid character.
src/services/firebaseService.ts(1,13711): error TS1127: Invalid character.
src/services/firebaseService.ts(1,13712): error TS1127: Invalid character.
src/services/firebaseService.ts(1,13713): error TS1127: Invalid character.
src/services/firebaseService.ts(1,13714): error TS1127: Invalid character.
src/services/firebaseService.ts(1,13715): error TS1127: Invalid character.
src/services/firebaseService.ts(1,13716): error TS1127: Invalid character.
src/services/firebaseService.ts(1,13717): error TS1127: Invalid character.
src/services/firebaseService.ts(1,13718): error TS1127: Invalid character.
src/services/firebaseService.ts(1,13719): error TS1127: Invalid character.
src/services/firebaseService.ts(1,13720): error TS1127: Invalid character.
src/services/firebaseService.ts(1,13721): error TS1127: Invalid character.
src/services/firebaseService.ts(1,13722): error TS1127: Invalid character.
src/services/firebaseService.ts(1,13723): error TS1127: Invalid character.
src/services/firebaseService.ts(1,13724): error TS1127: Invalid character.
src/services/firebaseService.ts(1,13725): error TS1127: Invalid character.
src/services/firebaseService.ts(1,13726): error TS1127: Invalid character.
src/services/firebaseService.ts(1,13727): error TS1127: Invalid character.
src/services/firebaseService.ts(1,13728): error TS1127: Invalid character.
src/services/firebaseService.ts(1,13729): error TS1127: Invalid character.
src/services/firebaseService.ts(1,13730): error TS1127: Invalid character.
src/services/firebaseService.ts(1,13731): error TS1127: Invalid character.
src/services/firebaseService.ts(1,13732): error TS1127: Invalid character.
src/services/firebaseService.ts(1,13733): error TS1127: Invalid character.
src/services/firebaseService.ts(1,13734): error TS1127: Invalid character.
src/services/firebaseService.ts(1,13735): error TS1127: Invalid character.
src/services/firebaseService.ts(1,13736): error TS1127: Invalid character.
src/services/firebaseService.ts(1,13737): error TS1127: Invalid character.
src/services/firebaseService.ts(1,13738): error TS1127: Invalid character.
src/services/firebaseService.ts(1,13739): error TS1127: Invalid character.
src/services/firebaseService.ts(1,13740): error TS1127: Invalid character.
src/services/firebaseService.ts(1,13741): error TS1127: Invalid character.
src/services/firebaseService.ts(1,13742): error TS1127: Invalid character.
src/services/firebaseService.ts(1,13743): error TS1127: Invalid character.
src/services/firebaseService.ts(1,13744): error TS1127: Invalid character.
src/services/firebaseService.ts(1,13745): error TS1127: Invalid character.
src/services/firebaseService.ts(1,13746): error TS1127: Invalid character.
src/services/firebaseService.ts(1,13747): error TS1127: Invalid character.
src/services/firebaseService.ts(1,13748): error TS1127: Invalid character.
src/services/firebaseService.ts(1,13749): error TS1127: Invalid character.
src/services/firebaseService.ts(1,13750): error TS1127: Invalid character.
src/services/firebaseService.ts(1,13751): error TS1127: Invalid character.
src/services/firebaseService.ts(1,13752): error TS1127: Invalid character.
src/services/firebaseService.ts(1,13753): error TS1127: Invalid character.
src/services/firebaseService.ts(1,13754): error TS1127: Invalid character.
src/services/firebaseService.ts(1,13755): error TS1127: Invalid character.
src/services/firebaseService.ts(1,13756): error TS1127: Invalid character.
src/services/firebaseService.ts(1,13757): error TS1127: Invalid character.
src/services/firebaseService.ts(1,13758): error TS1127: Invalid character.
src/services/firebaseService.ts(1,13759): error TS1127: Invalid character.
src/services/firebaseService.ts(1,13760): error TS1127: Invalid character.
src/services/firebaseService.ts(1,13761): error TS1127: Invalid character.
src/services/firebaseService.ts(1,13762): error TS1127: Invalid character.
src/services/firebaseService.ts(1,13763): error TS1127: Invalid character.
src/services/firebaseService.ts(1,13764): error TS1127: Invalid character.
src/services/firebaseService.ts(1,13765): error TS1127: Invalid character.
src/services/firebaseService.ts(1,13766): error TS1127: Invalid character.
src/services/firebaseService.ts(1,13767): error TS1127: Invalid character.
src/services/firebaseService.ts(1,13768): error TS1127: Invalid character.
src/services/firebaseService.ts(1,13769): error TS1127: Invalid character.
src/services/firebaseService.ts(1,13770): error TS1127: Invalid character.
src/services/firebaseService.ts(1,13771): error TS1127: Invalid character.
src/services/firebaseService.ts(1,13772): error TS1127: Invalid character.
src/services/firebaseService.ts(1,13773): error TS1127: Invalid character.
src/services/firebaseService.ts(1,13774): error TS1127: Invalid character.
src/services/firebaseService.ts(1,13775): error TS1127: Invalid character.
src/services/firebaseService.ts(1,13776): error TS1127: Invalid character.
src/services/firebaseService.ts(1,13777): error TS1127: Invalid character.
src/services/firebaseService.ts(1,13778): error TS1127: Invalid character.
src/services/firebaseService.ts(1,13779): error TS1127: Invalid character.
src/services/firebaseService.ts(1,13780): error TS1127: Invalid character.
src/services/firebaseService.ts(1,13781): error TS1127: Invalid character.
src/services/firebaseService.ts(1,13782): error TS1127: Invalid character.
src/services/firebaseService.ts(1,13783): error TS1127: Invalid character.
src/services/firebaseService.ts(1,13784): error TS1127: Invalid character.
src/services/firebaseService.ts(1,13785): error TS1127: Invalid character.
src/services/firebaseService.ts(1,13786): error TS1127: Invalid character.
src/services/firebaseService.ts(1,13787): error TS1127: Invalid character.
src/services/firebaseService.ts(1,13788): error TS1127: Invalid character.
src/services/firebaseService.ts(1,13789): error TS1127: Invalid character.
src/services/firebaseService.ts(1,13790): error TS1127: Invalid character.
src/services/firebaseService.ts(1,13791): error TS1127: Invalid character.
src/services/firebaseService.ts(1,13792): error TS1127: Invalid character.
src/services/firebaseService.ts(1,13793): error TS1127: Invalid character.
src/services/firebaseService.ts(1,13794): error TS1127: Invalid character.
src/services/firebaseService.ts(1,13795): error TS1127: Invalid character.
src/services/firebaseService.ts(1,13796): error TS1127: Invalid character.
src/services/firebaseService.ts(1,13797): error TS1127: Invalid character.
src/services/firebaseService.ts(1,13798): error TS1127: Invalid character.
src/services/firebaseService.ts(1,13799): error TS1127: Invalid character.
src/services/firebaseService.ts(1,13800): error TS1127: Invalid character.
src/services/firebaseService.ts(1,13801): error TS1127: Invalid character.
src/services/firebaseService.ts(1,13802): error TS1127: Invalid character.
src/services/firebaseService.ts(1,13803): error TS1127: Invalid character.
src/services/firebaseService.ts(1,13804): error TS1127: Invalid character.
src/services/firebaseService.ts(1,13805): error TS1127: Invalid character.
src/services/firebaseService.ts(1,13806): error TS1127: Invalid character.
src/services/firebaseService.ts(1,13807): error TS1127: Invalid character.
src/services/firebaseService.ts(1,13808): error TS1127: Invalid character.
src/services/firebaseService.ts(1,13809): error TS1127: Invalid character.
src/services/firebaseService.ts(1,13810): error TS1127: Invalid character.
src/services/firebaseService.ts(1,13811): error TS1127: Invalid character.
src/services/firebaseService.ts(1,13812): error TS1127: Invalid character.
src/services/firebaseService.ts(1,13813): error TS1127: Invalid character.
src/services/firebaseService.ts(1,13814): error TS1127: Invalid character.
src/services/firebaseService.ts(1,13815): error TS1127: Invalid character.
src/services/firebaseService.ts(1,13816): error TS1127: Invalid character.
src/services/firebaseService.ts(1,13817): error TS1127: Invalid character.
src/services/firebaseService.ts(1,13818): error TS1127: Invalid character.
src/services/firebaseService.ts(1,13819): error TS1127: Invalid character.
src/services/firebaseService.ts(1,13820): error TS1127: Invalid character.
src/services/firebaseService.ts(1,13821): error TS1127: Invalid character.
src/services/firebaseService.ts(1,13822): error TS1127: Invalid character.
src/services/firebaseService.ts(1,13823): error TS1127: Invalid character.
src/services/firebaseService.ts(1,13824): error TS1127: Invalid character.
src/services/firebaseService.ts(1,13825): error TS1127: Invalid character.
src/services/firebaseService.ts(1,13826): error TS1127: Invalid character.
src/services/firebaseService.ts(1,13827): error TS1127: Invalid character.
src/services/firebaseService.ts(1,13828): error TS1127: Invalid character.
src/services/firebaseService.ts(1,13829): error TS1127: Invalid character.
src/services/firebaseService.ts(1,13830): error TS1127: Invalid character.
src/services/firebaseService.ts(1,13831): error TS1127: Invalid character.
src/services/firebaseService.ts(1,13832): error TS1127: Invalid character.
src/services/firebaseService.ts(1,13833): error TS1127: Invalid character.
src/services/firebaseService.ts(1,13834): error TS1127: Invalid character.
src/services/firebaseService.ts(1,13835): error TS1127: Invalid character.
src/services/firebaseService.ts(1,13836): error TS1127: Invalid character.
src/services/firebaseService.ts(1,13837): error TS1127: Invalid character.
src/services/firebaseService.ts(1,13838): error TS1127: Invalid character.
src/services/firebaseService.ts(1,13839): error TS1127: Invalid character.
src/services/firebaseService.ts(1,13840): error TS1127: Invalid character.
src/services/firebaseService.ts(1,13841): error TS1127: Invalid character.
src/services/firebaseService.ts(1,13842): error TS1127: Invalid character.
src/services/firebaseService.ts(1,13843): error TS1127: Invalid character.
src/services/firebaseService.ts(1,13844): error TS1127: Invalid character.
src/services/firebaseService.ts(1,13845): error TS1127: Invalid character.
src/services/firebaseService.ts(1,13846): error TS1127: Invalid character.
src/services/firebaseService.ts(1,13847): error TS1127: Invalid character.
src/services/firebaseService.ts(1,13848): error TS1127: Invalid character.
src/services/firebaseService.ts(1,13849): error TS1127: Invalid character.
src/services/firebaseService.ts(1,13850): error TS1127: Invalid character.
src/services/firebaseService.ts(1,13851): error TS1127: Invalid character.
src/services/firebaseService.ts(1,13852): error TS1127: Invalid character.
src/services/firebaseService.ts(1,13853): error TS1127: Invalid character.
src/services/firebaseService.ts(1,13854): error TS1127: Invalid character.
src/services/firebaseService.ts(1,13855): error TS1127: Invalid character.
src/services/firebaseService.ts(1,13856): error TS1127: Invalid character.
src/services/firebaseService.ts(1,13857): error TS1127: Invalid character.
src/services/firebaseService.ts(1,13858): error TS1127: Invalid character.
src/services/firebaseService.ts(1,13859): error TS1127: Invalid character.
src/services/firebaseService.ts(1,13860): error TS1127: Invalid character.
src/services/firebaseService.ts(1,13861): error TS1127: Invalid character.
src/services/firebaseService.ts(1,13862): error TS1127: Invalid character.
src/services/firebaseService.ts(1,13863): error TS1127: Invalid character.
src/services/firebaseService.ts(1,13864): error TS1127: Invalid character.
src/services/firebaseService.ts(1,13865): error TS1127: Invalid character.
src/services/firebaseService.ts(1,13866): error TS1127: Invalid character.
src/services/firebaseService.ts(1,13867): error TS1127: Invalid character.
src/services/firebaseService.ts(1,13868): error TS1127: Invalid character.
src/services/firebaseService.ts(1,13869): error TS1127: Invalid character.
src/services/firebaseService.ts(1,13870): error TS1127: Invalid character.
src/services/firebaseService.ts(1,13871): error TS1127: Invalid character.
src/services/firebaseService.ts(1,13872): error TS1127: Invalid character.
src/services/firebaseService.ts(1,13873): error TS1127: Invalid character.
src/services/firebaseService.ts(1,13874): error TS1127: Invalid character.
src/services/firebaseService.ts(1,13875): error TS1127: Invalid character.
src/services/firebaseService.ts(1,13876): error TS1127: Invalid character.
src/services/firebaseService.ts(1,13877): error TS1127: Invalid character.
src/services/firebaseService.ts(1,13878): error TS1127: Invalid character.
src/services/firebaseService.ts(1,13879): error TS1127: Invalid character.
src/services/firebaseService.ts(1,13880): error TS1127: Invalid character.
src/services/firebaseService.ts(1,13881): error TS1127: Invalid character.
src/services/firebaseService.ts(1,13882): error TS1127: Invalid character.
src/services/firebaseService.ts(1,13883): error TS1127: Invalid character.
src/services/firebaseService.ts(1,13884): error TS1127: Invalid character.
src/services/firebaseService.ts(1,13885): error TS1127: Invalid character.
src/services/firebaseService.ts(1,13886): error TS1127: Invalid character.
src/services/firebaseService.ts(1,13887): error TS1127: Invalid character.
src/services/firebaseService.ts(1,13888): error TS1127: Invalid character.
src/services/firebaseService.ts(1,13889): error TS1127: Invalid character.
src/services/firebaseService.ts(1,13890): error TS1127: Invalid character.
src/services/firebaseService.ts(1,13891): error TS1127: Invalid character.
src/services/firebaseService.ts(1,13892): error TS1127: Invalid character.
src/services/firebaseService.ts(1,13893): error TS1127: Invalid character.
src/services/firebaseService.ts(1,13894): error TS1127: Invalid character.
src/services/firebaseService.ts(1,13895): error TS1127: Invalid character.
src/services/firebaseService.ts(1,13896): error TS1127: Invalid character.
src/services/firebaseService.ts(1,13897): error TS1127: Invalid character.
src/services/firebaseService.ts(1,13898): error TS1127: Invalid character.
src/services/firebaseService.ts(1,13899): error TS1127: Invalid character.
src/services/firebaseService.ts(1,13900): error TS1127: Invalid character.
src/services/firebaseService.ts(1,13901): error TS1127: Invalid character.
src/services/firebaseService.ts(1,13902): error TS1127: Invalid character.
src/services/firebaseService.ts(1,13903): error TS1127: Invalid character.
src/services/firebaseService.ts(1,13904): error TS1127: Invalid character.
src/services/firebaseService.ts(1,13905): error TS1127: Invalid character.
src/services/firebaseService.ts(1,13906): error TS1127: Invalid character.
src/services/firebaseService.ts(1,13907): error TS1127: Invalid character.
src/services/firebaseService.ts(1,13908): error TS1127: Invalid character.
src/services/firebaseService.ts(1,13909): error TS1127: Invalid character.
src/services/firebaseService.ts(1,13910): error TS1127: Invalid character.
src/services/firebaseService.ts(1,13911): error TS1127: Invalid character.
src/services/firebaseService.ts(1,13912): error TS1127: Invalid character.
src/services/firebaseService.ts(1,13913): error TS1127: Invalid character.
src/services/firebaseService.ts(1,13914): error TS1127: Invalid character.
src/services/firebaseService.ts(1,13915): error TS1127: Invalid character.
src/services/firebaseService.ts(1,13916): error TS1127: Invalid character.
src/services/firebaseService.ts(1,13917): error TS1127: Invalid character.
src/services/firebaseService.ts(1,13918): error TS1127: Invalid character.
src/services/firebaseService.ts(1,13919): error TS1127: Invalid character.
src/services/firebaseService.ts(1,13920): error TS1127: Invalid character.
src/services/firebaseService.ts(1,13921): error TS1127: Invalid character.
src/services/firebaseService.ts(1,13922): error TS1127: Invalid character.
src/services/firebaseService.ts(1,13923): error TS1127: Invalid character.
src/services/firebaseService.ts(1,13924): error TS1127: Invalid character.
src/services/firebaseService.ts(1,13925): error TS1127: Invalid character.
src/services/firebaseService.ts(1,13926): error TS1127: Invalid character.
src/services/firebaseService.ts(1,13927): error TS1127: Invalid character.
src/services/firebaseService.ts(1,13928): error TS1127: Invalid character.
src/services/firebaseService.ts(1,13929): error TS1127: Invalid character.
src/services/firebaseService.ts(1,13930): error TS1127: Invalid character.
src/services/firebaseService.ts(1,13931): error TS1127: Invalid character.
src/services/firebaseService.ts(1,13932): error TS1127: Invalid character.
src/services/firebaseService.ts(1,13933): error TS1127: Invalid character.
src/services/firebaseService.ts(1,13934): error TS1127: Invalid character.
src/services/firebaseService.ts(1,13935): error TS1127: Invalid character.
src/services/firebaseService.ts(1,13936): error TS1127: Invalid character.
src/services/firebaseService.ts(1,13937): error TS1127: Invalid character.
src/services/firebaseService.ts(1,13938): error TS1127: Invalid character.
src/services/firebaseService.ts(1,13939): error TS1127: Invalid character.
src/services/firebaseService.ts(1,13940): error TS1127: Invalid character.
src/services/firebaseService.ts(1,13941): error TS1127: Invalid character.
src/services/firebaseService.ts(1,13942): error TS1127: Invalid character.
src/services/firebaseService.ts(1,13943): error TS1127: Invalid character.
src/services/firebaseService.ts(1,13944): error TS1127: Invalid character.
src/services/firebaseService.ts(1,13945): error TS1127: Invalid character.
src/services/firebaseService.ts(1,13946): error TS1127: Invalid character.
src/services/firebaseService.ts(1,13947): error TS1127: Invalid character.
src/services/firebaseService.ts(1,13948): error TS1127: Invalid character.
src/services/firebaseService.ts(1,13949): error TS1127: Invalid character.
src/services/firebaseService.ts(1,13950): error TS1127: Invalid character.
src/services/firebaseService.ts(1,13951): error TS1127: Invalid character.
src/services/firebaseService.ts(1,13952): error TS1127: Invalid character.
src/services/firebaseService.ts(1,13953): error TS1127: Invalid character.
src/services/firebaseService.ts(1,13954): error TS1127: Invalid character.
src/services/firebaseService.ts(1,13955): error TS1127: Invalid character.
src/services/firebaseService.ts(1,13956): error TS1127: Invalid character.
src/services/firebaseService.ts(1,13957): error TS1127: Invalid character.
src/services/firebaseService.ts(1,13958): error TS1127: Invalid character.
src/services/firebaseService.ts(1,13959): error TS1127: Invalid character.
src/services/firebaseService.ts(1,13960): error TS1127: Invalid character.
src/services/firebaseService.ts(1,13961): error TS1127: Invalid character.
src/services/firebaseService.ts(1,13962): error TS1127: Invalid character.
src/services/firebaseService.ts(1,13963): error TS1127: Invalid character.
src/services/firebaseService.ts(1,13964): error TS1127: Invalid character.
src/services/firebaseService.ts(1,13965): error TS1127: Invalid character.
src/services/firebaseService.ts(1,13966): error TS1127: Invalid character.
src/services/firebaseService.ts(1,13967): error TS1127: Invalid character.
src/services/firebaseService.ts(1,13968): error TS1127: Invalid character.
src/services/firebaseService.ts(1,13969): error TS1127: Invalid character.
src/services/firebaseService.ts(1,13970): error TS1127: Invalid character.
src/services/firebaseService.ts(1,13971): error TS1127: Invalid character.
src/services/firebaseService.ts(1,13972): error TS1127: Invalid character.
src/services/firebaseService.ts(1,13973): error TS1127: Invalid character.
src/services/firebaseService.ts(1,13974): error TS1127: Invalid character.
src/services/firebaseService.ts(1,13975): error TS1127: Invalid character.
src/services/firebaseService.ts(1,13976): error TS1127: Invalid character.
src/services/firebaseService.ts(1,13977): error TS1127: Invalid character.
src/services/firebaseService.ts(1,13978): error TS1127: Invalid character.
src/services/firebaseService.ts(1,13979): error TS1127: Invalid character.
src/services/firebaseService.ts(1,13980): error TS1127: Invalid character.
src/services/firebaseService.ts(1,13981): error TS1127: Invalid character.
src/services/firebaseService.ts(1,13982): error TS1127: Invalid character.
src/services/firebaseService.ts(1,13983): error TS1127: Invalid character.
src/services/firebaseService.ts(1,13984): error TS1127: Invalid character.
src/services/firebaseService.ts(1,13985): error TS1127: Invalid character.
src/services/firebaseService.ts(1,13986): error TS1127: Invalid character.
src/services/firebaseService.ts(1,13987): error TS1127: Invalid character.
src/services/firebaseService.ts(1,13988): error TS1127: Invalid character.
src/services/firebaseService.ts(1,13989): error TS1127: Invalid character.
src/services/firebaseService.ts(1,13990): error TS1127: Invalid character.
src/services/firebaseService.ts(1,13991): error TS1127: Invalid character.
src/services/firebaseService.ts(1,13992): error TS1127: Invalid character.
src/services/firebaseService.ts(1,13993): error TS1127: Invalid character.
src/services/firebaseService.ts(1,13994): error TS1127: Invalid character.
src/services/firebaseService.ts(1,13995): error TS1127: Invalid character.
src/services/firebaseService.ts(1,13996): error TS1127: Invalid character.
src/services/firebaseService.ts(1,13997): error TS1127: Invalid character.
src/services/firebaseService.ts(1,13998): error TS1127: Invalid character.
src/services/firebaseService.ts(1,13999): error TS1127: Invalid character.
src/services/firebaseService.ts(1,14000): error TS1127: Invalid character.
src/services/firebaseService.ts(1,14001): error TS1127: Invalid character.
src/services/firebaseService.ts(1,14002): error TS1127: Invalid character.
src/services/firebaseService.ts(1,14003): error TS1127: Invalid character.
src/services/firebaseService.ts(1,14004): error TS1127: Invalid character.
src/services/firebaseService.ts(1,14005): error TS1127: Invalid character.
src/services/firebaseService.ts(1,14006): error TS1127: Invalid character.
src/services/firebaseService.ts(1,14007): error TS1127: Invalid character.
src/services/firebaseService.ts(1,14008): error TS1127: Invalid character.
src/services/firebaseService.ts(1,14009): error TS1127: Invalid character.
src/services/firebaseService.ts(1,14010): error TS1127: Invalid character.
src/services/firebaseService.ts(1,14011): error TS1127: Invalid character.
src/services/firebaseService.ts(1,14012): error TS1127: Invalid character.
src/services/firebaseService.ts(1,14013): error TS1127: Invalid character.
src/services/firebaseService.ts(1,14014): error TS1127: Invalid character.
src/services/firebaseService.ts(1,14015): error TS1127: Invalid character.
src/services/firebaseService.ts(1,14016): error TS1127: Invalid character.
src/services/firebaseService.ts(1,14017): error TS1127: Invalid character.
src/services/firebaseService.ts(1,14018): error TS1127: Invalid character.
src/services/firebaseService.ts(1,14019): error TS1127: Invalid character.
src/services/firebaseService.ts(1,14020): error TS1127: Invalid character.
src/services/firebaseService.ts(1,14021): error TS1127: Invalid character.
src/services/firebaseService.ts(1,14022): error TS1127: Invalid character.
src/services/firebaseService.ts(1,14023): error TS1127: Invalid character.
src/services/firebaseService.ts(1,14024): error TS1127: Invalid character.
src/services/firebaseService.ts(1,14025): error TS1127: Invalid character.
src/services/firebaseService.ts(1,14026): error TS1127: Invalid character.
src/services/firebaseService.ts(1,14027): error TS1127: Invalid character.
src/services/firebaseService.ts(1,14028): error TS1127: Invalid character.
src/services/firebaseService.ts(1,14029): error TS1127: Invalid character.
src/services/firebaseService.ts(1,14030): error TS1127: Invalid character.
src/services/firebaseService.ts(1,14031): error TS1127: Invalid character.
src/services/firebaseService.ts(1,14032): error TS1127: Invalid character.
src/services/firebaseService.ts(1,14033): error TS1127: Invalid character.
src/services/firebaseService.ts(1,14034): error TS1127: Invalid character.
src/services/firebaseService.ts(1,14035): error TS1127: Invalid character.
src/services/firebaseService.ts(1,14036): error TS1127: Invalid character.
src/services/firebaseService.ts(1,14037): error TS1127: Invalid character.
src/services/firebaseService.ts(1,14038): error TS1127: Invalid character.
src/services/firebaseService.ts(1,14039): error TS1127: Invalid character.
src/services/firebaseService.ts(1,14040): error TS1127: Invalid character.
src/services/firebaseService.ts(1,14041): error TS1127: Invalid character.
src/services/firebaseService.ts(1,14042): error TS1127: Invalid character.
src/services/firebaseService.ts(1,14043): error TS1127: Invalid character.
src/services/firebaseService.ts(1,14044): error TS1127: Invalid character.
src/services/firebaseService.ts(1,14045): error TS1127: Invalid character.
src/services/firebaseService.ts(1,14046): error TS1127: Invalid character.
src/services/firebaseService.ts(1,14047): error TS1127: Invalid character.
src/services/firebaseService.ts(1,14048): error TS1127: Invalid character.
src/services/firebaseService.ts(1,14049): error TS1127: Invalid character.
src/services/firebaseService.ts(1,14050): error TS1127: Invalid character.
src/services/firebaseService.ts(1,14051): error TS1127: Invalid character.
src/services/firebaseService.ts(1,14052): error TS1127: Invalid character.
src/services/firebaseService.ts(1,14053): error TS1127: Invalid character.
src/services/firebaseService.ts(1,14054): error TS1127: Invalid character.
src/services/firebaseService.ts(1,14055): error TS1127: Invalid character.
src/services/firebaseService.ts(1,14056): error TS1127: Invalid character.
src/services/firebaseService.ts(1,14057): error TS1127: Invalid character.
src/services/firebaseService.ts(1,14058): error TS1127: Invalid character.
src/services/firebaseService.ts(1,14059): error TS1127: Invalid character.
src/services/firebaseService.ts(1,14060): error TS1127: Invalid character.
src/services/firebaseService.ts(1,14061): error TS1127: Invalid character.
src/services/firebaseService.ts(1,14062): error TS1127: Invalid character.
src/services/firebaseService.ts(1,14063): error TS1127: Invalid character.
src/services/firebaseService.ts(1,14064): error TS1127: Invalid character.
src/services/firebaseService.ts(1,14065): error TS1127: Invalid character.
src/services/firebaseService.ts(1,14066): error TS1127: Invalid character.
src/services/firebaseService.ts(1,14067): error TS1127: Invalid character.
src/services/firebaseService.ts(1,14068): error TS1127: Invalid character.
src/services/firebaseService.ts(1,14069): error TS1127: Invalid character.
src/services/firebaseService.ts(1,14070): error TS1127: Invalid character.
src/services/firebaseService.ts(1,14071): error TS1127: Invalid character.
src/services/firebaseService.ts(1,14072): error TS1127: Invalid character.
src/services/firebaseService.ts(1,14073): error TS1127: Invalid character.
src/services/firebaseService.ts(1,14074): error TS1127: Invalid character.
src/services/firebaseService.ts(1,14075): error TS1127: Invalid character.
src/services/firebaseService.ts(1,14076): error TS1127: Invalid character.
src/services/firebaseService.ts(1,14077): error TS1127: Invalid character.
src/services/firebaseService.ts(1,14078): error TS1127: Invalid character.
src/services/firebaseService.ts(1,14079): error TS1127: Invalid character.
src/services/firebaseService.ts(1,14080): error TS1127: Invalid character.
src/services/firebaseService.ts(1,14081): error TS1127: Invalid character.
src/services/firebaseService.ts(1,14082): error TS1127: Invalid character.
src/services/firebaseService.ts(1,14083): error TS1127: Invalid character.
src/services/firebaseService.ts(1,14084): error TS1127: Invalid character.
src/services/firebaseService.ts(1,14085): error TS1127: Invalid character.
src/services/firebaseService.ts(1,14086): error TS1127: Invalid character.
src/services/firebaseService.ts(1,14087): error TS1127: Invalid character.
src/services/firebaseService.ts(1,14088): error TS1127: Invalid character.
src/services/firebaseService.ts(1,14089): error TS1127: Invalid character.
src/services/firebaseService.ts(1,14090): error TS1127: Invalid character.
src/services/firebaseService.ts(1,14091): error TS1127: Invalid character.
src/services/firebaseService.ts(1,14092): error TS1127: Invalid character.
src/services/firebaseService.ts(1,14093): error TS1127: Invalid character.
src/services/firebaseService.ts(1,14094): error TS1127: Invalid character.
src/services/firebaseService.ts(1,14095): error TS1127: Invalid character.
src/services/firebaseService.ts(1,14096): error TS1127: Invalid character.
src/services/firebaseService.ts(1,14097): error TS1127: Invalid character.
src/services/firebaseService.ts(1,14098): error TS1127: Invalid character.
src/services/firebaseService.ts(1,14099): error TS1127: Invalid character.
src/services/firebaseService.ts(1,14100): error TS1127: Invalid character.
src/services/firebaseService.ts(1,14101): error TS1127: Invalid character.
src/services/firebaseService.ts(1,14102): error TS1127: Invalid character.
src/services/firebaseService.ts(1,14103): error TS1127: Invalid character.
src/services/firebaseService.ts(1,14104): error TS1127: Invalid character.
src/services/firebaseService.ts(1,14105): error TS1127: Invalid character.
src/services/firebaseService.ts(1,14106): error TS1127: Invalid character.
src/services/firebaseService.ts(1,14107): error TS1127: Invalid character.
src/services/firebaseService.ts(1,14108): error TS1127: Invalid character.
src/services/firebaseService.ts(1,14109): error TS1127: Invalid character.
src/services/firebaseService.ts(1,14110): error TS1127: Invalid character.
src/services/firebaseService.ts(1,14111): error TS1127: Invalid character.
src/services/firebaseService.ts(1,14112): error TS1127: Invalid character.
src/services/firebaseService.ts(1,14113): error TS1127: Invalid character.
src/services/firebaseService.ts(1,14114): error TS1127: Invalid character.
src/services/firebaseService.ts(1,14115): error TS1127: Invalid character.
src/services/firebaseService.ts(1,14116): error TS1127: Invalid character.
src/services/firebaseService.ts(1,14117): error TS1127: Invalid character.
src/services/firebaseService.ts(1,14118): error TS1127: Invalid character.
src/services/firebaseService.ts(1,14119): error TS1127: Invalid character.
src/services/firebaseService.ts(1,14120): error TS1127: Invalid character.
src/services/firebaseService.ts(1,14121): error TS1127: Invalid character.
src/services/firebaseService.ts(1,14122): error TS1127: Invalid character.
src/services/firebaseService.ts(1,14123): error TS1127: Invalid character.
src/services/firebaseService.ts(1,14124): error TS1127: Invalid character.
src/services/firebaseService.ts(1,14125): error TS1127: Invalid character.
src/services/firebaseService.ts(1,14126): error TS1127: Invalid character.
src/services/firebaseService.ts(1,14127): error TS1127: Invalid character.
src/services/firebaseService.ts(1,14128): error TS1127: Invalid character.
src/services/firebaseService.ts(1,14129): error TS1127: Invalid character.
src/services/firebaseService.ts(1,14130): error TS1127: Invalid character.
src/services/firebaseService.ts(1,14131): error TS1127: Invalid character.
src/services/firebaseService.ts(1,14132): error TS1127: Invalid character.
src/services/firebaseService.ts(1,14133): error TS1127: Invalid character.
src/services/firebaseService.ts(1,14134): error TS1127: Invalid character.
src/services/firebaseService.ts(1,14135): error TS1127: Invalid character.
src/services/firebaseService.ts(1,14136): error TS1127: Invalid character.
src/services/firebaseService.ts(1,14137): error TS1127: Invalid character.
src/services/firebaseService.ts(1,14138): error TS1127: Invalid character.
src/services/firebaseService.ts(1,14139): error TS1127: Invalid character.
src/services/firebaseService.ts(1,14140): error TS1127: Invalid character.
src/services/firebaseService.ts(1,14141): error TS1127: Invalid character.
src/services/firebaseService.ts(1,14142): error TS1127: Invalid character.
src/services/firebaseService.ts(1,14143): error TS1127: Invalid character.
src/services/firebaseService.ts(1,14144): error TS1127: Invalid character.
src/services/firebaseService.ts(1,14145): error TS1127: Invalid character.
src/services/firebaseService.ts(1,14146): error TS1127: Invalid character.
src/services/firebaseService.ts(1,14147): error TS1127: Invalid character.
src/services/firebaseService.ts(1,14148): error TS1127: Invalid character.
src/services/firebaseService.ts(1,14149): error TS1127: Invalid character.
src/services/firebaseService.ts(1,14150): error TS1127: Invalid character.
src/services/firebaseService.ts(1,14151): error TS1127: Invalid character.
src/services/firebaseService.ts(1,14152): error TS1127: Invalid character.
src/services/firebaseService.ts(1,14153): error TS1127: Invalid character.
src/services/firebaseService.ts(1,14154): error TS1127: Invalid character.
src/services/firebaseService.ts(1,14155): error TS1127: Invalid character.
src/services/firebaseService.ts(1,14156): error TS1127: Invalid character.
src/services/firebaseService.ts(1,14157): error TS1127: Invalid character.
src/services/firebaseService.ts(1,14158): error TS1127: Invalid character.
src/services/firebaseService.ts(1,14159): error TS1127: Invalid character.
src/services/firebaseService.ts(1,14160): error TS1127: Invalid character.
src/services/firebaseService.ts(1,14161): error TS1127: Invalid character.
src/services/firebaseService.ts(1,14162): error TS1127: Invalid character.
src/services/firebaseService.ts(1,14163): error TS1127: Invalid character.
src/services/firebaseService.ts(1,14164): error TS1127: Invalid character.
src/services/firebaseService.ts(1,14165): error TS1127: Invalid character.
src/services/firebaseService.ts(1,14166): error TS1127: Invalid character.
src/services/firebaseService.ts(1,14167): error TS1127: Invalid character.
src/services/firebaseService.ts(1,14168): error TS1127: Invalid character.
src/services/firebaseService.ts(1,14169): error TS1127: Invalid character.
src/services/firebaseService.ts(1,14170): error TS1127: Invalid character.
src/services/firebaseService.ts(1,14171): error TS1127: Invalid character.
src/services/firebaseService.ts(1,14172): error TS1127: Invalid character.
src/services/firebaseService.ts(1,14173): error TS1127: Invalid character.
src/services/firebaseService.ts(1,14174): error TS1127: Invalid character.
src/services/firebaseService.ts(1,14175): error TS1127: Invalid character.
src/services/firebaseService.ts(1,14176): error TS1127: Invalid character.
src/services/firebaseService.ts(1,14177): error TS1127: Invalid character.
src/services/firebaseService.ts(1,14178): error TS1127: Invalid character.
src/services/firebaseService.ts(1,14179): error TS1127: Invalid character.
src/services/firebaseService.ts(1,14180): error TS1127: Invalid character.
src/services/firebaseService.ts(1,14181): error TS1127: Invalid character.
src/services/firebaseService.ts(1,14182): error TS1127: Invalid character.
src/services/firebaseService.ts(1,14183): error TS1127: Invalid character.
src/services/firebaseService.ts(1,14184): error TS1127: Invalid character.
src/services/firebaseService.ts(1,14185): error TS1127: Invalid character.
src/services/firebaseService.ts(1,14186): error TS1127: Invalid character.
src/services/firebaseService.ts(1,14187): error TS1127: Invalid character.
src/services/firebaseService.ts(1,14188): error TS1127: Invalid character.
src/services/firebaseService.ts(1,14189): error TS1127: Invalid character.
src/services/firebaseService.ts(1,14190): error TS1127: Invalid character.
src/services/firebaseService.ts(1,14191): error TS1127: Invalid character.
src/services/firebaseService.ts(1,14192): error TS1127: Invalid character.
src/services/firebaseService.ts(1,14193): error TS1127: Invalid character.
src/services/firebaseService.ts(1,14194): error TS1127: Invalid character.
src/services/firebaseService.ts(1,14195): error TS1127: Invalid character.
src/services/firebaseService.ts(1,14196): error TS1127: Invalid character.
src/services/firebaseService.ts(1,14197): error TS1127: Invalid character.
src/services/firebaseService.ts(1,14198): error TS1127: Invalid character.
src/services/firebaseService.ts(1,14199): error TS1127: Invalid character.
src/services/firebaseService.ts(1,14200): error TS1127: Invalid character.
src/services/firebaseService.ts(1,14201): error TS1127: Invalid character.
src/services/firebaseService.ts(1,14202): error TS1127: Invalid character.
src/services/firebaseService.ts(1,14203): error TS1127: Invalid character.
src/services/firebaseService.ts(1,14204): error TS1127: Invalid character.
src/services/firebaseService.ts(1,14205): error TS1127: Invalid character.
src/services/firebaseService.ts(1,14206): error TS1127: Invalid character.
src/services/firebaseService.ts(1,14207): error TS1127: Invalid character.
src/services/firebaseService.ts(1,14208): error TS1127: Invalid character.
src/services/firebaseService.ts(1,14209): error TS1127: Invalid character.
src/services/firebaseService.ts(1,14210): error TS1127: Invalid character.
src/services/firebaseService.ts(1,14211): error TS1127: Invalid character.
src/services/firebaseService.ts(1,14212): error TS1127: Invalid character.
src/services/firebaseService.ts(1,14213): error TS1127: Invalid character.
src/services/firebaseService.ts(1,14214): error TS1127: Invalid character.
src/services/firebaseService.ts(1,14215): error TS1127: Invalid character.
src/services/firebaseService.ts(1,14216): error TS1127: Invalid character.
src/services/firebaseService.ts(1,14217): error TS1127: Invalid character.
src/services/firebaseService.ts(1,14218): error TS1127: Invalid character.
src/services/firebaseService.ts(1,14219): error TS1127: Invalid character.
src/services/firebaseService.ts(1,14220): error TS1127: Invalid character.
src/services/firebaseService.ts(1,14221): error TS1127: Invalid character.
src/services/firebaseService.ts(1,14222): error TS1127: Invalid character.
src/services/firebaseService.ts(1,14223): error TS1127: Invalid character.
src/services/firebaseService.ts(1,14224): error TS1127: Invalid character.
src/services/firebaseService.ts(1,14225): error TS1127: Invalid character.
src/services/firebaseService.ts(1,14226): error TS1127: Invalid character.
src/services/firebaseService.ts(1,14227): error TS1127: Invalid character.
src/services/firebaseService.ts(1,14228): error TS1127: Invalid character.
src/services/firebaseService.ts(1,14229): error TS1127: Invalid character.
src/services/firebaseService.ts(1,14230): error TS1127: Invalid character.
src/services/firebaseService.ts(1,14231): error TS1127: Invalid character.
src/services/firebaseService.ts(1,14232): error TS1127: Invalid character.
src/services/firebaseService.ts(1,14233): error TS1127: Invalid character.
src/services/firebaseService.ts(1,14234): error TS1127: Invalid character.
src/services/firebaseService.ts(1,14235): error TS1127: Invalid character.
src/services/firebaseService.ts(1,14236): error TS1127: Invalid character.
src/services/firebaseService.ts(1,14237): error TS1127: Invalid character.
src/services/firebaseService.ts(1,14238): error TS1127: Invalid character.
src/services/firebaseService.ts(1,14239): error TS1127: Invalid character.
src/services/firebaseService.ts(1,14240): error TS1127: Invalid character.
src/services/firebaseService.ts(1,14241): error TS1127: Invalid character.
src/services/firebaseService.ts(1,14242): error TS1127: Invalid character.
src/services/firebaseService.ts(1,14243): error TS1127: Invalid character.
src/services/firebaseService.ts(1,14244): error TS1127: Invalid character.
src/services/firebaseService.ts(1,14245): error TS1127: Invalid character.
src/services/firebaseService.ts(1,14246): error TS1127: Invalid character.
src/services/firebaseService.ts(1,14247): error TS1127: Invalid character.
src/services/firebaseService.ts(1,14248): error TS1127: Invalid character.
src/services/firebaseService.ts(1,14249): error TS1127: Invalid character.
src/services/firebaseService.ts(1,14250): error TS1127: Invalid character.
src/services/firebaseService.ts(1,14251): error TS1127: Invalid character.
src/services/firebaseService.ts(1,14252): error TS1127: Invalid character.
src/services/firebaseService.ts(1,14253): error TS1127: Invalid character.
src/services/firebaseService.ts(1,14254): error TS1127: Invalid character.
src/services/firebaseService.ts(1,14255): error TS1127: Invalid character.
src/services/firebaseService.ts(1,14256): error TS1127: Invalid character.
src/services/firebaseService.ts(1,14257): error TS1127: Invalid character.
src/services/firebaseService.ts(1,14258): error TS1127: Invalid character.
src/services/firebaseService.ts(1,14259): error TS1127: Invalid character.
src/services/firebaseService.ts(1,14260): error TS1127: Invalid character.
src/services/firebaseService.ts(1,14261): error TS1127: Invalid character.
src/services/firebaseService.ts(1,14262): error TS1127: Invalid character.
src/services/firebaseService.ts(1,14263): error TS1127: Invalid character.
src/services/firebaseService.ts(1,14264): error TS1127: Invalid character.
src/services/firebaseService.ts(1,14265): error TS1127: Invalid character.
src/services/firebaseService.ts(1,14266): error TS1127: Invalid character.
src/services/firebaseService.ts(1,14267): error TS1127: Invalid character.
src/services/firebaseService.ts(1,14268): error TS1127: Invalid character.
src/services/firebaseService.ts(1,14269): error TS1127: Invalid character.
src/services/firebaseService.ts(1,14270): error TS1127: Invalid character.
src/services/firebaseService.ts(1,14271): error TS1127: Invalid character.
src/services/firebaseService.ts(1,14272): error TS1127: Invalid character.
src/services/firebaseService.ts(1,14273): error TS1127: Invalid character.
src/services/firebaseService.ts(1,14274): error TS1127: Invalid character.
src/services/firebaseService.ts(1,14275): error TS1127: Invalid character.
src/services/firebaseService.ts(1,14276): error TS1127: Invalid character.
src/services/firebaseService.ts(1,14277): error TS1127: Invalid character.
src/services/firebaseService.ts(1,14278): error TS1127: Invalid character.
src/services/firebaseService.ts(1,14279): error TS1127: Invalid character.
src/services/firebaseService.ts(1,14280): error TS1127: Invalid character.
src/services/firebaseService.ts(1,14281): error TS1127: Invalid character.
src/services/firebaseService.ts(1,14282): error TS1127: Invalid character.
src/services/firebaseService.ts(1,14283): error TS1127: Invalid character.
src/services/firebaseService.ts(1,14284): error TS1127: Invalid character.
src/services/firebaseService.ts(1,14285): error TS1127: Invalid character.
src/services/firebaseService.ts(1,14286): error TS1127: Invalid character.
src/services/firebaseService.ts(1,14287): error TS1127: Invalid character.
src/services/firebaseService.ts(1,14288): error TS1127: Invalid character.
src/services/firebaseService.ts(1,14289): error TS1127: Invalid character.
src/services/firebaseService.ts(1,14290): error TS1127: Invalid character.
src/services/firebaseService.ts(1,14291): error TS1127: Invalid character.
src/services/firebaseService.ts(1,14292): error TS1127: Invalid character.
src/services/firebaseService.ts(1,14293): error TS1127: Invalid character.
src/services/firebaseService.ts(1,14294): error TS1127: Invalid character.
src/services/firebaseService.ts(1,14295): error TS1127: Invalid character.
src/services/firebaseService.ts(1,14296): error TS1127: Invalid character.
src/services/firebaseService.ts(1,14297): error TS1127: Invalid character.
src/services/firebaseService.ts(1,14298): error TS1127: Invalid character.
src/services/firebaseService.ts(1,14299): error TS1127: Invalid character.
src/services/firebaseService.ts(1,14300): error TS1127: Invalid character.
src/services/firebaseService.ts(1,14301): error TS1127: Invalid character.
src/services/firebaseService.ts(1,14302): error TS1127: Invalid character.
src/services/firebaseService.ts(1,14303): error TS1127: Invalid character.
src/services/firebaseService.ts(1,14304): error TS1127: Invalid character.
src/services/firebaseService.ts(1,14305): error TS1127: Invalid character.
src/services/firebaseService.ts(1,14306): error TS1127: Invalid character.
src/services/firebaseService.ts(1,14307): error TS1127: Invalid character.
src/services/firebaseService.ts(1,14308): error TS1127: Invalid character.
src/services/firebaseService.ts(1,14309): error TS1127: Invalid character.
src/services/firebaseService.ts(1,14310): error TS1127: Invalid character.
src/services/firebaseService.ts(1,14311): error TS1127: Invalid character.
src/services/firebaseService.ts(1,14312): error TS1127: Invalid character.
src/services/firebaseService.ts(1,14313): error TS1127: Invalid character.
src/services/firebaseService.ts(1,14314): error TS1127: Invalid character.
src/services/firebaseService.ts(1,14315): error TS1127: Invalid character.
src/services/firebaseService.ts(1,14316): error TS1127: Invalid character.
src/services/firebaseService.ts(1,14317): error TS1127: Invalid character.
src/services/firebaseService.ts(1,14318): error TS1127: Invalid character.
src/services/firebaseService.ts(1,14319): error TS1127: Invalid character.
src/services/firebaseService.ts(1,14320): error TS1127: Invalid character.
src/services/firebaseService.ts(1,14321): error TS1127: Invalid character.
src/services/firebaseService.ts(1,14322): error TS1127: Invalid character.
src/services/firebaseService.ts(1,14323): error TS1127: Invalid character.
src/services/firebaseService.ts(1,14324): error TS1127: Invalid character.
src/services/firebaseService.ts(1,14325): error TS1127: Invalid character.
src/services/firebaseService.ts(1,14326): error TS1127: Invalid character.
src/services/firebaseService.ts(1,14327): error TS1127: Invalid character.
src/services/firebaseService.ts(1,14328): error TS1127: Invalid character.
src/services/firebaseService.ts(1,14329): error TS1127: Invalid character.
src/services/firebaseService.ts(1,14330): error TS1127: Invalid character.
src/services/firebaseService.ts(1,14331): error TS1127: Invalid character.
src/services/firebaseService.ts(1,14332): error TS1127: Invalid character.
src/services/firebaseService.ts(1,14333): error TS1127: Invalid character.
src/services/firebaseService.ts(1,14334): error TS1127: Invalid character.
src/services/firebaseService.ts(1,14335): error TS1127: Invalid character.
src/services/firebaseService.ts(1,14336): error TS1127: Invalid character.
src/services/firebaseService.ts(1,14337): error TS1127: Invalid character.
src/services/firebaseService.ts(1,14338): error TS1127: Invalid character.
src/services/firebaseService.ts(1,14339): error TS1127: Invalid character.
src/services/firebaseService.ts(1,14340): error TS1127: Invalid character.
src/services/firebaseService.ts(1,14341): error TS1127: Invalid character.
src/services/firebaseService.ts(1,14342): error TS1127: Invalid character.
src/services/firebaseService.ts(1,14343): error TS1127: Invalid character.
src/services/firebaseService.ts(1,14344): error TS1127: Invalid character.
src/services/firebaseService.ts(1,14345): error TS1127: Invalid character.
src/services/firebaseService.ts(1,14346): error TS1127: Invalid character.
src/services/firebaseService.ts(1,14347): error TS1127: Invalid character.
src/services/firebaseService.ts(1,14348): error TS1127: Invalid character.
src/services/firebaseService.ts(1,14349): error TS1127: Invalid character.
src/services/firebaseService.ts(1,14350): error TS1127: Invalid character.
src/services/firebaseService.ts(1,14351): error TS1127: Invalid character.
src/services/firebaseService.ts(1,14352): error TS1127: Invalid character.
src/services/firebaseService.ts(1,14353): error TS1127: Invalid character.
src/services/firebaseService.ts(1,14354): error TS1127: Invalid character.
src/services/firebaseService.ts(1,14355): error TS1127: Invalid character.
src/services/firebaseService.ts(1,14356): error TS1127: Invalid character.
src/services/firebaseService.ts(1,14357): error TS1127: Invalid character.
src/services/firebaseService.ts(1,14358): error TS1127: Invalid character.
src/services/firebaseService.ts(1,14359): error TS1127: Invalid character.
src/services/firebaseService.ts(1,14360): error TS1127: Invalid character.
src/services/firebaseService.ts(1,14361): error TS1127: Invalid character.
src/services/firebaseService.ts(1,14362): error TS1127: Invalid character.
src/services/firebaseService.ts(1,14363): error TS1127: Invalid character.
src/services/firebaseService.ts(1,14364): error TS1127: Invalid character.
src/services/firebaseService.ts(1,14365): error TS1127: Invalid character.
src/services/firebaseService.ts(1,14366): error TS1127: Invalid character.
src/services/firebaseService.ts(1,14367): error TS1127: Invalid character.
src/services/firebaseService.ts(1,14368): error TS1127: Invalid character.
src/services/firebaseService.ts(1,14369): error TS1127: Invalid character.
src/services/firebaseService.ts(1,14370): error TS1127: Invalid character.
src/services/firebaseService.ts(1,14371): error TS1127: Invalid character.
src/services/firebaseService.ts(1,14372): error TS1127: Invalid character.
src/services/firebaseService.ts(1,14373): error TS1127: Invalid character.
src/services/firebaseService.ts(1,14374): error TS1127: Invalid character.
src/services/firebaseService.ts(1,14375): error TS1127: Invalid character.
src/services/firebaseService.ts(1,14376): error TS1127: Invalid character.
src/services/firebaseService.ts(1,14377): error TS1127: Invalid character.
src/services/firebaseService.ts(1,14378): error TS1127: Invalid character.
src/services/firebaseService.ts(1,14379): error TS1127: Invalid character.
src/services/firebaseService.ts(1,14380): error TS1127: Invalid character.
src/services/firebaseService.ts(1,14381): error TS1127: Invalid character.
src/services/firebaseService.ts(1,14382): error TS1127: Invalid character.
src/services/firebaseService.ts(1,14383): error TS1127: Invalid character.
src/services/firebaseService.ts(1,14384): error TS1127: Invalid character.
src/services/firebaseService.ts(1,14385): error TS1127: Invalid character.
src/services/firebaseService.ts(1,14386): error TS1127: Invalid character.
src/services/firebaseService.ts(1,14387): error TS1127: Invalid character.
src/services/firebaseService.ts(1,14388): error TS1127: Invalid character.
src/services/firebaseService.ts(1,14389): error TS1127: Invalid character.
src/services/firebaseService.ts(1,14390): error TS1127: Invalid character.
src/services/firebaseService.ts(1,14391): error TS1127: Invalid character.
src/services/firebaseService.ts(1,14392): error TS1127: Invalid character.
src/services/firebaseService.ts(1,14393): error TS1127: Invalid character.
src/services/firebaseService.ts(1,14394): error TS1127: Invalid character.
src/services/firebaseService.ts(1,14395): error TS1127: Invalid character.
src/services/firebaseService.ts(1,14396): error TS1127: Invalid character.
src/services/firebaseService.ts(1,14397): error TS1127: Invalid character.
src/services/firebaseService.ts(1,14398): error TS1127: Invalid character.
src/services/firebaseService.ts(1,14399): error TS1127: Invalid character.
src/services/firebaseService.ts(1,14400): error TS1127: Invalid character.
src/services/firebaseService.ts(1,14401): error TS1127: Invalid character.
src/services/firebaseService.ts(1,14402): error TS1127: Invalid character.
src/services/firebaseService.ts(1,14403): error TS1127: Invalid character.
src/services/firebaseService.ts(1,14404): error TS1127: Invalid character.
src/services/firebaseService.ts(1,14405): error TS1127: Invalid character.
src/services/firebaseService.ts(1,14406): error TS1127: Invalid character.
src/services/firebaseService.ts(1,14407): error TS1127: Invalid character.
src/services/firebaseService.ts(1,14408): error TS1127: Invalid character.
src/services/firebaseService.ts(1,14409): error TS1127: Invalid character.
src/services/firebaseService.ts(1,14410): error TS1127: Invalid character.
src/services/firebaseService.ts(1,14411): error TS1127: Invalid character.
src/services/firebaseService.ts(1,14412): error TS1127: Invalid character.
src/services/firebaseService.ts(1,14413): error TS1127: Invalid character.
src/services/firebaseService.ts(1,14414): error TS1127: Invalid character.
src/services/firebaseService.ts(1,14415): error TS1127: Invalid character.
src/services/firebaseService.ts(1,14416): error TS1127: Invalid character.
src/services/firebaseService.ts(1,14417): error TS1127: Invalid character.
src/services/firebaseService.ts(1,14418): error TS1127: Invalid character.
src/services/firebaseService.ts(1,14419): error TS1127: Invalid character.
src/services/firebaseService.ts(1,14420): error TS1127: Invalid character.
src/services/firebaseService.ts(1,14421): error TS1127: Invalid character.
src/services/firebaseService.ts(1,14422): error TS1127: Invalid character.
src/services/firebaseService.ts(1,14423): error TS1127: Invalid character.
src/services/firebaseService.ts(1,14424): error TS1127: Invalid character.
src/services/firebaseService.ts(1,14425): error TS1127: Invalid character.
src/services/firebaseService.ts(1,14426): error TS1127: Invalid character.
src/services/firebaseService.ts(1,14427): error TS1127: Invalid character.
src/services/firebaseService.ts(1,14428): error TS1127: Invalid character.
src/services/firebaseService.ts(1,14429): error TS1127: Invalid character.
src/services/firebaseService.ts(1,14430): error TS1127: Invalid character.
src/services/firebaseService.ts(1,14431): error TS1127: Invalid character.
src/services/firebaseService.ts(1,14432): error TS1127: Invalid character.
src/services/firebaseService.ts(1,14433): error TS1127: Invalid character.
src/services/firebaseService.ts(1,14434): error TS1127: Invalid character.
src/services/firebaseService.ts(1,14435): error TS1127: Invalid character.
src/services/firebaseService.ts(1,14436): error TS1127: Invalid character.
src/services/firebaseService.ts(1,14437): error TS1127: Invalid character.
src/services/firebaseService.ts(1,14438): error TS1127: Invalid character.
src/services/firebaseService.ts(1,14439): error TS1127: Invalid character.
src/services/firebaseService.ts(1,14440): error TS1127: Invalid character.
src/services/firebaseService.ts(1,14441): error TS1127: Invalid character.
src/services/firebaseService.ts(1,14442): error TS1127: Invalid character.
src/services/firebaseService.ts(1,14443): error TS1127: Invalid character.
src/services/firebaseService.ts(1,14444): error TS1127: Invalid character.
src/services/firebaseService.ts(1,14445): error TS1127: Invalid character.
src/services/firebaseService.ts(1,14446): error TS1127: Invalid character.
src/services/firebaseService.ts(1,14447): error TS1127: Invalid character.
src/services/firebaseService.ts(1,14448): error TS1127: Invalid character.
src/services/firebaseService.ts(1,14449): error TS1127: Invalid character.
src/services/firebaseService.ts(1,14450): error TS1127: Invalid character.
src/services/firebaseService.ts(1,14451): error TS1127: Invalid character.
src/services/firebaseService.ts(1,14452): error TS1127: Invalid character.
src/services/firebaseService.ts(1,14453): error TS1127: Invalid character.
src/services/firebaseService.ts(1,14454): error TS1127: Invalid character.
src/services/firebaseService.ts(1,14455): error TS1127: Invalid character.
src/services/firebaseService.ts(1,14456): error TS1127: Invalid character.
src/services/firebaseService.ts(1,14457): error TS1127: Invalid character.
src/services/firebaseService.ts(1,14458): error TS1127: Invalid character.
src/services/firebaseService.ts(1,14459): error TS1127: Invalid character.
src/services/firebaseService.ts(1,14460): error TS1127: Invalid character.
src/services/firebaseService.ts(1,14461): error TS1127: Invalid character.
src/services/firebaseService.ts(1,14462): error TS1127: Invalid character.
src/services/firebaseService.ts(1,14463): error TS1127: Invalid character.
src/services/firebaseService.ts(1,14464): error TS1127: Invalid character.
src/services/firebaseService.ts(1,14465): error TS1127: Invalid character.
src/services/firebaseService.ts(1,14466): error TS1127: Invalid character.
src/services/firebaseService.ts(1,14467): error TS1127: Invalid character.
src/services/firebaseService.ts(1,14468): error TS1127: Invalid character.
src/services/firebaseService.ts(1,14469): error TS1127: Invalid character.
src/services/firebaseService.ts(1,14470): error TS1127: Invalid character.
src/services/firebaseService.ts(1,14471): error TS1127: Invalid character.
src/services/firebaseService.ts(1,14472): error TS1127: Invalid character.
src/services/firebaseService.ts(1,14473): error TS1127: Invalid character.
src/services/firebaseService.ts(1,14474): error TS1127: Invalid character.
src/services/firebaseService.ts(1,14475): error TS1127: Invalid character.
src/services/firebaseService.ts(1,14476): error TS1127: Invalid character.
src/services/firebaseService.ts(1,14477): error TS1127: Invalid character.
src/services/firebaseService.ts(1,14478): error TS1127: Invalid character.
src/services/firebaseService.ts(1,14479): error TS1127: Invalid character.
src/services/firebaseService.ts(1,14480): error TS1127: Invalid character.
src/services/firebaseService.ts(1,14481): error TS1127: Invalid character.
src/services/firebaseService.ts(1,14482): error TS1127: Invalid character.
src/services/firebaseService.ts(1,14483): error TS1127: Invalid character.
src/services/firebaseService.ts(1,14484): error TS1127: Invalid character.
src/services/firebaseService.ts(1,14485): error TS1127: Invalid character.
src/services/firebaseService.ts(1,14486): error TS1127: Invalid character.
src/services/firebaseService.ts(1,14487): error TS1127: Invalid character.
src/services/firebaseService.ts(1,14488): error TS1127: Invalid character.
src/services/firebaseService.ts(1,14489): error TS1127: Invalid character.
src/services/firebaseService.ts(1,14490): error TS1127: Invalid character.
src/services/firebaseService.ts(1,14491): error TS1127: Invalid character.
src/services/firebaseService.ts(1,14492): error TS1127: Invalid character.
src/services/firebaseService.ts(1,14493): error TS1127: Invalid character.
src/services/firebaseService.ts(1,14494): error TS1127: Invalid character.
src/services/firebaseService.ts(1,14495): error TS1127: Invalid character.
src/services/firebaseService.ts(1,14496): error TS1127: Invalid character.
src/services/firebaseService.ts(1,14497): error TS1127: Invalid character.
src/services/firebaseService.ts(1,14498): error TS1127: Invalid character.
src/services/firebaseService.ts(1,14499): error TS1127: Invalid character.
src/services/firebaseService.ts(1,14500): error TS1127: Invalid character.
src/services/firebaseService.ts(1,14501): error TS1127: Invalid character.
src/services/firebaseService.ts(1,14502): error TS1127: Invalid character.
src/services/firebaseService.ts(1,14503): error TS1127: Invalid character.
src/services/firebaseService.ts(1,14504): error TS1127: Invalid character.
src/services/firebaseService.ts(1,14505): error TS1127: Invalid character.
src/services/firebaseService.ts(1,14506): error TS1127: Invalid character.
src/services/firebaseService.ts(1,14507): error TS1127: Invalid character.
src/services/firebaseService.ts(1,14508): error TS1127: Invalid character.
src/services/firebaseService.ts(1,14509): error TS1127: Invalid character.
src/services/firebaseService.ts(1,14510): error TS1127: Invalid character.
src/services/firebaseService.ts(1,14511): error TS1127: Invalid character.
src/services/firebaseService.ts(1,14512): error TS1127: Invalid character.
src/services/firebaseService.ts(1,14513): error TS1127: Invalid character.
src/services/firebaseService.ts(1,14514): error TS1127: Invalid character.
src/services/firebaseService.ts(1,14515): error TS1127: Invalid character.
src/services/firebaseService.ts(1,14516): error TS1127: Invalid character.
src/services/firebaseService.ts(1,14517): error TS1127: Invalid character.
src/services/firebaseService.ts(1,14518): error TS1127: Invalid character.
src/services/firebaseService.ts(1,14519): error TS1127: Invalid character.
src/services/firebaseService.ts(1,14520): error TS1127: Invalid character.
src/services/firebaseService.ts(1,14521): error TS1127: Invalid character.
src/services/firebaseService.ts(1,14522): error TS1127: Invalid character.
src/services/firebaseService.ts(1,14523): error TS1127: Invalid character.
src/services/firebaseService.ts(1,14524): error TS1127: Invalid character.
src/services/firebaseService.ts(1,14525): error TS1127: Invalid character.
src/services/firebaseService.ts(1,14526): error TS1127: Invalid character.
src/services/firebaseService.ts(1,14527): error TS1127: Invalid character.
src/services/firebaseService.ts(1,14528): error TS1127: Invalid character.
src/services/firebaseService.ts(1,14529): error TS1127: Invalid character.
src/services/firebaseService.ts(1,14530): error TS1127: Invalid character.
src/services/firebaseService.ts(1,14531): error TS1127: Invalid character.
src/services/firebaseService.ts(1,14532): error TS1127: Invalid character.
src/services/firebaseService.ts(1,14533): error TS1127: Invalid character.
src/services/firebaseService.ts(1,14534): error TS1127: Invalid character.
src/services/firebaseService.ts(1,14535): error TS1127: Invalid character.
src/services/firebaseService.ts(1,14536): error TS1127: Invalid character.
src/services/firebaseService.ts(1,14537): error TS1127: Invalid character.
src/services/firebaseService.ts(1,14538): error TS1127: Invalid character.
src/services/firebaseService.ts(1,14539): error TS1127: Invalid character.
src/services/firebaseService.ts(1,14540): error TS1127: Invalid character.
src/services/firebaseService.ts(1,14541): error TS1127: Invalid character.
src/services/firebaseService.ts(1,14542): error TS1127: Invalid character.
src/services/firebaseService.ts(1,14543): error TS1127: Invalid character.
src/services/firebaseService.ts(1,14544): error TS1127: Invalid character.
src/services/firebaseService.ts(1,14545): error TS1127: Invalid character.
src/services/firebaseService.ts(1,14546): error TS1127: Invalid character.
src/services/firebaseService.ts(1,14547): error TS1127: Invalid character.
src/services/firebaseService.ts(1,14548): error TS1127: Invalid character.
src/services/firebaseService.ts(1,14549): error TS1127: Invalid character.
src/services/firebaseService.ts(1,14550): error TS1127: Invalid character.
src/services/firebaseService.ts(1,14551): error TS1127: Invalid character.
src/services/firebaseService.ts(1,14552): error TS1127: Invalid character.
src/services/firebaseService.ts(1,14553): error TS1127: Invalid character.
src/services/firebaseService.ts(1,14554): error TS1127: Invalid character.
src/services/firebaseService.ts(1,14555): error TS1127: Invalid character.
src/services/firebaseService.ts(1,14556): error TS1127: Invalid character.
src/services/firebaseService.ts(1,14557): error TS1127: Invalid character.
src/services/firebaseService.ts(1,14558): error TS1127: Invalid character.
src/services/firebaseService.ts(1,14559): error TS1127: Invalid character.
src/services/firebaseService.ts(1,14560): error TS1127: Invalid character.
src/services/firebaseService.ts(1,14561): error TS1127: Invalid character.
src/services/firebaseService.ts(1,14562): error TS1127: Invalid character.
src/services/firebaseService.ts(1,14563): error TS1127: Invalid character.
src/services/firebaseService.ts(1,14564): error TS1127: Invalid character.
src/services/firebaseService.ts(1,14565): error TS1127: Invalid character.
src/services/firebaseService.ts(1,14566): error TS1127: Invalid character.
src/services/firebaseService.ts(1,14567): error TS1127: Invalid character.
src/services/firebaseService.ts(1,14568): error TS1127: Invalid character.
src/services/firebaseService.ts(1,14569): error TS1127: Invalid character.
src/services/firebaseService.ts(1,14570): error TS1127: Invalid character.
src/services/firebaseService.ts(1,14571): error TS1127: Invalid character.
src/services/firebaseService.ts(1,14572): error TS1127: Invalid character.
src/services/firebaseService.ts(1,14573): error TS1127: Invalid character.
src/services/firebaseService.ts(1,14574): error TS1127: Invalid character.
src/services/firebaseService.ts(1,14575): error TS1127: Invalid character.
src/services/firebaseService.ts(1,14576): error TS1127: Invalid character.
src/services/firebaseService.ts(1,14577): error TS1127: Invalid character.
src/services/firebaseService.ts(1,14578): error TS1127: Invalid character.
src/services/firebaseService.ts(1,14579): error TS1127: Invalid character.
src/services/firebaseService.ts(1,14580): error TS1127: Invalid character.
src/services/firebaseService.ts(1,14581): error TS1127: Invalid character.
src/services/firebaseService.ts(1,14582): error TS1127: Invalid character.
src/services/firebaseService.ts(1,14583): error TS1127: Invalid character.
src/services/firebaseService.ts(1,14584): error TS1127: Invalid character.
src/services/firebaseService.ts(1,14585): error TS1127: Invalid character.
src/services/firebaseService.ts(1,14586): error TS1127: Invalid character.
src/services/firebaseService.ts(1,14587): error TS1127: Invalid character.
src/services/firebaseService.ts(1,14588): error TS1127: Invalid character.
src/services/firebaseService.ts(1,14589): error TS1127: Invalid character.
src/services/firebaseService.ts(1,14590): error TS1127: Invalid character.
src/services/firebaseService.ts(1,14591): error TS1127: Invalid character.
src/services/firebaseService.ts(1,14592): error TS1127: Invalid character.
src/services/firebaseService.ts(1,14593): error TS1127: Invalid character.
src/services/firebaseService.ts(1,14594): error TS1127: Invalid character.
src/services/firebaseService.ts(1,14595): error TS1127: Invalid character.
src/services/firebaseService.ts(1,14596): error TS1127: Invalid character.
src/services/firebaseService.ts(1,14597): error TS1127: Invalid character.
src/services/firebaseService.ts(1,14598): error TS1127: Invalid character.
src/services/firebaseService.ts(1,14599): error TS1127: Invalid character.
src/services/firebaseService.ts(1,14600): error TS1127: Invalid character.
src/services/firebaseService.ts(1,14601): error TS1127: Invalid character.
src/services/firebaseService.ts(1,14602): error TS1127: Invalid character.
src/services/firebaseService.ts(1,14603): error TS1127: Invalid character.
src/services/firebaseService.ts(1,14604): error TS1127: Invalid character.
src/services/firebaseService.ts(1,14605): error TS1127: Invalid character.
src/services/firebaseService.ts(1,14606): error TS1127: Invalid character.
src/services/firebaseService.ts(1,14607): error TS1127: Invalid character.
src/services/firebaseService.ts(1,14608): error TS1127: Invalid character.
src/services/firebaseService.ts(1,14609): error TS1127: Invalid character.
src/services/firebaseService.ts(1,14610): error TS1127: Invalid character.
src/services/firebaseService.ts(1,14611): error TS1127: Invalid character.
src/services/firebaseService.ts(1,14612): error TS1127: Invalid character.
src/services/firebaseService.ts(1,14613): error TS1127: Invalid character.
src/services/firebaseService.ts(1,14614): error TS1127: Invalid character.
src/services/firebaseService.ts(1,14615): error TS1127: Invalid character.
src/services/firebaseService.ts(1,14616): error TS1127: Invalid character.
src/services/firebaseService.ts(1,14617): error TS1127: Invalid character.
src/services/firebaseService.ts(1,14618): error TS1127: Invalid character.
src/services/firebaseService.ts(1,14619): error TS1127: Invalid character.
src/services/firebaseService.ts(1,14620): error TS1127: Invalid character.
src/services/firebaseService.ts(1,14621): error TS1127: Invalid character.
src/services/firebaseService.ts(1,14622): error TS1127: Invalid character.
src/services/firebaseService.ts(1,14623): error TS1127: Invalid character.
src/services/firebaseService.ts(1,14624): error TS1127: Invalid character.
src/services/firebaseService.ts(1,14625): error TS1127: Invalid character.
src/services/firebaseService.ts(1,14626): error TS1127: Invalid character.
src/services/firebaseService.ts(1,14627): error TS1127: Invalid character.
src/services/firebaseService.ts(1,14628): error TS1127: Invalid character.
src/services/firebaseService.ts(1,14629): error TS1127: Invalid character.
src/services/firebaseService.ts(1,14630): error TS1127: Invalid character.
src/services/firebaseService.ts(1,14631): error TS1127: Invalid character.
src/services/firebaseService.ts(1,14632): error TS1127: Invalid character.
src/services/firebaseService.ts(1,14633): error TS1127: Invalid character.
src/services/firebaseService.ts(1,14634): error TS1127: Invalid character.
src/services/firebaseService.ts(1,14635): error TS1127: Invalid character.
src/services/firebaseService.ts(1,14636): error TS1127: Invalid character.
src/services/firebaseService.ts(1,14637): error TS1127: Invalid character.
src/services/firebaseService.ts(1,14638): error TS1127: Invalid character.
src/services/firebaseService.ts(1,14639): error TS1127: Invalid character.
src/services/firebaseService.ts(1,14640): error TS1127: Invalid character.
src/services/firebaseService.ts(1,14641): error TS1127: Invalid character.
src/services/firebaseService.ts(1,14642): error TS1127: Invalid character.
src/services/firebaseService.ts(1,14643): error TS1127: Invalid character.
src/services/firebaseService.ts(1,14644): error TS1127: Invalid character.
src/services/firebaseService.ts(1,14645): error TS1127: Invalid character.
src/services/firebaseService.ts(1,14646): error TS1127: Invalid character.
src/services/firebaseService.ts(1,14647): error TS1127: Invalid character.
src/services/firebaseService.ts(1,14648): error TS1127: Invalid character.
src/services/firebaseService.ts(1,14649): error TS1127: Invalid character.
src/services/firebaseService.ts(1,14650): error TS1127: Invalid character.
src/services/firebaseService.ts(1,14651): error TS1127: Invalid character.
src/services/firebaseService.ts(1,14652): error TS1127: Invalid character.
src/services/firebaseService.ts(1,14653): error TS1127: Invalid character.
src/services/firebaseService.ts(1,14654): error TS1127: Invalid character.
src/services/firebaseService.ts(1,14655): error TS1127: Invalid character.
src/services/firebaseService.ts(1,14656): error TS1127: Invalid character.
src/services/firebaseService.ts(1,14657): error TS1127: Invalid character.
src/services/firebaseService.ts(1,14658): error TS1127: Invalid character.
src/services/firebaseService.ts(1,14659): error TS1127: Invalid character.
src/services/firebaseService.ts(1,14660): error TS1127: Invalid character.
src/services/firebaseService.ts(1,14661): error TS1127: Invalid character.
src/services/firebaseService.ts(1,14662): error TS1127: Invalid character.
src/services/firebaseService.ts(1,14663): error TS1127: Invalid character.
src/services/firebaseService.ts(1,14664): error TS1127: Invalid character.
src/services/firebaseService.ts(1,14665): error TS1127: Invalid character.
src/services/firebaseService.ts(1,14666): error TS1127: Invalid character.
src/services/firebaseService.ts(1,14667): error TS1127: Invalid character.
src/services/firebaseService.ts(1,14668): error TS1127: Invalid character.
src/services/firebaseService.ts(1,14669): error TS1127: Invalid character.
src/services/firebaseService.ts(1,14670): error TS1127: Invalid character.
src/services/firebaseService.ts(1,14671): error TS1127: Invalid character.
src/services/firebaseService.ts(1,14672): error TS1127: Invalid character.
src/services/firebaseService.ts(1,14673): error TS1127: Invalid character.
src/services/firebaseService.ts(1,14674): error TS1127: Invalid character.
src/services/firebaseService.ts(1,14675): error TS1127: Invalid character.
src/services/firebaseService.ts(1,14676): error TS1127: Invalid character.
src/services/firebaseService.ts(1,14677): error TS1127: Invalid character.
src/services/firebaseService.ts(1,14678): error TS1127: Invalid character.
src/services/firebaseService.ts(1,14679): error TS1127: Invalid character.
src/services/firebaseService.ts(1,14680): error TS1127: Invalid character.
src/services/firebaseService.ts(1,14681): error TS1127: Invalid character.
src/services/firebaseService.ts(1,14682): error TS1127: Invalid character.
src/services/firebaseService.ts(1,14683): error TS1127: Invalid character.
src/services/firebaseService.ts(1,14684): error TS1127: Invalid character.
src/services/firebaseService.ts(1,14685): error TS1127: Invalid character.
src/services/firebaseService.ts(1,14686): error TS1127: Invalid character.
src/services/firebaseService.ts(1,14687): error TS1127: Invalid character.
src/services/firebaseService.ts(1,14688): error TS1127: Invalid character.
src/services/firebaseService.ts(1,14689): error TS1127: Invalid character.
src/services/firebaseService.ts(1,14690): error TS1127: Invalid character.
src/services/firebaseService.ts(1,14691): error TS1127: Invalid character.
src/services/firebaseService.ts(1,14692): error TS1127: Invalid character.
src/services/firebaseService.ts(1,14693): error TS1127: Invalid character.
src/services/firebaseService.ts(1,14694): error TS1127: Invalid character.
src/services/firebaseService.ts(1,14695): error TS1127: Invalid character.
src/services/firebaseService.ts(1,14696): error TS1127: Invalid character.
src/services/firebaseService.ts(1,14697): error TS1127: Invalid character.
src/services/firebaseService.ts(1,14698): error TS1127: Invalid character.
src/services/firebaseService.ts(1,14699): error TS1127: Invalid character.
src/services/firebaseService.ts(1,14700): error TS1127: Invalid character.
src/services/firebaseService.ts(1,14701): error TS1127: Invalid character.
src/services/firebaseService.ts(1,14702): error TS1127: Invalid character.
src/services/firebaseService.ts(1,14703): error TS1127: Invalid character.
src/services/firebaseService.ts(1,14704): error TS1127: Invalid character.
src/services/firebaseService.ts(1,14705): error TS1127: Invalid character.
src/services/firebaseService.ts(1,14706): error TS1127: Invalid character.
src/services/firebaseService.ts(1,14707): error TS1127: Invalid character.
src/services/firebaseService.ts(1,14708): error TS1127: Invalid character.
src/services/firebaseService.ts(1,14709): error TS1127: Invalid character.
src/services/firebaseService.ts(1,14710): error TS1127: Invalid character.
src/services/firebaseService.ts(1,14711): error TS1127: Invalid character.
src/services/firebaseService.ts(1,14712): error TS1127: Invalid character.
src/services/firebaseService.ts(1,14713): error TS1127: Invalid character.
src/services/firebaseService.ts(1,14714): error TS1127: Invalid character.
src/services/firebaseService.ts(1,14715): error TS1127: Invalid character.
src/services/firebaseService.ts(1,14716): error TS1127: Invalid character.
src/services/firebaseService.ts(1,14717): error TS1127: Invalid character.
src/services/firebaseService.ts(1,14718): error TS1127: Invalid character.
src/services/firebaseService.ts(1,14719): error TS1127: Invalid character.
src/services/firebaseService.ts(1,14720): error TS1127: Invalid character.
src/services/firebaseService.ts(1,14721): error TS1127: Invalid character.
src/services/firebaseService.ts(1,14722): error TS1127: Invalid character.
src/services/firebaseService.ts(1,14723): error TS1127: Invalid character.
src/services/firebaseService.ts(1,14724): error TS1127: Invalid character.
src/services/firebaseService.ts(1,14725): error TS1127: Invalid character.
src/services/firebaseService.ts(1,14726): error TS1127: Invalid character.
src/services/firebaseService.ts(1,14727): error TS1127: Invalid character.
src/services/firebaseService.ts(1,14728): error TS1127: Invalid character.
src/services/firebaseService.ts(1,14729): error TS1127: Invalid character.
src/services/firebaseService.ts(1,14730): error TS1127: Invalid character.
src/services/firebaseService.ts(1,14731): error TS1127: Invalid character.
src/services/firebaseService.ts(1,14732): error TS1127: Invalid character.
src/services/firebaseService.ts(1,14733): error TS1127: Invalid character.
src/services/firebaseService.ts(1,14734): error TS1127: Invalid character.
src/services/firebaseService.ts(1,14735): error TS1127: Invalid character.
src/services/firebaseService.ts(1,14736): error TS1127: Invalid character.
src/services/firebaseService.ts(1,14737): error TS1127: Invalid character.
src/services/firebaseService.ts(1,14738): error TS1127: Invalid character.
src/services/firebaseService.ts(1,14739): error TS1127: Invalid character.
src/services/firebaseService.ts(1,14740): error TS1127: Invalid character.
src/services/firebaseService.ts(1,14741): error TS1127: Invalid character.
src/services/firebaseService.ts(1,14742): error TS1127: Invalid character.
src/services/firebaseService.ts(1,14743): error TS1127: Invalid character.
src/services/firebaseService.ts(1,14744): error TS1127: Invalid character.
src/services/firebaseService.ts(1,14745): error TS1127: Invalid character.
src/services/firebaseService.ts(1,14746): error TS1127: Invalid character.
src/services/firebaseService.ts(1,14747): error TS1127: Invalid character.
src/services/firebaseService.ts(1,14748): error TS1127: Invalid character.
src/services/firebaseService.ts(1,14749): error TS1127: Invalid character.
src/services/firebaseService.ts(1,14750): error TS1127: Invalid character.
src/services/firebaseService.ts(1,14751): error TS1127: Invalid character.
src/services/firebaseService.ts(1,14752): error TS1127: Invalid character.
src/services/firebaseService.ts(1,14753): error TS1127: Invalid character.
src/services/firebaseService.ts(1,14754): error TS1127: Invalid character.
src/services/firebaseService.ts(1,14755): error TS1127: Invalid character.
src/services/firebaseService.ts(1,14756): error TS1127: Invalid character.
src/services/firebaseService.ts(1,14757): error TS1127: Invalid character.
src/services/firebaseService.ts(1,14758): error TS1127: Invalid character.
src/services/firebaseService.ts(1,14759): error TS1127: Invalid character.
src/services/firebaseService.ts(1,14760): error TS1127: Invalid character.
src/services/firebaseService.ts(1,14761): error TS1127: Invalid character.
src/services/firebaseService.ts(1,14762): error TS1127: Invalid character.
src/services/firebaseService.ts(1,14763): error TS1127: Invalid character.
src/services/firebaseService.ts(1,14764): error TS1127: Invalid character.
src/services/firebaseService.ts(1,14765): error TS1127: Invalid character.
src/services/firebaseService.ts(1,14766): error TS1127: Invalid character.
src/services/firebaseService.ts(1,14767): error TS1127: Invalid character.
src/services/firebaseService.ts(1,14768): error TS1127: Invalid character.
src/services/firebaseService.ts(1,14769): error TS1127: Invalid character.
src/services/firebaseService.ts(1,14770): error TS1127: Invalid character.
src/services/firebaseService.ts(1,14771): error TS1127: Invalid character.
src/services/firebaseService.ts(1,14772): error TS1127: Invalid character.
src/services/firebaseService.ts(1,14773): error TS1127: Invalid character.
src/services/firebaseService.ts(1,14774): error TS1127: Invalid character.
src/services/firebaseService.ts(1,14775): error TS1127: Invalid character.
src/services/firebaseService.ts(1,14776): error TS1127: Invalid character.
src/services/firebaseService.ts(1,14777): error TS1127: Invalid character.
src/services/firebaseService.ts(1,14778): error TS1127: Invalid character.
src/services/firebaseService.ts(1,14779): error TS1127: Invalid character.
src/services/firebaseService.ts(1,14780): error TS1127: Invalid character.
src/services/firebaseService.ts(1,14781): error TS1127: Invalid character.
src/services/firebaseService.ts(1,14782): error TS1127: Invalid character.
src/services/firebaseService.ts(1,14783): error TS1127: Invalid character.
src/services/firebaseService.ts(1,14784): error TS1127: Invalid character.
src/services/firebaseService.ts(1,14785): error TS1127: Invalid character.
src/services/firebaseService.ts(1,14786): error TS1127: Invalid character.
src/services/firebaseService.ts(1,14787): error TS1127: Invalid character.
src/services/firebaseService.ts(1,14788): error TS1127: Invalid character.
src/services/firebaseService.ts(1,14789): error TS1127: Invalid character.
src/services/firebaseService.ts(1,14790): error TS1127: Invalid character.
src/services/firebaseService.ts(1,14791): error TS1127: Invalid character.
src/services/firebaseService.ts(1,14792): error TS1127: Invalid character.
src/services/firebaseService.ts(1,14793): error TS1127: Invalid character.
src/services/firebaseService.ts(1,14794): error TS1127: Invalid character.
src/services/firebaseService.ts(1,14795): error TS1127: Invalid character.
src/services/firebaseService.ts(1,14796): error TS1127: Invalid character.
src/services/firebaseService.ts(1,14797): error TS1127: Invalid character.
src/services/firebaseService.ts(1,14798): error TS1127: Invalid character.
src/services/firebaseService.ts(1,14799): error TS1127: Invalid character.
src/services/firebaseService.ts(1,14800): error TS1127: Invalid character.
src/services/firebaseService.ts(1,14801): error TS1127: Invalid character.
src/services/firebaseService.ts(1,14802): error TS1127: Invalid character.
src/services/firebaseService.ts(1,14803): error TS1127: Invalid character.
src/services/firebaseService.ts(1,14804): error TS1127: Invalid character.
src/services/firebaseService.ts(1,14805): error TS1127: Invalid character.
src/services/firebaseService.ts(1,14806): error TS1127: Invalid character.
src/services/firebaseService.ts(1,14807): error TS1127: Invalid character.
src/services/firebaseService.ts(1,14808): error TS1127: Invalid character.
src/services/firebaseService.ts(1,14809): error TS1127: Invalid character.
src/services/firebaseService.ts(1,14810): error TS1127: Invalid character.
src/services/firebaseService.ts(1,14811): error TS1127: Invalid character.
src/services/firebaseService.ts(1,14812): error TS1127: Invalid character.
src/services/firebaseService.ts(1,14813): error TS1127: Invalid character.
src/services/firebaseService.ts(1,14814): error TS1127: Invalid character.
src/services/firebaseService.ts(1,14815): error TS1127: Invalid character.
src/services/firebaseService.ts(1,14816): error TS1127: Invalid character.
src/services/firebaseService.ts(1,14817): error TS1127: Invalid character.
src/services/firebaseService.ts(1,14818): error TS1127: Invalid character.
src/services/firebaseService.ts(1,14819): error TS1127: Invalid character.
src/services/firebaseService.ts(1,14820): error TS1127: Invalid character.
src/services/firebaseService.ts(1,14821): error TS1127: Invalid character.
src/services/firebaseService.ts(1,14822): error TS1127: Invalid character.
src/services/firebaseService.ts(1,14823): error TS1127: Invalid character.
src/services/firebaseService.ts(1,14824): error TS1127: Invalid character.
src/services/firebaseService.ts(1,14825): error TS1127: Invalid character.
src/services/firebaseService.ts(1,14826): error TS1127: Invalid character.
src/services/firebaseService.ts(1,14827): error TS1127: Invalid character.
src/services/firebaseService.ts(1,14828): error TS1127: Invalid character.
src/services/firebaseService.ts(1,14829): error TS1127: Invalid character.
src/services/firebaseService.ts(1,14830): error TS1127: Invalid character.
src/services/firebaseService.ts(1,14831): error TS1127: Invalid character.
src/services/firebaseService.ts(1,14832): error TS1127: Invalid character.
src/services/firebaseService.ts(1,14833): error TS1127: Invalid character.
src/services/firebaseService.ts(1,14834): error TS1127: Invalid character.
src/services/firebaseService.ts(1,14835): error TS1127: Invalid character.
src/services/firebaseService.ts(1,14836): error TS1127: Invalid character.
src/services/firebaseService.ts(1,14837): error TS1127: Invalid character.
src/services/firebaseService.ts(1,14838): error TS1127: Invalid character.
src/services/firebaseService.ts(1,14839): error TS1127: Invalid character.
src/services/firebaseService.ts(1,14840): error TS1127: Invalid character.
src/services/firebaseService.ts(1,14841): error TS1127: Invalid character.
src/services/firebaseService.ts(1,14842): error TS1127: Invalid character.
src/services/firebaseService.ts(1,14843): error TS1127: Invalid character.
src/services/firebaseService.ts(1,14844): error TS1127: Invalid character.
src/services/firebaseService.ts(1,14845): error TS1127: Invalid character.
src/services/firebaseService.ts(1,14846): error TS1127: Invalid character.
src/services/firebaseService.ts(1,14847): error TS1127: Invalid character.
src/services/firebaseService.ts(1,14848): error TS1127: Invalid character.
src/services/firebaseService.ts(1,14849): error TS1127: Invalid character.
src/services/firebaseService.ts(1,14850): error TS1127: Invalid character.
src/services/firebaseService.ts(1,14851): error TS1127: Invalid character.
src/services/firebaseService.ts(1,14852): error TS1127: Invalid character.
src/services/firebaseService.ts(1,14853): error TS1127: Invalid character.
src/services/firebaseService.ts(1,14854): error TS1127: Invalid character.
src/services/firebaseService.ts(1,14855): error TS1127: Invalid character.
src/services/firebaseService.ts(1,14856): error TS1127: Invalid character.
src/services/firebaseService.ts(1,14857): error TS1127: Invalid character.
src/services/firebaseService.ts(1,14858): error TS1127: Invalid character.
src/services/firebaseService.ts(1,14859): error TS1127: Invalid character.
src/services/firebaseService.ts(1,14860): error TS1127: Invalid character.
src/services/firebaseService.ts(1,14861): error TS1127: Invalid character.
src/services/firebaseService.ts(1,14862): error TS1127: Invalid character.
src/services/firebaseService.ts(1,14863): error TS1127: Invalid character.
src/services/firebaseService.ts(1,14864): error TS1127: Invalid character.
src/services/firebaseService.ts(1,14865): error TS1127: Invalid character.
src/services/firebaseService.ts(1,14866): error TS1127: Invalid character.
src/services/firebaseService.ts(1,14867): error TS1127: Invalid character.
src/services/firebaseService.ts(1,14868): error TS1127: Invalid character.
src/services/firebaseService.ts(1,14869): error TS1127: Invalid character.
src/services/firebaseService.ts(1,14870): error TS1127: Invalid character.
src/services/firebaseService.ts(1,14871): error TS1127: Invalid character.
src/services/firebaseService.ts(1,14872): error TS1127: Invalid character.
src/services/firebaseService.ts(1,14873): error TS1127: Invalid character.
src/services/firebaseService.ts(1,14874): error TS1127: Invalid character.
src/services/firebaseService.ts(1,14875): error TS1127: Invalid character.
src/services/firebaseService.ts(1,14876): error TS1127: Invalid character.
src/services/firebaseService.ts(1,14877): error TS1127: Invalid character.
src/services/firebaseService.ts(1,14878): error TS1127: Invalid character.
src/services/firebaseService.ts(1,14879): error TS1127: Invalid character.
src/services/firebaseService.ts(1,14880): error TS1127: Invalid character.
src/services/firebaseService.ts(1,14881): error TS1127: Invalid character.
src/services/firebaseService.ts(1,14882): error TS1127: Invalid character.
src/services/firebaseService.ts(1,14883): error TS1127: Invalid character.
src/services/firebaseService.ts(1,14884): error TS1127: Invalid character.
src/services/firebaseService.ts(1,14885): error TS1127: Invalid character.
src/services/firebaseService.ts(1,14886): error TS1127: Invalid character.
src/services/firebaseService.ts(1,14887): error TS1127: Invalid character.
src/services/firebaseService.ts(1,14888): error TS1127: Invalid character.
src/services/firebaseService.ts(1,14889): error TS1127: Invalid character.
src/services/firebaseService.ts(1,14890): error TS1127: Invalid character.
src/services/firebaseService.ts(1,14891): error TS1127: Invalid character.
src/services/firebaseService.ts(1,14892): error TS1127: Invalid character.
src/services/firebaseService.ts(1,14893): error TS1127: Invalid character.
src/services/firebaseService.ts(1,14894): error TS1127: Invalid character.
src/services/firebaseService.ts(1,14895): error TS1127: Invalid character.
src/services/firebaseService.ts(1,14896): error TS1127: Invalid character.
src/services/firebaseService.ts(1,14897): error TS1127: Invalid character.
src/services/firebaseService.ts(1,14898): error TS1127: Invalid character.
src/services/firebaseService.ts(1,14899): error TS1127: Invalid character.
src/services/firebaseService.ts(1,14900): error TS1127: Invalid character.
src/services/firebaseService.ts(1,14901): error TS1127: Invalid character.
src/services/firebaseService.ts(1,14902): error TS1127: Invalid character.
src/services/firebaseService.ts(1,14903): error TS1127: Invalid character.
src/services/firebaseService.ts(1,14904): error TS1127: Invalid character.
src/services/firebaseService.ts(1,14905): error TS1127: Invalid character.
src/services/firebaseService.ts(1,14906): error TS1127: Invalid character.
src/services/firebaseService.ts(1,14907): error TS1127: Invalid character.
src/services/firebaseService.ts(1,14908): error TS1127: Invalid character.
src/services/firebaseService.ts(1,14909): error TS1127: Invalid character.
src/services/firebaseService.ts(1,14910): error TS1127: Invalid character.
src/services/firebaseService.ts(1,14911): error TS1127: Invalid character.
src/services/firebaseService.ts(1,14912): error TS1127: Invalid character.
src/services/firebaseService.ts(1,14913): error TS1127: Invalid character.
src/services/firebaseService.ts(1,14914): error TS1127: Invalid character.
src/services/firebaseService.ts(1,14915): error TS1127: Invalid character.
src/services/firebaseService.ts(1,14916): error TS1127: Invalid character.
src/services/firebaseService.ts(1,14917): error TS1127: Invalid character.
src/services/firebaseService.ts(1,14918): error TS1127: Invalid character.
src/services/firebaseService.ts(1,14919): error TS1127: Invalid character.
src/services/firebaseService.ts(1,14920): error TS1127: Invalid character.
src/services/firebaseService.ts(1,14921): error TS1127: Invalid character.
src/services/firebaseService.ts(1,14922): error TS1127: Invalid character.
src/services/firebaseService.ts(1,14923): error TS1127: Invalid character.
src/services/firebaseService.ts(1,14924): error TS1127: Invalid character.
src/services/firebaseService.ts(1,14925): error TS1127: Invalid character.
src/services/firebaseService.ts(1,14926): error TS1127: Invalid character.
src/services/firebaseService.ts(1,14927): error TS1127: Invalid character.
src/services/firebaseService.ts(1,14928): error TS1127: Invalid character.
src/services/firebaseService.ts(1,14929): error TS1127: Invalid character.
src/services/firebaseService.ts(1,14930): error TS1127: Invalid character.
src/services/firebaseService.ts(1,14931): error TS1127: Invalid character.
src/services/firebaseService.ts(1,14932): error TS1127: Invalid character.
src/services/firebaseService.ts(1,14933): error TS1127: Invalid character.
src/services/firebaseService.ts(1,14934): error TS1127: Invalid character.
src/services/firebaseService.ts(1,14935): error TS1127: Invalid character.
src/services/firebaseService.ts(1,14936): error TS1127: Invalid character.
src/services/firebaseService.ts(1,14937): error TS1127: Invalid character.
src/services/firebaseService.ts(1,14938): error TS1127: Invalid character.
src/services/firebaseService.ts(1,14939): error TS1127: Invalid character.
src/services/firebaseService.ts(1,14940): error TS1127: Invalid character.
src/services/firebaseService.ts(1,14941): error TS1127: Invalid character.
src/services/firebaseService.ts(1,14942): error TS1127: Invalid character.
src/services/firebaseService.ts(1,14943): error TS1127: Invalid character.
src/services/firebaseService.ts(1,14944): error TS1127: Invalid character.
src/services/firebaseService.ts(1,14945): error TS1127: Invalid character.
src/services/firebaseService.ts(1,14946): error TS1127: Invalid character.
src/services/firebaseService.ts(1,14947): error TS1127: Invalid character.
src/services/firebaseService.ts(1,14948): error TS1127: Invalid character.
src/services/firebaseService.ts(1,14949): error TS1127: Invalid character.
src/services/firebaseService.ts(1,14950): error TS1127: Invalid character.
src/services/firebaseService.ts(1,14951): error TS1127: Invalid character.
src/services/firebaseService.ts(1,14952): error TS1127: Invalid character.
src/services/firebaseService.ts(1,14953): error TS1127: Invalid character.
src/services/firebaseService.ts(1,14954): error TS1127: Invalid character.
src/services/firebaseService.ts(1,14955): error TS1127: Invalid character.
src/services/firebaseService.ts(1,14956): error TS1127: Invalid character.
src/services/firebaseService.ts(1,14957): error TS1127: Invalid character.
src/services/firebaseService.ts(1,14958): error TS1127: Invalid character.
src/services/firebaseService.ts(1,14959): error TS1127: Invalid character.
src/services/firebaseService.ts(1,14960): error TS1127: Invalid character.
src/services/firebaseService.ts(1,14961): error TS1127: Invalid character.
src/services/firebaseService.ts(1,14962): error TS1127: Invalid character.
src/services/firebaseService.ts(1,14963): error TS1127: Invalid character.
src/services/firebaseService.ts(1,14964): error TS1127: Invalid character.
src/services/firebaseService.ts(1,14965): error TS1127: Invalid character.
src/services/firebaseService.ts(1,14966): error TS1127: Invalid character.
src/services/firebaseService.ts(1,14967): error TS1127: Invalid character.
src/services/firebaseService.ts(1,14968): error TS1127: Invalid character.
src/services/firebaseService.ts(1,14969): error TS1127: Invalid character.
src/services/firebaseService.ts(1,14970): error TS1127: Invalid character.
src/services/firebaseService.ts(1,14971): error TS1127: Invalid character.
src/services/firebaseService.ts(1,14972): error TS1127: Invalid character.
src/services/firebaseService.ts(1,14973): error TS1127: Invalid character.
src/services/firebaseService.ts(1,14974): error TS1127: Invalid character.
src/services/firebaseService.ts(1,14975): error TS1127: Invalid character.
src/services/firebaseService.ts(1,14976): error TS1127: Invalid character.
src/services/firebaseService.ts(1,14977): error TS1127: Invalid character.
src/services/firebaseService.ts(1,14978): error TS1127: Invalid character.
src/services/firebaseService.ts(1,14979): error TS1127: Invalid character.
src/services/firebaseService.ts(1,14980): error TS1127: Invalid character.
src/services/firebaseService.ts(1,14981): error TS1127: Invalid character.
src/services/firebaseService.ts(1,14982): error TS1127: Invalid character.
src/services/firebaseService.ts(1,14983): error TS1127: Invalid character.
src/services/firebaseService.ts(1,14984): error TS1127: Invalid character.
src/services/firebaseService.ts(1,14985): error TS1127: Invalid character.
src/services/firebaseService.ts(1,14986): error TS1127: Invalid character.
src/services/firebaseService.ts(1,14987): error TS1127: Invalid character.
src/services/firebaseService.ts(1,14988): error TS1127: Invalid character.
src/services/firebaseService.ts(1,14989): error TS1127: Invalid character.
src/services/firebaseService.ts(1,14990): error TS1127: Invalid character.
src/services/firebaseService.ts(1,14991): error TS1127: Invalid character.
src/services/firebaseService.ts(1,14992): error TS1127: Invalid character.
src/services/firebaseService.ts(1,14993): error TS1127: Invalid character.
src/services/firebaseService.ts(1,14994): error TS1127: Invalid character.
src/services/firebaseService.ts(1,14995): error TS1127: Invalid character.
src/services/firebaseService.ts(1,14996): error TS1127: Invalid character.
src/services/firebaseService.ts(1,14997): error TS1127: Invalid character.
src/services/firebaseService.ts(1,14998): error TS1127: Invalid character.
src/services/firebaseService.ts(1,14999): error TS1127: Invalid character.
src/services/firebaseService.ts(1,15000): error TS1127: Invalid character.
src/services/firebaseService.ts(1,15001): error TS1127: Invalid character.
src/services/firebaseService.ts(1,15002): error TS1127: Invalid character.
src/services/firebaseService.ts(1,15003): error TS1127: Invalid character.
src/services/firebaseService.ts(1,15004): error TS1127: Invalid character.
src/services/firebaseService.ts(1,15005): error TS1127: Invalid character.
src/services/firebaseService.ts(1,15006): error TS1127: Invalid character.
src/services/firebaseService.ts(1,15007): error TS1127: Invalid character.
src/services/firebaseService.ts(1,15008): error TS1127: Invalid character.
src/services/firebaseService.ts(1,15009): error TS1127: Invalid character.
src/services/firebaseService.ts(1,15010): error TS1127: Invalid character.
src/services/firebaseService.ts(1,15011): error TS1127: Invalid character.
src/services/firebaseService.ts(1,15012): error TS1127: Invalid character.
src/services/firebaseService.ts(1,15013): error TS1127: Invalid character.
src/services/firebaseService.ts(1,15014): error TS1127: Invalid character.
src/services/firebaseService.ts(1,15015): error TS1127: Invalid character.
src/services/firebaseService.ts(1,15016): error TS1127: Invalid character.
src/services/firebaseService.ts(1,15017): error TS1127: Invalid character.
src/services/firebaseService.ts(1,15018): error TS1127: Invalid character.
src/services/firebaseService.ts(1,15019): error TS1127: Invalid character.
src/services/firebaseService.ts(1,15020): error TS1127: Invalid character.
src/services/firebaseService.ts(1,15021): error TS1127: Invalid character.
src/services/firebaseService.ts(1,15022): error TS1127: Invalid character.
src/services/firebaseService.ts(1,15023): error TS1127: Invalid character.
src/services/firebaseService.ts(1,15024): error TS1127: Invalid character.
src/services/firebaseService.ts(1,15025): error TS1127: Invalid character.
src/services/firebaseService.ts(1,15026): error TS1127: Invalid character.
src/services/firebaseService.ts(1,15027): error TS1127: Invalid character.
src/services/firebaseService.ts(1,15028): error TS1127: Invalid character.
src/services/firebaseService.ts(1,15029): error TS1127: Invalid character.
src/services/firebaseService.ts(1,15030): error TS1127: Invalid character.
src/services/firebaseService.ts(1,15031): error TS1127: Invalid character.
src/services/firebaseService.ts(1,15032): error TS1127: Invalid character.
src/services/firebaseService.ts(1,15033): error TS1127: Invalid character.
src/services/firebaseService.ts(1,15034): error TS1127: Invalid character.
src/services/firebaseService.ts(1,15035): error TS1127: Invalid character.
src/services/firebaseService.ts(1,15036): error TS1127: Invalid character.
src/services/firebaseService.ts(1,15037): error TS1127: Invalid character.
src/services/firebaseService.ts(1,15038): error TS1127: Invalid character.
src/services/firebaseService.ts(1,15039): error TS1127: Invalid character.
src/services/firebaseService.ts(1,15040): error TS1127: Invalid character.
src/services/firebaseService.ts(1,15041): error TS1127: Invalid character.
src/services/firebaseService.ts(1,15042): error TS1127: Invalid character.
src/services/firebaseService.ts(1,15043): error TS1127: Invalid character.
src/services/firebaseService.ts(1,15044): error TS1127: Invalid character.
src/services/firebaseService.ts(1,15045): error TS1127: Invalid character.
src/services/firebaseService.ts(1,15046): error TS1127: Invalid character.
src/services/firebaseService.ts(1,15047): error TS1127: Invalid character.
src/services/firebaseService.ts(1,15048): error TS1127: Invalid character.
src/services/firebaseService.ts(1,15049): error TS1127: Invalid character.
src/services/firebaseService.ts(1,15050): error TS1127: Invalid character.
src/services/firebaseService.ts(1,15051): error TS1127: Invalid character.
src/services/firebaseService.ts(1,15052): error TS1127: Invalid character.
src/services/firebaseService.ts(1,15053): error TS1127: Invalid character.
src/services/firebaseService.ts(1,15054): error TS1127: Invalid character.
src/services/firebaseService.ts(1,15055): error TS1127: Invalid character.
src/services/firebaseService.ts(1,15056): error TS1127: Invalid character.
src/services/firebaseService.ts(1,15057): error TS1127: Invalid character.
src/services/firebaseService.ts(1,15058): error TS1127: Invalid character.
src/services/firebaseService.ts(1,15059): error TS1127: Invalid character.
src/services/firebaseService.ts(1,15060): error TS1127: Invalid character.
src/services/firebaseService.ts(1,15061): error TS1127: Invalid character.
src/services/firebaseService.ts(1,15062): error TS1127: Invalid character.
src/services/firebaseService.ts(1,15063): error TS1127: Invalid character.
src/services/firebaseService.ts(1,15064): error TS1127: Invalid character.
src/services/firebaseService.ts(1,15065): error TS1127: Invalid character.
src/services/firebaseService.ts(1,15066): error TS1127: Invalid character.
src/services/firebaseService.ts(1,15067): error TS1127: Invalid character.
src/services/firebaseService.ts(1,15068): error TS1127: Invalid character.
src/services/firebaseService.ts(1,15069): error TS1127: Invalid character.
src/services/firebaseService.ts(1,15070): error TS1127: Invalid character.
src/services/firebaseService.ts(1,15071): error TS1127: Invalid character.
src/services/firebaseService.ts(1,15072): error TS1127: Invalid character.
src/services/firebaseService.ts(1,15073): error TS1127: Invalid character.
src/services/firebaseService.ts(1,15074): error TS1127: Invalid character.
src/services/firebaseService.ts(1,15075): error TS1127: Invalid character.
src/services/firebaseService.ts(1,15076): error TS1127: Invalid character.
src/services/firebaseService.ts(1,15077): error TS1127: Invalid character.
src/services/firebaseService.ts(1,15078): error TS1127: Invalid character.
src/services/firebaseService.ts(1,15079): error TS1127: Invalid character.
src/services/firebaseService.ts(1,15080): error TS1127: Invalid character.
src/services/firebaseService.ts(1,15081): error TS1127: Invalid character.
src/services/firebaseService.ts(1,15082): error TS1127: Invalid character.
src/services/firebaseService.ts(1,15083): error TS1127: Invalid character.
src/services/firebaseService.ts(1,15084): error TS1127: Invalid character.
src/services/firebaseService.ts(1,15085): error TS1127: Invalid character.
src/services/firebaseService.ts(1,15086): error TS1127: Invalid character.
src/services/firebaseService.ts(1,15087): error TS1127: Invalid character.
src/services/firebaseService.ts(1,15088): error TS1127: Invalid character.
src/services/firebaseService.ts(1,15089): error TS1127: Invalid character.
src/services/firebaseService.ts(1,15090): error TS1127: Invalid character.
src/services/firebaseService.ts(1,15091): error TS1127: Invalid character.
src/services/firebaseService.ts(1,15092): error TS1127: Invalid character.
src/services/firebaseService.ts(1,15093): error TS1127: Invalid character.
src/services/firebaseService.ts(1,15094): error TS1127: Invalid character.
src/services/firebaseService.ts(1,15095): error TS1127: Invalid character.
src/services/firebaseService.ts(1,15096): error TS1127: Invalid character.
src/services/firebaseService.ts(1,15097): error TS1127: Invalid character.
src/services/firebaseService.ts(1,15098): error TS1127: Invalid character.
src/services/firebaseService.ts(1,15099): error TS1127: Invalid character.
src/services/firebaseService.ts(1,15100): error TS1127: Invalid character.
src/services/firebaseService.ts(1,15101): error TS1127: Invalid character.
src/services/firebaseService.ts(1,15102): error TS1127: Invalid character.
src/services/firebaseService.ts(1,15103): error TS1127: Invalid character.
src/services/firebaseService.ts(1,15104): error TS1127: Invalid character.
src/services/firebaseService.ts(1,15105): error TS1127: Invalid character.
src/services/firebaseService.ts(1,15106): error TS1127: Invalid character.
src/services/firebaseService.ts(1,15107): error TS1127: Invalid character.
src/services/firebaseService.ts(1,15108): error TS1127: Invalid character.
src/services/firebaseService.ts(1,15109): error TS1127: Invalid character.
src/services/firebaseService.ts(1,15110): error TS1127: Invalid character.
src/services/firebaseService.ts(1,15111): error TS1127: Invalid character.
src/services/firebaseService.ts(1,15112): error TS1127: Invalid character.
src/services/firebaseService.ts(1,15113): error TS1127: Invalid character.
src/services/firebaseService.ts(1,15114): error TS1127: Invalid character.
src/services/firebaseService.ts(1,15115): error TS1127: Invalid character.
src/services/firebaseService.ts(1,15116): error TS1127: Invalid character.
src/services/firebaseService.ts(1,15117): error TS1127: Invalid character.
src/services/firebaseService.ts(1,15118): error TS1127: Invalid character.
src/services/firebaseService.ts(1,15119): error TS1127: Invalid character.
src/services/firebaseService.ts(1,15120): error TS1127: Invalid character.
src/services/firebaseService.ts(1,15121): error TS1127: Invalid character.
src/services/firebaseService.ts(1,15122): error TS1127: Invalid character.
src/services/firebaseService.ts(1,15123): error TS1127: Invalid character.
src/services/firebaseService.ts(1,15124): error TS1127: Invalid character.
src/services/firebaseService.ts(1,15125): error TS1127: Invalid character.
src/services/firebaseService.ts(1,15126): error TS1127: Invalid character.
src/services/firebaseService.ts(1,15127): error TS1127: Invalid character.
src/services/firebaseService.ts(1,15128): error TS1127: Invalid character.
src/services/firebaseService.ts(1,15129): error TS1127: Invalid character.
src/services/firebaseService.ts(1,15130): error TS1127: Invalid character.
src/services/firebaseService.ts(1,15131): error TS1127: Invalid character.
src/services/firebaseService.ts(1,15132): error TS1127: Invalid character.
src/services/firebaseService.ts(1,15133): error TS1127: Invalid character.
src/services/firebaseService.ts(1,15134): error TS1127: Invalid character.
src/services/firebaseService.ts(1,15135): error TS1127: Invalid character.
src/services/firebaseService.ts(1,15136): error TS1127: Invalid character.
src/services/firebaseService.ts(1,15137): error TS1127: Invalid character.
src/services/firebaseService.ts(1,15138): error TS1127: Invalid character.
src/services/firebaseService.ts(1,15139): error TS1127: Invalid character.
src/services/firebaseService.ts(1,15140): error TS1127: Invalid character.
src/services/firebaseService.ts(1,15141): error TS1127: Invalid character.
src/services/firebaseService.ts(1,15142): error TS1127: Invalid character.
src/services/firebaseService.ts(1,15143): error TS1127: Invalid character.
src/services/firebaseService.ts(1,15144): error TS1127: Invalid character.
src/services/firebaseService.ts(1,15145): error TS1127: Invalid character.
src/services/firebaseService.ts(1,15146): error TS1127: Invalid character.
src/services/firebaseService.ts(1,15147): error TS1127: Invalid character.
src/services/firebaseService.ts(1,15148): error TS1127: Invalid character.
src/services/firebaseService.ts(1,15149): error TS1127: Invalid character.
src/services/firebaseService.ts(1,15150): error TS1127: Invalid character.
src/services/firebaseService.ts(1,15151): error TS1127: Invalid character.
src/services/firebaseService.ts(1,15152): error TS1127: Invalid character.
src/services/firebaseService.ts(1,15153): error TS1127: Invalid character.
src/services/firebaseService.ts(1,15154): error TS1127: Invalid character.
src/services/firebaseService.ts(1,15155): error TS1127: Invalid character.
src/services/firebaseService.ts(1,15156): error TS1127: Invalid character.
src/services/firebaseService.ts(1,15157): error TS1127: Invalid character.
src/services/firebaseService.ts(1,15158): error TS1127: Invalid character.
src/services/firebaseService.ts(1,15159): error TS1127: Invalid character.
src/services/firebaseService.ts(1,15160): error TS1127: Invalid character.
src/services/firebaseService.ts(1,15161): error TS1127: Invalid character.
src/services/firebaseService.ts(1,15162): error TS1127: Invalid character.
src/services/firebaseService.ts(1,15163): error TS1127: Invalid character.
src/services/firebaseService.ts(1,15164): error TS1127: Invalid character.
src/services/firebaseService.ts(1,15165): error TS1127: Invalid character.
src/services/firebaseService.ts(1,15166): error TS1127: Invalid character.
src/services/firebaseService.ts(1,15167): error TS1127: Invalid character.
src/services/firebaseService.ts(1,15168): error TS1127: Invalid character.
src/services/firebaseService.ts(1,15169): error TS1127: Invalid character.
src/services/firebaseService.ts(1,15170): error TS1127: Invalid character.
src/services/firebaseService.ts(1,15171): error TS1127: Invalid character.
src/services/firebaseService.ts(1,15172): error TS1127: Invalid character.
src/services/firebaseService.ts(1,15173): error TS1127: Invalid character.
src/services/firebaseService.ts(1,15174): error TS1127: Invalid character.
src/services/firebaseService.ts(1,15175): error TS1127: Invalid character.
src/services/firebaseService.ts(1,15176): error TS1127: Invalid character.
src/services/firebaseService.ts(1,15177): error TS1127: Invalid character.
src/services/firebaseService.ts(1,15178): error TS1127: Invalid character.
src/services/firebaseService.ts(1,15179): error TS1127: Invalid character.
src/services/firebaseService.ts(1,15180): error TS1127: Invalid character.
src/services/firebaseService.ts(1,15181): error TS1127: Invalid character.
src/services/firebaseService.ts(1,15182): error TS1127: Invalid character.
src/services/firebaseService.ts(1,15183): error TS1127: Invalid character.
src/services/firebaseService.ts(1,15184): error TS1127: Invalid character.
src/services/firebaseService.ts(1,15185): error TS1127: Invalid character.
src/services/firebaseService.ts(1,15186): error TS1127: Invalid character.
src/services/firebaseService.ts(1,15187): error TS1127: Invalid character.
src/services/firebaseService.ts(1,15188): error TS1127: Invalid character.
src/services/firebaseService.ts(1,15189): error TS1127: Invalid character.
src/services/firebaseService.ts(1,15190): error TS1127: Invalid character.
src/services/firebaseService.ts(1,15191): error TS1127: Invalid character.
src/services/firebaseService.ts(1,15192): error TS1127: Invalid character.
src/services/firebaseService.ts(1,15193): error TS1127: Invalid character.
src/services/firebaseService.ts(1,15194): error TS1127: Invalid character.
src/services/firebaseService.ts(1,15195): error TS1127: Invalid character.
src/services/firebaseService.ts(1,15196): error TS1127: Invalid character.
src/services/firebaseService.ts(1,15197): error TS1127: Invalid character.
src/services/firebaseService.ts(1,15198): error TS1127: Invalid character.
src/services/firebaseService.ts(1,15199): error TS1127: Invalid character.
src/services/firebaseService.ts(1,15200): error TS1127: Invalid character.
src/services/firebaseService.ts(1,15201): error TS1127: Invalid character.
src/services/firebaseService.ts(1,15202): error TS1127: Invalid character.
src/services/firebaseService.ts(1,15203): error TS1127: Invalid character.
src/services/firebaseService.ts(1,15204): error TS1127: Invalid character.
src/services/firebaseService.ts(1,15205): error TS1127: Invalid character.
src/services/firebaseService.ts(1,15206): error TS1127: Invalid character.
src/services/firebaseService.ts(1,15207): error TS1127: Invalid character.
src/services/firebaseService.ts(1,15208): error TS1127: Invalid character.
src/services/firebaseService.ts(1,15209): error TS1127: Invalid character.
src/services/firebaseService.ts(1,15210): error TS1127: Invalid character.
src/services/firebaseService.ts(1,15211): error TS1127: Invalid character.
src/services/firebaseService.ts(1,15212): error TS1127: Invalid character.
src/services/firebaseService.ts(1,15213): error TS1127: Invalid character.
src/services/firebaseService.ts(1,15214): error TS1127: Invalid character.
src/services/firebaseService.ts(1,15215): error TS1127: Invalid character.
src/services/firebaseService.ts(1,15216): error TS1127: Invalid character.
src/services/firebaseService.ts(1,15217): error TS1127: Invalid character.
src/services/firebaseService.ts(1,15218): error TS1127: Invalid character.
src/services/firebaseService.ts(1,15219): error TS1127: Invalid character.
src/services/firebaseService.ts(1,15220): error TS1127: Invalid character.
src/services/firebaseService.ts(1,15221): error TS1127: Invalid character.
src/services/firebaseService.ts(1,15222): error TS1127: Invalid character.
src/services/firebaseService.ts(1,15223): error TS1127: Invalid character.
src/services/firebaseService.ts(1,15224): error TS1127: Invalid character.
src/services/firebaseService.ts(1,15225): error TS1127: Invalid character.
src/services/firebaseService.ts(1,15226): error TS1127: Invalid character.
src/services/firebaseService.ts(1,15227): error TS1127: Invalid character.
src/services/firebaseService.ts(1,15228): error TS1127: Invalid character.
src/services/firebaseService.ts(1,15229): error TS1127: Invalid character.
src/services/firebaseService.ts(1,15230): error TS1127: Invalid character.
src/services/firebaseService.ts(1,15231): error TS1127: Invalid character.
src/services/firebaseService.ts(1,15232): error TS1127: Invalid character.
src/services/firebaseService.ts(1,15233): error TS1127: Invalid character.
src/services/firebaseService.ts(1,15234): error TS1127: Invalid character.
src/services/firebaseService.ts(1,15235): error TS1127: Invalid character.
src/services/firebaseService.ts(1,15236): error TS1127: Invalid character.
src/services/firebaseService.ts(1,15237): error TS1127: Invalid character.
src/services/firebaseService.ts(1,15238): error TS1127: Invalid character.
src/services/firebaseService.ts(1,15239): error TS1127: Invalid character.
src/services/firebaseService.ts(1,15240): error TS1127: Invalid character.
src/services/firebaseService.ts(1,15241): error TS1127: Invalid character.
src/services/firebaseService.ts(1,15242): error TS1127: Invalid character.
src/services/firebaseService.ts(1,15243): error TS1127: Invalid character.
src/services/firebaseService.ts(1,15244): error TS1127: Invalid character.
src/services/firebaseService.ts(1,15245): error TS1127: Invalid character.
src/services/firebaseService.ts(1,15246): error TS1127: Invalid character.
src/services/firebaseService.ts(1,15247): error TS1127: Invalid character.
src/services/firebaseService.ts(1,15248): error TS1127: Invalid character.
src/services/firebaseService.ts(1,15249): error TS1127: Invalid character.
src/services/firebaseService.ts(1,15250): error TS1127: Invalid character.
src/services/firebaseService.ts(1,15251): error TS1127: Invalid character.
src/services/firebaseService.ts(1,15252): error TS1127: Invalid character.
src/services/firebaseService.ts(1,15253): error TS1127: Invalid character.
src/services/firebaseService.ts(1,15254): error TS1127: Invalid character.
src/services/firebaseService.ts(1,15255): error TS1127: Invalid character.
src/services/firebaseService.ts(1,15256): error TS1127: Invalid character.
src/services/firebaseService.ts(1,15257): error TS1127: Invalid character.
src/services/firebaseService.ts(1,15258): error TS1127: Invalid character.
src/services/firebaseService.ts(1,15259): error TS1127: Invalid character.
src/services/firebaseService.ts(1,15260): error TS1127: Invalid character.
src/services/firebaseService.ts(1,15261): error TS1127: Invalid character.
src/services/firebaseService.ts(1,15262): error TS1127: Invalid character.
src/services/firebaseService.ts(1,15263): error TS1127: Invalid character.
src/services/firebaseService.ts(1,15264): error TS1127: Invalid character.
src/services/firebaseService.ts(1,15265): error TS1127: Invalid character.
src/services/firebaseService.ts(1,15266): error TS1127: Invalid character.
src/services/firebaseService.ts(1,15267): error TS1127: Invalid character.
src/services/firebaseService.ts(1,15268): error TS1127: Invalid character.
src/services/firebaseService.ts(1,15269): error TS1127: Invalid character.
src/services/firebaseService.ts(1,15270): error TS1127: Invalid character.
src/services/firebaseService.ts(1,15271): error TS1127: Invalid character.
src/services/firebaseService.ts(1,15272): error TS1127: Invalid character.
src/services/firebaseService.ts(1,15273): error TS1127: Invalid character.
src/services/firebaseService.ts(1,15274): error TS1127: Invalid character.
src/services/firebaseService.ts(1,15275): error TS1127: Invalid character.
src/services/firebaseService.ts(1,15276): error TS1127: Invalid character.
src/services/firebaseService.ts(1,15277): error TS1127: Invalid character.
src/services/firebaseService.ts(1,15278): error TS1127: Invalid character.
src/services/firebaseService.ts(1,15279): error TS1127: Invalid character.
src/services/firebaseService.ts(1,15280): error TS1127: Invalid character.
src/services/firebaseService.ts(1,15281): error TS1127: Invalid character.
src/services/firebaseService.ts(1,15282): error TS1127: Invalid character.
src/services/firebaseService.ts(1,15283): error TS1127: Invalid character.
src/services/firebaseService.ts(1,15284): error TS1127: Invalid character.
src/services/firebaseService.ts(1,15285): error TS1127: Invalid character.
src/services/firebaseService.ts(1,15286): error TS1127: Invalid character.
src/services/firebaseService.ts(1,15287): error TS1127: Invalid character.
src/services/firebaseService.ts(1,15288): error TS1127: Invalid character.
src/services/firebaseService.ts(1,15289): error TS1127: Invalid character.
src/services/firebaseService.ts(1,15290): error TS1127: Invalid character.
src/services/firebaseService.ts(1,15291): error TS1127: Invalid character.
src/services/firebaseService.ts(1,15292): error TS1127: Invalid character.
src/services/firebaseService.ts(1,15293): error TS1127: Invalid character.
src/services/firebaseService.ts(1,15294): error TS1127: Invalid character.
src/services/firebaseService.ts(1,15295): error TS1127: Invalid character.
src/services/firebaseService.ts(1,15296): error TS1127: Invalid character.
src/services/firebaseService.ts(1,15297): error TS1127: Invalid character.
src/services/firebaseService.ts(1,15298): error TS1127: Invalid character.
src/services/firebaseService.ts(1,15299): error TS1127: Invalid character.
src/services/firebaseService.ts(1,15300): error TS1127: Invalid character.
src/services/firebaseService.ts(1,15301): error TS1127: Invalid character.
src/services/firebaseService.ts(1,15302): error TS1127: Invalid character.
src/services/firebaseService.ts(1,15303): error TS1127: Invalid character.
src/services/firebaseService.ts(1,15304): error TS1127: Invalid character.
src/services/firebaseService.ts(1,15305): error TS1127: Invalid character.
src/services/firebaseService.ts(1,15306): error TS1127: Invalid character.
src/services/firebaseService.ts(1,15307): error TS1127: Invalid character.
src/services/firebaseService.ts(1,15308): error TS1127: Invalid character.
src/services/firebaseService.ts(1,15309): error TS1127: Invalid character.
src/services/firebaseService.ts(1,15310): error TS1127: Invalid character.
src/services/firebaseService.ts(1,15311): error TS1127: Invalid character.
src/services/firebaseService.ts(1,15312): error TS1127: Invalid character.
src/services/firebaseService.ts(1,15313): error TS1127: Invalid character.
src/services/firebaseService.ts(1,15314): error TS1127: Invalid character.
src/services/firebaseService.ts(1,15315): error TS1127: Invalid character.
src/services/firebaseService.ts(1,15316): error TS1127: Invalid character.
src/services/firebaseService.ts(1,15317): error TS1127: Invalid character.
src/services/firebaseService.ts(1,15318): error TS1127: Invalid character.
src/services/firebaseService.ts(1,15319): error TS1127: Invalid character.
src/services/firebaseService.ts(1,15320): error TS1127: Invalid character.
src/services/firebaseService.ts(1,15321): error TS1127: Invalid character.
src/services/firebaseService.ts(1,15322): error TS1127: Invalid character.
src/services/firebaseService.ts(1,15323): error TS1127: Invalid character.
src/services/firebaseService.ts(1,15324): error TS1127: Invalid character.
src/services/firebaseService.ts(1,15325): error TS1127: Invalid character.
src/services/firebaseService.ts(1,15326): error TS1127: Invalid character.
src/services/firebaseService.ts(1,15327): error TS1127: Invalid character.
src/services/firebaseService.ts(1,15328): error TS1127: Invalid character.
src/services/firebaseService.ts(1,15329): error TS1127: Invalid character.
src/services/firebaseService.ts(1,15330): error TS1127: Invalid character.
src/services/firebaseService.ts(1,15331): error TS1127: Invalid character.
src/services/firebaseService.ts(1,15332): error TS1127: Invalid character.
src/services/firebaseService.ts(1,15333): error TS1127: Invalid character.
src/services/firebaseService.ts(1,15334): error TS1127: Invalid character.
src/services/firebaseService.ts(1,15335): error TS1127: Invalid character.
src/services/firebaseService.ts(1,15336): error TS1127: Invalid character.
src/services/firebaseService.ts(1,15337): error TS1127: Invalid character.
src/services/firebaseService.ts(1,15338): error TS1127: Invalid character.
src/services/firebaseService.ts(1,15339): error TS1127: Invalid character.
src/services/firebaseService.ts(1,15340): error TS1127: Invalid character.
src/services/firebaseService.ts(1,15341): error TS1127: Invalid character.
src/services/firebaseService.ts(1,15342): error TS1127: Invalid character.
src/services/firebaseService.ts(1,15343): error TS1127: Invalid character.
src/services/firebaseService.ts(1,15344): error TS1127: Invalid character.
src/services/firebaseService.ts(1,15345): error TS1127: Invalid character.
src/services/firebaseService.ts(1,15346): error TS1127: Invalid character.
src/services/firebaseService.ts(1,15347): error TS1127: Invalid character.
src/services/firebaseService.ts(1,15348): error TS1127: Invalid character.
src/services/firebaseService.ts(1,15349): error TS1127: Invalid character.
src/services/firebaseService.ts(1,15350): error TS1127: Invalid character.
src/services/firebaseService.ts(1,15351): error TS1127: Invalid character.
src/services/firebaseService.ts(1,15352): error TS1127: Invalid character.
src/services/firebaseService.ts(1,15353): error TS1127: Invalid character.
src/services/firebaseService.ts(1,15354): error TS1127: Invalid character.
src/services/firebaseService.ts(1,15355): error TS1127: Invalid character.
src/services/firebaseService.ts(1,15356): error TS1127: Invalid character.
src/services/firebaseService.ts(1,15357): error TS1127: Invalid character.
src/services/firebaseService.ts(1,15358): error TS1127: Invalid character.
src/services/firebaseService.ts(1,15359): error TS1127: Invalid character.
src/services/firebaseService.ts(1,15360): error TS1127: Invalid character.
src/services/firebaseService.ts(1,15361): error TS1127: Invalid character.
src/services/firebaseService.ts(1,15362): error TS1127: Invalid character.
src/services/firebaseService.ts(1,15363): error TS1127: Invalid character.
src/services/firebaseService.ts(1,15364): error TS1127: Invalid character.
src/services/firebaseService.ts(1,15365): error TS1127: Invalid character.
src/services/firebaseService.ts(1,15366): error TS1127: Invalid character.
src/services/firebaseService.ts(1,15367): error TS1127: Invalid character.
src/services/firebaseService.ts(1,15368): error TS1127: Invalid character.
src/services/firebaseService.ts(1,15369): error TS1127: Invalid character.
src/services/firebaseService.ts(1,15370): error TS1127: Invalid character.
src/services/firebaseService.ts(1,15371): error TS1127: Invalid character.
src/services/firebaseService.ts(1,15372): error TS1127: Invalid character.
src/services/firebaseService.ts(1,15373): error TS1127: Invalid character.
src/services/firebaseService.ts(1,15374): error TS1127: Invalid character.
src/services/firebaseService.ts(1,15375): error TS1127: Invalid character.
src/services/firebaseService.ts(1,15376): error TS1127: Invalid character.
src/services/firebaseService.ts(1,15377): error TS1127: Invalid character.
src/services/firebaseService.ts(1,15378): error TS1127: Invalid character.
src/services/firebaseService.ts(1,15379): error TS1127: Invalid character.
src/services/firebaseService.ts(1,15380): error TS1127: Invalid character.
src/services/firebaseService.ts(1,15381): error TS1127: Invalid character.
src/services/firebaseService.ts(1,15382): error TS1127: Invalid character.
src/services/firebaseService.ts(1,15383): error TS1127: Invalid character.
src/services/firebaseService.ts(1,15384): error TS1127: Invalid character.
src/services/firebaseService.ts(1,15385): error TS1127: Invalid character.
src/services/firebaseService.ts(1,15386): error TS1127: Invalid character.
src/services/firebaseService.ts(1,15387): error TS1127: Invalid character.
src/services/firebaseService.ts(1,15388): error TS1127: Invalid character.
src/services/firebaseService.ts(1,15389): error TS1127: Invalid character.
src/services/firebaseService.ts(1,15390): error TS1127: Invalid character.
src/services/firebaseService.ts(1,15391): error TS1127: Invalid character.
src/services/firebaseService.ts(1,15392): error TS1127: Invalid character.
src/services/firebaseService.ts(1,15393): error TS1127: Invalid character.
src/services/firebaseService.ts(1,15394): error TS1127: Invalid character.
src/services/firebaseService.ts(1,15395): error TS1127: Invalid character.
src/services/firebaseService.ts(1,15396): error TS1127: Invalid character.
src/services/firebaseService.ts(1,15397): error TS1127: Invalid character.
src/services/firebaseService.ts(1,15398): error TS1127: Invalid character.
src/services/firebaseService.ts(1,15399): error TS1127: Invalid character.
src/services/firebaseService.ts(1,15400): error TS1127: Invalid character.
src/services/firebaseService.ts(1,15401): error TS1127: Invalid character.
src/services/firebaseService.ts(1,15402): error TS1127: Invalid character.
src/services/firebaseService.ts(1,15403): error TS1127: Invalid character.
src/services/firebaseService.ts(1,15404): error TS1127: Invalid character.
src/services/firebaseService.ts(1,15405): error TS1127: Invalid character.
src/services/firebaseService.ts(1,15406): error TS1127: Invalid character.
src/services/firebaseService.ts(1,15407): error TS1127: Invalid character.
src/services/firebaseService.ts(1,15408): error TS1127: Invalid character.
src/services/firebaseService.ts(1,15409): error TS1127: Invalid character.
src/services/firebaseService.ts(1,15410): error TS1127: Invalid character.
src/services/firebaseService.ts(1,15411): error TS1127: Invalid character.
src/services/firebaseService.ts(1,15412): error TS1127: Invalid character.
src/services/firebaseService.ts(1,15413): error TS1127: Invalid character.
src/services/firebaseService.ts(1,15414): error TS1127: Invalid character.
src/services/firebaseService.ts(1,15415): error TS1127: Invalid character.
src/services/firebaseService.ts(1,15416): error TS1127: Invalid character.
src/services/firebaseService.ts(1,15417): error TS1127: Invalid character.
src/services/firebaseService.ts(1,15418): error TS1127: Invalid character.
src/services/firebaseService.ts(1,15419): error TS1127: Invalid character.
src/services/firebaseService.ts(1,15420): error TS1127: Invalid character.
src/services/firebaseService.ts(1,15421): error TS1127: Invalid character.
src/services/firebaseService.ts(1,15422): error TS1127: Invalid character.
src/services/firebaseService.ts(1,15423): error TS1127: Invalid character.
src/services/firebaseService.ts(1,15424): error TS1127: Invalid character.
src/services/firebaseService.ts(1,15425): error TS1127: Invalid character.
src/services/firebaseService.ts(1,15426): error TS1127: Invalid character.
src/services/firebaseService.ts(1,15427): error TS1127: Invalid character.
src/services/firebaseService.ts(1,15428): error TS1127: Invalid character.
src/services/firebaseService.ts(1,15429): error TS1127: Invalid character.
src/services/firebaseService.ts(1,15430): error TS1127: Invalid character.
src/services/firebaseService.ts(1,15431): error TS1127: Invalid character.
src/services/firebaseService.ts(1,15432): error TS1127: Invalid character.
src/services/firebaseService.ts(1,15433): error TS1127: Invalid character.
src/services/firebaseService.ts(1,15434): error TS1127: Invalid character.
src/services/firebaseService.ts(1,15435): error TS1127: Invalid character.
src/services/firebaseService.ts(1,15436): error TS1127: Invalid character.
src/services/firebaseService.ts(1,15437): error TS1127: Invalid character.
src/services/firebaseService.ts(1,15438): error TS1127: Invalid character.
src/services/firebaseService.ts(1,15439): error TS1127: Invalid character.
src/services/firebaseService.ts(1,15440): error TS1127: Invalid character.
src/services/firebaseService.ts(1,15441): error TS1127: Invalid character.
src/services/firebaseService.ts(1,15442): error TS1127: Invalid character.
src/services/firebaseService.ts(1,15443): error TS1127: Invalid character.
src/services/firebaseService.ts(1,15444): error TS1127: Invalid character.
src/services/firebaseService.ts(1,15445): error TS1127: Invalid character.
src/services/firebaseService.ts(1,15446): error TS1127: Invalid character.
src/services/firebaseService.ts(1,15447): error TS1127: Invalid character.
src/services/firebaseService.ts(1,15448): error TS1127: Invalid character.
src/services/firebaseService.ts(1,15449): error TS1127: Invalid character.
src/services/firebaseService.ts(1,15450): error TS1127: Invalid character.
src/services/firebaseService.ts(1,15451): error TS1127: Invalid character.
src/services/firebaseService.ts(1,15452): error TS1127: Invalid character.
src/services/firebaseService.ts(1,15453): error TS1127: Invalid character.
src/services/firebaseService.ts(1,15454): error TS1127: Invalid character.
src/services/firebaseService.ts(1,15455): error TS1127: Invalid character.
src/services/firebaseService.ts(1,15456): error TS1127: Invalid character.
src/services/firebaseService.ts(1,15457): error TS1127: Invalid character.
src/services/firebaseService.ts(1,15458): error TS1127: Invalid character.
src/services/firebaseService.ts(1,15459): error TS1127: Invalid character.
src/services/firebaseService.ts(1,15460): error TS1127: Invalid character.
src/services/firebaseService.ts(1,15461): error TS1127: Invalid character.
src/services/firebaseService.ts(1,15462): error TS1127: Invalid character.
src/services/firebaseService.ts(1,15463): error TS1127: Invalid character.
src/services/firebaseService.ts(1,15464): error TS1127: Invalid character.
src/services/firebaseService.ts(1,15465): error TS1127: Invalid character.
src/services/firebaseService.ts(1,15466): error TS1127: Invalid character.
src/services/firebaseService.ts(1,15467): error TS1127: Invalid character.
src/services/firebaseService.ts(1,15468): error TS1127: Invalid character.
src/services/firebaseService.ts(1,15469): error TS1127: Invalid character.
src/services/firebaseService.ts(1,15470): error TS1127: Invalid character.
src/services/firebaseService.ts(1,15471): error TS1127: Invalid character.
src/services/firebaseService.ts(1,15472): error TS1127: Invalid character.
src/services/firebaseService.ts(1,15473): error TS1127: Invalid character.
src/services/firebaseService.ts(1,15474): error TS1127: Invalid character.
src/services/firebaseService.ts(1,15475): error TS1127: Invalid character.
src/services/firebaseService.ts(1,15476): error TS1127: Invalid character.
src/services/firebaseService.ts(1,15477): error TS1127: Invalid character.
src/services/firebaseService.ts(1,15478): error TS1127: Invalid character.
src/services/firebaseService.ts(1,15479): error TS1127: Invalid character.
src/services/firebaseService.ts(1,15480): error TS1127: Invalid character.
src/services/firebaseService.ts(1,15481): error TS1127: Invalid character.
src/services/firebaseService.ts(1,15482): error TS1127: Invalid character.
src/services/firebaseService.ts(1,15483): error TS1127: Invalid character.
src/services/firebaseService.ts(1,15484): error TS1127: Invalid character.
src/services/firebaseService.ts(1,15485): error TS1127: Invalid character.
src/services/firebaseService.ts(1,15486): error TS1127: Invalid character.
src/services/firebaseService.ts(1,15487): error TS1127: Invalid character.
src/services/firebaseService.ts(1,15488): error TS1127: Invalid character.
src/services/firebaseService.ts(1,15489): error TS1127: Invalid character.
src/services/firebaseService.ts(1,15490): error TS1127: Invalid character.
src/services/firebaseService.ts(1,15491): error TS1127: Invalid character.
src/services/firebaseService.ts(1,15492): error TS1127: Invalid character.
src/services/firebaseService.ts(1,15493): error TS1127: Invalid character.
src/services/firebaseService.ts(1,15494): error TS1127: Invalid character.
src/services/firebaseService.ts(1,15495): error TS1127: Invalid character.
src/services/firebaseService.ts(1,15496): error TS1127: Invalid character.
src/services/firebaseService.ts(1,15497): error TS1127: Invalid character.
src/services/firebaseService.ts(1,15498): error TS1127: Invalid character.
src/services/firebaseService.ts(1,15499): error TS1127: Invalid character.
src/services/firebaseService.ts(1,15500): error TS1127: Invalid character.
src/services/firebaseService.ts(1,15501): error TS1127: Invalid character.
src/services/firebaseService.ts(1,15502): error TS1127: Invalid character.
src/services/firebaseService.ts(1,15503): error TS1127: Invalid character.
src/services/firebaseService.ts(1,15504): error TS1127: Invalid character.
src/services/firebaseService.ts(1,15505): error TS1127: Invalid character.
src/services/firebaseService.ts(1,15506): error TS1127: Invalid character.
src/services/firebaseService.ts(1,15507): error TS1127: Invalid character.
src/services/firebaseService.ts(1,15508): error TS1127: Invalid character.
src/services/firebaseService.ts(1,15509): error TS1127: Invalid character.
src/services/firebaseService.ts(1,15510): error TS1127: Invalid character.
src/services/firebaseService.ts(1,15511): error TS1127: Invalid character.
src/services/firebaseService.ts(1,15512): error TS1127: Invalid character.
src/services/firebaseService.ts(1,15513): error TS1127: Invalid character.
src/services/firebaseService.ts(1,15514): error TS1127: Invalid character.
src/services/firebaseService.ts(1,15515): error TS1127: Invalid character.
src/services/firebaseService.ts(1,15516): error TS1127: Invalid character.
src/services/firebaseService.ts(1,15517): error TS1127: Invalid character.
src/services/firebaseService.ts(1,15518): error TS1127: Invalid character.
src/services/firebaseService.ts(1,15519): error TS1127: Invalid character.
src/services/firebaseService.ts(1,15520): error TS1127: Invalid character.
src/services/firebaseService.ts(1,15521): error TS1127: Invalid character.
src/services/firebaseService.ts(1,15522): error TS1127: Invalid character.
src/services/firebaseService.ts(1,15523): error TS1127: Invalid character.
src/services/firebaseService.ts(1,15524): error TS1127: Invalid character.
src/services/firebaseService.ts(1,15525): error TS1127: Invalid character.
src/services/firebaseService.ts(1,15526): error TS1127: Invalid character.
src/services/firebaseService.ts(1,15527): error TS1127: Invalid character.
src/services/firebaseService.ts(1,15528): error TS1127: Invalid character.
src/services/firebaseService.ts(1,15529): error TS1127: Invalid character.
src/services/firebaseService.ts(1,15530): error TS1127: Invalid character.
src/services/firebaseService.ts(1,15531): error TS1127: Invalid character.
src/services/firebaseService.ts(1,15532): error TS1127: Invalid character.
src/services/firebaseService.ts(1,15533): error TS1127: Invalid character.
src/services/firebaseService.ts(1,15534): error TS1127: Invalid character.
src/services/firebaseService.ts(1,15535): error TS1127: Invalid character.
src/services/firebaseService.ts(1,15536): error TS1127: Invalid character.
src/services/firebaseService.ts(1,15537): error TS1127: Invalid character.
src/services/firebaseService.ts(1,15538): error TS1127: Invalid character.
src/services/firebaseService.ts(1,15539): error TS1127: Invalid character.
src/services/firebaseService.ts(1,15540): error TS1127: Invalid character.
src/services/firebaseService.ts(1,15541): error TS1127: Invalid character.
src/services/firebaseService.ts(1,15542): error TS1127: Invalid character.
src/services/firebaseService.ts(1,15543): error TS1127: Invalid character.
src/services/firebaseService.ts(1,15544): error TS1127: Invalid character.
src/services/firebaseService.ts(1,15545): error TS1127: Invalid character.
src/services/firebaseService.ts(1,15546): error TS1127: Invalid character.
src/services/firebaseService.ts(1,15547): error TS1127: Invalid character.
src/services/firebaseService.ts(1,15548): error TS1127: Invalid character.
src/services/firebaseService.ts(1,15549): error TS1127: Invalid character.
src/services/firebaseService.ts(1,15550): error TS1127: Invalid character.
src/services/firebaseService.ts(1,15551): error TS1127: Invalid character.
src/services/firebaseService.ts(1,15552): error TS1127: Invalid character.
src/services/firebaseService.ts(1,15553): error TS1127: Invalid character.
src/services/firebaseService.ts(1,15554): error TS1127: Invalid character.
src/services/firebaseService.ts(1,15555): error TS1127: Invalid character.
src/services/firebaseService.ts(1,15556): error TS1127: Invalid character.
src/services/firebaseService.ts(1,15557): error TS1127: Invalid character.
src/services/firebaseService.ts(1,15558): error TS1127: Invalid character.
src/services/firebaseService.ts(1,15559): error TS1127: Invalid character.
src/services/firebaseService.ts(1,15560): error TS1127: Invalid character.
src/services/firebaseService.ts(1,15561): error TS1127: Invalid character.
src/services/firebaseService.ts(1,15562): error TS1127: Invalid character.
src/services/firebaseService.ts(1,15563): error TS1127: Invalid character.
src/services/firebaseService.ts(1,15564): error TS1127: Invalid character.
src/services/firebaseService.ts(1,15565): error TS1127: Invalid character.
src/services/firebaseService.ts(1,15566): error TS1127: Invalid character.
src/services/firebaseService.ts(1,15567): error TS1127: Invalid character.
src/services/firebaseService.ts(1,15568): error TS1127: Invalid character.
src/services/firebaseService.ts(1,15569): error TS1127: Invalid character.
src/services/firebaseService.ts(1,15570): error TS1127: Invalid character.
src/services/firebaseService.ts(1,15571): error TS1127: Invalid character.
src/services/firebaseService.ts(1,15572): error TS1127: Invalid character.
src/services/firebaseService.ts(1,15573): error TS1127: Invalid character.
src/services/firebaseService.ts(1,15574): error TS1127: Invalid character.
src/services/firebaseService.ts(1,15575): error TS1127: Invalid character.
src/services/firebaseService.ts(1,15576): error TS1127: Invalid character.
src/services/firebaseService.ts(1,15577): error TS1127: Invalid character.
src/services/firebaseService.ts(1,15578): error TS1127: Invalid character.
src/services/firebaseService.ts(1,15579): error TS1127: Invalid character.
src/services/firebaseService.ts(1,15580): error TS1127: Invalid character.
src/services/firebaseService.ts(1,15581): error TS1127: Invalid character.
src/services/firebaseService.ts(1,15582): error TS1127: Invalid character.
src/services/firebaseService.ts(1,15583): error TS1127: Invalid character.
src/services/firebaseService.ts(1,15584): error TS1127: Invalid character.
src/services/firebaseService.ts(1,15585): error TS1127: Invalid character.
src/services/firebaseService.ts(1,15586): error TS1127: Invalid character.
src/services/firebaseService.ts(1,15587): error TS1127: Invalid character.
src/services/firebaseService.ts(1,15588): error TS1127: Invalid character.
src/services/firebaseService.ts(1,15589): error TS1127: Invalid character.
src/services/firebaseService.ts(1,15590): error TS1127: Invalid character.
src/services/firebaseService.ts(1,15591): error TS1127: Invalid character.
src/services/firebaseService.ts(1,15592): error TS1127: Invalid character.
src/services/firebaseService.ts(1,15593): error TS1127: Invalid character.
src/services/firebaseService.ts(1,15594): error TS1127: Invalid character.
src/services/firebaseService.ts(1,15595): error TS1127: Invalid character.
src/services/firebaseService.ts(1,15596): error TS1127: Invalid character.
src/services/firebaseService.ts(1,15597): error TS1127: Invalid character.
src/services/firebaseService.ts(1,15598): error TS1127: Invalid character.
src/services/firebaseService.ts(1,15599): error TS1127: Invalid character.
src/services/firebaseService.ts(1,15600): error TS1127: Invalid character.
src/services/firebaseService.ts(1,15601): error TS1127: Invalid character.
src/services/firebaseService.ts(1,15602): error TS1127: Invalid character.
src/services/firebaseService.ts(1,15603): error TS1127: Invalid character.
src/services/firebaseService.ts(1,15604): error TS1127: Invalid character.
src/services/firebaseService.ts(1,15605): error TS1127: Invalid character.
src/services/firebaseService.ts(1,15606): error TS1127: Invalid character.
src/services/firebaseService.ts(1,15607): error TS1127: Invalid character.
src/services/firebaseService.ts(1,15608): error TS1127: Invalid character.
src/services/firebaseService.ts(1,15609): error TS1127: Invalid character.
src/services/firebaseService.ts(1,15610): error TS1127: Invalid character.
src/services/firebaseService.ts(1,15611): error TS1127: Invalid character.
src/services/firebaseService.ts(1,15612): error TS1127: Invalid character.
src/services/firebaseService.ts(1,15613): error TS1127: Invalid character.
src/services/firebaseService.ts(1,15614): error TS1127: Invalid character.
src/services/firebaseService.ts(1,15615): error TS1127: Invalid character.
src/services/firebaseService.ts(1,15616): error TS1127: Invalid character.
src/services/firebaseService.ts(1,15617): error TS1127: Invalid character.
src/services/firebaseService.ts(1,15618): error TS1127: Invalid character.
src/services/firebaseService.ts(1,15619): error TS1127: Invalid character.
src/services/firebaseService.ts(1,15620): error TS1127: Invalid character.
src/services/firebaseService.ts(1,15621): error TS1127: Invalid character.
src/services/firebaseService.ts(1,15622): error TS1127: Invalid character.
src/services/firebaseService.ts(1,15623): error TS1127: Invalid character.
src/services/firebaseService.ts(1,15624): error TS1127: Invalid character.
src/services/firebaseService.ts(1,15625): error TS1127: Invalid character.
src/services/firebaseService.ts(1,15626): error TS1127: Invalid character.
src/services/firebaseService.ts(1,15627): error TS1127: Invalid character.
src/services/firebaseService.ts(1,15628): error TS1127: Invalid character.
src/services/firebaseService.ts(1,15629): error TS1127: Invalid character.
src/services/firebaseService.ts(1,15630): error TS1127: Invalid character.
src/services/firebaseService.ts(1,15631): error TS1127: Invalid character.
src/services/firebaseService.ts(1,15632): error TS1127: Invalid character.
src/services/firebaseService.ts(1,15633): error TS1127: Invalid character.
src/services/firebaseService.ts(1,15634): error TS1127: Invalid character.
src/services/firebaseService.ts(1,15635): error TS1127: Invalid character.
src/services/firebaseService.ts(1,15636): error TS1127: Invalid character.
src/services/firebaseService.ts(1,15637): error TS1127: Invalid character.
src/services/firebaseService.ts(1,15638): error TS1127: Invalid character.
src/services/firebaseService.ts(1,15639): error TS1127: Invalid character.
src/services/firebaseService.ts(1,15640): error TS1127: Invalid character.
src/services/firebaseService.ts(1,15641): error TS1127: Invalid character.
src/services/firebaseService.ts(1,15642): error TS1127: Invalid character.
src/services/firebaseService.ts(1,15643): error TS1127: Invalid character.
src/services/firebaseService.ts(1,15644): error TS1127: Invalid character.
src/services/firebaseService.ts(1,15645): error TS1127: Invalid character.
src/services/firebaseService.ts(1,15646): error TS1127: Invalid character.
src/services/firebaseService.ts(1,15647): error TS1127: Invalid character.
src/services/firebaseService.ts(1,15648): error TS1127: Invalid character.
src/services/firebaseService.ts(1,15649): error TS1127: Invalid character.
src/services/firebaseService.ts(1,15650): error TS1127: Invalid character.
src/services/firebaseService.ts(1,15651): error TS1127: Invalid character.
src/services/firebaseService.ts(1,15652): error TS1127: Invalid character.
src/services/firebaseService.ts(1,15653): error TS1127: Invalid character.
src/services/firebaseService.ts(1,15654): error TS1127: Invalid character.
src/services/firebaseService.ts(1,15655): error TS1127: Invalid character.
src/services/firebaseService.ts(1,15656): error TS1127: Invalid character.
src/services/firebaseService.ts(1,15657): error TS1127: Invalid character.
src/services/firebaseService.ts(1,15658): error TS1127: Invalid character.
src/services/firebaseService.ts(1,15659): error TS1127: Invalid character.
src/services/firebaseService.ts(1,15660): error TS1127: Invalid character.
src/services/firebaseService.ts(1,15661): error TS1127: Invalid character.
src/services/firebaseService.ts(1,15662): error TS1127: Invalid character.
src/services/firebaseService.ts(1,15663): error TS1127: Invalid character.
src/services/firebaseService.ts(1,15664): error TS1127: Invalid character.
src/services/firebaseService.ts(1,15665): error TS1127: Invalid character.
src/services/firebaseService.ts(1,15666): error TS1127: Invalid character.
src/services/firebaseService.ts(1,15667): error TS1127: Invalid character.
src/services/firebaseService.ts(1,15668): error TS1127: Invalid character.
src/services/firebaseService.ts(1,15669): error TS1127: Invalid character.
src/services/firebaseService.ts(1,15670): error TS1127: Invalid character.
src/services/firebaseService.ts(1,15671): error TS1127: Invalid character.
src/services/firebaseService.ts(1,15672): error TS1127: Invalid character.
src/services/firebaseService.ts(1,15673): error TS1127: Invalid character.
src/services/firebaseService.ts(1,15674): error TS1127: Invalid character.
src/services/firebaseService.ts(1,15675): error TS1127: Invalid character.
src/services/firebaseService.ts(1,15676): error TS1127: Invalid character.
src/services/firebaseService.ts(1,15677): error TS1127: Invalid character.
src/services/firebaseService.ts(1,15678): error TS1127: Invalid character.
src/services/firebaseService.ts(1,15679): error TS1127: Invalid character.
src/services/firebaseService.ts(1,15680): error TS1127: Invalid character.
src/services/firebaseService.ts(1,15681): error TS1127: Invalid character.
src/services/firebaseService.ts(1,15682): error TS1127: Invalid character.
src/services/firebaseService.ts(1,15683): error TS1127: Invalid character.
src/services/firebaseService.ts(1,15684): error TS1127: Invalid character.
src/services/firebaseService.ts(1,15685): error TS1127: Invalid character.
src/services/firebaseService.ts(1,15686): error TS1127: Invalid character.
src/services/firebaseService.ts(1,15687): error TS1127: Invalid character.
src/services/firebaseService.ts(1,15688): error TS1127: Invalid character.
src/services/firebaseService.ts(1,15689): error TS1127: Invalid character.
src/services/firebaseService.ts(1,15690): error TS1127: Invalid character.
src/services/firebaseService.ts(1,15691): error TS1127: Invalid character.
src/services/firebaseService.ts(1,15692): error TS1127: Invalid character.
src/services/firebaseService.ts(1,15693): error TS1127: Invalid character.
src/services/firebaseService.ts(1,15694): error TS1127: Invalid character.
src/services/firebaseService.ts(1,15695): error TS1127: Invalid character.
src/services/firebaseService.ts(1,15696): error TS1127: Invalid character.
src/services/firebaseService.ts(1,15697): error TS1127: Invalid character.
src/services/firebaseService.ts(1,15698): error TS1127: Invalid character.
src/services/firebaseService.ts(1,15699): error TS1127: Invalid character.
src/services/firebaseService.ts(1,15700): error TS1127: Invalid character.
src/services/firebaseService.ts(1,15701): error TS1127: Invalid character.
src/services/firebaseService.ts(1,15702): error TS1127: Invalid character.
src/services/firebaseService.ts(1,15703): error TS1127: Invalid character.
src/services/firebaseService.ts(1,15704): error TS1127: Invalid character.
src/services/firebaseService.ts(1,15705): error TS1127: Invalid character.
src/services/firebaseService.ts(1,15706): error TS1127: Invalid character.
src/services/firebaseService.ts(1,15707): error TS1127: Invalid character.
src/services/firebaseService.ts(1,15708): error TS1127: Invalid character.
src/services/firebaseService.ts(1,15709): error TS1127: Invalid character.
src/services/firebaseService.ts(1,15710): error TS1127: Invalid character.
src/services/firebaseService.ts(1,15711): error TS1127: Invalid character.
src/services/firebaseService.ts(1,15712): error TS1127: Invalid character.
src/services/firebaseService.ts(1,15713): error TS1127: Invalid character.
src/services/firebaseService.ts(1,15714): error TS1127: Invalid character.
src/services/firebaseService.ts(1,15715): error TS1127: Invalid character.
src/services/firebaseService.ts(1,15716): error TS1127: Invalid character.
src/services/firebaseService.ts(1,15717): error TS1127: Invalid character.
src/services/firebaseService.ts(1,15718): error TS1127: Invalid character.
src/services/firebaseService.ts(1,15719): error TS1127: Invalid character.
src/services/firebaseService.ts(1,15720): error TS1127: Invalid character.
src/services/firebaseService.ts(1,15721): error TS1127: Invalid character.
src/services/firebaseService.ts(1,15722): error TS1127: Invalid character.
src/services/firebaseService.ts(1,15723): error TS1127: Invalid character.
src/services/firebaseService.ts(1,15724): error TS1127: Invalid character.
src/services/firebaseService.ts(1,15725): error TS1127: Invalid character.
src/services/firebaseService.ts(1,15726): error TS1127: Invalid character.
src/services/firebaseService.ts(1,15727): error TS1127: Invalid character.
src/services/firebaseService.ts(1,15728): error TS1127: Invalid character.
src/services/firebaseService.ts(1,15729): error TS1127: Invalid character.
src/services/firebaseService.ts(1,15730): error TS1127: Invalid character.
src/services/firebaseService.ts(1,15731): error TS1127: Invalid character.
src/services/firebaseService.ts(1,15732): error TS1127: Invalid character.
src/services/firebaseService.ts(1,15733): error TS1127: Invalid character.
src/services/firebaseService.ts(1,15734): error TS1127: Invalid character.
src/services/firebaseService.ts(1,15735): error TS1127: Invalid character.
src/services/firebaseService.ts(1,15736): error TS1127: Invalid character.
src/services/firebaseService.ts(1,15737): error TS1127: Invalid character.
src/services/firebaseService.ts(1,15738): error TS1127: Invalid character.
src/services/firebaseService.ts(1,15739): error TS1127: Invalid character.
src/services/firebaseService.ts(1,15740): error TS1127: Invalid character.
src/services/firebaseService.ts(1,15741): error TS1127: Invalid character.
src/services/firebaseService.ts(1,15742): error TS1127: Invalid character.
src/services/firebaseService.ts(1,15743): error TS1127: Invalid character.
src/services/firebaseService.ts(1,15744): error TS1127: Invalid character.
src/services/firebaseService.ts(1,15745): error TS1127: Invalid character.
src/services/firebaseService.ts(1,15746): error TS1127: Invalid character.
src/services/firebaseService.ts(1,15747): error TS1127: Invalid character.
src/services/firebaseService.ts(1,15748): error TS1127: Invalid character.
src/services/firebaseService.ts(1,15749): error TS1127: Invalid character.
src/services/firebaseService.ts(1,15750): error TS1127: Invalid character.
src/services/firebaseService.ts(1,15751): error TS1127: Invalid character.
src/services/firebaseService.ts(1,15752): error TS1127: Invalid character.
src/services/firebaseService.ts(1,15753): error TS1127: Invalid character.
src/services/firebaseService.ts(1,15754): error TS1127: Invalid character.
src/services/firebaseService.ts(1,15755): error TS1127: Invalid character.
src/services/firebaseService.ts(1,15756): error TS1127: Invalid character.
src/services/firebaseService.ts(1,15757): error TS1127: Invalid character.
src/services/firebaseService.ts(1,15758): error TS1127: Invalid character.
src/services/firebaseService.ts(1,15759): error TS1127: Invalid character.
src/services/firebaseService.ts(1,15760): error TS1127: Invalid character.
src/services/firebaseService.ts(1,15761): error TS1127: Invalid character.
src/services/firebaseService.ts(1,15762): error TS1127: Invalid character.
src/services/firebaseService.ts(1,15763): error TS1127: Invalid character.
src/services/firebaseService.ts(1,15764): error TS1127: Invalid character.
src/services/firebaseService.ts(1,15765): error TS1127: Invalid character.
src/services/firebaseService.ts(1,15766): error TS1127: Invalid character.
src/services/firebaseService.ts(1,15767): error TS1127: Invalid character.
src/services/firebaseService.ts(1,15768): error TS1127: Invalid character.
src/services/firebaseService.ts(1,15769): error TS1127: Invalid character.
src/services/firebaseService.ts(1,15770): error TS1127: Invalid character.
src/services/firebaseService.ts(1,15771): error TS1127: Invalid character.
src/services/firebaseService.ts(1,15772): error TS1127: Invalid character.
src/services/firebaseService.ts(1,15773): error TS1127: Invalid character.
src/services/firebaseService.ts(1,15774): error TS1127: Invalid character.
src/services/firebaseService.ts(1,15775): error TS1127: Invalid character.
src/services/firebaseService.ts(1,15776): error TS1127: Invalid character.
src/services/firebaseService.ts(1,15777): error TS1127: Invalid character.
src/services/firebaseService.ts(1,15778): error TS1127: Invalid character.
src/services/firebaseService.ts(1,15779): error TS1127: Invalid character.
src/services/firebaseService.ts(1,15780): error TS1127: Invalid character.
src/services/firebaseService.ts(1,15781): error TS1127: Invalid character.
src/services/firebaseService.ts(1,15782): error TS1127: Invalid character.
src/services/firebaseService.ts(1,15783): error TS1127: Invalid character.
src/services/firebaseService.ts(1,15784): error TS1127: Invalid character.
src/services/firebaseService.ts(1,15785): error TS1127: Invalid character.
src/services/firebaseService.ts(1,15786): error TS1127: Invalid character.
src/services/firebaseService.ts(1,15787): error TS1127: Invalid character.
src/services/firebaseService.ts(1,15788): error TS1127: Invalid character.
src/services/firebaseService.ts(1,15789): error TS1127: Invalid character.
src/services/firebaseService.ts(1,15790): error TS1127: Invalid character.
src/services/firebaseService.ts(1,15791): error TS1127: Invalid character.
src/services/firebaseService.ts(1,15792): error TS1127: Invalid character.
src/services/firebaseService.ts(1,15793): error TS1127: Invalid character.
src/services/firebaseService.ts(1,15794): error TS1127: Invalid character.
src/services/firebaseService.ts(1,15795): error TS1127: Invalid character.
src/services/firebaseService.ts(1,15796): error TS1127: Invalid character.
src/services/firebaseService.ts(1,15797): error TS1127: Invalid character.
src/services/firebaseService.ts(1,15798): error TS1127: Invalid character.
src/services/firebaseService.ts(1,15799): error TS1127: Invalid character.
src/services/firebaseService.ts(1,15800): error TS1127: Invalid character.
src/services/firebaseService.ts(1,15801): error TS1127: Invalid character.
src/services/firebaseService.ts(1,15802): error TS1127: Invalid character.
src/services/firebaseService.ts(1,15803): error TS1127: Invalid character.
src/services/firebaseService.ts(1,15804): error TS1127: Invalid character.
src/services/firebaseService.ts(1,15805): error TS1127: Invalid character.
src/services/firebaseService.ts(1,15806): error TS1127: Invalid character.
src/services/firebaseService.ts(1,15807): error TS1127: Invalid character.
src/services/firebaseService.ts(1,15808): error TS1127: Invalid character.
src/services/firebaseService.ts(1,15809): error TS1127: Invalid character.
src/services/firebaseService.ts(1,15810): error TS1127: Invalid character.
src/services/firebaseService.ts(1,15811): error TS1127: Invalid character.
src/services/firebaseService.ts(1,15812): error TS1127: Invalid character.
src/services/firebaseService.ts(1,15813): error TS1127: Invalid character.
src/services/firebaseService.ts(1,15814): error TS1127: Invalid character.
src/services/firebaseService.ts(1,15815): error TS1127: Invalid character.
src/services/firebaseService.ts(1,15816): error TS1127: Invalid character.
src/services/firebaseService.ts(1,15817): error TS1127: Invalid character.
src/services/firebaseService.ts(1,15818): error TS1127: Invalid character.
src/services/firebaseService.ts(1,15819): error TS1127: Invalid character.
src/services/firebaseService.ts(1,15820): error TS1127: Invalid character.
src/services/firebaseService.ts(1,15821): error TS1127: Invalid character.
src/services/firebaseService.ts(1,15822): error TS1127: Invalid character.
src/services/firebaseService.ts(1,15823): error TS1127: Invalid character.
src/services/firebaseService.ts(1,15824): error TS1127: Invalid character.
src/services/firebaseService.ts(1,15825): error TS1127: Invalid character.
src/services/firebaseService.ts(1,15826): error TS1127: Invalid character.
src/services/firebaseService.ts(1,15827): error TS1127: Invalid character.
src/services/firebaseService.ts(1,15828): error TS1127: Invalid character.
src/services/firebaseService.ts(1,15829): error TS1127: Invalid character.
src/services/firebaseService.ts(1,15830): error TS1127: Invalid character.
src/services/firebaseService.ts(1,15831): error TS1127: Invalid character.
src/services/firebaseService.ts(1,15832): error TS1127: Invalid character.
src/services/firebaseService.ts(1,15833): error TS1127: Invalid character.
src/services/firebaseService.ts(1,15834): error TS1127: Invalid character.
src/services/firebaseService.ts(1,15835): error TS1127: Invalid character.
src/services/firebaseService.ts(1,15836): error TS1127: Invalid character.
src/services/firebaseService.ts(1,15837): error TS1127: Invalid character.
src/services/firebaseService.ts(1,15838): error TS1127: Invalid character.
src/services/firebaseService.ts(1,15839): error TS1127: Invalid character.
src/services/firebaseService.ts(1,15840): error TS1127: Invalid character.
src/services/firebaseService.ts(1,15841): error TS1127: Invalid character.
src/services/firebaseService.ts(1,15842): error TS1127: Invalid character.
src/services/firebaseService.ts(1,15843): error TS1127: Invalid character.
src/services/firebaseService.ts(1,15844): error TS1127: Invalid character.
src/services/firebaseService.ts(1,15845): error TS1127: Invalid character.
src/services/firebaseService.ts(1,15846): error TS1127: Invalid character.
src/services/firebaseService.ts(1,15847): error TS1127: Invalid character.
src/services/firebaseService.ts(1,15848): error TS1127: Invalid character.
src/services/firebaseService.ts(1,15849): error TS1127: Invalid character.
src/services/firebaseService.ts(1,15850): error TS1127: Invalid character.
src/services/firebaseService.ts(1,15851): error TS1127: Invalid character.
src/services/firebaseService.ts(1,15852): error TS1127: Invalid character.
src/services/firebaseService.ts(1,15853): error TS1127: Invalid character.
src/services/firebaseService.ts(1,15854): error TS1127: Invalid character.
src/services/firebaseService.ts(1,15855): error TS1127: Invalid character.
src/services/firebaseService.ts(1,15856): error TS1127: Invalid character.
src/services/firebaseService.ts(1,15857): error TS1127: Invalid character.
src/services/firebaseService.ts(1,15858): error TS1127: Invalid character.
src/services/firebaseService.ts(1,15859): error TS1127: Invalid character.
src/services/firebaseService.ts(1,15860): error TS1127: Invalid character.
src/services/firebaseService.ts(1,15861): error TS1127: Invalid character.
src/services/firebaseService.ts(1,15862): error TS1127: Invalid character.
src/services/firebaseService.ts(1,15863): error TS1127: Invalid character.
src/services/firebaseService.ts(1,15864): error TS1127: Invalid character.
src/services/firebaseService.ts(1,15865): error TS1127: Invalid character.
src/services/firebaseService.ts(1,15866): error TS1127: Invalid character.
src/services/firebaseService.ts(1,15867): error TS1127: Invalid character.
src/services/firebaseService.ts(1,15868): error TS1127: Invalid character.
src/services/firebaseService.ts(1,15869): error TS1127: Invalid character.
src/services/firebaseService.ts(1,15870): error TS1127: Invalid character.
src/services/firebaseService.ts(1,15871): error TS1127: Invalid character.
src/services/firebaseService.ts(1,15872): error TS1127: Invalid character.
src/services/firebaseService.ts(1,15873): error TS1127: Invalid character.
src/services/firebaseService.ts(1,15874): error TS1127: Invalid character.
src/services/firebaseService.ts(1,15875): error TS1127: Invalid character.
src/services/firebaseService.ts(1,15876): error TS1127: Invalid character.
src/services/firebaseService.ts(1,15877): error TS1127: Invalid character.
src/services/firebaseService.ts(1,15878): error TS1127: Invalid character.
src/services/firebaseService.ts(1,15879): error TS1127: Invalid character.
src/services/firebaseService.ts(1,15880): error TS1127: Invalid character.
src/services/firebaseService.ts(1,15881): error TS1127: Invalid character.
src/services/firebaseService.ts(1,15882): error TS1127: Invalid character.
src/services/firebaseService.ts(1,15883): error TS1127: Invalid character.
src/services/firebaseService.ts(1,15884): error TS1127: Invalid character.
src/services/firebaseService.ts(1,15885): error TS1127: Invalid character.
src/services/firebaseService.ts(1,15886): error TS1127: Invalid character.
src/services/firebaseService.ts(1,15887): error TS1127: Invalid character.
src/services/firebaseService.ts(1,15888): error TS1127: Invalid character.
src/services/firebaseService.ts(1,15889): error TS1127: Invalid character.
src/services/firebaseService.ts(1,15890): error TS1127: Invalid character.
src/services/firebaseService.ts(1,15891): error TS1127: Invalid character.
src/services/firebaseService.ts(1,15892): error TS1127: Invalid character.
src/services/firebaseService.ts(1,15893): error TS1127: Invalid character.
src/services/firebaseService.ts(1,15894): error TS1127: Invalid character.
src/services/firebaseService.ts(1,15895): error TS1127: Invalid character.
src/services/firebaseService.ts(1,15896): error TS1127: Invalid character.
src/services/firebaseService.ts(1,15897): error TS1127: Invalid character.
src/services/firebaseService.ts(1,15898): error TS1127: Invalid character.
src/services/firebaseService.ts(1,15899): error TS1127: Invalid character.
src/services/firebaseService.ts(1,15900): error TS1127: Invalid character.
src/services/firebaseService.ts(1,15901): error TS1127: Invalid character.
src/services/firebaseService.ts(1,15902): error TS1127: Invalid character.
src/services/firebaseService.ts(1,15903): error TS1127: Invalid character.
src/services/firebaseService.ts(1,15904): error TS1127: Invalid character.
src/services/firebaseService.ts(1,15905): error TS1127: Invalid character.
src/services/firebaseService.ts(1,15906): error TS1127: Invalid character.
src/services/firebaseService.ts(1,15907): error TS1127: Invalid character.
src/services/firebaseService.ts(1,15908): error TS1127: Invalid character.
src/services/firebaseService.ts(1,15909): error TS1127: Invalid character.
src/services/firebaseService.ts(1,15910): error TS1127: Invalid character.
src/services/firebaseService.ts(1,15911): error TS1127: Invalid character.
src/services/firebaseService.ts(1,15912): error TS1127: Invalid character.
src/services/firebaseService.ts(1,15913): error TS1127: Invalid character.
src/services/firebaseService.ts(1,15914): error TS1127: Invalid character.
src/services/firebaseService.ts(1,15915): error TS1127: Invalid character.
src/services/firebaseService.ts(1,15916): error TS1127: Invalid character.
src/services/firebaseService.ts(1,15917): error TS1127: Invalid character.
src/services/firebaseService.ts(1,15918): error TS1127: Invalid character.
src/services/firebaseService.ts(1,15919): error TS1127: Invalid character.
src/services/firebaseService.ts(1,15920): error TS1127: Invalid character.
src/services/firebaseService.ts(1,15921): error TS1127: Invalid character.
src/services/firebaseService.ts(1,15922): error TS1127: Invalid character.
src/services/firebaseService.ts(1,15923): error TS1127: Invalid character.
src/services/firebaseService.ts(1,15924): error TS1127: Invalid character.
src/services/firebaseService.ts(1,15925): error TS1127: Invalid character.
src/services/firebaseService.ts(1,15926): error TS1127: Invalid character.
src/services/firebaseService.ts(1,15927): error TS1127: Invalid character.
src/services/firebaseService.ts(1,15928): error TS1127: Invalid character.
src/services/firebaseService.ts(1,15929): error TS1127: Invalid character.
src/services/firebaseService.ts(1,15930): error TS1127: Invalid character.
src/services/firebaseService.ts(1,15931): error TS1127: Invalid character.
src/services/firebaseService.ts(1,15932): error TS1127: Invalid character.
src/services/firebaseService.ts(1,15933): error TS1127: Invalid character.
src/services/firebaseService.ts(1,15934): error TS1127: Invalid character.
src/services/firebaseService.ts(1,15935): error TS1127: Invalid character.
src/services/firebaseService.ts(1,15936): error TS1127: Invalid character.
src/services/firebaseService.ts(1,15937): error TS1127: Invalid character.
src/services/firebaseService.ts(1,15938): error TS1127: Invalid character.
src/services/firebaseService.ts(1,15939): error TS1127: Invalid character.
src/services/firebaseService.ts(1,15940): error TS1127: Invalid character.
src/services/firebaseService.ts(1,15941): error TS1127: Invalid character.
src/services/firebaseService.ts(1,15942): error TS1127: Invalid character.
src/services/firebaseService.ts(1,15943): error TS1127: Invalid character.
src/services/firebaseService.ts(1,15944): error TS1127: Invalid character.
src/services/firebaseService.ts(1,15945): error TS1127: Invalid character.
src/services/firebaseService.ts(1,15946): error TS1127: Invalid character.
src/services/firebaseService.ts(1,15947): error TS1127: Invalid character.
src/services/firebaseService.ts(1,15948): error TS1127: Invalid character.
src/services/firebaseService.ts(1,15949): error TS1127: Invalid character.
src/services/firebaseService.ts(1,15950): error TS1127: Invalid character.
src/services/firebaseService.ts(1,15951): error TS1127: Invalid character.
src/services/firebaseService.ts(1,15952): error TS1127: Invalid character.
src/services/firebaseService.ts(1,15953): error TS1127: Invalid character.
src/services/firebaseService.ts(1,15954): error TS1127: Invalid character.
src/services/firebaseService.ts(1,15955): error TS1127: Invalid character.
src/services/firebaseService.ts(1,15956): error TS1127: Invalid character.
src/services/firebaseService.ts(1,15957): error TS1127: Invalid character.
src/services/firebaseService.ts(1,15958): error TS1127: Invalid character.
src/services/firebaseService.ts(1,15959): error TS1127: Invalid character.
src/services/firebaseService.ts(1,15960): error TS1127: Invalid character.
src/services/firebaseService.ts(1,15961): error TS1127: Invalid character.
src/services/firebaseService.ts(1,15962): error TS1127: Invalid character.
src/services/firebaseService.ts(1,15963): error TS1127: Invalid character.
src/services/firebaseService.ts(1,15964): error TS1127: Invalid character.
src/services/firebaseService.ts(1,15965): error TS1127: Invalid character.
src/services/firebaseService.ts(1,15966): error TS1127: Invalid character.
src/services/firebaseService.ts(1,15967): error TS1127: Invalid character.
src/services/firebaseService.ts(1,15968): error TS1127: Invalid character.
src/services/firebaseService.ts(1,15969): error TS1127: Invalid character.
src/services/firebaseService.ts(1,15970): error TS1127: Invalid character.
src/services/firebaseService.ts(1,15971): error TS1127: Invalid character.
src/services/firebaseService.ts(1,15972): error TS1127: Invalid character.
src/services/firebaseService.ts(1,15973): error TS1127: Invalid character.
src/services/firebaseService.ts(1,15974): error TS1127: Invalid character.
src/services/firebaseService.ts(1,15975): error TS1127: Invalid character.
src/services/firebaseService.ts(1,15976): error TS1127: Invalid character.
src/services/firebaseService.ts(1,15977): error TS1127: Invalid character.
src/services/firebaseService.ts(1,15978): error TS1127: Invalid character.
src/services/firebaseService.ts(1,15979): error TS1127: Invalid character.
src/services/firebaseService.ts(1,15980): error TS1127: Invalid character.
src/services/firebaseService.ts(1,15981): error TS1127: Invalid character.
src/services/firebaseService.ts(1,15982): error TS1127: Invalid character.
src/services/firebaseService.ts(1,15983): error TS1127: Invalid character.
src/services/firebaseService.ts(1,15984): error TS1127: Invalid character.
src/services/firebaseService.ts(1,15985): error TS1127: Invalid character.
src/services/firebaseService.ts(1,15986): error TS1127: Invalid character.
src/services/firebaseService.ts(1,15987): error TS1127: Invalid character.
src/services/firebaseService.ts(1,15988): error TS1127: Invalid character.
src/services/firebaseService.ts(1,15989): error TS1127: Invalid character.
src/services/firebaseService.ts(1,15990): error TS1127: Invalid character.
src/services/firebaseService.ts(1,15991): error TS1127: Invalid character.
src/services/firebaseService.ts(1,15992): error TS1127: Invalid character.
src/services/firebaseService.ts(1,15993): error TS1127: Invalid character.
src/services/firebaseService.ts(1,15994): error TS1127: Invalid character.
src/services/firebaseService.ts(1,15995): error TS1127: Invalid character.
src/services/firebaseService.ts(1,15996): error TS1127: Invalid character.
src/services/firebaseService.ts(1,15997): error TS1127: Invalid character.
src/services/firebaseService.ts(1,15998): error TS1127: Invalid character.
src/services/firebaseService.ts(1,15999): error TS1127: Invalid character.
src/services/firebaseService.ts(1,16000): error TS1127: Invalid character.
src/services/firebaseService.ts(1,16001): error TS1127: Invalid character.
src/services/firebaseService.ts(1,16002): error TS1127: Invalid character.
src/services/firebaseService.ts(1,16003): error TS1127: Invalid character.
src/services/firebaseService.ts(1,16004): error TS1127: Invalid character.
src/services/firebaseService.ts(1,16005): error TS1127: Invalid character.
src/services/firebaseService.ts(1,16006): error TS1127: Invalid character.
src/services/firebaseService.ts(1,16007): error TS1127: Invalid character.
src/services/firebaseService.ts(1,16008): error TS1127: Invalid character.
src/services/firebaseService.ts(1,16009): error TS1127: Invalid character.
src/services/firebaseService.ts(1,16010): error TS1127: Invalid character.
src/services/firebaseService.ts(1,16011): error TS1127: Invalid character.
src/services/firebaseService.ts(1,16012): error TS1127: Invalid character.
src/services/firebaseService.ts(1,16013): error TS1127: Invalid character.
src/services/firebaseService.ts(1,16014): error TS1127: Invalid character.
src/services/firebaseService.ts(1,16015): error TS1127: Invalid character.
src/services/firebaseService.ts(1,16016): error TS1127: Invalid character.
src/services/firebaseService.ts(1,16017): error TS1127: Invalid character.
src/services/firebaseService.ts(1,16018): error TS1127: Invalid character.
src/services/firebaseService.ts(1,16019): error TS1127: Invalid character.
src/services/firebaseService.ts(1,16020): error TS1127: Invalid character.
src/services/firebaseService.ts(1,16021): error TS1127: Invalid character.
src/services/firebaseService.ts(1,16022): error TS1127: Invalid character.
src/services/firebaseService.ts(1,16023): error TS1127: Invalid character.
src/services/firebaseService.ts(1,16024): error TS1127: Invalid character.
src/services/firebaseService.ts(1,16025): error TS1127: Invalid character.
src/services/firebaseService.ts(1,16026): error TS1127: Invalid character.
src/services/firebaseService.ts(1,16027): error TS1127: Invalid character.
src/services/firebaseService.ts(1,16028): error TS1127: Invalid character.
src/services/firebaseService.ts(1,16029): error TS1127: Invalid character.
src/services/firebaseService.ts(1,16030): error TS1127: Invalid character.
src/services/firebaseService.ts(1,16031): error TS1127: Invalid character.
src/services/firebaseService.ts(1,16032): error TS1127: Invalid character.
src/services/firebaseService.ts(1,16033): error TS1127: Invalid character.
src/services/firebaseService.ts(1,16034): error TS1127: Invalid character.
src/services/firebaseService.ts(1,16035): error TS1127: Invalid character.
src/services/firebaseService.ts(1,16036): error TS1127: Invalid character.
src/services/firebaseService.ts(1,16037): error TS1127: Invalid character.
src/services/firebaseService.ts(1,16038): error TS1127: Invalid character.
src/services/firebaseService.ts(1,16039): error TS1127: Invalid character.
src/services/firebaseService.ts(1,16040): error TS1127: Invalid character.
src/services/firebaseService.ts(1,16041): error TS1127: Invalid character.
src/services/firebaseService.ts(1,16042): error TS1127: Invalid character.
src/services/firebaseService.ts(1,16043): error TS1127: Invalid character.
src/services/firebaseService.ts(1,16044): error TS1127: Invalid character.
src/services/firebaseService.ts(1,16045): error TS1127: Invalid character.
src/services/firebaseService.ts(1,16046): error TS1127: Invalid character.
src/services/firebaseService.ts(1,16047): error TS1127: Invalid character.
src/services/firebaseService.ts(1,16048): error TS1127: Invalid character.
src/services/firebaseService.ts(1,16049): error TS1127: Invalid character.
src/services/firebaseService.ts(1,16050): error TS1127: Invalid character.
src/services/firebaseService.ts(1,16051): error TS1127: Invalid character.
src/services/firebaseService.ts(1,16052): error TS1127: Invalid character.
src/services/firebaseService.ts(1,16053): error TS1127: Invalid character.
src/services/firebaseService.ts(1,16054): error TS1127: Invalid character.
src/services/firebaseService.ts(1,16055): error TS1127: Invalid character.
src/services/firebaseService.ts(1,16056): error TS1127: Invalid character.
src/services/firebaseService.ts(1,16057): error TS1127: Invalid character.
src/services/firebaseService.ts(1,16058): error TS1127: Invalid character.
src/services/firebaseService.ts(1,16059): error TS1127: Invalid character.
src/services/firebaseService.ts(1,16060): error TS1127: Invalid character.
src/services/firebaseService.ts(1,16061): error TS1127: Invalid character.
src/services/firebaseService.ts(1,16062): error TS1127: Invalid character.
src/services/firebaseService.ts(1,16063): error TS1127: Invalid character.
src/services/firebaseService.ts(1,16064): error TS1127: Invalid character.
src/services/firebaseService.ts(1,16065): error TS1127: Invalid character.
src/services/firebaseService.ts(1,16066): error TS1127: Invalid character.
src/services/firebaseService.ts(1,16067): error TS1127: Invalid character.
src/services/firebaseService.ts(1,16068): error TS1127: Invalid character.
src/services/firebaseService.ts(1,16069): error TS1127: Invalid character.
src/services/firebaseService.ts(1,16070): error TS1127: Invalid character.
src/services/firebaseService.ts(1,16071): error TS1127: Invalid character.
src/services/firebaseService.ts(1,16072): error TS1127: Invalid character.
src/services/firebaseService.ts(1,16073): error TS1127: Invalid character.
src/services/firebaseService.ts(1,16074): error TS1127: Invalid character.
src/services/firebaseService.ts(1,16075): error TS1127: Invalid character.
src/services/firebaseService.ts(1,16076): error TS1127: Invalid character.
src/services/firebaseService.ts(1,16077): error TS1127: Invalid character.
src/services/firebaseService.ts(1,16078): error TS1127: Invalid character.
src/services/firebaseService.ts(1,16079): error TS1127: Invalid character.
src/services/firebaseService.ts(1,16080): error TS1127: Invalid character.
src/services/firebaseService.ts(1,16081): error TS1127: Invalid character.
src/services/firebaseService.ts(1,16082): error TS1127: Invalid character.
src/services/firebaseService.ts(1,16083): error TS1127: Invalid character.
src/services/firebaseService.ts(1,16084): error TS1127: Invalid character.
src/services/firebaseService.ts(1,16085): error TS1127: Invalid character.
src/services/firebaseService.ts(1,16086): error TS1127: Invalid character.
src/services/firebaseService.ts(1,16087): error TS1127: Invalid character.
src/services/firebaseService.ts(1,16088): error TS1127: Invalid character.
src/services/firebaseService.ts(1,16089): error TS1127: Invalid character.
src/services/firebaseService.ts(1,16090): error TS1127: Invalid character.
src/services/firebaseService.ts(1,16091): error TS1127: Invalid character.
src/services/firebaseService.ts(1,16092): error TS1127: Invalid character.
src/services/firebaseService.ts(1,16093): error TS1127: Invalid character.
src/services/firebaseService.ts(1,16094): error TS1127: Invalid character.
src/services/firebaseService.ts(1,16095): error TS1127: Invalid character.
src/services/firebaseService.ts(1,16096): error TS1127: Invalid character.
src/services/firebaseService.ts(1,16097): error TS1127: Invalid character.
src/services/firebaseService.ts(1,16098): error TS1127: Invalid character.
src/services/firebaseService.ts(1,16099): error TS1127: Invalid character.
src/services/firebaseService.ts(1,16100): error TS1127: Invalid character.
src/services/firebaseService.ts(1,16101): error TS1127: Invalid character.
src/services/firebaseService.ts(1,16102): error TS1127: Invalid character.
src/services/firebaseService.ts(1,16103): error TS1127: Invalid character.
src/services/firebaseService.ts(1,16104): error TS1127: Invalid character.
src/services/firebaseService.ts(1,16105): error TS1127: Invalid character.
src/services/firebaseService.ts(1,16106): error TS1127: Invalid character.
src/services/firebaseService.ts(1,16107): error TS1127: Invalid character.
src/services/firebaseService.ts(1,16108): error TS1127: Invalid character.
src/services/firebaseService.ts(1,16109): error TS1127: Invalid character.
src/services/firebaseService.ts(1,16110): error TS1127: Invalid character.
src/services/firebaseService.ts(1,16111): error TS1127: Invalid character.
src/services/firebaseService.ts(1,16112): error TS1127: Invalid character.
src/services/firebaseService.ts(1,16113): error TS1127: Invalid character.
src/services/firebaseService.ts(1,16114): error TS1127: Invalid character.
src/services/firebaseService.ts(1,16115): error TS1127: Invalid character.
src/services/firebaseService.ts(1,16116): error TS1127: Invalid character.
src/services/firebaseService.ts(1,16117): error TS1127: Invalid character.
src/services/firebaseService.ts(1,16118): error TS1127: Invalid character.
src/services/firebaseService.ts(1,16119): error TS1127: Invalid character.
src/services/firebaseService.ts(1,16120): error TS1127: Invalid character.
src/services/firebaseService.ts(1,16121): error TS1127: Invalid character.
src/services/firebaseService.ts(1,16122): error TS1127: Invalid character.
src/services/firebaseService.ts(1,16123): error TS1127: Invalid character.
src/services/firebaseService.ts(1,16124): error TS1127: Invalid character.
src/services/firebaseService.ts(1,16125): error TS1127: Invalid character.
src/services/firebaseService.ts(1,16126): error TS1127: Invalid character.
src/services/firebaseService.ts(1,16127): error TS1127: Invalid character.
src/services/firebaseService.ts(1,16128): error TS1127: Invalid character.
src/services/firebaseService.ts(1,16129): error TS1127: Invalid character.
src/services/firebaseService.ts(1,16130): error TS1127: Invalid character.
src/services/firebaseService.ts(1,16131): error TS1127: Invalid character.
src/services/firebaseService.ts(1,16132): error TS1127: Invalid character.
src/services/firebaseService.ts(1,16133): error TS1127: Invalid character.
src/services/firebaseService.ts(1,16134): error TS1127: Invalid character.
src/services/firebaseService.ts(1,16135): error TS1127: Invalid character.
src/services/firebaseService.ts(1,16136): error TS1127: Invalid character.
src/services/firebaseService.ts(1,16137): error TS1127: Invalid character.
src/services/firebaseService.ts(1,16138): error TS1127: Invalid character.
src/services/firebaseService.ts(1,16139): error TS1127: Invalid character.
src/services/firebaseService.ts(1,16140): error TS1127: Invalid character.
src/services/firebaseService.ts(1,16141): error TS1127: Invalid character.
src/services/firebaseService.ts(1,16142): error TS1127: Invalid character.
src/services/firebaseService.ts(1,16143): error TS1127: Invalid character.
src/services/firebaseService.ts(1,16144): error TS1127: Invalid character.
src/services/firebaseService.ts(1,16145): error TS1127: Invalid character.
src/services/firebaseService.ts(1,16146): error TS1127: Invalid character.
src/services/firebaseService.ts(1,16147): error TS1127: Invalid character.
src/services/firebaseService.ts(1,16148): error TS1127: Invalid character.
src/services/firebaseService.ts(1,16149): error TS1127: Invalid character.
src/services/firebaseService.ts(1,16150): error TS1127: Invalid character.
src/services/firebaseService.ts(1,16151): error TS1127: Invalid character.
src/services/firebaseService.ts(1,16152): error TS1127: Invalid character.
src/services/firebaseService.ts(1,16153): error TS1127: Invalid character.
src/services/firebaseService.ts(1,16154): error TS1127: Invalid character.
src/services/firebaseService.ts(1,16155): error TS1127: Invalid character.
src/services/firebaseService.ts(1,16156): error TS1127: Invalid character.
src/services/firebaseService.ts(1,16157): error TS1127: Invalid character.
src/services/firebaseService.ts(1,16158): error TS1127: Invalid character.
src/services/firebaseService.ts(1,16159): error TS1127: Invalid character.
src/services/firebaseService.ts(1,16160): error TS1127: Invalid character.
src/services/firebaseService.ts(1,16161): error TS1127: Invalid character.
src/services/firebaseService.ts(1,16162): error TS1127: Invalid character.
src/services/firebaseService.ts(1,16163): error TS1127: Invalid character.
src/services/firebaseService.ts(1,16164): error TS1127: Invalid character.
src/services/firebaseService.ts(1,16165): error TS1127: Invalid character.
src/services/firebaseService.ts(1,16166): error TS1127: Invalid character.
src/services/firebaseService.ts(1,16167): error TS1127: Invalid character.
src/services/firebaseService.ts(1,16168): error TS1127: Invalid character.
src/services/firebaseService.ts(1,16169): error TS1127: Invalid character.
src/services/firebaseService.ts(1,16170): error TS1127: Invalid character.
src/services/firebaseService.ts(1,16171): error TS1127: Invalid character.
src/services/firebaseService.ts(1,16172): error TS1127: Invalid character.
src/services/firebaseService.ts(1,16173): error TS1127: Invalid character.
src/services/firebaseService.ts(1,16174): error TS1127: Invalid character.
src/services/firebaseService.ts(1,16175): error TS1127: Invalid character.
src/services/firebaseService.ts(1,16176): error TS1127: Invalid character.
src/services/firebaseService.ts(1,16177): error TS1127: Invalid character.
src/services/firebaseService.ts(1,16178): error TS1127: Invalid character.
src/services/firebaseService.ts(1,16179): error TS1127: Invalid character.
src/services/firebaseService.ts(1,16180): error TS1127: Invalid character.
src/services/firebaseService.ts(1,16181): error TS1127: Invalid character.
src/services/firebaseService.ts(1,16182): error TS1127: Invalid character.
src/services/firebaseService.ts(1,16183): error TS1127: Invalid character.
src/services/firebaseService.ts(1,16184): error TS1127: Invalid character.
src/services/firebaseService.ts(1,16185): error TS1127: Invalid character.
src/services/firebaseService.ts(1,16186): error TS1127: Invalid character.
src/services/firebaseService.ts(1,16187): error TS1127: Invalid character.
src/services/firebaseService.ts(1,16188): error TS1127: Invalid character.
src/services/firebaseService.ts(1,16189): error TS1127: Invalid character.
src/services/firebaseService.ts(1,16190): error TS1127: Invalid character.
src/services/firebaseService.ts(1,16191): error TS1127: Invalid character.
src/services/firebaseService.ts(1,16192): error TS1127: Invalid character.
src/services/firebaseService.ts(1,16193): error TS1127: Invalid character.
src/services/firebaseService.ts(1,16194): error TS1127: Invalid character.
src/services/firebaseService.ts(1,16195): error TS1127: Invalid character.
src/services/firebaseService.ts(1,16196): error TS1127: Invalid character.
src/services/firebaseService.ts(1,16197): error TS1127: Invalid character.
src/services/firebaseService.ts(1,16198): error TS1127: Invalid character.
src/services/firebaseService.ts(1,16199): error TS1127: Invalid character.
src/services/firebaseService.ts(1,16200): error TS1127: Invalid character.
src/services/firebaseService.ts(1,16201): error TS1127: Invalid character.
src/services/firebaseService.ts(1,16202): error TS1127: Invalid character.
src/services/firebaseService.ts(1,16203): error TS1127: Invalid character.
src/services/firebaseService.ts(1,16204): error TS1127: Invalid character.
src/services/firebaseService.ts(1,16205): error TS1127: Invalid character.
src/services/firebaseService.ts(1,16206): error TS1127: Invalid character.
src/services/firebaseService.ts(1,16207): error TS1127: Invalid character.
src/services/firebaseService.ts(1,16208): error TS1127: Invalid character.
src/services/firebaseService.ts(1,16209): error TS1127: Invalid character.
src/services/firebaseService.ts(1,16210): error TS1127: Invalid character.
src/services/firebaseService.ts(1,16211): error TS1127: Invalid character.
src/services/firebaseService.ts(1,16212): error TS1127: Invalid character.
src/services/firebaseService.ts(1,16213): error TS1127: Invalid character.
src/services/firebaseService.ts(1,16214): error TS1127: Invalid character.
src/services/firebaseService.ts(1,16215): error TS1127: Invalid character.
src/services/firebaseService.ts(1,16216): error TS1127: Invalid character.
src/services/firebaseService.ts(1,16217): error TS1127: Invalid character.
src/services/firebaseService.ts(1,16218): error TS1127: Invalid character.
src/services/firebaseService.ts(1,16219): error TS1127: Invalid character.
src/services/firebaseService.ts(1,16220): error TS1127: Invalid character.
src/services/firebaseService.ts(1,16221): error TS1127: Invalid character.
src/services/firebaseService.ts(1,16222): error TS1127: Invalid character.
src/services/firebaseService.ts(1,16223): error TS1127: Invalid character.
src/services/firebaseService.ts(1,16224): error TS1127: Invalid character.
src/services/firebaseService.ts(1,16225): error TS1127: Invalid character.
src/services/firebaseService.ts(1,16226): error TS1127: Invalid character.
src/services/firebaseService.ts(1,16227): error TS1127: Invalid character.
src/services/firebaseService.ts(1,16228): error TS1127: Invalid character.
src/services/firebaseService.ts(1,16229): error TS1127: Invalid character.
src/services/firebaseService.ts(1,16230): error TS1127: Invalid character.
src/services/firebaseService.ts(1,16231): error TS1127: Invalid character.
src/services/firebaseService.ts(1,16232): error TS1127: Invalid character.
src/services/firebaseService.ts(1,16233): error TS1127: Invalid character.
src/services/firebaseService.ts(1,16234): error TS1127: Invalid character.
src/services/firebaseService.ts(1,16235): error TS1127: Invalid character.
src/services/firebaseService.ts(1,16236): error TS1127: Invalid character.
src/services/firebaseService.ts(1,16237): error TS1127: Invalid character.
src/services/firebaseService.ts(1,16238): error TS1127: Invalid character.
src/services/firebaseService.ts(1,16239): error TS1127: Invalid character.
src/services/firebaseService.ts(1,16240): error TS1127: Invalid character.
src/services/firebaseService.ts(1,16241): error TS1127: Invalid character.
src/services/firebaseService.ts(1,16242): error TS1127: Invalid character.
src/services/firebaseService.ts(1,16243): error TS1127: Invalid character.
src/services/firebaseService.ts(1,16244): error TS1127: Invalid character.
src/services/firebaseService.ts(1,16245): error TS1127: Invalid character.
src/services/firebaseService.ts(1,16246): error TS1127: Invalid character.
src/services/firebaseService.ts(1,16247): error TS1127: Invalid character.
src/services/firebaseService.ts(1,16248): error TS1127: Invalid character.
src/services/firebaseService.ts(1,16249): error TS1127: Invalid character.
src/services/firebaseService.ts(1,16250): error TS1127: Invalid character.
src/services/firebaseService.ts(1,16251): error TS1127: Invalid character.
src/services/firebaseService.ts(1,16252): error TS1127: Invalid character.
src/services/firebaseService.ts(1,16253): error TS1127: Invalid character.
src/services/firebaseService.ts(1,16254): error TS1127: Invalid character.
src/services/firebaseService.ts(1,16255): error TS1127: Invalid character.
src/services/firebaseService.ts(1,16256): error TS1127: Invalid character.
src/services/firebaseService.ts(1,16257): error TS1127: Invalid character.
src/services/firebaseService.ts(1,16258): error TS1127: Invalid character.
src/services/firebaseService.ts(1,16259): error TS1127: Invalid character.
src/services/firebaseService.ts(1,16260): error TS1127: Invalid character.
src/services/firebaseService.ts(1,16261): error TS1127: Invalid character.
src/services/firebaseService.ts(1,16262): error TS1127: Invalid character.
src/services/firebaseService.ts(1,16263): error TS1127: Invalid character.
src/services/firebaseService.ts(1,16264): error TS1127: Invalid character.
src/services/firebaseService.ts(1,16265): error TS1127: Invalid character.
src/services/firebaseService.ts(1,16266): error TS1127: Invalid character.
src/services/firebaseService.ts(1,16267): error TS1127: Invalid character.
src/services/firebaseService.ts(1,16268): error TS1127: Invalid character.
src/services/firebaseService.ts(1,16269): error TS1127: Invalid character.
src/services/firebaseService.ts(1,16270): error TS1127: Invalid character.
src/services/firebaseService.ts(1,16271): error TS1127: Invalid character.
src/services/firebaseService.ts(1,16272): error TS1127: Invalid character.
src/services/firebaseService.ts(1,16273): error TS1127: Invalid character.
src/services/firebaseService.ts(1,16274): error TS1127: Invalid character.
src/services/firebaseService.ts(1,16275): error TS1127: Invalid character.
src/services/firebaseService.ts(1,16276): error TS1127: Invalid character.
src/services/firebaseService.ts(1,16277): error TS1127: Invalid character.
src/services/firebaseService.ts(1,16278): error TS1127: Invalid character.
src/services/firebaseService.ts(1,16279): error TS1127: Invalid character.
src/services/firebaseService.ts(1,16280): error TS1127: Invalid character.
src/services/firebaseService.ts(1,16281): error TS1127: Invalid character.
src/services/firebaseService.ts(1,16282): error TS1127: Invalid character.
src/services/firebaseService.ts(1,16283): error TS1127: Invalid character.
src/services/firebaseService.ts(1,16284): error TS1127: Invalid character.
src/services/firebaseService.ts(1,16285): error TS1127: Invalid character.
src/services/firebaseService.ts(1,16286): error TS1127: Invalid character.
src/services/firebaseService.ts(1,16287): error TS1127: Invalid character.
src/services/firebaseService.ts(1,16288): error TS1127: Invalid character.
src/services/firebaseService.ts(1,16289): error TS1127: Invalid character.
src/services/firebaseService.ts(1,16290): error TS1127: Invalid character.
src/services/firebaseService.ts(1,16291): error TS1127: Invalid character.
src/services/firebaseService.ts(1,16292): error TS1127: Invalid character.
src/services/firebaseService.ts(1,16293): error TS1127: Invalid character.
src/services/firebaseService.ts(1,16294): error TS1127: Invalid character.
src/services/firebaseService.ts(1,16295): error TS1127: Invalid character.
src/services/firebaseService.ts(1,16296): error TS1127: Invalid character.
src/services/firebaseService.ts(1,16297): error TS1127: Invalid character.
src/services/firebaseService.ts(1,16298): error TS1127: Invalid character.
src/services/firebaseService.ts(1,16299): error TS1127: Invalid character.
src/services/firebaseService.ts(1,16300): error TS1127: Invalid character.
src/services/firebaseService.ts(1,16301): error TS1127: Invalid character.
src/services/firebaseService.ts(1,16302): error TS1127: Invalid character.
src/services/firebaseService.ts(1,16303): error TS1127: Invalid character.
src/services/firebaseService.ts(1,16304): error TS1127: Invalid character.
src/services/firebaseService.ts(1,16305): error TS1127: Invalid character.
src/services/firebaseService.ts(1,16306): error TS1127: Invalid character.
src/services/firebaseService.ts(1,16307): error TS1127: Invalid character.
src/services/firebaseService.ts(1,16308): error TS1127: Invalid character.
src/services/firebaseService.ts(1,16309): error TS1127: Invalid character.
src/services/firebaseService.ts(1,16310): error TS1127: Invalid character.
src/services/firebaseService.ts(1,16311): error TS1127: Invalid character.
src/services/firebaseService.ts(1,16312): error TS1127: Invalid character.
src/services/firebaseService.ts(1,16313): error TS1127: Invalid character.
src/services/firebaseService.ts(1,16314): error TS1127: Invalid character.
src/services/firebaseService.ts(1,16315): error TS1127: Invalid character.
src/services/firebaseService.ts(1,16316): error TS1127: Invalid character.
src/services/firebaseService.ts(1,16317): error TS1127: Invalid character.
src/services/firebaseService.ts(1,16318): error TS1127: Invalid character.
src/services/firebaseService.ts(1,16319): error TS1127: Invalid character.
src/services/firebaseService.ts(1,16320): error TS1127: Invalid character.
src/services/firebaseService.ts(1,16321): error TS1127: Invalid character.
src/services/firebaseService.ts(1,16322): error TS1127: Invalid character.
src/services/firebaseService.ts(1,16323): error TS1127: Invalid character.
src/services/firebaseService.ts(1,16324): error TS1127: Invalid character.
src/services/firebaseService.ts(1,16325): error TS1127: Invalid character.
src/services/firebaseService.ts(1,16326): error TS1127: Invalid character.
src/services/firebaseService.ts(1,16327): error TS1127: Invalid character.
src/services/firebaseService.ts(1,16328): error TS1127: Invalid character.
src/services/firebaseService.ts(1,16329): error TS1127: Invalid character.
src/services/firebaseService.ts(1,16330): error TS1127: Invalid character.
src/services/firebaseService.ts(1,16331): error TS1127: Invalid character.
src/services/firebaseService.ts(1,16332): error TS1127: Invalid character.
src/services/firebaseService.ts(1,16333): error TS1127: Invalid character.
src/services/firebaseService.ts(1,16334): error TS1127: Invalid character.
src/services/firebaseService.ts(1,16335): error TS1127: Invalid character.
src/services/firebaseService.ts(1,16336): error TS1127: Invalid character.
src/services/firebaseService.ts(1,16337): error TS1127: Invalid character.
src/services/firebaseService.ts(1,16338): error TS1127: Invalid character.
src/services/firebaseService.ts(1,16339): error TS1127: Invalid character.
src/services/firebaseService.ts(1,16340): error TS1127: Invalid character.
src/services/firebaseService.ts(1,16341): error TS1127: Invalid character.
src/services/firebaseService.ts(1,16342): error TS1127: Invalid character.
src/services/firebaseService.ts(1,16343): error TS1127: Invalid character.
src/services/firebaseService.ts(1,16344): error TS1127: Invalid character.
src/services/firebaseService.ts(1,16345): error TS1127: Invalid character.
src/services/firebaseService.ts(1,16346): error TS1127: Invalid character.
src/services/firebaseService.ts(1,16347): error TS1127: Invalid character.
src/services/firebaseService.ts(1,16348): error TS1127: Invalid character.
src/services/firebaseService.ts(1,16349): error TS1127: Invalid character.
src/services/firebaseService.ts(1,16350): error TS1127: Invalid character.
src/services/firebaseService.ts(1,16351): error TS1127: Invalid character.
src/services/firebaseService.ts(1,16352): error TS1127: Invalid character.
src/services/firebaseService.ts(1,16353): error TS1127: Invalid character.
src/services/firebaseService.ts(1,16354): error TS1127: Invalid character.
src/services/firebaseService.ts(1,16355): error TS1127: Invalid character.
src/services/firebaseService.ts(1,16356): error TS1127: Invalid character.
src/services/firebaseService.ts(1,16357): error TS1127: Invalid character.
src/services/firebaseService.ts(1,16358): error TS1127: Invalid character.
src/services/firebaseService.ts(1,16359): error TS1127: Invalid character.
src/services/firebaseService.ts(1,16360): error TS1127: Invalid character.
src/services/firebaseService.ts(1,16361): error TS1127: Invalid character.
src/services/firebaseService.ts(1,16362): error TS1127: Invalid character.
src/services/firebaseService.ts(1,16363): error TS1127: Invalid character.
src/services/firebaseService.ts(1,16364): error TS1127: Invalid character.
src/services/firebaseService.ts(1,16365): error TS1127: Invalid character.
src/services/firebaseService.ts(1,16366): error TS1127: Invalid character.
src/services/firebaseService.ts(1,16367): error TS1127: Invalid character.
src/services/firebaseService.ts(1,16368): error TS1127: Invalid character.
src/services/firebaseService.ts(1,16369): error TS1127: Invalid character.
src/services/firebaseService.ts(1,16370): error TS1127: Invalid character.
src/services/firebaseService.ts(1,16371): error TS1127: Invalid character.
src/services/firebaseService.ts(1,16372): error TS1127: Invalid character.
src/services/firebaseService.ts(1,16373): error TS1127: Invalid character.
src/services/firebaseService.ts(1,16374): error TS1127: Invalid character.
src/services/firebaseService.ts(1,16375): error TS1127: Invalid character.
src/services/firebaseService.ts(1,16376): error TS1127: Invalid character.
src/services/firebaseService.ts(1,16377): error TS1127: Invalid character.
src/services/firebaseService.ts(1,16378): error TS1127: Invalid character.
src/services/firebaseService.ts(1,16379): error TS1127: Invalid character.
src/services/firebaseService.ts(1,16380): error TS1127: Invalid character.
src/services/firebaseService.ts(1,16381): error TS1127: Invalid character.
src/services/firebaseService.ts(1,16382): error TS1127: Invalid character.
src/services/firebaseService.ts(1,16383): error TS1127: Invalid character.
src/services/firebaseService.ts(1,16384): error TS1127: Invalid character.
src/services/firebaseService.ts(1,16385): error TS1127: Invalid character.
src/services/firebaseService.ts(1,16386): error TS1127: Invalid character.
src/services/firebaseService.ts(1,16387): error TS1127: Invalid character.
src/services/firebaseService.ts(1,16388): error TS1127: Invalid character.
src/services/firebaseService.ts(1,16389): error TS1127: Invalid character.
src/services/firebaseService.ts(1,16390): error TS1127: Invalid character.
src/services/firebaseService.ts(1,16391): error TS1127: Invalid character.
src/services/firebaseService.ts(1,16392): error TS1127: Invalid character.
src/services/firebaseService.ts(1,16393): error TS1127: Invalid character.
src/services/firebaseService.ts(1,16394): error TS1127: Invalid character.
src/services/firebaseService.ts(1,16395): error TS1127: Invalid character.
src/services/firebaseService.ts(1,16396): error TS1127: Invalid character.
src/services/firebaseService.ts(1,16397): error TS1127: Invalid character.
src/services/firebaseService.ts(1,16398): error TS1127: Invalid character.
src/services/firebaseService.ts(1,16399): error TS1127: Invalid character.
src/services/firebaseService.ts(1,16400): error TS1127: Invalid character.
src/services/firebaseService.ts(1,16401): error TS1127: Invalid character.
src/services/firebaseService.ts(1,16402): error TS1127: Invalid character.
src/services/firebaseService.ts(1,16403): error TS1127: Invalid character.
src/services/firebaseService.ts(1,16404): error TS1127: Invalid character.
src/services/firebaseService.ts(1,16405): error TS1127: Invalid character.
src/services/firebaseService.ts(1,16406): error TS1127: Invalid character.
src/services/firebaseService.ts(1,16407): error TS1127: Invalid character.
src/services/firebaseService.ts(1,16408): error TS1127: Invalid character.
src/services/firebaseService.ts(1,16409): error TS1127: Invalid character.
src/services/firebaseService.ts(1,16410): error TS1127: Invalid character.
src/services/firebaseService.ts(1,16411): error TS1127: Invalid character.
src/services/firebaseService.ts(1,16412): error TS1127: Invalid character.
src/services/firebaseService.ts(1,16413): error TS1127: Invalid character.
src/services/firebaseService.ts(1,16414): error TS1127: Invalid character.
src/services/firebaseService.ts(1,16415): error TS1127: Invalid character.
src/services/firebaseService.ts(1,16416): error TS1127: Invalid character.
src/services/firebaseService.ts(1,16417): error TS1127: Invalid character.
src/services/firebaseService.ts(1,16418): error TS1127: Invalid character.
src/services/firebaseService.ts(1,16419): error TS1127: Invalid character.
src/services/firebaseService.ts(1,16420): error TS1127: Invalid character.
src/services/firebaseService.ts(1,16421): error TS1127: Invalid character.
src/services/firebaseService.ts(1,16422): error TS1127: Invalid character.
src/services/firebaseService.ts(1,16423): error TS1127: Invalid character.
src/services/firebaseService.ts(1,16424): error TS1127: Invalid character.
src/services/firebaseService.ts(1,16425): error TS1127: Invalid character.
src/services/firebaseService.ts(1,16426): error TS1127: Invalid character.
src/services/firebaseService.ts(1,16427): error TS1127: Invalid character.
src/services/firebaseService.ts(1,16428): error TS1127: Invalid character.
src/services/firebaseService.ts(1,16429): error TS1127: Invalid character.
src/services/firebaseService.ts(1,16430): error TS1127: Invalid character.
src/services/firebaseService.ts(1,16431): error TS1127: Invalid character.
src/services/firebaseService.ts(1,16432): error TS1127: Invalid character.
src/services/firebaseService.ts(1,16433): error TS1127: Invalid character.
src/services/firebaseService.ts(1,16434): error TS1127: Invalid character.
src/services/firebaseService.ts(1,16435): error TS1127: Invalid character.
src/services/firebaseService.ts(1,16436): error TS1127: Invalid character.
src/services/firebaseService.ts(1,16437): error TS1127: Invalid character.
src/services/firebaseService.ts(1,16438): error TS1127: Invalid character.
src/services/firebaseService.ts(1,16439): error TS1127: Invalid character.
src/services/firebaseService.ts(1,16440): error TS1127: Invalid character.
src/services/firebaseService.ts(1,16441): error TS1127: Invalid character.
src/services/firebaseService.ts(1,16442): error TS1127: Invalid character.
src/services/firebaseService.ts(1,16443): error TS1127: Invalid character.
src/services/firebaseService.ts(1,16444): error TS1127: Invalid character.
src/services/firebaseService.ts(1,16445): error TS1127: Invalid character.
src/services/firebaseService.ts(1,16446): error TS1127: Invalid character.
src/services/firebaseService.ts(1,16447): error TS1127: Invalid character.
src/services/firebaseService.ts(1,16448): error TS1127: Invalid character.
src/services/firebaseService.ts(1,16449): error TS1127: Invalid character.
src/services/firebaseService.ts(1,16450): error TS1127: Invalid character.
src/services/firebaseService.ts(1,16451): error TS1127: Invalid character.
src/services/firebaseService.ts(1,16452): error TS1127: Invalid character.
src/services/firebaseService.ts(1,16453): error TS1127: Invalid character.
src/services/firebaseService.ts(1,16454): error TS1127: Invalid character.
src/services/firebaseService.ts(1,16455): error TS1127: Invalid character.
src/services/firebaseService.ts(1,16456): error TS1127: Invalid character.
src/services/firebaseService.ts(1,16457): error TS1127: Invalid character.
src/services/firebaseService.ts(1,16458): error TS1127: Invalid character.
src/services/firebaseService.ts(1,16459): error TS1127: Invalid character.
src/services/firebaseService.ts(1,16460): error TS1127: Invalid character.
src/services/firebaseService.ts(1,16461): error TS1127: Invalid character.
src/services/firebaseService.ts(1,16462): error TS1127: Invalid character.
src/services/firebaseService.ts(1,16463): error TS1127: Invalid character.
src/services/firebaseService.ts(1,16464): error TS1127: Invalid character.
src/services/firebaseService.ts(1,16465): error TS1127: Invalid character.
src/services/firebaseService.ts(1,16466): error TS1127: Invalid character.
src/services/firebaseService.ts(1,16467): error TS1127: Invalid character.
src/services/firebaseService.ts(1,16468): error TS1127: Invalid character.
src/services/firebaseService.ts(1,16469): error TS1127: Invalid character.
src/services/firebaseService.ts(1,16470): error TS1127: Invalid character.
src/services/firebaseService.ts(1,16471): error TS1127: Invalid character.
src/services/firebaseService.ts(1,16472): error TS1127: Invalid character.
src/services/firebaseService.ts(1,16473): error TS1127: Invalid character.
src/services/firebaseService.ts(1,16474): error TS1127: Invalid character.
src/services/firebaseService.ts(1,16475): error TS1127: Invalid character.
src/services/firebaseService.ts(1,16476): error TS1127: Invalid character.
src/services/firebaseService.ts(1,16477): error TS1127: Invalid character.
src/services/firebaseService.ts(1,16478): error TS1127: Invalid character.
src/services/firebaseService.ts(1,16479): error TS1127: Invalid character.
src/services/firebaseService.ts(1,16480): error TS1127: Invalid character.
src/services/firebaseService.ts(1,16481): error TS1127: Invalid character.
src/services/firebaseService.ts(1,16482): error TS1127: Invalid character.
src/services/firebaseService.ts(1,16483): error TS1127: Invalid character.
src/services/firebaseService.ts(1,16484): error TS1127: Invalid character.
src/services/firebaseService.ts(1,16485): error TS1127: Invalid character.
src/services/firebaseService.ts(1,16486): error TS1127: Invalid character.
src/services/firebaseService.ts(1,16487): error TS1127: Invalid character.
src/services/firebaseService.ts(1,16488): error TS1127: Invalid character.
src/services/firebaseService.ts(1,16489): error TS1127: Invalid character.
src/services/firebaseService.ts(1,16490): error TS1127: Invalid character.
src/services/firebaseService.ts(1,16491): error TS1127: Invalid character.
src/services/firebaseService.ts(1,16492): error TS1127: Invalid character.
src/services/firebaseService.ts(1,16493): error TS1127: Invalid character.
src/services/firebaseService.ts(1,16494): error TS1127: Invalid character.
src/services/firebaseService.ts(1,16495): error TS1127: Invalid character.
src/services/firebaseService.ts(1,16496): error TS1127: Invalid character.
src/services/firebaseService.ts(1,16497): error TS1127: Invalid character.
src/services/firebaseService.ts(1,16498): error TS1127: Invalid character.
src/services/firebaseService.ts(1,16499): error TS1127: Invalid character.
src/services/firebaseService.ts(1,16500): error TS1127: Invalid character.
src/services/firebaseService.ts(1,16501): error TS1127: Invalid character.
src/services/firebaseService.ts(1,16502): error TS1127: Invalid character.
src/services/firebaseService.ts(1,16503): error TS1127: Invalid character.
src/services/firebaseService.ts(1,16504): error TS1127: Invalid character.
src/services/firebaseService.ts(1,16505): error TS1127: Invalid character.
src/services/firebaseService.ts(1,16506): error TS1127: Invalid character.
src/services/firebaseService.ts(1,16507): error TS1127: Invalid character.
src/services/firebaseService.ts(1,16508): error TS1127: Invalid character.
src/services/firebaseService.ts(1,16509): error TS1127: Invalid character.
src/services/firebaseService.ts(1,16510): error TS1127: Invalid character.
src/services/firebaseService.ts(1,16511): error TS1127: Invalid character.
src/services/firebaseService.ts(1,16512): error TS1127: Invalid character.
src/services/firebaseService.ts(1,16513): error TS1127: Invalid character.
src/services/firebaseService.ts(1,16514): error TS1127: Invalid character.
src/services/firebaseService.ts(1,16515): error TS1127: Invalid character.
src/services/firebaseService.ts(1,16516): error TS1127: Invalid character.
src/services/firebaseService.ts(1,16517): error TS1127: Invalid character.
src/services/firebaseService.ts(1,16518): error TS1127: Invalid character.
src/services/firebaseService.ts(1,16519): error TS1127: Invalid character.
src/services/firebaseService.ts(1,16520): error TS1127: Invalid character.
src/services/firebaseService.ts(1,16521): error TS1127: Invalid character.
src/services/firebaseService.ts(1,16522): error TS1127: Invalid character.
src/services/firebaseService.ts(1,16523): error TS1127: Invalid character.
src/services/firebaseService.ts(1,16524): error TS1127: Invalid character.
src/services/firebaseService.ts(1,16525): error TS1127: Invalid character.
src/services/firebaseService.ts(1,16526): error TS1127: Invalid character.
src/services/firebaseService.ts(1,16527): error TS1127: Invalid character.
src/services/firebaseService.ts(1,16528): error TS1127: Invalid character.
src/services/firebaseService.ts(1,16529): error TS1127: Invalid character.
src/services/firebaseService.ts(1,16530): error TS1127: Invalid character.
src/services/firebaseService.ts(1,16531): error TS1127: Invalid character.
src/services/firebaseService.ts(1,16532): error TS1127: Invalid character.
src/services/firebaseService.ts(1,16533): error TS1127: Invalid character.
src/services/firebaseService.ts(1,16534): error TS1127: Invalid character.
src/services/firebaseService.ts(1,16535): error TS1127: Invalid character.
src/services/firebaseService.ts(1,16536): error TS1127: Invalid character.
src/services/firebaseService.ts(1,16537): error TS1127: Invalid character.
src/services/firebaseService.ts(1,16538): error TS1127: Invalid character.
src/services/firebaseService.ts(1,16539): error TS1127: Invalid character.
src/services/firebaseService.ts(1,16540): error TS1127: Invalid character.
src/services/firebaseService.ts(1,16541): error TS1127: Invalid character.
src/services/firebaseService.ts(1,16542): error TS1127: Invalid character.
src/services/firebaseService.ts(1,16543): error TS1127: Invalid character.
src/services/firebaseService.ts(1,16544): error TS1127: Invalid character.
src/services/firebaseService.ts(1,16545): error TS1127: Invalid character.
src/services/firebaseService.ts(1,16546): error TS1127: Invalid character.
src/services/firebaseService.ts(1,16547): error TS1127: Invalid character.
src/services/firebaseService.ts(1,16548): error TS1127: Invalid character.
src/services/firebaseService.ts(1,16549): error TS1127: Invalid character.
src/services/firebaseService.ts(1,16550): error TS1127: Invalid character.
src/services/firebaseService.ts(1,16551): error TS1127: Invalid character.
src/services/firebaseService.ts(1,16552): error TS1127: Invalid character.
src/services/firebaseService.ts(1,16553): error TS1127: Invalid character.
src/services/firebaseService.ts(1,16554): error TS1127: Invalid character.
src/services/firebaseService.ts(1,16555): error TS1127: Invalid character.
src/services/firebaseService.ts(1,16556): error TS1127: Invalid character.
src/services/firebaseService.ts(1,16557): error TS1127: Invalid character.
src/services/firebaseService.ts(1,16558): error TS1127: Invalid character.
src/services/firebaseService.ts(1,16559): error TS1127: Invalid character.
src/services/firebaseService.ts(1,16560): error TS1127: Invalid character.
src/services/firebaseService.ts(1,16561): error TS1127: Invalid character.
src/services/firebaseService.ts(1,16562): error TS1127: Invalid character.
src/services/firebaseService.ts(1,16563): error TS1127: Invalid character.
src/services/firebaseService.ts(1,16564): error TS1127: Invalid character.
src/services/firebaseService.ts(1,16565): error TS1127: Invalid character.
src/services/firebaseService.ts(1,16566): error TS1127: Invalid character.
src/services/firebaseService.ts(1,16567): error TS1127: Invalid character.
src/services/firebaseService.ts(1,16568): error TS1127: Invalid character.
src/services/firebaseService.ts(1,16569): error TS1127: Invalid character.
src/services/firebaseService.ts(1,16570): error TS1127: Invalid character.
src/services/firebaseService.ts(1,16571): error TS1127: Invalid character.
src/services/firebaseService.ts(1,16572): error TS1127: Invalid character.
src/services/firebaseService.ts(1,16573): error TS1127: Invalid character.
src/services/firebaseService.ts(1,16574): error TS1127: Invalid character.
src/services/firebaseService.ts(1,16575): error TS1127: Invalid character.
src/services/firebaseService.ts(1,16576): error TS1127: Invalid character.
src/services/firebaseService.ts(1,16577): error TS1127: Invalid character.
src/services/firebaseService.ts(1,16578): error TS1127: Invalid character.
src/services/firebaseService.ts(1,16579): error TS1127: Invalid character.
src/services/firebaseService.ts(1,16580): error TS1127: Invalid character.
src/services/firebaseService.ts(1,16581): error TS1127: Invalid character.
src/services/firebaseService.ts(1,16582): error TS1127: Invalid character.
src/services/firebaseService.ts(1,16583): error TS1127: Invalid character.
src/services/firebaseService.ts(1,16584): error TS1127: Invalid character.
src/services/firebaseService.ts(1,16585): error TS1127: Invalid character.
src/services/firebaseService.ts(1,16586): error TS1127: Invalid character.
src/services/firebaseService.ts(1,16587): error TS1127: Invalid character.
src/services/firebaseService.ts(1,16588): error TS1127: Invalid character.
src/services/firebaseService.ts(1,16589): error TS1127: Invalid character.
src/services/firebaseService.ts(1,16590): error TS1127: Invalid character.
src/services/firebaseService.ts(1,16591): error TS1127: Invalid character.
src/services/firebaseService.ts(1,16592): error TS1127: Invalid character.
src/services/firebaseService.ts(1,16593): error TS1127: Invalid character.
src/services/firebaseService.ts(1,16594): error TS1127: Invalid character.
src/services/firebaseService.ts(1,16595): error TS1127: Invalid character.
src/services/firebaseService.ts(1,16596): error TS1127: Invalid character.
src/services/firebaseService.ts(1,16597): error TS1127: Invalid character.
src/services/firebaseService.ts(1,16598): error TS1127: Invalid character.
src/services/firebaseService.ts(1,16599): error TS1127: Invalid character.
src/services/firebaseService.ts(1,16600): error TS1127: Invalid character.
src/services/firebaseService.ts(1,16601): error TS1127: Invalid character.
src/services/firebaseService.ts(1,16602): error TS1127: Invalid character.
src/services/firebaseService.ts(1,16603): error TS1127: Invalid character.
src/services/firebaseService.ts(1,16604): error TS1127: Invalid character.
src/services/firebaseService.ts(1,16605): error TS1127: Invalid character.
src/services/firebaseService.ts(1,16606): error TS1127: Invalid character.
src/services/firebaseService.ts(1,16607): error TS1127: Invalid character.
src/services/firebaseService.ts(1,16608): error TS1127: Invalid character.
src/services/firebaseService.ts(1,16609): error TS1127: Invalid character.
src/services/firebaseService.ts(1,16610): error TS1127: Invalid character.
src/services/firebaseService.ts(1,16611): error TS1127: Invalid character.
src/services/firebaseService.ts(1,16612): error TS1127: Invalid character.
src/services/firebaseService.ts(1,16613): error TS1127: Invalid character.
src/services/firebaseService.ts(1,16614): error TS1127: Invalid character.
src/services/firebaseService.ts(1,16615): error TS1127: Invalid character.
src/services/firebaseService.ts(1,16616): error TS1127: Invalid character.
src/services/firebaseService.ts(1,16617): error TS1127: Invalid character.
src/services/firebaseService.ts(1,16618): error TS1127: Invalid character.
src/services/firebaseService.ts(1,16619): error TS1127: Invalid character.
src/services/firebaseService.ts(1,16620): error TS1127: Invalid character.
src/services/firebaseService.ts(1,16621): error TS1127: Invalid character.
src/services/firebaseService.ts(1,16622): error TS1127: Invalid character.
src/services/firebaseService.ts(1,16623): error TS1127: Invalid character.
src/services/firebaseService.ts(1,16624): error TS1127: Invalid character.
src/services/firebaseService.ts(1,16625): error TS1127: Invalid character.
src/services/firebaseService.ts(1,16626): error TS1127: Invalid character.
src/services/firebaseService.ts(1,16627): error TS1127: Invalid character.
src/services/firebaseService.ts(1,16628): error TS1127: Invalid character.
src/services/firebaseService.ts(1,16629): error TS1127: Invalid character.
src/services/firebaseService.ts(1,16630): error TS1127: Invalid character.
src/services/firebaseService.ts(1,16631): error TS1127: Invalid character.
src/services/firebaseService.ts(1,16632): error TS1127: Invalid character.
src/services/firebaseService.ts(1,16633): error TS1127: Invalid character.
src/services/firebaseService.ts(1,16634): error TS1127: Invalid character.
src/services/firebaseService.ts(1,16635): error TS1127: Invalid character.
src/services/firebaseService.ts(1,16636): error TS1127: Invalid character.
src/services/firebaseService.ts(1,16637): error TS1127: Invalid character.
src/services/firebaseService.ts(1,16638): error TS1127: Invalid character.
src/services/firebaseService.ts(1,16639): error TS1127: Invalid character.
src/services/firebaseService.ts(1,16640): error TS1127: Invalid character.
src/services/firebaseService.ts(1,16641): error TS1127: Invalid character.
src/services/firebaseService.ts(1,16642): error TS1127: Invalid character.
src/services/firebaseService.ts(1,16643): error TS1127: Invalid character.
src/services/firebaseService.ts(1,16644): error TS1127: Invalid character.
src/services/firebaseService.ts(1,16645): error TS1127: Invalid character.
src/services/firebaseService.ts(1,16646): error TS1127: Invalid character.
src/services/firebaseService.ts(1,16647): error TS1127: Invalid character.
src/services/firebaseService.ts(1,16648): error TS1127: Invalid character.
src/services/firebaseService.ts(1,16649): error TS1127: Invalid character.
src/services/firebaseService.ts(1,16650): error TS1127: Invalid character.
src/services/firebaseService.ts(1,16651): error TS1127: Invalid character.
src/services/firebaseService.ts(1,16652): error TS1127: Invalid character.
src/services/firebaseService.ts(1,16653): error TS1127: Invalid character.
src/services/firebaseService.ts(1,16654): error TS1127: Invalid character.
src/services/firebaseService.ts(1,16655): error TS1127: Invalid character.
src/services/firebaseService.ts(1,16656): error TS1127: Invalid character.
src/services/firebaseService.ts(1,16657): error TS1127: Invalid character.
src/services/firebaseService.ts(1,16658): error TS1127: Invalid character.
src/services/firebaseService.ts(1,16659): error TS1127: Invalid character.
src/services/firebaseService.ts(1,16660): error TS1127: Invalid character.
src/services/firebaseService.ts(1,16661): error TS1127: Invalid character.
src/services/firebaseService.ts(1,16662): error TS1127: Invalid character.
src/services/firebaseService.ts(1,16663): error TS1127: Invalid character.
src/services/firebaseService.ts(1,16664): error TS1127: Invalid character.
src/services/firebaseService.ts(1,16665): error TS1127: Invalid character.
src/services/firebaseService.ts(1,16666): error TS1127: Invalid character.
src/services/firebaseService.ts(1,16667): error TS1127: Invalid character.
src/services/firebaseService.ts(1,16668): error TS1127: Invalid character.
src/services/firebaseService.ts(1,16669): error TS1127: Invalid character.
src/services/firebaseService.ts(1,16670): error TS1127: Invalid character.
src/services/firebaseService.ts(1,16671): error TS1127: Invalid character.
src/services/firebaseService.ts(1,16672): error TS1127: Invalid character.
src/services/firebaseService.ts(1,16673): error TS1127: Invalid character.
src/services/firebaseService.ts(1,16674): error TS1127: Invalid character.
src/services/firebaseService.ts(1,16675): error TS1127: Invalid character.
src/services/firebaseService.ts(1,16676): error TS1127: Invalid character.
src/services/firebaseService.ts(1,16677): error TS1127: Invalid character.
src/services/firebaseService.ts(1,16678): error TS1127: Invalid character.
src/services/firebaseService.ts(1,16679): error TS1127: Invalid character.
src/services/firebaseService.ts(1,16680): error TS1127: Invalid character.
src/services/firebaseService.ts(1,16681): error TS1127: Invalid character.
src/services/firebaseService.ts(1,16682): error TS1127: Invalid character.
src/services/firebaseService.ts(1,16683): error TS1127: Invalid character.
src/services/firebaseService.ts(1,16684): error TS1127: Invalid character.
src/services/firebaseService.ts(1,16685): error TS1127: Invalid character.
src/services/firebaseService.ts(1,16686): error TS1127: Invalid character.
src/services/firebaseService.ts(1,16687): error TS1127: Invalid character.
src/services/firebaseService.ts(1,16688): error TS1127: Invalid character.
src/services/firebaseService.ts(1,16689): error TS1127: Invalid character.
src/services/firebaseService.ts(1,16690): error TS1127: Invalid character.
src/services/firebaseService.ts(1,16691): error TS1127: Invalid character.
src/services/firebaseService.ts(1,16692): error TS1127: Invalid character.
src/services/firebaseService.ts(1,16693): error TS1127: Invalid character.
src/services/firebaseService.ts(1,16694): error TS1127: Invalid character.
src/services/firebaseService.ts(1,16695): error TS1127: Invalid character.
src/services/firebaseService.ts(1,16696): error TS1127: Invalid character.
src/services/firebaseService.ts(1,16697): error TS1127: Invalid character.
src/services/firebaseService.ts(1,16698): error TS1127: Invalid character.
src/services/firebaseService.ts(1,16699): error TS1127: Invalid character.
src/services/firebaseService.ts(1,16700): error TS1127: Invalid character.
src/services/firebaseService.ts(1,16701): error TS1127: Invalid character.
src/services/firebaseService.ts(1,16702): error TS1127: Invalid character.
src/services/firebaseService.ts(1,16703): error TS1127: Invalid character.
src/services/firebaseService.ts(1,16704): error TS1127: Invalid character.
src/services/firebaseService.ts(1,16705): error TS1127: Invalid character.
src/services/firebaseService.ts(1,16706): error TS1127: Invalid character.
src/services/firebaseService.ts(1,16707): error TS1127: Invalid character.
src/services/firebaseService.ts(1,16708): error TS1127: Invalid character.
src/services/firebaseService.ts(1,16709): error TS1127: Invalid character.
src/services/firebaseService.ts(1,16710): error TS1127: Invalid character.
src/services/firebaseService.ts(1,16711): error TS1127: Invalid character.
src/services/firebaseService.ts(1,16712): error TS1127: Invalid character.
src/services/firebaseService.ts(1,16713): error TS1127: Invalid character.
src/services/firebaseService.ts(1,16714): error TS1127: Invalid character.
src/services/firebaseService.ts(1,16715): error TS1127: Invalid character.
src/services/firebaseService.ts(1,16716): error TS1127: Invalid character.
src/services/firebaseService.ts(1,16717): error TS1127: Invalid character.
src/services/firebaseService.ts(1,16718): error TS1127: Invalid character.
src/services/firebaseService.ts(1,16719): error TS1127: Invalid character.
src/services/firebaseService.ts(1,16720): error TS1127: Invalid character.
src/services/firebaseService.ts(1,16721): error TS1127: Invalid character.
src/services/firebaseService.ts(1,16722): error TS1127: Invalid character.
src/services/firebaseService.ts(1,16723): error TS1127: Invalid character.
src/services/firebaseService.ts(1,16724): error TS1127: Invalid character.
src/services/firebaseService.ts(1,16725): error TS1127: Invalid character.
src/services/firebaseService.ts(1,16726): error TS1127: Invalid character.
src/services/firebaseService.ts(1,16727): error TS1127: Invalid character.
src/services/firebaseService.ts(1,16728): error TS1127: Invalid character.
src/services/firebaseService.ts(1,16729): error TS1127: Invalid character.
src/services/firebaseService.ts(1,16730): error TS1127: Invalid character.
src/services/firebaseService.ts(1,16731): error TS1127: Invalid character.
src/services/firebaseService.ts(1,16732): error TS1127: Invalid character.
src/services/firebaseService.ts(1,16733): error TS1127: Invalid character.
src/services/firebaseService.ts(1,16734): error TS1127: Invalid character.
src/services/firebaseService.ts(1,16735): error TS1127: Invalid character.
src/services/firebaseService.ts(1,16736): error TS1127: Invalid character.
src/services/firebaseService.ts(1,16737): error TS1127: Invalid character.
src/services/firebaseService.ts(1,16738): error TS1127: Invalid character.
src/services/firebaseService.ts(1,16739): error TS1127: Invalid character.
src/services/firebaseService.ts(1,16740): error TS1127: Invalid character.
src/services/firebaseService.ts(1,16741): error TS1127: Invalid character.
src/services/firebaseService.ts(1,16742): error TS1127: Invalid character.
src/services/firebaseService.ts(1,16743): error TS1127: Invalid character.
src/services/firebaseService.ts(1,16744): error TS1127: Invalid character.
src/services/firebaseService.ts(1,16745): error TS1127: Invalid character.
src/services/firebaseService.ts(1,16746): error TS1127: Invalid character.
src/services/firebaseService.ts(1,16747): error TS1127: Invalid character.
src/services/firebaseService.ts(1,16748): error TS1127: Invalid character.
src/services/firebaseService.ts(1,16749): error TS1127: Invalid character.
src/services/firebaseService.ts(1,16750): error TS1127: Invalid character.
src/services/firebaseService.ts(1,16751): error TS1127: Invalid character.
src/services/firebaseService.ts(1,16752): error TS1127: Invalid character.
src/services/firebaseService.ts(1,16753): error TS1127: Invalid character.
src/services/firebaseService.ts(1,16754): error TS1127: Invalid character.
src/services/firebaseService.ts(1,16755): error TS1127: Invalid character.
src/services/firebaseService.ts(1,16756): error TS1127: Invalid character.
src/services/firebaseService.ts(1,16757): error TS1127: Invalid character.
src/services/firebaseService.ts(1,16758): error TS1127: Invalid character.
src/services/firebaseService.ts(1,16759): error TS1127: Invalid character.
src/services/firebaseService.ts(1,16760): error TS1127: Invalid character.
src/services/firebaseService.ts(1,16761): error TS1127: Invalid character.
src/services/firebaseService.ts(1,16762): error TS1127: Invalid character.
src/services/firebaseService.ts(1,16763): error TS1127: Invalid character.
src/services/firebaseService.ts(1,16764): error TS1127: Invalid character.
src/services/firebaseService.ts(1,16765): error TS1127: Invalid character.
src/services/firebaseService.ts(1,16766): error TS1127: Invalid character.
src/services/firebaseService.ts(1,16767): error TS1127: Invalid character.
src/services/firebaseService.ts(1,16768): error TS1127: Invalid character.
src/services/firebaseService.ts(1,16769): error TS1127: Invalid character.
src/services/firebaseService.ts(1,16770): error TS1127: Invalid character.
src/services/firebaseService.ts(1,16771): error TS1127: Invalid character.
src/services/firebaseService.ts(1,16772): error TS1127: Invalid character.
src/services/firebaseService.ts(1,16773): error TS1127: Invalid character.
src/services/firebaseService.ts(1,16774): error TS1127: Invalid character.
src/services/firebaseService.ts(1,16775): error TS1127: Invalid character.
src/services/firebaseService.ts(1,16776): error TS1127: Invalid character.
src/services/firebaseService.ts(1,16777): error TS1127: Invalid character.
src/services/firebaseService.ts(1,16778): error TS1127: Invalid character.
src/services/firebaseService.ts(1,16779): error TS1127: Invalid character.
src/services/firebaseService.ts(1,16780): error TS1127: Invalid character.
src/services/firebaseService.ts(1,16781): error TS1127: Invalid character.
src/services/firebaseService.ts(1,16782): error TS1127: Invalid character.
src/services/firebaseService.ts(1,16783): error TS1127: Invalid character.
src/services/firebaseService.ts(1,16784): error TS1127: Invalid character.
src/services/firebaseService.ts(1,16785): error TS1127: Invalid character.
src/services/firebaseService.ts(1,16786): error TS1127: Invalid character.
src/services/firebaseService.ts(1,16787): error TS1127: Invalid character.
src/services/firebaseService.ts(1,16788): error TS1127: Invalid character.
src/services/firebaseService.ts(1,16789): error TS1127: Invalid character.
src/services/firebaseService.ts(1,16790): error TS1127: Invalid character.
src/services/firebaseService.ts(1,16791): error TS1127: Invalid character.
src/services/firebaseService.ts(1,16792): error TS1127: Invalid character.
src/services/firebaseService.ts(1,16793): error TS1127: Invalid character.
src/services/firebaseService.ts(1,16794): error TS1127: Invalid character.
src/services/firebaseService.ts(1,16795): error TS1127: Invalid character.
src/services/firebaseService.ts(1,16796): error TS1127: Invalid character.
src/services/firebaseService.ts(1,16797): error TS1127: Invalid character.
src/services/firebaseService.ts(1,16798): error TS1127: Invalid character.
src/services/firebaseService.ts(1,16799): error TS1127: Invalid character.
src/services/firebaseService.ts(1,16800): error TS1127: Invalid character.
src/services/firebaseService.ts(1,16801): error TS1127: Invalid character.
src/services/firebaseService.ts(1,16802): error TS1127: Invalid character.
src/services/firebaseService.ts(1,16803): error TS1127: Invalid character.
src/services/firebaseService.ts(1,16804): error TS1127: Invalid character.
src/services/firebaseService.ts(1,16805): error TS1127: Invalid character.
src/services/firebaseService.ts(1,16806): error TS1127: Invalid character.
src/services/firebaseService.ts(1,16807): error TS1127: Invalid character.
src/services/firebaseService.ts(1,16808): error TS1127: Invalid character.
src/services/firebaseService.ts(1,16809): error TS1127: Invalid character.
src/services/firebaseService.ts(1,16810): error TS1127: Invalid character.
src/services/firebaseService.ts(1,16811): error TS1127: Invalid character.
src/services/firebaseService.ts(1,16812): error TS1127: Invalid character.
src/services/firebaseService.ts(1,16813): error TS1127: Invalid character.
src/services/firebaseService.ts(1,16814): error TS1127: Invalid character.
src/services/firebaseService.ts(1,16815): error TS1127: Invalid character.
src/services/firebaseService.ts(1,16816): error TS1127: Invalid character.
src/services/firebaseService.ts(1,16817): error TS1127: Invalid character.
src/services/firebaseService.ts(1,16818): error TS1127: Invalid character.
src/services/firebaseService.ts(1,16819): error TS1127: Invalid character.
src/services/firebaseService.ts(1,16820): error TS1127: Invalid character.
src/services/firebaseService.ts(1,16821): error TS1127: Invalid character.
src/services/firebaseService.ts(1,16822): error TS1127: Invalid character.
src/services/firebaseService.ts(1,16823): error TS1127: Invalid character.
src/services/firebaseService.ts(1,16824): error TS1127: Invalid character.
src/services/firebaseService.ts(1,16825): error TS1127: Invalid character.
src/services/firebaseService.ts(1,16826): error TS1127: Invalid character.
src/services/firebaseService.ts(1,16827): error TS1127: Invalid character.
src/services/firebaseService.ts(1,16828): error TS1127: Invalid character.
src/services/firebaseService.ts(1,16829): error TS1127: Invalid character.
src/services/firebaseService.ts(1,16830): error TS1127: Invalid character.
src/services/firebaseService.ts(1,16831): error TS1127: Invalid character.
src/services/firebaseService.ts(1,16832): error TS1127: Invalid character.
src/services/firebaseService.ts(1,16833): error TS1127: Invalid character.
src/services/firebaseService.ts(1,16834): error TS1127: Invalid character.
src/services/firebaseService.ts(1,16835): error TS1127: Invalid character.
src/services/firebaseService.ts(1,16836): error TS1127: Invalid character.
src/services/firebaseService.ts(1,16837): error TS1127: Invalid character.
src/services/firebaseService.ts(1,16838): error TS1127: Invalid character.
src/services/firebaseService.ts(1,16839): error TS1127: Invalid character.
src/services/firebaseService.ts(1,16840): error TS1127: Invalid character.
src/services/firebaseService.ts(1,16841): error TS1127: Invalid character.
src/services/firebaseService.ts(1,16842): error TS1127: Invalid character.
src/services/firebaseService.ts(1,16843): error TS1127: Invalid character.
src/services/firebaseService.ts(1,16844): error TS1127: Invalid character.
src/services/firebaseService.ts(1,16845): error TS1127: Invalid character.
src/services/firebaseService.ts(1,16846): error TS1127: Invalid character.
src/services/firebaseService.ts(1,16847): error TS1127: Invalid character.
src/services/firebaseService.ts(1,16848): error TS1127: Invalid character.
src/services/firebaseService.ts(1,16849): error TS1127: Invalid character.
src/services/firebaseService.ts(1,16850): error TS1127: Invalid character.
src/services/firebaseService.ts(1,16851): error TS1127: Invalid character.
src/services/firebaseService.ts(1,16852): error TS1127: Invalid character.
src/services/firebaseService.ts(1,16853): error TS1127: Invalid character.
src/services/firebaseService.ts(1,16854): error TS1127: Invalid character.
src/services/firebaseService.ts(1,16855): error TS1127: Invalid character.
src/services/firebaseService.ts(1,16856): error TS1127: Invalid character.
src/services/firebaseService.ts(1,16857): error TS1127: Invalid character.
src/services/firebaseService.ts(1,16858): error TS1127: Invalid character.
src/services/firebaseService.ts(1,16859): error TS1127: Invalid character.
src/services/firebaseService.ts(1,16860): error TS1127: Invalid character.
src/services/firebaseService.ts(1,16861): error TS1127: Invalid character.
src/services/firebaseService.ts(1,16862): error TS1127: Invalid character.
src/services/firebaseService.ts(1,16863): error TS1127: Invalid character.
src/services/firebaseService.ts(1,16864): error TS1127: Invalid character.
src/services/firebaseService.ts(1,16865): error TS1127: Invalid character.
src/services/firebaseService.ts(1,16866): error TS1127: Invalid character.
src/services/firebaseService.ts(1,16867): error TS1127: Invalid character.
src/services/firebaseService.ts(1,16868): error TS1127: Invalid character.
src/services/firebaseService.ts(1,16869): error TS1127: Invalid character.
src/services/firebaseService.ts(1,16870): error TS1127: Invalid character.
src/services/firebaseService.ts(1,16871): error TS1127: Invalid character.
src/services/firebaseService.ts(1,16872): error TS1127: Invalid character.
src/services/firebaseService.ts(1,16873): error TS1127: Invalid character.
src/services/firebaseService.ts(1,16874): error TS1127: Invalid character.
src/services/firebaseService.ts(1,16875): error TS1127: Invalid character.
src/services/firebaseService.ts(1,16876): error TS1127: Invalid character.
src/services/firebaseService.ts(1,16877): error TS1127: Invalid character.
src/services/firebaseService.ts(1,16878): error TS1127: Invalid character.
src/services/firebaseService.ts(1,16879): error TS1127: Invalid character.
src/services/firebaseService.ts(1,16880): error TS1127: Invalid character.
src/services/firebaseService.ts(1,16881): error TS1127: Invalid character.
src/services/firebaseService.ts(1,16882): error TS1127: Invalid character.
src/services/firebaseService.ts(1,16883): error TS1127: Invalid character.
src/services/firebaseService.ts(1,16884): error TS1127: Invalid character.
src/services/firebaseService.ts(1,16885): error TS1127: Invalid character.
src/services/firebaseService.ts(1,16886): error TS1127: Invalid character.
src/services/firebaseService.ts(1,16887): error TS1127: Invalid character.
src/services/firebaseService.ts(1,16888): error TS1127: Invalid character.
src/services/firebaseService.ts(1,16889): error TS1127: Invalid character.
src/services/firebaseService.ts(1,16890): error TS1127: Invalid character.
src/services/firebaseService.ts(1,16891): error TS1127: Invalid character.
src/services/firebaseService.ts(1,16892): error TS1127: Invalid character.
src/services/firebaseService.ts(1,16893): error TS1127: Invalid character.
src/services/firebaseService.ts(1,16894): error TS1127: Invalid character.
src/services/firebaseService.ts(1,16895): error TS1127: Invalid character.
src/services/firebaseService.ts(1,16896): error TS1127: Invalid character.
src/services/firebaseService.ts(1,16897): error TS1127: Invalid character.
src/services/firebaseService.ts(1,16898): error TS1127: Invalid character.
src/services/firebaseService.ts(1,16899): error TS1127: Invalid character.
src/services/firebaseService.ts(1,16900): error TS1127: Invalid character.
src/services/firebaseService.ts(1,16901): error TS1127: Invalid character.
src/services/firebaseService.ts(1,16902): error TS1127: Invalid character.
src/services/firebaseService.ts(1,16903): error TS1127: Invalid character.
src/services/firebaseService.ts(1,16904): error TS1127: Invalid character.
src/services/firebaseService.ts(1,16905): error TS1127: Invalid character.
src/services/firebaseService.ts(1,16906): error TS1127: Invalid character.
src/services/firebaseService.ts(1,16907): error TS1127: Invalid character.
src/services/firebaseService.ts(1,16908): error TS1127: Invalid character.
src/services/firebaseService.ts(1,16909): error TS1127: Invalid character.
src/services/firebaseService.ts(1,16910): error TS1127: Invalid character.
src/services/firebaseService.ts(1,16911): error TS1127: Invalid character.
src/services/firebaseService.ts(1,16912): error TS1127: Invalid character.
src/services/firebaseService.ts(1,16913): error TS1127: Invalid character.
src/services/firebaseService.ts(1,16914): error TS1127: Invalid character.
src/services/firebaseService.ts(1,16915): error TS1127: Invalid character.
src/services/firebaseService.ts(1,16916): error TS1127: Invalid character.
src/services/firebaseService.ts(1,16917): error TS1127: Invalid character.
src/services/firebaseService.ts(1,16918): error TS1127: Invalid character.
src/services/firebaseService.ts(1,16919): error TS1127: Invalid character.
src/services/firebaseService.ts(1,16920): error TS1127: Invalid character.
src/services/firebaseService.ts(1,16921): error TS1127: Invalid character.
src/services/firebaseService.ts(1,16922): error TS1127: Invalid character.
src/services/firebaseService.ts(1,16923): error TS1127: Invalid character.
src/services/firebaseService.ts(1,16924): error TS1127: Invalid character.
src/services/firebaseService.ts(1,16925): error TS1127: Invalid character.
src/services/firebaseService.ts(1,16926): error TS1127: Invalid character.
src/services/firebaseService.ts(1,16927): error TS1127: Invalid character.
src/services/firebaseService.ts(1,16928): error TS1127: Invalid character.
src/services/firebaseService.ts(1,16929): error TS1127: Invalid character.
src/services/firebaseService.ts(1,16930): error TS1127: Invalid character.
src/services/firebaseService.ts(1,16931): error TS1127: Invalid character.
src/services/firebaseService.ts(1,16932): error TS1127: Invalid character.
src/services/firebaseService.ts(1,16933): error TS1127: Invalid character.
src/services/firebaseService.ts(1,16934): error TS1127: Invalid character.
src/services/firebaseService.ts(1,16935): error TS1127: Invalid character.
src/services/firebaseService.ts(1,16936): error TS1127: Invalid character.
src/services/firebaseService.ts(1,16937): error TS1127: Invalid character.
src/services/firebaseService.ts(1,16938): error TS1127: Invalid character.
src/services/firebaseService.ts(1,16939): error TS1127: Invalid character.
src/services/firebaseService.ts(1,16940): error TS1127: Invalid character.
src/services/firebaseService.ts(1,16941): error TS1127: Invalid character.
src/services/firebaseService.ts(1,16942): error TS1127: Invalid character.
src/services/firebaseService.ts(1,16943): error TS1127: Invalid character.
src/services/firebaseService.ts(1,16944): error TS1127: Invalid character.
src/services/firebaseService.ts(1,16945): error TS1127: Invalid character.
src/services/firebaseService.ts(1,16946): error TS1127: Invalid character.
src/services/firebaseService.ts(1,16947): error TS1127: Invalid character.
src/services/firebaseService.ts(1,16948): error TS1127: Invalid character.
src/services/firebaseService.ts(1,16949): error TS1127: Invalid character.
src/services/firebaseService.ts(1,16950): error TS1127: Invalid character.
src/services/firebaseService.ts(1,16951): error TS1127: Invalid character.
src/services/firebaseService.ts(1,16952): error TS1127: Invalid character.
src/services/firebaseService.ts(1,16953): error TS1127: Invalid character.
src/services/firebaseService.ts(1,16954): error TS1127: Invalid character.
src/services/firebaseService.ts(1,16955): error TS1127: Invalid character.
src/services/firebaseService.ts(1,16956): error TS1127: Invalid character.
src/services/firebaseService.ts(1,16957): error TS1127: Invalid character.
src/services/firebaseService.ts(1,16958): error TS1127: Invalid character.
src/services/firebaseService.ts(1,16959): error TS1127: Invalid character.
src/services/firebaseService.ts(1,16960): error TS1127: Invalid character.
src/services/firebaseService.ts(1,16961): error TS1127: Invalid character.
src/services/firebaseService.ts(1,16962): error TS1127: Invalid character.
src/services/firebaseService.ts(1,16963): error TS1127: Invalid character.
src/services/firebaseService.ts(1,16964): error TS1127: Invalid character.
src/services/firebaseService.ts(1,16965): error TS1127: Invalid character.
src/services/firebaseService.ts(1,16966): error TS1127: Invalid character.
src/services/firebaseService.ts(1,16967): error TS1127: Invalid character.
src/services/firebaseService.ts(1,16968): error TS1127: Invalid character.
src/services/firebaseService.ts(1,16969): error TS1127: Invalid character.
src/services/firebaseService.ts(1,16970): error TS1127: Invalid character.
src/services/firebaseService.ts(1,16971): error TS1127: Invalid character.
src/services/firebaseService.ts(1,16972): error TS1127: Invalid character.
src/services/firebaseService.ts(1,16973): error TS1127: Invalid character.
src/services/firebaseService.ts(1,16974): error TS1127: Invalid character.
src/services/firebaseService.ts(1,16975): error TS1127: Invalid character.
src/services/firebaseService.ts(1,16976): error TS1127: Invalid character.
src/services/firebaseService.ts(1,16977): error TS1127: Invalid character.
src/services/firebaseService.ts(1,16978): error TS1127: Invalid character.
src/services/firebaseService.ts(1,16979): error TS1127: Invalid character.
src/services/firebaseService.ts(1,16980): error TS1127: Invalid character.
src/services/firebaseService.ts(1,16981): error TS1127: Invalid character.
src/services/firebaseService.ts(1,16982): error TS1127: Invalid character.
src/services/firebaseService.ts(1,16983): error TS1127: Invalid character.
src/services/firebaseService.ts(1,16984): error TS1127: Invalid character.
src/services/firebaseService.ts(1,16985): error TS1127: Invalid character.
src/services/firebaseService.ts(1,16986): error TS1127: Invalid character.
src/services/firebaseService.ts(1,16987): error TS1127: Invalid character.
src/services/firebaseService.ts(1,16988): error TS1127: Invalid character.
src/services/firebaseService.ts(1,16989): error TS1127: Invalid character.
src/services/firebaseService.ts(1,16990): error TS1127: Invalid character.
src/services/firebaseService.ts(1,16991): error TS1127: Invalid character.
src/services/firebaseService.ts(1,16992): error TS1127: Invalid character.
src/services/firebaseService.ts(1,16993): error TS1127: Invalid character.
src/services/firebaseService.ts(1,16994): error TS1127: Invalid character.
src/services/firebaseService.ts(1,16995): error TS1127: Invalid character.
src/services/firebaseService.ts(1,16996): error TS1127: Invalid character.
src/services/firebaseService.ts(1,16997): error TS1127: Invalid character.
src/services/firebaseService.ts(1,16998): error TS1127: Invalid character.
src/services/firebaseService.ts(1,16999): error TS1127: Invalid character.
src/services/firebaseService.ts(1,17000): error TS1127: Invalid character.
src/services/firebaseService.ts(1,17001): error TS1127: Invalid character.
src/services/firebaseService.ts(1,17002): error TS1127: Invalid character.
src/services/firebaseService.ts(1,17003): error TS1127: Invalid character.
src/services/firebaseService.ts(1,17004): error TS1127: Invalid character.
src/services/firebaseService.ts(1,17005): error TS1127: Invalid character.
src/services/firebaseService.ts(1,17006): error TS1127: Invalid character.
src/services/firebaseService.ts(1,17007): error TS1127: Invalid character.
src/services/firebaseService.ts(1,17008): error TS1127: Invalid character.
src/services/firebaseService.ts(1,17009): error TS1127: Invalid character.
src/services/firebaseService.ts(1,17010): error TS1127: Invalid character.
src/services/firebaseService.ts(1,17011): error TS1127: Invalid character.
src/services/firebaseService.ts(1,17012): error TS1127: Invalid character.
src/services/firebaseService.ts(1,17013): error TS1127: Invalid character.
src/services/firebaseService.ts(1,17014): error TS1127: Invalid character.
src/services/firebaseService.ts(1,17015): error TS1127: Invalid character.
src/services/firebaseService.ts(1,17016): error TS1127: Invalid character.
src/services/firebaseService.ts(1,17017): error TS1127: Invalid character.
src/services/firebaseService.ts(1,17018): error TS1127: Invalid character.
src/services/firebaseService.ts(1,17019): error TS1127: Invalid character.
src/services/firebaseService.ts(1,17020): error TS1127: Invalid character.
src/services/firebaseService.ts(1,17021): error TS1127: Invalid character.
src/services/firebaseService.ts(1,17022): error TS1127: Invalid character.
src/services/firebaseService.ts(1,17023): error TS1127: Invalid character.
src/services/firebaseService.ts(1,17024): error TS1127: Invalid character.
src/services/firebaseService.ts(1,17025): error TS1127: Invalid character.
src/services/firebaseService.ts(1,17026): error TS1127: Invalid character.
src/services/firebaseService.ts(1,17027): error TS1127: Invalid character.
src/services/firebaseService.ts(1,17028): error TS1127: Invalid character.
src/services/firebaseService.ts(1,17029): error TS1127: Invalid character.
src/services/firebaseService.ts(1,17030): error TS1127: Invalid character.
src/services/firebaseService.ts(1,17031): error TS1127: Invalid character.
src/services/firebaseService.ts(1,17032): error TS1127: Invalid character.
src/services/firebaseService.ts(1,17033): error TS1127: Invalid character.
src/services/firebaseService.ts(1,17034): error TS1127: Invalid character.
src/services/firebaseService.ts(1,17035): error TS1127: Invalid character.
src/services/firebaseService.ts(1,17036): error TS1127: Invalid character.
src/services/firebaseService.ts(1,17037): error TS1127: Invalid character.
src/services/firebaseService.ts(1,17038): error TS1127: Invalid character.
src/services/firebaseService.ts(1,17039): error TS1127: Invalid character.
src/services/firebaseService.ts(1,17040): error TS1127: Invalid character.
src/services/firebaseService.ts(1,17041): error TS1127: Invalid character.
src/services/firebaseService.ts(1,17042): error TS1127: Invalid character.
src/services/firebaseService.ts(1,17043): error TS1127: Invalid character.
src/services/firebaseService.ts(1,17044): error TS1127: Invalid character.
src/services/firebaseService.ts(1,17045): error TS1127: Invalid character.
src/services/firebaseService.ts(1,17046): error TS1127: Invalid character.
src/services/firebaseService.ts(1,17047): error TS1127: Invalid character.
src/services/firebaseService.ts(1,17048): error TS1127: Invalid character.
src/services/firebaseService.ts(1,17049): error TS1127: Invalid character.
src/services/firebaseService.ts(1,17050): error TS1127: Invalid character.
src/services/firebaseService.ts(1,17051): error TS1127: Invalid character.
src/services/firebaseService.ts(1,17052): error TS1127: Invalid character.
src/services/firebaseService.ts(1,17053): error TS1127: Invalid character.
src/services/firebaseService.ts(1,17054): error TS1127: Invalid character.
src/services/firebaseService.ts(1,17055): error TS1127: Invalid character.
src/services/firebaseService.ts(1,17056): error TS1127: Invalid character.
src/services/firebaseService.ts(1,17057): error TS1127: Invalid character.
src/services/firebaseService.ts(1,17058): error TS1127: Invalid character.
src/services/firebaseService.ts(1,17059): error TS1127: Invalid character.
src/services/firebaseService.ts(1,17060): error TS1127: Invalid character.
src/services/firebaseService.ts(1,17061): error TS1127: Invalid character.
src/services/firebaseService.ts(1,17062): error TS1127: Invalid character.
src/services/firebaseService.ts(1,17063): error TS1127: Invalid character.
src/services/firebaseService.ts(1,17064): error TS1127: Invalid character.
src/services/firebaseService.ts(1,17065): error TS1127: Invalid character.
src/services/firebaseService.ts(1,17066): error TS1127: Invalid character.
src/services/firebaseService.ts(1,17067): error TS1127: Invalid character.
src/services/firebaseService.ts(1,17068): error TS1127: Invalid character.
src/services/firebaseService.ts(1,17069): error TS1127: Invalid character.
src/services/firebaseService.ts(1,17070): error TS1127: Invalid character.
src/services/firebaseService.ts(1,17071): error TS1127: Invalid character.
src/services/firebaseService.ts(1,17072): error TS1127: Invalid character.
src/services/firebaseService.ts(1,17073): error TS1127: Invalid character.
src/services/firebaseService.ts(1,17074): error TS1127: Invalid character.
src/services/firebaseService.ts(1,17075): error TS1127: Invalid character.
src/services/firebaseService.ts(1,17076): error TS1127: Invalid character.
src/services/firebaseService.ts(1,17077): error TS1127: Invalid character.
src/services/firebaseService.ts(1,17078): error TS1127: Invalid character.
src/services/firebaseService.ts(1,17079): error TS1127: Invalid character.
src/services/firebaseService.ts(1,17080): error TS1127: Invalid character.
src/services/firebaseService.ts(1,17081): error TS1127: Invalid character.
src/services/firebaseService.ts(1,17082): error TS1127: Invalid character.
src/services/firebaseService.ts(1,17083): error TS1127: Invalid character.
src/services/firebaseService.ts(1,17084): error TS1127: Invalid character.
src/services/firebaseService.ts(1,17085): error TS1127: Invalid character.
src/services/firebaseService.ts(1,17086): error TS1127: Invalid character.
src/services/firebaseService.ts(1,17087): error TS1127: Invalid character.
src/services/firebaseService.ts(1,17088): error TS1127: Invalid character.
src/services/firebaseService.ts(1,17089): error TS1127: Invalid character.
src/services/firebaseService.ts(1,17090): error TS1127: Invalid character.
src/services/firebaseService.ts(1,17091): error TS1127: Invalid character.
src/services/firebaseService.ts(1,17092): error TS1127: Invalid character.
src/services/firebaseService.ts(1,17093): error TS1127: Invalid character.
src/services/firebaseService.ts(1,17094): error TS1127: Invalid character.
src/services/firebaseService.ts(1,17095): error TS1127: Invalid character.
src/services/firebaseService.ts(1,17096): error TS1127: Invalid character.
src/services/firebaseService.ts(1,17097): error TS1127: Invalid character.
src/services/firebaseService.ts(1,17098): error TS1127: Invalid character.
src/services/firebaseService.ts(1,17099): error TS1127: Invalid character.
src/services/firebaseService.ts(1,17100): error TS1127: Invalid character.
src/services/firebaseService.ts(1,17101): error TS1127: Invalid character.
src/services/firebaseService.ts(1,17102): error TS1127: Invalid character.
src/services/firebaseService.ts(1,17103): error TS1127: Invalid character.
src/services/firebaseService.ts(1,17104): error TS1127: Invalid character.
src/services/firebaseService.ts(1,17105): error TS1127: Invalid character.
src/services/firebaseService.ts(1,17106): error TS1127: Invalid character.
src/services/firebaseService.ts(1,17107): error TS1127: Invalid character.
src/services/firebaseService.ts(1,17108): error TS1127: Invalid character.
src/services/firebaseService.ts(1,17109): error TS1127: Invalid character.
src/services/firebaseService.ts(1,17110): error TS1127: Invalid character.
src/services/firebaseService.ts(1,17111): error TS1127: Invalid character.
src/services/firebaseService.ts(1,17112): error TS1127: Invalid character.
src/services/firebaseService.ts(1,17113): error TS1127: Invalid character.
src/services/firebaseService.ts(1,17114): error TS1127: Invalid character.
src/services/firebaseService.ts(1,17115): error TS1127: Invalid character.
src/services/firebaseService.ts(1,17116): error TS1127: Invalid character.
src/services/firebaseService.ts(1,17117): error TS1127: Invalid character.
src/services/firebaseService.ts(1,17118): error TS1127: Invalid character.
src/services/firebaseService.ts(1,17119): error TS1127: Invalid character.
src/services/firebaseService.ts(1,17120): error TS1127: Invalid character.
src/services/firebaseService.ts(1,17121): error TS1127: Invalid character.
src/services/firebaseService.ts(1,17122): error TS1127: Invalid character.
src/services/firebaseService.ts(1,17123): error TS1127: Invalid character.
src/services/firebaseService.ts(1,17124): error TS1127: Invalid character.
src/services/firebaseService.ts(1,17125): error TS1127: Invalid character.
src/services/firebaseService.ts(1,17126): error TS1127: Invalid character.
src/services/firebaseService.ts(1,17127): error TS1127: Invalid character.
src/services/firebaseService.ts(1,17128): error TS1127: Invalid character.
src/services/firebaseService.ts(1,17129): error TS1127: Invalid character.
src/services/firebaseService.ts(1,17130): error TS1127: Invalid character.
src/services/firebaseService.ts(1,17131): error TS1127: Invalid character.
src/services/firebaseService.ts(1,17132): error TS1127: Invalid character.
src/services/firebaseService.ts(1,17133): error TS1127: Invalid character.
src/services/firebaseService.ts(1,17134): error TS1127: Invalid character.
src/services/firebaseService.ts(1,17135): error TS1127: Invalid character.
src/services/firebaseService.ts(1,17136): error TS1127: Invalid character.
src/services/firebaseService.ts(1,17137): error TS1127: Invalid character.
src/services/firebaseService.ts(1,17138): error TS1127: Invalid character.
src/services/firebaseService.ts(1,17139): error TS1127: Invalid character.
src/services/firebaseService.ts(1,17140): error TS1127: Invalid character.
src/services/firebaseService.ts(1,17141): error TS1127: Invalid character.
src/services/firebaseService.ts(1,17142): error TS1127: Invalid character.
src/services/firebaseService.ts(1,17143): error TS1127: Invalid character.
src/services/firebaseService.ts(1,17144): error TS1127: Invalid character.
src/services/firebaseService.ts(1,17145): error TS1127: Invalid character.
src/services/firebaseService.ts(1,17146): error TS1127: Invalid character.
src/services/firebaseService.ts(1,17147): error TS1127: Invalid character.
src/services/firebaseService.ts(1,17148): error TS1127: Invalid character.
src/services/firebaseService.ts(1,17149): error TS1127: Invalid character.
src/services/firebaseService.ts(1,17150): error TS1127: Invalid character.
src/services/firebaseService.ts(1,17151): error TS1127: Invalid character.
src/services/firebaseService.ts(1,17152): error TS1127: Invalid character.
src/services/firebaseService.ts(1,17153): error TS1127: Invalid character.
src/services/firebaseService.ts(1,17154): error TS1127: Invalid character.
src/services/firebaseService.ts(1,17155): error TS1127: Invalid character.
src/services/firebaseService.ts(1,17156): error TS1127: Invalid character.
src/services/firebaseService.ts(1,17157): error TS1127: Invalid character.
src/services/firebaseService.ts(1,17158): error TS1127: Invalid character.
src/services/firebaseService.ts(1,17159): error TS1127: Invalid character.
src/services/firebaseService.ts(1,17160): error TS1127: Invalid character.
src/services/firebaseService.ts(1,17161): error TS1127: Invalid character.
src/services/firebaseService.ts(1,17162): error TS1127: Invalid character.
src/services/firebaseService.ts(1,17163): error TS1127: Invalid character.
src/services/firebaseService.ts(1,17164): error TS1127: Invalid character.
src/services/firebaseService.ts(1,17165): error TS1127: Invalid character.
src/services/firebaseService.ts(1,17166): error TS1127: Invalid character.
src/services/firebaseService.ts(1,17167): error TS1127: Invalid character.
src/services/firebaseService.ts(1,17168): error TS1127: Invalid character.
src/services/firebaseService.ts(1,17169): error TS1127: Invalid character.
src/services/firebaseService.ts(1,17170): error TS1127: Invalid character.
src/services/firebaseService.ts(1,17171): error TS1127: Invalid character.
src/services/firebaseService.ts(1,17172): error TS1127: Invalid character.
src/services/firebaseService.ts(1,17173): error TS1127: Invalid character.
src/services/firebaseService.ts(1,17174): error TS1127: Invalid character.
src/services/firebaseService.ts(1,17175): error TS1127: Invalid character.
src/services/firebaseService.ts(1,17176): error TS1127: Invalid character.
src/services/firebaseService.ts(1,17177): error TS1127: Invalid character.
src/services/firebaseService.ts(1,17178): error TS1127: Invalid character.
src/services/firebaseService.ts(1,17179): error TS1127: Invalid character.
src/services/firebaseService.ts(1,17180): error TS1127: Invalid character.
src/services/firebaseService.ts(1,17181): error TS1127: Invalid character.
src/services/firebaseService.ts(1,17182): error TS1127: Invalid character.
src/services/firebaseService.ts(1,17183): error TS1127: Invalid character.
src/services/firebaseService.ts(1,17184): error TS1127: Invalid character.
src/services/firebaseService.ts(1,17185): error TS1127: Invalid character.
src/services/firebaseService.ts(1,17186): error TS1127: Invalid character.
src/services/firebaseService.ts(1,17187): error TS1127: Invalid character.
src/services/firebaseService.ts(1,17188): error TS1127: Invalid character.
src/services/firebaseService.ts(1,17189): error TS1127: Invalid character.
src/services/firebaseService.ts(1,17190): error TS1127: Invalid character.
src/services/firebaseService.ts(1,17191): error TS1127: Invalid character.
src/services/firebaseService.ts(1,17192): error TS1127: Invalid character.
src/services/firebaseService.ts(1,17193): error TS1127: Invalid character.
src/services/firebaseService.ts(1,17194): error TS1127: Invalid character.
src/services/firebaseService.ts(1,17195): error TS1127: Invalid character.
src/services/firebaseService.ts(1,17196): error TS1127: Invalid character.
src/services/firebaseService.ts(1,17197): error TS1127: Invalid character.
src/services/firebaseService.ts(1,17198): error TS1127: Invalid character.
src/services/firebaseService.ts(1,17199): error TS1127: Invalid character.
src/services/firebaseService.ts(1,17200): error TS1127: Invalid character.
src/services/firebaseService.ts(1,17201): error TS1127: Invalid character.
src/services/firebaseService.ts(1,17202): error TS1127: Invalid character.
src/services/firebaseService.ts(1,17203): error TS1127: Invalid character.
src/services/firebaseService.ts(1,17204): error TS1127: Invalid character.
src/services/firebaseService.ts(1,17205): error TS1127: Invalid character.
src/services/firebaseService.ts(1,17206): error TS1127: Invalid character.
src/services/firebaseService.ts(1,17207): error TS1127: Invalid character.
src/services/firebaseService.ts(1,17208): error TS1127: Invalid character.
src/services/firebaseService.ts(1,17209): error TS1127: Invalid character.
src/services/firebaseService.ts(1,17210): error TS1127: Invalid character.
src/services/firebaseService.ts(1,17211): error TS1127: Invalid character.
src/services/firebaseService.ts(1,17212): error TS1127: Invalid character.
src/services/firebaseService.ts(1,17213): error TS1127: Invalid character.
src/services/firebaseService.ts(1,17214): error TS1127: Invalid character.
src/services/firebaseService.ts(1,17215): error TS1127: Invalid character.
src/services/firebaseService.ts(1,17216): error TS1127: Invalid character.
src/services/firebaseService.ts(1,17217): error TS1127: Invalid character.
src/services/firebaseService.ts(1,17218): error TS1127: Invalid character.
src/services/firebaseService.ts(1,17219): error TS1127: Invalid character.
src/services/firebaseService.ts(1,17220): error TS1127: Invalid character.
src/services/firebaseService.ts(1,17221): error TS1127: Invalid character.
src/services/firebaseService.ts(1,17222): error TS1127: Invalid character.
src/services/firebaseService.ts(1,17223): error TS1127: Invalid character.
src/services/firebaseService.ts(1,17224): error TS1127: Invalid character.
src/services/firebaseService.ts(1,17225): error TS1127: Invalid character.
src/services/firebaseService.ts(1,17226): error TS1127: Invalid character.
src/services/firebaseService.ts(1,17227): error TS1127: Invalid character.
src/services/firebaseService.ts(1,17228): error TS1127: Invalid character.
src/services/firebaseService.ts(1,17229): error TS1127: Invalid character.
src/services/firebaseService.ts(1,17230): error TS1127: Invalid character.
src/services/firebaseService.ts(1,17231): error TS1127: Invalid character.
src/services/firebaseService.ts(1,17232): error TS1127: Invalid character.
src/services/firebaseService.ts(1,17233): error TS1127: Invalid character.
src/services/firebaseService.ts(1,17234): error TS1127: Invalid character.
src/services/firebaseService.ts(1,17235): error TS1127: Invalid character.
src/services/firebaseService.ts(1,17236): error TS1127: Invalid character.
src/services/firebaseService.ts(1,17237): error TS1127: Invalid character.
src/services/firebaseService.ts(1,17238): error TS1127: Invalid character.
src/services/firebaseService.ts(1,17239): error TS1127: Invalid character.
src/services/firebaseService.ts(1,17240): error TS1127: Invalid character.
src/services/firebaseService.ts(1,17241): error TS1127: Invalid character.
src/services/firebaseService.ts(1,17242): error TS1127: Invalid character.
src/services/firebaseService.ts(1,17243): error TS1127: Invalid character.
src/services/firebaseService.ts(1,17244): error TS1127: Invalid character.
src/services/firebaseService.ts(1,17245): error TS1127: Invalid character.
src/services/firebaseService.ts(1,17246): error TS1127: Invalid character.
src/services/firebaseService.ts(1,17247): error TS1127: Invalid character.
src/services/firebaseService.ts(1,17248): error TS1127: Invalid character.
src/services/firebaseService.ts(1,17249): error TS1127: Invalid character.
src/services/firebaseService.ts(1,17250): error TS1127: Invalid character.
src/services/firebaseService.ts(1,17251): error TS1127: Invalid character.
src/services/firebaseService.ts(1,17252): error TS1127: Invalid character.
src/services/firebaseService.ts(1,17253): error TS1127: Invalid character.
src/services/firebaseService.ts(1,17254): error TS1127: Invalid character.
src/services/firebaseService.ts(1,17255): error TS1127: Invalid character.
src/services/firebaseService.ts(1,17256): error TS1127: Invalid character.
src/services/firebaseService.ts(1,17257): error TS1127: Invalid character.
src/services/firebaseService.ts(1,17258): error TS1127: Invalid character.
src/services/firebaseService.ts(1,17259): error TS1127: Invalid character.
src/services/firebaseService.ts(1,17260): error TS1127: Invalid character.
src/services/firebaseService.ts(1,17261): error TS1127: Invalid character.
src/services/firebaseService.ts(1,17262): error TS1127: Invalid character.
src/services/firebaseService.ts(1,17263): error TS1127: Invalid character.
src/services/firebaseService.ts(1,17264): error TS1127: Invalid character.
src/services/firebaseService.ts(1,17265): error TS1127: Invalid character.
src/services/firebaseService.ts(1,17266): error TS1127: Invalid character.
src/services/firebaseService.ts(1,17267): error TS1127: Invalid character.
src/services/firebaseService.ts(1,17268): error TS1127: Invalid character.
src/services/firebaseService.ts(1,17269): error TS1127: Invalid character.
src/services/firebaseService.ts(1,17270): error TS1127: Invalid character.
src/services/firebaseService.ts(1,17271): error TS1127: Invalid character.
src/services/firebaseService.ts(1,17272): error TS1127: Invalid character.
src/services/firebaseService.ts(1,17273): error TS1127: Invalid character.
src/services/firebaseService.ts(1,17274): error TS1127: Invalid character.
src/services/firebaseService.ts(1,17275): error TS1127: Invalid character.
src/services/firebaseService.ts(1,17276): error TS1127: Invalid character.
src/services/firebaseService.ts(1,17277): error TS1127: Invalid character.
src/services/firebaseService.ts(1,17278): error TS1127: Invalid character.
src/services/firebaseService.ts(1,17279): error TS1127: Invalid character.
src/services/firebaseService.ts(1,17280): error TS1127: Invalid character.
src/services/firebaseService.ts(1,17281): error TS1127: Invalid character.
src/services/firebaseService.ts(1,17282): error TS1127: Invalid character.
src/services/firebaseService.ts(1,17283): error TS1127: Invalid character.
src/services/firebaseService.ts(1,17284): error TS1127: Invalid character.
src/services/firebaseService.ts(1,17285): error TS1127: Invalid character.
src/services/firebaseService.ts(1,17286): error TS1127: Invalid character.
src/services/firebaseService.ts(1,17287): error TS1127: Invalid character.
src/services/firebaseService.ts(1,17288): error TS1127: Invalid character.
src/services/firebaseService.ts(1,17289): error TS1127: Invalid character.
src/services/firebaseService.ts(1,17290): error TS1127: Invalid character.
src/services/firebaseService.ts(1,17291): error TS1127: Invalid character.
src/services/firebaseService.ts(1,17292): error TS1127: Invalid character.
src/services/firebaseService.ts(1,17293): error TS1127: Invalid character.
src/services/firebaseService.ts(1,17294): error TS1127: Invalid character.
src/services/firebaseService.ts(1,17295): error TS1127: Invalid character.
src/services/firebaseService.ts(1,17296): error TS1127: Invalid character.
src/services/firebaseService.ts(1,17297): error TS1127: Invalid character.
src/services/firebaseService.ts(1,17298): error TS1127: Invalid character.
src/services/firebaseService.ts(1,17299): error TS1127: Invalid character.
src/services/firebaseService.ts(1,17300): error TS1127: Invalid character.
src/services/firebaseService.ts(1,17301): error TS1127: Invalid character.
src/services/firebaseService.ts(1,17302): error TS1127: Invalid character.
src/services/firebaseService.ts(1,17303): error TS1127: Invalid character.
src/services/firebaseService.ts(1,17304): error TS1127: Invalid character.
src/services/firebaseService.ts(1,17305): error TS1127: Invalid character.
src/services/firebaseService.ts(1,17306): error TS1127: Invalid character.
src/services/firebaseService.ts(1,17307): error TS1127: Invalid character.
src/services/firebaseService.ts(1,17308): error TS1127: Invalid character.
src/services/firebaseService.ts(1,17309): error TS1127: Invalid character.
src/services/firebaseService.ts(1,17310): error TS1127: Invalid character.
src/services/firebaseService.ts(1,17311): error TS1127: Invalid character.
src/services/firebaseService.ts(1,17312): error TS1127: Invalid character.
src/services/firebaseService.ts(1,17313): error TS1127: Invalid character.
src/services/firebaseService.ts(1,17314): error TS1127: Invalid character.
src/services/firebaseService.ts(1,17315): error TS1127: Invalid character.
src/services/firebaseService.ts(1,17316): error TS1127: Invalid character.
src/services/firebaseService.ts(1,17317): error TS1127: Invalid character.
src/services/firebaseService.ts(1,17318): error TS1127: Invalid character.
src/services/firebaseService.ts(1,17319): error TS1127: Invalid character.
src/services/firebaseService.ts(1,17320): error TS1127: Invalid character.
src/services/firebaseService.ts(1,17321): error TS1127: Invalid character.
src/services/firebaseService.ts(1,17322): error TS1127: Invalid character.
src/services/firebaseService.ts(1,17323): error TS1127: Invalid character.
src/services/firebaseService.ts(1,17324): error TS1127: Invalid character.
src/services/firebaseService.ts(1,17325): error TS1127: Invalid character.
src/services/firebaseService.ts(1,17326): error TS1127: Invalid character.
src/services/firebaseService.ts(1,17327): error TS1127: Invalid character.
src/services/firebaseService.ts(1,17328): error TS1127: Invalid character.
src/services/firebaseService.ts(1,17329): error TS1127: Invalid character.
src/services/firebaseService.ts(1,17330): error TS1127: Invalid character.
src/services/firebaseService.ts(1,17331): error TS1127: Invalid character.
src/services/firebaseService.ts(1,17332): error TS1127: Invalid character.
src/services/firebaseService.ts(1,17333): error TS1127: Invalid character.
src/services/firebaseService.ts(1,17334): error TS1127: Invalid character.
src/services/firebaseService.ts(1,17335): error TS1127: Invalid character.
src/services/firebaseService.ts(1,17336): error TS1127: Invalid character.
src/services/firebaseService.ts(1,17337): error TS1127: Invalid character.
src/services/firebaseService.ts(1,17338): error TS1127: Invalid character.
src/services/firebaseService.ts(1,17339): error TS1127: Invalid character.
src/services/firebaseService.ts(1,17340): error TS1127: Invalid character.
src/services/firebaseService.ts(1,17341): error TS1127: Invalid character.
src/services/firebaseService.ts(1,17342): error TS1127: Invalid character.
src/services/firebaseService.ts(1,17343): error TS1127: Invalid character.
src/services/firebaseService.ts(1,17344): error TS1127: Invalid character.
src/services/firebaseService.ts(1,17345): error TS1127: Invalid character.
src/services/firebaseService.ts(1,17346): error TS1127: Invalid character.
src/services/firebaseService.ts(1,17347): error TS1127: Invalid character.
src/services/firebaseService.ts(1,17348): error TS1127: Invalid character.
src/services/firebaseService.ts(1,17349): error TS1127: Invalid character.
src/services/firebaseService.ts(1,17350): error TS1127: Invalid character.
src/services/firebaseService.ts(1,17351): error TS1127: Invalid character.
src/services/firebaseService.ts(1,17352): error TS1127: Invalid character.
src/services/firebaseService.ts(1,17353): error TS1127: Invalid character.
src/services/firebaseService.ts(1,17354): error TS1127: Invalid character.
src/services/firebaseService.ts(1,17355): error TS1127: Invalid character.
src/services/firebaseService.ts(1,17356): error TS1127: Invalid character.
src/services/firebaseService.ts(1,17357): error TS1127: Invalid character.
src/services/firebaseService.ts(1,17358): error TS1127: Invalid character.
src/services/firebaseService.ts(1,17359): error TS1127: Invalid character.
src/services/firebaseService.ts(1,17360): error TS1127: Invalid character.
src/services/firebaseService.ts(1,17361): error TS1127: Invalid character.
src/services/firebaseService.ts(1,17362): error TS1127: Invalid character.
src/services/firebaseService.ts(1,17363): error TS1127: Invalid character.
src/services/firebaseService.ts(1,17364): error TS1127: Invalid character.
src/services/firebaseService.ts(1,17365): error TS1127: Invalid character.
src/services/firebaseService.ts(1,17366): error TS1127: Invalid character.
src/services/firebaseService.ts(1,17367): error TS1127: Invalid character.
src/services/firebaseService.ts(1,17368): error TS1127: Invalid character.
src/services/firebaseService.ts(1,17369): error TS1127: Invalid character.
src/services/firebaseService.ts(1,17370): error TS1127: Invalid character.
src/services/firebaseService.ts(1,17371): error TS1127: Invalid character.
src/services/firebaseService.ts(1,17372): error TS1127: Invalid character.
src/services/firebaseService.ts(1,17373): error TS1127: Invalid character.
src/services/firebaseService.ts(1,17374): error TS1127: Invalid character.
src/services/firebaseService.ts(1,17375): error TS1127: Invalid character.
src/services/firebaseService.ts(1,17376): error TS1127: Invalid character.
src/services/firebaseService.ts(1,17377): error TS1127: Invalid character.
src/services/firebaseService.ts(1,17378): error TS1127: Invalid character.
src/services/firebaseService.ts(1,17379): error TS1127: Invalid character.
src/services/firebaseService.ts(1,17380): error TS1127: Invalid character.
src/services/firebaseService.ts(1,17381): error TS1127: Invalid character.
src/services/firebaseService.ts(1,17382): error TS1127: Invalid character.
src/services/firebaseService.ts(1,17383): error TS1127: Invalid character.
src/services/firebaseService.ts(1,17384): error TS1127: Invalid character.
src/services/firebaseService.ts(1,17385): error TS1127: Invalid character.
src/services/firebaseService.ts(1,17386): error TS1127: Invalid character.
src/services/firebaseService.ts(1,17387): error TS1127: Invalid character.
src/services/firebaseService.ts(1,17388): error TS1127: Invalid character.
src/services/firebaseService.ts(1,17389): error TS1127: Invalid character.
src/services/firebaseService.ts(1,17390): error TS1127: Invalid character.
src/services/firebaseService.ts(1,17391): error TS1127: Invalid character.
src/services/firebaseService.ts(1,17392): error TS1127: Invalid character.
src/services/firebaseService.ts(1,17393): error TS1127: Invalid character.
src/services/firebaseService.ts(1,17394): error TS1127: Invalid character.
src/services/firebaseService.ts(1,17395): error TS1127: Invalid character.
src/services/firebaseService.ts(1,17396): error TS1127: Invalid character.
src/services/firebaseService.ts(1,17397): error TS1127: Invalid character.
src/services/firebaseService.ts(1,17398): error TS1127: Invalid character.
src/services/firebaseService.ts(1,17399): error TS1127: Invalid character.
src/services/firebaseService.ts(1,17400): error TS1127: Invalid character.
src/services/firebaseService.ts(1,17401): error TS1127: Invalid character.
src/services/firebaseService.ts(1,17402): error TS1127: Invalid character.
src/services/firebaseService.ts(1,17403): error TS1127: Invalid character.
src/services/firebaseService.ts(1,17404): error TS1127: Invalid character.
src/services/firebaseService.ts(1,17405): error TS1127: Invalid character.
src/services/firebaseService.ts(1,17406): error TS1127: Invalid character.
src/services/firebaseService.ts(1,17407): error TS1127: Invalid character.
src/services/firebaseService.ts(1,17408): error TS1127: Invalid character.
src/services/firebaseService.ts(1,17409): error TS1127: Invalid character.
src/services/firebaseService.ts(1,17410): error TS1127: Invalid character.
src/services/firebaseService.ts(1,17411): error TS1127: Invalid character.
src/services/firebaseService.ts(1,17412): error TS1127: Invalid character.
src/services/firebaseService.ts(1,17413): error TS1127: Invalid character.
src/services/firebaseService.ts(1,17414): error TS1127: Invalid character.
src/services/firebaseService.ts(1,17415): error TS1127: Invalid character.
src/services/firebaseService.ts(1,17416): error TS1127: Invalid character.
src/services/firebaseService.ts(1,17417): error TS1127: Invalid character.
src/services/firebaseService.ts(1,17418): error TS1127: Invalid character.
src/services/firebaseService.ts(1,17419): error TS1127: Invalid character.
src/services/firebaseService.ts(1,17420): error TS1127: Invalid character.
src/services/firebaseService.ts(1,17421): error TS1127: Invalid character.
src/services/firebaseService.ts(1,17422): error TS1127: Invalid character.
src/services/firebaseService.ts(1,17423): error TS1127: Invalid character.
src/services/firebaseService.ts(1,17424): error TS1127: Invalid character.
src/services/firebaseService.ts(1,17425): error TS1127: Invalid character.
src/services/firebaseService.ts(1,17426): error TS1127: Invalid character.
src/services/firebaseService.ts(1,17427): error TS1127: Invalid character.
src/services/firebaseService.ts(1,17428): error TS1127: Invalid character.
src/services/firebaseService.ts(1,17429): error TS1127: Invalid character.
src/services/firebaseService.ts(1,17430): error TS1127: Invalid character.
src/services/firebaseService.ts(1,17431): error TS1127: Invalid character.
src/services/firebaseService.ts(1,17432): error TS1127: Invalid character.
src/services/firebaseService.ts(1,17433): error TS1127: Invalid character.
src/services/firebaseService.ts(1,17434): error TS1127: Invalid character.
src/services/firebaseService.ts(1,17435): error TS1127: Invalid character.
src/services/firebaseService.ts(1,17436): error TS1127: Invalid character.
src/services/firebaseService.ts(1,17437): error TS1127: Invalid character.
src/services/firebaseService.ts(1,17438): error TS1127: Invalid character.
src/services/firebaseService.ts(1,17439): error TS1127: Invalid character.
src/services/firebaseService.ts(1,17440): error TS1127: Invalid character.
src/services/firebaseService.ts(1,17441): error TS1127: Invalid character.
src/services/firebaseService.ts(1,17442): error TS1127: Invalid character.
src/services/firebaseService.ts(1,17443): error TS1127: Invalid character.
src/services/firebaseService.ts(1,17444): error TS1127: Invalid character.
src/services/firebaseService.ts(1,17445): error TS1127: Invalid character.
src/services/firebaseService.ts(1,17446): error TS1127: Invalid character.
src/services/firebaseService.ts(1,17447): error TS1127: Invalid character.
src/services/firebaseService.ts(1,17448): error TS1127: Invalid character.
src/services/firebaseService.ts(1,17449): error TS1127: Invalid character.
src/services/firebaseService.ts(1,17450): error TS1127: Invalid character.
src/services/firebaseService.ts(1,17451): error TS1127: Invalid character.
src/services/firebaseService.ts(1,17452): error TS1127: Invalid character.
src/services/firebaseService.ts(1,17453): error TS1127: Invalid character.
src/services/firebaseService.ts(1,17454): error TS1127: Invalid character.
src/services/firebaseService.ts(1,17455): error TS1127: Invalid character.
src/services/firebaseService.ts(1,17456): error TS1127: Invalid character.
src/services/firebaseService.ts(1,17457): error TS1127: Invalid character.
src/services/firebaseService.ts(1,17458): error TS1127: Invalid character.
src/services/firebaseService.ts(1,17459): error TS1127: Invalid character.
src/services/firebaseService.ts(1,17460): error TS1127: Invalid character.
src/services/firebaseService.ts(1,17461): error TS1127: Invalid character.
src/services/firebaseService.ts(1,17462): error TS1127: Invalid character.
src/services/firebaseService.ts(1,17463): error TS1127: Invalid character.
src/services/firebaseService.ts(1,17464): error TS1127: Invalid character.
src/services/firebaseService.ts(1,17465): error TS1127: Invalid character.
src/services/firebaseService.ts(1,17466): error TS1127: Invalid character.
src/services/firebaseService.ts(1,17467): error TS1127: Invalid character.
src/services/firebaseService.ts(1,17468): error TS1127: Invalid character.
src/services/firebaseService.ts(1,17469): error TS1127: Invalid character.
src/services/firebaseService.ts(1,17470): error TS1127: Invalid character.
src/services/firebaseService.ts(1,17471): error TS1127: Invalid character.
src/services/firebaseService.ts(1,17472): error TS1127: Invalid character.
src/services/firebaseService.ts(1,17473): error TS1127: Invalid character.
src/services/firebaseService.ts(1,17474): error TS1127: Invalid character.
src/services/firebaseService.ts(1,17475): error TS1127: Invalid character.
src/services/firebaseService.ts(1,17476): error TS1127: Invalid character.
src/services/firebaseService.ts(1,17477): error TS1127: Invalid character.
src/services/firebaseService.ts(1,17478): error TS1127: Invalid character.
src/services/firebaseService.ts(1,17479): error TS1127: Invalid character.
src/services/firebaseService.ts(1,17480): error TS1127: Invalid character.
src/services/firebaseService.ts(1,17481): error TS1127: Invalid character.
src/services/firebaseService.ts(1,17482): error TS1127: Invalid character.
src/services/firebaseService.ts(1,17483): error TS1127: Invalid character.
src/services/firebaseService.ts(1,17484): error TS1127: Invalid character.
src/services/firebaseService.ts(1,17485): error TS1127: Invalid character.
src/services/firebaseService.ts(1,17486): error TS1127: Invalid character.
src/services/firebaseService.ts(1,17487): error TS1127: Invalid character.
src/services/firebaseService.ts(1,17488): error TS1127: Invalid character.
src/services/firebaseService.ts(1,17489): error TS1127: Invalid character.
src/services/firebaseService.ts(1,17490): error TS1127: Invalid character.
src/services/firebaseService.ts(1,17491): error TS1127: Invalid character.
src/services/firebaseService.ts(1,17492): error TS1127: Invalid character.
src/services/firebaseService.ts(1,17493): error TS1127: Invalid character.
src/services/firebaseService.ts(1,17494): error TS1127: Invalid character.
src/services/firebaseService.ts(1,17495): error TS1127: Invalid character.
src/services/firebaseService.ts(1,17496): error TS1127: Invalid character.
src/services/firebaseService.ts(1,17497): error TS1127: Invalid character.
src/services/firebaseService.ts(1,17498): error TS1127: Invalid character.
src/services/firebaseService.ts(1,17499): error TS1127: Invalid character.
src/services/firebaseService.ts(1,17500): error TS1127: Invalid character.
src/services/firebaseService.ts(1,17501): error TS1127: Invalid character.
src/services/firebaseService.ts(1,17502): error TS1127: Invalid character.
src/services/firebaseService.ts(1,17503): error TS1127: Invalid character.
src/services/firebaseService.ts(1,17504): error TS1127: Invalid character.
src/services/firebaseService.ts(1,17505): error TS1127: Invalid character.
src/services/firebaseService.ts(1,17506): error TS1127: Invalid character.
src/services/firebaseService.ts(1,17507): error TS1127: Invalid character.
src/services/firebaseService.ts(1,17508): error TS1127: Invalid character.
src/services/firebaseService.ts(1,17509): error TS1127: Invalid character.
src/services/firebaseService.ts(1,17510): error TS1127: Invalid character.
src/services/firebaseService.ts(1,17511): error TS1127: Invalid character.
src/services/firebaseService.ts(1,17512): error TS1127: Invalid character.
src/services/firebaseService.ts(1,17513): error TS1127: Invalid character.
src/services/firebaseService.ts(1,17514): error TS1127: Invalid character.
src/services/firebaseService.ts(1,17515): error TS1127: Invalid character.
src/services/firebaseService.ts(1,17516): error TS1127: Invalid character.
src/services/firebaseService.ts(1,17517): error TS1127: Invalid character.
src/services/firebaseService.ts(1,17518): error TS1127: Invalid character.
src/services/firebaseService.ts(1,17519): error TS1127: Invalid character.
src/services/firebaseService.ts(1,17520): error TS1127: Invalid character.
src/services/firebaseService.ts(1,17521): error TS1127: Invalid character.
src/services/firebaseService.ts(1,17522): error TS1127: Invalid character.
src/services/firebaseService.ts(1,17523): error TS1127: Invalid character.
src/services/firebaseService.ts(1,17524): error TS1127: Invalid character.
src/services/firebaseService.ts(1,17525): error TS1127: Invalid character.
src/services/firebaseService.ts(1,17526): error TS1127: Invalid character.
src/services/firebaseService.ts(1,17527): error TS1127: Invalid character.
src/services/firebaseService.ts(1,17528): error TS1127: Invalid character.
src/services/firebaseService.ts(1,17529): error TS1127: Invalid character.
src/services/firebaseService.ts(1,17530): error TS1127: Invalid character.
src/services/firebaseService.ts(1,17531): error TS1127: Invalid character.
src/services/firebaseService.ts(1,17532): error TS1127: Invalid character.
src/services/firebaseService.ts(1,17533): error TS1127: Invalid character.
src/services/firebaseService.ts(1,17534): error TS1127: Invalid character.
src/services/firebaseService.ts(1,17535): error TS1127: Invalid character.
src/services/firebaseService.ts(1,17536): error TS1127: Invalid character.
src/services/firebaseService.ts(1,17537): error TS1127: Invalid character.
src/services/firebaseService.ts(1,17538): error TS1127: Invalid character.
src/services/firebaseService.ts(1,17539): error TS1127: Invalid character.
src/services/firebaseService.ts(1,17540): error TS1127: Invalid character.
src/services/firebaseService.ts(1,17541): error TS1127: Invalid character.
src/services/firebaseService.ts(1,17542): error TS1127: Invalid character.
src/services/firebaseService.ts(1,17543): error TS1127: Invalid character.
src/services/firebaseService.ts(1,17544): error TS1127: Invalid character.
src/services/firebaseService.ts(1,17545): error TS1127: Invalid character.
src/services/firebaseService.ts(1,17546): error TS1127: Invalid character.
src/services/firebaseService.ts(1,17547): error TS1127: Invalid character.
src/services/firebaseService.ts(1,17548): error TS1127: Invalid character.
src/services/firebaseService.ts(1,17549): error TS1127: Invalid character.
src/services/firebaseService.ts(1,17550): error TS1127: Invalid character.
src/services/firebaseService.ts(1,17551): error TS1127: Invalid character.
src/services/firebaseService.ts(1,17552): error TS1127: Invalid character.
src/services/firebaseService.ts(1,17553): error TS1127: Invalid character.
src/services/firebaseService.ts(1,17554): error TS1127: Invalid character.
src/services/firebaseService.ts(1,17555): error TS1127: Invalid character.
src/services/firebaseService.ts(1,17556): error TS1127: Invalid character.
src/services/firebaseService.ts(1,17557): error TS1127: Invalid character.
src/services/firebaseService.ts(1,17558): error TS1127: Invalid character.
src/services/firebaseService.ts(1,17559): error TS1127: Invalid character.
src/services/firebaseService.ts(1,17560): error TS1127: Invalid character.
src/services/firebaseService.ts(1,17561): error TS1127: Invalid character.
src/services/firebaseService.ts(1,17562): error TS1127: Invalid character.
src/services/firebaseService.ts(1,17563): error TS1127: Invalid character.
src/services/firebaseService.ts(1,17564): error TS1127: Invalid character.
src/services/firebaseService.ts(1,17565): error TS1127: Invalid character.
src/services/firebaseService.ts(1,17566): error TS1127: Invalid character.
src/services/firebaseService.ts(1,17567): error TS1127: Invalid character.
src/services/firebaseService.ts(1,17568): error TS1127: Invalid character.
src/services/firebaseService.ts(1,17569): error TS1127: Invalid character.
src/services/firebaseService.ts(1,17570): error TS1127: Invalid character.
src/services/firebaseService.ts(1,17571): error TS1127: Invalid character.
src/services/firebaseService.ts(1,17572): error TS1127: Invalid character.
src/services/firebaseService.ts(1,17573): error TS1127: Invalid character.
src/services/firebaseService.ts(1,17574): error TS1127: Invalid character.
src/services/firebaseService.ts(1,17575): error TS1127: Invalid character.
src/services/firebaseService.ts(1,17576): error TS1127: Invalid character.
src/services/firebaseService.ts(1,17577): error TS1127: Invalid character.
src/services/firebaseService.ts(1,17578): error TS1127: Invalid character.
src/services/firebaseService.ts(1,17579): error TS1127: Invalid character.
src/services/firebaseService.ts(1,17580): error TS1127: Invalid character.
src/services/firebaseService.ts(1,17581): error TS1127: Invalid character.
src/services/firebaseService.ts(1,17582): error TS1127: Invalid character.
src/services/firebaseService.ts(1,17583): error TS1127: Invalid character.
src/services/firebaseService.ts(1,17584): error TS1127: Invalid character.
src/services/firebaseService.ts(1,17585): error TS1127: Invalid character.
src/services/firebaseService.ts(1,17586): error TS1127: Invalid character.
src/services/firebaseService.ts(1,17587): error TS1127: Invalid character.
src/services/firebaseService.ts(1,17588): error TS1127: Invalid character.
src/services/firebaseService.ts(1,17589): error TS1127: Invalid character.
src/services/firebaseService.ts(1,17590): error TS1127: Invalid character.
src/services/firebaseService.ts(1,17591): error TS1127: Invalid character.
src/services/firebaseService.ts(1,17592): error TS1127: Invalid character.
src/services/firebaseService.ts(1,17593): error TS1127: Invalid character.
src/services/firebaseService.ts(1,17594): error TS1127: Invalid character.
src/services/firebaseService.ts(1,17595): error TS1127: Invalid character.
src/services/firebaseService.ts(1,17596): error TS1127: Invalid character.
src/services/firebaseService.ts(1,17597): error TS1127: Invalid character.
src/services/firebaseService.ts(1,17598): error TS1127: Invalid character.
src/services/firebaseService.ts(1,17599): error TS1127: Invalid character.
src/services/firebaseService.ts(1,17600): error TS1127: Invalid character.
src/services/firebaseService.ts(1,17601): error TS1127: Invalid character.
src/services/firebaseService.ts(1,17602): error TS1127: Invalid character.
src/services/firebaseService.ts(1,17603): error TS1127: Invalid character.
src/services/firebaseService.ts(1,17604): error TS1127: Invalid character.
src/services/firebaseService.ts(1,17605): error TS1127: Invalid character.
src/services/firebaseService.ts(1,17606): error TS1127: Invalid character.
src/services/firebaseService.ts(1,17607): error TS1127: Invalid character.
src/services/firebaseService.ts(1,17608): error TS1127: Invalid character.
src/services/firebaseService.ts(1,17609): error TS1127: Invalid character.
src/services/firebaseService.ts(1,17610): error TS1127: Invalid character.
src/services/firebaseService.ts(1,17611): error TS1127: Invalid character.
src/services/firebaseService.ts(1,17612): error TS1127: Invalid character.
src/services/firebaseService.ts(1,17613): error TS1127: Invalid character.
src/services/firebaseService.ts(1,17614): error TS1127: Invalid character.
src/services/firebaseService.ts(1,17615): error TS1127: Invalid character.
src/services/firebaseService.ts(1,17616): error TS1127: Invalid character.
src/services/firebaseService.ts(1,17617): error TS1127: Invalid character.
src/services/firebaseService.ts(1,17618): error TS1127: Invalid character.
src/services/firebaseService.ts(1,17619): error TS1127: Invalid character.
src/services/firebaseService.ts(1,17620): error TS1127: Invalid character.
src/services/firebaseService.ts(1,17621): error TS1127: Invalid character.
src/services/firebaseService.ts(1,17622): error TS1127: Invalid character.
src/services/firebaseService.ts(1,17623): error TS1127: Invalid character.
src/services/firebaseService.ts(1,17624): error TS1127: Invalid character.
src/services/firebaseService.ts(1,17625): error TS1127: Invalid character.
src/services/firebaseService.ts(1,17626): error TS1127: Invalid character.
src/services/firebaseService.ts(1,17627): error TS1127: Invalid character.
src/services/firebaseService.ts(1,17628): error TS1127: Invalid character.
src/services/firebaseService.ts(1,17629): error TS1127: Invalid character.
src/services/firebaseService.ts(1,17630): error TS1127: Invalid character.
src/services/firebaseService.ts(1,17631): error TS1127: Invalid character.
src/services/firebaseService.ts(1,17632): error TS1127: Invalid character.
src/services/firebaseService.ts(1,17633): error TS1127: Invalid character.
src/services/firebaseService.ts(1,17634): error TS1127: Invalid character.
src/services/firebaseService.ts(1,17635): error TS1127: Invalid character.
src/services/firebaseService.ts(1,17636): error TS1127: Invalid character.
src/services/firebaseService.ts(1,17637): error TS1127: Invalid character.
src/services/firebaseService.ts(1,17638): error TS1127: Invalid character.
src/services/firebaseService.ts(1,17639): error TS1127: Invalid character.
src/services/firebaseService.ts(1,17640): error TS1127: Invalid character.
src/services/firebaseService.ts(1,17641): error TS1127: Invalid character.
src/services/firebaseService.ts(1,17642): error TS1127: Invalid character.
src/services/firebaseService.ts(1,17643): error TS1127: Invalid character.
src/services/firebaseService.ts(1,17644): error TS1127: Invalid character.
src/services/firebaseService.ts(1,17645): error TS1127: Invalid character.
src/services/firebaseService.ts(1,17646): error TS1127: Invalid character.
src/services/firebaseService.ts(1,17647): error TS1127: Invalid character.
src/services/firebaseService.ts(1,17648): error TS1127: Invalid character.
src/services/firebaseService.ts(1,17649): error TS1127: Invalid character.
src/services/firebaseService.ts(1,17650): error TS1127: Invalid character.
src/services/firebaseService.ts(1,17651): error TS1127: Invalid character.
src/services/firebaseService.ts(1,17652): error TS1127: Invalid character.
src/services/firebaseService.ts(1,17653): error TS1127: Invalid character.
src/services/firebaseService.ts(1,17654): error TS1127: Invalid character.
src/services/firebaseService.ts(1,17655): error TS1127: Invalid character.
src/services/firebaseService.ts(1,17656): error TS1127: Invalid character.
src/services/firebaseService.ts(1,17657): error TS1127: Invalid character.
src/services/firebaseService.ts(1,17658): error TS1127: Invalid character.
src/services/firebaseService.ts(1,17659): error TS1127: Invalid character.
src/services/firebaseService.ts(1,17660): error TS1127: Invalid character.
src/services/firebaseService.ts(1,17661): error TS1127: Invalid character.
src/services/firebaseService.ts(1,17662): error TS1127: Invalid character.
src/services/firebaseService.ts(1,17663): error TS1127: Invalid character.
src/services/firebaseService.ts(1,17664): error TS1127: Invalid character.
src/services/firebaseService.ts(1,17665): error TS1127: Invalid character.
src/services/firebaseService.ts(1,17666): error TS1127: Invalid character.
src/services/firebaseService.ts(1,17667): error TS1127: Invalid character.
src/services/firebaseService.ts(1,17668): error TS1127: Invalid character.
src/services/firebaseService.ts(1,17669): error TS1127: Invalid character.
src/services/firebaseService.ts(1,17670): error TS1127: Invalid character.
src/services/firebaseService.ts(1,17671): error TS1127: Invalid character.
src/services/firebaseService.ts(1,17672): error TS1127: Invalid character.
src/services/firebaseService.ts(1,17673): error TS1127: Invalid character.
src/services/firebaseService.ts(1,17674): error TS1127: Invalid character.
src/services/firebaseService.ts(1,17675): error TS1127: Invalid character.
src/services/firebaseService.ts(1,17676): error TS1127: Invalid character.
src/services/firebaseService.ts(1,17677): error TS1127: Invalid character.
src/services/firebaseService.ts(1,17678): error TS1127: Invalid character.
src/services/firebaseService.ts(1,17679): error TS1127: Invalid character.
src/services/firebaseService.ts(1,17680): error TS1127: Invalid character.
src/services/firebaseService.ts(1,17681): error TS1127: Invalid character.
src/services/firebaseService.ts(1,17682): error TS1127: Invalid character.
src/services/firebaseService.ts(1,17683): error TS1127: Invalid character.
src/services/firebaseService.ts(1,17684): error TS1127: Invalid character.
src/services/firebaseService.ts(1,17685): error TS1127: Invalid character.
src/services/firebaseService.ts(1,17686): error TS1127: Invalid character.
src/services/firebaseService.ts(1,17687): error TS1127: Invalid character.
src/services/firebaseService.ts(1,17688): error TS1127: Invalid character.
src/services/firebaseService.ts(1,17689): error TS1127: Invalid character.
src/services/firebaseService.ts(1,17690): error TS1127: Invalid character.
src/services/firebaseService.ts(1,17691): error TS1127: Invalid character.
src/services/firebaseService.ts(1,17692): error TS1127: Invalid character.
src/services/firebaseService.ts(1,17693): error TS1127: Invalid character.
src/services/firebaseService.ts(1,17694): error TS1127: Invalid character.
src/services/firebaseService.ts(1,17695): error TS1127: Invalid character.
src/services/firebaseService.ts(1,17696): error TS1127: Invalid character.
src/services/firebaseService.ts(1,17697): error TS1127: Invalid character.
src/services/firebaseService.ts(1,17698): error TS1127: Invalid character.
src/services/firebaseService.ts(1,17699): error TS1127: Invalid character.
src/services/firebaseService.ts(1,17700): error TS1127: Invalid character.
src/services/firebaseService.ts(1,17701): error TS1127: Invalid character.
src/services/firebaseService.ts(1,17702): error TS1127: Invalid character.
src/services/firebaseService.ts(1,17703): error TS1127: Invalid character.
src/services/firebaseService.ts(1,17704): error TS1127: Invalid character.
src/services/firebaseService.ts(1,17705): error TS1127: Invalid character.
src/services/firebaseService.ts(1,17706): error TS1127: Invalid character.
src/services/firebaseService.ts(1,17707): error TS1127: Invalid character.
src/services/firebaseService.ts(1,17708): error TS1127: Invalid character.
src/services/firebaseService.ts(1,17709): error TS1127: Invalid character.
src/services/firebaseService.ts(1,17710): error TS1127: Invalid character.
src/services/firebaseService.ts(1,17711): error TS1127: Invalid character.
src/services/firebaseService.ts(1,17712): error TS1127: Invalid character.
src/services/firebaseService.ts(1,17713): error TS1127: Invalid character.
src/services/firebaseService.ts(1,17714): error TS1127: Invalid character.
src/services/firebaseService.ts(1,17715): error TS1127: Invalid character.
src/services/firebaseService.ts(1,17716): error TS1127: Invalid character.
src/services/firebaseService.ts(1,17717): error TS1127: Invalid character.
src/services/firebaseService.ts(1,17718): error TS1127: Invalid character.
src/services/firebaseService.ts(1,17719): error TS1127: Invalid character.
src/services/firebaseService.ts(1,17720): error TS1127: Invalid character.
src/services/firebaseService.ts(1,17721): error TS1127: Invalid character.
src/services/firebaseService.ts(1,17722): error TS1127: Invalid character.
src/services/firebaseService.ts(1,17723): error TS1127: Invalid character.
src/services/firebaseService.ts(1,17724): error TS1127: Invalid character.
src/services/firebaseService.ts(1,17725): error TS1127: Invalid character.
src/services/firebaseService.ts(1,17726): error TS1127: Invalid character.
src/services/firebaseService.ts(1,17727): error TS1127: Invalid character.
src/services/firebaseService.ts(1,17728): error TS1127: Invalid character.
src/services/firebaseService.ts(1,17729): error TS1127: Invalid character.
src/services/firebaseService.ts(1,17730): error TS1127: Invalid character.
src/services/firebaseService.ts(1,17731): error TS1127: Invalid character.
src/services/firebaseService.ts(1,17732): error TS1127: Invalid character.
src/services/firebaseService.ts(1,17733): error TS1127: Invalid character.
src/services/firebaseService.ts(1,17734): error TS1127: Invalid character.
src/services/firebaseService.ts(1,17735): error TS1127: Invalid character.
src/services/firebaseService.ts(1,17736): error TS1127: Invalid character.
src/services/firebaseService.ts(1,17737): error TS1127: Invalid character.
src/services/firebaseService.ts(1,17738): error TS1127: Invalid character.
src/services/firebaseService.ts(1,17739): error TS1127: Invalid character.
src/services/firebaseService.ts(1,17740): error TS1127: Invalid character.
src/services/firebaseService.ts(1,17741): error TS1127: Invalid character.
src/services/firebaseService.ts(1,17742): error TS1127: Invalid character.
src/services/firebaseService.ts(1,17743): error TS1127: Invalid character.
src/services/firebaseService.ts(1,17744): error TS1127: Invalid character.
src/services/firebaseService.ts(1,17745): error TS1127: Invalid character.
src/services/firebaseService.ts(1,17746): error TS1127: Invalid character.
src/services/firebaseService.ts(1,17747): error TS1127: Invalid character.
src/services/firebaseService.ts(1,17748): error TS1127: Invalid character.
src/services/firebaseService.ts(1,17749): error TS1127: Invalid character.
src/services/firebaseService.ts(1,17750): error TS1127: Invalid character.
src/services/firebaseService.ts(1,17751): error TS1127: Invalid character.
src/services/firebaseService.ts(1,17752): error TS1127: Invalid character.
src/services/firebaseService.ts(1,17753): error TS1127: Invalid character.
src/services/firebaseService.ts(1,17754): error TS1127: Invalid character.
src/services/firebaseService.ts(1,17755): error TS1127: Invalid character.
src/services/firebaseService.ts(1,17756): error TS1127: Invalid character.
src/services/firebaseService.ts(1,17757): error TS1127: Invalid character.
src/services/firebaseService.ts(1,17758): error TS1127: Invalid character.
src/services/firebaseService.ts(1,17759): error TS1127: Invalid character.
src/services/firebaseService.ts(1,17760): error TS1127: Invalid character.
src/services/firebaseService.ts(1,17761): error TS1127: Invalid character.
src/services/firebaseService.ts(1,17762): error TS1127: Invalid character.
src/services/firebaseService.ts(1,17763): error TS1127: Invalid character.
src/services/firebaseService.ts(1,17764): error TS1127: Invalid character.
src/services/firebaseService.ts(1,17765): error TS1127: Invalid character.
src/services/firebaseService.ts(1,17766): error TS1127: Invalid character.
src/services/firebaseService.ts(1,17767): error TS1127: Invalid character.
src/services/firebaseService.ts(1,17768): error TS1127: Invalid character.
src/services/firebaseService.ts(1,17769): error TS1127: Invalid character.
src/services/firebaseService.ts(1,17770): error TS1127: Invalid character.
src/services/firebaseService.ts(1,17771): error TS1127: Invalid character.
src/services/firebaseService.ts(1,17772): error TS1127: Invalid character.
src/services/firebaseService.ts(1,17773): error TS1127: Invalid character.
src/services/firebaseService.ts(1,17774): error TS1127: Invalid character.
src/services/firebaseService.ts(1,17775): error TS1127: Invalid character.
src/services/firebaseService.ts(1,17776): error TS1127: Invalid character.
src/services/firebaseService.ts(1,17777): error TS1127: Invalid character.
src/services/firebaseService.ts(1,17778): error TS1127: Invalid character.
src/services/firebaseService.ts(1,17779): error TS1127: Invalid character.
src/services/firebaseService.ts(1,17780): error TS1127: Invalid character.
src/services/firebaseService.ts(1,17781): error TS1127: Invalid character.
src/services/firebaseService.ts(1,17782): error TS1127: Invalid character.
src/services/firebaseService.ts(1,17783): error TS1127: Invalid character.
src/services/firebaseService.ts(1,17784): error TS1127: Invalid character.
src/services/firebaseService.ts(1,17785): error TS1127: Invalid character.
src/services/firebaseService.ts(1,17786): error TS1127: Invalid character.
src/services/firebaseService.ts(1,17787): error TS1127: Invalid character.
src/services/firebaseService.ts(1,17788): error TS1127: Invalid character.
src/services/firebaseService.ts(1,17789): error TS1127: Invalid character.
src/services/firebaseService.ts(1,17790): error TS1127: Invalid character.
src/services/firebaseService.ts(1,17791): error TS1127: Invalid character.
src/services/firebaseService.ts(1,17792): error TS1127: Invalid character.
src/services/firebaseService.ts(1,17793): error TS1127: Invalid character.
src/services/firebaseService.ts(1,17794): error TS1127: Invalid character.
src/services/firebaseService.ts(1,17795): error TS1127: Invalid character.
src/services/firebaseService.ts(1,17796): error TS1127: Invalid character.
src/services/firebaseService.ts(1,17797): error TS1127: Invalid character.
src/services/firebaseService.ts(1,17798): error TS1127: Invalid character.
src/services/firebaseService.ts(1,17799): error TS1127: Invalid character.
src/services/firebaseService.ts(1,17800): error TS1127: Invalid character.
src/services/firebaseService.ts(1,17801): error TS1127: Invalid character.
src/services/firebaseService.ts(1,17802): error TS1127: Invalid character.
src/services/firebaseService.ts(1,17803): error TS1127: Invalid character.
src/services/firebaseService.ts(1,17804): error TS1127: Invalid character.
src/services/firebaseService.ts(1,17805): error TS1127: Invalid character.
src/services/firebaseService.ts(1,17806): error TS1127: Invalid character.
src/services/firebaseService.ts(1,17807): error TS1127: Invalid character.
src/services/firebaseService.ts(1,17808): error TS1127: Invalid character.
src/services/firebaseService.ts(1,17809): error TS1127: Invalid character.
src/services/firebaseService.ts(1,17810): error TS1127: Invalid character.
src/services/firebaseService.ts(1,17811): error TS1127: Invalid character.
src/services/firebaseService.ts(1,17812): error TS1127: Invalid character.
src/services/firebaseService.ts(1,17813): error TS1127: Invalid character.
src/services/firebaseService.ts(1,17814): error TS1127: Invalid character.
src/services/firebaseService.ts(1,17815): error TS1127: Invalid character.
src/services/firebaseService.ts(1,17816): error TS1127: Invalid character.
src/services/firebaseService.ts(1,17817): error TS1127: Invalid character.
src/services/firebaseService.ts(1,17818): error TS1127: Invalid character.
src/services/firebaseService.ts(1,17819): error TS1127: Invalid character.
src/services/firebaseService.ts(1,17820): error TS1127: Invalid character.
src/services/firebaseService.ts(1,17821): error TS1127: Invalid character.
src/services/firebaseService.ts(1,17822): error TS1127: Invalid character.
src/services/firebaseService.ts(1,17823): error TS1127: Invalid character.
src/services/firebaseService.ts(1,17824): error TS1127: Invalid character.
src/services/firebaseService.ts(1,17825): error TS1127: Invalid character.
src/services/firebaseService.ts(1,17826): error TS1127: Invalid character.
src/services/firebaseService.ts(1,17827): error TS1127: Invalid character.
src/services/firebaseService.ts(1,17828): error TS1127: Invalid character.
src/services/firebaseService.ts(1,17829): error TS1127: Invalid character.
src/services/firebaseService.ts(1,17830): error TS1127: Invalid character.
src/services/firebaseService.ts(1,17831): error TS1127: Invalid character.
src/services/firebaseService.ts(1,17832): error TS1127: Invalid character.
src/services/firebaseService.ts(1,17833): error TS1127: Invalid character.
src/services/firebaseService.ts(1,17834): error TS1127: Invalid character.
src/services/firebaseService.ts(1,17835): error TS1127: Invalid character.
src/services/firebaseService.ts(1,17836): error TS1127: Invalid character.
src/services/firebaseService.ts(1,17837): error TS1127: Invalid character.
src/services/firebaseService.ts(1,17838): error TS1127: Invalid character.
src/services/firebaseService.ts(1,17839): error TS1127: Invalid character.
src/services/firebaseService.ts(1,17840): error TS1127: Invalid character.
src/services/firebaseService.ts(1,17841): error TS1127: Invalid character.
src/services/firebaseService.ts(1,17842): error TS1127: Invalid character.
src/services/firebaseService.ts(1,17843): error TS1127: Invalid character.
src/services/firebaseService.ts(1,17844): error TS1127: Invalid character.
src/services/firebaseService.ts(1,17845): error TS1127: Invalid character.
src/services/firebaseService.ts(1,17846): error TS1127: Invalid character.
src/services/firebaseService.ts(1,17847): error TS1127: Invalid character.
src/services/firebaseService.ts(1,17848): error TS1127: Invalid character.
src/services/firebaseService.ts(1,17849): error TS1127: Invalid character.
src/services/firebaseService.ts(1,17850): error TS1127: Invalid character.
src/services/firebaseService.ts(1,17851): error TS1127: Invalid character.
src/services/firebaseService.ts(1,17852): error TS1127: Invalid character.
src/services/firebaseService.ts(1,17853): error TS1127: Invalid character.
src/services/firebaseService.ts(1,17854): error TS1127: Invalid character.
src/services/firebaseService.ts(1,17855): error TS1127: Invalid character.
src/services/firebaseService.ts(1,17856): error TS1127: Invalid character.
src/services/firebaseService.ts(1,17857): error TS1127: Invalid character.
src/services/firebaseService.ts(1,17858): error TS1127: Invalid character.
src/services/firebaseService.ts(1,17859): error TS1127: Invalid character.
src/services/firebaseService.ts(1,17860): error TS1127: Invalid character.
src/services/firebaseService.ts(1,17861): error TS1127: Invalid character.
src/services/firebaseService.ts(1,17862): error TS1127: Invalid character.
src/services/firebaseService.ts(1,17863): error TS1127: Invalid character.
src/services/firebaseService.ts(1,17864): error TS1127: Invalid character.
src/services/firebaseService.ts(1,17865): error TS1127: Invalid character.
src/services/firebaseService.ts(1,17866): error TS1127: Invalid character.
src/services/firebaseService.ts(1,17867): error TS1127: Invalid character.
src/services/firebaseService.ts(1,17868): error TS1127: Invalid character.
src/services/firebaseService.ts(1,17869): error TS1127: Invalid character.
src/services/firebaseService.ts(1,17870): error TS1127: Invalid character.
src/services/firebaseService.ts(1,17871): error TS1127: Invalid character.
src/services/firebaseService.ts(1,17872): error TS1127: Invalid character.
src/services/firebaseService.ts(1,17873): error TS1127: Invalid character.
src/services/firebaseService.ts(1,17874): error TS1127: Invalid character.
src/services/firebaseService.ts(1,17875): error TS1127: Invalid character.
src/services/firebaseService.ts(1,17876): error TS1127: Invalid character.
src/services/firebaseService.ts(1,17877): error TS1127: Invalid character.
src/services/firebaseService.ts(1,17878): error TS1127: Invalid character.
src/services/firebaseService.ts(1,17879): error TS1127: Invalid character.
src/services/firebaseService.ts(1,17880): error TS1127: Invalid character.
src/services/firebaseService.ts(1,17881): error TS1127: Invalid character.
src/services/firebaseService.ts(1,17882): error TS1127: Invalid character.
src/services/firebaseService.ts(1,17883): error TS1127: Invalid character.
src/services/firebaseService.ts(1,17884): error TS1127: Invalid character.
src/services/firebaseService.ts(1,17885): error TS1127: Invalid character.
src/services/firebaseService.ts(1,17886): error TS1127: Invalid character.
src/services/firebaseService.ts(1,17887): error TS1127: Invalid character.
src/services/firebaseService.ts(1,17888): error TS1127: Invalid character.
src/services/firebaseService.ts(1,17889): error TS1127: Invalid character.
src/services/firebaseService.ts(1,17890): error TS1127: Invalid character.
src/services/firebaseService.ts(1,17891): error TS1127: Invalid character.
src/services/firebaseService.ts(1,17892): error TS1127: Invalid character.
src/services/firebaseService.ts(1,17893): error TS1127: Invalid character.
src/services/firebaseService.ts(1,17894): error TS1127: Invalid character.
src/services/firebaseService.ts(1,17895): error TS1127: Invalid character.
src/services/firebaseService.ts(1,17896): error TS1127: Invalid character.
src/services/firebaseService.ts(1,17897): error TS1127: Invalid character.
src/services/firebaseService.ts(1,17898): error TS1127: Invalid character.
src/services/firebaseService.ts(1,17899): error TS1127: Invalid character.
src/services/firebaseService.ts(1,17900): error TS1127: Invalid character.
src/services/firebaseService.ts(1,17901): error TS1127: Invalid character.
src/services/firebaseService.ts(1,17902): error TS1127: Invalid character.
src/services/firebaseService.ts(1,17903): error TS1127: Invalid character.
src/services/firebaseService.ts(1,17904): error TS1127: Invalid character.
src/services/firebaseService.ts(1,17905): error TS1127: Invalid character.
src/services/firebaseService.ts(1,17906): error TS1127: Invalid character.
src/services/firebaseService.ts(1,17907): error TS1127: Invalid character.
src/services/firebaseService.ts(1,17908): error TS1127: Invalid character.
src/services/firebaseService.ts(1,17909): error TS1127: Invalid character.
src/services/firebaseService.ts(1,17910): error TS1127: Invalid character.
src/services/firebaseService.ts(1,17911): error TS1127: Invalid character.
src/services/firebaseService.ts(1,17912): error TS1127: Invalid character.
src/services/firebaseService.ts(1,17913): error TS1127: Invalid character.
src/services/firebaseService.ts(1,17914): error TS1127: Invalid character.
src/services/firebaseService.ts(1,17915): error TS1127: Invalid character.
src/services/firebaseService.ts(1,17916): error TS1127: Invalid character.
src/services/firebaseService.ts(1,17917): error TS1127: Invalid character.
src/services/firebaseService.ts(1,17918): error TS1127: Invalid character.
src/services/firebaseService.ts(1,17919): error TS1127: Invalid character.
src/services/firebaseService.ts(1,17920): error TS1127: Invalid character.
src/services/firebaseService.ts(1,17921): error TS1127: Invalid character.
src/services/firebaseService.ts(1,17922): error TS1127: Invalid character.
src/services/firebaseService.ts(1,17923): error TS1127: Invalid character.
src/services/firebaseService.ts(1,17924): error TS1127: Invalid character.
src/services/firebaseService.ts(1,17925): error TS1127: Invalid character.
src/services/firebaseService.ts(1,17926): error TS1127: Invalid character.
src/services/firebaseService.ts(1,17927): error TS1127: Invalid character.
src/services/firebaseService.ts(1,17928): error TS1127: Invalid character.
src/services/firebaseService.ts(1,17929): error TS1127: Invalid character.
src/services/firebaseService.ts(1,17930): error TS1127: Invalid character.
src/services/firebaseService.ts(1,17931): error TS1127: Invalid character.
src/services/firebaseService.ts(1,17932): error TS1127: Invalid character.
src/services/firebaseService.ts(1,17933): error TS1127: Invalid character.
src/services/firebaseService.ts(1,17934): error TS1127: Invalid character.
src/services/firebaseService.ts(1,17935): error TS1127: Invalid character.
src/services/firebaseService.ts(1,17936): error TS1127: Invalid character.
src/services/firebaseService.ts(1,17937): error TS1127: Invalid character.
src/services/firebaseService.ts(1,17938): error TS1127: Invalid character.
src/services/firebaseService.ts(1,17939): error TS1127: Invalid character.
src/services/firebaseService.ts(1,17940): error TS1127: Invalid character.
src/services/firebaseService.ts(1,17941): error TS1127: Invalid character.
src/services/firebaseService.ts(1,17942): error TS1127: Invalid character.
src/services/firebaseService.ts(1,17943): error TS1127: Invalid character.
src/services/firebaseService.ts(1,17944): error TS1127: Invalid character.
src/services/firebaseService.ts(1,17945): error TS1127: Invalid character.
src/services/firebaseService.ts(1,17946): error TS1127: Invalid character.
src/services/firebaseService.ts(1,17947): error TS1127: Invalid character.
src/services/firebaseService.ts(1,17948): error TS1127: Invalid character.
src/services/firebaseService.ts(1,17949): error TS1127: Invalid character.
src/services/firebaseService.ts(1,17950): error TS1127: Invalid character.
src/services/firebaseService.ts(1,17951): error TS1127: Invalid character.
src/services/firebaseService.ts(1,17952): error TS1127: Invalid character.
src/services/firebaseService.ts(1,17953): error TS1127: Invalid character.
src/services/firebaseService.ts(1,17954): error TS1127: Invalid character.
src/services/firebaseService.ts(1,17955): error TS1127: Invalid character.
src/services/firebaseService.ts(1,17956): error TS1127: Invalid character.
src/services/firebaseService.ts(1,17957): error TS1127: Invalid character.
src/services/firebaseService.ts(1,17958): error TS1127: Invalid character.
src/services/firebaseService.ts(1,17959): error TS1127: Invalid character.
src/services/firebaseService.ts(1,17960): error TS1127: Invalid character.
src/services/firebaseService.ts(1,17961): error TS1127: Invalid character.
src/services/firebaseService.ts(1,17962): error TS1127: Invalid character.
src/services/firebaseService.ts(1,17963): error TS1127: Invalid character.
src/services/firebaseService.ts(1,17964): error TS1127: Invalid character.
src/services/firebaseService.ts(1,17965): error TS1127: Invalid character.
src/services/firebaseService.ts(1,17966): error TS1127: Invalid character.
src/services/firebaseService.ts(1,17967): error TS1127: Invalid character.
src/services/firebaseService.ts(1,17968): error TS1127: Invalid character.
src/services/firebaseService.ts(1,17969): error TS1127: Invalid character.
src/services/firebaseService.ts(1,17970): error TS1127: Invalid character.
src/services/firebaseService.ts(1,17971): error TS1127: Invalid character.
src/services/firebaseService.ts(1,17972): error TS1127: Invalid character.
src/services/firebaseService.ts(1,17973): error TS1127: Invalid character.
src/services/firebaseService.ts(1,17974): error TS1127: Invalid character.
src/services/firebaseService.ts(1,17975): error TS1127: Invalid character.
src/services/firebaseService.ts(1,17976): error TS1127: Invalid character.
src/services/firebaseService.ts(1,17977): error TS1127: Invalid character.
src/services/firebaseService.ts(1,17978): error TS1127: Invalid character.
src/services/firebaseService.ts(1,17979): error TS1127: Invalid character.
src/services/firebaseService.ts(1,17980): error TS1127: Invalid character.
src/services/firebaseService.ts(1,17981): error TS1127: Invalid character.
src/services/firebaseService.ts(1,17982): error TS1127: Invalid character.
src/services/firebaseService.ts(1,17983): error TS1127: Invalid character.
src/services/firebaseService.ts(1,17984): error TS1127: Invalid character.
src/services/firebaseService.ts(1,17985): error TS1127: Invalid character.
src/services/firebaseService.ts(1,17986): error TS1127: Invalid character.
src/services/firebaseService.ts(1,17987): error TS1127: Invalid character.
src/services/firebaseService.ts(1,17988): error TS1127: Invalid character.
src/services/firebaseService.ts(1,17989): error TS1127: Invalid character.
src/services/firebaseService.ts(1,17990): error TS1127: Invalid character.
src/services/firebaseService.ts(1,17991): error TS1127: Invalid character.
src/services/firebaseService.ts(1,17992): error TS1127: Invalid character.
src/services/firebaseService.ts(1,17993): error TS1127: Invalid character.
src/services/firebaseService.ts(1,17994): error TS1127: Invalid character.
src/services/firebaseService.ts(1,17995): error TS1127: Invalid character.
src/services/firebaseService.ts(1,17996): error TS1127: Invalid character.
src/services/firebaseService.ts(1,17997): error TS1127: Invalid character.
src/services/firebaseService.ts(1,17998): error TS1127: Invalid character.
src/services/firebaseService.ts(1,17999): error TS1127: Invalid character.
src/services/firebaseService.ts(1,18000): error TS1127: Invalid character.
src/services/firebaseService.ts(1,18001): error TS1127: Invalid character.
src/services/firebaseService.ts(1,18002): error TS1127: Invalid character.
src/services/firebaseService.ts(1,18003): error TS1127: Invalid character.
src/services/firebaseService.ts(1,18004): error TS1127: Invalid character.
src/services/firebaseService.ts(1,18005): error TS1127: Invalid character.
src/services/firebaseService.ts(1,18006): error TS1127: Invalid character.
src/services/firebaseService.ts(1,18007): error TS1127: Invalid character.
src/services/firebaseService.ts(1,18008): error TS1127: Invalid character.
src/services/firebaseService.ts(1,18009): error TS1127: Invalid character.
src/services/firebaseService.ts(1,18010): error TS1127: Invalid character.
src/services/firebaseService.ts(1,18011): error TS1127: Invalid character.
src/services/firebaseService.ts(1,18012): error TS1127: Invalid character.
src/services/firebaseService.ts(1,18013): error TS1127: Invalid character.
src/services/firebaseService.ts(1,18014): error TS1127: Invalid character.
src/services/firebaseService.ts(1,18015): error TS1127: Invalid character.
src/services/firebaseService.ts(1,18016): error TS1127: Invalid character.
src/services/firebaseService.ts(1,18017): error TS1127: Invalid character.
src/services/firebaseService.ts(1,18018): error TS1127: Invalid character.
src/services/firebaseService.ts(1,18019): error TS1127: Invalid character.
src/services/firebaseService.ts(1,18020): error TS1127: Invalid character.
src/services/firebaseService.ts(1,18021): error TS1127: Invalid character.
src/services/firebaseService.ts(1,18022): error TS1127: Invalid character.
src/services/firebaseService.ts(1,18023): error TS1127: Invalid character.
src/services/firebaseService.ts(1,18024): error TS1127: Invalid character.
src/services/firebaseService.ts(1,18025): error TS1127: Invalid character.
src/services/firebaseService.ts(1,18026): error TS1127: Invalid character.
src/services/firebaseService.ts(1,18027): error TS1127: Invalid character.
src/services/firebaseService.ts(1,18028): error TS1127: Invalid character.
src/services/firebaseService.ts(1,18029): error TS1127: Invalid character.
src/services/firebaseService.ts(1,18030): error TS1127: Invalid character.
src/services/firebaseService.ts(1,18031): error TS1127: Invalid character.
src/services/firebaseService.ts(1,18032): error TS1127: Invalid character.
src/services/firebaseService.ts(1,18033): error TS1127: Invalid character.
src/services/firebaseService.ts(1,18034): error TS1127: Invalid character.
src/services/firebaseService.ts(1,18035): error TS1127: Invalid character.
src/services/firebaseService.ts(1,18036): error TS1127: Invalid character.
src/services/firebaseService.ts(1,18037): error TS1127: Invalid character.
src/services/firebaseService.ts(1,18038): error TS1127: Invalid character.
src/services/firebaseService.ts(1,18039): error TS1127: Invalid character.
src/services/firebaseService.ts(1,18040): error TS1127: Invalid character.
src/services/firebaseService.ts(1,18041): error TS1127: Invalid character.
src/services/firebaseService.ts(1,18042): error TS1127: Invalid character.
src/services/firebaseService.ts(1,18043): error TS1127: Invalid character.
src/services/firebaseService.ts(1,18044): error TS1127: Invalid character.
src/services/firebaseService.ts(1,18045): error TS1127: Invalid character.
src/services/firebaseService.ts(1,18046): error TS1127: Invalid character.
src/services/firebaseService.ts(1,18047): error TS1127: Invalid character.
src/services/firebaseService.ts(1,18048): error TS1127: Invalid character.
src/services/firebaseService.ts(1,18049): error TS1127: Invalid character.
src/services/firebaseService.ts(1,18050): error TS1127: Invalid character.
src/services/firebaseService.ts(1,18051): error TS1127: Invalid character.
src/services/firebaseService.ts(1,18052): error TS1127: Invalid character.
src/services/firebaseService.ts(1,18053): error TS1127: Invalid character.
src/services/firebaseService.ts(1,18054): error TS1127: Invalid character.
src/services/firebaseService.ts(1,18055): error TS1127: Invalid character.
src/services/firebaseService.ts(1,18056): error TS1127: Invalid character.
src/services/firebaseService.ts(1,18057): error TS1127: Invalid character.
src/services/firebaseService.ts(1,18058): error TS1127: Invalid character.
src/services/firebaseService.ts(1,18059): error TS1127: Invalid character.
src/services/firebaseService.ts(1,18060): error TS1127: Invalid character.
src/services/firebaseService.ts(1,18061): error TS1127: Invalid character.
src/services/firebaseService.ts(1,18062): error TS1127: Invalid character.
src/services/firebaseService.ts(1,18063): error TS1127: Invalid character.
src/services/firebaseService.ts(1,18064): error TS1127: Invalid character.
src/services/firebaseService.ts(1,18065): error TS1127: Invalid character.
src/services/firebaseService.ts(1,18066): error TS1127: Invalid character.
src/services/firebaseService.ts(1,18067): error TS1127: Invalid character.
src/services/firebaseService.ts(1,18068): error TS1127: Invalid character.
src/services/firebaseService.ts(1,18069): error TS1127: Invalid character.
src/services/firebaseService.ts(1,18070): error TS1127: Invalid character.
src/services/firebaseService.ts(1,18071): error TS1127: Invalid character.
src/services/firebaseService.ts(1,18072): error TS1127: Invalid character.
src/services/firebaseService.ts(1,18073): error TS1127: Invalid character.
src/services/firebaseService.ts(1,18074): error TS1127: Invalid character.
src/services/firebaseService.ts(1,18075): error TS1127: Invalid character.
src/services/firebaseService.ts(1,18076): error TS1127: Invalid character.
src/services/firebaseService.ts(1,18077): error TS1127: Invalid character.
src/services/firebaseService.ts(1,18078): error TS1127: Invalid character.
src/services/firebaseService.ts(1,18079): error TS1127: Invalid character.
src/services/firebaseService.ts(1,18080): error TS1127: Invalid character.
src/services/firebaseService.ts(1,18081): error TS1127: Invalid character.
src/services/firebaseService.ts(1,18082): error TS1127: Invalid character.
src/services/firebaseService.ts(1,18083): error TS1127: Invalid character.
src/services/firebaseService.ts(1,18084): error TS1127: Invalid character.
src/services/firebaseService.ts(1,18085): error TS1127: Invalid character.
src/services/firebaseService.ts(1,18086): error TS1127: Invalid character.
src/services/firebaseService.ts(1,18087): error TS1127: Invalid character.
src/services/firebaseService.ts(1,18088): error TS1127: Invalid character.
src/services/firebaseService.ts(1,18089): error TS1127: Invalid character.
src/services/firebaseService.ts(1,18090): error TS1127: Invalid character.
src/services/firebaseService.ts(1,18091): error TS1127: Invalid character.
src/services/firebaseService.ts(1,18092): error TS1127: Invalid character.
src/services/firebaseService.ts(1,18093): error TS1127: Invalid character.
src/services/firebaseService.ts(1,18094): error TS1127: Invalid character.
src/services/firebaseService.ts(1,18095): error TS1127: Invalid character.
src/services/firebaseService.ts(1,18096): error TS1127: Invalid character.
src/services/firebaseService.ts(1,18097): error TS1127: Invalid character.
src/services/firebaseService.ts(1,18098): error TS1127: Invalid character.
src/services/firebaseService.ts(1,18099): error TS1127: Invalid character.
src/services/firebaseService.ts(1,18100): error TS1127: Invalid character.
src/services/firebaseService.ts(1,18101): error TS1127: Invalid character.
src/services/firebaseService.ts(1,18102): error TS1127: Invalid character.
src/services/firebaseService.ts(1,18103): error TS1127: Invalid character.
src/services/firebaseService.ts(1,18104): error TS1127: Invalid character.
src/services/firebaseService.ts(1,18105): error TS1127: Invalid character.
src/services/firebaseService.ts(1,18106): error TS1127: Invalid character.
src/services/firebaseService.ts(1,18107): error TS1127: Invalid character.
src/services/firebaseService.ts(1,18108): error TS1127: Invalid character.
src/services/firebaseService.ts(1,18109): error TS1127: Invalid character.
src/services/firebaseService.ts(1,18110): error TS1127: Invalid character.
src/services/firebaseService.ts(1,18111): error TS1127: Invalid character.
src/services/firebaseService.ts(1,18112): error TS1127: Invalid character.
src/services/firebaseService.ts(1,18113): error TS1127: Invalid character.
src/services/firebaseService.ts(1,18114): error TS1127: Invalid character.
src/services/firebaseService.ts(1,18115): error TS1127: Invalid character.
src/services/firebaseService.ts(1,18116): error TS1127: Invalid character.
src/services/firebaseService.ts(1,18117): error TS1127: Invalid character.
src/services/firebaseService.ts(1,18118): error TS1127: Invalid character.
src/services/firebaseService.ts(1,18119): error TS1127: Invalid character.
src/services/firebaseService.ts(1,18120): error TS1127: Invalid character.
src/services/firebaseService.ts(1,18121): error TS1127: Invalid character.
src/services/firebaseService.ts(1,18122): error TS1127: Invalid character.
src/services/firebaseService.ts(1,18123): error TS1127: Invalid character.
src/services/firebaseService.ts(1,18124): error TS1127: Invalid character.
src/services/firebaseService.ts(1,18125): error TS1127: Invalid character.
src/services/firebaseService.ts(1,18126): error TS1127: Invalid character.
src/services/firebaseService.ts(1,18127): error TS1127: Invalid character.
src/services/firebaseService.ts(1,18128): error TS1127: Invalid character.
src/services/firebaseService.ts(1,18129): error TS1127: Invalid character.
src/services/firebaseService.ts(1,18130): error TS1127: Invalid character.
src/services/firebaseService.ts(1,18131): error TS1127: Invalid character.
src/services/firebaseService.ts(1,18132): error TS1127: Invalid character.
src/services/firebaseService.ts(1,18133): error TS1127: Invalid character.
src/services/firebaseService.ts(1,18134): error TS1127: Invalid character.
src/services/firebaseService.ts(1,18135): error TS1127: Invalid character.
src/services/firebaseService.ts(1,18136): error TS1127: Invalid character.
src/services/firebaseService.ts(1,18137): error TS1127: Invalid character.
src/services/firebaseService.ts(1,18138): error TS1127: Invalid character.
src/services/firebaseService.ts(1,18139): error TS1127: Invalid character.
src/services/firebaseService.ts(1,18140): error TS1127: Invalid character.
src/services/firebaseService.ts(1,18141): error TS1127: Invalid character.
src/services/firebaseService.ts(1,18142): error TS1127: Invalid character.
src/services/firebaseService.ts(1,18143): error TS1127: Invalid character.
src/services/firebaseService.ts(1,18144): error TS1127: Invalid character.
src/services/firebaseService.ts(1,18145): error TS1127: Invalid character.
src/services/firebaseService.ts(1,18146): error TS1127: Invalid character.
src/services/firebaseService.ts(1,18147): error TS1127: Invalid character.
src/services/firebaseService.ts(1,18148): error TS1127: Invalid character.
src/services/firebaseService.ts(1,18149): error TS1127: Invalid character.
src/services/firebaseService.ts(1,18150): error TS1127: Invalid character.
src/services/firebaseService.ts(1,18151): error TS1127: Invalid character.
src/services/firebaseService.ts(1,18152): error TS1127: Invalid character.
src/services/firebaseService.ts(1,18153): error TS1127: Invalid character.
src/services/firebaseService.ts(1,18154): error TS1127: Invalid character.
src/services/firebaseService.ts(1,18155): error TS1127: Invalid character.
src/services/firebaseService.ts(1,18156): error TS1127: Invalid character.
src/services/firebaseService.ts(1,18157): error TS1127: Invalid character.
src/services/firebaseService.ts(1,18158): error TS1127: Invalid character.
src/services/firebaseService.ts(1,18159): error TS1127: Invalid character.
src/services/firebaseService.ts(1,18160): error TS1127: Invalid character.
src/services/firebaseService.ts(1,18161): error TS1127: Invalid character.
src/services/firebaseService.ts(1,18162): error TS1127: Invalid character.
src/services/firebaseService.ts(1,18163): error TS1127: Invalid character.
src/services/firebaseService.ts(1,18164): error TS1127: Invalid character.
src/services/firebaseService.ts(1,18165): error TS1127: Invalid character.
src/services/firebaseService.ts(1,18166): error TS1127: Invalid character.
src/services/firebaseService.ts(1,18167): error TS1127: Invalid character.
src/services/firebaseService.ts(1,18168): error TS1127: Invalid character.
src/services/firebaseService.ts(1,18169): error TS1127: Invalid character.
src/services/firebaseService.ts(1,18170): error TS1127: Invalid character.
src/services/firebaseService.ts(1,18171): error TS1127: Invalid character.
src/services/firebaseService.ts(1,18172): error TS1127: Invalid character.
src/services/firebaseService.ts(1,18173): error TS1127: Invalid character.
src/services/firebaseService.ts(1,18174): error TS1127: Invalid character.
src/services/firebaseService.ts(1,18175): error TS1127: Invalid character.
src/services/firebaseService.ts(1,18176): error TS1127: Invalid character.
src/services/firebaseService.ts(1,18177): error TS1127: Invalid character.
src/services/firebaseService.ts(1,18178): error TS1127: Invalid character.
src/services/firebaseService.ts(1,18179): error TS1127: Invalid character.
src/services/firebaseService.ts(1,18180): error TS1127: Invalid character.
src/services/firebaseService.ts(1,18181): error TS1127: Invalid character.
src/services/firebaseService.ts(1,18182): error TS1127: Invalid character.
src/services/firebaseService.ts(1,18183): error TS1127: Invalid character.
src/services/firebaseService.ts(1,18184): error TS1127: Invalid character.
src/services/firebaseService.ts(1,18185): error TS1127: Invalid character.
src/services/firebaseService.ts(1,18186): error TS1127: Invalid character.
src/services/firebaseService.ts(1,18187): error TS1127: Invalid character.
src/services/firebaseService.ts(1,18188): error TS1127: Invalid character.
src/services/firebaseService.ts(1,18189): error TS1127: Invalid character.
src/services/firebaseService.ts(1,18190): error TS1127: Invalid character.
src/services/firebaseService.ts(1,18191): error TS1127: Invalid character.
src/services/firebaseService.ts(1,18192): error TS1127: Invalid character.
src/services/firebaseService.ts(1,18193): error TS1127: Invalid character.
src/services/firebaseService.ts(1,18194): error TS1127: Invalid character.
src/services/firebaseService.ts(1,18195): error TS1127: Invalid character.
src/services/firebaseService.ts(1,18196): error TS1127: Invalid character.
src/services/firebaseService.ts(1,18197): error TS1127: Invalid character.
src/services/firebaseService.ts(1,18198): error TS1127: Invalid character.
src/services/firebaseService.ts(1,18199): error TS1127: Invalid character.
src/services/firebaseService.ts(1,18200): error TS1127: Invalid character.
src/services/firebaseService.ts(1,18201): error TS1127: Invalid character.
src/services/firebaseService.ts(1,18202): error TS1127: Invalid character.
src/services/firebaseService.ts(1,18203): error TS1127: Invalid character.
src/services/firebaseService.ts(1,18204): error TS1127: Invalid character.
src/services/firebaseService.ts(1,18205): error TS1127: Invalid character.
src/services/firebaseService.ts(1,18206): error TS1127: Invalid character.
src/services/firebaseService.ts(1,18207): error TS1127: Invalid character.
src/services/firebaseService.ts(1,18208): error TS1127: Invalid character.
src/services/firebaseService.ts(1,18209): error TS1127: Invalid character.
src/services/firebaseService.ts(1,18210): error TS1127: Invalid character.
src/services/firebaseService.ts(1,18211): error TS1127: Invalid character.
src/services/firebaseService.ts(1,18212): error TS1127: Invalid character.
src/services/firebaseService.ts(1,18213): error TS1127: Invalid character.
src/services/firebaseService.ts(1,18214): error TS1127: Invalid character.
src/services/firebaseService.ts(1,18215): error TS1127: Invalid character.
src/services/firebaseService.ts(1,18216): error TS1127: Invalid character.
src/services/firebaseService.ts(1,18217): error TS1127: Invalid character.
src/services/firebaseService.ts(1,18218): error TS1127: Invalid character.
src/services/firebaseService.ts(1,18219): error TS1127: Invalid character.
src/services/firebaseService.ts(1,18220): error TS1127: Invalid character.
src/services/firebaseService.ts(1,18221): error TS1127: Invalid character.
src/services/firebaseService.ts(1,18222): error TS1127: Invalid character.
src/services/firebaseService.ts(1,18223): error TS1127: Invalid character.
src/services/firebaseService.ts(1,18224): error TS1127: Invalid character.
src/services/firebaseService.ts(1,18225): error TS1127: Invalid character.
src/services/firebaseService.ts(1,18226): error TS1127: Invalid character.
src/services/firebaseService.ts(1,18227): error TS1127: Invalid character.
src/services/firebaseService.ts(1,18228): error TS1127: Invalid character.
src/services/firebaseService.ts(1,18229): error TS1127: Invalid character.
src/services/firebaseService.ts(1,18230): error TS1127: Invalid character.
src/services/firebaseService.ts(1,18231): error TS1127: Invalid character.
src/services/firebaseService.ts(1,18232): error TS1127: Invalid character.
src/services/firebaseService.ts(1,18233): error TS1127: Invalid character.
src/services/firebaseService.ts(1,18234): error TS1127: Invalid character.
src/services/firebaseService.ts(1,18235): error TS1127: Invalid character.
src/services/firebaseService.ts(1,18236): error TS1127: Invalid character.
src/services/firebaseService.ts(1,18237): error TS1127: Invalid character.
src/services/firebaseService.ts(1,18238): error TS1127: Invalid character.
src/services/firebaseService.ts(1,18239): error TS1127: Invalid character.
src/services/firebaseService.ts(1,18240): error TS1127: Invalid character.
src/services/firebaseService.ts(1,18241): error TS1127: Invalid character.
src/services/firebaseService.ts(1,18242): error TS1127: Invalid character.
src/services/firebaseService.ts(1,18243): error TS1127: Invalid character.
src/services/firebaseService.ts(1,18244): error TS1127: Invalid character.
src/services/firebaseService.ts(1,18245): error TS1127: Invalid character.
src/services/firebaseService.ts(1,18246): error TS1127: Invalid character.
src/services/firebaseService.ts(1,18247): error TS1127: Invalid character.
src/services/firebaseService.ts(1,18248): error TS1127: Invalid character.
src/services/firebaseService.ts(1,18249): error TS1127: Invalid character.
src/services/firebaseService.ts(1,18250): error TS1127: Invalid character.
src/services/firebaseService.ts(1,18251): error TS1127: Invalid character.
src/services/firebaseService.ts(1,18252): error TS1127: Invalid character.
src/services/firebaseService.ts(1,18253): error TS1127: Invalid character.
src/services/firebaseService.ts(1,18254): error TS1127: Invalid character.
src/services/firebaseService.ts(1,18255): error TS1127: Invalid character.
src/services/firebaseService.ts(1,18256): error TS1127: Invalid character.
src/services/firebaseService.ts(1,18257): error TS1127: Invalid character.
src/services/firebaseService.ts(1,18258): error TS1127: Invalid character.
src/services/firebaseService.ts(1,18259): error TS1127: Invalid character.
src/services/firebaseService.ts(1,18260): error TS1127: Invalid character.
src/services/firebaseService.ts(1,18261): error TS1127: Invalid character.
src/services/firebaseService.ts(1,18262): error TS1127: Invalid character.
src/services/firebaseService.ts(1,18263): error TS1127: Invalid character.
src/services/firebaseService.ts(1,18264): error TS1127: Invalid character.
src/services/firebaseService.ts(1,18265): error TS1127: Invalid character.
src/services/firebaseService.ts(1,18266): error TS1127: Invalid character.
src/services/firebaseService.ts(1,18267): error TS1127: Invalid character.
src/services/firebaseService.ts(1,18268): error TS1127: Invalid character.
src/services/firebaseService.ts(1,18269): error TS1127: Invalid character.
src/services/firebaseService.ts(1,18270): error TS1127: Invalid character.
src/services/firebaseService.ts(1,18271): error TS1127: Invalid character.
src/services/firebaseService.ts(1,18272): error TS1127: Invalid character.
src/services/firebaseService.ts(1,18273): error TS1127: Invalid character.
src/services/firebaseService.ts(1,18274): error TS1127: Invalid character.
src/services/firebaseService.ts(1,18275): error TS1127: Invalid character.
src/services/firebaseService.ts(1,18276): error TS1127: Invalid character.
src/services/firebaseService.ts(1,18277): error TS1127: Invalid character.
src/services/firebaseService.ts(1,18278): error TS1127: Invalid character.
src/services/firebaseService.ts(1,18279): error TS1127: Invalid character.
src/services/firebaseService.ts(1,18280): error TS1127: Invalid character.
src/services/firebaseService.ts(1,18281): error TS1127: Invalid character.
src/services/firebaseService.ts(1,18282): error TS1127: Invalid character.
src/services/firebaseService.ts(1,18283): error TS1127: Invalid character.
src/services/firebaseService.ts(1,18284): error TS1127: Invalid character.
src/services/firebaseService.ts(1,18285): error TS1127: Invalid character.
src/services/firebaseService.ts(1,18286): error TS1127: Invalid character.
src/services/firebaseService.ts(1,18287): error TS1127: Invalid character.
src/services/firebaseService.ts(1,18288): error TS1127: Invalid character.
src/services/firebaseService.ts(1,18289): error TS1127: Invalid character.
src/services/firebaseService.ts(1,18290): error TS1127: Invalid character.
src/services/firebaseService.ts(1,18291): error TS1127: Invalid character.
src/services/firebaseService.ts(1,18292): error TS1127: Invalid character.
src/services/firebaseService.ts(1,18293): error TS1127: Invalid character.
src/services/firebaseService.ts(1,18294): error TS1127: Invalid character.
src/services/firebaseService.ts(1,18295): error TS1127: Invalid character.
src/services/firebaseService.ts(1,18296): error TS1127: Invalid character.
src/services/firebaseService.ts(1,18297): error TS1127: Invalid character.
src/services/firebaseService.ts(1,18298): error TS1127: Invalid character.
src/services/firebaseService.ts(1,18299): error TS1127: Invalid character.
src/services/firebaseService.ts(1,18300): error TS1127: Invalid character.
src/services/firebaseService.ts(1,18301): error TS1127: Invalid character.
src/services/firebaseService.ts(1,18302): error TS1127: Invalid character.
src/services/firebaseService.ts(1,18303): error TS1127: Invalid character.
src/services/firebaseService.ts(1,18304): error TS1127: Invalid character.
src/services/firebaseService.ts(1,18305): error TS1127: Invalid character.
src/services/firebaseService.ts(1,18306): error TS1127: Invalid character.
src/services/firebaseService.ts(1,18307): error TS1127: Invalid character.
src/services/firebaseService.ts(1,18308): error TS1127: Invalid character.
src/services/firebaseService.ts(1,18309): error TS1127: Invalid character.
src/services/firebaseService.ts(1,18310): error TS1127: Invalid character.
src/services/firebaseService.ts(1,18311): error TS1127: Invalid character.
src/services/firebaseService.ts(1,18312): error TS1127: Invalid character.
src/services/firebaseService.ts(1,18313): error TS1127: Invalid character.
src/services/firebaseService.ts(1,18314): error TS1127: Invalid character.
src/services/firebaseService.ts(1,18315): error TS1127: Invalid character.
src/services/firebaseService.ts(1,18316): error TS1127: Invalid character.
src/services/firebaseService.ts(1,18317): error TS1127: Invalid character.
src/services/firebaseService.ts(1,18318): error TS1127: Invalid character.
src/services/firebaseService.ts(1,18319): error TS1127: Invalid character.
src/services/firebaseService.ts(1,18320): error TS1127: Invalid character.
src/services/firebaseService.ts(1,18321): error TS1127: Invalid character.
src/services/firebaseService.ts(1,18322): error TS1127: Invalid character.
src/services/firebaseService.ts(1,18323): error TS1127: Invalid character.
src/services/firebaseService.ts(1,18324): error TS1127: Invalid character.
src/services/firebaseService.ts(1,18325): error TS1127: Invalid character.
src/services/firebaseService.ts(1,18326): error TS1127: Invalid character.
src/services/firebaseService.ts(1,18327): error TS1127: Invalid character.
src/services/firebaseService.ts(1,18328): error TS1127: Invalid character.
src/services/firebaseService.ts(1,18329): error TS1127: Invalid character.
src/services/firebaseService.ts(1,18330): error TS1127: Invalid character.
src/services/firebaseService.ts(1,18331): error TS1127: Invalid character.
src/services/firebaseService.ts(1,18332): error TS1127: Invalid character.
src/services/firebaseService.ts(1,18333): error TS1127: Invalid character.
src/services/firebaseService.ts(1,18334): error TS1127: Invalid character.
src/services/firebaseService.ts(1,18335): error TS1127: Invalid character.
src/services/firebaseService.ts(1,18336): error TS1127: Invalid character.
src/services/firebaseService.ts(1,18337): error TS1127: Invalid character.
src/services/firebaseService.ts(1,18338): error TS1127: Invalid character.
src/services/firebaseService.ts(1,18339): error TS1127: Invalid character.
src/services/firebaseService.ts(1,18340): error TS1127: Invalid character.
src/services/firebaseService.ts(1,18341): error TS1127: Invalid character.
src/services/firebaseService.ts(1,18342): error TS1127: Invalid character.
src/services/firebaseService.ts(1,18343): error TS1127: Invalid character.
src/services/firebaseService.ts(1,18344): error TS1127: Invalid character.
src/services/firebaseService.ts(1,18345): error TS1127: Invalid character.
src/services/firebaseService.ts(1,18346): error TS1127: Invalid character.
src/services/firebaseService.ts(1,18347): error TS1127: Invalid character.
src/services/firebaseService.ts(1,18348): error TS1127: Invalid character.
src/services/firebaseService.ts(1,18349): error TS1127: Invalid character.
src/services/firebaseService.ts(1,18350): error TS1127: Invalid character.
src/services/firebaseService.ts(1,18351): error TS1127: Invalid character.
src/services/firebaseService.ts(1,18352): error TS1127: Invalid character.
src/services/firebaseService.ts(1,18353): error TS1127: Invalid character.
src/services/firebaseService.ts(1,18354): error TS1127: Invalid character.
src/services/firebaseService.ts(1,18355): error TS1127: Invalid character.
src/services/firebaseService.ts(1,18356): error TS1127: Invalid character.
src/services/firebaseService.ts(1,18357): error TS1127: Invalid character.
src/services/firebaseService.ts(1,18358): error TS1127: Invalid character.
src/services/firebaseService.ts(1,18359): error TS1127: Invalid character.
src/services/firebaseService.ts(1,18360): error TS1127: Invalid character.
src/services/firebaseService.ts(1,18361): error TS1127: Invalid character.
src/services/firebaseService.ts(1,18362): error TS1127: Invalid character.
src/services/firebaseService.ts(1,18363): error TS1127: Invalid character.
src/services/firebaseService.ts(1,18364): error TS1127: Invalid character.
src/services/firebaseService.ts(1,18365): error TS1127: Invalid character.
src/services/firebaseService.ts(1,18366): error TS1127: Invalid character.
src/services/firebaseService.ts(1,18367): error TS1127: Invalid character.
src/services/firebaseService.ts(1,18368): error TS1127: Invalid character.
src/services/firebaseService.ts(1,18369): error TS1127: Invalid character.
src/services/firebaseService.ts(1,18370): error TS1127: Invalid character.
src/services/firebaseService.ts(1,18371): error TS1127: Invalid character.
src/services/firebaseService.ts(1,18372): error TS1127: Invalid character.
src/services/firebaseService.ts(1,18373): error TS1127: Invalid character.
src/services/firebaseService.ts(1,18374): error TS1127: Invalid character.
src/services/firebaseService.ts(1,18375): error TS1127: Invalid character.
src/services/firebaseService.ts(1,18376): error TS1127: Invalid character.
src/services/firebaseService.ts(1,18377): error TS1127: Invalid character.
src/services/firebaseService.ts(1,18378): error TS1127: Invalid character.
src/services/firebaseService.ts(1,18379): error TS1127: Invalid character.
src/services/firebaseService.ts(1,18380): error TS1127: Invalid character.
src/services/firebaseService.ts(1,18381): error TS1127: Invalid character.
src/services/firebaseService.ts(1,18382): error TS1127: Invalid character.
src/services/firebaseService.ts(1,18383): error TS1127: Invalid character.
src/services/firebaseService.ts(1,18384): error TS1127: Invalid character.
src/services/firebaseService.ts(1,18385): error TS1127: Invalid character.
src/services/firebaseService.ts(1,18386): error TS1127: Invalid character.
src/services/firebaseService.ts(1,18387): error TS1127: Invalid character.
src/services/firebaseService.ts(1,18388): error TS1127: Invalid character.
src/services/firebaseService.ts(1,18389): error TS1127: Invalid character.
src/services/firebaseService.ts(1,18390): error TS1127: Invalid character.
src/services/firebaseService.ts(1,18391): error TS1127: Invalid character.
src/services/firebaseService.ts(1,18392): error TS1127: Invalid character.
src/services/firebaseService.ts(1,18393): error TS1127: Invalid character.
src/services/firebaseService.ts(1,18394): error TS1127: Invalid character.
src/services/firebaseService.ts(1,18395): error TS1127: Invalid character.
src/services/firebaseService.ts(1,18396): error TS1127: Invalid character.
src/services/firebaseService.ts(1,18397): error TS1127: Invalid character.
src/services/firebaseService.ts(1,18398): error TS1127: Invalid character.
src/services/firebaseService.ts(1,18399): error TS1127: Invalid character.
src/services/firebaseService.ts(1,18400): error TS1127: Invalid character.
src/services/firebaseService.ts(1,18401): error TS1127: Invalid character.
src/services/firebaseService.ts(1,18402): error TS1127: Invalid character.
src/services/firebaseService.ts(1,18403): error TS1127: Invalid character.
src/services/firebaseService.ts(1,18404): error TS1127: Invalid character.
src/services/firebaseService.ts(1,18405): error TS1127: Invalid character.
src/services/firebaseService.ts(1,18406): error TS1127: Invalid character.
src/services/firebaseService.ts(1,18407): error TS1127: Invalid character.
src/services/firebaseService.ts(1,18408): error TS1127: Invalid character.
src/services/firebaseService.ts(1,18409): error TS1127: Invalid character.
src/services/firebaseService.ts(1,18410): error TS1127: Invalid character.
src/services/firebaseService.ts(1,18411): error TS1127: Invalid character.
src/services/firebaseService.ts(1,18412): error TS1127: Invalid character.
src/services/firebaseService.ts(1,18413): error TS1127: Invalid character.
src/services/firebaseService.ts(1,18414): error TS1127: Invalid character.
src/services/firebaseService.ts(1,18415): error TS1127: Invalid character.
src/services/firebaseService.ts(1,18416): error TS1127: Invalid character.
src/services/firebaseService.ts(1,18417): error TS1127: Invalid character.
src/services/firebaseService.ts(1,18418): error TS1127: Invalid character.
src/services/firebaseService.ts(1,18419): error TS1127: Invalid character.
src/services/firebaseService.ts(1,18420): error TS1127: Invalid character.
src/services/firebaseService.ts(1,18421): error TS1127: Invalid character.
src/services/firebaseService.ts(1,18422): error TS1127: Invalid character.
src/services/firebaseService.ts(1,18423): error TS1127: Invalid character.
src/services/firebaseService.ts(1,18424): error TS1127: Invalid character.
src/services/firebaseService.ts(1,18425): error TS1127: Invalid character.
src/services/firebaseService.ts(1,18426): error TS1127: Invalid character.
src/services/firebaseService.ts(1,18427): error TS1127: Invalid character.
src/services/firebaseService.ts(1,18428): error TS1127: Invalid character.
src/services/firebaseService.ts(1,18429): error TS1127: Invalid character.
src/services/firebaseService.ts(1,18430): error TS1127: Invalid character.
src/services/firebaseService.ts(1,18431): error TS1127: Invalid character.
src/services/firebaseService.ts(1,18432): error TS1127: Invalid character.
src/services/firebaseService.ts(1,18433): error TS1127: Invalid character.
src/services/firebaseService.ts(1,18434): error TS1127: Invalid character.
src/services/firebaseService.ts(1,18435): error TS1127: Invalid character.
src/services/firebaseService.ts(1,18436): error TS1127: Invalid character.
src/services/firebaseService.ts(1,18437): error TS1127: Invalid character.
src/services/firebaseService.ts(1,18438): error TS1127: Invalid character.
src/services/firebaseService.ts(1,18439): error TS1127: Invalid character.
src/services/firebaseService.ts(1,18440): error TS1127: Invalid character.
src/services/firebaseService.ts(1,18441): error TS1127: Invalid character.
src/services/firebaseService.ts(1,18442): error TS1127: Invalid character.
src/services/firebaseService.ts(1,18443): error TS1127: Invalid character.
src/services/firebaseService.ts(1,18444): error TS1127: Invalid character.
src/services/firebaseService.ts(1,18445): error TS1127: Invalid character.
src/services/firebaseService.ts(1,18446): error TS1127: Invalid character.
src/services/firebaseService.ts(1,18447): error TS1127: Invalid character.
src/services/firebaseService.ts(1,18448): error TS1127: Invalid character.
src/services/firebaseService.ts(1,18449): error TS1127: Invalid character.
src/services/firebaseService.ts(1,18450): error TS1127: Invalid character.
src/services/firebaseService.ts(1,18451): error TS1127: Invalid character.
src/services/firebaseService.ts(1,18452): error TS1127: Invalid character.
src/services/firebaseService.ts(1,18453): error TS1127: Invalid character.
src/services/firebaseService.ts(1,18454): error TS1127: Invalid character.
src/services/firebaseService.ts(1,18455): error TS1127: Invalid character.
src/services/firebaseService.ts(1,18456): error TS1127: Invalid character.
src/services/firebaseService.ts(1,18457): error TS1127: Invalid character.
src/services/firebaseService.ts(1,18458): error TS1127: Invalid character.
src/services/firebaseService.ts(1,18459): error TS1127: Invalid character.
src/services/firebaseService.ts(1,18460): error TS1127: Invalid character.
src/services/firebaseService.ts(1,18461): error TS1127: Invalid character.
src/services/firebaseService.ts(1,18462): error TS1127: Invalid character.
src/services/firebaseService.ts(1,18463): error TS1127: Invalid character.
src/services/firebaseService.ts(1,18464): error TS1127: Invalid character.
src/services/firebaseService.ts(1,18465): error TS1127: Invalid character.
src/services/firebaseService.ts(1,18466): error TS1127: Invalid character.
src/services/firebaseService.ts(1,18467): error TS1127: Invalid character.
src/services/firebaseService.ts(1,18468): error TS1127: Invalid character.
src/services/firebaseService.ts(1,18469): error TS1127: Invalid character.
src/services/firebaseService.ts(1,18470): error TS1127: Invalid character.
src/services/firebaseService.ts(1,18471): error TS1127: Invalid character.
src/services/firebaseService.ts(1,18472): error TS1127: Invalid character.
src/services/firebaseService.ts(1,18473): error TS1127: Invalid character.
src/services/firebaseService.ts(1,18474): error TS1127: Invalid character.
src/services/firebaseService.ts(1,18475): error TS1127: Invalid character.
src/services/firebaseService.ts(1,18476): error TS1127: Invalid character.
src/services/firebaseService.ts(1,18477): error TS1127: Invalid character.
src/services/firebaseService.ts(1,18478): error TS1127: Invalid character.
src/services/firebaseService.ts(1,18479): error TS1127: Invalid character.
src/services/firebaseService.ts(1,18480): error TS1127: Invalid character.
src/services/firebaseService.ts(1,18481): error TS1127: Invalid character.
src/services/firebaseService.ts(1,18482): error TS1127: Invalid character.
src/services/firebaseService.ts(1,18483): error TS1127: Invalid character.
src/services/firebaseService.ts(1,18484): error TS1127: Invalid character.
src/services/firebaseService.ts(1,18485): error TS1127: Invalid character.
src/services/firebaseService.ts(1,18486): error TS1127: Invalid character.
src/services/firebaseService.ts(1,18487): error TS1127: Invalid character.
src/services/firebaseService.ts(1,18488): error TS1127: Invalid character.
src/services/firebaseService.ts(1,18489): error TS1127: Invalid character.
src/services/firebaseService.ts(1,18490): error TS1127: Invalid character.
src/services/firebaseService.ts(1,18491): error TS1127: Invalid character.
src/services/firebaseService.ts(1,18492): error TS1127: Invalid character.
src/services/firebaseService.ts(1,18493): error TS1127: Invalid character.
src/services/firebaseService.ts(1,18494): error TS1127: Invalid character.
src/services/firebaseService.ts(1,18495): error TS1127: Invalid character.
src/services/firebaseService.ts(1,18496): error TS1127: Invalid character.
src/services/firebaseService.ts(1,18497): error TS1127: Invalid character.
src/services/firebaseService.ts(1,18498): error TS1127: Invalid character.
src/services/firebaseService.ts(1,18499): error TS1127: Invalid character.
src/services/firebaseService.ts(1,18500): error TS1127: Invalid character.
src/services/firebaseService.ts(1,18501): error TS1127: Invalid character.
src/services/firebaseService.ts(1,18502): error TS1127: Invalid character.
src/services/firebaseService.ts(1,18503): error TS1127: Invalid character.
src/services/firebaseService.ts(1,18504): error TS1127: Invalid character.
src/services/firebaseService.ts(1,18505): error TS1127: Invalid character.
src/services/firebaseService.ts(1,18506): error TS1127: Invalid character.
src/services/firebaseService.ts(1,18507): error TS1127: Invalid character.
src/services/firebaseService.ts(1,18508): error TS1127: Invalid character.
src/services/firebaseService.ts(1,18509): error TS1127: Invalid character.
src/services/firebaseService.ts(1,18510): error TS1127: Invalid character.
src/services/firebaseService.ts(1,18511): error TS1127: Invalid character.
src/services/firebaseService.ts(1,18512): error TS1127: Invalid character.
src/services/firebaseService.ts(1,18513): error TS1127: Invalid character.
src/services/firebaseService.ts(1,18514): error TS1127: Invalid character.
src/services/firebaseService.ts(1,18515): error TS1127: Invalid character.
src/services/firebaseService.ts(1,18516): error TS1127: Invalid character.
src/services/firebaseService.ts(1,18517): error TS1127: Invalid character.
src/services/firebaseService.ts(1,18518): error TS1127: Invalid character.
src/services/firebaseService.ts(1,18519): error TS1127: Invalid character.
src/services/firebaseService.ts(1,18520): error TS1127: Invalid character.
src/services/firebaseService.ts(1,18521): error TS1127: Invalid character.
src/services/firebaseService.ts(1,18522): error TS1127: Invalid character.
src/services/firebaseService.ts(1,18523): error TS1127: Invalid character.
src/services/firebaseService.ts(1,18524): error TS1127: Invalid character.
src/services/firebaseService.ts(1,18525): error TS1127: Invalid character.
src/services/firebaseService.ts(1,18526): error TS1127: Invalid character.
src/services/firebaseService.ts(1,18527): error TS1127: Invalid character.
src/services/firebaseService.ts(1,18528): error TS1127: Invalid character.
src/services/firebaseService.ts(1,18529): error TS1127: Invalid character.
src/services/firebaseService.ts(1,18530): error TS1127: Invalid character.
src/services/firebaseService.ts(1,18531): error TS1127: Invalid character.
src/services/firebaseService.ts(1,18532): error TS1127: Invalid character.
src/services/firebaseService.ts(1,18533): error TS1127: Invalid character.
src/services/firebaseService.ts(1,18534): error TS1127: Invalid character.
src/services/firebaseService.ts(1,18535): error TS1127: Invalid character.
src/services/firebaseService.ts(1,18536): error TS1127: Invalid character.
src/services/firebaseService.ts(1,18537): error TS1127: Invalid character.
src/services/firebaseService.ts(1,18538): error TS1127: Invalid character.
src/services/firebaseService.ts(1,18539): error TS1127: Invalid character.
src/services/firebaseService.ts(1,18540): error TS1127: Invalid character.
src/services/firebaseService.ts(1,18541): error TS1127: Invalid character.
src/services/firebaseService.ts(1,18542): error TS1127: Invalid character.
src/services/firebaseService.ts(1,18543): error TS1127: Invalid character.
src/services/firebaseService.ts(1,18544): error TS1127: Invalid character.
src/services/firebaseService.ts(1,18545): error TS1127: Invalid character.
src/services/firebaseService.ts(1,18546): error TS1127: Invalid character.
src/services/firebaseService.ts(1,18547): error TS1127: Invalid character.
src/services/firebaseService.ts(1,18548): error TS1127: Invalid character.
src/services/firebaseService.ts(1,18549): error TS1127: Invalid character.
src/services/firebaseService.ts(1,18550): error TS1127: Invalid character.
src/services/firebaseService.ts(1,18551): error TS1127: Invalid character.
src/services/firebaseService.ts(1,18552): error TS1127: Invalid character.
src/services/firebaseService.ts(1,18553): error TS1127: Invalid character.
src/services/firebaseService.ts(1,18554): error TS1127: Invalid character.
src/services/firebaseService.ts(1,18555): error TS1127: Invalid character.
src/services/firebaseService.ts(1,18556): error TS1127: Invalid character.
src/services/firebaseService.ts(1,18557): error TS1127: Invalid character.
src/services/firebaseService.ts(1,18558): error TS1127: Invalid character.
src/services/firebaseService.ts(1,18559): error TS1127: Invalid character.
src/services/firebaseService.ts(1,18560): error TS1127: Invalid character.
src/services/firebaseService.ts(1,18561): error TS1127: Invalid character.
src/services/firebaseService.ts(1,18562): error TS1127: Invalid character.
src/services/firebaseService.ts(1,18563): error TS1127: Invalid character.
src/services/firebaseService.ts(1,18564): error TS1127: Invalid character.
src/services/firebaseService.ts(1,18565): error TS1127: Invalid character.
src/services/firebaseService.ts(1,18566): error TS1127: Invalid character.
src/services/firebaseService.ts(1,18567): error TS1127: Invalid character.
src/services/firebaseService.ts(1,18568): error TS1127: Invalid character.
src/services/firebaseService.ts(1,18569): error TS1127: Invalid character.
src/services/firebaseService.ts(1,18570): error TS1127: Invalid character.
src/services/firebaseService.ts(1,18571): error TS1127: Invalid character.
src/services/firebaseService.ts(1,18572): error TS1127: Invalid character.
src/services/firebaseService.ts(1,18573): error TS1127: Invalid character.
src/services/firebaseService.ts(1,18574): error TS1127: Invalid character.
src/services/firebaseService.ts(1,18575): error TS1127: Invalid character.
src/services/firebaseService.ts(1,18576): error TS1127: Invalid character.
src/services/firebaseService.ts(1,18577): error TS1127: Invalid character.
src/services/firebaseService.ts(1,18578): error TS1127: Invalid character.
src/services/firebaseService.ts(1,18579): error TS1127: Invalid character.
src/services/firebaseService.ts(1,18580): error TS1127: Invalid character.
src/services/firebaseService.ts(1,18581): error TS1127: Invalid character.
src/services/firebaseService.ts(1,18582): error TS1127: Invalid character.
src/services/firebaseService.ts(1,18583): error TS1127: Invalid character.
src/services/firebaseService.ts(1,18584): error TS1127: Invalid character.
src/services/firebaseService.ts(1,18585): error TS1127: Invalid character.
src/services/firebaseService.ts(1,18586): error TS1127: Invalid character.
src/services/firebaseService.ts(1,18587): error TS1127: Invalid character.
src/services/firebaseService.ts(1,18588): error TS1127: Invalid character.
src/services/firebaseService.ts(1,18589): error TS1127: Invalid character.
src/services/firebaseService.ts(1,18590): error TS1127: Invalid character.
src/services/firebaseService.ts(1,18591): error TS1127: Invalid character.
src/services/firebaseService.ts(1,18592): error TS1127: Invalid character.
src/services/firebaseService.ts(1,18593): error TS1127: Invalid character.
src/services/firebaseService.ts(1,18594): error TS1127: Invalid character.
src/services/firebaseService.ts(1,18595): error TS1127: Invalid character.
src/services/firebaseService.ts(1,18596): error TS1127: Invalid character.
src/services/firebaseService.ts(1,18597): error TS1127: Invalid character.
src/services/firebaseService.ts(1,18598): error TS1127: Invalid character.
src/services/firebaseService.ts(1,18599): error TS1127: Invalid character.
src/services/firebaseService.ts(1,18600): error TS1127: Invalid character.
src/services/firebaseService.ts(1,18601): error TS1127: Invalid character.
src/services/firebaseService.ts(1,18602): error TS1127: Invalid character.
src/services/firebaseService.ts(1,18603): error TS1127: Invalid character.
src/services/firebaseService.ts(1,18604): error TS1127: Invalid character.
src/services/firebaseService.ts(1,18605): error TS1127: Invalid character.
src/services/firebaseService.ts(1,18606): error TS1127: Invalid character.
src/services/firebaseService.ts(1,18607): error TS1127: Invalid character.
src/services/firebaseService.ts(1,18608): error TS1127: Invalid character.
src/services/firebaseService.ts(1,18609): error TS1127: Invalid character.
src/services/firebaseService.ts(1,18610): error TS1127: Invalid character.
src/services/firebaseService.ts(1,18611): error TS1127: Invalid character.
src/services/firebaseService.ts(1,18612): error TS1127: Invalid character.
src/services/firebaseService.ts(1,18613): error TS1127: Invalid character.
src/services/firebaseService.ts(1,18614): error TS1127: Invalid character.
src/services/firebaseService.ts(1,18615): error TS1127: Invalid character.
src/services/firebaseService.ts(1,18616): error TS1127: Invalid character.
src/services/firebaseService.ts(1,18617): error TS1127: Invalid character.
src/services/firebaseService.ts(1,18618): error TS1127: Invalid character.
src/services/firebaseService.ts(1,18619): error TS1127: Invalid character.
src/services/firebaseService.ts(1,18620): error TS1127: Invalid character.
src/services/firebaseService.ts(1,18621): error TS1127: Invalid character.
src/services/firebaseService.ts(1,18622): error TS1127: Invalid character.
src/services/firebaseService.ts(1,18623): error TS1127: Invalid character.
src/services/firebaseService.ts(1,18624): error TS1127: Invalid character.
src/services/firebaseService.ts(1,18625): error TS1127: Invalid character.
src/services/firebaseService.ts(1,18626): error TS1127: Invalid character.
src/services/firebaseService.ts(1,18627): error TS1127: Invalid character.
src/services/firebaseService.ts(1,18628): error TS1127: Invalid character.
src/services/firebaseService.ts(1,18629): error TS1127: Invalid character.
src/services/firebaseService.ts(1,18630): error TS1127: Invalid character.
src/services/firebaseService.ts(1,18631): error TS1127: Invalid character.
src/services/firebaseService.ts(1,18632): error TS1127: Invalid character.
src/services/firebaseService.ts(1,18633): error TS1127: Invalid character.
src/services/firebaseService.ts(1,18634): error TS1127: Invalid character.
src/services/firebaseService.ts(1,18635): error TS1127: Invalid character.
src/services/firebaseService.ts(1,18636): error TS1127: Invalid character.
src/services/firebaseService.ts(1,18637): error TS1127: Invalid character.
src/services/firebaseService.ts(1,18638): error TS1127: Invalid character.
src/services/firebaseService.ts(1,18639): error TS1127: Invalid character.
src/services/firebaseService.ts(1,18640): error TS1127: Invalid character.
src/services/firebaseService.ts(1,18641): error TS1127: Invalid character.
src/services/firebaseService.ts(1,18642): error TS1127: Invalid character.
src/services/firebaseService.ts(1,18643): error TS1127: Invalid character.
src/services/firebaseService.ts(1,18644): error TS1127: Invalid character.
src/services/firebaseService.ts(1,18645): error TS1127: Invalid character.
src/services/firebaseService.ts(1,18646): error TS1127: Invalid character.
src/services/firebaseService.ts(1,18647): error TS1127: Invalid character.
src/services/firebaseService.ts(1,18648): error TS1127: Invalid character.
src/services/firebaseService.ts(1,18649): error TS1127: Invalid character.
src/services/firebaseService.ts(1,18650): error TS1127: Invalid character.
src/services/firebaseService.ts(1,18651): error TS1127: Invalid character.
src/services/firebaseService.ts(1,18652): error TS1127: Invalid character.
src/services/firebaseService.ts(1,18653): error TS1127: Invalid character.
src/services/firebaseService.ts(1,18654): error TS1127: Invalid character.
src/services/firebaseService.ts(1,18655): error TS1127: Invalid character.
src/services/firebaseService.ts(1,18656): error TS1127: Invalid character.
src/services/firebaseService.ts(1,18657): error TS1127: Invalid character.
src/services/firebaseService.ts(1,18658): error TS1127: Invalid character.
src/services/firebaseService.ts(1,18659): error TS1127: Invalid character.
src/services/firebaseService.ts(1,18660): error TS1127: Invalid character.
src/services/firebaseService.ts(1,18661): error TS1127: Invalid character.
src/services/firebaseService.ts(1,18662): error TS1127: Invalid character.
src/services/firebaseService.ts(1,18663): error TS1127: Invalid character.
src/services/firebaseService.ts(1,18664): error TS1127: Invalid character.
src/services/firebaseService.ts(1,18665): error TS1127: Invalid character.
src/services/firebaseService.ts(1,18666): error TS1127: Invalid character.
src/services/firebaseService.ts(1,18667): error TS1127: Invalid character.
src/services/firebaseService.ts(1,18668): error TS1127: Invalid character.
src/services/firebaseService.ts(1,18669): error TS1127: Invalid character.
src/services/firebaseService.ts(1,18670): error TS1127: Invalid character.
src/services/firebaseService.ts(1,18671): error TS1127: Invalid character.
src/services/firebaseService.ts(1,18672): error TS1127: Invalid character.
src/services/firebaseService.ts(1,18673): error TS1127: Invalid character.
src/services/firebaseService.ts(1,18674): error TS1127: Invalid character.
src/services/firebaseService.ts(1,18675): error TS1127: Invalid character.
src/services/firebaseService.ts(1,18676): error TS1127: Invalid character.
src/services/firebaseService.ts(1,18677): error TS1127: Invalid character.
src/services/firebaseService.ts(1,18678): error TS1127: Invalid character.
src/services/firebaseService.ts(1,18679): error TS1127: Invalid character.
src/services/firebaseService.ts(1,18680): error TS1127: Invalid character.
src/services/firebaseService.ts(1,18681): error TS1127: Invalid character.
src/services/firebaseService.ts(1,18682): error TS1127: Invalid character.
src/services/firebaseService.ts(1,18683): error TS1127: Invalid character.
src/services/firebaseService.ts(1,18684): error TS1127: Invalid character.
src/services/firebaseService.ts(1,18685): error TS1127: Invalid character.
src/services/firebaseService.ts(1,18686): error TS1127: Invalid character.
src/services/firebaseService.ts(1,18687): error TS1127: Invalid character.
src/services/firebaseService.ts(1,18688): error TS1127: Invalid character.
src/services/firebaseService.ts(1,18689): error TS1127: Invalid character.
src/services/firebaseService.ts(1,18690): error TS1127: Invalid character.
src/services/firebaseService.ts(1,18691): error TS1127: Invalid character.
src/services/firebaseService.ts(1,18692): error TS1127: Invalid character.
src/services/firebaseService.ts(1,18693): error TS1127: Invalid character.
src/services/firebaseService.ts(1,18694): error TS1127: Invalid character.
src/services/firebaseService.ts(1,18695): error TS1127: Invalid character.
src/services/firebaseService.ts(1,18696): error TS1127: Invalid character.
src/services/firebaseService.ts(1,18697): error TS1127: Invalid character.
src/services/firebaseService.ts(1,18698): error TS1127: Invalid character.
src/services/firebaseService.ts(1,18699): error TS1127: Invalid character.
src/services/firebaseService.ts(1,18700): error TS1127: Invalid character.
src/services/firebaseService.ts(1,18701): error TS1127: Invalid character.
src/services/firebaseService.ts(1,18702): error TS1127: Invalid character.
src/services/firebaseService.ts(1,18703): error TS1127: Invalid character.
src/services/firebaseService.ts(1,18704): error TS1127: Invalid character.
src/services/firebaseService.ts(1,18705): error TS1127: Invalid character.
src/services/firebaseService.ts(1,18706): error TS1127: Invalid character.
src/services/firebaseService.ts(1,18707): error TS1127: Invalid character.
src/services/firebaseService.ts(1,18708): error TS1127: Invalid character.
src/services/firebaseService.ts(1,18709): error TS1127: Invalid character.
src/services/firebaseService.ts(1,18710): error TS1127: Invalid character.
src/services/firebaseService.ts(1,18711): error TS1127: Invalid character.
src/services/firebaseService.ts(1,18712): error TS1127: Invalid character.
src/services/firebaseService.ts(1,18713): error TS1127: Invalid character.
src/services/firebaseService.ts(1,18714): error TS1127: Invalid character.
src/services/firebaseService.ts(1,18715): error TS1127: Invalid character.
src/services/firebaseService.ts(1,18716): error TS1127: Invalid character.
src/services/firebaseService.ts(1,18717): error TS1127: Invalid character.
src/services/firebaseService.ts(1,18718): error TS1127: Invalid character.
src/services/firebaseService.ts(1,18719): error TS1127: Invalid character.
src/services/firebaseService.ts(1,18720): error TS1127: Invalid character.
src/services/firebaseService.ts(1,18721): error TS1127: Invalid character.
src/services/firebaseService.ts(1,18722): error TS1127: Invalid character.
src/services/firebaseService.ts(1,18723): error TS1127: Invalid character.
src/services/firebaseService.ts(1,18724): error TS1127: Invalid character.
src/services/firebaseService.ts(1,18725): error TS1127: Invalid character.
src/services/firebaseService.ts(1,18726): error TS1127: Invalid character.
src/services/firebaseService.ts(1,18727): error TS1127: Invalid character.
src/services/firebaseService.ts(1,18728): error TS1127: Invalid character.
src/services/firebaseService.ts(1,18729): error TS1127: Invalid character.
src/services/firebaseService.ts(1,18730): error TS1127: Invalid character.
src/services/firebaseService.ts(1,18731): error TS1127: Invalid character.
src/services/firebaseService.ts(1,18732): error TS1127: Invalid character.
src/services/firebaseService.ts(1,18733): error TS1127: Invalid character.
src/services/firebaseService.ts(1,18734): error TS1127: Invalid character.
src/services/firebaseService.ts(1,18735): error TS1127: Invalid character.
src/services/firebaseService.ts(1,18736): error TS1127: Invalid character.
src/services/firebaseService.ts(1,18737): error TS1127: Invalid character.
src/services/firebaseService.ts(1,18738): error TS1127: Invalid character.
src/services/firebaseService.ts(1,18739): error TS1127: Invalid character.
src/services/firebaseService.ts(1,18740): error TS1127: Invalid character.
src/services/firebaseService.ts(1,18741): error TS1127: Invalid character.
src/services/firebaseService.ts(1,18742): error TS1127: Invalid character.
src/services/firebaseService.ts(1,18743): error TS1127: Invalid character.
src/services/firebaseService.ts(1,18744): error TS1127: Invalid character.
src/services/firebaseService.ts(1,18745): error TS1127: Invalid character.
src/services/firebaseService.ts(1,18746): error TS1127: Invalid character.
src/services/firebaseService.ts(1,18747): error TS1127: Invalid character.
src/services/firebaseService.ts(1,18748): error TS1127: Invalid character.
src/services/firebaseService.ts(1,18749): error TS1127: Invalid character.
src/services/firebaseService.ts(1,18750): error TS1127: Invalid character.
src/services/firebaseService.ts(1,18751): error TS1127: Invalid character.
src/services/firebaseService.ts(1,18752): error TS1127: Invalid character.
src/services/firebaseService.ts(1,18753): error TS1127: Invalid character.
src/services/firebaseService.ts(1,18754): error TS1127: Invalid character.
src/services/firebaseService.ts(1,18755): error TS1127: Invalid character.
src/services/firebaseService.ts(1,18756): error TS1127: Invalid character.
src/services/firebaseService.ts(1,18757): error TS1127: Invalid character.
src/services/firebaseService.ts(1,18758): error TS1127: Invalid character.
src/services/firebaseService.ts(1,18759): error TS1127: Invalid character.
src/services/firebaseService.ts(1,18760): error TS1127: Invalid character.
src/services/firebaseService.ts(1,18761): error TS1127: Invalid character.
src/services/firebaseService.ts(1,18762): error TS1127: Invalid character.
src/services/firebaseService.ts(1,18763): error TS1127: Invalid character.
src/services/firebaseService.ts(1,18764): error TS1127: Invalid character.
src/services/firebaseService.ts(1,18765): error TS1127: Invalid character.
src/services/firebaseService.ts(1,18766): error TS1127: Invalid character.
src/services/firebaseService.ts(1,18767): error TS1127: Invalid character.
src/services/firebaseService.ts(1,18768): error TS1127: Invalid character.
src/services/firebaseService.ts(1,18769): error TS1127: Invalid character.
src/services/firebaseService.ts(1,18770): error TS1127: Invalid character.
src/services/firebaseService.ts(1,18771): error TS1127: Invalid character.
src/services/firebaseService.ts(1,18772): error TS1127: Invalid character.
src/services/firebaseService.ts(1,18773): error TS1127: Invalid character.
src/services/firebaseService.ts(1,18774): error TS1127: Invalid character.
src/services/firebaseService.ts(1,18775): error TS1127: Invalid character.
src/services/firebaseService.ts(1,18776): error TS1127: Invalid character.
src/services/firebaseService.ts(1,18777): error TS1127: Invalid character.
src/services/firebaseService.ts(1,18778): error TS1127: Invalid character.
src/services/firebaseService.ts(1,18779): error TS1127: Invalid character.
src/services/firebaseService.ts(1,18780): error TS1127: Invalid character.
src/services/firebaseService.ts(1,18781): error TS1127: Invalid character.
src/services/firebaseService.ts(1,18782): error TS1127: Invalid character.
src/services/firebaseService.ts(1,18783): error TS1127: Invalid character.
src/services/firebaseService.ts(1,18784): error TS1127: Invalid character.
src/services/firebaseService.ts(1,18785): error TS1127: Invalid character.
src/services/firebaseService.ts(1,18786): error TS1127: Invalid character.
src/services/firebaseService.ts(1,18787): error TS1127: Invalid character.
src/services/firebaseService.ts(1,18788): error TS1127: Invalid character.
src/services/firebaseService.ts(1,18789): error TS1127: Invalid character.
src/services/firebaseService.ts(1,18790): error TS1127: Invalid character.
src/services/firebaseService.ts(1,18791): error TS1127: Invalid character.
src/services/firebaseService.ts(1,18792): error TS1127: Invalid character.
src/services/firebaseService.ts(1,18793): error TS1127: Invalid character.
src/services/firebaseService.ts(1,18794): error TS1127: Invalid character.
src/services/firebaseService.ts(1,18795): error TS1127: Invalid character.
src/services/firebaseService.ts(1,18796): error TS1127: Invalid character.
src/services/firebaseService.ts(1,18797): error TS1127: Invalid character.
src/services/firebaseService.ts(1,18798): error TS1127: Invalid character.
src/services/firebaseService.ts(1,18799): error TS1127: Invalid character.
src/services/firebaseService.ts(1,18800): error TS1127: Invalid character.
src/services/firebaseService.ts(1,18801): error TS1127: Invalid character.
src/services/firebaseService.ts(1,18802): error TS1127: Invalid character.
src/services/firebaseService.ts(1,18803): error TS1127: Invalid character.
src/services/firebaseService.ts(1,18804): error TS1127: Invalid character.
src/services/firebaseService.ts(1,18805): error TS1127: Invalid character.
src/services/firebaseService.ts(1,18806): error TS1127: Invalid character.
src/services/firebaseService.ts(1,18807): error TS1127: Invalid character.
src/services/firebaseService.ts(1,18808): error TS1127: Invalid character.
src/services/firebaseService.ts(1,18809): error TS1127: Invalid character.
src/services/firebaseService.ts(1,18810): error TS1127: Invalid character.
src/services/firebaseService.ts(1,18811): error TS1127: Invalid character.
src/services/firebaseService.ts(1,18812): error TS1127: Invalid character.
src/services/firebaseService.ts(1,18813): error TS1127: Invalid character.
src/services/firebaseService.ts(1,18814): error TS1127: Invalid character.
src/services/firebaseService.ts(1,18815): error TS1127: Invalid character.
src/services/firebaseService.ts(1,18816): error TS1127: Invalid character.
src/services/firebaseService.ts(1,18817): error TS1127: Invalid character.
src/services/firebaseService.ts(1,18818): error TS1127: Invalid character.
src/services/firebaseService.ts(1,18819): error TS1127: Invalid character.
src/services/firebaseService.ts(1,18820): error TS1127: Invalid character.
src/services/firebaseService.ts(1,18821): error TS1127: Invalid character.
src/services/firebaseService.ts(1,18822): error TS1127: Invalid character.
src/services/firebaseService.ts(1,18823): error TS1127: Invalid character.
src/services/firebaseService.ts(1,18824): error TS1127: Invalid character.
src/services/firebaseService.ts(1,18825): error TS1127: Invalid character.
src/services/firebaseService.ts(1,18826): error TS1127: Invalid character.
src/services/firebaseService.ts(1,18827): error TS1127: Invalid character.
src/services/firebaseService.ts(1,18828): error TS1127: Invalid character.
src/services/firebaseService.ts(1,18829): error TS1127: Invalid character.
src/services/firebaseService.ts(1,18830): error TS1127: Invalid character.
src/services/firebaseService.ts(1,18831): error TS1127: Invalid character.
src/services/firebaseService.ts(1,18832): error TS1127: Invalid character.
src/services/firebaseService.ts(1,18833): error TS1127: Invalid character.
src/services/firebaseService.ts(1,18834): error TS1127: Invalid character.
src/services/firebaseService.ts(1,18835): error TS1127: Invalid character.
src/services/firebaseService.ts(1,18836): error TS1127: Invalid character.
src/services/firebaseService.ts(1,18837): error TS1127: Invalid character.
src/services/firebaseService.ts(1,18838): error TS1127: Invalid character.
src/services/firebaseService.ts(1,18839): error TS1127: Invalid character.
src/services/firebaseService.ts(1,18840): error TS1127: Invalid character.
src/services/firebaseService.ts(1,18841): error TS1127: Invalid character.
src/services/firebaseService.ts(1,18842): error TS1127: Invalid character.
src/services/firebaseService.ts(1,18843): error TS1127: Invalid character.
src/services/firebaseService.ts(1,18844): error TS1127: Invalid character.
src/services/firebaseService.ts(1,18845): error TS1127: Invalid character.
src/services/firebaseService.ts(1,18846): error TS1127: Invalid character.
src/services/firebaseService.ts(1,18847): error TS1127: Invalid character.
src/services/firebaseService.ts(1,18848): error TS1127: Invalid character.
src/services/firebaseService.ts(1,18849): error TS1127: Invalid character.
src/services/firebaseService.ts(1,18850): error TS1127: Invalid character.
src/services/firebaseService.ts(1,18851): error TS1127: Invalid character.
src/services/firebaseService.ts(1,18852): error TS1127: Invalid character.
src/services/firebaseService.ts(1,18853): error TS1127: Invalid character.
src/services/firebaseService.ts(1,18854): error TS1127: Invalid character.
src/services/firebaseService.ts(1,18855): error TS1127: Invalid character.
src/services/firebaseService.ts(1,18856): error TS1127: Invalid character.
src/services/firebaseService.ts(1,18857): error TS1127: Invalid character.
src/services/firebaseService.ts(1,18858): error TS1127: Invalid character.
src/services/firebaseService.ts(1,18859): error TS1127: Invalid character.
src/services/firebaseService.ts(1,18860): error TS1127: Invalid character.
src/services/firebaseService.ts(1,18861): error TS1127: Invalid character.
src/services/firebaseService.ts(1,18862): error TS1127: Invalid character.
src/services/firebaseService.ts(1,18863): error TS1127: Invalid character.
src/services/firebaseService.ts(1,18864): error TS1127: Invalid character.
src/services/firebaseService.ts(1,18865): error TS1127: Invalid character.
src/services/firebaseService.ts(1,18866): error TS1127: Invalid character.
src/services/firebaseService.ts(1,18867): error TS1127: Invalid character.
src/services/firebaseService.ts(1,18868): error TS1127: Invalid character.
src/services/firebaseService.ts(1,18869): error TS1127: Invalid character.
src/services/firebaseService.ts(1,18870): error TS1127: Invalid character.
src/services/firebaseService.ts(1,18871): error TS1127: Invalid character.
src/services/firebaseService.ts(1,18872): error TS1127: Invalid character.
src/services/firebaseService.ts(1,18873): error TS1127: Invalid character.
src/services/firebaseService.ts(1,18874): error TS1127: Invalid character.
src/services/firebaseService.ts(1,18875): error TS1127: Invalid character.
src/services/firebaseService.ts(1,18876): error TS1127: Invalid character.
src/services/firebaseService.ts(1,18877): error TS1127: Invalid character.
src/services/firebaseService.ts(1,18878): error TS1127: Invalid character.
src/services/firebaseService.ts(1,18879): error TS1127: Invalid character.
src/services/firebaseService.ts(1,18880): error TS1127: Invalid character.
src/services/firebaseService.ts(1,18881): error TS1127: Invalid character.
src/services/firebaseService.ts(1,18882): error TS1127: Invalid character.
src/services/firebaseService.ts(1,18883): error TS1127: Invalid character.
src/services/firebaseService.ts(1,18884): error TS1127: Invalid character.
src/services/firebaseService.ts(1,18885): error TS1127: Invalid character.
src/services/firebaseService.ts(1,18886): error TS1127: Invalid character.
src/services/firebaseService.ts(1,18887): error TS1127: Invalid character.
src/services/firebaseService.ts(1,18888): error TS1127: Invalid character.
src/services/firebaseService.ts(1,18889): error TS1127: Invalid character.
src/services/firebaseService.ts(1,18890): error TS1127: Invalid character.
src/services/firebaseService.ts(1,18891): error TS1127: Invalid character.
src/services/firebaseService.ts(1,18892): error TS1127: Invalid character.
src/services/firebaseService.ts(1,18893): error TS1127: Invalid character.
src/services/firebaseService.ts(1,18894): error TS1127: Invalid character.
src/services/firebaseService.ts(1,18895): error TS1127: Invalid character.
src/services/firebaseService.ts(1,18896): error TS1127: Invalid character.
src/services/firebaseService.ts(1,18897): error TS1127: Invalid character.
src/services/firebaseService.ts(1,18898): error TS1127: Invalid character.
src/services/firebaseService.ts(1,18899): error TS1127: Invalid character.
src/services/firebaseService.ts(1,18900): error TS1127: Invalid character.
src/services/firebaseService.ts(1,18901): error TS1127: Invalid character.
src/services/firebaseService.ts(1,18902): error TS1127: Invalid character.
src/services/firebaseService.ts(1,18903): error TS1127: Invalid character.
src/services/firebaseService.ts(1,18904): error TS1127: Invalid character.
src/services/firebaseService.ts(1,18905): error TS1127: Invalid character.
src/services/firebaseService.ts(1,18906): error TS1127: Invalid character.
src/services/firebaseService.ts(1,18907): error TS1127: Invalid character.
src/services/firebaseService.ts(1,18908): error TS1127: Invalid character.
src/services/firebaseService.ts(1,18909): error TS1127: Invalid character.
src/services/firebaseService.ts(1,18910): error TS1127: Invalid character.
src/services/firebaseService.ts(1,18911): error TS1127: Invalid character.
src/services/firebaseService.ts(1,18912): error TS1127: Invalid character.
src/services/firebaseService.ts(1,18913): error TS1127: Invalid character.
src/services/firebaseService.ts(1,18914): error TS1127: Invalid character.
src/services/firebaseService.ts(1,18915): error TS1127: Invalid character.
src/services/firebaseService.ts(1,18916): error TS1127: Invalid character.
src/services/firebaseService.ts(1,18917): error TS1127: Invalid character.
src/services/firebaseService.ts(1,18918): error TS1127: Invalid character.
src/services/firebaseService.ts(1,18919): error TS1127: Invalid character.
src/services/firebaseService.ts(1,18920): error TS1127: Invalid character.
src/services/firebaseService.ts(1,18921): error TS1127: Invalid character.
src/services/firebaseService.ts(1,18922): error TS1127: Invalid character.
src/services/firebaseService.ts(1,18923): error TS1127: Invalid character.
src/services/firebaseService.ts(1,18924): error TS1127: Invalid character.
src/services/firebaseService.ts(1,18925): error TS1127: Invalid character.
src/services/firebaseService.ts(1,18926): error TS1127: Invalid character.
src/services/firebaseService.ts(1,18927): error TS1127: Invalid character.
src/services/firebaseService.ts(1,18928): error TS1127: Invalid character.
src/services/firebaseService.ts(1,18929): error TS1127: Invalid character.
src/services/firebaseService.ts(1,18930): error TS1127: Invalid character.
src/services/firebaseService.ts(1,18931): error TS1127: Invalid character.
src/services/firebaseService.ts(1,18932): error TS1127: Invalid character.
src/services/firebaseService.ts(1,18933): error TS1127: Invalid character.
src/services/firebaseService.ts(1,18934): error TS1127: Invalid character.
src/services/firebaseService.ts(1,18935): error TS1127: Invalid character.
src/services/firebaseService.ts(1,18936): error TS1127: Invalid character.
src/services/firebaseService.ts(1,18937): error TS1127: Invalid character.
src/services/firebaseService.ts(1,18938): error TS1127: Invalid character.
src/services/firebaseService.ts(1,18939): error TS1127: Invalid character.
src/services/firebaseService.ts(1,18940): error TS1127: Invalid character.
src/services/firebaseService.ts(1,18941): error TS1127: Invalid character.
src/services/firebaseService.ts(1,18942): error TS1127: Invalid character.
src/services/firebaseService.ts(1,18943): error TS1127: Invalid character.
src/services/firebaseService.ts(1,18944): error TS1127: Invalid character.
src/services/firebaseService.ts(1,18945): error TS1127: Invalid character.
src/services/firebaseService.ts(1,18946): error TS1127: Invalid character.
src/services/firebaseService.ts(1,18947): error TS1127: Invalid character.
src/services/firebaseService.ts(1,18948): error TS1127: Invalid character.
src/services/firebaseService.ts(1,18949): error TS1127: Invalid character.
src/services/firebaseService.ts(1,18950): error TS1127: Invalid character.
src/services/firebaseService.ts(1,18951): error TS1127: Invalid character.
src/services/firebaseService.ts(1,18952): error TS1127: Invalid character.
src/services/firebaseService.ts(1,18953): error TS1127: Invalid character.
src/services/firebaseService.ts(1,18954): error TS1127: Invalid character.
src/services/firebaseService.ts(1,18955): error TS1127: Invalid character.
src/services/firebaseService.ts(1,18956): error TS1127: Invalid character.
src/services/firebaseService.ts(1,18957): error TS1127: Invalid character.
src/services/firebaseService.ts(1,18958): error TS1127: Invalid character.
src/services/firebaseService.ts(1,18959): error TS1127: Invalid character.
src/services/firebaseService.ts(1,18960): error TS1127: Invalid character.
src/services/firebaseService.ts(1,18961): error TS1127: Invalid character.
src/services/firebaseService.ts(1,18962): error TS1127: Invalid character.
src/services/firebaseService.ts(1,18963): error TS1127: Invalid character.
src/services/firebaseService.ts(1,18964): error TS1127: Invalid character.
src/services/firebaseService.ts(1,18965): error TS1127: Invalid character.
src/services/firebaseService.ts(1,18966): error TS1127: Invalid character.
src/services/firebaseService.ts(1,18967): error TS1127: Invalid character.
src/services/firebaseService.ts(1,18968): error TS1127: Invalid character.
src/services/firebaseService.ts(1,18969): error TS1127: Invalid character.
src/services/firebaseService.ts(1,18970): error TS1127: Invalid character.
src/services/firebaseService.ts(1,18971): error TS1127: Invalid character.
src/services/firebaseService.ts(1,18972): error TS1127: Invalid character.
src/services/firebaseService.ts(1,18973): error TS1127: Invalid character.
src/services/firebaseService.ts(1,18974): error TS1127: Invalid character.
src/services/firebaseService.ts(1,18975): error TS1127: Invalid character.
src/services/firebaseService.ts(1,18976): error TS1127: Invalid character.
src/services/firebaseService.ts(1,18977): error TS1127: Invalid character.
src/services/firebaseService.ts(1,18978): error TS1127: Invalid character.
src/services/firebaseService.ts(1,18979): error TS1127: Invalid character.
src/services/firebaseService.ts(1,18980): error TS1127: Invalid character.
src/services/firebaseService.ts(1,18981): error TS1127: Invalid character.
src/services/firebaseService.ts(1,18982): error TS1127: Invalid character.
src/services/firebaseService.ts(1,18983): error TS1127: Invalid character.
src/services/firebaseService.ts(1,18984): error TS1127: Invalid character.
src/services/firebaseService.ts(1,18985): error TS1127: Invalid character.
src/services/firebaseService.ts(1,18986): error TS1127: Invalid character.
src/services/firebaseService.ts(1,18987): error TS1127: Invalid character.
src/services/firebaseService.ts(1,18988): error TS1127: Invalid character.
src/services/firebaseService.ts(1,18989): error TS1127: Invalid character.
src/services/firebaseService.ts(1,18990): error TS1127: Invalid character.
src/services/firebaseService.ts(1,18991): error TS1127: Invalid character.
src/services/firebaseService.ts(1,18992): error TS1127: Invalid character.
src/services/firebaseService.ts(1,18993): error TS1127: Invalid character.
src/services/firebaseService.ts(1,18994): error TS1127: Invalid character.
src/services/firebaseService.ts(1,18995): error TS1127: Invalid character.
src/services/firebaseService.ts(1,18996): error TS1127: Invalid character.
src/services/firebaseService.ts(1,18997): error TS1127: Invalid character.
src/services/firebaseService.ts(1,18998): error TS1127: Invalid character.
src/services/firebaseService.ts(1,18999): error TS1127: Invalid character.
src/services/firebaseService.ts(1,19000): error TS1127: Invalid character.
src/services/firebaseService.ts(1,19001): error TS1127: Invalid character.
src/services/firebaseService.ts(1,19002): error TS1127: Invalid character.
src/services/firebaseService.ts(1,19003): error TS1127: Invalid character.
src/services/firebaseService.ts(1,19004): error TS1127: Invalid character.
src/services/firebaseService.ts(1,19005): error TS1127: Invalid character.
src/services/firebaseService.ts(1,19006): error TS1127: Invalid character.
src/services/firebaseService.ts(1,19007): error TS1127: Invalid character.
src/services/firebaseService.ts(1,19008): error TS1127: Invalid character.
src/services/firebaseService.ts(1,19009): error TS1127: Invalid character.
src/services/firebaseService.ts(1,19010): error TS1127: Invalid character.
src/services/firebaseService.ts(1,19011): error TS1127: Invalid character.
src/services/firebaseService.ts(1,19012): error TS1127: Invalid character.
src/services/firebaseService.ts(1,19013): error TS1127: Invalid character.
src/services/firebaseService.ts(1,19014): error TS1127: Invalid character.
src/services/firebaseService.ts(1,19015): error TS1127: Invalid character.
src/services/firebaseService.ts(1,19016): error TS1127: Invalid character.
src/services/firebaseService.ts(1,19017): error TS1127: Invalid character.
src/services/firebaseService.ts(1,19018): error TS1127: Invalid character.
src/services/firebaseService.ts(1,19019): error TS1127: Invalid character.
src/services/firebaseService.ts(1,19020): error TS1127: Invalid character.
src/services/firebaseService.ts(1,19021): error TS1127: Invalid character.
src/services/firebaseService.ts(1,19022): error TS1127: Invalid character.
src/services/firebaseService.ts(1,19023): error TS1127: Invalid character.
src/services/firebaseService.ts(1,19024): error TS1127: Invalid character.
src/services/firebaseService.ts(1,19025): error TS1127: Invalid character.
src/services/firebaseService.ts(1,19026): error TS1127: Invalid character.
src/services/firebaseService.ts(1,19027): error TS1127: Invalid character.
src/services/firebaseService.ts(1,19028): error TS1127: Invalid character.
src/services/firebaseService.ts(1,19029): error TS1127: Invalid character.
src/services/firebaseService.ts(1,19030): error TS1127: Invalid character.
src/services/firebaseService.ts(1,19031): error TS1127: Invalid character.
src/services/firebaseService.ts(1,19032): error TS1127: Invalid character.
src/services/firebaseService.ts(1,19033): error TS1127: Invalid character.
src/services/firebaseService.ts(1,19034): error TS1127: Invalid character.
src/services/firebaseService.ts(1,19035): error TS1127: Invalid character.
src/services/firebaseService.ts(1,19036): error TS1127: Invalid character.
src/services/firebaseService.ts(1,19037): error TS1127: Invalid character.
src/services/firebaseService.ts(1,19038): error TS1127: Invalid character.
src/services/firebaseService.ts(1,19039): error TS1127: Invalid character.
src/services/firebaseService.ts(1,19040): error TS1127: Invalid character.
src/services/firebaseService.ts(1,19041): error TS1127: Invalid character.
src/services/firebaseService.ts(1,19042): error TS1127: Invalid character.
src/services/firebaseService.ts(1,19043): error TS1127: Invalid character.
src/services/firebaseService.ts(1,19044): error TS1127: Invalid character.
src/services/firebaseService.ts(1,19045): error TS1127: Invalid character.
src/services/firebaseService.ts(1,19046): error TS1127: Invalid character.
src/services/firebaseService.ts(1,19047): error TS1127: Invalid character.
src/services/firebaseService.ts(1,19048): error TS1127: Invalid character.
src/services/firebaseService.ts(1,19049): error TS1127: Invalid character.
src/services/firebaseService.ts(1,19050): error TS1127: Invalid character.
src/services/firebaseService.ts(1,19051): error TS1127: Invalid character.
src/services/firebaseService.ts(1,19052): error TS1127: Invalid character.
src/services/firebaseService.ts(1,19053): error TS1127: Invalid character.
src/services/firebaseService.ts(1,19054): error TS1127: Invalid character.
src/services/firebaseService.ts(1,19055): error TS1127: Invalid character.
src/services/firebaseService.ts(1,19056): error TS1127: Invalid character.
src/services/firebaseService.ts(1,19057): error TS1127: Invalid character.
src/services/firebaseService.ts(1,19058): error TS1127: Invalid character.
src/services/firebaseService.ts(1,19059): error TS1127: Invalid character.
src/services/firebaseService.ts(1,19060): error TS1127: Invalid character.
src/services/firebaseService.ts(1,19061): error TS1127: Invalid character.
src/services/firebaseService.ts(1,19062): error TS1127: Invalid character.
src/services/firebaseService.ts(1,19063): error TS1127: Invalid character.
src/services/firebaseService.ts(1,19064): error TS1127: Invalid character.
src/services/firebaseService.ts(1,19065): error TS1127: Invalid character.
src/services/firebaseService.ts(1,19066): error TS1127: Invalid character.
src/services/firebaseService.ts(1,19067): error TS1127: Invalid character.
src/services/firebaseService.ts(1,19068): error TS1127: Invalid character.
src/services/firebaseService.ts(1,19069): error TS1127: Invalid character.
src/services/firebaseService.ts(1,19070): error TS1127: Invalid character.
src/services/firebaseService.ts(1,19071): error TS1127: Invalid character.
src/services/firebaseService.ts(1,19072): error TS1127: Invalid character.
src/services/firebaseService.ts(1,19073): error TS1127: Invalid character.
src/services/firebaseService.ts(1,19074): error TS1127: Invalid character.
src/services/firebaseService.ts(1,19075): error TS1127: Invalid character.
src/services/firebaseService.ts(1,19076): error TS1127: Invalid character.
src/services/firebaseService.ts(1,19077): error TS1127: Invalid character.
src/services/firebaseService.ts(1,19078): error TS1127: Invalid character.
src/services/firebaseService.ts(1,19079): error TS1127: Invalid character.
src/services/firebaseService.ts(1,19080): error TS1127: Invalid character.
src/services/firebaseService.ts(1,19081): error TS1127: Invalid character.
src/services/firebaseService.ts(1,19082): error TS1127: Invalid character.
src/services/firebaseService.ts(1,19083): error TS1127: Invalid character.
src/services/firebaseService.ts(1,19084): error TS1127: Invalid character.
src/services/firebaseService.ts(1,19085): error TS1127: Invalid character.
src/services/firebaseService.ts(1,19086): error TS1127: Invalid character.
src/services/firebaseService.ts(1,19087): error TS1127: Invalid character.
src/services/firebaseService.ts(1,19088): error TS1127: Invalid character.
src/services/firebaseService.ts(1,19089): error TS1127: Invalid character.
src/services/firebaseService.ts(1,19090): error TS1127: Invalid character.
src/services/firebaseService.ts(1,19091): error TS1127: Invalid character.
src/services/firebaseService.ts(1,19092): error TS1127: Invalid character.
src/services/firebaseService.ts(1,19093): error TS1127: Invalid character.
src/services/firebaseService.ts(1,19094): error TS1127: Invalid character.
src/services/firebaseService.ts(1,19095): error TS1127: Invalid character.
src/services/firebaseService.ts(1,19096): error TS1127: Invalid character.
src/services/firebaseService.ts(1,19097): error TS1127: Invalid character.
src/services/firebaseService.ts(1,19098): error TS1127: Invalid character.
src/services/firebaseService.ts(1,19099): error TS1127: Invalid character.
src/services/firebaseService.ts(1,19100): error TS1127: Invalid character.
src/services/firebaseService.ts(1,19101): error TS1127: Invalid character.
src/services/firebaseService.ts(1,19102): error TS1127: Invalid character.
src/services/firebaseService.ts(1,19103): error TS1127: Invalid character.
src/services/firebaseService.ts(1,19104): error TS1127: Invalid character.
src/services/firebaseService.ts(1,19105): error TS1127: Invalid character.
src/services/firebaseService.ts(1,19106): error TS1127: Invalid character.
src/services/firebaseService.ts(1,19107): error TS1127: Invalid character.
src/services/firebaseService.ts(1,19108): error TS1127: Invalid character.
src/services/firebaseService.ts(1,19109): error TS1127: Invalid character.
src/services/firebaseService.ts(1,19110): error TS1127: Invalid character.
src/services/firebaseService.ts(1,19111): error TS1127: Invalid character.
src/services/firebaseService.ts(1,19112): error TS1127: Invalid character.
src/services/firebaseService.ts(1,19113): error TS1127: Invalid character.
src/services/firebaseService.ts(1,19114): error TS1127: Invalid character.
src/services/firebaseService.ts(1,19115): error TS1127: Invalid character.
src/services/firebaseService.ts(1,19116): error TS1127: Invalid character.
src/services/firebaseService.ts(1,19117): error TS1127: Invalid character.
src/services/firebaseService.ts(1,19118): error TS1127: Invalid character.
src/services/firebaseService.ts(1,19119): error TS1127: Invalid character.
src/services/firebaseService.ts(1,19120): error TS1127: Invalid character.
src/services/firebaseService.ts(1,19121): error TS1127: Invalid character.
src/services/firebaseService.ts(1,19122): error TS1127: Invalid character.
src/services/firebaseService.ts(1,19123): error TS1127: Invalid character.
src/services/firebaseService.ts(1,19124): error TS1127: Invalid character.
src/services/firebaseService.ts(1,19125): error TS1127: Invalid character.
src/services/firebaseService.ts(1,19126): error TS1127: Invalid character.
src/services/firebaseService.ts(1,19127): error TS1127: Invalid character.
src/services/firebaseService.ts(1,19128): error TS1127: Invalid character.
src/services/firebaseService.ts(1,19129): error TS1127: Invalid character.
src/services/firebaseService.ts(1,19130): error TS1127: Invalid character.
src/services/firebaseService.ts(1,19131): error TS1127: Invalid character.
src/services/firebaseService.ts(1,19132): error TS1127: Invalid character.
src/services/firebaseService.ts(1,19133): error TS1127: Invalid character.
src/services/firebaseService.ts(1,19134): error TS1127: Invalid character.
src/services/firebaseService.ts(1,19135): error TS1127: Invalid character.
src/services/firebaseService.ts(1,19136): error TS1127: Invalid character.
src/services/firebaseService.ts(1,19137): error TS1127: Invalid character.
src/services/firebaseService.ts(1,19138): error TS1127: Invalid character.
src/services/firebaseService.ts(1,19139): error TS1127: Invalid character.
src/services/firebaseService.ts(1,19140): error TS1127: Invalid character.
src/services/firebaseService.ts(1,19141): error TS1127: Invalid character.
src/services/firebaseService.ts(1,19142): error TS1127: Invalid character.
src/services/firebaseService.ts(1,19143): error TS1127: Invalid character.
src/services/firebaseService.ts(1,19144): error TS1127: Invalid character.
src/services/firebaseService.ts(1,19145): error TS1127: Invalid character.
src/services/firebaseService.ts(1,19146): error TS1127: Invalid character.
src/services/firebaseService.ts(1,19147): error TS1127: Invalid character.
src/services/firebaseService.ts(1,19148): error TS1127: Invalid character.
src/services/firebaseService.ts(1,19149): error TS1127: Invalid character.
src/services/firebaseService.ts(1,19150): error TS1127: Invalid character.
src/services/firebaseService.ts(1,19151): error TS1127: Invalid character.
src/services/firebaseService.ts(1,19152): error TS1127: Invalid character.
src/services/firebaseService.ts(1,19153): error TS1127: Invalid character.
src/services/firebaseService.ts(1,19154): error TS1127: Invalid character.
src/services/firebaseService.ts(1,19155): error TS1127: Invalid character.
src/services/firebaseService.ts(1,19156): error TS1127: Invalid character.
src/services/firebaseService.ts(1,19157): error TS1127: Invalid character.
src/services/firebaseService.ts(1,19158): error TS1127: Invalid character.
src/services/firebaseService.ts(1,19159): error TS1127: Invalid character.
src/services/firebaseService.ts(1,19160): error TS1127: Invalid character.
src/services/firebaseService.ts(1,19161): error TS1127: Invalid character.
src/services/firebaseService.ts(1,19162): error TS1127: Invalid character.
src/services/firebaseService.ts(1,19163): error TS1127: Invalid character.
src/services/firebaseService.ts(1,19164): error TS1127: Invalid character.
src/services/firebaseService.ts(1,19165): error TS1127: Invalid character.
src/services/firebaseService.ts(1,19166): error TS1127: Invalid character.
src/services/firebaseService.ts(1,19167): error TS1127: Invalid character.
src/services/firebaseService.ts(1,19168): error TS1127: Invalid character.
src/services/firebaseService.ts(1,19169): error TS1127: Invalid character.
src/services/firebaseService.ts(1,19170): error TS1127: Invalid character.
src/services/firebaseService.ts(1,19171): error TS1127: Invalid character.
src/services/firebaseService.ts(1,19172): error TS1127: Invalid character.
src/services/firebaseService.ts(1,19173): error TS1127: Invalid character.
src/services/firebaseService.ts(1,19174): error TS1127: Invalid character.
src/services/firebaseService.ts(1,19175): error TS1127: Invalid character.
src/services/firebaseService.ts(1,19176): error TS1127: Invalid character.
src/services/firebaseService.ts(1,19177): error TS1127: Invalid character.
src/services/firebaseService.ts(1,19178): error TS1127: Invalid character.
src/services/firebaseService.ts(1,19179): error TS1127: Invalid character.
src/services/firebaseService.ts(1,19180): error TS1127: Invalid character.
src/services/firebaseService.ts(1,19181): error TS1127: Invalid character.
src/services/firebaseService.ts(1,19182): error TS1127: Invalid character.
src/services/firebaseService.ts(1,19183): error TS1127: Invalid character.
src/services/firebaseService.ts(1,19184): error TS1127: Invalid character.
src/services/firebaseService.ts(1,19185): error TS1127: Invalid character.
src/services/firebaseService.ts(1,19186): error TS1127: Invalid character.
src/services/firebaseService.ts(1,19187): error TS1127: Invalid character.
src/services/firebaseService.ts(1,19188): error TS1127: Invalid character.
src/services/firebaseService.ts(1,19189): error TS1127: Invalid character.
src/services/firebaseService.ts(1,19190): error TS1127: Invalid character.
src/services/firebaseService.ts(1,19191): error TS1127: Invalid character.
src/services/firebaseService.ts(1,19192): error TS1127: Invalid character.
src/services/firebaseService.ts(1,19193): error TS1127: Invalid character.
src/services/firebaseService.ts(1,19194): error TS1127: Invalid character.
src/services/firebaseService.ts(1,19195): error TS1127: Invalid character.
src/services/firebaseService.ts(1,19196): error TS1127: Invalid character.
src/services/firebaseService.ts(1,19197): error TS1127: Invalid character.
src/services/firebaseService.ts(1,19198): error TS1127: Invalid character.
src/services/firebaseService.ts(1,19199): error TS1127: Invalid character.
src/services/firebaseService.ts(1,19200): error TS1127: Invalid character.
src/services/firebaseService.ts(1,19201): error TS1127: Invalid character.
src/services/firebaseService.ts(1,19202): error TS1127: Invalid character.
src/services/firebaseService.ts(1,19203): error TS1127: Invalid character.
src/services/firebaseService.ts(1,19204): error TS1127: Invalid character.
src/services/firebaseService.ts(1,19205): error TS1127: Invalid character.
src/services/firebaseService.ts(1,19206): error TS1127: Invalid character.
src/services/firebaseService.ts(1,19207): error TS1127: Invalid character.
src/services/firebaseService.ts(1,19208): error TS1127: Invalid character.
src/services/firebaseService.ts(1,19209): error TS1127: Invalid character.
src/services/firebaseService.ts(1,19210): error TS1127: Invalid character.
src/services/firebaseService.ts(1,19211): error TS1127: Invalid character.
src/services/firebaseService.ts(1,19212): error TS1127: Invalid character.
src/services/firebaseService.ts(1,19213): error TS1127: Invalid character.
src/services/firebaseService.ts(1,19214): error TS1127: Invalid character.
src/services/firebaseService.ts(1,19215): error TS1127: Invalid character.
src/services/firebaseService.ts(1,19216): error TS1127: Invalid character.
src/services/firebaseService.ts(1,19217): error TS1127: Invalid character.
src/services/firebaseService.ts(1,19218): error TS1127: Invalid character.
src/services/firebaseService.ts(1,19219): error TS1127: Invalid character.
src/services/firebaseService.ts(1,19220): error TS1127: Invalid character.
src/services/firebaseService.ts(1,19221): error TS1127: Invalid character.
src/services/firebaseService.ts(1,19222): error TS1127: Invalid character.
src/services/firebaseService.ts(1,19223): error TS1127: Invalid character.
src/services/firebaseService.ts(1,19224): error TS1127: Invalid character.
src/services/firebaseService.ts(1,19225): error TS1127: Invalid character.
src/services/firebaseService.ts(1,19226): error TS1127: Invalid character.
src/services/firebaseService.ts(1,19227): error TS1127: Invalid character.
src/services/firebaseService.ts(1,19228): error TS1127: Invalid character.
src/services/firebaseService.ts(1,19229): error TS1127: Invalid character.
src/services/firebaseService.ts(1,19230): error TS1127: Invalid character.
src/services/firebaseService.ts(1,19231): error TS1127: Invalid character.
src/services/firebaseService.ts(1,19232): error TS1127: Invalid character.
src/services/firebaseService.ts(1,19233): error TS1127: Invalid character.
src/services/firebaseService.ts(1,19234): error TS1127: Invalid character.
src/services/firebaseService.ts(1,19235): error TS1127: Invalid character.
src/services/firebaseService.ts(1,19236): error TS1127: Invalid character.
src/services/firebaseService.ts(1,19237): error TS1127: Invalid character.
src/services/firebaseService.ts(1,19238): error TS1127: Invalid character.
src/services/firebaseService.ts(1,19239): error TS1127: Invalid character.
src/services/firebaseService.ts(1,19240): error TS1127: Invalid character.
src/services/firebaseService.ts(1,19241): error TS1127: Invalid character.
src/services/firebaseService.ts(1,19242): error TS1127: Invalid character.
src/services/firebaseService.ts(1,19243): error TS1127: Invalid character.
src/services/firebaseService.ts(1,19244): error TS1127: Invalid character.
src/services/firebaseService.ts(1,19245): error TS1127: Invalid character.
src/services/firebaseService.ts(1,19246): error TS1127: Invalid character.
src/services/firebaseService.ts(1,19247): error TS1127: Invalid character.
src/services/firebaseService.ts(1,19248): error TS1127: Invalid character.
src/services/firebaseService.ts(1,19249): error TS1127: Invalid character.
src/services/firebaseService.ts(1,19250): error TS1127: Invalid character.
src/services/firebaseService.ts(1,19251): error TS1127: Invalid character.
src/services/firebaseService.ts(1,19252): error TS1127: Invalid character.
src/services/firebaseService.ts(1,19253): error TS1127: Invalid character.
src/services/firebaseService.ts(1,19254): error TS1127: Invalid character.
src/services/firebaseService.ts(1,19255): error TS1127: Invalid character.
src/services/firebaseService.ts(1,19256): error TS1127: Invalid character.
src/services/firebaseService.ts(1,19257): error TS1127: Invalid character.
src/services/firebaseService.ts(1,19258): error TS1127: Invalid character.
src/services/firebaseService.ts(1,19259): error TS1127: Invalid character.
src/services/firebaseService.ts(1,19260): error TS1127: Invalid character.
src/services/firebaseService.ts(1,19261): error TS1127: Invalid character.
src/services/firebaseService.ts(1,19262): error TS1127: Invalid character.
src/services/firebaseService.ts(1,19263): error TS1127: Invalid character.
src/services/firebaseService.ts(1,19264): error TS1127: Invalid character.
src/services/firebaseService.ts(1,19265): error TS1127: Invalid character.
src/services/firebaseService.ts(1,19266): error TS1127: Invalid character.
src/services/firebaseService.ts(1,19267): error TS1127: Invalid character.
src/services/firebaseService.ts(1,19268): error TS1127: Invalid character.
src/services/firebaseService.ts(1,19269): error TS1127: Invalid character.
src/services/firebaseService.ts(1,19270): error TS1127: Invalid character.
src/services/firebaseService.ts(1,19271): error TS1127: Invalid character.
src/services/firebaseService.ts(1,19272): error TS1127: Invalid character.
src/services/firebaseService.ts(1,19273): error TS1127: Invalid character.
src/services/firebaseService.ts(1,19274): error TS1127: Invalid character.
src/services/firebaseService.ts(1,19275): error TS1127: Invalid character.
src/services/firebaseService.ts(1,19276): error TS1127: Invalid character.
src/services/firebaseService.ts(1,19277): error TS1127: Invalid character.
src/services/firebaseService.ts(1,19278): error TS1127: Invalid character.
src/services/firebaseService.ts(1,19279): error TS1127: Invalid character.
src/services/firebaseService.ts(1,19280): error TS1127: Invalid character.
src/services/firebaseService.ts(1,19281): error TS1127: Invalid character.
src/services/firebaseService.ts(1,19282): error TS1127: Invalid character.
src/services/firebaseService.ts(1,19283): error TS1127: Invalid character.
src/services/firebaseService.ts(1,19284): error TS1127: Invalid character.
src/services/firebaseService.ts(1,19285): error TS1127: Invalid character.
src/services/firebaseService.ts(1,19286): error TS1127: Invalid character.
src/services/firebaseService.ts(1,19287): error TS1127: Invalid character.
src/services/firebaseService.ts(1,19288): error TS1127: Invalid character.
src/services/firebaseService.ts(1,19289): error TS1127: Invalid character.
src/services/firebaseService.ts(1,19290): error TS1127: Invalid character.
src/services/firebaseService.ts(1,19291): error TS1127: Invalid character.
src/services/firebaseService.ts(1,19292): error TS1127: Invalid character.
src/services/firebaseService.ts(1,19293): error TS1127: Invalid character.
src/services/firebaseService.ts(1,19294): error TS1127: Invalid character.
src/services/firebaseService.ts(1,19295): error TS1127: Invalid character.
src/services/firebaseService.ts(1,19296): error TS1127: Invalid character.
src/services/firebaseService.ts(1,19297): error TS1127: Invalid character.
src/services/firebaseService.ts(1,19298): error TS1127: Invalid character.
src/services/firebaseService.ts(1,19299): error TS1127: Invalid character.
src/services/firebaseService.ts(1,19300): error TS1127: Invalid character.
src/services/firebaseService.ts(1,19301): error TS1127: Invalid character.
src/services/firebaseService.ts(1,19302): error TS1127: Invalid character.
src/services/firebaseService.ts(1,19303): error TS1127: Invalid character.
src/services/firebaseService.ts(1,19304): error TS1127: Invalid character.
src/services/firebaseService.ts(1,19305): error TS1127: Invalid character.
src/services/firebaseService.ts(1,19306): error TS1127: Invalid character.
src/services/firebaseService.ts(1,19307): error TS1127: Invalid character.
src/services/firebaseService.ts(1,19308): error TS1127: Invalid character.
src/services/firebaseService.ts(1,19309): error TS1127: Invalid character.
src/services/firebaseService.ts(1,19310): error TS1127: Invalid character.
src/services/firebaseService.ts(1,19311): error TS1127: Invalid character.
src/services/firebaseService.ts(1,19312): error TS1127: Invalid character.
src/services/firebaseService.ts(1,19313): error TS1127: Invalid character.
src/services/firebaseService.ts(1,19314): error TS1127: Invalid character.
src/services/firebaseService.ts(1,19315): error TS1127: Invalid character.
src/services/firebaseService.ts(1,19316): error TS1127: Invalid character.
src/services/firebaseService.ts(1,19317): error TS1127: Invalid character.
src/services/firebaseService.ts(1,19318): error TS1127: Invalid character.
src/services/firebaseService.ts(1,19319): error TS1127: Invalid character.
src/services/firebaseService.ts(1,19320): error TS1127: Invalid character.
src/services/firebaseService.ts(1,19321): error TS1127: Invalid character.
src/services/firebaseService.ts(1,19322): error TS1127: Invalid character.
src/services/firebaseService.ts(1,19323): error TS1127: Invalid character.
src/services/firebaseService.ts(1,19324): error TS1127: Invalid character.
src/services/firebaseService.ts(1,19325): error TS1127: Invalid character.
src/services/firebaseService.ts(1,19326): error TS1127: Invalid character.
src/services/firebaseService.ts(1,19327): error TS1127: Invalid character.
src/services/firebaseService.ts(1,19328): error TS1127: Invalid character.
src/services/firebaseService.ts(1,19329): error TS1127: Invalid character.
src/services/firebaseService.ts(1,19330): error TS1127: Invalid character.
src/services/firebaseService.ts(1,19331): error TS1127: Invalid character.
src/services/firebaseService.ts(1,19332): error TS1127: Invalid character.
src/services/firebaseService.ts(1,19333): error TS1127: Invalid character.
src/services/firebaseService.ts(1,19334): error TS1127: Invalid character.
src/services/firebaseService.ts(1,19335): error TS1127: Invalid character.
src/services/firebaseService.ts(1,19336): error TS1127: Invalid character.
src/services/firebaseService.ts(1,19337): error TS1127: Invalid character.
src/services/firebaseService.ts(1,19338): error TS1127: Invalid character.
src/services/firebaseService.ts(1,19339): error TS1127: Invalid character.
src/services/firebaseService.ts(1,19340): error TS1127: Invalid character.
src/services/firebaseService.ts(1,19341): error TS1127: Invalid character.
src/services/firebaseService.ts(1,19342): error TS1127: Invalid character.
src/services/firebaseService.ts(1,19343): error TS1127: Invalid character.
src/services/firebaseService.ts(1,19344): error TS1127: Invalid character.
src/services/firebaseService.ts(1,19345): error TS1127: Invalid character.
src/services/firebaseService.ts(1,19346): error TS1127: Invalid character.
src/services/firebaseService.ts(1,19347): error TS1127: Invalid character.
src/services/firebaseService.ts(1,19348): error TS1127: Invalid character.
src/services/firebaseService.ts(1,19349): error TS1127: Invalid character.
src/services/firebaseService.ts(1,19350): error TS1127: Invalid character.
src/services/firebaseService.ts(1,19351): error TS1127: Invalid character.
src/services/firebaseService.ts(1,19352): error TS1127: Invalid character.
src/services/firebaseService.ts(1,19353): error TS1127: Invalid character.
src/services/firebaseService.ts(1,19354): error TS1127: Invalid character.
src/services/firebaseService.ts(1,19355): error TS1127: Invalid character.
src/services/firebaseService.ts(1,19356): error TS1127: Invalid character.
src/services/firebaseService.ts(1,19357): error TS1127: Invalid character.
src/services/firebaseService.ts(1,19358): error TS1127: Invalid character.
src/services/firebaseService.ts(1,19359): error TS1127: Invalid character.
src/services/firebaseService.ts(1,19360): error TS1127: Invalid character.
src/services/firebaseService.ts(1,19361): error TS1127: Invalid character.
src/services/firebaseService.ts(1,19362): error TS1127: Invalid character.
src/services/firebaseService.ts(1,19363): error TS1127: Invalid character.
src/services/firebaseService.ts(1,19364): error TS1127: Invalid character.
src/services/firebaseService.ts(1,19365): error TS1127: Invalid character.
src/services/firebaseService.ts(1,19366): error TS1127: Invalid character.
src/services/firebaseService.ts(1,19367): error TS1127: Invalid character.
src/services/firebaseService.ts(1,19368): error TS1127: Invalid character.
src/services/firebaseService.ts(1,19369): error TS1127: Invalid character.
src/services/firebaseService.ts(1,19370): error TS1127: Invalid character.
src/services/firebaseService.ts(1,19371): error TS1127: Invalid character.
src/services/firebaseService.ts(1,19372): error TS1127: Invalid character.
src/services/firebaseService.ts(1,19373): error TS1127: Invalid character.
src/services/firebaseService.ts(1,19374): error TS1127: Invalid character.
src/services/firebaseService.ts(1,19375): error TS1127: Invalid character.
src/services/firebaseService.ts(1,19376): error TS1127: Invalid character.
src/services/firebaseService.ts(1,19377): error TS1127: Invalid character.
src/services/firebaseService.ts(1,19378): error TS1127: Invalid character.
src/services/firebaseService.ts(1,19379): error TS1127: Invalid character.
src/services/firebaseService.ts(1,19380): error TS1127: Invalid character.
src/services/firebaseService.ts(1,19381): error TS1127: Invalid character.
src/services/firebaseService.ts(1,19382): error TS1127: Invalid character.
src/services/firebaseService.ts(1,19383): error TS1127: Invalid character.
src/services/firebaseService.ts(1,19384): error TS1127: Invalid character.
src/services/firebaseService.ts(1,19385): error TS1127: Invalid character.
src/services/firebaseService.ts(1,19386): error TS1127: Invalid character.
src/services/firebaseService.ts(1,19387): error TS1127: Invalid character.
src/services/firebaseService.ts(1,19388): error TS1127: Invalid character.
src/services/firebaseService.ts(1,19389): error TS1127: Invalid character.
src/services/firebaseService.ts(1,19390): error TS1127: Invalid character.
src/services/firebaseService.ts(1,19391): error TS1127: Invalid character.
src/services/firebaseService.ts(1,19392): error TS1127: Invalid character.
src/services/firebaseService.ts(1,19393): error TS1127: Invalid character.
src/services/firebaseService.ts(1,19394): error TS1127: Invalid character.
src/services/firebaseService.ts(1,19395): error TS1127: Invalid character.
src/services/firebaseService.ts(1,19396): error TS1127: Invalid character.
src/services/firebaseService.ts(1,19397): error TS1127: Invalid character.
src/services/firebaseService.ts(1,19398): error TS1127: Invalid character.
src/services/firebaseService.ts(1,19399): error TS1127: Invalid character.
src/services/firebaseService.ts(1,19400): error TS1127: Invalid character.
src/services/firebaseService.ts(1,19401): error TS1127: Invalid character.
src/services/firebaseService.ts(1,19402): error TS1127: Invalid character.
src/services/firebaseService.ts(1,19403): error TS1127: Invalid character.
src/services/firebaseService.ts(1,19404): error TS1127: Invalid character.
src/services/firebaseService.ts(1,19405): error TS1127: Invalid character.
src/services/firebaseService.ts(1,19406): error TS1127: Invalid character.
src/services/firebaseService.ts(1,19407): error TS1127: Invalid character.
src/services/firebaseService.ts(1,19408): error TS1127: Invalid character.
src/services/firebaseService.ts(1,19409): error TS1127: Invalid character.
src/services/firebaseService.ts(1,19410): error TS1127: Invalid character.
src/services/firebaseService.ts(1,19411): error TS1127: Invalid character.
src/services/firebaseService.ts(1,19412): error TS1127: Invalid character.
src/services/firebaseService.ts(1,19413): error TS1127: Invalid character.
src/services/firebaseService.ts(1,19414): error TS1127: Invalid character.
src/services/firebaseService.ts(1,19415): error TS1127: Invalid character.
src/services/firebaseService.ts(1,19416): error TS1127: Invalid character.
src/services/firebaseService.ts(1,19417): error TS1127: Invalid character.
src/services/firebaseService.ts(1,19418): error TS1127: Invalid character.
src/services/firebaseService.ts(1,19419): error TS1127: Invalid character.
src/services/firebaseService.ts(1,19420): error TS1127: Invalid character.
src/services/firebaseService.ts(1,19421): error TS1127: Invalid character.
src/services/firebaseService.ts(1,19422): error TS1127: Invalid character.
src/services/firebaseService.ts(1,19423): error TS1127: Invalid character.
src/services/firebaseService.ts(1,19424): error TS1127: Invalid character.
src/services/firebaseService.ts(1,19425): error TS1127: Invalid character.
src/services/firebaseService.ts(1,19426): error TS1127: Invalid character.
src/services/firebaseService.ts(1,19427): error TS1127: Invalid character.
src/services/firebaseService.ts(1,19428): error TS1127: Invalid character.
src/services/firebaseService.ts(1,19429): error TS1127: Invalid character.
src/services/firebaseService.ts(1,19430): error TS1127: Invalid character.
src/services/firebaseService.ts(1,19431): error TS1127: Invalid character.
src/services/firebaseService.ts(1,19432): error TS1127: Invalid character.
src/services/firebaseService.ts(1,19433): error TS1127: Invalid character.
src/services/firebaseService.ts(1,19434): error TS1127: Invalid character.
src/services/firebaseService.ts(1,19435): error TS1127: Invalid character.
src/services/firebaseService.ts(1,19436): error TS1127: Invalid character.
src/services/firebaseService.ts(1,19437): error TS1127: Invalid character.
src/services/firebaseService.ts(1,19438): error TS1127: Invalid character.
src/services/firebaseService.ts(1,19439): error TS1127: Invalid character.
src/services/firebaseService.ts(1,19440): error TS1127: Invalid character.
src/services/firebaseService.ts(1,19441): error TS1127: Invalid character.
src/services/firebaseService.ts(1,19442): error TS1127: Invalid character.
src/services/firebaseService.ts(1,19443): error TS1127: Invalid character.
src/services/firebaseService.ts(1,19444): error TS1127: Invalid character.
src/services/firebaseService.ts(1,19445): error TS1127: Invalid character.
src/services/firebaseService.ts(1,19446): error TS1127: Invalid character.
src/services/firebaseService.ts(1,19447): error TS1127: Invalid character.
src/services/firebaseService.ts(1,19448): error TS1127: Invalid character.
src/services/firebaseService.ts(1,19449): error TS1127: Invalid character.
src/services/firebaseService.ts(1,19450): error TS1127: Invalid character.
src/services/firebaseService.ts(1,19451): error TS1127: Invalid character.
src/services/firebaseService.ts(1,19452): error TS1127: Invalid character.
src/services/firebaseService.ts(1,19453): error TS1127: Invalid character.
src/services/firebaseService.ts(1,19454): error TS1127: Invalid character.
src/services/firebaseService.ts(1,19455): error TS1127: Invalid character.
src/services/firebaseService.ts(1,19456): error TS1127: Invalid character.
src/services/firebaseService.ts(1,19457): error TS1127: Invalid character.
src/services/firebaseService.ts(1,19458): error TS1127: Invalid character.
src/services/firebaseService.ts(1,19459): error TS1127: Invalid character.
src/services/firebaseService.ts(1,19460): error TS1127: Invalid character.
src/services/firebaseService.ts(1,19461): error TS1127: Invalid character.
src/services/firebaseService.ts(1,19462): error TS1127: Invalid character.
src/services/firebaseService.ts(1,19463): error TS1127: Invalid character.
src/services/firebaseService.ts(1,19464): error TS1127: Invalid character.
src/services/firebaseService.ts(1,19465): error TS1127: Invalid character.
src/services/firebaseService.ts(1,19466): error TS1127: Invalid character.
src/services/firebaseService.ts(1,19467): error TS1127: Invalid character.
src/services/firebaseService.ts(1,19468): error TS1127: Invalid character.
src/services/firebaseService.ts(1,19469): error TS1127: Invalid character.
src/services/firebaseService.ts(1,19470): error TS1127: Invalid character.
src/services/firebaseService.ts(1,19471): error TS1127: Invalid character.
src/services/firebaseService.ts(1,19472): error TS1127: Invalid character.
src/services/firebaseService.ts(1,19473): error TS1127: Invalid character.
src/services/firebaseService.ts(1,19474): error TS1127: Invalid character.
src/services/firebaseService.ts(1,19475): error TS1127: Invalid character.
src/services/firebaseService.ts(1,19476): error TS1127: Invalid character.
src/services/firebaseService.ts(1,19477): error TS1127: Invalid character.
src/services/firebaseService.ts(1,19478): error TS1127: Invalid character.
src/services/firebaseService.ts(1,19479): error TS1127: Invalid character.
src/services/firebaseService.ts(1,19480): error TS1127: Invalid character.
src/services/firebaseService.ts(1,19481): error TS1127: Invalid character.
src/services/firebaseService.ts(1,19482): error TS1127: Invalid character.
src/services/firebaseService.ts(1,19483): error TS1127: Invalid character.
src/services/firebaseService.ts(1,19484): error TS1127: Invalid character.
src/services/firebaseService.ts(1,19485): error TS1127: Invalid character.
src/services/firebaseService.ts(1,19486): error TS1127: Invalid character.
src/services/firebaseService.ts(1,19487): error TS1127: Invalid character.
src/services/firebaseService.ts(1,19488): error TS1127: Invalid character.
src/services/firebaseService.ts(1,19489): error TS1127: Invalid character.
src/services/firebaseService.ts(1,19490): error TS1127: Invalid character.
src/services/firebaseService.ts(1,19491): error TS1127: Invalid character.
src/services/firebaseService.ts(1,19492): error TS1127: Invalid character.
src/services/firebaseService.ts(1,19493): error TS1127: Invalid character.
src/services/firebaseService.ts(1,19494): error TS1127: Invalid character.
src/services/firebaseService.ts(1,19495): error TS1127: Invalid character.
src/services/firebaseService.ts(1,19496): error TS1127: Invalid character.
src/services/firebaseService.ts(1,19497): error TS1127: Invalid character.
src/services/firebaseService.ts(1,19498): error TS1127: Invalid character.
src/services/firebaseService.ts(1,19499): error TS1127: Invalid character.
src/services/firebaseService.ts(1,19500): error TS1127: Invalid character.
src/services/firebaseService.ts(1,19501): error TS1127: Invalid character.
src/services/firebaseService.ts(1,19502): error TS1127: Invalid character.
src/services/firebaseService.ts(1,19503): error TS1127: Invalid character.
src/services/firebaseService.ts(1,19504): error TS1127: Invalid character.
src/services/firebaseService.ts(1,19505): error TS1127: Invalid character.
src/services/firebaseService.ts(1,19506): error TS1127: Invalid character.
src/services/firebaseService.ts(1,19507): error TS1127: Invalid character.
src/services/firebaseService.ts(1,19508): error TS1127: Invalid character.
src/services/firebaseService.ts(1,19509): error TS1127: Invalid character.
src/services/firebaseService.ts(1,19510): error TS1127: Invalid character.
src/services/firebaseService.ts(1,19511): error TS1127: Invalid character.
src/services/firebaseService.ts(1,19512): error TS1127: Invalid character.
src/services/firebaseService.ts(1,19513): error TS1127: Invalid character.
src/services/firebaseService.ts(1,19514): error TS1127: Invalid character.
src/services/firebaseService.ts(1,19515): error TS1127: Invalid character.
src/services/firebaseService.ts(1,19516): error TS1127: Invalid character.
src/services/firebaseService.ts(1,19517): error TS1127: Invalid character.
src/services/firebaseService.ts(1,19518): error TS1127: Invalid character.
src/services/firebaseService.ts(1,19519): error TS1127: Invalid character.
src/services/firebaseService.ts(1,19520): error TS1127: Invalid character.
src/services/firebaseService.ts(1,19521): error TS1127: Invalid character.
src/services/firebaseService.ts(1,19522): error TS1127: Invalid character.
src/services/firebaseService.ts(1,19523): error TS1127: Invalid character.
src/services/firebaseService.ts(1,19524): error TS1127: Invalid character.
src/services/firebaseService.ts(1,19525): error TS1127: Invalid character.
src/services/firebaseService.ts(1,19526): error TS1127: Invalid character.
src/services/firebaseService.ts(1,19527): error TS1127: Invalid character.
src/services/firebaseService.ts(1,19528): error TS1127: Invalid character.
src/services/firebaseService.ts(1,19529): error TS1127: Invalid character.
src/services/firebaseService.ts(1,19530): error TS1127: Invalid character.
src/services/firebaseService.ts(1,19531): error TS1127: Invalid character.
src/services/firebaseService.ts(1,19532): error TS1127: Invalid character.
src/services/firebaseService.ts(1,19533): error TS1127: Invalid character.
src/services/firebaseService.ts(1,19534): error TS1127: Invalid character.
src/services/firebaseService.ts(1,19535): error TS1127: Invalid character.
src/services/firebaseService.ts(1,19536): error TS1127: Invalid character.
src/services/firebaseService.ts(1,19537): error TS1127: Invalid character.
src/services/firebaseService.ts(1,19538): error TS1127: Invalid character.
src/services/firebaseService.ts(1,19539): error TS1127: Invalid character.
src/services/firebaseService.ts(1,19540): error TS1127: Invalid character.
src/services/firebaseService.ts(1,19541): error TS1127: Invalid character.
src/services/firebaseService.ts(1,19542): error TS1127: Invalid character.
src/services/firebaseService.ts(1,19543): error TS1127: Invalid character.
src/services/firebaseService.ts(1,19544): error TS1127: Invalid character.
src/services/firebaseService.ts(1,19545): error TS1127: Invalid character.
src/services/firebaseService.ts(1,19546): error TS1127: Invalid character.
src/services/firebaseService.ts(1,19547): error TS1127: Invalid character.
src/services/firebaseService.ts(1,19548): error TS1127: Invalid character.
src/services/firebaseService.ts(1,19549): error TS1127: Invalid character.
src/services/firebaseService.ts(1,19550): error TS1127: Invalid character.
src/services/firebaseService.ts(1,19551): error TS1127: Invalid character.
src/services/firebaseService.ts(1,19552): error TS1127: Invalid character.
src/services/firebaseService.ts(1,19553): error TS1127: Invalid character.
src/services/firebaseService.ts(1,19554): error TS1127: Invalid character.
src/services/firebaseService.ts(1,19555): error TS1127: Invalid character.
src/services/firebaseService.ts(1,19556): error TS1127: Invalid character.
src/services/firebaseService.ts(1,19557): error TS1127: Invalid character.
src/services/firebaseService.ts(1,19558): error TS1127: Invalid character.
src/services/firebaseService.ts(1,19559): error TS1127: Invalid character.
src/services/firebaseService.ts(1,19560): error TS1127: Invalid character.
src/services/firebaseService.ts(1,19561): error TS1127: Invalid character.
src/services/firebaseService.ts(1,19562): error TS1127: Invalid character.
src/services/firebaseService.ts(1,19563): error TS1127: Invalid character.
src/services/firebaseService.ts(1,19564): error TS1127: Invalid character.
src/services/firebaseService.ts(1,19565): error TS1127: Invalid character.
src/services/firebaseService.ts(1,19566): error TS1127: Invalid character.
src/services/firebaseService.ts(1,19567): error TS1127: Invalid character.
src/services/firebaseService.ts(1,19568): error TS1127: Invalid character.
src/services/firebaseService.ts(1,19569): error TS1127: Invalid character.
src/services/firebaseService.ts(1,19570): error TS1127: Invalid character.
src/services/firebaseService.ts(1,19571): error TS1127: Invalid character.
src/services/firebaseService.ts(1,19572): error TS1127: Invalid character.
src/services/firebaseService.ts(1,19573): error TS1127: Invalid character.
src/services/firebaseService.ts(1,19574): error TS1127: Invalid character.
src/services/firebaseService.ts(1,19575): error TS1127: Invalid character.
src/services/firebaseService.ts(1,19576): error TS1127: Invalid character.
src/services/firebaseService.ts(1,19577): error TS1127: Invalid character.
src/services/firebaseService.ts(1,19578): error TS1127: Invalid character.
src/services/firebaseService.ts(1,19579): error TS1127: Invalid character.
src/services/firebaseService.ts(1,19580): error TS1127: Invalid character.
src/services/firebaseService.ts(1,19581): error TS1127: Invalid character.
src/services/firebaseService.ts(1,19582): error TS1127: Invalid character.
src/services/firebaseService.ts(1,19583): error TS1127: Invalid character.
src/services/firebaseService.ts(1,19584): error TS1127: Invalid character.
src/services/firebaseService.ts(1,19585): error TS1127: Invalid character.
src/services/firebaseService.ts(1,19586): error TS1127: Invalid character.
src/services/firebaseService.ts(1,19587): error TS1127: Invalid character.
src/services/firebaseService.ts(1,19588): error TS1127: Invalid character.
src/services/firebaseService.ts(1,19589): error TS1127: Invalid character.
src/services/firebaseService.ts(1,19590): error TS1127: Invalid character.
src/services/firebaseService.ts(1,19591): error TS1127: Invalid character.
src/services/firebaseService.ts(1,19592): error TS1127: Invalid character.
src/services/firebaseService.ts(1,19593): error TS1127: Invalid character.
src/services/firebaseService.ts(1,19594): error TS1127: Invalid character.
src/services/firebaseService.ts(1,19595): error TS1127: Invalid character.
src/services/firebaseService.ts(1,19596): error TS1127: Invalid character.
src/services/firebaseService.ts(1,19597): error TS1127: Invalid character.
src/services/firebaseService.ts(1,19598): error TS1127: Invalid character.
src/services/firebaseService.ts(1,19599): error TS1127: Invalid character.
src/services/firebaseService.ts(1,19600): error TS1127: Invalid character.
src/services/firebaseService.ts(1,19601): error TS1127: Invalid character.
src/services/firebaseService.ts(1,19602): error TS1127: Invalid character.
src/services/firebaseService.ts(1,19603): error TS1127: Invalid character.
src/services/firebaseService.ts(1,19604): error TS1127: Invalid character.
src/services/firebaseService.ts(1,19605): error TS1127: Invalid character.
src/services/firebaseService.ts(1,19606): error TS1127: Invalid character.
src/services/firebaseService.ts(1,19607): error TS1127: Invalid character.
src/services/firebaseService.ts(1,19608): error TS1127: Invalid character.
src/services/firebaseService.ts(1,19609): error TS1127: Invalid character.
src/services/firebaseService.ts(1,19610): error TS1127: Invalid character.
src/services/firebaseService.ts(1,19611): error TS1127: Invalid character.
src/services/firebaseService.ts(1,19612): error TS1127: Invalid character.
src/services/firebaseService.ts(1,19613): error TS1127: Invalid character.
src/services/firebaseService.ts(1,19614): error TS1127: Invalid character.
src/services/firebaseService.ts(1,19615): error TS1127: Invalid character.
src/services/firebaseService.ts(1,19616): error TS1127: Invalid character.
src/services/firebaseService.ts(1,19617): error TS1127: Invalid character.
src/services/firebaseService.ts(1,19618): error TS1127: Invalid character.
src/services/firebaseService.ts(1,19619): error TS1127: Invalid character.
src/services/firebaseService.ts(1,19620): error TS1127: Invalid character.
src/services/firebaseService.ts(1,19621): error TS1127: Invalid character.
src/services/firebaseService.ts(1,19622): error TS1127: Invalid character.
src/services/firebaseService.ts(1,19623): error TS1127: Invalid character.
src/services/firebaseService.ts(1,19624): error TS1127: Invalid character.
src/services/firebaseService.ts(1,19625): error TS1127: Invalid character.
src/services/firebaseService.ts(1,19626): error TS1127: Invalid character.
src/services/firebaseService.ts(1,19627): error TS1127: Invalid character.
src/services/firebaseService.ts(1,19628): error TS1127: Invalid character.
src/services/firebaseService.ts(1,19629): error TS1127: Invalid character.
src/services/firebaseService.ts(1,19630): error TS1127: Invalid character.
src/services/firebaseService.ts(1,19631): error TS1127: Invalid character.
src/services/firebaseService.ts(1,19632): error TS1127: Invalid character.
src/services/firebaseService.ts(1,19633): error TS1127: Invalid character.
src/services/firebaseService.ts(1,19634): error TS1127: Invalid character.
src/services/firebaseService.ts(1,19635): error TS1127: Invalid character.
src/services/firebaseService.ts(1,19636): error TS1127: Invalid character.
src/services/firebaseService.ts(1,19637): error TS1127: Invalid character.
src/services/firebaseService.ts(1,19638): error TS1127: Invalid character.
src/services/firebaseService.ts(1,19639): error TS1127: Invalid character.
src/services/firebaseService.ts(1,19640): error TS1127: Invalid character.
src/services/firebaseService.ts(1,19641): error TS1127: Invalid character.
src/services/firebaseService.ts(1,19642): error TS1127: Invalid character.
src/services/firebaseService.ts(1,19643): error TS1127: Invalid character.
src/services/firebaseService.ts(1,19644): error TS1127: Invalid character.
src/services/firebaseService.ts(1,19645): error TS1127: Invalid character.
src/services/firebaseService.ts(1,19646): error TS1127: Invalid character.
src/services/firebaseService.ts(1,19647): error TS1127: Invalid character.
src/services/firebaseService.ts(1,19648): error TS1127: Invalid character.
src/services/firebaseService.ts(1,19649): error TS1127: Invalid character.
src/services/firebaseService.ts(1,19650): error TS1127: Invalid character.
src/services/firebaseService.ts(1,19651): error TS1127: Invalid character.
src/services/firebaseService.ts(1,19652): error TS1127: Invalid character.
src/services/firebaseService.ts(1,19653): error TS1127: Invalid character.
src/services/firebaseService.ts(1,19654): error TS1127: Invalid character.
src/services/firebaseService.ts(1,19655): error TS1127: Invalid character.
src/services/firebaseService.ts(1,19656): error TS1127: Invalid character.
src/services/firebaseService.ts(1,19657): error TS1127: Invalid character.
src/services/firebaseService.ts(1,19658): error TS1127: Invalid character.
src/services/firebaseService.ts(1,19659): error TS1127: Invalid character.
src/services/firebaseService.ts(1,19660): error TS1127: Invalid character.
src/services/firebaseService.ts(1,19661): error TS1127: Invalid character.
src/services/firebaseService.ts(1,19662): error TS1127: Invalid character.
src/services/firebaseService.ts(1,19663): error TS1127: Invalid character.
src/services/firebaseService.ts(1,19664): error TS1127: Invalid character.
src/services/firebaseService.ts(1,19665): error TS1127: Invalid character.
src/services/firebaseService.ts(1,19666): error TS1127: Invalid character.
src/services/firebaseService.ts(1,19667): error TS1127: Invalid character.
src/services/firebaseService.ts(1,19668): error TS1127: Invalid character.
src/services/firebaseService.ts(1,19669): error TS1127: Invalid character.
src/services/firebaseService.ts(1,19670): error TS1127: Invalid character.
src/services/firebaseService.ts(1,19671): error TS1127: Invalid character.
src/services/firebaseService.ts(1,19672): error TS1127: Invalid character.
src/services/firebaseService.ts(1,19673): error TS1127: Invalid character.
src/services/firebaseService.ts(1,19674): error TS1127: Invalid character.
src/services/firebaseService.ts(1,19675): error TS1127: Invalid character.
src/services/firebaseService.ts(1,19676): error TS1127: Invalid character.
src/services/firebaseService.ts(1,19677): error TS1127: Invalid character.
src/services/firebaseService.ts(1,19678): error TS1127: Invalid character.
src/services/firebaseService.ts(1,19679): error TS1127: Invalid character.
src/services/firebaseService.ts(1,19680): error TS1127: Invalid character.
src/services/firebaseService.ts(1,19681): error TS1127: Invalid character.
src/services/firebaseService.ts(1,19682): error TS1127: Invalid character.
src/services/firebaseService.ts(1,19683): error TS1127: Invalid character.
src/services/firebaseService.ts(1,19684): error TS1127: Invalid character.
src/services/firebaseService.ts(1,19685): error TS1127: Invalid character.
src/services/firebaseService.ts(1,19686): error TS1127: Invalid character.
src/services/firebaseService.ts(1,19687): error TS1127: Invalid character.
src/services/firebaseService.ts(1,19688): error TS1127: Invalid character.
src/services/firebaseService.ts(1,19689): error TS1127: Invalid character.
src/services/firebaseService.ts(1,19690): error TS1127: Invalid character.
src/services/firebaseService.ts(1,19691): error TS1127: Invalid character.
src/services/firebaseService.ts(1,19692): error TS1127: Invalid character.
src/services/firebaseService.ts(1,19693): error TS1127: Invalid character.
src/services/firebaseService.ts(1,19694): error TS1127: Invalid character.
src/services/firebaseService.ts(1,19695): error TS1127: Invalid character.
src/services/firebaseService.ts(1,19696): error TS1127: Invalid character.
src/services/firebaseService.ts(1,19697): error TS1127: Invalid character.
src/services/firebaseService.ts(1,19698): error TS1127: Invalid character.
src/services/firebaseService.ts(1,19699): error TS1127: Invalid character.
src/services/firebaseService.ts(1,19700): error TS1127: Invalid character.
src/services/firebaseService.ts(1,19701): error TS1127: Invalid character.
src/services/firebaseService.ts(1,19702): error TS1127: Invalid character.
src/services/firebaseService.ts(1,19703): error TS1127: Invalid character.
src/services/firebaseService.ts(1,19704): error TS1127: Invalid character.
src/services/firebaseService.ts(1,19705): error TS1127: Invalid character.
src/services/firebaseService.ts(1,19706): error TS1127: Invalid character.
src/services/firebaseService.ts(1,19707): error TS1127: Invalid character.
src/services/firebaseService.ts(1,19708): error TS1127: Invalid character.
src/services/firebaseService.ts(1,19709): error TS1127: Invalid character.
src/services/firebaseService.ts(1,19710): error TS1127: Invalid character.
src/services/firebaseService.ts(1,19711): error TS1127: Invalid character.
src/services/firebaseService.ts(1,19712): error TS1127: Invalid character.
src/services/firebaseService.ts(1,19713): error TS1127: Invalid character.
src/services/firebaseService.ts(1,19714): error TS1127: Invalid character.
src/services/firebaseService.ts(1,19715): error TS1127: Invalid character.
src/services/firebaseService.ts(1,19716): error TS1127: Invalid character.
src/services/firebaseService.ts(1,19717): error TS1127: Invalid character.
src/services/firebaseService.ts(1,19718): error TS1127: Invalid character.
src/services/firebaseService.ts(1,19719): error TS1127: Invalid character.
src/services/firebaseService.ts(1,19720): error TS1127: Invalid character.
src/services/firebaseService.ts(1,19721): error TS1127: Invalid character.
src/services/firebaseService.ts(1,19722): error TS1127: Invalid character.
src/services/firebaseService.ts(1,19723): error TS1127: Invalid character.
src/services/firebaseService.ts(1,19724): error TS1127: Invalid character.
src/services/firebaseService.ts(1,19725): error TS1127: Invalid character.
src/services/firebaseService.ts(1,19726): error TS1127: Invalid character.
src/services/firebaseService.ts(1,19727): error TS1127: Invalid character.
src/services/firebaseService.ts(1,19728): error TS1127: Invalid character.
src/services/firebaseService.ts(1,19729): error TS1127: Invalid character.
src/services/firebaseService.ts(1,19730): error TS1127: Invalid character.
src/services/firebaseService.ts(1,19731): error TS1127: Invalid character.
src/services/firebaseService.ts(1,19732): error TS1127: Invalid character.
src/services/firebaseService.ts(1,19733): error TS1127: Invalid character.
src/services/firebaseService.ts(1,19734): error TS1127: Invalid character.
src/services/firebaseService.ts(1,19735): error TS1127: Invalid character.
src/services/firebaseService.ts(1,19736): error TS1127: Invalid character.
src/services/firebaseService.ts(1,19737): error TS1127: Invalid character.
src/services/firebaseService.ts(1,19738): error TS1127: Invalid character.
src/services/firebaseService.ts(1,19739): error TS1127: Invalid character.
src/services/firebaseService.ts(1,19740): error TS1127: Invalid character.
src/services/firebaseService.ts(1,19741): error TS1127: Invalid character.
src/services/firebaseService.ts(1,19742): error TS1127: Invalid character.
src/services/firebaseService.ts(1,19743): error TS1127: Invalid character.
src/services/firebaseService.ts(1,19744): error TS1127: Invalid character.
src/services/firebaseService.ts(1,19745): error TS1127: Invalid character.
src/services/firebaseService.ts(1,19746): error TS1127: Invalid character.
src/services/firebaseService.ts(1,19747): error TS1127: Invalid character.
src/services/firebaseService.ts(1,19748): error TS1127: Invalid character.
src/services/firebaseService.ts(1,19749): error TS1127: Invalid character.
src/services/firebaseService.ts(1,19750): error TS1127: Invalid character.
src/services/firebaseService.ts(1,19751): error TS1127: Invalid character.
src/services/firebaseService.ts(1,19752): error TS1127: Invalid character.
src/services/firebaseService.ts(1,19753): error TS1127: Invalid character.
src/services/firebaseService.ts(1,19754): error TS1127: Invalid character.
src/services/firebaseService.ts(1,19755): error TS1127: Invalid character.
src/services/firebaseService.ts(1,19756): error TS1127: Invalid character.
src/services/firebaseService.ts(1,19757): error TS1127: Invalid character.
src/services/firebaseService.ts(1,19758): error TS1127: Invalid character.
src/services/firebaseService.ts(1,19759): error TS1127: Invalid character.
src/services/firebaseService.ts(1,19760): error TS1127: Invalid character.
src/services/firebaseService.ts(1,19761): error TS1127: Invalid character.
src/services/firebaseService.ts(1,19762): error TS1127: Invalid character.
src/services/firebaseService.ts(1,19763): error TS1127: Invalid character.
src/services/firebaseService.ts(1,19764): error TS1127: Invalid character.
src/services/firebaseService.ts(1,19765): error TS1127: Invalid character.
src/services/firebaseService.ts(1,19766): error TS1127: Invalid character.
src/services/firebaseService.ts(1,19767): error TS1127: Invalid character.
src/services/firebaseService.ts(1,19768): error TS1127: Invalid character.
src/services/firebaseService.ts(1,19769): error TS1127: Invalid character.
src/services/firebaseService.ts(1,19770): error TS1127: Invalid character.
src/services/firebaseService.ts(1,19771): error TS1127: Invalid character.
src/services/firebaseService.ts(1,19772): error TS1127: Invalid character.
src/services/firebaseService.ts(1,19773): error TS1127: Invalid character.
src/services/firebaseService.ts(1,19774): error TS1127: Invalid character.
src/services/firebaseService.ts(1,19775): error TS1127: Invalid character.
src/services/firebaseService.ts(1,19776): error TS1127: Invalid character.
src/services/firebaseService.ts(1,19777): error TS1127: Invalid character.
src/services/firebaseService.ts(1,19778): error TS1127: Invalid character.
src/services/firebaseService.ts(1,19779): error TS1127: Invalid character.
src/services/firebaseService.ts(1,19780): error TS1127: Invalid character.
src/services/firebaseService.ts(1,19781): error TS1127: Invalid character.
src/services/firebaseService.ts(1,19782): error TS1127: Invalid character.
src/services/firebaseService.ts(1,19783): error TS1127: Invalid character.
src/services/firebaseService.ts(1,19784): error TS1127: Invalid character.
src/services/firebaseService.ts(1,19785): error TS1127: Invalid character.
src/services/firebaseService.ts(1,19786): error TS1127: Invalid character.
src/services/firebaseService.ts(1,19787): error TS1127: Invalid character.
src/services/firebaseService.ts(1,19788): error TS1127: Invalid character.
src/services/firebaseService.ts(1,19789): error TS1127: Invalid character.
src/services/firebaseService.ts(1,19790): error TS1127: Invalid character.
src/services/firebaseService.ts(1,19791): error TS1127: Invalid character.
src/services/firebaseService.ts(1,19792): error TS1127: Invalid character.
src/services/firebaseService.ts(1,19793): error TS1127: Invalid character.
src/services/firebaseService.ts(1,19794): error TS1127: Invalid character.
src/services/firebaseService.ts(1,19795): error TS1127: Invalid character.
src/services/firebaseService.ts(1,19796): error TS1127: Invalid character.
src/services/firebaseService.ts(1,19797): error TS1127: Invalid character.
src/services/firebaseService.ts(1,19798): error TS1127: Invalid character.
src/services/firebaseService.ts(1,19799): error TS1127: Invalid character.
src/services/firebaseService.ts(1,19800): error TS1127: Invalid character.
src/services/firebaseService.ts(1,19801): error TS1127: Invalid character.
src/services/firebaseService.ts(1,19802): error TS1127: Invalid character.
src/services/firebaseService.ts(1,19803): error TS1127: Invalid character.
src/services/firebaseService.ts(1,19804): error TS1127: Invalid character.
src/services/firebaseService.ts(1,19805): error TS1127: Invalid character.
src/services/firebaseService.ts(1,19806): error TS1127: Invalid character.
src/services/firebaseService.ts(1,19807): error TS1127: Invalid character.
src/services/firebaseService.ts(1,19808): error TS1127: Invalid character.
src/services/firebaseService.ts(1,19809): error TS1127: Invalid character.
src/services/firebaseService.ts(1,19810): error TS1127: Invalid character.
src/services/firebaseService.ts(1,19811): error TS1127: Invalid character.
src/services/firebaseService.ts(1,19812): error TS1127: Invalid character.
src/services/firebaseService.ts(1,19813): error TS1127: Invalid character.
src/services/firebaseService.ts(1,19814): error TS1127: Invalid character.
src/services/firebaseService.ts(1,19815): error TS1127: Invalid character.
src/services/firebaseService.ts(1,19816): error TS1127: Invalid character.
src/services/firebaseService.ts(1,19817): error TS1127: Invalid character.
src/services/firebaseService.ts(1,19818): error TS1127: Invalid character.
src/services/firebaseService.ts(1,19819): error TS1127: Invalid character.
src/services/firebaseService.ts(1,19820): error TS1127: Invalid character.
src/services/firebaseService.ts(1,19821): error TS1127: Invalid character.
src/services/firebaseService.ts(1,19822): error TS1127: Invalid character.
src/services/firebaseService.ts(1,19823): error TS1127: Invalid character.
src/services/firebaseService.ts(1,19824): error TS1127: Invalid character.
src/services/firebaseService.ts(1,19825): error TS1127: Invalid character.
src/services/firebaseService.ts(1,19826): error TS1127: Invalid character.
src/services/firebaseService.ts(1,19827): error TS1127: Invalid character.
src/services/firebaseService.ts(1,19828): error TS1127: Invalid character.
src/services/firebaseService.ts(1,19829): error TS1127: Invalid character.
src/services/firebaseService.ts(1,19830): error TS1127: Invalid character.
src/services/firebaseService.ts(1,19831): error TS1127: Invalid character.
src/services/firebaseService.ts(1,19832): error TS1127: Invalid character.
src/services/firebaseService.ts(1,19833): error TS1127: Invalid character.
src/services/firebaseService.ts(1,19834): error TS1127: Invalid character.
src/services/firebaseService.ts(1,19835): error TS1127: Invalid character.
src/services/firebaseService.ts(1,19836): error TS1127: Invalid character.
src/services/firebaseService.ts(1,19837): error TS1127: Invalid character.
src/services/firebaseService.ts(1,19838): error TS1127: Invalid character.
src/services/firebaseService.ts(1,19839): error TS1127: Invalid character.
src/services/firebaseService.ts(1,19840): error TS1127: Invalid character.
src/services/firebaseService.ts(1,19841): error TS1127: Invalid character.
src/services/firebaseService.ts(1,19842): error TS1127: Invalid character.
src/services/firebaseService.ts(1,19843): error TS1127: Invalid character.
src/services/firebaseService.ts(1,19844): error TS1127: Invalid character.
src/services/firebaseService.ts(1,19845): error TS1127: Invalid character.
src/services/firebaseService.ts(1,19846): error TS1127: Invalid character.
src/services/firebaseService.ts(1,19847): error TS1127: Invalid character.
src/services/firebaseService.ts(1,19848): error TS1127: Invalid character.
src/services/firebaseService.ts(1,19849): error TS1127: Invalid character.
src/services/firebaseService.ts(1,19850): error TS1127: Invalid character.
src/services/firebaseService.ts(1,19851): error TS1127: Invalid character.
src/services/firebaseService.ts(1,19852): error TS1127: Invalid character.
src/services/firebaseService.ts(1,19853): error TS1127: Invalid character.
src/services/firebaseService.ts(1,19854): error TS1127: Invalid character.
src/services/firebaseService.ts(1,19855): error TS1127: Invalid character.
src/services/firebaseService.ts(1,19856): error TS1127: Invalid character.
src/services/firebaseService.ts(1,19857): error TS1127: Invalid character.
src/services/firebaseService.ts(1,19858): error TS1127: Invalid character.
src/services/firebaseService.ts(1,19859): error TS1127: Invalid character.
src/services/firebaseService.ts(1,19860): error TS1127: Invalid character.
src/services/firebaseService.ts(1,19861): error TS1127: Invalid character.
src/services/firebaseService.ts(1,19862): error TS1127: Invalid character.
src/services/firebaseService.ts(1,19863): error TS1127: Invalid character.
src/services/firebaseService.ts(1,19864): error TS1127: Invalid character.
src/services/firebaseService.ts(1,19865): error TS1127: Invalid character.
src/services/firebaseService.ts(1,19866): error TS1127: Invalid character.
src/services/firebaseService.ts(1,19867): error TS1127: Invalid character.
src/services/firebaseService.ts(1,19868): error TS1127: Invalid character.
src/services/firebaseService.ts(1,19869): error TS1127: Invalid character.
src/services/firebaseService.ts(1,19870): error TS1127: Invalid character.
src/services/firebaseService.ts(1,19871): error TS1127: Invalid character.
src/services/firebaseService.ts(1,19872): error TS1127: Invalid character.
src/services/firebaseService.ts(1,19873): error TS1127: Invalid character.
src/services/firebaseService.ts(1,19874): error TS1127: Invalid character.
src/services/firebaseService.ts(1,19875): error TS1127: Invalid character.
src/services/firebaseService.ts(1,19876): error TS1127: Invalid character.
src/services/firebaseService.ts(1,19877): error TS1127: Invalid character.
src/services/firebaseService.ts(1,19878): error TS1127: Invalid character.
src/services/firebaseService.ts(1,19879): error TS1127: Invalid character.
src/services/firebaseService.ts(1,19880): error TS1127: Invalid character.
src/services/firebaseService.ts(1,19881): error TS1127: Invalid character.
src/services/firebaseService.ts(1,19882): error TS1127: Invalid character.
src/services/firebaseService.ts(1,19883): error TS1127: Invalid character.
src/services/firebaseService.ts(1,19884): error TS1127: Invalid character.
src/services/firebaseService.ts(1,19885): error TS1127: Invalid character.
src/services/firebaseService.ts(1,19886): error TS1127: Invalid character.
src/services/firebaseService.ts(1,19887): error TS1127: Invalid character.
src/services/firebaseService.ts(1,19888): error TS1127: Invalid character.
src/services/firebaseService.ts(1,19889): error TS1127: Invalid character.
src/services/firebaseService.ts(1,19890): error TS1127: Invalid character.
src/services/firebaseService.ts(1,19891): error TS1127: Invalid character.
src/services/firebaseService.ts(1,19892): error TS1127: Invalid character.
src/services/firebaseService.ts(1,19893): error TS1127: Invalid character.
src/services/firebaseService.ts(1,19894): error TS1127: Invalid character.
src/services/firebaseService.ts(1,19895): error TS1127: Invalid character.
src/services/firebaseService.ts(1,19896): error TS1127: Invalid character.
src/services/firebaseService.ts(1,19897): error TS1127: Invalid character.
src/services/firebaseService.ts(1,19898): error TS1127: Invalid character.
src/services/firebaseService.ts(1,19899): error TS1127: Invalid character.
src/services/firebaseService.ts(1,19900): error TS1127: Invalid character.
src/services/firebaseService.ts(1,19901): error TS1127: Invalid character.
src/services/firebaseService.ts(1,19902): error TS1127: Invalid character.
src/services/firebaseService.ts(1,19903): error TS1127: Invalid character.
src/services/firebaseService.ts(1,19904): error TS1127: Invalid character.
src/services/firebaseService.ts(1,19905): error TS1127: Invalid character.
src/services/firebaseService.ts(1,19906): error TS1127: Invalid character.
src/services/firebaseService.ts(1,19907): error TS1127: Invalid character.
src/services/firebaseService.ts(1,19908): error TS1127: Invalid character.
src/services/firebaseService.ts(1,19909): error TS1127: Invalid character.
src/services/firebaseService.ts(1,19910): error TS1127: Invalid character.
src/services/firebaseService.ts(1,19911): error TS1127: Invalid character.
src/services/firebaseService.ts(1,19912): error TS1127: Invalid character.
src/services/firebaseService.ts(1,19913): error TS1127: Invalid character.
src/services/firebaseService.ts(1,19914): error TS1127: Invalid character.
src/services/firebaseService.ts(1,19915): error TS1127: Invalid character.
src/services/firebaseService.ts(1,19916): error TS1127: Invalid character.
src/services/firebaseService.ts(1,19917): error TS1127: Invalid character.
src/services/firebaseService.ts(1,19918): error TS1127: Invalid character.
src/services/firebaseService.ts(1,19919): error TS1127: Invalid character.
src/services/firebaseService.ts(1,19920): error TS1127: Invalid character.
src/services/firebaseService.ts(1,19921): error TS1127: Invalid character.
src/services/firebaseService.ts(1,19922): error TS1127: Invalid character.
src/services/firebaseService.ts(1,19923): error TS1127: Invalid character.
src/services/firebaseService.ts(1,19924): error TS1127: Invalid character.
src/services/firebaseService.ts(1,19925): error TS1127: Invalid character.
src/services/firebaseService.ts(1,19926): error TS1127: Invalid character.
src/services/firebaseService.ts(1,19927): error TS1127: Invalid character.
src/services/firebaseService.ts(1,19928): error TS1127: Invalid character.
src/services/firebaseService.ts(1,19929): error TS1127: Invalid character.
src/services/firebaseService.ts(1,19930): error TS1127: Invalid character.
src/services/firebaseService.ts(1,19931): error TS1127: Invalid character.
src/services/firebaseService.ts(1,19932): error TS1127: Invalid character.
src/services/firebaseService.ts(1,19933): error TS1127: Invalid character.
src/services/firebaseService.ts(1,19934): error TS1127: Invalid character.
src/services/firebaseService.ts(1,19935): error TS1127: Invalid character.
src/services/firebaseService.ts(1,19936): error TS1127: Invalid character.
src/services/firebaseService.ts(1,19937): error TS1127: Invalid character.
src/services/firebaseService.ts(1,19938): error TS1127: Invalid character.
src/services/firebaseService.ts(1,19939): error TS1127: Invalid character.
src/services/firebaseService.ts(1,19940): error TS1127: Invalid character.
src/services/firebaseService.ts(1,19941): error TS1127: Invalid character.
src/services/firebaseService.ts(1,19942): error TS1127: Invalid character.
src/services/firebaseService.ts(1,19943): error TS1127: Invalid character.
src/services/firebaseService.ts(1,19944): error TS1127: Invalid character.
src/services/firebaseService.ts(1,19945): error TS1127: Invalid character.
src/services/firebaseService.ts(1,19946): error TS1127: Invalid character.
src/services/firebaseService.ts(1,19947): error TS1127: Invalid character.
src/services/firebaseService.ts(1,19948): error TS1127: Invalid character.
src/services/firebaseService.ts(1,19949): error TS1127: Invalid character.
src/services/firebaseService.ts(1,19950): error TS1127: Invalid character.
src/services/firebaseService.ts(1,19951): error TS1127: Invalid character.
src/services/firebaseService.ts(1,19952): error TS1127: Invalid character.
src/services/firebaseService.ts(1,19953): error TS1127: Invalid character.
src/services/firebaseService.ts(1,19954): error TS1127: Invalid character.
src/services/firebaseService.ts(1,19955): error TS1127: Invalid character.
src/services/firebaseService.ts(1,19956): error TS1127: Invalid character.
src/services/firebaseService.ts(1,19957): error TS1127: Invalid character.
src/services/firebaseService.ts(1,19958): error TS1127: Invalid character.
src/services/firebaseService.ts(1,19959): error TS1127: Invalid character.
src/services/firebaseService.ts(1,19960): error TS1127: Invalid character.
src/services/firebaseService.ts(1,19961): error TS1127: Invalid character.
src/services/firebaseService.ts(1,19962): error TS1127: Invalid character.
src/services/firebaseService.ts(1,19963): error TS1127: Invalid character.
src/services/firebaseService.ts(1,19964): error TS1127: Invalid character.
src/services/firebaseService.ts(1,19965): error TS1127: Invalid character.
src/services/firebaseService.ts(1,19966): error TS1127: Invalid character.
src/services/firebaseService.ts(1,19967): error TS1127: Invalid character.
src/services/firebaseService.ts(1,19968): error TS1127: Invalid character.
src/services/firebaseService.ts(1,19969): error TS1127: Invalid character.
src/services/firebaseService.ts(1,19970): error TS1127: Invalid character.
src/services/firebaseService.ts(1,19971): error TS1127: Invalid character.
src/services/firebaseService.ts(1,19972): error TS1127: Invalid character.
src/services/firebaseService.ts(1,19973): error TS1127: Invalid character.
src/services/firebaseService.ts(1,19974): error TS1127: Invalid character.
src/services/firebaseService.ts(1,19975): error TS1127: Invalid character.
src/services/firebaseService.ts(1,19976): error TS1127: Invalid character.
src/services/firebaseService.ts(1,19977): error TS1127: Invalid character.
src/services/firebaseService.ts(1,19978): error TS1127: Invalid character.
src/services/firebaseService.ts(1,19979): error TS1127: Invalid character.
src/services/firebaseService.ts(1,19980): error TS1127: Invalid character.
src/services/firebaseService.ts(1,19981): error TS1127: Invalid character.
src/services/firebaseService.ts(1,19982): error TS1127: Invalid character.
src/services/firebaseService.ts(1,19983): error TS1127: Invalid character.
src/services/firebaseService.ts(1,19984): error TS1127: Invalid character.
src/services/firebaseService.ts(1,19985): error TS1127: Invalid character.
src/services/firebaseService.ts(1,19986): error TS1127: Invalid character.
src/services/firebaseService.ts(1,19987): error TS1127: Invalid character.
src/services/firebaseService.ts(1,19988): error TS1127: Invalid character.
src/services/firebaseService.ts(1,19989): error TS1127: Invalid character.
src/services/firebaseService.ts(1,19990): error TS1127: Invalid character.
src/services/firebaseService.ts(1,19991): error TS1127: Invalid character.
src/services/firebaseService.ts(1,19992): error TS1127: Invalid character.
src/services/firebaseService.ts(1,19993): error TS1127: Invalid character.
src/services/firebaseService.ts(1,19994): error TS1127: Invalid character.
src/services/firebaseService.ts(1,19995): error TS1127: Invalid character.
src/services/firebaseService.ts(1,19996): error TS1127: Invalid character.
src/services/firebaseService.ts(1,19997): error TS1127: Invalid character.
src/services/firebaseService.ts(1,19998): error TS1127: Invalid character.
src/services/firebaseService.ts(1,19999): error TS1127: Invalid character.
src/services/firebaseService.ts(1,20000): error TS1127: Invalid character.
src/services/firebaseService.ts(1,20001): error TS1127: Invalid character.
src/services/firebaseService.ts(1,20002): error TS1127: Invalid character.
src/services/firebaseService.ts(1,20003): error TS1127: Invalid character.
src/services/firebaseService.ts(1,20004): error TS1127: Invalid character.
src/services/firebaseService.ts(1,20005): error TS1127: Invalid character.
src/services/firebaseService.ts(1,20006): error TS1127: Invalid character.
src/services/firebaseService.ts(1,20007): error TS1127: Invalid character.
src/services/firebaseService.ts(1,20008): error TS1127: Invalid character.
src/services/firebaseService.ts(1,20009): error TS1127: Invalid character.
src/services/firebaseService.ts(1,20010): error TS1127: Invalid character.
src/services/firebaseService.ts(1,20011): error TS1127: Invalid character.
src/services/firebaseService.ts(1,20012): error TS1127: Invalid character.
src/services/firebaseService.ts(1,20013): error TS1127: Invalid character.
src/services/firebaseService.ts(1,20014): error TS1127: Invalid character.
src/services/firebaseService.ts(1,20015): error TS1127: Invalid character.
src/services/firebaseService.ts(1,20016): error TS1127: Invalid character.
src/services/firebaseService.ts(1,20017): error TS1127: Invalid character.
src/services/firebaseService.ts(1,20018): error TS1127: Invalid character.
src/services/firebaseService.ts(1,20019): error TS1127: Invalid character.
src/services/firebaseService.ts(1,20020): error TS1127: Invalid character.
src/services/firebaseService.ts(1,20021): error TS1127: Invalid character.
src/services/firebaseService.ts(1,20022): error TS1127: Invalid character.
src/services/firebaseService.ts(1,20023): error TS1127: Invalid character.
src/services/firebaseService.ts(1,20024): error TS1127: Invalid character.
src/services/firebaseService.ts(1,20025): error TS1127: Invalid character.
src/services/firebaseService.ts(1,20026): error TS1127: Invalid character.
src/services/firebaseService.ts(1,20027): error TS1127: Invalid character.
src/services/firebaseService.ts(1,20028): error TS1127: Invalid character.
src/services/firebaseService.ts(1,20029): error TS1127: Invalid character.
src/services/firebaseService.ts(1,20030): error TS1127: Invalid character.
src/services/firebaseService.ts(1,20031): error TS1127: Invalid character.
src/services/firebaseService.ts(1,20032): error TS1127: Invalid character.
src/services/firebaseService.ts(1,20033): error TS1127: Invalid character.
src/services/firebaseService.ts(1,20034): error TS1127: Invalid character.
src/services/firebaseService.ts(1,20035): error TS1127: Invalid character.
src/services/firebaseService.ts(1,20036): error TS1127: Invalid character.
src/services/firebaseService.ts(1,20037): error TS1127: Invalid character.
src/services/firebaseService.ts(1,20038): error TS1127: Invalid character.
src/services/firebaseService.ts(1,20039): error TS1127: Invalid character.
src/services/firebaseService.ts(1,20040): error TS1127: Invalid character.
src/services/firebaseService.ts(1,20041): error TS1127: Invalid character.
src/services/firebaseService.ts(1,20042): error TS1127: Invalid character.
src/services/firebaseService.ts(1,20043): error TS1127: Invalid character.
src/services/firebaseService.ts(1,20044): error TS1127: Invalid character.
src/services/firebaseService.ts(1,20045): error TS1127: Invalid character.
src/services/firebaseService.ts(1,20046): error TS1127: Invalid character.
src/services/firebaseService.ts(1,20047): error TS1127: Invalid character.
src/services/firebaseService.ts(1,20048): error TS1127: Invalid character.
src/services/firebaseService.ts(1,20049): error TS1127: Invalid character.
src/services/firebaseService.ts(1,20050): error TS1127: Invalid character.
src/services/firebaseService.ts(1,20051): error TS1127: Invalid character.
src/services/firebaseService.ts(1,20052): error TS1127: Invalid character.
src/services/firebaseService.ts(1,20053): error TS1127: Invalid character.
src/services/firebaseService.ts(1,20054): error TS1127: Invalid character.
src/services/firebaseService.ts(1,20055): error TS1127: Invalid character.
src/services/firebaseService.ts(1,20056): error TS1127: Invalid character.
src/services/firebaseService.ts(1,20057): error TS1127: Invalid character.
src/services/firebaseService.ts(1,20058): error TS1127: Invalid character.
src/services/firebaseService.ts(1,20059): error TS1127: Invalid character.
src/services/firebaseService.ts(1,20060): error TS1127: Invalid character.
src/services/firebaseService.ts(1,20061): error TS1127: Invalid character.
src/services/firebaseService.ts(1,20062): error TS1127: Invalid character.
src/services/firebaseService.ts(1,20063): error TS1127: Invalid character.
src/services/firebaseService.ts(1,20064): error TS1127: Invalid character.
src/services/firebaseService.ts(1,20065): error TS1127: Invalid character.
src/services/firebaseService.ts(1,20066): error TS1127: Invalid character.
src/services/firebaseService.ts(1,20067): error TS1127: Invalid character.
src/services/firebaseService.ts(1,20068): error TS1127: Invalid character.
src/services/firebaseService.ts(1,20069): error TS1127: Invalid character.
src/services/firebaseService.ts(1,20070): error TS1127: Invalid character.
src/services/firebaseService.ts(1,20071): error TS1127: Invalid character.
src/services/firebaseService.ts(1,20072): error TS1127: Invalid character.
src/services/firebaseService.ts(1,20073): error TS1127: Invalid character.
src/services/firebaseService.ts(1,20074): error TS1127: Invalid character.
src/services/firebaseService.ts(1,20075): error TS1127: Invalid character.
src/services/firebaseService.ts(1,20076): error TS1127: Invalid character.
src/services/firebaseService.ts(1,20077): error TS1127: Invalid character.
src/services/firebaseService.ts(1,20078): error TS1127: Invalid character.
src/services/firebaseService.ts(1,20079): error TS1127: Invalid character.
src/services/firebaseService.ts(1,20080): error TS1127: Invalid character.
src/services/firebaseService.ts(1,20081): error TS1127: Invalid character.
src/services/firebaseService.ts(1,20082): error TS1127: Invalid character.
src/services/firebaseService.ts(1,20083): error TS1127: Invalid character.
src/services/firebaseService.ts(1,20084): error TS1127: Invalid character.
src/services/firebaseService.ts(1,20085): error TS1127: Invalid character.
src/services/firebaseService.ts(1,20086): error TS1127: Invalid character.
src/services/firebaseService.ts(1,20087): error TS1127: Invalid character.
src/services/firebaseService.ts(1,20088): error TS1127: Invalid character.
src/services/firebaseService.ts(1,20089): error TS1127: Invalid character.
src/services/firebaseService.ts(1,20090): error TS1127: Invalid character.
src/services/firebaseService.ts(1,20091): error TS1127: Invalid character.
src/services/firebaseService.ts(1,20092): error TS1127: Invalid character.
src/services/firebaseService.ts(1,20093): error TS1127: Invalid character.
src/services/firebaseService.ts(1,20094): error TS1127: Invalid character.
src/services/firebaseService.ts(1,20095): error TS1127: Invalid character.
src/services/firebaseService.ts(1,20096): error TS1127: Invalid character.
src/services/firebaseService.ts(1,20097): error TS1127: Invalid character.
src/services/firebaseService.ts(1,20098): error TS1127: Invalid character.
src/services/firebaseService.ts(1,20099): error TS1127: Invalid character.
src/services/firebaseService.ts(1,20100): error TS1127: Invalid character.
src/services/firebaseService.ts(1,20101): error TS1127: Invalid character.
src/services/firebaseService.ts(1,20102): error TS1127: Invalid character.
src/services/firebaseService.ts(1,20103): error TS1127: Invalid character.
src/services/firebaseService.ts(1,20104): error TS1127: Invalid character.
src/services/firebaseService.ts(1,20105): error TS1127: Invalid character.
src/services/firebaseService.ts(1,20106): error TS1127: Invalid character.
src/services/firebaseService.ts(1,20107): error TS1127: Invalid character.
src/services/firebaseService.ts(1,20108): error TS1127: Invalid character.
src/services/firebaseService.ts(1,20109): error TS1127: Invalid character.
src/services/firebaseService.ts(1,20110): error TS1127: Invalid character.
src/services/firebaseService.ts(1,20111): error TS1127: Invalid character.
src/services/firebaseService.ts(1,20112): error TS1127: Invalid character.
src/services/firebaseService.ts(1,20113): error TS1127: Invalid character.
src/services/firebaseService.ts(1,20114): error TS1127: Invalid character.
src/services/firebaseService.ts(1,20115): error TS1127: Invalid character.
src/services/firebaseService.ts(1,20116): error TS1127: Invalid character.
src/services/firebaseService.ts(1,20117): error TS1127: Invalid character.
src/services/firebaseService.ts(1,20118): error TS1127: Invalid character.
src/services/firebaseService.ts(1,20119): error TS1127: Invalid character.
src/services/firebaseService.ts(1,20120): error TS1127: Invalid character.
src/services/firebaseService.ts(1,20121): error TS1127: Invalid character.
src/services/firebaseService.ts(1,20122): error TS1127: Invalid character.
src/services/firebaseService.ts(1,20123): error TS1127: Invalid character.
src/services/firebaseService.ts(1,20124): error TS1127: Invalid character.
src/services/firebaseService.ts(1,20125): error TS1127: Invalid character.
src/services/firebaseService.ts(1,20126): error TS1127: Invalid character.
src/services/firebaseService.ts(1,20127): error TS1127: Invalid character.
src/services/firebaseService.ts(1,20128): error TS1127: Invalid character.
src/services/firebaseService.ts(1,20129): error TS1127: Invalid character.
src/services/firebaseService.ts(1,20130): error TS1127: Invalid character.
src/services/firebaseService.ts(1,20131): error TS1127: Invalid character.
src/services/firebaseService.ts(1,20132): error TS1127: Invalid character.
src/services/firebaseService.ts(1,20133): error TS1127: Invalid character.
src/services/firebaseService.ts(1,20134): error TS1127: Invalid character.
src/services/firebaseService.ts(1,20135): error TS1127: Invalid character.
src/services/firebaseService.ts(1,20136): error TS1127: Invalid character.
src/services/firebaseService.ts(1,20137): error TS1127: Invalid character.
src/services/firebaseService.ts(1,20138): error TS1127: Invalid character.
src/services/firebaseService.ts(1,20139): error TS1127: Invalid character.
src/services/firebaseService.ts(1,20140): error TS1127: Invalid character.
src/services/firebaseService.ts(1,20141): error TS1127: Invalid character.
src/services/firebaseService.ts(1,20142): error TS1127: Invalid character.
src/services/firebaseService.ts(1,20143): error TS1127: Invalid character.
src/services/firebaseService.ts(1,20144): error TS1127: Invalid character.
src/services/firebaseService.ts(1,20145): error TS1127: Invalid character.
src/services/firebaseService.ts(1,20146): error TS1127: Invalid character.
src/services/firebaseService.ts(1,20147): error TS1127: Invalid character.
src/services/firebaseService.ts(1,20148): error TS1127: Invalid character.
src/services/firebaseService.ts(1,20149): error TS1127: Invalid character.
src/services/firebaseService.ts(1,20150): error TS1127: Invalid character.
src/services/firebaseService.ts(1,20151): error TS1127: Invalid character.
src/services/firebaseService.ts(1,20152): error TS1127: Invalid character.
src/services/firebaseService.ts(1,20153): error TS1127: Invalid character.
src/services/firebaseService.ts(1,20154): error TS1127: Invalid character.
src/services/firebaseService.ts(1,20155): error TS1127: Invalid character.
src/services/firebaseService.ts(1,20156): error TS1127: Invalid character.
src/services/firebaseService.ts(1,20157): error TS1127: Invalid character.
src/services/firebaseService.ts(1,20158): error TS1127: Invalid character.
src/services/firebaseService.ts(1,20159): error TS1127: Invalid character.
src/services/firebaseService.ts(1,20160): error TS1127: Invalid character.
src/services/firebaseService.ts(1,20161): error TS1127: Invalid character.
src/services/firebaseService.ts(1,20162): error TS1127: Invalid character.
src/services/firebaseService.ts(1,20163): error TS1127: Invalid character.
src/services/firebaseService.ts(1,20164): error TS1127: Invalid character.
src/services/firebaseService.ts(1,20165): error TS1127: Invalid character.
src/services/firebaseService.ts(1,20166): error TS1127: Invalid character.
src/services/firebaseService.ts(1,20167): error TS1127: Invalid character.
src/services/firebaseService.ts(1,20168): error TS1127: Invalid character.
src/services/firebaseService.ts(1,20169): error TS1127: Invalid character.
src/services/firebaseService.ts(1,20170): error TS1127: Invalid character.
src/services/firebaseService.ts(1,20171): error TS1127: Invalid character.
src/services/firebaseService.ts(1,20172): error TS1127: Invalid character.
src/services/firebaseService.ts(1,20173): error TS1127: Invalid character.
src/services/firebaseService.ts(1,20174): error TS1127: Invalid character.
src/services/firebaseService.ts(1,20175): error TS1127: Invalid character.
src/services/firebaseService.ts(1,20176): error TS1127: Invalid character.
src/services/firebaseService.ts(1,20177): error TS1127: Invalid character.
src/services/firebaseService.ts(1,20178): error TS1127: Invalid character.
src/services/firebaseService.ts(1,20179): error TS1127: Invalid character.
src/services/firebaseService.ts(1,20180): error TS1127: Invalid character.
src/services/firebaseService.ts(1,20181): error TS1127: Invalid character.
src/services/firebaseService.ts(1,20182): error TS1127: Invalid character.
src/services/firebaseService.ts(1,20183): error TS1127: Invalid character.
src/services/firebaseService.ts(1,20184): error TS1127: Invalid character.
src/services/firebaseService.ts(1,20185): error TS1127: Invalid character.
src/services/firebaseService.ts(1,20186): error TS1127: Invalid character.
src/services/firebaseService.ts(1,20187): error TS1127: Invalid character.
src/services/firebaseService.ts(1,20188): error TS1127: Invalid character.
src/services/firebaseService.ts(1,20189): error TS1127: Invalid character.
src/services/firebaseService.ts(1,20190): error TS1127: Invalid character.
src/services/firebaseService.ts(1,20191): error TS1127: Invalid character.
src/services/firebaseService.ts(1,20192): error TS1127: Invalid character.
src/services/firebaseService.ts(1,20193): error TS1127: Invalid character.
src/services/firebaseService.ts(1,20194): error TS1127: Invalid character.
src/services/firebaseService.ts(1,20195): error TS1127: Invalid character.
src/services/firebaseService.ts(1,20196): error TS1127: Invalid character.
src/services/firebaseService.ts(1,20197): error TS1127: Invalid character.
src/services/firebaseService.ts(1,20198): error TS1127: Invalid character.
src/services/firebaseService.ts(1,20199): error TS1127: Invalid character.
src/services/firebaseService.ts(1,20200): error TS1127: Invalid character.
src/services/firebaseService.ts(1,20201): error TS1127: Invalid character.
src/services/firebaseService.ts(1,20202): error TS1127: Invalid character.
src/services/firebaseService.ts(1,20203): error TS1127: Invalid character.
src/services/firebaseService.ts(1,20204): error TS1127: Invalid character.
src/services/firebaseService.ts(1,20205): error TS1127: Invalid character.
src/services/firebaseService.ts(1,20206): error TS1127: Invalid character.
src/services/firebaseService.ts(1,20207): error TS1127: Invalid character.
src/services/firebaseService.ts(1,20208): error TS1127: Invalid character.
src/services/firebaseService.ts(1,20209): error TS1127: Invalid character.
src/services/firebaseService.ts(1,20210): error TS1127: Invalid character.
src/services/firebaseService.ts(1,20211): error TS1127: Invalid character.
src/services/firebaseService.ts(1,20212): error TS1127: Invalid character.
src/services/firebaseService.ts(1,20213): error TS1127: Invalid character.
src/services/firebaseService.ts(1,20214): error TS1127: Invalid character.
src/services/firebaseService.ts(1,20215): error TS1127: Invalid character.
src/services/firebaseService.ts(1,20216): error TS1127: Invalid character.
src/services/firebaseService.ts(1,20217): error TS1127: Invalid character.
src/services/firebaseService.ts(1,20218): error TS1127: Invalid character.
src/services/firebaseService.ts(1,20219): error TS1127: Invalid character.
src/services/firebaseService.ts(1,20220): error TS1127: Invalid character.
src/services/firebaseService.ts(1,20221): error TS1127: Invalid character.
src/services/firebaseService.ts(1,20222): error TS1127: Invalid character.
src/services/firebaseService.ts(1,20223): error TS1127: Invalid character.
src/services/firebaseService.ts(1,20224): error TS1127: Invalid character.
src/services/firebaseService.ts(1,20225): error TS1127: Invalid character.
src/services/firebaseService.ts(1,20226): error TS1127: Invalid character.
src/services/firebaseService.ts(1,20227): error TS1127: Invalid character.
src/services/firebaseService.ts(1,20228): error TS1127: Invalid character.
src/services/firebaseService.ts(1,20229): error TS1127: Invalid character.
src/services/firebaseService.ts(1,20230): error TS1127: Invalid character.
src/services/firebaseService.ts(1,20231): error TS1127: Invalid character.
src/services/firebaseService.ts(1,20232): error TS1127: Invalid character.
src/services/firebaseService.ts(1,20233): error TS1127: Invalid character.
src/services/firebaseService.ts(1,20234): error TS1127: Invalid character.
src/services/firebaseService.ts(1,20235): error TS1127: Invalid character.
src/services/firebaseService.ts(1,20236): error TS1127: Invalid character.
src/services/firebaseService.ts(1,20237): error TS1127: Invalid character.
src/services/firebaseService.ts(1,20238): error TS1127: Invalid character.
src/services/firebaseService.ts(1,20239): error TS1127: Invalid character.
src/services/firebaseService.ts(1,20240): error TS1127: Invalid character.
src/services/firebaseService.ts(1,20241): error TS1127: Invalid character.
src/services/firebaseService.ts(1,20242): error TS1127: Invalid character.
src/services/firebaseService.ts(1,20243): error TS1127: Invalid character.
src/services/firebaseService.ts(1,20244): error TS1127: Invalid character.
src/services/firebaseService.ts(1,20245): error TS1127: Invalid character.
src/services/firebaseService.ts(1,20246): error TS1127: Invalid character.
src/services/firebaseService.ts(1,20247): error TS1127: Invalid character.
src/services/firebaseService.ts(1,20248): error TS1127: Invalid character.
src/services/firebaseService.ts(1,20249): error TS1127: Invalid character.
src/services/firebaseService.ts(1,20250): error TS1127: Invalid character.
src/services/firebaseService.ts(1,20251): error TS1127: Invalid character.
src/services/firebaseService.ts(1,20252): error TS1127: Invalid character.
src/services/firebaseService.ts(1,20253): error TS1127: Invalid character.
src/services/firebaseService.ts(1,20254): error TS1127: Invalid character.
src/services/firebaseService.ts(1,20255): error TS1127: Invalid character.
src/services/firebaseService.ts(1,20256): error TS1127: Invalid character.
src/services/firebaseService.ts(1,20257): error TS1127: Invalid character.
src/services/firebaseService.ts(1,20258): error TS1127: Invalid character.
src/services/firebaseService.ts(1,20259): error TS1127: Invalid character.
src/services/firebaseService.ts(1,20260): error TS1127: Invalid character.
src/services/firebaseService.ts(1,20261): error TS1127: Invalid character.
src/services/firebaseService.ts(1,20262): error TS1127: Invalid character.
src/services/firebaseService.ts(1,20263): error TS1127: Invalid character.
src/services/firebaseService.ts(1,20264): error TS1127: Invalid character.
src/services/firebaseService.ts(1,20265): error TS1127: Invalid character.
src/services/firebaseService.ts(1,20266): error TS1127: Invalid character.
src/services/firebaseService.ts(1,20267): error TS1127: Invalid character.
src/services/firebaseService.ts(1,20268): error TS1127: Invalid character.
src/services/firebaseService.ts(1,20269): error TS1127: Invalid character.
src/services/firebaseService.ts(1,20270): error TS1127: Invalid character.
src/services/firebaseService.ts(1,20271): error TS1127: Invalid character.
src/services/firebaseService.ts(1,20272): error TS1127: Invalid character.
src/services/firebaseService.ts(1,20273): error TS1127: Invalid character.
src/services/firebaseService.ts(1,20274): error TS1127: Invalid character.
src/services/firebaseService.ts(1,20275): error TS1127: Invalid character.
src/services/firebaseService.ts(1,20276): error TS1127: Invalid character.
src/services/firebaseService.ts(1,20277): error TS1127: Invalid character.
src/services/firebaseService.ts(1,20278): error TS1127: Invalid character.
src/services/firebaseService.ts(1,20279): error TS1127: Invalid character.
src/services/firebaseService.ts(1,20280): error TS1127: Invalid character.
src/services/firebaseService.ts(1,20281): error TS1127: Invalid character.
src/services/firebaseService.ts(1,20282): error TS1127: Invalid character.
src/services/firebaseService.ts(1,20283): error TS1127: Invalid character.
src/services/firebaseService.ts(1,20284): error TS1127: Invalid character.
src/services/firebaseService.ts(1,20285): error TS1127: Invalid character.
src/services/firebaseService.ts(1,20286): error TS1127: Invalid character.
src/services/firebaseService.ts(1,20287): error TS1127: Invalid character.
src/services/firebaseService.ts(1,20288): error TS1127: Invalid character.
src/services/firebaseService.ts(1,20289): error TS1127: Invalid character.
src/services/firebaseService.ts(1,20290): error TS1127: Invalid character.
src/services/firebaseService.ts(1,20291): error TS1127: Invalid character.
src/services/firebaseService.ts(1,20292): error TS1127: Invalid character.
src/services/firebaseService.ts(1,20293): error TS1127: Invalid character.
src/services/firebaseService.ts(1,20294): error TS1127: Invalid character.
src/services/firebaseService.ts(1,20295): error TS1127: Invalid character.
src/services/firebaseService.ts(1,20296): error TS1127: Invalid character.
src/services/firebaseService.ts(1,20297): error TS1127: Invalid character.
src/services/firebaseService.ts(1,20298): error TS1127: Invalid character.
src/services/firebaseService.ts(1,20299): error TS1127: Invalid character.
src/services/firebaseService.ts(1,20300): error TS1127: Invalid character.
src/services/firebaseService.ts(1,20301): error TS1127: Invalid character.
src/services/firebaseService.ts(1,20302): error TS1127: Invalid character.
src/services/firebaseService.ts(1,20303): error TS1127: Invalid character.
src/services/firebaseService.ts(1,20304): error TS1127: Invalid character.
src/services/firebaseService.ts(1,20305): error TS1127: Invalid character.
src/services/firebaseService.ts(1,20306): error TS1127: Invalid character.
src/services/firebaseService.ts(1,20307): error TS1127: Invalid character.
src/services/firebaseService.ts(1,20308): error TS1127: Invalid character.
src/services/firebaseService.ts(1,20309): error TS1127: Invalid character.
src/services/firebaseService.ts(1,20310): error TS1127: Invalid character.
src/services/firebaseService.ts(1,20311): error TS1127: Invalid character.
src/services/firebaseService.ts(1,20312): error TS1127: Invalid character.
src/services/firebaseService.ts(1,20313): error TS1127: Invalid character.
src/services/firebaseService.ts(1,20314): error TS1127: Invalid character.
src/services/firebaseService.ts(1,20315): error TS1127: Invalid character.
src/services/firebaseService.ts(1,20316): error TS1127: Invalid character.
src/services/firebaseService.ts(1,20317): error TS1127: Invalid character.
src/services/firebaseService.ts(1,20318): error TS1127: Invalid character.
src/services/firebaseService.ts(1,20319): error TS1127: Invalid character.
src/services/firebaseService.ts(1,20320): error TS1127: Invalid character.
src/services/firebaseService.ts(1,20321): error TS1127: Invalid character.
src/services/firebaseService.ts(1,20322): error TS1127: Invalid character.
src/services/firebaseService.ts(1,20323): error TS1127: Invalid character.
src/services/firebaseService.ts(1,20324): error TS1127: Invalid character.
src/services/firebaseService.ts(1,20325): error TS1127: Invalid character.
src/services/firebaseService.ts(1,20326): error TS1127: Invalid character.
src/services/firebaseService.ts(1,20327): error TS1127: Invalid character.
src/services/firebaseService.ts(1,20328): error TS1127: Invalid character.
src/services/firebaseService.ts(1,20329): error TS1127: Invalid character.
src/services/firebaseService.ts(1,20330): error TS1127: Invalid character.
src/services/firebaseService.ts(1,20331): error TS1127: Invalid character.
src/services/firebaseService.ts(1,20332): error TS1127: Invalid character.
src/services/firebaseService.ts(1,20333): error TS1127: Invalid character.
src/services/firebaseService.ts(1,20334): error TS1127: Invalid character.
src/services/firebaseService.ts(1,20335): error TS1127: Invalid character.
src/services/firebaseService.ts(1,20336): error TS1127: Invalid character.
src/services/firebaseService.ts(1,20337): error TS1127: Invalid character.
src/services/firebaseService.ts(1,20338): error TS1127: Invalid character.
src/services/firebaseService.ts(1,20339): error TS1127: Invalid character.
src/services/firebaseService.ts(1,20340): error TS1127: Invalid character.
src/services/firebaseService.ts(1,20341): error TS1127: Invalid character.
src/services/firebaseService.ts(1,20342): error TS1127: Invalid character.
src/services/firebaseService.ts(1,20343): error TS1127: Invalid character.
src/services/firebaseService.ts(1,20344): error TS1127: Invalid character.
src/services/firebaseService.ts(1,20345): error TS1127: Invalid character.
src/services/firebaseService.ts(1,20346): error TS1127: Invalid character.
src/services/firebaseService.ts(1,20347): error TS1127: Invalid character.
src/services/firebaseService.ts(1,20348): error TS1127: Invalid character.
src/services/firebaseService.ts(1,20349): error TS1127: Invalid character.
src/services/firebaseService.ts(1,20350): error TS1127: Invalid character.
src/services/firebaseService.ts(1,20351): error TS1127: Invalid character.
src/services/firebaseService.ts(1,20352): error TS1127: Invalid character.
src/services/firebaseService.ts(1,20353): error TS1127: Invalid character.
src/services/firebaseService.ts(1,20354): error TS1127: Invalid character.
src/services/firebaseService.ts(1,20355): error TS1127: Invalid character.
src/services/firebaseService.ts(1,20356): error TS1127: Invalid character.
src/services/firebaseService.ts(1,20357): error TS1127: Invalid character.
src/services/firebaseService.ts(1,20358): error TS1127: Invalid character.
src/services/firebaseService.ts(1,20359): error TS1127: Invalid character.
src/services/firebaseService.ts(1,20360): error TS1127: Invalid character.
src/services/firebaseService.ts(1,20361): error TS1127: Invalid character.
src/services/firebaseService.ts(1,20362): error TS1127: Invalid character.
src/services/firebaseService.ts(1,20363): error TS1127: Invalid character.
src/services/firebaseService.ts(1,20364): error TS1127: Invalid character.
src/services/firebaseService.ts(1,20365): error TS1127: Invalid character.
src/services/firebaseService.ts(1,20366): error TS1127: Invalid character.
src/services/firebaseService.ts(1,20367): error TS1127: Invalid character.
src/services/firebaseService.ts(1,20368): error TS1127: Invalid character.
src/services/firebaseService.ts(1,20369): error TS1127: Invalid character.
src/services/firebaseService.ts(1,20370): error TS1127: Invalid character.
src/services/firebaseService.ts(1,20371): error TS1127: Invalid character.
src/services/firebaseService.ts(1,20372): error TS1127: Invalid character.
src/services/firebaseService.ts(1,20373): error TS1127: Invalid character.
src/services/firebaseService.ts(1,20374): error TS1127: Invalid character.
src/services/firebaseService.ts(1,20375): error TS1127: Invalid character.
src/services/firebaseService.ts(1,20376): error TS1127: Invalid character.
src/services/firebaseService.ts(1,20377): error TS1127: Invalid character.
src/services/firebaseService.ts(1,20378): error TS1127: Invalid character.
src/services/firebaseService.ts(1,20379): error TS1127: Invalid character.
src/services/firebaseService.ts(1,20380): error TS1127: Invalid character.
src/services/firebaseService.ts(1,20381): error TS1127: Invalid character.
src/services/firebaseService.ts(1,20382): error TS1127: Invalid character.
src/services/firebaseService.ts(1,20383): error TS1127: Invalid character.
src/services/firebaseService.ts(1,20384): error TS1127: Invalid character.
src/services/firebaseService.ts(1,20385): error TS1127: Invalid character.
src/services/firebaseService.ts(1,20386): error TS1127: Invalid character.
src/services/firebaseService.ts(1,20387): error TS1127: Invalid character.
src/services/firebaseService.ts(1,20388): error TS1127: Invalid character.
src/services/firebaseService.ts(1,20389): error TS1127: Invalid character.
src/services/firebaseService.ts(1,20390): error TS1127: Invalid character.
src/services/firebaseService.ts(1,20391): error TS1127: Invalid character.
src/services/firebaseService.ts(1,20392): error TS1127: Invalid character.
src/services/firebaseService.ts(1,20393): error TS1127: Invalid character.
src/services/firebaseService.ts(1,20394): error TS1127: Invalid character.
src/services/firebaseService.ts(1,20395): error TS1127: Invalid character.
src/services/firebaseService.ts(1,20396): error TS1127: Invalid character.
src/services/firebaseService.ts(1,20397): error TS1127: Invalid character.
src/services/firebaseService.ts(1,20398): error TS1127: Invalid character.
src/services/firebaseService.ts(1,20399): error TS1127: Invalid character.
src/services/firebaseService.ts(1,20400): error TS1127: Invalid character.
src/services/firebaseService.ts(1,20401): error TS1127: Invalid character.
src/services/firebaseService.ts(1,20402): error TS1127: Invalid character.
src/services/firebaseService.ts(1,20403): error TS1127: Invalid character.
src/services/firebaseService.ts(1,20404): error TS1127: Invalid character.
src/services/firebaseService.ts(1,20405): error TS1127: Invalid character.
src/services/firebaseService.ts(1,20406): error TS1127: Invalid character.
src/services/firebaseService.ts(1,20407): error TS1127: Invalid character.
src/services/firebaseService.ts(1,20408): error TS1127: Invalid character.
src/services/firebaseService.ts(1,20409): error TS1127: Invalid character.
src/services/firebaseService.ts(1,20410): error TS1127: Invalid character.
src/services/firebaseService.ts(1,20411): error TS1127: Invalid character.
src/services/firebaseService.ts(1,20412): error TS1127: Invalid character.
src/services/firebaseService.ts(1,20413): error TS1127: Invalid character.
src/services/firebaseService.ts(1,20414): error TS1127: Invalid character.
src/services/firebaseService.ts(1,20415): error TS1127: Invalid character.
src/services/firebaseService.ts(1,20416): error TS1127: Invalid character.
src/services/firebaseService.ts(1,20417): error TS1127: Invalid character.
src/services/firebaseService.ts(1,20418): error TS1127: Invalid character.
src/services/firebaseService.ts(1,20419): error TS1127: Invalid character.
src/services/firebaseService.ts(1,20420): error TS1127: Invalid character.
src/services/firebaseService.ts(1,20421): error TS1127: Invalid character.
src/services/firebaseService.ts(1,20422): error TS1127: Invalid character.
src/services/firebaseService.ts(1,20423): error TS1127: Invalid character.
src/services/firebaseService.ts(1,20424): error TS1127: Invalid character.
src/services/firebaseService.ts(1,20425): error TS1127: Invalid character.
src/services/firebaseService.ts(1,20426): error TS1127: Invalid character.
src/services/firebaseService.ts(1,20427): error TS1127: Invalid character.
src/services/firebaseService.ts(1,20428): error TS1127: Invalid character.
src/services/firebaseService.ts(1,20429): error TS1127: Invalid character.
src/services/firebaseService.ts(1,20430): error TS1127: Invalid character.
src/services/firebaseService.ts(1,20431): error TS1127: Invalid character.
src/services/firebaseService.ts(1,20432): error TS1127: Invalid character.
src/services/firebaseService.ts(1,20433): error TS1127: Invalid character.
src/services/firebaseService.ts(1,20434): error TS1127: Invalid character.
src/services/firebaseService.ts(1,20435): error TS1127: Invalid character.
src/services/firebaseService.ts(1,20436): error TS1127: Invalid character.
src/services/firebaseService.ts(1,20437): error TS1127: Invalid character.
src/services/firebaseService.ts(1,20438): error TS1127: Invalid character.
src/services/firebaseService.ts(1,20439): error TS1127: Invalid character.
src/services/firebaseService.ts(1,20440): error TS1127: Invalid character.
src/services/firebaseService.ts(1,20441): error TS1127: Invalid character.
src/services/firebaseService.ts(1,20442): error TS1127: Invalid character.
src/services/firebaseService.ts(1,20443): error TS1127: Invalid character.
src/services/firebaseService.ts(1,20444): error TS1127: Invalid character.
src/services/firebaseService.ts(1,20445): error TS1127: Invalid character.
src/services/firebaseService.ts(1,20446): error TS1127: Invalid character.
src/services/firebaseService.ts(1,20447): error TS1127: Invalid character.
src/services/firebaseService.ts(1,20448): error TS1127: Invalid character.
src/services/firebaseService.ts(1,20449): error TS1127: Invalid character.
src/services/firebaseService.ts(1,20450): error TS1127: Invalid character.
src/services/firebaseService.ts(1,20451): error TS1127: Invalid character.
src/services/firebaseService.ts(1,20452): error TS1127: Invalid character.
src/services/firebaseService.ts(1,20453): error TS1127: Invalid character.
src/services/firebaseService.ts(1,20454): error TS1127: Invalid character.
src/services/firebaseService.ts(1,20455): error TS1127: Invalid character.
src/services/firebaseService.ts(1,20456): error TS1127: Invalid character.
src/services/firebaseService.ts(1,20457): error TS1127: Invalid character.
src/services/firebaseService.ts(1,20458): error TS1127: Invalid character.
src/services/firebaseService.ts(1,20459): error TS1127: Invalid character.
src/services/firebaseService.ts(1,20460): error TS1127: Invalid character.
src/services/firebaseService.ts(1,20461): error TS1127: Invalid character.
src/services/firebaseService.ts(1,20462): error TS1127: Invalid character.
src/services/firebaseService.ts(1,20463): error TS1127: Invalid character.
src/services/firebaseService.ts(1,20464): error TS1127: Invalid character.
src/services/firebaseService.ts(1,20465): error TS1127: Invalid character.
src/services/firebaseService.ts(1,20466): error TS1127: Invalid character.
src/services/firebaseService.ts(1,20467): error TS1127: Invalid character.
src/services/firebaseService.ts(1,20468): error TS1127: Invalid character.
src/services/firebaseService.ts(1,20469): error TS1127: Invalid character.
src/services/firebaseService.ts(1,20470): error TS1127: Invalid character.
src/services/firebaseService.ts(1,20471): error TS1127: Invalid character.
src/services/firebaseService.ts(1,20472): error TS1127: Invalid character.
src/services/firebaseService.ts(1,20473): error TS1127: Invalid character.
src/services/firebaseService.ts(1,20474): error TS1127: Invalid character.
src/services/firebaseService.ts(1,20475): error TS1127: Invalid character.
src/services/firebaseService.ts(1,20476): error TS1127: Invalid character.
src/services/firebaseService.ts(1,20477): error TS1127: Invalid character.
src/services/firebaseService.ts(1,20478): error TS1127: Invalid character.
src/services/firebaseService.ts(1,20479): error TS1127: Invalid character.
src/services/firebaseService.ts(1,20480): error TS1127: Invalid character.
src/services/firebaseService.ts(1,20481): error TS1127: Invalid character.
src/services/firebaseService.ts(1,20482): error TS1127: Invalid character.
src/services/firebaseService.ts(1,20483): error TS1127: Invalid character.
src/services/firebaseService.ts(1,20484): error TS1127: Invalid character.
src/services/firebaseService.ts(1,20485): error TS1127: Invalid character.
src/services/firebaseService.ts(1,20486): error TS1127: Invalid character.
src/services/firebaseService.ts(1,20487): error TS1127: Invalid character.
src/services/firebaseService.ts(1,20488): error TS1127: Invalid character.
src/services/firebaseService.ts(1,20489): error TS1127: Invalid character.
src/services/firebaseService.ts(1,20490): error TS1127: Invalid character.
src/services/firebaseService.ts(1,20491): error TS1127: Invalid character.
src/services/firebaseService.ts(1,20492): error TS1127: Invalid character.
src/services/firebaseService.ts(1,20493): error TS1127: Invalid character.
src/services/firebaseService.ts(1,20494): error TS1127: Invalid character.
src/services/firebaseService.ts(1,20495): error TS1127: Invalid character.
src/services/firebaseService.ts(1,20496): error TS1127: Invalid character.
src/services/firebaseService.ts(1,20497): error TS1127: Invalid character.
src/services/firebaseService.ts(1,20498): error TS1127: Invalid character.
src/services/firebaseService.ts(1,20499): error TS1127: Invalid character.
src/services/firebaseService.ts(1,20500): error TS1127: Invalid character.
src/services/firebaseService.ts(1,20501): error TS1127: Invalid character.
src/services/firebaseService.ts(1,20502): error TS1127: Invalid character.
src/services/firebaseService.ts(1,20503): error TS1127: Invalid character.
src/services/firebaseService.ts(1,20504): error TS1127: Invalid character.
src/services/firebaseService.ts(1,20505): error TS1127: Invalid character.
src/services/firebaseService.ts(1,20506): error TS1127: Invalid character.
src/services/firebaseService.ts(1,20507): error TS1127: Invalid character.
src/services/firebaseService.ts(1,20508): error TS1127: Invalid character.
src/services/firebaseService.ts(1,20509): error TS1127: Invalid character.
src/services/firebaseService.ts(1,20510): error TS1127: Invalid character.
src/services/firebaseService.ts(1,20511): error TS1127: Invalid character.
src/services/firebaseService.ts(1,20512): error TS1127: Invalid character.
src/services/firebaseService.ts(1,20513): error TS1127: Invalid character.
src/services/firebaseService.ts(1,20514): error TS1127: Invalid character.
src/services/firebaseService.ts(1,20515): error TS1127: Invalid character.
src/services/firebaseService.ts(1,20516): error TS1127: Invalid character.
src/services/firebaseService.ts(1,20517): error TS1127: Invalid character.
src/services/firebaseService.ts(1,20518): error TS1127: Invalid character.
src/services/firebaseService.ts(1,20519): error TS1127: Invalid character.
src/services/firebaseService.ts(1,20520): error TS1127: Invalid character.
src/services/firebaseService.ts(1,20521): error TS1127: Invalid character.
src/services/firebaseService.ts(1,20522): error TS1127: Invalid character.
src/services/firebaseService.ts(1,20523): error TS1127: Invalid character.
src/services/firebaseService.ts(1,20524): error TS1127: Invalid character.
src/services/firebaseService.ts(1,20525): error TS1127: Invalid character.
src/services/firebaseService.ts(1,20526): error TS1127: Invalid character.
src/services/firebaseService.ts(1,20527): error TS1127: Invalid character.
src/services/firebaseService.ts(1,20528): error TS1127: Invalid character.
src/services/firebaseService.ts(1,20529): error TS1127: Invalid character.
src/services/firebaseService.ts(1,20530): error TS1127: Invalid character.
src/services/firebaseService.ts(1,20531): error TS1127: Invalid character.
src/services/firebaseService.ts(1,20532): error TS1127: Invalid character.
src/services/firebaseService.ts(1,20533): error TS1127: Invalid character.
src/services/firebaseService.ts(1,20534): error TS1127: Invalid character.
src/services/firebaseService.ts(1,20535): error TS1127: Invalid character.
src/services/firebaseService.ts(1,20536): error TS1127: Invalid character.
src/services/firebaseService.ts(1,20537): error TS1127: Invalid character.
src/services/firebaseService.ts(1,20538): error TS1127: Invalid character.
src/services/firebaseService.ts(1,20539): error TS1127: Invalid character.
src/services/firebaseService.ts(1,20540): error TS1127: Invalid character.
src/services/firebaseService.ts(1,20541): error TS1127: Invalid character.
src/services/firebaseService.ts(1,20542): error TS1127: Invalid character.
src/services/firebaseService.ts(1,20543): error TS1127: Invalid character.
src/services/firebaseService.ts(1,20544): error TS1127: Invalid character.
src/services/firebaseService.ts(1,20545): error TS1127: Invalid character.
src/services/firebaseService.ts(1,20546): error TS1127: Invalid character.
src/services/firebaseService.ts(1,20547): error TS1127: Invalid character.
src/services/firebaseService.ts(1,20548): error TS1127: Invalid character.
src/services/firebaseService.ts(1,20549): error TS1127: Invalid character.
src/services/firebaseService.ts(1,20550): error TS1127: Invalid character.
src/services/firebaseService.ts(1,20551): error TS1127: Invalid character.
src/services/firebaseService.ts(1,20552): error TS1127: Invalid character.
src/services/firebaseService.ts(1,20553): error TS1127: Invalid character.
src/services/firebaseService.ts(1,20554): error TS1127: Invalid character.
src/services/firebaseService.ts(1,20555): error TS1127: Invalid character.
src/services/firebaseService.ts(1,20556): error TS1127: Invalid character.
src/services/firebaseService.ts(1,20557): error TS1127: Invalid character.
src/services/firebaseService.ts(1,20558): error TS1127: Invalid character.
src/services/firebaseService.ts(1,20559): error TS1127: Invalid character.
src/services/firebaseService.ts(1,20560): error TS1127: Invalid character.
src/services/firebaseService.ts(1,20561): error TS1127: Invalid character.
src/services/firebaseService.ts(1,20562): error TS1127: Invalid character.
src/services/firebaseService.ts(1,20563): error TS1127: Invalid character.
src/services/firebaseService.ts(1,20564): error TS1127: Invalid character.
src/services/firebaseService.ts(1,20565): error TS1127: Invalid character.
src/services/firebaseService.ts(1,20566): error TS1127: Invalid character.
src/services/firebaseService.ts(1,20567): error TS1127: Invalid character.
src/services/firebaseService.ts(1,20568): error TS1127: Invalid character.
src/services/firebaseService.ts(1,20569): error TS1127: Invalid character.
src/services/firebaseService.ts(1,20570): error TS1127: Invalid character.
src/services/firebaseService.ts(1,20571): error TS1127: Invalid character.
src/services/firebaseService.ts(1,20572): error TS1127: Invalid character.
src/services/firebaseService.ts(1,20573): error TS1127: Invalid character.
src/services/firebaseService.ts(1,20574): error TS1127: Invalid character.
src/services/firebaseService.ts(1,20575): error TS1127: Invalid character.
src/services/firebaseService.ts(1,20576): error TS1127: Invalid character.
src/services/firebaseService.ts(1,20577): error TS1127: Invalid character.
src/services/firebaseService.ts(1,20578): error TS1127: Invalid character.
src/services/firebaseService.ts(1,20579): error TS1127: Invalid character.
src/services/firebaseService.ts(1,20580): error TS1127: Invalid character.
src/services/firebaseService.ts(1,20581): error TS1127: Invalid character.
src/services/firebaseService.ts(1,20582): error TS1127: Invalid character.
src/services/firebaseService.ts(1,20583): error TS1127: Invalid character.
src/services/firebaseService.ts(1,20584): error TS1127: Invalid character.
src/services/firebaseService.ts(1,20585): error TS1127: Invalid character.
src/services/firebaseService.ts(1,20586): error TS1127: Invalid character.
src/services/firebaseService.ts(1,20587): error TS1127: Invalid character.
src/services/firebaseService.ts(1,20588): error TS1127: Invalid character.
src/services/firebaseService.ts(1,20589): error TS1127: Invalid character.
src/services/firebaseService.ts(1,20590): error TS1127: Invalid character.
src/services/firebaseService.ts(1,20591): error TS1127: Invalid character.
src/services/firebaseService.ts(1,20592): error TS1127: Invalid character.
src/services/firebaseService.ts(1,20593): error TS1127: Invalid character.
src/services/firebaseService.ts(1,20594): error TS1127: Invalid character.
src/services/firebaseService.ts(1,20595): error TS1127: Invalid character.
src/services/firebaseService.ts(1,20596): error TS1127: Invalid character.
src/services/firebaseService.ts(1,20597): error TS1127: Invalid character.
src/services/firebaseService.ts(1,20598): error TS1127: Invalid character.
src/services/firebaseService.ts(1,20599): error TS1127: Invalid character.
src/services/firebaseService.ts(1,20600): error TS1127: Invalid character.
src/services/firebaseService.ts(1,20601): error TS1127: Invalid character.
src/services/firebaseService.ts(1,20602): error TS1127: Invalid character.
src/services/firebaseService.ts(1,20603): error TS1127: Invalid character.
src/services/firebaseService.ts(1,20604): error TS1127: Invalid character.
src/services/firebaseService.ts(1,20605): error TS1127: Invalid character.
src/services/firebaseService.ts(1,20606): error TS1127: Invalid character.
src/services/firebaseService.ts(1,20607): error TS1127: Invalid character.
src/services/firebaseService.ts(1,20608): error TS1127: Invalid character.
src/services/firebaseService.ts(1,20609): error TS1127: Invalid character.
src/services/firebaseService.ts(1,20610): error TS1127: Invalid character.
src/services/firebaseService.ts(1,20611): error TS1127: Invalid character.
src/services/firebaseService.ts(1,20612): error TS1127: Invalid character.
src/services/firebaseService.ts(1,20613): error TS1127: Invalid character.
src/services/firebaseService.ts(1,20614): error TS1127: Invalid character.
src/services/firebaseService.ts(1,20615): error TS1127: Invalid character.
src/services/firebaseService.ts(1,20616): error TS1127: Invalid character.
src/services/firebaseService.ts(1,20617): error TS1127: Invalid character.
src/services/firebaseService.ts(1,20618): error TS1127: Invalid character.
src/services/firebaseService.ts(1,20619): error TS1127: Invalid character.
src/services/firebaseService.ts(1,20620): error TS1127: Invalid character.
src/services/firebaseService.ts(1,20621): error TS1127: Invalid character.
src/services/firebaseService.ts(1,20622): error TS1127: Invalid character.
src/services/firebaseService.ts(1,20623): error TS1127: Invalid character.
src/services/firebaseService.ts(1,20624): error TS1127: Invalid character.
src/services/firebaseService.ts(1,20625): error TS1127: Invalid character.
src/services/firebaseService.ts(1,20626): error TS1127: Invalid character.
src/services/firebaseService.ts(1,20627): error TS1127: Invalid character.
src/services/firebaseService.ts(1,20628): error TS1127: Invalid character.
src/services/firebaseService.ts(1,20629): error TS1127: Invalid character.
src/services/firebaseService.ts(1,20630): error TS1127: Invalid character.
src/services/firebaseService.ts(1,20631): error TS1127: Invalid character.
src/services/firebaseService.ts(1,20632): error TS1127: Invalid character.
src/services/firebaseService.ts(1,20633): error TS1127: Invalid character.
src/services/firebaseService.ts(1,20634): error TS1127: Invalid character.
src/services/firebaseService.ts(1,20635): error TS1127: Invalid character.
src/services/firebaseService.ts(1,20636): error TS1127: Invalid character.
src/services/firebaseService.ts(1,20637): error TS1127: Invalid character.
src/services/firebaseService.ts(1,20638): error TS1127: Invalid character.
src/services/firebaseService.ts(1,20639): error TS1127: Invalid character.
src/services/firebaseService.ts(1,20640): error TS1127: Invalid character.
src/services/firebaseService.ts(1,20641): error TS1127: Invalid character.
src/services/firebaseService.ts(1,20642): error TS1127: Invalid character.
src/services/firebaseService.ts(1,20643): error TS1127: Invalid character.
src/services/firebaseService.ts(1,20644): error TS1127: Invalid character.
src/services/firebaseService.ts(1,20645): error TS1127: Invalid character.
src/services/firebaseService.ts(1,20646): error TS1127: Invalid character.
src/services/firebaseService.ts(1,20647): error TS1127: Invalid character.
src/services/firebaseService.ts(1,20648): error TS1127: Invalid character.
src/services/firebaseService.ts(1,20649): error TS1127: Invalid character.
src/services/firebaseService.ts(1,20650): error TS1127: Invalid character.
src/services/firebaseService.ts(1,20651): error TS1127: Invalid character.
src/services/firebaseService.ts(1,20652): error TS1127: Invalid character.
src/services/firebaseService.ts(1,20653): error TS1127: Invalid character.
src/services/firebaseService.ts(1,20654): error TS1127: Invalid character.
src/services/firebaseService.ts(1,20655): error TS1127: Invalid character.
src/services/firebaseService.ts(1,20656): error TS1127: Invalid character.
src/services/firebaseService.ts(1,20657): error TS1127: Invalid character.
src/services/firebaseService.ts(1,20658): error TS1127: Invalid character.
src/services/firebaseService.ts(1,20659): error TS1127: Invalid character.
src/services/firebaseService.ts(1,20660): error TS1127: Invalid character.
src/services/firebaseService.ts(1,20661): error TS1127: Invalid character.
src/services/firebaseService.ts(1,20662): error TS1127: Invalid character.
src/services/firebaseService.ts(1,20663): error TS1127: Invalid character.
src/services/firebaseService.ts(1,20664): error TS1127: Invalid character.
src/services/firebaseService.ts(1,20665): error TS1127: Invalid character.
src/services/firebaseService.ts(1,20666): error TS1127: Invalid character.
src/services/firebaseService.ts(1,20667): error TS1127: Invalid character.
src/services/firebaseService.ts(1,20668): error TS1127: Invalid character.
src/services/firebaseService.ts(1,20669): error TS1127: Invalid character.
src/services/firebaseService.ts(1,20670): error TS1127: Invalid character.
src/services/firebaseService.ts(1,20671): error TS1127: Invalid character.
src/services/firebaseService.ts(1,20672): error TS1127: Invalid character.
src/services/firebaseService.ts(1,20673): error TS1127: Invalid character.
src/services/firebaseService.ts(1,20674): error TS1127: Invalid character.
src/services/firebaseService.ts(1,20675): error TS1127: Invalid character.
src/services/firebaseService.ts(1,20676): error TS1127: Invalid character.
src/services/firebaseService.ts(1,20677): error TS1127: Invalid character.
src/services/firebaseService.ts(1,20678): error TS1127: Invalid character.
src/services/firebaseService.ts(1,20679): error TS1127: Invalid character.
src/services/firebaseService.ts(1,20680): error TS1127: Invalid character.
src/services/firebaseService.ts(1,20681): error TS1127: Invalid character.
src/services/firebaseService.ts(1,20682): error TS1127: Invalid character.
src/services/firebaseService.ts(1,20683): error TS1127: Invalid character.
src/services/firebaseService.ts(1,20684): error TS1127: Invalid character.
src/services/firebaseService.ts(1,20685): error TS1127: Invalid character.
src/services/firebaseService.ts(1,20686): error TS1127: Invalid character.
src/services/firebaseService.ts(1,20687): error TS1127: Invalid character.
src/services/firebaseService.ts(1,20688): error TS1127: Invalid character.
src/services/firebaseService.ts(1,20689): error TS1127: Invalid character.
src/services/firebaseService.ts(1,20690): error TS1127: Invalid character.
src/services/firebaseService.ts(1,20691): error TS1127: Invalid character.
src/services/firebaseService.ts(1,20692): error TS1127: Invalid character.
src/services/firebaseService.ts(1,20693): error TS1127: Invalid character.
src/services/firebaseService.ts(1,20694): error TS1127: Invalid character.
src/services/firebaseService.ts(1,20695): error TS1127: Invalid character.
src/services/firebaseService.ts(1,20696): error TS1127: Invalid character.
src/services/firebaseService.ts(1,20697): error TS1127: Invalid character.
src/services/firebaseService.ts(1,20698): error TS1127: Invalid character.
src/services/firebaseService.ts(1,20699): error TS1127: Invalid character.
src/services/firebaseService.ts(1,20700): error TS1127: Invalid character.
src/services/firebaseService.ts(1,20701): error TS1127: Invalid character.
src/services/firebaseService.ts(1,20702): error TS1127: Invalid character.
src/services/firebaseService.ts(1,20703): error TS1127: Invalid character.
src/services/firebaseService.ts(1,20704): error TS1127: Invalid character.
src/services/firebaseService.ts(1,20705): error TS1127: Invalid character.
src/services/firebaseService.ts(1,20706): error TS1127: Invalid character.
src/services/firebaseService.ts(1,20707): error TS1127: Invalid character.
src/services/firebaseService.ts(1,20708): error TS1127: Invalid character.
src/services/firebaseService.ts(1,20709): error TS1127: Invalid character.
src/services/firebaseService.ts(1,20710): error TS1127: Invalid character.
src/services/firebaseService.ts(1,20711): error TS1127: Invalid character.
src/services/firebaseService.ts(1,20712): error TS1127: Invalid character.
src/services/firebaseService.ts(1,20713): error TS1127: Invalid character.
src/services/firebaseService.ts(1,20714): error TS1127: Invalid character.
src/services/firebaseService.ts(1,20715): error TS1127: Invalid character.
src/services/firebaseService.ts(1,20716): error TS1127: Invalid character.
src/services/firebaseService.ts(1,20717): error TS1127: Invalid character.
src/services/firebaseService.ts(1,20718): error TS1127: Invalid character.
src/services/firebaseService.ts(1,20719): error TS1127: Invalid character.
src/services/firebaseService.ts(1,20720): error TS1127: Invalid character.
src/services/firebaseService.ts(1,20721): error TS1127: Invalid character.
src/services/firebaseService.ts(1,20722): error TS1127: Invalid character.
src/services/firebaseService.ts(1,20723): error TS1127: Invalid character.
src/services/firebaseService.ts(1,20724): error TS1127: Invalid character.
src/services/firebaseService.ts(1,20725): error TS1127: Invalid character.
src/services/firebaseService.ts(1,20726): error TS1127: Invalid character.
src/services/firebaseService.ts(1,20727): error TS1127: Invalid character.
src/services/firebaseService.ts(1,20728): error TS1127: Invalid character.
src/services/firebaseService.ts(1,20729): error TS1127: Invalid character.
src/services/firebaseService.ts(1,20730): error TS1127: Invalid character.
src/services/firebaseService.ts(1,20731): error TS1127: Invalid character.
src/services/firebaseService.ts(1,20732): error TS1127: Invalid character.
src/services/firebaseService.ts(1,20733): error TS1127: Invalid character.
src/services/firebaseService.ts(1,20734): error TS1127: Invalid character.
src/services/firebaseService.ts(1,20735): error TS1127: Invalid character.
src/services/firebaseService.ts(1,20736): error TS1127: Invalid character.
src/services/firebaseService.ts(1,20737): error TS1127: Invalid character.
src/services/firebaseService.ts(1,20738): error TS1127: Invalid character.
src/services/firebaseService.ts(1,20739): error TS1127: Invalid character.
src/services/firebaseService.ts(1,20740): error TS1127: Invalid character.
src/services/firebaseService.ts(1,20741): error TS1127: Invalid character.
src/services/firebaseService.ts(1,20742): error TS1127: Invalid character.
src/services/firebaseService.ts(1,20743): error TS1127: Invalid character.
src/services/firebaseService.ts(1,20744): error TS1127: Invalid character.
src/services/firebaseService.ts(1,20745): error TS1127: Invalid character.
src/services/firebaseService.ts(1,20746): error TS1127: Invalid character.
src/services/firebaseService.ts(1,20747): error TS1127: Invalid character.
src/services/firebaseService.ts(1,20748): error TS1127: Invalid character.
src/services/firebaseService.ts(1,20749): error TS1127: Invalid character.
src/services/firebaseService.ts(1,20750): error TS1127: Invalid character.
src/services/firebaseService.ts(1,20751): error TS1127: Invalid character.
src/services/firebaseService.ts(1,20752): error TS1127: Invalid character.
src/services/firebaseService.ts(1,20753): error TS1127: Invalid character.
src/services/firebaseService.ts(1,20754): error TS1127: Invalid character.
src/services/firebaseService.ts(1,20755): error TS1127: Invalid character.
src/services/firebaseService.ts(1,20756): error TS1127: Invalid character.
src/services/firebaseService.ts(1,20757): error TS1127: Invalid character.
src/services/firebaseService.ts(1,20758): error TS1127: Invalid character.
src/services/firebaseService.ts(1,20759): error TS1127: Invalid character.
src/services/firebaseService.ts(1,20760): error TS1127: Invalid character.
src/services/firebaseService.ts(1,20761): error TS1127: Invalid character.
src/services/firebaseService.ts(1,20762): error TS1127: Invalid character.
src/services/firebaseService.ts(1,20763): error TS1127: Invalid character.
src/services/firebaseService.ts(1,20764): error TS1127: Invalid character.
src/services/firebaseService.ts(1,20765): error TS1127: Invalid character.
src/services/firebaseService.ts(1,20766): error TS1127: Invalid character.
src/services/firebaseService.ts(1,20767): error TS1127: Invalid character.
src/services/firebaseService.ts(1,20768): error TS1127: Invalid character.
src/services/firebaseService.ts(1,20769): error TS1127: Invalid character.
src/services/firebaseService.ts(1,20770): error TS1127: Invalid character.
src/services/firebaseService.ts(1,20771): error TS1127: Invalid character.
src/services/firebaseService.ts(1,20772): error TS1127: Invalid character.
src/services/firebaseService.ts(1,20773): error TS1127: Invalid character.
src/services/firebaseService.ts(1,20774): error TS1127: Invalid character.
src/services/firebaseService.ts(1,20775): error TS1127: Invalid character.
src/services/firebaseService.ts(1,20776): error TS1127: Invalid character.
src/services/firebaseService.ts(1,20777): error TS1127: Invalid character.
src/services/firebaseService.ts(1,20778): error TS1127: Invalid character.
src/services/firebaseService.ts(1,20779): error TS1127: Invalid character.
src/services/firebaseService.ts(1,20780): error TS1127: Invalid character.
src/services/firebaseService.ts(1,20781): error TS1127: Invalid character.
src/services/firebaseService.ts(1,20782): error TS1127: Invalid character.
src/services/firebaseService.ts(1,20783): error TS1127: Invalid character.
src/services/firebaseService.ts(1,20784): error TS1127: Invalid character.
src/services/firebaseService.ts(1,20785): error TS1127: Invalid character.
src/services/firebaseService.ts(1,20786): error TS1127: Invalid character.
src/services/firebaseService.ts(1,20787): error TS1127: Invalid character.
src/services/firebaseService.ts(1,20788): error TS1127: Invalid character.
src/services/firebaseService.ts(1,20789): error TS1127: Invalid character.
src/services/firebaseService.ts(1,20790): error TS1127: Invalid character.
src/services/firebaseService.ts(1,20791): error TS1127: Invalid character.
src/services/firebaseService.ts(1,20792): error TS1127: Invalid character.
src/services/firebaseService.ts(1,20793): error TS1127: Invalid character.
src/services/firebaseService.ts(1,20794): error TS1127: Invalid character.
src/services/firebaseService.ts(1,20795): error TS1127: Invalid character.
src/services/firebaseService.ts(1,20796): error TS1127: Invalid character.
src/services/firebaseService.ts(1,20797): error TS1127: Invalid character.
src/services/firebaseService.ts(1,20798): error TS1127: Invalid character.
src/services/firebaseService.ts(1,20799): error TS1127: Invalid character.
src/services/firebaseService.ts(1,20800): error TS1127: Invalid character.
src/services/firebaseService.ts(1,20801): error TS1127: Invalid character.
src/services/firebaseService.ts(1,20802): error TS1127: Invalid character.
src/services/firebaseService.ts(1,20803): error TS1127: Invalid character.
src/services/firebaseService.ts(1,20804): error TS1127: Invalid character.
src/services/firebaseService.ts(1,20805): error TS1127: Invalid character.
src/services/firebaseService.ts(1,20806): error TS1127: Invalid character.
src/services/firebaseService.ts(1,20807): error TS1127: Invalid character.
src/services/firebaseService.ts(1,20808): error TS1127: Invalid character.
src/services/firebaseService.ts(1,20809): error TS1127: Invalid character.
src/services/firebaseService.ts(1,20810): error TS1127: Invalid character.
src/services/firebaseService.ts(1,20811): error TS1127: Invalid character.
src/services/firebaseService.ts(1,20812): error TS1127: Invalid character.
src/services/firebaseService.ts(1,20813): error TS1127: Invalid character.
src/services/firebaseService.ts(1,20814): error TS1127: Invalid character.
src/services/firebaseService.ts(1,20815): error TS1127: Invalid character.
src/services/firebaseService.ts(1,20816): error TS1127: Invalid character.
src/services/firebaseService.ts(1,20817): error TS1127: Invalid character.
src/services/firebaseService.ts(1,20818): error TS1127: Invalid character.
src/services/firebaseService.ts(1,20819): error TS1127: Invalid character.
src/services/firebaseService.ts(1,20820): error TS1127: Invalid character.
src/services/firebaseService.ts(1,20821): error TS1127: Invalid character.
src/services/firebaseService.ts(1,20822): error TS1127: Invalid character.
src/services/firebaseService.ts(1,20823): error TS1127: Invalid character.
src/services/firebaseService.ts(1,20824): error TS1127: Invalid character.
src/services/firebaseService.ts(1,20825): error TS1127: Invalid character.
src/services/firebaseService.ts(1,20826): error TS1127: Invalid character.
src/services/firebaseService.ts(1,20827): error TS1127: Invalid character.
src/services/firebaseService.ts(1,20828): error TS1127: Invalid character.
src/services/firebaseService.ts(1,20829): error TS1127: Invalid character.
src/services/firebaseService.ts(1,20830): error TS1127: Invalid character.
src/services/firebaseService.ts(1,20831): error TS1127: Invalid character.
src/services/firebaseService.ts(1,20832): error TS1127: Invalid character.
src/services/firebaseService.ts(1,20833): error TS1127: Invalid character.
src/services/firebaseService.ts(1,20834): error TS1127: Invalid character.
src/services/firebaseService.ts(1,20835): error TS1127: Invalid character.
src/services/firebaseService.ts(1,20836): error TS1127: Invalid character.
src/services/firebaseService.ts(1,20837): error TS1127: Invalid character.
src/services/firebaseService.ts(1,20838): error TS1127: Invalid character.
src/services/firebaseService.ts(1,20839): error TS1127: Invalid character.
src/services/firebaseService.ts(1,20840): error TS1127: Invalid character.
src/services/firebaseService.ts(1,20841): error TS1127: Invalid character.
src/services/firebaseService.ts(1,20842): error TS1127: Invalid character.
src/services/firebaseService.ts(1,20843): error TS1127: Invalid character.
src/services/firebaseService.ts(1,20844): error TS1127: Invalid character.
src/services/firebaseService.ts(1,20845): error TS1127: Invalid character.
src/services/firebaseService.ts(1,20846): error TS1127: Invalid character.
src/services/firebaseService.ts(1,20847): error TS1127: Invalid character.
src/services/firebaseService.ts(1,20848): error TS1127: Invalid character.
src/services/firebaseService.ts(1,20849): error TS1127: Invalid character.
src/services/firebaseService.ts(1,20850): error TS1127: Invalid character.
src/services/firebaseService.ts(1,20851): error TS1127: Invalid character.
src/services/firebaseService.ts(1,20852): error TS1127: Invalid character.
src/services/firebaseService.ts(1,20853): error TS1127: Invalid character.
src/services/firebaseService.ts(1,20854): error TS1127: Invalid character.
src/services/firebaseService.ts(1,20855): error TS1127: Invalid character.
src/services/firebaseService.ts(1,20856): error TS1127: Invalid character.
src/services/firebaseService.ts(1,20857): error TS1127: Invalid character.
src/services/firebaseService.ts(1,20858): error TS1127: Invalid character.
src/services/firebaseService.ts(1,20859): error TS1127: Invalid character.
src/services/firebaseService.ts(1,20860): error TS1127: Invalid character.
src/services/firebaseService.ts(1,20861): error TS1127: Invalid character.
src/services/firebaseService.ts(1,20862): error TS1127: Invalid character.
src/services/firebaseService.ts(1,20863): error TS1127: Invalid character.
src/services/firebaseService.ts(1,20864): error TS1127: Invalid character.
src/services/firebaseService.ts(1,20865): error TS1127: Invalid character.
src/services/firebaseService.ts(1,20866): error TS1127: Invalid character.
src/services/firebaseService.ts(1,20867): error TS1127: Invalid character.
src/services/firebaseService.ts(1,20868): error TS1127: Invalid character.
src/services/firebaseService.ts(1,20869): error TS1127: Invalid character.
src/services/firebaseService.ts(1,20870): error TS1127: Invalid character.
src/services/firebaseService.ts(1,20871): error TS1127: Invalid character.
src/services/firebaseService.ts(1,20872): error TS1127: Invalid character.
src/services/firebaseService.ts(1,20873): error TS1127: Invalid character.
src/services/firebaseService.ts(1,20874): error TS1127: Invalid character.
src/services/firebaseService.ts(1,20875): error TS1127: Invalid character.
src/services/firebaseService.ts(1,20876): error TS1127: Invalid character.
src/services/firebaseService.ts(1,20877): error TS1127: Invalid character.
src/services/firebaseService.ts(1,20878): error TS1127: Invalid character.
src/services/firebaseService.ts(1,20879): error TS1127: Invalid character.
src/services/firebaseService.ts(1,20880): error TS1127: Invalid character.
src/services/firebaseService.ts(1,20881): error TS1127: Invalid character.
src/services/firebaseService.ts(1,20882): error TS1127: Invalid character.
src/services/firebaseService.ts(1,20883): error TS1127: Invalid character.
src/services/firebaseService.ts(1,20884): error TS1127: Invalid character.
src/services/firebaseService.ts(1,20885): error TS1127: Invalid character.
src/services/firebaseService.ts(1,20886): error TS1127: Invalid character.
src/services/firebaseService.ts(1,20887): error TS1127: Invalid character.
src/services/firebaseService.ts(1,20888): error TS1127: Invalid character.
src/services/firebaseService.ts(1,20889): error TS1127: Invalid character.
src/services/firebaseService.ts(1,20890): error TS1127: Invalid character.
src/services/firebaseService.ts(1,20891): error TS1127: Invalid character.
src/services/firebaseService.ts(1,20892): error TS1127: Invalid character.
src/services/firebaseService.ts(1,20893): error TS1127: Invalid character.
src/services/firebaseService.ts(1,20894): error TS1127: Invalid character.
src/services/firebaseService.ts(1,20895): error TS1127: Invalid character.
src/services/firebaseService.ts(1,20896): error TS1127: Invalid character.
src/services/firebaseService.ts(1,20897): error TS1127: Invalid character.
src/services/firebaseService.ts(1,20898): error TS1127: Invalid character.
src/services/firebaseService.ts(1,20899): error TS1127: Invalid character.
src/services/firebaseService.ts(1,20900): error TS1127: Invalid character.
src/services/firebaseService.ts(1,20901): error TS1127: Invalid character.
src/services/firebaseService.ts(1,20902): error TS1127: Invalid character.
src/services/firebaseService.ts(1,20903): error TS1127: Invalid character.
src/services/firebaseService.ts(1,20904): error TS1127: Invalid character.
src/services/firebaseService.ts(1,20905): error TS1127: Invalid character.
src/services/firebaseService.ts(1,20906): error TS1127: Invalid character.
src/services/firebaseService.ts(1,20907): error TS1127: Invalid character.
src/services/firebaseService.ts(1,20908): error TS1127: Invalid character.
src/services/firebaseService.ts(1,20909): error TS1127: Invalid character.
src/services/firebaseService.ts(1,20910): error TS1127: Invalid character.
src/services/firebaseService.ts(1,20911): error TS1127: Invalid character.
src/services/firebaseService.ts(1,20912): error TS1127: Invalid character.
src/services/firebaseService.ts(1,20913): error TS1127: Invalid character.
src/services/firebaseService.ts(1,20914): error TS1127: Invalid character.
src/services/firebaseService.ts(1,20915): error TS1127: Invalid character.
src/services/firebaseService.ts(1,20916): error TS1127: Invalid character.
src/services/firebaseService.ts(1,20917): error TS1127: Invalid character.
src/services/firebaseService.ts(1,20918): error TS1127: Invalid character.
src/services/firebaseService.ts(1,20919): error TS1127: Invalid character.
src/services/firebaseService.ts(1,20920): error TS1127: Invalid character.
src/services/firebaseService.ts(1,20921): error TS1127: Invalid character.
src/services/firebaseService.ts(1,20922): error TS1127: Invalid character.
src/services/firebaseService.ts(1,20923): error TS1127: Invalid character.
src/services/firebaseService.ts(1,20924): error TS1127: Invalid character.
src/services/firebaseService.ts(1,20925): error TS1127: Invalid character.
src/services/firebaseService.ts(1,20926): error TS1127: Invalid character.
src/services/firebaseService.ts(1,20927): error TS1127: Invalid character.
src/services/firebaseService.ts(1,20928): error TS1127: Invalid character.
src/services/firebaseService.ts(1,20929): error TS1127: Invalid character.
src/services/firebaseService.ts(1,20930): error TS1127: Invalid character.
src/services/firebaseService.ts(1,20931): error TS1127: Invalid character.
src/services/firebaseService.ts(1,20932): error TS1127: Invalid character.
src/services/firebaseService.ts(1,20933): error TS1127: Invalid character.
src/services/firebaseService.ts(1,20934): error TS1127: Invalid character.
src/services/firebaseService.ts(1,20935): error TS1127: Invalid character.
src/services/firebaseService.ts(1,20936): error TS1127: Invalid character.
src/services/firebaseService.ts(1,20937): error TS1127: Invalid character.
src/services/firebaseService.ts(1,20938): error TS1127: Invalid character.
src/services/firebaseService.ts(1,20939): error TS1127: Invalid character.
src/services/firebaseService.ts(1,20940): error TS1127: Invalid character.
src/services/firebaseService.ts(1,20941): error TS1127: Invalid character.
src/services/firebaseService.ts(1,20942): error TS1127: Invalid character.
src/services/firebaseService.ts(1,20943): error TS1127: Invalid character.
src/services/firebaseService.ts(1,20944): error TS1127: Invalid character.
src/services/firebaseService.ts(1,20945): error TS1127: Invalid character.
src/services/firebaseService.ts(1,20946): error TS1127: Invalid character.
src/services/firebaseService.ts(1,20947): error TS1127: Invalid character.
src/services/firebaseService.ts(1,20948): error TS1127: Invalid character.
src/services/firebaseService.ts(1,20949): error TS1127: Invalid character.
src/services/firebaseService.ts(1,20950): error TS1127: Invalid character.
src/services/firebaseService.ts(1,20951): error TS1127: Invalid character.
src/services/firebaseService.ts(1,20952): error TS1127: Invalid character.
src/services/firebaseService.ts(1,20953): error TS1127: Invalid character.
src/services/firebaseService.ts(1,20954): error TS1127: Invalid character.
src/services/firebaseService.ts(1,20955): error TS1127: Invalid character.
src/services/firebaseService.ts(1,20956): error TS1127: Invalid character.
src/services/firebaseService.ts(1,20957): error TS1127: Invalid character.
src/services/firebaseService.ts(1,20958): error TS1127: Invalid character.
src/services/firebaseService.ts(1,20959): error TS1127: Invalid character.
src/services/firebaseService.ts(1,20960): error TS1127: Invalid character.
src/services/firebaseService.ts(1,20961): error TS1127: Invalid character.
src/services/firebaseService.ts(1,20962): error TS1127: Invalid character.
src/services/firebaseService.ts(1,20963): error TS1127: Invalid character.
src/services/firebaseService.ts(1,20964): error TS1127: Invalid character.
src/services/firebaseService.ts(1,20965): error TS1127: Invalid character.
src/services/firebaseService.ts(1,20966): error TS1127: Invalid character.
src/services/firebaseService.ts(1,20967): error TS1127: Invalid character.
src/services/firebaseService.ts(1,20968): error TS1127: Invalid character.
src/services/firebaseService.ts(1,20969): error TS1127: Invalid character.
src/services/firebaseService.ts(1,20970): error TS1127: Invalid character.
src/services/firebaseService.ts(1,20971): error TS1127: Invalid character.
src/services/firebaseService.ts(1,20972): error TS1127: Invalid character.
src/services/firebaseService.ts(1,20973): error TS1127: Invalid character.
src/services/firebaseService.ts(1,20974): error TS1127: Invalid character.
src/services/firebaseService.ts(1,20975): error TS1127: Invalid character.
src/services/firebaseService.ts(1,20976): error TS1127: Invalid character.
src/services/firebaseService.ts(1,20977): error TS1127: Invalid character.
src/services/firebaseService.ts(1,20978): error TS1127: Invalid character.
src/services/firebaseService.ts(1,20979): error TS1127: Invalid character.
src/services/firebaseService.ts(1,20980): error TS1127: Invalid character.
src/services/firebaseService.ts(1,20981): error TS1127: Invalid character.
src/services/firebaseService.ts(1,20982): error TS1127: Invalid character.
src/services/firebaseService.ts(1,20983): error TS1127: Invalid character.
src/services/firebaseService.ts(1,20984): error TS1127: Invalid character.
src/services/firebaseService.ts(1,20985): error TS1127: Invalid character.
src/services/firebaseService.ts(1,20986): error TS1127: Invalid character.
src/services/firebaseService.ts(1,20987): error TS1127: Invalid character.
src/services/firebaseService.ts(1,20988): error TS1127: Invalid character.
src/services/firebaseService.ts(1,20989): error TS1127: Invalid character.
src/services/firebaseService.ts(1,20990): error TS1127: Invalid character.
src/services/firebaseService.ts(1,20991): error TS1127: Invalid character.
src/services/firebaseService.ts(1,20992): error TS1127: Invalid character.
src/services/firebaseService.ts(1,20993): error TS1127: Invalid character.
src/services/firebaseService.ts(1,20994): error TS1127: Invalid character.
src/services/firebaseService.ts(1,20995): error TS1127: Invalid character.
src/services/firebaseService.ts(1,20996): error TS1127: Invalid character.
src/services/firebaseService.ts(1,20997): error TS1127: Invalid character.
src/services/firebaseService.ts(1,20998): error TS1127: Invalid character.
src/services/firebaseService.ts(1,20999): error TS1127: Invalid character.
src/services/firebaseService.ts(1,21000): error TS1127: Invalid character.
src/services/firebaseService.ts(1,21001): error TS1127: Invalid character.
src/services/firebaseService.ts(1,21002): error TS1127: Invalid character.
src/services/firebaseService.ts(1,21003): error TS1127: Invalid character.
src/services/firebaseService.ts(1,21004): error TS1127: Invalid character.
src/services/firebaseService.ts(1,21005): error TS1127: Invalid character.
src/services/firebaseService.ts(1,21006): error TS1127: Invalid character.
src/services/firebaseService.ts(1,21007): error TS1127: Invalid character.
src/services/firebaseService.ts(1,21008): error TS1127: Invalid character.
src/services/firebaseService.ts(1,21009): error TS1127: Invalid character.
src/services/firebaseService.ts(1,21010): error TS1127: Invalid character.
src/services/firebaseService.ts(1,21011): error TS1127: Invalid character.
src/services/firebaseService.ts(1,21012): error TS1127: Invalid character.
src/services/firebaseService.ts(1,21013): error TS1127: Invalid character.
src/services/firebaseService.ts(1,21014): error TS1127: Invalid character.
src/services/firebaseService.ts(1,21015): error TS1127: Invalid character.
src/services/firebaseService.ts(1,21016): error TS1127: Invalid character.
src/services/firebaseService.ts(1,21017): error TS1127: Invalid character.
src/services/firebaseService.ts(1,21018): error TS1127: Invalid character.
src/services/firebaseService.ts(1,21019): error TS1127: Invalid character.
src/services/firebaseService.ts(1,21020): error TS1127: Invalid character.
src/services/firebaseService.ts(1,21021): error TS1127: Invalid character.
src/services/firebaseService.ts(1,21022): error TS1127: Invalid character.
src/services/firebaseService.ts(1,21023): error TS1127: Invalid character.
src/services/firebaseService.ts(1,21024): error TS1127: Invalid character.
src/services/firebaseService.ts(1,21025): error TS1127: Invalid character.
src/services/firebaseService.ts(1,21026): error TS1127: Invalid character.
src/services/firebaseService.ts(1,21027): error TS1127: Invalid character.
src/services/firebaseService.ts(1,21028): error TS1127: Invalid character.
src/services/firebaseService.ts(1,21029): error TS1127: Invalid character.
src/services/firebaseService.ts(1,21030): error TS1127: Invalid character.
src/services/firebaseService.ts(1,21031): error TS1127: Invalid character.
src/services/firebaseService.ts(1,21032): error TS1127: Invalid character.
src/services/firebaseService.ts(1,21033): error TS1127: Invalid character.
src/services/firebaseService.ts(1,21034): error TS1127: Invalid character.
src/services/firebaseService.ts(1,21035): error TS1127: Invalid character.
src/services/firebaseService.ts(1,21036): error TS1127: Invalid character.
src/services/firebaseService.ts(1,21037): error TS1127: Invalid character.
src/services/firebaseService.ts(1,21038): error TS1127: Invalid character.
src/services/firebaseService.ts(1,21039): error TS1127: Invalid character.
src/services/firebaseService.ts(1,21040): error TS1127: Invalid character.
src/services/firebaseService.ts(1,21041): error TS1127: Invalid character.
src/services/firebaseService.ts(1,21042): error TS1127: Invalid character.
src/services/firebaseService.ts(1,21043): error TS1127: Invalid character.
src/services/firebaseService.ts(1,21044): error TS1127: Invalid character.
src/services/firebaseService.ts(1,21045): error TS1127: Invalid character.
src/services/firebaseService.ts(1,21046): error TS1127: Invalid character.
src/services/firebaseService.ts(1,21047): error TS1127: Invalid character.
src/services/firebaseService.ts(1,21048): error TS1127: Invalid character.
src/services/firebaseService.ts(1,21049): error TS1127: Invalid character.
src/services/firebaseService.ts(1,21050): error TS1127: Invalid character.
src/services/firebaseService.ts(1,21051): error TS1127: Invalid character.
src/services/firebaseService.ts(1,21052): error TS1127: Invalid character.
src/services/firebaseService.ts(1,21053): error TS1127: Invalid character.
src/services/firebaseService.ts(1,21054): error TS1127: Invalid character.
src/services/firebaseService.ts(1,21055): error TS1127: Invalid character.
src/services/firebaseService.ts(1,21056): error TS1127: Invalid character.
src/services/firebaseService.ts(1,21057): error TS1127: Invalid character.
src/services/firebaseService.ts(1,21058): error TS1127: Invalid character.
src/services/firebaseService.ts(1,21059): error TS1127: Invalid character.
src/services/firebaseService.ts(1,21060): error TS1127: Invalid character.
src/services/firebaseService.ts(1,21061): error TS1127: Invalid character.
src/services/firebaseService.ts(1,21062): error TS1127: Invalid character.
src/services/firebaseService.ts(1,21063): error TS1127: Invalid character.
src/services/firebaseService.ts(1,21064): error TS1127: Invalid character.
src/services/firebaseService.ts(1,21065): error TS1127: Invalid character.
src/services/firebaseService.ts(1,21066): error TS1127: Invalid character.
src/services/firebaseService.ts(1,21067): error TS1127: Invalid character.
src/services/firebaseService.ts(1,21068): error TS1127: Invalid character.
src/services/firebaseService.ts(1,21069): error TS1127: Invalid character.
src/services/firebaseService.ts(1,21070): error TS1127: Invalid character.
src/services/firebaseService.ts(1,21071): error TS1127: Invalid character.
src/services/firebaseService.ts(1,21072): error TS1127: Invalid character.
src/services/firebaseService.ts(1,21073): error TS1127: Invalid character.
src/services/firebaseService.ts(1,21074): error TS1127: Invalid character.
src/services/firebaseService.ts(1,21075): error TS1127: Invalid character.
src/services/firebaseService.ts(1,21076): error TS1127: Invalid character.
src/services/firebaseService.ts(1,21077): error TS1127: Invalid character.
src/services/firebaseService.ts(1,21078): error TS1127: Invalid character.
src/services/firebaseService.ts(1,21079): error TS1127: Invalid character.
src/services/firebaseService.ts(1,21080): error TS1127: Invalid character.
src/services/firebaseService.ts(1,21081): error TS1127: Invalid character.
src/services/firebaseService.ts(1,21082): error TS1127: Invalid character.
src/services/firebaseService.ts(1,21083): error TS1127: Invalid character.
src/services/firebaseService.ts(1,21084): error TS1127: Invalid character.
src/services/firebaseService.ts(1,21085): error TS1127: Invalid character.
src/services/firebaseService.ts(1,21086): error TS1127: Invalid character.
src/services/firebaseService.ts(1,21087): error TS1127: Invalid character.
src/services/firebaseService.ts(1,21088): error TS1127: Invalid character.
src/services/firebaseService.ts(1,21089): error TS1127: Invalid character.
src/services/firebaseService.ts(1,21090): error TS1127: Invalid character.
src/services/firebaseService.ts(1,21091): error TS1127: Invalid character.
src/services/firebaseService.ts(1,21092): error TS1127: Invalid character.
src/services/firebaseService.ts(1,21093): error TS1127: Invalid character.
src/services/firebaseService.ts(1,21094): error TS1127: Invalid character.
src/services/firebaseService.ts(1,21095): error TS1127: Invalid character.
src/services/firebaseService.ts(1,21096): error TS1127: Invalid character.
src/services/firebaseService.ts(1,21097): error TS1127: Invalid character.
src/services/firebaseService.ts(1,21098): error TS1127: Invalid character.
src/services/firebaseService.ts(1,21099): error TS1127: Invalid character.
src/services/firebaseService.ts(1,21100): error TS1127: Invalid character.
src/services/firebaseService.ts(1,21101): error TS1127: Invalid character.
src/services/firebaseService.ts(1,21102): error TS1127: Invalid character.
src/services/firebaseService.ts(1,21103): error TS1127: Invalid character.
src/services/firebaseService.ts(1,21104): error TS1127: Invalid character.
src/services/firebaseService.ts(1,21105): error TS1127: Invalid character.
src/services/firebaseService.ts(1,21106): error TS1127: Invalid character.
src/services/firebaseService.ts(1,21107): error TS1127: Invalid character.
src/services/firebaseService.ts(1,21108): error TS1127: Invalid character.
src/services/firebaseService.ts(1,21109): error TS1127: Invalid character.
src/services/firebaseService.ts(1,21110): error TS1127: Invalid character.
src/services/firebaseService.ts(1,21111): error TS1127: Invalid character.
src/services/firebaseService.ts(1,21112): error TS1127: Invalid character.
src/services/firebaseService.ts(1,21113): error TS1127: Invalid character.
src/services/firebaseService.ts(1,21114): error TS1127: Invalid character.
src/services/firebaseService.ts(1,21115): error TS1127: Invalid character.
src/services/firebaseService.ts(1,21116): error TS1127: Invalid character.
src/services/firebaseService.ts(1,21117): error TS1127: Invalid character.
src/services/firebaseService.ts(1,21118): error TS1127: Invalid character.
src/services/firebaseService.ts(1,21119): error TS1127: Invalid character.
src/services/firebaseService.ts(1,21120): error TS1127: Invalid character.
src/services/firebaseService.ts(1,21121): error TS1127: Invalid character.
src/services/firebaseService.ts(1,21122): error TS1127: Invalid character.
src/services/firebaseService.ts(1,21123): error TS1127: Invalid character.
src/services/firebaseService.ts(1,21124): error TS1127: Invalid character.
src/services/firebaseService.ts(1,21125): error TS1127: Invalid character.
src/services/firebaseService.ts(1,21126): error TS1127: Invalid character.
src/services/firebaseService.ts(1,21127): error TS1127: Invalid character.
src/services/firebaseService.ts(1,21128): error TS1127: Invalid character.
src/services/firebaseService.ts(1,21129): error TS1127: Invalid character.
src/services/firebaseService.ts(1,21130): error TS1127: Invalid character.
src/services/firebaseService.ts(1,21131): error TS1127: Invalid character.
src/services/firebaseService.ts(1,21132): error TS1127: Invalid character.
src/services/firebaseService.ts(1,21133): error TS1127: Invalid character.
src/services/firebaseService.ts(1,21134): error TS1127: Invalid character.
src/services/firebaseService.ts(1,21135): error TS1127: Invalid character.
src/services/firebaseService.ts(1,21136): error TS1127: Invalid character.
src/services/firebaseService.ts(1,21137): error TS1127: Invalid character.
src/services/firebaseService.ts(1,21138): error TS1127: Invalid character.
src/services/firebaseService.ts(1,21139): error TS1127: Invalid character.
src/services/firebaseService.ts(1,21140): error TS1127: Invalid character.
src/services/firebaseService.ts(1,21141): error TS1127: Invalid character.
src/services/firebaseService.ts(1,21142): error TS1127: Invalid character.
src/services/firebaseService.ts(1,21143): error TS1127: Invalid character.
src/services/firebaseService.ts(1,21144): error TS1127: Invalid character.
src/services/firebaseService.ts(1,21145): error TS1127: Invalid character.
src/services/firebaseService.ts(1,21146): error TS1127: Invalid character.
src/services/firebaseService.ts(1,21147): error TS1127: Invalid character.
src/services/firebaseService.ts(1,21148): error TS1127: Invalid character.
src/services/firebaseService.ts(1,21149): error TS1127: Invalid character.
src/services/firebaseService.ts(1,21150): error TS1127: Invalid character.
src/services/firebaseService.ts(1,21151): error TS1127: Invalid character.
src/services/firebaseService.ts(1,21152): error TS1127: Invalid character.
src/services/firebaseService.ts(1,21153): error TS1127: Invalid character.
src/services/firebaseService.ts(1,21154): error TS1127: Invalid character.
src/services/firebaseService.ts(1,21155): error TS1127: Invalid character.
src/services/firebaseService.ts(1,21156): error TS1127: Invalid character.
src/services/firebaseService.ts(1,21157): error TS1127: Invalid character.
src/services/firebaseService.ts(1,21158): error TS1127: Invalid character.
src/services/firebaseService.ts(1,21159): error TS1127: Invalid character.
src/services/firebaseService.ts(1,21160): error TS1127: Invalid character.
src/services/firebaseService.ts(1,21161): error TS1127: Invalid character.
src/services/firebaseService.ts(1,21162): error TS1127: Invalid character.
src/services/firebaseService.ts(1,21163): error TS1127: Invalid character.
src/services/firebaseService.ts(1,21164): error TS1127: Invalid character.
src/services/firebaseService.ts(1,21165): error TS1127: Invalid character.
src/services/firebaseService.ts(1,21166): error TS1127: Invalid character.
src/services/firebaseService.ts(1,21167): error TS1127: Invalid character.
src/services/firebaseService.ts(1,21168): error TS1127: Invalid character.
src/services/firebaseService.ts(1,21169): error TS1127: Invalid character.
src/services/firebaseService.ts(1,21170): error TS1127: Invalid character.
src/services/firebaseService.ts(1,21171): error TS1127: Invalid character.
src/services/firebaseService.ts(1,21172): error TS1127: Invalid character.
src/services/firebaseService.ts(1,21173): error TS1127: Invalid character.
src/services/firebaseService.ts(1,21174): error TS1127: Invalid character.
src/services/firebaseService.ts(1,21175): error TS1127: Invalid character.
src/services/firebaseService.ts(1,21176): error TS1127: Invalid character.
src/services/firebaseService.ts(1,21177): error TS1127: Invalid character.
src/services/firebaseService.ts(1,21178): error TS1127: Invalid character.
src/services/firebaseService.ts(1,21179): error TS1127: Invalid character.
src/services/firebaseService.ts(1,21180): error TS1127: Invalid character.
src/services/firebaseService.ts(1,21181): error TS1127: Invalid character.
src/services/firebaseService.ts(1,21182): error TS1127: Invalid character.
src/services/firebaseService.ts(1,21183): error TS1127: Invalid character.
src/services/firebaseService.ts(1,21184): error TS1127: Invalid character.
src/services/firebaseService.ts(1,21185): error TS1127: Invalid character.
src/services/firebaseService.ts(1,21186): error TS1127: Invalid character.
src/services/firebaseService.ts(1,21187): error TS1127: Invalid character.
src/services/firebaseService.ts(1,21188): error TS1127: Invalid character.
src/services/firebaseService.ts(1,21189): error TS1127: Invalid character.
src/services/firebaseService.ts(1,21190): error TS1127: Invalid character.
src/services/firebaseService.ts(1,21191): error TS1127: Invalid character.
src/services/firebaseService.ts(1,21192): error TS1127: Invalid character.
src/services/firebaseService.ts(1,21193): error TS1127: Invalid character.
src/services/firebaseService.ts(1,21194): error TS1127: Invalid character.
src/services/firebaseService.ts(1,21195): error TS1127: Invalid character.
src/services/firebaseService.ts(1,21196): error TS1127: Invalid character.
src/services/firebaseService.ts(1,21197): error TS1127: Invalid character.
src/services/firebaseService.ts(1,21198): error TS1127: Invalid character.
src/services/firebaseService.ts(1,21199): error TS1127: Invalid character.
src/services/firebaseService.ts(1,21200): error TS1127: Invalid character.
src/services/firebaseService.ts(1,21201): error TS1127: Invalid character.
src/services/firebaseService.ts(1,21202): error TS1127: Invalid character.
src/services/firebaseService.ts(1,21203): error TS1127: Invalid character.
src/services/firebaseService.ts(1,21204): error TS1127: Invalid character.
src/services/firebaseService.ts(1,21205): error TS1127: Invalid character.
src/services/firebaseService.ts(1,21206): error TS1127: Invalid character.
src/services/firebaseService.ts(1,21207): error TS1127: Invalid character.
src/services/firebaseService.ts(1,21208): error TS1127: Invalid character.
src/services/firebaseService.ts(1,21209): error TS1127: Invalid character.
src/services/firebaseService.ts(1,21210): error TS1127: Invalid character.
src/services/firebaseService.ts(1,21211): error TS1127: Invalid character.
src/services/firebaseService.ts(1,21212): error TS1127: Invalid character.
src/services/firebaseService.ts(1,21213): error TS1127: Invalid character.
src/services/firebaseService.ts(1,21214): error TS1127: Invalid character.
src/services/firebaseService.ts(1,21215): error TS1127: Invalid character.
src/services/firebaseService.ts(1,21216): error TS1127: Invalid character.
src/services/firebaseService.ts(1,21217): error TS1127: Invalid character.
src/services/firebaseService.ts(1,21218): error TS1127: Invalid character.
src/services/firebaseService.ts(1,21219): error TS1127: Invalid character.
src/services/firebaseService.ts(1,21220): error TS1127: Invalid character.
src/services/firebaseService.ts(1,21221): error TS1127: Invalid character.
src/services/firebaseService.ts(1,21222): error TS1127: Invalid character.
src/services/firebaseService.ts(1,21223): error TS1127: Invalid character.
src/services/firebaseService.ts(1,21224): error TS1127: Invalid character.
src/services/firebaseService.ts(1,21225): error TS1127: Invalid character.
src/services/firebaseService.ts(1,21226): error TS1127: Invalid character.
src/services/firebaseService.ts(1,21227): error TS1127: Invalid character.
src/services/firebaseService.ts(1,21228): error TS1127: Invalid character.
src/services/firebaseService.ts(1,21229): error TS1127: Invalid character.
src/services/firebaseService.ts(1,21230): error TS1127: Invalid character.
src/services/firebaseService.ts(1,21231): error TS1127: Invalid character.
src/services/firebaseService.ts(1,21232): error TS1127: Invalid character.
src/services/firebaseService.ts(1,21233): error TS1127: Invalid character.
src/services/firebaseService.ts(1,21234): error TS1127: Invalid character.
src/services/firebaseService.ts(1,21235): error TS1127: Invalid character.
src/services/firebaseService.ts(1,21236): error TS1127: Invalid character.
src/services/firebaseService.ts(1,21237): error TS1127: Invalid character.
src/services/firebaseService.ts(1,21238): error TS1127: Invalid character.
src/services/firebaseService.ts(1,21239): error TS1127: Invalid character.
src/services/firebaseService.ts(1,21240): error TS1127: Invalid character.
src/services/firebaseService.ts(1,21241): error TS1127: Invalid character.
src/services/firebaseService.ts(1,21242): error TS1127: Invalid character.
src/services/firebaseService.ts(1,21243): error TS1127: Invalid character.
src/services/firebaseService.ts(1,21244): error TS1127: Invalid character.
src/services/firebaseService.ts(1,21245): error TS1127: Invalid character.
src/services/firebaseService.ts(1,21246): error TS1127: Invalid character.
src/services/firebaseService.ts(1,21247): error TS1127: Invalid character.
src/services/firebaseService.ts(1,21248): error TS1127: Invalid character.
src/services/firebaseService.ts(1,21249): error TS1127: Invalid character.
src/services/firebaseService.ts(1,21250): error TS1127: Invalid character.
src/services/firebaseService.ts(1,21251): error TS1127: Invalid character.
src/services/firebaseService.ts(1,21252): error TS1127: Invalid character.
src/services/firebaseService.ts(1,21253): error TS1127: Invalid character.
src/services/firebaseService.ts(1,21254): error TS1127: Invalid character.
src/services/firebaseService.ts(1,21255): error TS1127: Invalid character.
src/services/firebaseService.ts(1,21256): error TS1127: Invalid character.
src/services/firebaseService.ts(1,21257): error TS1127: Invalid character.
src/services/firebaseService.ts(1,21258): error TS1127: Invalid character.
src/services/firebaseService.ts(1,21259): error TS1127: Invalid character.
src/services/firebaseService.ts(1,21260): error TS1127: Invalid character.
src/services/firebaseService.ts(1,21261): error TS1127: Invalid character.
src/services/firebaseService.ts(1,21262): error TS1127: Invalid character.
src/services/firebaseService.ts(1,21263): error TS1127: Invalid character.
src/services/firebaseService.ts(1,21264): error TS1127: Invalid character.
src/services/firebaseService.ts(1,21265): error TS1127: Invalid character.
src/services/firebaseService.ts(1,21266): error TS1127: Invalid character.
src/services/firebaseService.ts(1,21267): error TS1127: Invalid character.
src/services/firebaseService.ts(1,21268): error TS1127: Invalid character.
src/services/firebaseService.ts(1,21269): error TS1127: Invalid character.
src/services/firebaseService.ts(1,21270): error TS1127: Invalid character.
src/services/firebaseService.ts(1,21271): error TS1127: Invalid character.
src/services/firebaseService.ts(1,21272): error TS1127: Invalid character.
src/services/firebaseService.ts(1,21273): error TS1127: Invalid character.
src/services/firebaseService.ts(1,21274): error TS1127: Invalid character.
src/services/firebaseService.ts(1,21275): error TS1127: Invalid character.
src/services/firebaseService.ts(1,21276): error TS1127: Invalid character.
src/services/firebaseService.ts(1,21277): error TS1127: Invalid character.
src/services/firebaseService.ts(1,21278): error TS1127: Invalid character.
src/services/firebaseService.ts(1,21279): error TS1127: Invalid character.
src/services/firebaseService.ts(1,21280): error TS1127: Invalid character.
src/services/firebaseService.ts(1,21281): error TS1127: Invalid character.
src/services/firebaseService.ts(1,21282): error TS1127: Invalid character.
src/services/firebaseService.ts(1,21283): error TS1127: Invalid character.
src/services/firebaseService.ts(1,21284): error TS1127: Invalid character.
src/services/firebaseService.ts(1,21285): error TS1127: Invalid character.
src/services/firebaseService.ts(1,21286): error TS1127: Invalid character.
src/services/firebaseService.ts(1,21287): error TS1127: Invalid character.
src/services/firebaseService.ts(1,21288): error TS1127: Invalid character.
src/services/firebaseService.ts(1,21289): error TS1127: Invalid character.
src/services/firebaseService.ts(1,21290): error TS1127: Invalid character.
src/services/firebaseService.ts(1,21291): error TS1127: Invalid character.
src/services/firebaseService.ts(1,21292): error TS1127: Invalid character.
src/services/firebaseService.ts(1,21293): error TS1127: Invalid character.
src/services/firebaseService.ts(1,21294): error TS1127: Invalid character.
src/services/firebaseService.ts(1,21295): error TS1127: Invalid character.
src/services/firebaseService.ts(1,21296): error TS1127: Invalid character.
src/services/firebaseService.ts(1,21297): error TS1127: Invalid character.
src/services/firebaseService.ts(1,21298): error TS1127: Invalid character.
src/services/firebaseService.ts(1,21299): error TS1127: Invalid character.
src/services/firebaseService.ts(1,21300): error TS1127: Invalid character.
src/services/firebaseService.ts(1,21301): error TS1127: Invalid character.
src/services/firebaseService.ts(1,21302): error TS1127: Invalid character.
src/services/firebaseService.ts(1,21303): error TS1127: Invalid character.
src/services/firebaseService.ts(1,21304): error TS1127: Invalid character.
src/services/firebaseService.ts(1,21305): error TS1127: Invalid character.
src/services/firebaseService.ts(1,21306): error TS1127: Invalid character.
src/services/firebaseService.ts(1,21307): error TS1127: Invalid character.
src/services/firebaseService.ts(1,21308): error TS1127: Invalid character.
src/services/firebaseService.ts(1,21309): error TS1127: Invalid character.
src/services/firebaseService.ts(1,21310): error TS1127: Invalid character.
src/services/firebaseService.ts(1,21311): error TS1127: Invalid character.
src/services/firebaseService.ts(1,21312): error TS1127: Invalid character.
src/services/firebaseService.ts(1,21313): error TS1127: Invalid character.
src/services/firebaseService.ts(1,21314): error TS1127: Invalid character.
src/services/firebaseService.ts(1,21315): error TS1127: Invalid character.
src/services/firebaseService.ts(1,21316): error TS1127: Invalid character.
src/services/firebaseService.ts(1,21317): error TS1127: Invalid character.
src/services/firebaseService.ts(1,21318): error TS1127: Invalid character.
src/services/firebaseService.ts(1,21319): error TS1127: Invalid character.
src/services/firebaseService.ts(1,21320): error TS1127: Invalid character.
src/services/firebaseService.ts(1,21321): error TS1127: Invalid character.
src/services/firebaseService.ts(1,21322): error TS1127: Invalid character.
src/services/firebaseService.ts(1,21323): error TS1127: Invalid character.
src/services/firebaseService.ts(1,21324): error TS1127: Invalid character.
src/services/firebaseService.ts(1,21325): error TS1127: Invalid character.
src/services/firebaseService.ts(1,21326): error TS1127: Invalid character.
src/services/firebaseService.ts(1,21327): error TS1127: Invalid character.
src/services/firebaseService.ts(1,21328): error TS1127: Invalid character.
src/services/firebaseService.ts(1,21329): error TS1127: Invalid character.
src/services/firebaseService.ts(1,21330): error TS1127: Invalid character.
src/services/firebaseService.ts(1,21331): error TS1127: Invalid character.
src/services/firebaseService.ts(1,21332): error TS1127: Invalid character.
src/services/firebaseService.ts(1,21333): error TS1127: Invalid character.
src/services/firebaseService.ts(1,21334): error TS1127: Invalid character.
src/services/firebaseService.ts(1,21335): error TS1127: Invalid character.
src/services/firebaseService.ts(1,21336): error TS1127: Invalid character.
src/services/firebaseService.ts(1,21337): error TS1127: Invalid character.
src/services/firebaseService.ts(1,21338): error TS1127: Invalid character.
src/services/firebaseService.ts(1,21339): error TS1127: Invalid character.
src/services/firebaseService.ts(1,21340): error TS1127: Invalid character.
src/services/firebaseService.ts(1,21341): error TS1127: Invalid character.
src/services/firebaseService.ts(1,21342): error TS1127: Invalid character.
src/services/firebaseService.ts(1,21343): error TS1127: Invalid character.
src/services/firebaseService.ts(1,21344): error TS1127: Invalid character.
src/services/firebaseService.ts(1,21345): error TS1127: Invalid character.
src/services/firebaseService.ts(1,21346): error TS1127: Invalid character.
src/services/firebaseService.ts(1,21347): error TS1127: Invalid character.
src/services/firebaseService.ts(1,21348): error TS1127: Invalid character.
src/services/firebaseService.ts(1,21349): error TS1127: Invalid character.
src/services/firebaseService.ts(1,21350): error TS1127: Invalid character.
src/services/firebaseService.ts(1,21351): error TS1127: Invalid character.
src/services/firebaseService.ts(1,21352): error TS1127: Invalid character.
src/services/firebaseService.ts(1,21353): error TS1127: Invalid character.
src/services/firebaseService.ts(1,21354): error TS1127: Invalid character.
src/services/firebaseService.ts(1,21355): error TS1127: Invalid character.
src/services/firebaseService.ts(1,21356): error TS1127: Invalid character.
src/services/firebaseService.ts(1,21357): error TS1127: Invalid character.
src/services/firebaseService.ts(1,21358): error TS1127: Invalid character.
src/services/firebaseService.ts(1,21359): error TS1127: Invalid character.
src/services/firebaseService.ts(1,21360): error TS1127: Invalid character.
src/services/firebaseService.ts(1,21361): error TS1127: Invalid character.
src/services/firebaseService.ts(1,21362): error TS1127: Invalid character.
src/services/firebaseService.ts(1,21363): error TS1127: Invalid character.
src/services/firebaseService.ts(1,21364): error TS1127: Invalid character.
src/services/firebaseService.ts(1,21365): error TS1127: Invalid character.
src/services/firebaseService.ts(1,21366): error TS1127: Invalid character.
src/services/firebaseService.ts(1,21367): error TS1127: Invalid character.
src/services/firebaseService.ts(1,21368): error TS1127: Invalid character.
src/services/firebaseService.ts(1,21369): error TS1127: Invalid character.
src/services/firebaseService.ts(1,21370): error TS1127: Invalid character.
src/services/firebaseService.ts(1,21371): error TS1127: Invalid character.
src/services/firebaseService.ts(1,21372): error TS1127: Invalid character.
src/services/firebaseService.ts(1,21373): error TS1127: Invalid character.
src/services/firebaseService.ts(1,21374): error TS1127: Invalid character.
src/services/firebaseService.ts(1,21375): error TS1127: Invalid character.
src/services/firebaseService.ts(1,21376): error TS1127: Invalid character.
src/services/firebaseService.ts(1,21377): error TS1127: Invalid character.
src/services/firebaseService.ts(1,21378): error TS1127: Invalid character.
src/services/firebaseService.ts(1,21379): error TS1127: Invalid character.
src/services/firebaseService.ts(1,21380): error TS1127: Invalid character.
src/services/firebaseService.ts(1,21381): error TS1127: Invalid character.
src/services/firebaseService.ts(1,21382): error TS1127: Invalid character.
src/services/firebaseService.ts(1,21383): error TS1127: Invalid character.
src/services/firebaseService.ts(1,21384): error TS1127: Invalid character.
src/services/firebaseService.ts(1,21385): error TS1127: Invalid character.
src/services/firebaseService.ts(1,21386): error TS1127: Invalid character.
src/services/firebaseService.ts(1,21387): error TS1127: Invalid character.
src/services/firebaseService.ts(1,21388): error TS1127: Invalid character.
src/services/firebaseService.ts(1,21389): error TS1127: Invalid character.
src/services/firebaseService.ts(1,21390): error TS1127: Invalid character.
src/services/firebaseService.ts(1,21391): error TS1127: Invalid character.
src/services/firebaseService.ts(1,21392): error TS1127: Invalid character.
src/services/firebaseService.ts(1,21393): error TS1127: Invalid character.
src/services/firebaseService.ts(1,21394): error TS1127: Invalid character.
src/services/firebaseService.ts(1,21395): error TS1127: Invalid character.
src/services/firebaseService.ts(1,21396): error TS1127: Invalid character.
src/services/firebaseService.ts(1,21397): error TS1127: Invalid character.
src/services/firebaseService.ts(1,21398): error TS1127: Invalid character.
src/services/firebaseService.ts(1,21399): error TS1127: Invalid character.
src/services/firebaseService.ts(1,21400): error TS1127: Invalid character.
src/services/firebaseService.ts(1,21401): error TS1127: Invalid character.
src/services/firebaseService.ts(1,21402): error TS1127: Invalid character.
src/services/firebaseService.ts(1,21403): error TS1127: Invalid character.
src/services/firebaseService.ts(1,21404): error TS1127: Invalid character.
src/services/firebaseService.ts(1,21405): error TS1127: Invalid character.
src/services/firebaseService.ts(1,21406): error TS1127: Invalid character.
src/services/firebaseService.ts(1,21407): error TS1127: Invalid character.
src/services/firebaseService.ts(1,21408): error TS1127: Invalid character.
src/services/firebaseService.ts(1,21409): error TS1127: Invalid character.
src/services/firebaseService.ts(1,21410): error TS1127: Invalid character.
src/services/firebaseService.ts(1,21411): error TS1127: Invalid character.
src/services/firebaseService.ts(1,21412): error TS1127: Invalid character.
src/services/firebaseService.ts(1,21413): error TS1127: Invalid character.
src/services/firebaseService.ts(1,21414): error TS1127: Invalid character.
src/services/firebaseService.ts(1,21415): error TS1127: Invalid character.
src/services/firebaseService.ts(1,21416): error TS1127: Invalid character.
src/services/firebaseService.ts(1,21417): error TS1127: Invalid character.
src/services/firebaseService.ts(1,21418): error TS1127: Invalid character.
src/services/firebaseService.ts(1,21419): error TS1127: Invalid character.
src/services/firebaseService.ts(1,21420): error TS1127: Invalid character.
src/services/firebaseService.ts(1,21421): error TS1127: Invalid character.
src/services/firebaseService.ts(1,21422): error TS1127: Invalid character.
src/services/firebaseService.ts(1,21423): error TS1127: Invalid character.
src/services/firebaseService.ts(1,21424): error TS1127: Invalid character.
src/services/firebaseService.ts(1,21425): error TS1127: Invalid character.
src/services/firebaseService.ts(1,21426): error TS1127: Invalid character.
src/services/firebaseService.ts(1,21427): error TS1127: Invalid character.
src/services/firebaseService.ts(1,21428): error TS1127: Invalid character.
src/services/firebaseService.ts(1,21429): error TS1127: Invalid character.
src/services/firebaseService.ts(1,21430): error TS1127: Invalid character.
src/services/firebaseService.ts(1,21431): error TS1127: Invalid character.
src/services/firebaseService.ts(1,21432): error TS1127: Invalid character.
src/services/firebaseService.ts(1,21433): error TS1127: Invalid character.
src/services/firebaseService.ts(1,21434): error TS1127: Invalid character.
src/services/firebaseService.ts(1,21435): error TS1127: Invalid character.
src/services/firebaseService.ts(1,21436): error TS1127: Invalid character.
src/services/firebaseService.ts(1,21437): error TS1127: Invalid character.
src/services/firebaseService.ts(1,21438): error TS1127: Invalid character.
src/services/firebaseService.ts(1,21439): error TS1127: Invalid character.
src/services/firebaseService.ts(1,21440): error TS1127: Invalid character.
src/services/firebaseService.ts(1,21441): error TS1127: Invalid character.
src/services/firebaseService.ts(1,21442): error TS1127: Invalid character.
src/services/firebaseService.ts(1,21443): error TS1127: Invalid character.
src/services/firebaseService.ts(1,21444): error TS1127: Invalid character.
src/services/firebaseService.ts(1,21445): error TS1127: Invalid character.
src/services/firebaseService.ts(1,21446): error TS1127: Invalid character.
src/services/firebaseService.ts(1,21447): error TS1127: Invalid character.
src/services/firebaseService.ts(1,21448): error TS1127: Invalid character.
src/services/firebaseService.ts(1,21449): error TS1127: Invalid character.
src/services/firebaseService.ts(1,21450): error TS1127: Invalid character.
src/services/firebaseService.ts(1,21451): error TS1127: Invalid character.
src/services/firebaseService.ts(1,21452): error TS1127: Invalid character.
src/services/firebaseService.ts(1,21453): error TS1127: Invalid character.
src/services/firebaseService.ts(1,21454): error TS1127: Invalid character.
src/services/firebaseService.ts(1,21455): error TS1127: Invalid character.
src/services/firebaseService.ts(1,21456): error TS1127: Invalid character.
src/services/firebaseService.ts(1,21457): error TS1127: Invalid character.
src/services/firebaseService.ts(1,21458): error TS1127: Invalid character.
src/services/firebaseService.ts(1,21459): error TS1127: Invalid character.
src/services/firebaseService.ts(1,21460): error TS1127: Invalid character.
src/services/firebaseService.ts(1,21461): error TS1127: Invalid character.
src/services/firebaseService.ts(1,21462): error TS1127: Invalid character.
src/services/firebaseService.ts(1,21463): error TS1127: Invalid character.
src/services/firebaseService.ts(1,21464): error TS1127: Invalid character.
src/services/firebaseService.ts(1,21465): error TS1127: Invalid character.
src/services/firebaseService.ts(1,21466): error TS1127: Invalid character.
src/services/firebaseService.ts(1,21467): error TS1127: Invalid character.
src/services/firebaseService.ts(1,21468): error TS1127: Invalid character.
src/services/firebaseService.ts(1,21469): error TS1127: Invalid character.
src/services/firebaseService.ts(1,21470): error TS1127: Invalid character.
src/services/firebaseService.ts(1,21471): error TS1127: Invalid character.
src/services/firebaseService.ts(1,21472): error TS1127: Invalid character.
src/services/firebaseService.ts(1,21473): error TS1127: Invalid character.
src/services/firebaseService.ts(1,21474): error TS1127: Invalid character.
src/services/firebaseService.ts(1,21475): error TS1127: Invalid character.
src/services/firebaseService.ts(1,21476): error TS1127: Invalid character.
src/services/firebaseService.ts(1,21477): error TS1127: Invalid character.
src/services/firebaseService.ts(1,21478): error TS1127: Invalid character.
src/services/firebaseService.ts(1,21479): error TS1127: Invalid character.
src/services/firebaseService.ts(1,21480): error TS1127: Invalid character.
src/services/firebaseService.ts(1,21481): error TS1127: Invalid character.
src/services/firebaseService.ts(1,21482): error TS1127: Invalid character.
src/services/firebaseService.ts(1,21483): error TS1127: Invalid character.
src/services/firebaseService.ts(1,21484): error TS1127: Invalid character.
src/services/firebaseService.ts(1,21485): error TS1127: Invalid character.
src/services/firebaseService.ts(1,21486): error TS1127: Invalid character.
src/services/firebaseService.ts(1,21487): error TS1127: Invalid character.
src/services/firebaseService.ts(1,21488): error TS1127: Invalid character.
src/services/firebaseService.ts(1,21489): error TS1127: Invalid character.
src/services/firebaseService.ts(1,21490): error TS1127: Invalid character.
src/services/firebaseService.ts(1,21491): error TS1127: Invalid character.
src/services/firebaseService.ts(1,21492): error TS1127: Invalid character.
src/services/firebaseService.ts(1,21493): error TS1127: Invalid character.
src/services/firebaseService.ts(1,21494): error TS1127: Invalid character.
src/services/firebaseService.ts(1,21495): error TS1127: Invalid character.
src/services/firebaseService.ts(1,21496): error TS1127: Invalid character.
src/services/firebaseService.ts(1,21497): error TS1127: Invalid character.
src/services/firebaseService.ts(1,21498): error TS1127: Invalid character.
src/services/firebaseService.ts(1,21499): error TS1127: Invalid character.
src/services/firebaseService.ts(1,21500): error TS1127: Invalid character.
src/services/firebaseService.ts(1,21501): error TS1127: Invalid character.
src/services/firebaseService.ts(1,21502): error TS1127: Invalid character.
src/services/firebaseService.ts(1,21503): error TS1127: Invalid character.
src/services/firebaseService.ts(1,21504): error TS1127: Invalid character.
src/services/firebaseService.ts(1,21505): error TS1127: Invalid character.
src/services/firebaseService.ts(1,21506): error TS1127: Invalid character.
src/services/firebaseService.ts(1,21507): error TS1127: Invalid character.
src/services/firebaseService.ts(1,21508): error TS1127: Invalid character.
src/services/firebaseService.ts(1,21509): error TS1127: Invalid character.
src/services/firebaseService.ts(1,21510): error TS1127: Invalid character.
src/services/firebaseService.ts(1,21511): error TS1127: Invalid character.
src/services/firebaseService.ts(1,21512): error TS1127: Invalid character.
src/services/firebaseService.ts(1,21513): error TS1127: Invalid character.
src/services/firebaseService.ts(1,21514): error TS1127: Invalid character.
src/services/firebaseService.ts(1,21515): error TS1127: Invalid character.
src/services/firebaseService.ts(1,21516): error TS1127: Invalid character.
src/services/firebaseService.ts(1,21517): error TS1127: Invalid character.
src/services/firebaseService.ts(1,21518): error TS1127: Invalid character.
src/services/firebaseService.ts(1,21519): error TS1127: Invalid character.
src/services/firebaseService.ts(1,21520): error TS1127: Invalid character.
src/services/firebaseService.ts(1,21521): error TS1127: Invalid character.
src/services/firebaseService.ts(1,21522): error TS1127: Invalid character.
src/services/firebaseService.ts(1,21523): error TS1127: Invalid character.
src/services/firebaseService.ts(1,21524): error TS1127: Invalid character.
src/services/firebaseService.ts(1,21525): error TS1127: Invalid character.
src/services/firebaseService.ts(1,21526): error TS1127: Invalid character.
src/services/firebaseService.ts(1,21527): error TS1127: Invalid character.
src/services/firebaseService.ts(1,21528): error TS1127: Invalid character.
src/services/firebaseService.ts(1,21529): error TS1127: Invalid character.
src/services/firebaseService.ts(1,21530): error TS1127: Invalid character.
src/services/firebaseService.ts(1,21531): error TS1127: Invalid character.
src/services/firebaseService.ts(1,21532): error TS1127: Invalid character.
src/services/firebaseService.ts(1,21533): error TS1127: Invalid character.
src/services/firebaseService.ts(1,21534): error TS1127: Invalid character.
src/services/firebaseService.ts(1,21535): error TS1127: Invalid character.
src/services/firebaseService.ts(1,21536): error TS1127: Invalid character.
src/services/firebaseService.ts(1,21537): error TS1127: Invalid character.
src/services/firebaseService.ts(1,21538): error TS1127: Invalid character.
src/services/firebaseService.ts(1,21539): error TS1127: Invalid character.
src/services/firebaseService.ts(1,21540): error TS1127: Invalid character.
src/services/firebaseService.ts(1,21541): error TS1127: Invalid character.
src/services/firebaseService.ts(1,21542): error TS1127: Invalid character.
src/services/firebaseService.ts(1,21543): error TS1127: Invalid character.
src/services/firebaseService.ts(1,21544): error TS1127: Invalid character.
src/services/firebaseService.ts(1,21545): error TS1127: Invalid character.
src/services/firebaseService.ts(1,21546): error TS1127: Invalid character.
src/services/firebaseService.ts(1,21547): error TS1127: Invalid character.
src/services/firebaseService.ts(1,21548): error TS1127: Invalid character.
src/services/firebaseService.ts(1,21549): error TS1127: Invalid character.
src/services/firebaseService.ts(1,21550): error TS1127: Invalid character.
src/services/firebaseService.ts(1,21551): error TS1127: Invalid character.
src/services/firebaseService.ts(1,21552): error TS1127: Invalid character.
src/services/firebaseService.ts(1,21553): error TS1127: Invalid character.
src/services/firebaseService.ts(1,21554): error TS1127: Invalid character.
src/services/firebaseService.ts(1,21555): error TS1127: Invalid character.
src/services/firebaseService.ts(1,21556): error TS1127: Invalid character.
src/services/firebaseService.ts(1,21557): error TS1127: Invalid character.
src/services/firebaseService.ts(1,21558): error TS1127: Invalid character.
src/services/firebaseService.ts(1,21559): error TS1127: Invalid character.
src/services/firebaseService.ts(1,21560): error TS1127: Invalid character.
src/services/firebaseService.ts(1,21561): error TS1127: Invalid character.
src/services/firebaseService.ts(1,21562): error TS1127: Invalid character.
src/services/firebaseService.ts(1,21563): error TS1127: Invalid character.
src/services/firebaseService.ts(1,21564): error TS1127: Invalid character.
src/services/firebaseService.ts(1,21565): error TS1127: Invalid character.
src/services/firebaseService.ts(1,21566): error TS1127: Invalid character.
src/services/firebaseService.ts(1,21567): error TS1127: Invalid character.
src/services/firebaseService.ts(1,21568): error TS1127: Invalid character.
src/services/firebaseService.ts(1,21569): error TS1127: Invalid character.
src/services/firebaseService.ts(1,21570): error TS1127: Invalid character.
src/services/firebaseService.ts(1,21571): error TS1127: Invalid character.
src/services/firebaseService.ts(1,21572): error TS1127: Invalid character.
src/services/firebaseService.ts(1,21573): error TS1127: Invalid character.
src/services/firebaseService.ts(1,21574): error TS1127: Invalid character.
src/services/firebaseService.ts(1,21575): error TS1127: Invalid character.
src/services/firebaseService.ts(1,21576): error TS1127: Invalid character.
src/services/firebaseService.ts(1,21577): error TS1127: Invalid character.
src/services/firebaseService.ts(1,21578): error TS1127: Invalid character.
src/services/firebaseService.ts(1,21579): error TS1127: Invalid character.
src/services/firebaseService.ts(1,21580): error TS1127: Invalid character.
src/services/firebaseService.ts(1,21581): error TS1127: Invalid character.
src/services/firebaseService.ts(1,21582): error TS1127: Invalid character.
src/services/firebaseService.ts(1,21583): error TS1127: Invalid character.
src/services/firebaseService.ts(1,21584): error TS1127: Invalid character.
src/services/firebaseService.ts(1,21585): error TS1127: Invalid character.
src/services/firebaseService.ts(1,21586): error TS1127: Invalid character.
src/services/firebaseService.ts(1,21587): error TS1127: Invalid character.
src/services/firebaseService.ts(1,21588): error TS1127: Invalid character.
src/services/firebaseService.ts(1,21589): error TS1127: Invalid character.
src/services/firebaseService.ts(1,21590): error TS1127: Invalid character.
src/services/firebaseService.ts(1,21591): error TS1127: Invalid character.
src/services/firebaseService.ts(1,21592): error TS1127: Invalid character.
src/services/firebaseService.ts(1,21593): error TS1127: Invalid character.
src/services/firebaseService.ts(1,21594): error TS1127: Invalid character.
src/services/firebaseService.ts(1,21595): error TS1127: Invalid character.
src/services/firebaseService.ts(1,21596): error TS1127: Invalid character.
src/services/firebaseService.ts(1,21597): error TS1127: Invalid character.
src/services/firebaseService.ts(1,21598): error TS1127: Invalid character.
src/services/firebaseService.ts(1,21599): error TS1127: Invalid character.
src/services/firebaseService.ts(1,21600): error TS1127: Invalid character.
src/services/firebaseService.ts(1,21601): error TS1127: Invalid character.
src/services/firebaseService.ts(1,21602): error TS1127: Invalid character.
src/services/firebaseService.ts(1,21603): error TS1127: Invalid character.
src/services/firebaseService.ts(1,21604): error TS1127: Invalid character.
src/services/firebaseService.ts(1,21605): error TS1127: Invalid character.
src/services/firebaseService.ts(1,21606): error TS1127: Invalid character.
src/services/firebaseService.ts(1,21607): error TS1127: Invalid character.
src/services/firebaseService.ts(1,21608): error TS1127: Invalid character.
src/services/firebaseService.ts(1,21609): error TS1127: Invalid character.
src/services/firebaseService.ts(1,21610): error TS1127: Invalid character.
src/services/firebaseService.ts(1,21611): error TS1127: Invalid character.
src/services/firebaseService.ts(1,21612): error TS1127: Invalid character.
src/services/firebaseService.ts(1,21613): error TS1127: Invalid character.
src/services/firebaseService.ts(1,21614): error TS1127: Invalid character.
src/services/firebaseService.ts(1,21615): error TS1127: Invalid character.
src/services/firebaseService.ts(1,21616): error TS1127: Invalid character.
src/services/firebaseService.ts(1,21617): error TS1127: Invalid character.
src/services/firebaseService.ts(1,21618): error TS1127: Invalid character.
src/services/firebaseService.ts(1,21619): error TS1127: Invalid character.
src/services/firebaseService.ts(1,21620): error TS1127: Invalid character.
src/services/firebaseService.ts(1,21621): error TS1127: Invalid character.
src/services/firebaseService.ts(1,21622): error TS1127: Invalid character.
src/services/firebaseService.ts(1,21623): error TS1127: Invalid character.
src/services/firebaseService.ts(1,21624): error TS1127: Invalid character.
src/services/firebaseService.ts(1,21625): error TS1127: Invalid character.
src/services/firebaseService.ts(1,21626): error TS1127: Invalid character.
src/services/firebaseService.ts(1,21627): error TS1127: Invalid character.
src/services/firebaseService.ts(1,21628): error TS1127: Invalid character.
src/services/firebaseService.ts(1,21629): error TS1127: Invalid character.
src/services/firebaseService.ts(1,21630): error TS1127: Invalid character.
src/services/firebaseService.ts(1,21631): error TS1127: Invalid character.
src/services/firebaseService.ts(1,21632): error TS1127: Invalid character.
src/services/firebaseService.ts(1,21633): error TS1127: Invalid character.
src/services/firebaseService.ts(1,21634): error TS1127: Invalid character.
src/services/firebaseService.ts(1,21635): error TS1127: Invalid character.
src/services/firebaseService.ts(1,21636): error TS1127: Invalid character.
src/services/firebaseService.ts(1,21637): error TS1127: Invalid character.
src/services/firebaseService.ts(1,21638): error TS1127: Invalid character.
src/services/firebaseService.ts(1,21639): error TS1127: Invalid character.
src/services/firebaseService.ts(1,21640): error TS1127: Invalid character.
src/services/firebaseService.ts(1,21641): error TS1127: Invalid character.
src/services/firebaseService.ts(1,21642): error TS1127: Invalid character.
src/services/firebaseService.ts(1,21643): error TS1127: Invalid character.
src/services/firebaseService.ts(1,21644): error TS1127: Invalid character.
src/services/firebaseService.ts(1,21645): error TS1127: Invalid character.
src/services/firebaseService.ts(1,21646): error TS1127: Invalid character.
src/services/firebaseService.ts(1,21647): error TS1127: Invalid character.
src/services/firebaseService.ts(1,21648): error TS1127: Invalid character.
src/services/firebaseService.ts(1,21649): error TS1127: Invalid character.
src/services/firebaseService.ts(1,21650): error TS1127: Invalid character.
src/services/firebaseService.ts(1,21651): error TS1127: Invalid character.
src/services/firebaseService.ts(1,21652): error TS1127: Invalid character.
src/services/firebaseService.ts(1,21653): error TS1127: Invalid character.
src/services/firebaseService.ts(1,21654): error TS1127: Invalid character.
src/services/firebaseService.ts(1,21655): error TS1127: Invalid character.
src/services/firebaseService.ts(1,21656): error TS1127: Invalid character.
src/services/firebaseService.ts(1,21657): error TS1127: Invalid character.
src/services/firebaseService.ts(1,21658): error TS1127: Invalid character.
src/services/firebaseService.ts(1,21659): error TS1127: Invalid character.
src/services/firebaseService.ts(1,21660): error TS1127: Invalid character.
src/services/firebaseService.ts(1,21661): error TS1127: Invalid character.
src/services/firebaseService.ts(1,21662): error TS1127: Invalid character.
src/services/firebaseService.ts(1,21663): error TS1127: Invalid character.
src/services/firebaseService.ts(1,21664): error TS1127: Invalid character.
src/services/firebaseService.ts(1,21665): error TS1127: Invalid character.
src/services/firebaseService.ts(1,21666): error TS1127: Invalid character.
src/services/firebaseService.ts(1,21667): error TS1127: Invalid character.
src/services/firebaseService.ts(1,21668): error TS1127: Invalid character.
src/services/firebaseService.ts(1,21669): error TS1127: Invalid character.
src/services/firebaseService.ts(1,21670): error TS1127: Invalid character.
src/services/firebaseService.ts(1,21671): error TS1127: Invalid character.
src/services/firebaseService.ts(1,21672): error TS1127: Invalid character.
src/services/firebaseService.ts(1,21673): error TS1127: Invalid character.
src/services/firebaseService.ts(1,21674): error TS1127: Invalid character.
src/services/firebaseService.ts(1,21675): error TS1127: Invalid character.
src/services/firebaseService.ts(1,21676): error TS1127: Invalid character.
src/services/firebaseService.ts(1,21677): error TS1127: Invalid character.
src/services/firebaseService.ts(1,21678): error TS1127: Invalid character.
src/services/firebaseService.ts(1,21679): error TS1127: Invalid character.
src/services/firebaseService.ts(1,21680): error TS1127: Invalid character.
src/services/firebaseService.ts(1,21681): error TS1127: Invalid character.
src/services/firebaseService.ts(1,21682): error TS1127: Invalid character.
src/services/firebaseService.ts(1,21683): error TS1127: Invalid character.
src/services/firebaseService.ts(1,21684): error TS1127: Invalid character.
src/services/firebaseService.ts(1,21685): error TS1127: Invalid character.
src/services/firebaseService.ts(1,21686): error TS1127: Invalid character.
src/services/firebaseService.ts(1,21687): error TS1127: Invalid character.
src/services/firebaseService.ts(1,21688): error TS1127: Invalid character.
src/services/firebaseService.ts(1,21689): error TS1127: Invalid character.
src/services/firebaseService.ts(1,21690): error TS1127: Invalid character.
src/services/firebaseService.ts(1,21691): error TS1127: Invalid character.
src/services/firebaseService.ts(1,21692): error TS1127: Invalid character.
src/services/firebaseService.ts(1,21693): error TS1127: Invalid character.
src/services/firebaseService.ts(1,21694): error TS1127: Invalid character.
src/services/firebaseService.ts(1,21695): error TS1127: Invalid character.
src/services/firebaseService.ts(1,21696): error TS1127: Invalid character.
src/services/firebaseService.ts(1,21697): error TS1127: Invalid character.
src/services/firebaseService.ts(1,21698): error TS1127: Invalid character.
src/services/firebaseService.ts(1,21699): error TS1127: Invalid character.
src/services/firebaseService.ts(1,21700): error TS1127: Invalid character.
src/services/firebaseService.ts(1,21701): error TS1127: Invalid character.
src/services/firebaseService.ts(1,21702): error TS1127: Invalid character.
src/services/firebaseService.ts(1,21703): error TS1127: Invalid character.
src/services/firebaseService.ts(1,21704): error TS1127: Invalid character.
src/services/firebaseService.ts(1,21705): error TS1127: Invalid character.
src/services/firebaseService.ts(1,21706): error TS1127: Invalid character.
src/services/firebaseService.ts(1,21707): error TS1127: Invalid character.
src/services/firebaseService.ts(1,21708): error TS1127: Invalid character.
src/services/firebaseService.ts(1,21709): error TS1127: Invalid character.
src/services/firebaseService.ts(1,21710): error TS1127: Invalid character.
src/services/firebaseService.ts(1,21711): error TS1127: Invalid character.
src/services/firebaseService.ts(1,21712): error TS1127: Invalid character.
src/services/firebaseService.ts(1,21713): error TS1127: Invalid character.
src/services/firebaseService.ts(1,21714): error TS1127: Invalid character.
src/services/firebaseService.ts(1,21715): error TS1127: Invalid character.
src/services/firebaseService.ts(1,21716): error TS1127: Invalid character.
src/services/firebaseService.ts(1,21717): error TS1127: Invalid character.
src/services/firebaseService.ts(1,21718): error TS1127: Invalid character.
src/services/firebaseService.ts(1,21719): error TS1127: Invalid character.
src/services/firebaseService.ts(1,21720): error TS1127: Invalid character.
src/services/firebaseService.ts(1,21721): error TS1127: Invalid character.
src/services/firebaseService.ts(1,21722): error TS1127: Invalid character.
src/services/firebaseService.ts(1,21723): error TS1127: Invalid character.
src/services/firebaseService.ts(1,21724): error TS1127: Invalid character.
src/services/firebaseService.ts(1,21725): error TS1127: Invalid character.
src/services/firebaseService.ts(1,21726): error TS1127: Invalid character.
src/services/firebaseService.ts(1,21727): error TS1127: Invalid character.
src/services/firebaseService.ts(1,21728): error TS1127: Invalid character.
src/services/firebaseService.ts(1,21729): error TS1127: Invalid character.
src/services/firebaseService.ts(1,21730): error TS1127: Invalid character.
src/services/firebaseService.ts(1,21731): error TS1127: Invalid character.
src/services/firebaseService.ts(1,21732): error TS1127: Invalid character.
src/services/firebaseService.ts(1,21733): error TS1127: Invalid character.
src/services/firebaseService.ts(1,21734): error TS1127: Invalid character.
src/services/firebaseService.ts(1,21735): error TS1127: Invalid character.
src/services/firebaseService.ts(1,21736): error TS1127: Invalid character.
src/services/firebaseService.ts(1,21737): error TS1127: Invalid character.
src/services/firebaseService.ts(1,21738): error TS1127: Invalid character.
src/services/firebaseService.ts(1,21739): error TS1127: Invalid character.
src/services/firebaseService.ts(1,21740): error TS1127: Invalid character.
src/services/firebaseService.ts(1,21741): error TS1127: Invalid character.
src/services/firebaseService.ts(1,21742): error TS1127: Invalid character.
src/services/firebaseService.ts(1,21743): error TS1127: Invalid character.
src/services/firebaseService.ts(1,21744): error TS1127: Invalid character.
src/services/firebaseService.ts(1,21745): error TS1127: Invalid character.
src/services/firebaseService.ts(1,21746): error TS1127: Invalid character.
src/services/firebaseService.ts(1,21747): error TS1127: Invalid character.
src/services/firebaseService.ts(1,21748): error TS1127: Invalid character.
src/services/firebaseService.ts(1,21749): error TS1127: Invalid character.
src/services/firebaseService.ts(1,21750): error TS1127: Invalid character.
src/services/firebaseService.ts(1,21751): error TS1127: Invalid character.
src/services/firebaseService.ts(1,21752): error TS1127: Invalid character.
src/services/firebaseService.ts(1,21753): error TS1127: Invalid character.
src/services/firebaseService.ts(1,21754): error TS1127: Invalid character.
src/services/firebaseService.ts(1,21755): error TS1127: Invalid character.
src/services/firebaseService.ts(1,21756): error TS1127: Invalid character.
src/services/firebaseService.ts(1,21757): error TS1127: Invalid character.
src/services/firebaseService.ts(1,21758): error TS1127: Invalid character.
src/services/firebaseService.ts(1,21759): error TS1127: Invalid character.
src/services/firebaseService.ts(1,21760): error TS1127: Invalid character.
src/services/firebaseService.ts(1,21761): error TS1127: Invalid character.
src/services/firebaseService.ts(1,21762): error TS1127: Invalid character.
src/services/firebaseService.ts(1,21763): error TS1127: Invalid character.
src/services/firebaseService.ts(1,21764): error TS1127: Invalid character.
src/services/firebaseService.ts(1,21765): error TS1127: Invalid character.
src/services/firebaseService.ts(1,21766): error TS1127: Invalid character.
src/services/firebaseService.ts(1,21767): error TS1127: Invalid character.
src/services/firebaseService.ts(1,21768): error TS1127: Invalid character.
src/services/firebaseService.ts(1,21769): error TS1127: Invalid character.
src/services/firebaseService.ts(1,21770): error TS1127: Invalid character.
src/services/firebaseService.ts(1,21771): error TS1127: Invalid character.
src/services/firebaseService.ts(1,21772): error TS1127: Invalid character.
src/services/firebaseService.ts(1,21773): error TS1127: Invalid character.
src/services/firebaseService.ts(1,21774): error TS1127: Invalid character.
src/services/firebaseService.ts(1,21775): error TS1127: Invalid character.
src/services/firebaseService.ts(1,21776): error TS1127: Invalid character.
src/services/firebaseService.ts(1,21777): error TS1127: Invalid character.
src/services/firebaseService.ts(1,21778): error TS1127: Invalid character.
src/services/firebaseService.ts(1,21779): error TS1127: Invalid character.
src/services/firebaseService.ts(1,21780): error TS1127: Invalid character.
src/services/firebaseService.ts(1,21781): error TS1127: Invalid character.
src/services/firebaseService.ts(1,21782): error TS1127: Invalid character.
src/services/firebaseService.ts(1,21783): error TS1127: Invalid character.
src/services/firebaseService.ts(1,21784): error TS1127: Invalid character.
src/services/firebaseService.ts(1,21785): error TS1127: Invalid character.
src/services/firebaseService.ts(1,21786): error TS1127: Invalid character.
src/services/firebaseService.ts(1,21787): error TS1127: Invalid character.
src/services/firebaseService.ts(1,21788): error TS1127: Invalid character.
src/services/firebaseService.ts(1,21789): error TS1127: Invalid character.
src/services/firebaseService.ts(1,21790): error TS1127: Invalid character.
src/services/firebaseService.ts(1,21791): error TS1127: Invalid character.
src/services/firebaseService.ts(1,21792): error TS1127: Invalid character.
src/services/firebaseService.ts(1,21793): error TS1127: Invalid character.
src/services/firebaseService.ts(1,21794): error TS1127: Invalid character.
src/services/firebaseService.ts(1,21795): error TS1127: Invalid character.
src/services/firebaseService.ts(1,21796): error TS1127: Invalid character.
src/services/firebaseService.ts(1,21797): error TS1127: Invalid character.
src/services/firebaseService.ts(1,21798): error TS1127: Invalid character.
src/services/firebaseService.ts(1,21799): error TS1127: Invalid character.
src/services/firebaseService.ts(1,21800): error TS1127: Invalid character.
src/services/firebaseService.ts(1,21801): error TS1127: Invalid character.
src/services/firebaseService.ts(1,21802): error TS1127: Invalid character.
src/services/firebaseService.ts(1,21803): error TS1127: Invalid character.
src/services/firebaseService.ts(1,21804): error TS1127: Invalid character.
src/services/firebaseService.ts(1,21805): error TS1127: Invalid character.
src/services/firebaseService.ts(1,21806): error TS1127: Invalid character.
src/services/firebaseService.ts(1,21807): error TS1127: Invalid character.
src/services/firebaseService.ts(1,21808): error TS1127: Invalid character.
src/services/firebaseService.ts(1,21809): error TS1127: Invalid character.
src/services/firebaseService.ts(1,21810): error TS1127: Invalid character.
src/services/firebaseService.ts(1,21811): error TS1127: Invalid character.
src/services/firebaseService.ts(1,21812): error TS1127: Invalid character.
src/services/firebaseService.ts(1,21813): error TS1127: Invalid character.
src/services/firebaseService.ts(1,21814): error TS1127: Invalid character.
src/services/firebaseService.ts(1,21815): error TS1127: Invalid character.
src/services/firebaseService.ts(1,21816): error TS1127: Invalid character.
src/services/firebaseService.ts(1,21817): error TS1127: Invalid character.
src/services/firebaseService.ts(1,21818): error TS1127: Invalid character.
src/services/firebaseService.ts(1,21819): error TS1127: Invalid character.
src/services/firebaseService.ts(1,21820): error TS1127: Invalid character.
src/services/firebaseService.ts(1,21821): error TS1127: Invalid character.
src/services/firebaseService.ts(1,21822): error TS1127: Invalid character.
src/services/firebaseService.ts(1,21823): error TS1127: Invalid character.
src/services/firebaseService.ts(1,21824): error TS1127: Invalid character.
src/services/firebaseService.ts(1,21825): error TS1127: Invalid character.
src/services/firebaseService.ts(1,21826): error TS1127: Invalid character.
src/services/firebaseService.ts(1,21827): error TS1127: Invalid character.
src/services/firebaseService.ts(1,21828): error TS1127: Invalid character.
src/services/firebaseService.ts(1,21829): error TS1127: Invalid character.
src/services/firebaseService.ts(1,21830): error TS1127: Invalid character.
src/services/firebaseService.ts(1,21831): error TS1127: Invalid character.
src/services/firebaseService.ts(1,21832): error TS1127: Invalid character.
src/services/firebaseService.ts(1,21833): error TS1127: Invalid character.
src/services/firebaseService.ts(1,21834): error TS1127: Invalid character.
src/services/firebaseService.ts(1,21835): error TS1127: Invalid character.
src/services/firebaseService.ts(1,21836): error TS1127: Invalid character.
src/services/firebaseService.ts(1,21837): error TS1127: Invalid character.
src/services/firebaseService.ts(1,21838): error TS1127: Invalid character.
src/services/firebaseService.ts(1,21839): error TS1127: Invalid character.
src/services/firebaseService.ts(1,21840): error TS1127: Invalid character.
src/services/firebaseService.ts(1,21841): error TS1127: Invalid character.
src/services/firebaseService.ts(1,21842): error TS1127: Invalid character.
src/services/firebaseService.ts(1,21843): error TS1127: Invalid character.
src/services/firebaseService.ts(1,21844): error TS1127: Invalid character.
src/services/firebaseService.ts(1,21845): error TS1127: Invalid character.
src/services/firebaseService.ts(1,21846): error TS1127: Invalid character.
src/services/firebaseService.ts(1,21847): error TS1127: Invalid character.
src/services/firebaseService.ts(1,21848): error TS1127: Invalid character.
src/services/firebaseService.ts(1,21849): error TS1127: Invalid character.
src/services/firebaseService.ts(1,21850): error TS1127: Invalid character.
src/services/firebaseService.ts(1,21851): error TS1127: Invalid character.
src/services/firebaseService.ts(1,21852): error TS1127: Invalid character.
src/services/firebaseService.ts(1,21853): error TS1127: Invalid character.
src/services/firebaseService.ts(1,21854): error TS1127: Invalid character.
src/services/firebaseService.ts(1,21855): error TS1127: Invalid character.
src/services/firebaseService.ts(1,21856): error TS1127: Invalid character.
src/services/firebaseService.ts(1,21857): error TS1127: Invalid character.
src/services/firebaseService.ts(1,21858): error TS1127: Invalid character.
src/services/firebaseService.ts(1,21859): error TS1127: Invalid character.
src/services/firebaseService.ts(1,21860): error TS1127: Invalid character.
src/services/firebaseService.ts(1,21861): error TS1127: Invalid character.
src/services/firebaseService.ts(1,21862): error TS1127: Invalid character.
src/services/firebaseService.ts(1,21863): error TS1127: Invalid character.
src/services/firebaseService.ts(1,21864): error TS1127: Invalid character.
src/services/firebaseService.ts(1,21865): error TS1127: Invalid character.
src/services/firebaseService.ts(1,21866): error TS1127: Invalid character.
src/services/firebaseService.ts(1,21867): error TS1127: Invalid character.
src/services/firebaseService.ts(1,21868): error TS1127: Invalid character.
src/services/firebaseService.ts(1,21869): error TS1127: Invalid character.
src/services/firebaseService.ts(1,21870): error TS1127: Invalid character.
src/services/firebaseService.ts(1,21871): error TS1127: Invalid character.
src/services/firebaseService.ts(1,21872): error TS1127: Invalid character.
src/services/firebaseService.ts(1,21873): error TS1127: Invalid character.
src/services/firebaseService.ts(1,21874): error TS1127: Invalid character.
src/services/firebaseService.ts(1,21875): error TS1127: Invalid character.
src/services/firebaseService.ts(1,21876): error TS1127: Invalid character.
src/services/firebaseService.ts(1,21877): error TS1127: Invalid character.
src/services/firebaseService.ts(1,21878): error TS1127: Invalid character.
src/services/firebaseService.ts(1,21879): error TS1127: Invalid character.
src/services/firebaseService.ts(1,21880): error TS1127: Invalid character.
src/services/firebaseService.ts(1,21881): error TS1127: Invalid character.
src/services/firebaseService.ts(1,21882): error TS1127: Invalid character.
src/services/firebaseService.ts(1,21883): error TS1127: Invalid character.
src/services/firebaseService.ts(1,21884): error TS1127: Invalid character.
src/services/firebaseService.ts(1,21885): error TS1127: Invalid character.
src/services/firebaseService.ts(1,21886): error TS1127: Invalid character.
src/services/firebaseService.ts(1,21887): error TS1127: Invalid character.
src/services/firebaseService.ts(1,21888): error TS1127: Invalid character.
src/services/firebaseService.ts(1,21889): error TS1127: Invalid character.
src/services/firebaseService.ts(1,21890): error TS1127: Invalid character.
src/services/firebaseService.ts(1,21891): error TS1127: Invalid character.
src/services/firebaseService.ts(1,21892): error TS1127: Invalid character.
src/services/firebaseService.ts(1,21893): error TS1127: Invalid character.
src/services/firebaseService.ts(1,21894): error TS1127: Invalid character.
src/services/firebaseService.ts(1,21895): error TS1127: Invalid character.
src/services/firebaseService.ts(1,21896): error TS1127: Invalid character.
src/services/firebaseService.ts(1,21897): error TS1127: Invalid character.
src/services/firebaseService.ts(1,21898): error TS1127: Invalid character.
src/services/firebaseService.ts(1,21899): error TS1127: Invalid character.
src/services/firebaseService.ts(1,21900): error TS1127: Invalid character.
src/services/firebaseService.ts(1,21901): error TS1127: Invalid character.
src/services/firebaseService.ts(1,21902): error TS1127: Invalid character.
src/services/firebaseService.ts(1,21903): error TS1127: Invalid character.
src/services/firebaseService.ts(1,21904): error TS1127: Invalid character.
src/services/firebaseService.ts(1,21905): error TS1127: Invalid character.
src/services/firebaseService.ts(1,21906): error TS1127: Invalid character.
src/services/firebaseService.ts(1,21907): error TS1127: Invalid character.
src/services/firebaseService.ts(1,21908): error TS1127: Invalid character.
src/services/firebaseService.ts(1,21909): error TS1127: Invalid character.
src/services/firebaseService.ts(1,21910): error TS1127: Invalid character.
src/services/firebaseService.ts(1,21911): error TS1127: Invalid character.
src/services/firebaseService.ts(1,21912): error TS1127: Invalid character.
src/services/firebaseService.ts(1,21913): error TS1127: Invalid character.
src/services/firebaseService.ts(1,21914): error TS1127: Invalid character.
src/services/firebaseService.ts(1,21915): error TS1127: Invalid character.
src/services/firebaseService.ts(1,21916): error TS1127: Invalid character.
src/services/firebaseService.ts(1,21917): error TS1127: Invalid character.
src/services/firebaseService.ts(1,21918): error TS1127: Invalid character.
src/services/firebaseService.ts(1,21919): error TS1127: Invalid character.
src/services/firebaseService.ts(1,21920): error TS1127: Invalid character.
src/services/firebaseService.ts(1,21921): error TS1127: Invalid character.
src/services/firebaseService.ts(1,21922): error TS1127: Invalid character.
src/services/firebaseService.ts(1,21923): error TS1127: Invalid character.
src/services/firebaseService.ts(1,21924): error TS1127: Invalid character.
src/services/firebaseService.ts(1,21925): error TS1127: Invalid character.
src/services/firebaseService.ts(1,21926): error TS1127: Invalid character.
src/services/firebaseService.ts(1,21927): error TS1127: Invalid character.
src/services/firebaseService.ts(1,21928): error TS1127: Invalid character.
src/services/firebaseService.ts(1,21929): error TS1127: Invalid character.
src/services/firebaseService.ts(1,21930): error TS1127: Invalid character.
src/services/firebaseService.ts(1,21931): error TS1127: Invalid character.
src/services/firebaseService.ts(1,21932): error TS1127: Invalid character.
src/services/firebaseService.ts(1,21933): error TS1127: Invalid character.
src/services/firebaseService.ts(1,21934): error TS1127: Invalid character.
src/services/firebaseService.ts(1,21935): error TS1127: Invalid character.
src/services/firebaseService.ts(1,21936): error TS1127: Invalid character.
src/services/firebaseService.ts(1,21937): error TS1127: Invalid character.
src/services/firebaseService.ts(1,21938): error TS1127: Invalid character.
src/services/firebaseService.ts(1,21939): error TS1127: Invalid character.
src/services/firebaseService.ts(1,21940): error TS1127: Invalid character.
src/services/firebaseService.ts(1,21941): error TS1127: Invalid character.
src/services/firebaseService.ts(1,21942): error TS1127: Invalid character.
src/services/firebaseService.ts(1,21943): error TS1127: Invalid character.
src/services/firebaseService.ts(1,21944): error TS1127: Invalid character.
src/services/firebaseService.ts(1,21945): error TS1127: Invalid character.
src/services/firebaseService.ts(1,21946): error TS1127: Invalid character.
src/services/firebaseService.ts(1,21947): error TS1127: Invalid character.
src/services/firebaseService.ts(1,21948): error TS1127: Invalid character.
src/services/firebaseService.ts(1,21949): error TS1127: Invalid character.
src/services/firebaseService.ts(1,21950): error TS1127: Invalid character.
src/services/firebaseService.ts(1,21951): error TS1127: Invalid character.
src/services/firebaseService.ts(1,21952): error TS1127: Invalid character.
src/services/firebaseService.ts(1,21953): error TS1127: Invalid character.
src/services/firebaseService.ts(1,21954): error TS1127: Invalid character.
src/services/firebaseService.ts(1,21955): error TS1127: Invalid character.
src/services/firebaseService.ts(1,21956): error TS1127: Invalid character.
src/services/firebaseService.ts(1,21957): error TS1127: Invalid character.
src/services/firebaseService.ts(1,21958): error TS1127: Invalid character.
src/services/firebaseService.ts(1,21959): error TS1127: Invalid character.
src/services/firebaseService.ts(1,21960): error TS1127: Invalid character.
src/services/firebaseService.ts(1,21961): error TS1127: Invalid character.
src/services/firebaseService.ts(1,21962): error TS1127: Invalid character.
src/services/firebaseService.ts(1,21963): error TS1127: Invalid character.
src/services/firebaseService.ts(1,21964): error TS1127: Invalid character.
src/services/firebaseService.ts(1,21965): error TS1127: Invalid character.
src/services/firebaseService.ts(1,21966): error TS1127: Invalid character.
src/services/firebaseService.ts(1,21967): error TS1127: Invalid character.
src/services/firebaseService.ts(1,21968): error TS1127: Invalid character.
src/services/firebaseService.ts(1,21969): error TS1127: Invalid character.
src/services/firebaseService.ts(1,21970): error TS1127: Invalid character.
src/services/firebaseService.ts(1,21971): error TS1127: Invalid character.
src/services/firebaseService.ts(1,21972): error TS1127: Invalid character.
src/services/firebaseService.ts(1,21973): error TS1127: Invalid character.
src/services/firebaseService.ts(1,21974): error TS1127: Invalid character.
src/services/firebaseService.ts(1,21975): error TS1127: Invalid character.
src/services/firebaseService.ts(1,21976): error TS1127: Invalid character.
src/services/firebaseService.ts(1,21977): error TS1127: Invalid character.
src/services/firebaseService.ts(1,21978): error TS1127: Invalid character.
src/services/firebaseService.ts(1,21979): error TS1127: Invalid character.
src/services/firebaseService.ts(1,21980): error TS1127: Invalid character.
src/services/firebaseService.ts(1,21981): error TS1127: Invalid character.
src/services/firebaseService.ts(1,21982): error TS1127: Invalid character.
src/services/firebaseService.ts(1,21983): error TS1127: Invalid character.
src/services/firebaseService.ts(1,21984): error TS1127: Invalid character.
src/services/firebaseService.ts(1,21985): error TS1127: Invalid character.
src/services/firebaseService.ts(1,21986): error TS1127: Invalid character.
src/services/firebaseService.ts(1,21987): error TS1127: Invalid character.
src/services/firebaseService.ts(1,21988): error TS1127: Invalid character.
src/services/firebaseService.ts(1,21989): error TS1127: Invalid character.
src/services/firebaseService.ts(1,21990): error TS1127: Invalid character.
src/services/firebaseService.ts(1,21991): error TS1127: Invalid character.
src/services/firebaseService.ts(1,21992): error TS1127: Invalid character.
src/services/firebaseService.ts(1,21993): error TS1127: Invalid character.
src/services/firebaseService.ts(1,21994): error TS1127: Invalid character.
src/services/firebaseService.ts(1,21995): error TS1127: Invalid character.
src/services/firebaseService.ts(1,21996): error TS1127: Invalid character.
src/services/firebaseService.ts(1,21997): error TS1127: Invalid character.
src/services/firebaseService.ts(1,21998): error TS1127: Invalid character.
src/services/firebaseService.ts(1,21999): error TS1127: Invalid character.
src/services/firebaseService.ts(1,22000): error TS1127: Invalid character.
src/services/firebaseService.ts(1,22001): error TS1127: Invalid character.
src/services/firebaseService.ts(1,22002): error TS1127: Invalid character.
src/services/firebaseService.ts(1,22003): error TS1127: Invalid character.
src/services/firebaseService.ts(1,22004): error TS1127: Invalid character.
src/services/firebaseService.ts(1,22005): error TS1127: Invalid character.
src/services/firebaseService.ts(1,22006): error TS1127: Invalid character.
src/services/firebaseService.ts(1,22007): error TS1127: Invalid character.
src/services/firebaseService.ts(1,22008): error TS1127: Invalid character.
src/services/firebaseService.ts(1,22009): error TS1127: Invalid character.
src/services/firebaseService.ts(1,22010): error TS1127: Invalid character.
src/services/firebaseService.ts(1,22011): error TS1127: Invalid character.
src/services/firebaseService.ts(1,22012): error TS1127: Invalid character.
src/services/firebaseService.ts(1,22013): error TS1127: Invalid character.
src/services/firebaseService.ts(1,22014): error TS1127: Invalid character.
src/services/firebaseService.ts(1,22015): error TS1127: Invalid character.
src/services/firebaseService.ts(1,22016): error TS1127: Invalid character.
src/services/firebaseService.ts(1,22017): error TS1127: Invalid character.
src/services/firebaseService.ts(1,22018): error TS1127: Invalid character.
src/services/firebaseService.ts(1,22019): error TS1127: Invalid character.
src/services/firebaseService.ts(1,22020): error TS1127: Invalid character.
src/services/firebaseService.ts(1,22021): error TS1127: Invalid character.
src/services/firebaseService.ts(1,22022): error TS1127: Invalid character.
src/services/firebaseService.ts(1,22023): error TS1127: Invalid character.
src/services/firebaseService.ts(1,22024): error TS1127: Invalid character.
src/services/firebaseService.ts(1,22025): error TS1127: Invalid character.
src/services/firebaseService.ts(1,22026): error TS1127: Invalid character.
src/services/firebaseService.ts(1,22027): error TS1127: Invalid character.
src/services/firebaseService.ts(1,22028): error TS1127: Invalid character.
src/services/firebaseService.ts(1,22029): error TS1127: Invalid character.
src/services/firebaseService.ts(1,22030): error TS1127: Invalid character.
src/services/firebaseService.ts(1,22031): error TS1127: Invalid character.
src/services/firebaseService.ts(1,22032): error TS1127: Invalid character.
src/services/firebaseService.ts(1,22033): error TS1127: Invalid character.
src/services/firebaseService.ts(1,22034): error TS1127: Invalid character.
src/services/firebaseService.ts(1,22035): error TS1127: Invalid character.
src/services/firebaseService.ts(1,22036): error TS1127: Invalid character.
src/services/firebaseService.ts(1,22037): error TS1127: Invalid character.
src/services/firebaseService.ts(1,22038): error TS1127: Invalid character.
src/services/firebaseService.ts(1,22039): error TS1127: Invalid character.
src/services/firebaseService.ts(1,22040): error TS1127: Invalid character.
src/services/firebaseService.ts(1,22041): error TS1127: Invalid character.
src/services/firebaseService.ts(1,22042): error TS1127: Invalid character.
src/services/firebaseService.ts(1,22043): error TS1127: Invalid character.
src/services/firebaseService.ts(1,22044): error TS1127: Invalid character.
src/services/firebaseService.ts(1,22045): error TS1127: Invalid character.
src/services/firebaseService.ts(1,22046): error TS1127: Invalid character.
src/services/firebaseService.ts(1,22047): error TS1127: Invalid character.
src/services/firebaseService.ts(1,22048): error TS1127: Invalid character.
src/services/firebaseService.ts(1,22049): error TS1127: Invalid character.
src/services/firebaseService.ts(1,22050): error TS1127: Invalid character.
src/services/firebaseService.ts(1,22051): error TS1127: Invalid character.
src/services/firebaseService.ts(1,22052): error TS1127: Invalid character.
src/services/firebaseService.ts(1,22053): error TS1127: Invalid character.
src/services/firebaseService.ts(1,22054): error TS1127: Invalid character.
src/services/firebaseService.ts(1,22055): error TS1127: Invalid character.
src/services/firebaseService.ts(1,22056): error TS1127: Invalid character.
src/services/firebaseService.ts(1,22057): error TS1127: Invalid character.
src/services/firebaseService.ts(1,22058): error TS1127: Invalid character.
src/services/firebaseService.ts(1,22059): error TS1127: Invalid character.
src/services/firebaseService.ts(1,22060): error TS1127: Invalid character.
src/services/firebaseService.ts(1,22061): error TS1127: Invalid character.
src/services/firebaseService.ts(1,22062): error TS1127: Invalid character.
src/services/firebaseService.ts(1,22063): error TS1127: Invalid character.
src/services/firebaseService.ts(1,22064): error TS1127: Invalid character.
src/services/firebaseService.ts(1,22065): error TS1127: Invalid character.
src/services/firebaseService.ts(1,22066): error TS1127: Invalid character.
src/services/firebaseService.ts(1,22067): error TS1127: Invalid character.
src/services/firebaseService.ts(1,22068): error TS1127: Invalid character.
src/services/firebaseService.ts(1,22069): error TS1127: Invalid character.
src/services/firebaseService.ts(1,22070): error TS1127: Invalid character.
src/services/firebaseService.ts(1,22071): error TS1127: Invalid character.
src/services/firebaseService.ts(1,22072): error TS1127: Invalid character.
src/services/firebaseService.ts(1,22073): error TS1127: Invalid character.
src/services/firebaseService.ts(1,22074): error TS1127: Invalid character.
src/services/firebaseService.ts(1,22075): error TS1127: Invalid character.
src/services/firebaseService.ts(1,22076): error TS1127: Invalid character.
src/services/firebaseService.ts(1,22077): error TS1127: Invalid character.
src/services/firebaseService.ts(1,22078): error TS1127: Invalid character.
src/services/firebaseService.ts(1,22079): error TS1127: Invalid character.
src/services/firebaseService.ts(1,22080): error TS1127: Invalid character.
src/services/firebaseService.ts(1,22081): error TS1127: Invalid character.
src/services/firebaseService.ts(1,22082): error TS1127: Invalid character.
src/services/firebaseService.ts(1,22083): error TS1127: Invalid character.
src/services/firebaseService.ts(1,22084): error TS1127: Invalid character.
src/services/firebaseService.ts(1,22085): error TS1127: Invalid character.
src/services/firebaseService.ts(1,22086): error TS1127: Invalid character.
src/services/firebaseService.ts(1,22087): error TS1127: Invalid character.
src/services/firebaseService.ts(1,22088): error TS1127: Invalid character.
src/services/firebaseService.ts(1,22089): error TS1127: Invalid character.
src/services/firebaseService.ts(1,22090): error TS1127: Invalid character.
src/services/firebaseService.ts(1,22091): error TS1127: Invalid character.
src/services/firebaseService.ts(1,22092): error TS1127: Invalid character.
src/services/firebaseService.ts(1,22093): error TS1127: Invalid character.
src/services/firebaseService.ts(1,22094): error TS1127: Invalid character.
src/services/firebaseService.ts(1,22095): error TS1127: Invalid character.
src/services/firebaseService.ts(1,22096): error TS1127: Invalid character.
src/services/firebaseService.ts(1,22097): error TS1127: Invalid character.
src/services/firebaseService.ts(1,22098): error TS1127: Invalid character.
src/services/firebaseService.ts(1,22099): error TS1127: Invalid character.
src/services/firebaseService.ts(1,22100): error TS1127: Invalid character.
src/services/firebaseService.ts(1,22101): error TS1127: Invalid character.
src/services/firebaseService.ts(1,22102): error TS1127: Invalid character.
src/services/firebaseService.ts(1,22103): error TS1127: Invalid character.
src/services/firebaseService.ts(1,22104): error TS1127: Invalid character.
src/services/firebaseService.ts(1,22105): error TS1127: Invalid character.
src/services/firebaseService.ts(1,22106): error TS1127: Invalid character.
src/services/firebaseService.ts(1,22107): error TS1127: Invalid character.
src/services/firebaseService.ts(1,22108): error TS1127: Invalid character.
src/services/firebaseService.ts(1,22109): error TS1127: Invalid character.
src/services/firebaseService.ts(1,22110): error TS1127: Invalid character.
src/services/firebaseService.ts(1,22111): error TS1127: Invalid character.
src/services/firebaseService.ts(1,22112): error TS1127: Invalid character.
src/services/firebaseService.ts(1,22113): error TS1127: Invalid character.
src/services/firebaseService.ts(1,22114): error TS1127: Invalid character.
src/services/firebaseService.ts(1,22115): error TS1127: Invalid character.
src/services/firebaseService.ts(1,22116): error TS1127: Invalid character.
src/services/firebaseService.ts(1,22117): error TS1127: Invalid character.
src/services/firebaseService.ts(1,22118): error TS1127: Invalid character.
src/services/firebaseService.ts(1,22119): error TS1127: Invalid character.
src/services/firebaseService.ts(1,22120): error TS1127: Invalid character.
src/services/firebaseService.ts(1,22121): error TS1127: Invalid character.
src/services/firebaseService.ts(1,22122): error TS1127: Invalid character.
src/services/firebaseService.ts(1,22123): error TS1127: Invalid character.
src/services/firebaseService.ts(1,22124): error TS1127: Invalid character.
src/services/firebaseService.ts(1,22125): error TS1127: Invalid character.
src/services/firebaseService.ts(1,22126): error TS1127: Invalid character.
src/services/firebaseService.ts(1,22127): error TS1127: Invalid character.
src/services/firebaseService.ts(1,22128): error TS1127: Invalid character.
src/services/firebaseService.ts(1,22129): error TS1127: Invalid character.
src/services/firebaseService.ts(1,22130): error TS1127: Invalid character.
src/services/firebaseService.ts(1,22131): error TS1127: Invalid character.
src/services/firebaseService.ts(1,22132): error TS1127: Invalid character.
src/services/firebaseService.ts(1,22133): error TS1127: Invalid character.
src/services/firebaseService.ts(1,22134): error TS1127: Invalid character.
src/services/firebaseService.ts(1,22135): error TS1127: Invalid character.
src/services/firebaseService.ts(1,22136): error TS1127: Invalid character.
src/services/firebaseService.ts(1,22137): error TS1127: Invalid character.
src/services/firebaseService.ts(1,22138): error TS1127: Invalid character.
src/services/firebaseService.ts(1,22139): error TS1127: Invalid character.
src/services/firebaseService.ts(1,22140): error TS1127: Invalid character.
src/services/firebaseService.ts(1,22141): error TS1127: Invalid character.
src/services/firebaseService.ts(1,22142): error TS1127: Invalid character.
src/services/firebaseService.ts(1,22143): error TS1127: Invalid character.
src/services/firebaseService.ts(1,22144): error TS1127: Invalid character.
src/services/firebaseService.ts(1,22145): error TS1127: Invalid character.
src/services/firebaseService.ts(1,22146): error TS1127: Invalid character.
src/services/firebaseService.ts(1,22147): error TS1127: Invalid character.
src/services/firebaseService.ts(1,22148): error TS1127: Invalid character.
src/services/firebaseService.ts(1,22149): error TS1127: Invalid character.
src/services/firebaseService.ts(1,22150): error TS1127: Invalid character.
src/services/firebaseService.ts(1,22151): error TS1127: Invalid character.
src/services/firebaseService.ts(1,22152): error TS1127: Invalid character.
src/services/firebaseService.ts(1,22153): error TS1127: Invalid character.
src/services/firebaseService.ts(1,22154): error TS1127: Invalid character.
src/services/firebaseService.ts(1,22155): error TS1127: Invalid character.
src/services/firebaseService.ts(1,22156): error TS1127: Invalid character.
src/services/firebaseService.ts(1,22157): error TS1127: Invalid character.
src/services/firebaseService.ts(1,22158): error TS1127: Invalid character.
src/services/firebaseService.ts(1,22159): error TS1127: Invalid character.
src/services/firebaseService.ts(1,22160): error TS1127: Invalid character.
src/services/firebaseService.ts(1,22161): error TS1127: Invalid character.
src/services/firebaseService.ts(1,22162): error TS1127: Invalid character.
src/services/firebaseService.ts(1,22163): error TS1127: Invalid character.
src/services/firebaseService.ts(1,22164): error TS1127: Invalid character.
src/services/firebaseService.ts(1,22165): error TS1127: Invalid character.
src/services/firebaseService.ts(1,22166): error TS1127: Invalid character.
src/services/firebaseService.ts(1,22167): error TS1127: Invalid character.
src/services/firebaseService.ts(1,22168): error TS1127: Invalid character.
src/services/firebaseService.ts(1,22169): error TS1127: Invalid character.
src/services/firebaseService.ts(1,22170): error TS1127: Invalid character.
src/services/firebaseService.ts(1,22171): error TS1127: Invalid character.
src/services/firebaseService.ts(1,22172): error TS1127: Invalid character.
src/services/firebaseService.ts(1,22173): error TS1127: Invalid character.
src/services/firebaseService.ts(1,22174): error TS1127: Invalid character.
src/services/firebaseService.ts(1,22175): error TS1127: Invalid character.
src/services/firebaseService.ts(1,22176): error TS1127: Invalid character.
src/services/firebaseService.ts(1,22177): error TS1127: Invalid character.
src/services/firebaseService.ts(1,22178): error TS1127: Invalid character.
src/services/firebaseService.ts(1,22179): error TS1127: Invalid character.
src/services/firebaseService.ts(1,22180): error TS1127: Invalid character.
src/services/firebaseService.ts(1,22181): error TS1127: Invalid character.
src/services/firebaseService.ts(1,22182): error TS1127: Invalid character.
src/services/firebaseService.ts(1,22183): error TS1127: Invalid character.
src/services/firebaseService.ts(1,22184): error TS1127: Invalid character.
src/services/firebaseService.ts(1,22185): error TS1127: Invalid character.
src/services/firebaseService.ts(1,22186): error TS1127: Invalid character.
src/services/firebaseService.ts(1,22187): error TS1127: Invalid character.
src/services/firebaseService.ts(1,22188): error TS1127: Invalid character.
src/services/firebaseService.ts(1,22189): error TS1127: Invalid character.
src/services/firebaseService.ts(1,22190): error TS1127: Invalid character.
src/services/firebaseService.ts(1,22191): error TS1127: Invalid character.
src/services/firebaseService.ts(1,22192): error TS1127: Invalid character.
src/services/firebaseService.ts(1,22193): error TS1127: Invalid character.
src/services/firebaseService.ts(1,22194): error TS1127: Invalid character.
src/services/firebaseService.ts(1,22195): error TS1127: Invalid character.
src/services/firebaseService.ts(1,22196): error TS1127: Invalid character.
src/services/firebaseService.ts(1,22197): error TS1127: Invalid character.
src/services/firebaseService.ts(1,22198): error TS1127: Invalid character.
src/services/firebaseService.ts(1,22199): error TS1127: Invalid character.
src/services/firebaseService.ts(1,22200): error TS1127: Invalid character.
src/services/firebaseService.ts(1,22201): error TS1127: Invalid character.
src/services/firebaseService.ts(1,22202): error TS1127: Invalid character.
src/services/firebaseService.ts(1,22203): error TS1127: Invalid character.
src/services/firebaseService.ts(1,22204): error TS1127: Invalid character.
src/services/firebaseService.ts(1,22205): error TS1127: Invalid character.
src/services/firebaseService.ts(1,22206): error TS1127: Invalid character.
src/services/firebaseService.ts(1,22207): error TS1127: Invalid character.
src/services/firebaseService.ts(1,22208): error TS1127: Invalid character.
src/services/firebaseService.ts(1,22209): error TS1127: Invalid character.
src/services/firebaseService.ts(1,22210): error TS1127: Invalid character.
src/services/firebaseService.ts(1,22211): error TS1127: Invalid character.
src/services/firebaseService.ts(1,22212): error TS1127: Invalid character.
src/services/firebaseService.ts(1,22213): error TS1127: Invalid character.
src/services/firebaseService.ts(1,22214): error TS1127: Invalid character.
src/services/firebaseService.ts(1,22215): error TS1127: Invalid character.
src/services/firebaseService.ts(1,22216): error TS1127: Invalid character.
src/services/firebaseService.ts(1,22217): error TS1127: Invalid character.
src/services/firebaseService.ts(1,22218): error TS1127: Invalid character.
src/services/firebaseService.ts(1,22219): error TS1127: Invalid character.
src/services/firebaseService.ts(1,22220): error TS1127: Invalid character.
src/services/firebaseService.ts(1,22221): error TS1127: Invalid character.
src/services/firebaseService.ts(1,22222): error TS1127: Invalid character.
src/services/firebaseService.ts(1,22223): error TS1127: Invalid character.
src/services/firebaseService.ts(1,22224): error TS1127: Invalid character.
src/services/firebaseService.ts(1,22225): error TS1127: Invalid character.
src/services/firebaseService.ts(1,22226): error TS1127: Invalid character.
src/services/firebaseService.ts(1,22227): error TS1127: Invalid character.
src/services/firebaseService.ts(1,22228): error TS1127: Invalid character.
src/services/firebaseService.ts(1,22229): error TS1127: Invalid character.
src/services/firebaseService.ts(1,22230): error TS1127: Invalid character.
src/services/firebaseService.ts(1,22231): error TS1127: Invalid character.
src/services/firebaseService.ts(1,22232): error TS1127: Invalid character.
src/services/firebaseService.ts(1,22233): error TS1127: Invalid character.
src/services/firebaseService.ts(1,22234): error TS1127: Invalid character.
src/services/firebaseService.ts(1,22235): error TS1127: Invalid character.
src/services/firebaseService.ts(1,22236): error TS1127: Invalid character.
src/services/firebaseService.ts(1,22237): error TS1127: Invalid character.
src/services/firebaseService.ts(1,22238): error TS1127: Invalid character.
src/services/firebaseService.ts(1,22239): error TS1127: Invalid character.
src/services/firebaseService.ts(1,22240): error TS1127: Invalid character.
src/services/firebaseService.ts(1,22241): error TS1127: Invalid character.
src/services/firebaseService.ts(1,22242): error TS1127: Invalid character.
src/services/firebaseService.ts(1,22243): error TS1127: Invalid character.
src/services/firebaseService.ts(1,22244): error TS1127: Invalid character.
src/services/firebaseService.ts(1,22245): error TS1127: Invalid character.
src/services/firebaseService.ts(1,22246): error TS1127: Invalid character.
src/services/firebaseService.ts(1,22247): error TS1127: Invalid character.
src/services/firebaseService.ts(1,22248): error TS1127: Invalid character.
src/services/firebaseService.ts(1,22249): error TS1127: Invalid character.
src/services/firebaseService.ts(1,22250): error TS1127: Invalid character.
src/services/firebaseService.ts(1,22251): error TS1127: Invalid character.
src/services/firebaseService.ts(1,22252): error TS1127: Invalid character.
src/services/firebaseService.ts(1,22253): error TS1127: Invalid character.
src/services/firebaseService.ts(1,22254): error TS1127: Invalid character.
src/services/firebaseService.ts(1,22255): error TS1127: Invalid character.
src/services/firebaseService.ts(1,22256): error TS1127: Invalid character.
src/services/firebaseService.ts(1,22257): error TS1127: Invalid character.
src/services/firebaseService.ts(1,22258): error TS1127: Invalid character.
src/services/firebaseService.ts(1,22259): error TS1127: Invalid character.
src/services/firebaseService.ts(1,22260): error TS1127: Invalid character.
src/services/firebaseService.ts(1,22261): error TS1127: Invalid character.
src/services/firebaseService.ts(1,22262): error TS1127: Invalid character.
src/services/firebaseService.ts(1,22263): error TS1127: Invalid character.
src/services/firebaseService.ts(1,22264): error TS1127: Invalid character.
src/services/firebaseService.ts(1,22265): error TS1127: Invalid character.
src/services/firebaseService.ts(1,22266): error TS1127: Invalid character.
src/services/firebaseService.ts(1,22267): error TS1127: Invalid character.
src/services/firebaseService.ts(1,22268): error TS1127: Invalid character.
src/services/firebaseService.ts(1,22269): error TS1127: Invalid character.
src/services/firebaseService.ts(1,22270): error TS1127: Invalid character.
src/services/firebaseService.ts(1,22271): error TS1127: Invalid character.
src/services/firebaseService.ts(1,22272): error TS1127: Invalid character.
src/services/firebaseService.ts(1,22273): error TS1127: Invalid character.
src/services/firebaseService.ts(1,22274): error TS1127: Invalid character.
src/services/firebaseService.ts(1,22275): error TS1127: Invalid character.
src/services/firebaseService.ts(1,22276): error TS1127: Invalid character.
src/services/firebaseService.ts(1,22277): error TS1127: Invalid character.
src/services/firebaseService.ts(1,22278): error TS1127: Invalid character.
src/services/firebaseService.ts(1,22279): error TS1127: Invalid character.
src/services/firebaseService.ts(1,22280): error TS1127: Invalid character.
src/services/firebaseService.ts(1,22281): error TS1127: Invalid character.
src/services/firebaseService.ts(1,22282): error TS1127: Invalid character.
src/services/firebaseService.ts(1,22283): error TS1127: Invalid character.
src/services/firebaseService.ts(1,22284): error TS1127: Invalid character.
src/services/firebaseService.ts(1,22285): error TS1127: Invalid character.
src/services/firebaseService.ts(1,22286): error TS1127: Invalid character.
src/services/firebaseService.ts(1,22287): error TS1127: Invalid character.
src/services/firebaseService.ts(1,22288): error TS1127: Invalid character.
src/services/firebaseService.ts(1,22289): error TS1127: Invalid character.
src/services/firebaseService.ts(1,22290): error TS1127: Invalid character.
src/services/firebaseService.ts(1,22291): error TS1127: Invalid character.
src/services/firebaseService.ts(1,22292): error TS1127: Invalid character.
src/services/firebaseService.ts(1,22293): error TS1127: Invalid character.
src/services/firebaseService.ts(1,22294): error TS1127: Invalid character.
src/services/firebaseService.ts(1,22295): error TS1127: Invalid character.
src/services/firebaseService.ts(1,22296): error TS1127: Invalid character.
src/services/firebaseService.ts(1,22297): error TS1127: Invalid character.
src/services/firebaseService.ts(1,22298): error TS1127: Invalid character.
src/services/firebaseService.ts(1,22299): error TS1127: Invalid character.
src/services/firebaseService.ts(1,22300): error TS1127: Invalid character.
src/services/firebaseService.ts(1,22301): error TS1127: Invalid character.
src/services/firebaseService.ts(1,22302): error TS1127: Invalid character.
src/services/firebaseService.ts(1,22303): error TS1127: Invalid character.
src/services/firebaseService.ts(1,22304): error TS1127: Invalid character.
src/services/firebaseService.ts(1,22305): error TS1127: Invalid character.
src/services/firebaseService.ts(1,22306): error TS1127: Invalid character.
src/services/firebaseService.ts(1,22307): error TS1127: Invalid character.
src/services/firebaseService.ts(1,22308): error TS1127: Invalid character.
src/services/firebaseService.ts(1,22309): error TS1127: Invalid character.
src/services/firebaseService.ts(1,22310): error TS1127: Invalid character.
src/services/firebaseService.ts(1,22311): error TS1127: Invalid character.
src/services/firebaseService.ts(1,22312): error TS1127: Invalid character.
src/services/firebaseService.ts(1,22313): error TS1127: Invalid character.
src/services/firebaseService.ts(1,22314): error TS1127: Invalid character.
src/services/firebaseService.ts(1,22315): error TS1127: Invalid character.
src/services/firebaseService.ts(1,22316): error TS1127: Invalid character.
src/services/firebaseService.ts(1,22317): error TS1127: Invalid character.
src/services/firebaseService.ts(1,22318): error TS1127: Invalid character.
src/services/firebaseService.ts(1,22319): error TS1127: Invalid character.
src/services/firebaseService.ts(1,22320): error TS1127: Invalid character.
src/services/firebaseService.ts(1,22321): error TS1127: Invalid character.
src/services/firebaseService.ts(1,22322): error TS1127: Invalid character.
src/services/firebaseService.ts(1,22323): error TS1127: Invalid character.
src/services/firebaseService.ts(1,22324): error TS1127: Invalid character.
src/services/firebaseService.ts(1,22325): error TS1127: Invalid character.
src/services/firebaseService.ts(1,22326): error TS1127: Invalid character.
src/services/firebaseService.ts(1,22327): error TS1127: Invalid character.
src/services/firebaseService.ts(1,22328): error TS1127: Invalid character.
src/services/firebaseService.ts(1,22329): error TS1127: Invalid character.
src/services/firebaseService.ts(1,22330): error TS1127: Invalid character.
src/services/firebaseService.ts(1,22331): error TS1127: Invalid character.
src/services/firebaseService.ts(1,22332): error TS1127: Invalid character.
src/services/firebaseService.ts(1,22333): error TS1127: Invalid character.
src/services/firebaseService.ts(1,22334): error TS1127: Invalid character.
src/services/firebaseService.ts(1,22335): error TS1127: Invalid character.
src/services/firebaseService.ts(1,22336): error TS1127: Invalid character.
src/services/firebaseService.ts(1,22337): error TS1127: Invalid character.
src/services/firebaseService.ts(1,22338): error TS1127: Invalid character.
src/services/firebaseService.ts(1,22339): error TS1127: Invalid character.
src/services/firebaseService.ts(1,22340): error TS1127: Invalid character.
src/services/firebaseService.ts(1,22341): error TS1127: Invalid character.
src/services/firebaseService.ts(1,22342): error TS1127: Invalid character.
src/services/firebaseService.ts(1,22343): error TS1127: Invalid character.
src/services/firebaseService.ts(1,22344): error TS1127: Invalid character.
src/services/firebaseService.ts(1,22345): error TS1127: Invalid character.
src/services/firebaseService.ts(1,22346): error TS1127: Invalid character.
src/services/firebaseService.ts(1,22347): error TS1127: Invalid character.
src/services/firebaseService.ts(1,22348): error TS1127: Invalid character.
src/services/firebaseService.ts(1,22349): error TS1127: Invalid character.
src/services/firebaseService.ts(1,22350): error TS1127: Invalid character.
src/services/firebaseService.ts(1,22351): error TS1127: Invalid character.
src/services/firebaseService.ts(1,22352): error TS1127: Invalid character.
src/services/firebaseService.ts(1,22353): error TS1127: Invalid character.
src/services/firebaseService.ts(1,22354): error TS1127: Invalid character.
src/services/firebaseService.ts(1,22355): error TS1127: Invalid character.
src/services/firebaseService.ts(1,22356): error TS1127: Invalid character.
src/services/firebaseService.ts(1,22357): error TS1127: Invalid character.
src/services/firebaseService.ts(1,22358): error TS1127: Invalid character.
src/services/firebaseService.ts(1,22359): error TS1127: Invalid character.
src/services/firebaseService.ts(1,22360): error TS1127: Invalid character.
src/services/firebaseService.ts(1,22361): error TS1127: Invalid character.
src/services/firebaseService.ts(1,22362): error TS1127: Invalid character.
src/services/firebaseService.ts(1,22363): error TS1127: Invalid character.
src/services/firebaseService.ts(1,22364): error TS1127: Invalid character.
src/services/firebaseService.ts(1,22365): error TS1127: Invalid character.
src/services/firebaseService.ts(1,22366): error TS1127: Invalid character.
src/services/firebaseService.ts(1,22367): error TS1127: Invalid character.
src/services/firebaseService.ts(1,22368): error TS1127: Invalid character.
src/services/firebaseService.ts(1,22369): error TS1127: Invalid character.
src/services/firebaseService.ts(1,22370): error TS1127: Invalid character.
src/services/firebaseService.ts(1,22371): error TS1127: Invalid character.
src/services/firebaseService.ts(1,22372): error TS1127: Invalid character.
src/services/firebaseService.ts(1,22373): error TS1127: Invalid character.
src/services/firebaseService.ts(1,22374): error TS1127: Invalid character.
src/services/firebaseService.ts(1,22375): error TS1127: Invalid character.
src/services/firebaseService.ts(1,22376): error TS1127: Invalid character.
src/services/firebaseService.ts(1,22377): error TS1127: Invalid character.
src/services/firebaseService.ts(1,22378): error TS1127: Invalid character.
src/services/firebaseService.ts(1,22379): error TS1127: Invalid character.
src/services/firebaseService.ts(1,22380): error TS1127: Invalid character.
src/services/firebaseService.ts(1,22381): error TS1127: Invalid character.
src/services/firebaseService.ts(1,22382): error TS1127: Invalid character.
src/services/firebaseService.ts(1,22383): error TS1127: Invalid character.
src/services/firebaseService.ts(1,22384): error TS1127: Invalid character.
src/services/firebaseService.ts(1,22385): error TS1127: Invalid character.
src/services/firebaseService.ts(1,22386): error TS1127: Invalid character.
src/services/firebaseService.ts(1,22387): error TS1127: Invalid character.
src/services/firebaseService.ts(1,22388): error TS1127: Invalid character.
src/services/firebaseService.ts(1,22389): error TS1127: Invalid character.
src/services/firebaseService.ts(1,22390): error TS1127: Invalid character.
src/services/firebaseService.ts(1,22391): error TS1127: Invalid character.
src/services/firebaseService.ts(1,22392): error TS1127: Invalid character.
src/services/firebaseService.ts(1,22393): error TS1127: Invalid character.
src/services/firebaseService.ts(1,22394): error TS1127: Invalid character.
src/services/firebaseService.ts(1,22395): error TS1127: Invalid character.
src/services/firebaseService.ts(1,22396): error TS1127: Invalid character.
src/services/firebaseService.ts(1,22397): error TS1127: Invalid character.
src/services/firebaseService.ts(1,22398): error TS1127: Invalid character.
src/services/firebaseService.ts(1,22399): error TS1127: Invalid character.
src/services/firebaseService.ts(1,22400): error TS1127: Invalid character.
src/services/firebaseService.ts(1,22401): error TS1127: Invalid character.
src/services/firebaseService.ts(1,22402): error TS1127: Invalid character.
src/services/firebaseService.ts(1,22403): error TS1127: Invalid character.
src/services/firebaseService.ts(1,22404): error TS1127: Invalid character.
src/services/firebaseService.ts(1,22405): error TS1127: Invalid character.
src/services/firebaseService.ts(1,22406): error TS1127: Invalid character.
src/services/firebaseService.ts(1,22407): error TS1127: Invalid character.
src/services/firebaseService.ts(1,22408): error TS1127: Invalid character.
src/services/firebaseService.ts(1,22409): error TS1127: Invalid character.
src/services/firebaseService.ts(1,22410): error TS1127: Invalid character.
src/services/firebaseService.ts(1,22411): error TS1127: Invalid character.
src/services/firebaseService.ts(1,22412): error TS1127: Invalid character.
src/services/firebaseService.ts(1,22413): error TS1127: Invalid character.
src/services/firebaseService.ts(1,22414): error TS1127: Invalid character.
src/services/firebaseService.ts(1,22415): error TS1127: Invalid character.
src/services/firebaseService.ts(1,22416): error TS1127: Invalid character.
src/services/firebaseService.ts(1,22417): error TS1127: Invalid character.
src/services/firebaseService.ts(1,22418): error TS1127: Invalid character.
src/services/firebaseService.ts(1,22419): error TS1127: Invalid character.
src/services/firebaseService.ts(1,22420): error TS1127: Invalid character.
src/services/firebaseService.ts(1,22421): error TS1127: Invalid character.
src/services/firebaseService.ts(1,22422): error TS1127: Invalid character.
src/services/firebaseService.ts(1,22423): error TS1127: Invalid character.
src/services/firebaseService.ts(1,22424): error TS1127: Invalid character.
src/services/firebaseService.ts(1,22425): error TS1127: Invalid character.
src/services/firebaseService.ts(1,22426): error TS1127: Invalid character.
src/services/firebaseService.ts(1,22427): error TS1127: Invalid character.
src/services/firebaseService.ts(1,22428): error TS1127: Invalid character.
src/services/firebaseService.ts(1,22429): error TS1127: Invalid character.
src/services/firebaseService.ts(1,22430): error TS1127: Invalid character.
src/services/firebaseService.ts(1,22431): error TS1127: Invalid character.
src/services/firebaseService.ts(1,22432): error TS1127: Invalid character.
src/services/firebaseService.ts(1,22433): error TS1127: Invalid character.
src/services/firebaseService.ts(1,22434): error TS1127: Invalid character.
src/services/firebaseService.ts(1,22435): error TS1127: Invalid character.
src/services/firebaseService.ts(1,22436): error TS1127: Invalid character.
src/services/firebaseService.ts(1,22437): error TS1127: Invalid character.
src/services/firebaseService.ts(1,22438): error TS1127: Invalid character.
src/services/firebaseService.ts(1,22439): error TS1127: Invalid character.
src/services/firebaseService.ts(1,22440): error TS1127: Invalid character.
src/services/firebaseService.ts(1,22441): error TS1127: Invalid character.
src/services/firebaseService.ts(1,22442): error TS1127: Invalid character.
src/services/firebaseService.ts(1,22443): error TS1127: Invalid character.
src/services/firebaseService.ts(1,22444): error TS1127: Invalid character.
src/services/firebaseService.ts(1,22445): error TS1127: Invalid character.
src/services/firebaseService.ts(1,22446): error TS1127: Invalid character.
src/services/firebaseService.ts(1,22447): error TS1127: Invalid character.
src/services/firebaseService.ts(1,22448): error TS1127: Invalid character.
src/services/firebaseService.ts(1,22449): error TS1127: Invalid character.
src/services/firebaseService.ts(1,22450): error TS1127: Invalid character.
src/services/firebaseService.ts(1,22451): error TS1127: Invalid character.
src/services/firebaseService.ts(1,22452): error TS1127: Invalid character.
src/services/firebaseService.ts(1,22453): error TS1127: Invalid character.
src/services/firebaseService.ts(1,22454): error TS1127: Invalid character.
src/services/firebaseService.ts(1,22455): error TS1127: Invalid character.
src/services/firebaseService.ts(1,22456): error TS1127: Invalid character.
src/services/firebaseService.ts(1,22457): error TS1127: Invalid character.
src/services/firebaseService.ts(1,22458): error TS1127: Invalid character.
src/services/firebaseService.ts(1,22459): error TS1127: Invalid character.
src/services/firebaseService.ts(1,22460): error TS1127: Invalid character.
src/services/firebaseService.ts(1,22461): error TS1127: Invalid character.
src/services/firebaseService.ts(1,22462): error TS1127: Invalid character.
src/services/firebaseService.ts(1,22463): error TS1127: Invalid character.
src/services/firebaseService.ts(1,22464): error TS1127: Invalid character.
src/services/firebaseService.ts(1,22465): error TS1127: Invalid character.
src/services/firebaseService.ts(1,22466): error TS1127: Invalid character.
src/services/firebaseService.ts(1,22467): error TS1127: Invalid character.
src/services/firebaseService.ts(1,22468): error TS1127: Invalid character.
src/services/firebaseService.ts(1,22469): error TS1127: Invalid character.
src/services/firebaseService.ts(1,22470): error TS1127: Invalid character.
src/services/firebaseService.ts(1,22471): error TS1127: Invalid character.
src/services/firebaseService.ts(1,22472): error TS1127: Invalid character.
src/services/firebaseService.ts(1,22473): error TS1127: Invalid character.
src/services/firebaseService.ts(1,22474): error TS1127: Invalid character.
src/services/firebaseService.ts(1,22475): error TS1127: Invalid character.
src/services/firebaseService.ts(1,22476): error TS1127: Invalid character.
src/services/firebaseService.ts(1,22477): error TS1127: Invalid character.
src/services/firebaseService.ts(1,22478): error TS1127: Invalid character.
src/services/firebaseService.ts(1,22479): error TS1127: Invalid character.
src/services/firebaseService.ts(1,22480): error TS1127: Invalid character.
src/services/firebaseService.ts(1,22481): error TS1127: Invalid character.
src/services/firebaseService.ts(1,22482): error TS1127: Invalid character.
src/services/firebaseService.ts(1,22483): error TS1127: Invalid character.
src/services/firebaseService.ts(1,22484): error TS1127: Invalid character.
src/services/firebaseService.ts(1,22485): error TS1127: Invalid character.
src/services/firebaseService.ts(1,22486): error TS1127: Invalid character.
src/services/firebaseService.ts(1,22487): error TS1127: Invalid character.
src/services/firebaseService.ts(1,22488): error TS1127: Invalid character.
src/services/firebaseService.ts(1,22489): error TS1127: Invalid character.
src/services/firebaseService.ts(1,22490): error TS1127: Invalid character.
src/services/firebaseService.ts(1,22491): error TS1127: Invalid character.
src/services/firebaseService.ts(1,22492): error TS1127: Invalid character.
src/services/firebaseService.ts(1,22493): error TS1127: Invalid character.
src/services/firebaseService.ts(1,22494): error TS1127: Invalid character.
src/services/firebaseService.ts(1,22495): error TS1127: Invalid character.
src/services/firebaseService.ts(1,22496): error TS1127: Invalid character.
src/services/firebaseService.ts(1,22497): error TS1127: Invalid character.
src/services/firebaseService.ts(1,22498): error TS1127: Invalid character.
src/services/firebaseService.ts(1,22499): error TS1127: Invalid character.
src/services/firebaseService.ts(1,22500): error TS1127: Invalid character.
src/services/firebaseService.ts(1,22501): error TS1127: Invalid character.
src/services/firebaseService.ts(1,22502): error TS1127: Invalid character.
src/services/firebaseService.ts(1,22503): error TS1127: Invalid character.
src/services/firebaseService.ts(1,22504): error TS1127: Invalid character.
src/services/firebaseService.ts(1,22505): error TS1127: Invalid character.
src/services/firebaseService.ts(1,22506): error TS1127: Invalid character.
src/services/firebaseService.ts(1,22507): error TS1127: Invalid character.
src/services/firebaseService.ts(1,22508): error TS1127: Invalid character.
src/services/firebaseService.ts(1,22509): error TS1127: Invalid character.
src/services/firebaseService.ts(1,22510): error TS1127: Invalid character.
src/services/firebaseService.ts(1,22511): error TS1127: Invalid character.
src/services/firebaseService.ts(1,22512): error TS1127: Invalid character.
src/services/firebaseService.ts(1,22513): error TS1127: Invalid character.
src/services/firebaseService.ts(1,22514): error TS1127: Invalid character.
src/services/firebaseService.ts(1,22515): error TS1127: Invalid character.
src/services/firebaseService.ts(1,22516): error TS1127: Invalid character.
src/services/firebaseService.ts(1,22517): error TS1127: Invalid character.
src/services/firebaseService.ts(1,22518): error TS1127: Invalid character.
src/services/firebaseService.ts(1,22519): error TS1127: Invalid character.
src/services/firebaseService.ts(1,22520): error TS1127: Invalid character.
src/services/firebaseService.ts(1,22521): error TS1127: Invalid character.
src/services/firebaseService.ts(1,22522): error TS1127: Invalid character.
src/services/firebaseService.ts(1,22523): error TS1127: Invalid character.
src/services/firebaseService.ts(1,22524): error TS1127: Invalid character.
src/services/firebaseService.ts(1,22525): error TS1127: Invalid character.
src/services/firebaseService.ts(1,22526): error TS1127: Invalid character.
src/services/firebaseService.ts(1,22527): error TS1127: Invalid character.
src/services/firebaseService.ts(1,22528): error TS1127: Invalid character.
src/services/firebaseService.ts(1,22529): error TS1127: Invalid character.
src/services/firebaseService.ts(1,22530): error TS1127: Invalid character.
src/services/firebaseService.ts(1,22531): error TS1127: Invalid character.
src/services/firebaseService.ts(1,22532): error TS1127: Invalid character.
src/services/firebaseService.ts(1,22533): error TS1127: Invalid character.
src/services/firebaseService.ts(1,22534): error TS1127: Invalid character.
src/services/firebaseService.ts(1,22535): error TS1127: Invalid character.
src/services/firebaseService.ts(1,22536): error TS1127: Invalid character.
src/services/firebaseService.ts(1,22537): error TS1127: Invalid character.
src/services/firebaseService.ts(1,22538): error TS1127: Invalid character.
src/services/firebaseService.ts(1,22539): error TS1127: Invalid character.
src/services/firebaseService.ts(1,22540): error TS1127: Invalid character.
src/services/firebaseService.ts(1,22541): error TS1127: Invalid character.
src/services/firebaseService.ts(1,22542): error TS1127: Invalid character.
src/services/firebaseService.ts(1,22543): error TS1127: Invalid character.
src/services/firebaseService.ts(1,22544): error TS1127: Invalid character.
src/services/firebaseService.ts(1,22545): error TS1127: Invalid character.
src/services/firebaseService.ts(1,22546): error TS1127: Invalid character.
src/services/firebaseService.ts(1,22547): error TS1127: Invalid character.
src/services/firebaseService.ts(1,22548): error TS1127: Invalid character.
src/services/firebaseService.ts(1,22549): error TS1127: Invalid character.
src/services/firebaseService.ts(1,22550): error TS1127: Invalid character.
src/services/firebaseService.ts(1,22551): error TS1127: Invalid character.
src/services/firebaseService.ts(1,22552): error TS1127: Invalid character.
src/services/firebaseService.ts(1,22553): error TS1127: Invalid character.
src/services/firebaseService.ts(1,22554): error TS1127: Invalid character.
src/services/firebaseService.ts(1,22555): error TS1127: Invalid character.
src/services/firebaseService.ts(1,22556): error TS1127: Invalid character.
src/services/firebaseService.ts(1,22557): error TS1127: Invalid character.
src/services/firebaseService.ts(1,22558): error TS1127: Invalid character.
src/services/firebaseService.ts(1,22559): error TS1127: Invalid character.
src/services/firebaseService.ts(1,22560): error TS1127: Invalid character.
src/services/firebaseService.ts(1,22561): error TS1127: Invalid character.
src/services/firebaseService.ts(1,22562): error TS1127: Invalid character.
src/services/firebaseService.ts(1,22563): error TS1127: Invalid character.
src/services/firebaseService.ts(1,22564): error TS1127: Invalid character.
src/services/firebaseService.ts(1,22565): error TS1127: Invalid character.
src/services/firebaseService.ts(1,22566): error TS1127: Invalid character.
src/services/firebaseService.ts(1,22567): error TS1127: Invalid character.
src/services/firebaseService.ts(1,22568): error TS1127: Invalid character.
src/services/firebaseService.ts(1,22569): error TS1127: Invalid character.
src/services/firebaseService.ts(1,22570): error TS1127: Invalid character.
src/services/firebaseService.ts(1,22571): error TS1127: Invalid character.
src/services/firebaseService.ts(1,22572): error TS1127: Invalid character.
src/services/firebaseService.ts(1,22573): error TS1127: Invalid character.
src/services/firebaseService.ts(1,22574): error TS1127: Invalid character.
src/services/firebaseService.ts(1,22575): error TS1127: Invalid character.
src/services/firebaseService.ts(1,22576): error TS1127: Invalid character.
src/services/firebaseService.ts(1,22577): error TS1127: Invalid character.
src/services/firebaseService.ts(1,22578): error TS1127: Invalid character.
src/services/firebaseService.ts(1,22579): error TS1127: Invalid character.
src/services/firebaseService.ts(1,22580): error TS1127: Invalid character.
src/services/firebaseService.ts(1,22581): error TS1127: Invalid character.
src/services/firebaseService.ts(1,22582): error TS1127: Invalid character.
src/services/firebaseService.ts(1,22583): error TS1127: Invalid character.
src/services/firebaseService.ts(1,22584): error TS1127: Invalid character.
src/services/firebaseService.ts(1,22585): error TS1127: Invalid character.
src/services/firebaseService.ts(1,22586): error TS1127: Invalid character.
src/services/firebaseService.ts(1,22587): error TS1127: Invalid character.
src/services/firebaseService.ts(1,22588): error TS1127: Invalid character.
src/services/firebaseService.ts(1,22589): error TS1127: Invalid character.
src/services/firebaseService.ts(1,22590): error TS1127: Invalid character.
src/services/firebaseService.ts(1,22591): error TS1127: Invalid character.
src/services/firebaseService.ts(1,22592): error TS1127: Invalid character.
src/services/firebaseService.ts(1,22593): error TS1127: Invalid character.
src/services/firebaseService.ts(1,22594): error TS1127: Invalid character.
src/services/firebaseService.ts(1,22595): error TS1127: Invalid character.
src/services/firebaseService.ts(1,22596): error TS1127: Invalid character.
src/services/firebaseService.ts(1,22597): error TS1127: Invalid character.
src/services/firebaseService.ts(1,22598): error TS1127: Invalid character.
src/services/firebaseService.ts(1,22599): error TS1127: Invalid character.
src/services/firebaseService.ts(1,22600): error TS1127: Invalid character.
src/services/firebaseService.ts(1,22601): error TS1127: Invalid character.
src/services/firebaseService.ts(1,22602): error TS1127: Invalid character.
src/services/firebaseService.ts(1,22603): error TS1127: Invalid character.
src/services/firebaseService.ts(1,22604): error TS1127: Invalid character.
src/services/firebaseService.ts(1,22605): error TS1127: Invalid character.
src/services/firebaseService.ts(1,22606): error TS1127: Invalid character.
src/services/firebaseService.ts(1,22607): error TS1127: Invalid character.
src/services/firebaseService.ts(1,22608): error TS1127: Invalid character.
src/services/firebaseService.ts(1,22609): error TS1127: Invalid character.
src/services/firebaseService.ts(1,22610): error TS1127: Invalid character.
src/services/firebaseService.ts(1,22611): error TS1127: Invalid character.
src/services/firebaseService.ts(1,22612): error TS1127: Invalid character.
src/services/firebaseService.ts(1,22613): error TS1127: Invalid character.
src/services/firebaseService.ts(1,22614): error TS1127: Invalid character.
src/services/firebaseService.ts(1,22615): error TS1127: Invalid character.
src/services/firebaseService.ts(1,22616): error TS1127: Invalid character.
src/services/firebaseService.ts(1,22617): error TS1127: Invalid character.
src/services/firebaseService.ts(1,22618): error TS1127: Invalid character.
src/services/firebaseService.ts(1,22619): error TS1127: Invalid character.
src/services/firebaseService.ts(1,22620): error TS1127: Invalid character.
src/services/firebaseService.ts(1,22621): error TS1127: Invalid character.
src/services/firebaseService.ts(1,22622): error TS1127: Invalid character.
src/services/firebaseService.ts(1,22623): error TS1127: Invalid character.
src/services/firebaseService.ts(1,22624): error TS1127: Invalid character.
src/services/firebaseService.ts(1,22625): error TS1127: Invalid character.
src/services/firebaseService.ts(1,22626): error TS1127: Invalid character.
src/services/firebaseService.ts(1,22627): error TS1127: Invalid character.
src/services/firebaseService.ts(1,22628): error TS1127: Invalid character.
src/services/firebaseService.ts(1,22629): error TS1127: Invalid character.
src/services/firebaseService.ts(1,22630): error TS1127: Invalid character.
src/services/firebaseService.ts(1,22631): error TS1127: Invalid character.
src/services/firebaseService.ts(1,22632): error TS1127: Invalid character.
src/services/firebaseService.ts(1,22633): error TS1127: Invalid character.
src/services/firebaseService.ts(1,22634): error TS1127: Invalid character.
src/services/firebaseService.ts(1,22635): error TS1127: Invalid character.
src/services/firebaseService.ts(1,22636): error TS1127: Invalid character.
src/services/firebaseService.ts(1,22637): error TS1127: Invalid character.
src/services/firebaseService.ts(1,22638): error TS1127: Invalid character.
src/services/firebaseService.ts(1,22639): error TS1127: Invalid character.
src/services/firebaseService.ts(1,22640): error TS1127: Invalid character.
src/services/firebaseService.ts(1,22641): error TS1127: Invalid character.
src/services/firebaseService.ts(1,22642): error TS1127: Invalid character.
src/services/firebaseService.ts(1,22643): error TS1127: Invalid character.
src/services/firebaseService.ts(1,22644): error TS1127: Invalid character.
src/services/firebaseService.ts(1,22645): error TS1127: Invalid character.
src/services/firebaseService.ts(1,22646): error TS1127: Invalid character.
src/services/firebaseService.ts(1,22647): error TS1127: Invalid character.
src/services/firebaseService.ts(1,22648): error TS1127: Invalid character.
src/services/firebaseService.ts(1,22649): error TS1127: Invalid character.
src/services/firebaseService.ts(1,22650): error TS1127: Invalid character.
src/services/firebaseService.ts(1,22651): error TS1127: Invalid character.
src/services/firebaseService.ts(1,22652): error TS1127: Invalid character.
src/services/firebaseService.ts(1,22653): error TS1127: Invalid character.
src/services/firebaseService.ts(1,22654): error TS1127: Invalid character.
src/services/firebaseService.ts(1,22655): error TS1127: Invalid character.
src/services/firebaseService.ts(1,22656): error TS1127: Invalid character.
src/services/firebaseService.ts(1,22657): error TS1127: Invalid character.
src/services/firebaseService.ts(1,22658): error TS1127: Invalid character.
src/services/firebaseService.ts(1,22659): error TS1127: Invalid character.
src/services/firebaseService.ts(1,22660): error TS1127: Invalid character.
src/services/firebaseService.ts(1,22661): error TS1127: Invalid character.
src/services/firebaseService.ts(1,22662): error TS1127: Invalid character.
src/services/firebaseService.ts(1,22663): error TS1127: Invalid character.
src/services/firebaseService.ts(1,22664): error TS1127: Invalid character.
src/services/firebaseService.ts(1,22665): error TS1127: Invalid character.
src/services/firebaseService.ts(1,22666): error TS1127: Invalid character.
src/services/firebaseService.ts(1,22667): error TS1127: Invalid character.
src/services/firebaseService.ts(1,22668): error TS1127: Invalid character.
src/services/firebaseService.ts(1,22669): error TS1127: Invalid character.
src/services/firebaseService.ts(1,22670): error TS1127: Invalid character.
src/services/firebaseService.ts(1,22671): error TS1127: Invalid character.
src/services/firebaseService.ts(1,22672): error TS1127: Invalid character.
src/services/firebaseService.ts(1,22673): error TS1127: Invalid character.
src/services/firebaseService.ts(1,22674): error TS1127: Invalid character.
src/services/firebaseService.ts(1,22675): error TS1127: Invalid character.
src/services/firebaseService.ts(1,22676): error TS1127: Invalid character.
src/services/firebaseService.ts(1,22677): error TS1127: Invalid character.
src/services/firebaseService.ts(1,22678): error TS1127: Invalid character.
src/services/firebaseService.ts(1,22679): error TS1127: Invalid character.
src/services/firebaseService.ts(1,22680): error TS1127: Invalid character.
src/services/firebaseService.ts(1,22681): error TS1127: Invalid character.
src/services/firebaseService.ts(1,22682): error TS1127: Invalid character.
src/services/firebaseService.ts(1,22683): error TS1127: Invalid character.
src/services/firebaseService.ts(1,22684): error TS1127: Invalid character.
src/services/firebaseService.ts(1,22685): error TS1127: Invalid character.
src/services/firebaseService.ts(1,22686): error TS1127: Invalid character.
src/services/firebaseService.ts(1,22687): error TS1127: Invalid character.
src/services/firebaseService.ts(1,22688): error TS1127: Invalid character.
src/services/firebaseService.ts(1,22689): error TS1127: Invalid character.
src/services/firebaseService.ts(1,22690): error TS1127: Invalid character.
src/services/firebaseService.ts(1,22691): error TS1127: Invalid character.
src/services/firebaseService.ts(1,22692): error TS1127: Invalid character.
src/services/firebaseService.ts(1,22693): error TS1127: Invalid character.
src/services/firebaseService.ts(1,22694): error TS1127: Invalid character.
src/services/firebaseService.ts(1,22695): error TS1127: Invalid character.
src/services/firebaseService.ts(1,22696): error TS1127: Invalid character.
src/services/firebaseService.ts(1,22697): error TS1127: Invalid character.
src/services/firebaseService.ts(1,22698): error TS1127: Invalid character.
src/services/firebaseService.ts(1,22699): error TS1127: Invalid character.
src/services/firebaseService.ts(1,22700): error TS1127: Invalid character.
src/services/firebaseService.ts(1,22701): error TS1127: Invalid character.
src/services/firebaseService.ts(1,22702): error TS1127: Invalid character.
src/services/firebaseService.ts(1,22703): error TS1127: Invalid character.
src/services/firebaseService.ts(1,22704): error TS1127: Invalid character.
src/services/firebaseService.ts(1,22705): error TS1127: Invalid character.
src/services/firebaseService.ts(1,22706): error TS1127: Invalid character.
src/services/firebaseService.ts(1,22707): error TS1127: Invalid character.
src/services/firebaseService.ts(1,22708): error TS1127: Invalid character.
src/services/firebaseService.ts(1,22709): error TS1127: Invalid character.
src/services/firebaseService.ts(1,22710): error TS1127: Invalid character.
src/services/firebaseService.ts(1,22711): error TS1127: Invalid character.
src/services/firebaseService.ts(1,22712): error TS1127: Invalid character.
src/services/firebaseService.ts(1,22713): error TS1127: Invalid character.
src/services/firebaseService.ts(1,22714): error TS1127: Invalid character.
src/services/firebaseService.ts(1,22715): error TS1127: Invalid character.
src/services/firebaseService.ts(1,22716): error TS1127: Invalid character.
src/services/firebaseService.ts(1,22717): error TS1127: Invalid character.
src/services/firebaseService.ts(1,22718): error TS1127: Invalid character.
src/services/firebaseService.ts(1,22719): error TS1127: Invalid character.
src/services/firebaseService.ts(1,22720): error TS1127: Invalid character.
src/services/firebaseService.ts(1,22721): error TS1127: Invalid character.
src/services/firebaseService.ts(1,22722): error TS1127: Invalid character.
src/services/firebaseService.ts(1,22723): error TS1127: Invalid character.
src/services/firebaseService.ts(1,22724): error TS1127: Invalid character.
src/services/firebaseService.ts(1,22725): error TS1127: Invalid character.
src/services/firebaseService.ts(1,22726): error TS1127: Invalid character.
src/services/firebaseService.ts(1,22727): error TS1127: Invalid character.
src/services/firebaseService.ts(1,22728): error TS1127: Invalid character.
src/services/firebaseService.ts(1,22729): error TS1127: Invalid character.
src/services/firebaseService.ts(1,22730): error TS1127: Invalid character.
src/services/firebaseService.ts(1,22731): error TS1127: Invalid character.
src/services/firebaseService.ts(1,22732): error TS1127: Invalid character.
src/services/firebaseService.ts(1,22733): error TS1127: Invalid character.
src/services/firebaseService.ts(1,22734): error TS1127: Invalid character.
src/services/firebaseService.ts(1,22735): error TS1127: Invalid character.
src/services/firebaseService.ts(1,22736): error TS1127: Invalid character.
src/services/firebaseService.ts(1,22737): error TS1127: Invalid character.
src/services/firebaseService.ts(1,22738): error TS1127: Invalid character.
src/services/firebaseService.ts(1,22739): error TS1127: Invalid character.
src/services/firebaseService.ts(1,22740): error TS1127: Invalid character.
src/services/firebaseService.ts(1,22741): error TS1127: Invalid character.
src/services/firebaseService.ts(1,22742): error TS1127: Invalid character.
src/services/firebaseService.ts(1,22743): error TS1127: Invalid character.
src/services/firebaseService.ts(1,22744): error TS1127: Invalid character.
src/services/firebaseService.ts(1,22745): error TS1127: Invalid character.
src/services/firebaseService.ts(1,22746): error TS1127: Invalid character.
src/services/firebaseService.ts(1,22747): error TS1127: Invalid character.
src/services/firebaseService.ts(1,22748): error TS1127: Invalid character.
src/services/firebaseService.ts(1,22749): error TS1127: Invalid character.
src/services/firebaseService.ts(1,22750): error TS1127: Invalid character.
src/services/firebaseService.ts(1,22751): error TS1127: Invalid character.
src/services/firebaseService.ts(1,22752): error TS1127: Invalid character.
src/services/firebaseService.ts(1,22753): error TS1127: Invalid character.
src/services/firebaseService.ts(1,22754): error TS1127: Invalid character.
src/services/firebaseService.ts(1,22755): error TS1127: Invalid character.
src/services/firebaseService.ts(1,22756): error TS1127: Invalid character.
src/services/firebaseService.ts(1,22757): error TS1127: Invalid character.
src/services/firebaseService.ts(1,22758): error TS1127: Invalid character.
src/services/firebaseService.ts(1,22759): error TS1127: Invalid character.
src/services/firebaseService.ts(1,22760): error TS1127: Invalid character.
src/services/firebaseService.ts(1,22761): error TS1127: Invalid character.
src/services/firebaseService.ts(1,22762): error TS1127: Invalid character.
src/services/firebaseService.ts(1,22763): error TS1127: Invalid character.
src/services/firebaseService.ts(1,22764): error TS1127: Invalid character.
src/services/firebaseService.ts(1,22765): error TS1127: Invalid character.
src/services/firebaseService.ts(1,22766): error TS1127: Invalid character.
src/services/firebaseService.ts(1,22767): error TS1127: Invalid character.
src/services/firebaseService.ts(1,22768): error TS1127: Invalid character.
src/services/firebaseService.ts(1,22769): error TS1127: Invalid character.
src/services/firebaseService.ts(1,22770): error TS1127: Invalid character.
src/services/firebaseService.ts(1,22771): error TS1127: Invalid character.
src/services/firebaseService.ts(1,22772): error TS1127: Invalid character.
src/services/firebaseService.ts(1,22773): error TS1127: Invalid character.
src/services/firebaseService.ts(1,22774): error TS1127: Invalid character.
src/services/firebaseService.ts(1,22775): error TS1127: Invalid character.
src/services/firebaseService.ts(1,22776): error TS1127: Invalid character.
src/services/firebaseService.ts(1,22777): error TS1127: Invalid character.
src/services/firebaseService.ts(1,22778): error TS1127: Invalid character.
src/services/firebaseService.ts(1,22779): error TS1127: Invalid character.
src/services/firebaseService.ts(1,22780): error TS1127: Invalid character.
src/services/firebaseService.ts(1,22781): error TS1127: Invalid character.
src/services/firebaseService.ts(1,22782): error TS1127: Invalid character.
src/services/firebaseService.ts(1,22783): error TS1127: Invalid character.
src/services/firebaseService.ts(1,22784): error TS1127: Invalid character.
src/services/firebaseService.ts(1,22785): error TS1127: Invalid character.
src/services/firebaseService.ts(1,22786): error TS1127: Invalid character.
src/services/firebaseService.ts(1,22787): error TS1127: Invalid character.
src/services/firebaseService.ts(1,22788): error TS1127: Invalid character.
src/services/firebaseService.ts(1,22789): error TS1127: Invalid character.
src/services/firebaseService.ts(1,22790): error TS1127: Invalid character.
src/services/firebaseService.ts(1,22791): error TS1127: Invalid character.
src/services/firebaseService.ts(1,22792): error TS1127: Invalid character.
src/services/firebaseService.ts(1,22793): error TS1127: Invalid character.
src/services/firebaseService.ts(1,22794): error TS1127: Invalid character.
src/services/firebaseService.ts(1,22795): error TS1127: Invalid character.
src/services/firebaseService.ts(1,22796): error TS1127: Invalid character.
src/services/firebaseService.ts(1,22797): error TS1127: Invalid character.
src/services/firebaseService.ts(1,22798): error TS1127: Invalid character.
src/services/firebaseService.ts(1,22799): error TS1127: Invalid character.
src/services/firebaseService.ts(1,22800): error TS1127: Invalid character.
src/services/firebaseService.ts(1,22801): error TS1127: Invalid character.
src/services/firebaseService.ts(1,22802): error TS1127: Invalid character.
src/services/firebaseService.ts(1,22803): error TS1127: Invalid character.
src/services/firebaseService.ts(1,22804): error TS1127: Invalid character.
src/services/firebaseService.ts(1,22805): error TS1127: Invalid character.
src/services/firebaseService.ts(1,22806): error TS1127: Invalid character.
src/services/firebaseService.ts(1,22807): error TS1127: Invalid character.
src/services/firebaseService.ts(1,22808): error TS1127: Invalid character.
src/services/firebaseService.ts(1,22809): error TS1127: Invalid character.
src/services/firebaseService.ts(1,22810): error TS1127: Invalid character.
src/services/firebaseService.ts(1,22811): error TS1127: Invalid character.
src/services/firebaseService.ts(1,22812): error TS1127: Invalid character.
src/services/firebaseService.ts(1,22813): error TS1127: Invalid character.
src/services/firebaseService.ts(1,22814): error TS1127: Invalid character.
src/services/firebaseService.ts(1,22815): error TS1127: Invalid character.
src/services/firebaseService.ts(1,22816): error TS1127: Invalid character.
src/services/firebaseService.ts(1,22817): error TS1127: Invalid character.
src/services/firebaseService.ts(1,22818): error TS1127: Invalid character.
src/services/firebaseService.ts(1,22819): error TS1127: Invalid character.
src/services/firebaseService.ts(1,22820): error TS1127: Invalid character.
src/services/firebaseService.ts(1,22821): error TS1127: Invalid character.
src/services/firebaseService.ts(1,22822): error TS1127: Invalid character.
src/services/firebaseService.ts(1,22823): error TS1127: Invalid character.
src/services/firebaseService.ts(1,22824): error TS1127: Invalid character.
src/services/firebaseService.ts(1,22825): error TS1127: Invalid character.
src/services/firebaseService.ts(1,22826): error TS1127: Invalid character.
src/services/firebaseService.ts(1,22827): error TS1127: Invalid character.
src/services/firebaseService.ts(1,22828): error TS1127: Invalid character.
src/services/firebaseService.ts(1,22829): error TS1127: Invalid character.
src/services/firebaseService.ts(1,22830): error TS1127: Invalid character.
src/services/firebaseService.ts(1,22831): error TS1127: Invalid character.
src/services/firebaseService.ts(1,22832): error TS1127: Invalid character.
src/services/firebaseService.ts(1,22833): error TS1127: Invalid character.
src/services/firebaseService.ts(1,22834): error TS1127: Invalid character.
src/services/firebaseService.ts(1,22835): error TS1127: Invalid character.
src/services/firebaseService.ts(1,22836): error TS1127: Invalid character.
src/services/firebaseService.ts(1,22837): error TS1127: Invalid character.
src/services/firebaseService.ts(1,22838): error TS1127: Invalid character.
src/services/firebaseService.ts(1,22839): error TS1127: Invalid character.
src/services/firebaseService.ts(1,22840): error TS1127: Invalid character.
src/services/firebaseService.ts(1,22841): error TS1127: Invalid character.
src/services/firebaseService.ts(1,22842): error TS1127: Invalid character.
src/services/firebaseService.ts(1,22843): error TS1127: Invalid character.
src/services/firebaseService.ts(1,22844): error TS1127: Invalid character.
src/services/firebaseService.ts(1,22845): error TS1127: Invalid character.
src/services/firebaseService.ts(1,22846): error TS1127: Invalid character.
src/services/firebaseService.ts(1,22847): error TS1127: Invalid character.
src/services/firebaseService.ts(1,22848): error TS1127: Invalid character.
src/services/firebaseService.ts(1,22849): error TS1127: Invalid character.
src/services/firebaseService.ts(1,22850): error TS1127: Invalid character.
src/services/firebaseService.ts(1,22851): error TS1127: Invalid character.
src/services/firebaseService.ts(1,22852): error TS1127: Invalid character.
src/services/firebaseService.ts(1,22853): error TS1127: Invalid character.
src/services/firebaseService.ts(1,22854): error TS1127: Invalid character.
src/services/firebaseService.ts(1,22855): error TS1127: Invalid character.
src/services/firebaseService.ts(1,22856): error TS1127: Invalid character.
src/services/firebaseService.ts(1,22857): error TS1127: Invalid character.
src/services/firebaseService.ts(1,22858): error TS1127: Invalid character.
src/services/firebaseService.ts(1,22859): error TS1127: Invalid character.
src/services/firebaseService.ts(1,22860): error TS1127: Invalid character.
src/services/firebaseService.ts(1,22861): error TS1127: Invalid character.
src/services/firebaseService.ts(1,22862): error TS1127: Invalid character.
src/services/firebaseService.ts(1,22863): error TS1127: Invalid character.
src/services/firebaseService.ts(1,22864): error TS1127: Invalid character.
src/services/firebaseService.ts(1,22865): error TS1127: Invalid character.
src/services/firebaseService.ts(1,22866): error TS1127: Invalid character.
src/services/firebaseService.ts(1,22867): error TS1127: Invalid character.
src/services/firebaseService.ts(1,22868): error TS1127: Invalid character.
src/services/firebaseService.ts(1,22869): error TS1127: Invalid character.
src/services/firebaseService.ts(1,22870): error TS1127: Invalid character.
src/services/firebaseService.ts(1,22871): error TS1127: Invalid character.
src/services/firebaseService.ts(1,22872): error TS1127: Invalid character.
src/services/firebaseService.ts(1,22873): error TS1127: Invalid character.
src/services/firebaseService.ts(1,22874): error TS1127: Invalid character.
src/services/firebaseService.ts(1,22875): error TS1127: Invalid character.
src/services/firebaseService.ts(1,22876): error TS1127: Invalid character.
src/services/firebaseService.ts(1,22877): error TS1127: Invalid character.
src/services/firebaseService.ts(1,22878): error TS1127: Invalid character.
src/services/firebaseService.ts(1,22879): error TS1127: Invalid character.
src/services/firebaseService.ts(1,22880): error TS1127: Invalid character.
src/services/firebaseService.ts(1,22881): error TS1127: Invalid character.
src/services/firebaseService.ts(1,22882): error TS1127: Invalid character.
src/services/firebaseService.ts(1,22883): error TS1127: Invalid character.
src/services/firebaseService.ts(1,22884): error TS1127: Invalid character.
src/services/firebaseService.ts(1,22885): error TS1127: Invalid character.
src/services/firebaseService.ts(1,22886): error TS1127: Invalid character.
src/services/firebaseService.ts(1,22887): error TS1127: Invalid character.
src/services/firebaseService.ts(1,22888): error TS1127: Invalid character.
src/services/firebaseService.ts(1,22889): error TS1127: Invalid character.
src/services/firebaseService.ts(1,22890): error TS1127: Invalid character.
src/services/firebaseService.ts(1,22891): error TS1127: Invalid character.
src/services/firebaseService.ts(1,22892): error TS1127: Invalid character.
src/services/firebaseService.ts(1,22893): error TS1127: Invalid character.
src/services/firebaseService.ts(1,22894): error TS1127: Invalid character.
src/services/firebaseService.ts(1,22895): error TS1127: Invalid character.
src/services/firebaseService.ts(1,22896): error TS1127: Invalid character.
src/services/firebaseService.ts(1,22897): error TS1127: Invalid character.
src/services/firebaseService.ts(1,22898): error TS1127: Invalid character.
src/services/firebaseService.ts(1,22899): error TS1127: Invalid character.
src/services/firebaseService.ts(1,22900): error TS1127: Invalid character.
src/services/firebaseService.ts(1,22901): error TS1127: Invalid character.
src/services/firebaseService.ts(1,22902): error TS1127: Invalid character.
src/services/firebaseService.ts(1,22903): error TS1127: Invalid character.
src/services/firebaseService.ts(1,22904): error TS1127: Invalid character.
src/services/firebaseService.ts(1,22905): error TS1127: Invalid character.
src/services/firebaseService.ts(1,22906): error TS1127: Invalid character.
src/services/firebaseService.ts(1,22907): error TS1127: Invalid character.
src/services/firebaseService.ts(1,22908): error TS1127: Invalid character.
src/services/firebaseService.ts(1,22909): error TS1127: Invalid character.
src/services/firebaseService.ts(1,22910): error TS1127: Invalid character.
src/services/firebaseService.ts(1,22911): error TS1127: Invalid character.
src/services/firebaseService.ts(1,22912): error TS1127: Invalid character.
src/services/firebaseService.ts(1,22913): error TS1127: Invalid character.
src/services/firebaseService.ts(1,22914): error TS1127: Invalid character.
src/services/firebaseService.ts(1,22915): error TS1127: Invalid character.
src/services/firebaseService.ts(1,22916): error TS1127: Invalid character.
src/services/firebaseService.ts(1,22917): error TS1127: Invalid character.
src/services/firebaseService.ts(1,22918): error TS1127: Invalid character.
src/services/firebaseService.ts(1,22919): error TS1127: Invalid character.
src/services/firebaseService.ts(1,22920): error TS1127: Invalid character.
src/services/firebaseService.ts(1,22921): error TS1127: Invalid character.
src/services/firebaseService.ts(1,22922): error TS1127: Invalid character.
src/services/firebaseService.ts(1,22923): error TS1127: Invalid character.
src/services/firebaseService.ts(1,22924): error TS1127: Invalid character.
src/services/firebaseService.ts(1,22925): error TS1127: Invalid character.
src/services/firebaseService.ts(1,22926): error TS1127: Invalid character.
src/services/firebaseService.ts(1,22927): error TS1127: Invalid character.
src/services/firebaseService.ts(1,22928): error TS1127: Invalid character.
src/services/firebaseService.ts(1,22929): error TS1127: Invalid character.
src/services/firebaseService.ts(1,22930): error TS1127: Invalid character.
src/services/firebaseService.ts(1,22931): error TS1127: Invalid character.
src/services/firebaseService.ts(1,22932): error TS1127: Invalid character.
src/services/firebaseService.ts(1,22933): error TS1127: Invalid character.
src/services/firebaseService.ts(1,22934): error TS1127: Invalid character.
src/services/firebaseService.ts(1,22935): error TS1127: Invalid character.
src/services/firebaseService.ts(1,22936): error TS1127: Invalid character.
src/services/firebaseService.ts(1,22937): error TS1127: Invalid character.
src/services/firebaseService.ts(1,22938): error TS1127: Invalid character.
src/services/firebaseService.ts(1,22939): error TS1127: Invalid character.
src/services/firebaseService.ts(1,22940): error TS1127: Invalid character.
src/services/firebaseService.ts(1,22941): error TS1127: Invalid character.
src/services/firebaseService.ts(1,22942): error TS1127: Invalid character.
src/services/firebaseService.ts(1,22943): error TS1127: Invalid character.
src/services/firebaseService.ts(1,22944): error TS1127: Invalid character.
src/services/firebaseService.ts(1,22945): error TS1127: Invalid character.
src/services/firebaseService.ts(1,22946): error TS1127: Invalid character.
src/services/firebaseService.ts(1,22947): error TS1127: Invalid character.
src/services/firebaseService.ts(1,22948): error TS1127: Invalid character.
src/services/firebaseService.ts(1,22949): error TS1127: Invalid character.
src/services/firebaseService.ts(1,22950): error TS1127: Invalid character.
src/services/firebaseService.ts(1,22951): error TS1127: Invalid character.
src/services/firebaseService.ts(1,22952): error TS1127: Invalid character.
src/services/firebaseService.ts(1,22953): error TS1127: Invalid character.
src/services/firebaseService.ts(1,22954): error TS1127: Invalid character.
src/services/firebaseService.ts(1,22955): error TS1127: Invalid character.
src/services/firebaseService.ts(1,22956): error TS1127: Invalid character.
src/services/firebaseService.ts(1,22957): error TS1127: Invalid character.
src/services/firebaseService.ts(1,22958): error TS1127: Invalid character.
src/services/firebaseService.ts(1,22959): error TS1127: Invalid character.
src/services/firebaseService.ts(1,22960): error TS1127: Invalid character.
src/services/firebaseService.ts(1,22961): error TS1127: Invalid character.
src/services/firebaseService.ts(1,22962): error TS1127: Invalid character.
src/services/firebaseService.ts(1,22963): error TS1127: Invalid character.
src/services/firebaseService.ts(1,22964): error TS1127: Invalid character.
src/services/firebaseService.ts(1,22965): error TS1127: Invalid character.
src/services/firebaseService.ts(1,22966): error TS1127: Invalid character.
src/services/firebaseService.ts(1,22967): error TS1127: Invalid character.
src/services/firebaseService.ts(1,22968): error TS1127: Invalid character.
src/services/firebaseService.ts(1,22969): error TS1127: Invalid character.
src/services/firebaseService.ts(1,22970): error TS1127: Invalid character.
src/services/firebaseService.ts(1,22971): error TS1127: Invalid character.
src/services/firebaseService.ts(1,22972): error TS1127: Invalid character.
src/services/firebaseService.ts(1,22973): error TS1127: Invalid character.
src/services/firebaseService.ts(1,22974): error TS1127: Invalid character.
src/services/firebaseService.ts(1,22975): error TS1127: Invalid character.
src/services/firebaseService.ts(1,22976): error TS1127: Invalid character.
src/services/firebaseService.ts(1,22977): error TS1127: Invalid character.
src/services/firebaseService.ts(1,22978): error TS1127: Invalid character.
src/services/firebaseService.ts(1,22979): error TS1127: Invalid character.
src/services/firebaseService.ts(1,22980): error TS1127: Invalid character.
src/services/firebaseService.ts(1,22981): error TS1127: Invalid character.
src/services/firebaseService.ts(1,22982): error TS1127: Invalid character.
src/services/firebaseService.ts(1,22983): error TS1127: Invalid character.
src/services/firebaseService.ts(1,22984): error TS1127: Invalid character.
src/services/firebaseService.ts(1,22985): error TS1127: Invalid character.
src/services/firebaseService.ts(1,22986): error TS1127: Invalid character.
src/services/firebaseService.ts(1,22987): error TS1127: Invalid character.
src/services/firebaseService.ts(1,22988): error TS1127: Invalid character.
src/services/firebaseService.ts(1,22989): error TS1127: Invalid character.
src/services/firebaseService.ts(1,22990): error TS1127: Invalid character.
src/services/firebaseService.ts(1,22991): error TS1127: Invalid character.
src/services/firebaseService.ts(1,22992): error TS1127: Invalid character.
src/services/firebaseService.ts(1,22993): error TS1127: Invalid character.
src/services/firebaseService.ts(1,22994): error TS1127: Invalid character.
src/services/firebaseService.ts(1,22995): error TS1127: Invalid character.
src/services/firebaseService.ts(1,22996): error TS1127: Invalid character.
src/services/firebaseService.ts(1,22997): error TS1127: Invalid character.
src/services/firebaseService.ts(1,22998): error TS1127: Invalid character.
src/services/firebaseService.ts(1,22999): error TS1127: Invalid character.
src/services/firebaseService.ts(1,23000): error TS1127: Invalid character.
src/services/firebaseService.ts(1,23001): error TS1127: Invalid character.
src/services/firebaseService.ts(1,23002): error TS1127: Invalid character.
src/services/firebaseService.ts(1,23003): error TS1127: Invalid character.
src/services/firebaseService.ts(1,23004): error TS1127: Invalid character.
src/services/firebaseService.ts(1,23005): error TS1127: Invalid character.
src/services/firebaseService.ts(1,23006): error TS1127: Invalid character.
src/services/firebaseService.ts(1,23007): error TS1127: Invalid character.
src/services/firebaseService.ts(1,23008): error TS1127: Invalid character.
src/services/firebaseService.ts(1,23009): error TS1127: Invalid character.
src/services/firebaseService.ts(1,23010): error TS1127: Invalid character.
src/services/firebaseService.ts(1,23011): error TS1127: Invalid character.
src/services/firebaseService.ts(1,23012): error TS1127: Invalid character.
src/services/firebaseService.ts(1,23013): error TS1127: Invalid character.
src/services/firebaseService.ts(1,23014): error TS1127: Invalid character.
src/services/firebaseService.ts(1,23015): error TS1127: Invalid character.
src/services/firebaseService.ts(1,23016): error TS1127: Invalid character.
src/services/firebaseService.ts(1,23017): error TS1127: Invalid character.
src/services/firebaseService.ts(1,23018): error TS1127: Invalid character.
src/services/firebaseService.ts(1,23019): error TS1127: Invalid character.
src/services/firebaseService.ts(1,23020): error TS1127: Invalid character.
src/services/firebaseService.ts(1,23021): error TS1127: Invalid character.
src/services/firebaseService.ts(1,23022): error TS1127: Invalid character.
src/services/firebaseService.ts(1,23023): error TS1127: Invalid character.
src/services/firebaseService.ts(1,23024): error TS1127: Invalid character.
src/services/firebaseService.ts(1,23025): error TS1127: Invalid character.
src/services/firebaseService.ts(1,23026): error TS1127: Invalid character.
src/services/firebaseService.ts(1,23027): error TS1127: Invalid character.
src/services/firebaseService.ts(1,23028): error TS1127: Invalid character.
src/services/firebaseService.ts(1,23029): error TS1127: Invalid character.
src/services/firebaseService.ts(1,23030): error TS1127: Invalid character.
src/services/firebaseService.ts(1,23031): error TS1127: Invalid character.
src/services/firebaseService.ts(1,23032): error TS1127: Invalid character.
src/services/firebaseService.ts(1,23033): error TS1127: Invalid character.
src/services/firebaseService.ts(1,23034): error TS1127: Invalid character.
src/services/firebaseService.ts(1,23035): error TS1127: Invalid character.
src/services/firebaseService.ts(1,23036): error TS1127: Invalid character.
src/services/firebaseService.ts(1,23037): error TS1127: Invalid character.
src/services/firebaseService.ts(1,23038): error TS1127: Invalid character.
src/services/firebaseService.ts(1,23039): error TS1127: Invalid character.
src/services/firebaseService.ts(1,23040): error TS1127: Invalid character.
src/services/firebaseService.ts(1,23041): error TS1127: Invalid character.
src/services/firebaseService.ts(1,23042): error TS1127: Invalid character.
src/services/firebaseService.ts(1,23043): error TS1127: Invalid character.
src/services/firebaseService.ts(1,23044): error TS1127: Invalid character.
src/services/firebaseService.ts(1,23045): error TS1127: Invalid character.
src/services/firebaseService.ts(1,23046): error TS1127: Invalid character.
src/services/firebaseService.ts(1,23047): error TS1127: Invalid character.
src/services/firebaseService.ts(1,23048): error TS1127: Invalid character.
src/services/firebaseService.ts(1,23049): error TS1127: Invalid character.
src/services/firebaseService.ts(1,23050): error TS1127: Invalid character.
src/services/firebaseService.ts(1,23051): error TS1127: Invalid character.
src/services/firebaseService.ts(1,23052): error TS1127: Invalid character.
src/services/firebaseService.ts(1,23053): error TS1127: Invalid character.
src/services/firebaseService.ts(1,23054): error TS1127: Invalid character.
src/services/firebaseService.ts(1,23055): error TS1127: Invalid character.
src/services/firebaseService.ts(1,23056): error TS1127: Invalid character.
src/services/firebaseService.ts(1,23057): error TS1127: Invalid character.
src/services/firebaseService.ts(1,23058): error TS1127: Invalid character.
src/services/firebaseService.ts(1,23059): error TS1127: Invalid character.
src/services/firebaseService.ts(1,23060): error TS1127: Invalid character.
src/services/firebaseService.ts(1,23061): error TS1127: Invalid character.
src/services/firebaseService.ts(1,23062): error TS1127: Invalid character.
src/services/firebaseService.ts(1,23063): error TS1127: Invalid character.
src/services/firebaseService.ts(1,23064): error TS1127: Invalid character.
src/services/firebaseService.ts(1,23065): error TS1127: Invalid character.
src/services/firebaseService.ts(1,23066): error TS1127: Invalid character.
src/services/firebaseService.ts(1,23067): error TS1127: Invalid character.
src/services/firebaseService.ts(1,23068): error TS1127: Invalid character.
src/services/firebaseService.ts(1,23069): error TS1127: Invalid character.
src/services/firebaseService.ts(1,23070): error TS1127: Invalid character.
src/services/firebaseService.ts(1,23071): error TS1127: Invalid character.
src/services/firebaseService.ts(1,23072): error TS1127: Invalid character.
src/services/firebaseService.ts(1,23073): error TS1127: Invalid character.
src/services/firebaseService.ts(1,23074): error TS1127: Invalid character.
src/services/firebaseService.ts(1,23075): error TS1127: Invalid character.
src/services/firebaseService.ts(1,23076): error TS1127: Invalid character.
src/services/firebaseService.ts(1,23077): error TS1127: Invalid character.
src/services/firebaseService.ts(1,23078): error TS1127: Invalid character.
src/services/firebaseService.ts(1,23079): error TS1127: Invalid character.
src/services/firebaseService.ts(1,23080): error TS1127: Invalid character.
src/services/firebaseService.ts(1,23081): error TS1127: Invalid character.
src/services/firebaseService.ts(1,23082): error TS1127: Invalid character.
src/services/firebaseService.ts(1,23083): error TS1127: Invalid character.
src/services/firebaseService.ts(1,23084): error TS1127: Invalid character.
src/services/firebaseService.ts(1,23085): error TS1127: Invalid character.
src/services/firebaseService.ts(1,23086): error TS1127: Invalid character.
src/services/firebaseService.ts(1,23087): error TS1127: Invalid character.
src/services/firebaseService.ts(1,23088): error TS1127: Invalid character.
src/services/firebaseService.ts(1,23089): error TS1127: Invalid character.
src/services/firebaseService.ts(1,23090): error TS1127: Invalid character.
src/services/firebaseService.ts(1,23091): error TS1127: Invalid character.
src/services/firebaseService.ts(1,23092): error TS1127: Invalid character.
src/services/firebaseService.ts(1,23093): error TS1127: Invalid character.
src/services/firebaseService.ts(1,23094): error TS1127: Invalid character.
src/services/firebaseService.ts(1,23095): error TS1127: Invalid character.
src/services/firebaseService.ts(1,23096): error TS1127: Invalid character.
src/services/firebaseService.ts(1,23097): error TS1127: Invalid character.
src/services/firebaseService.ts(1,23098): error TS1127: Invalid character.
src/services/firebaseService.ts(1,23099): error TS1127: Invalid character.
src/services/firebaseService.ts(1,23100): error TS1127: Invalid character.
src/services/firebaseService.ts(1,23101): error TS1127: Invalid character.
src/services/firebaseService.ts(1,23102): error TS1127: Invalid character.
src/services/firebaseService.ts(1,23103): error TS1127: Invalid character.
src/services/firebaseService.ts(1,23104): error TS1127: Invalid character.
src/services/firebaseService.ts(1,23105): error TS1127: Invalid character.
src/services/firebaseService.ts(1,23106): error TS1127: Invalid character.
src/services/firebaseService.ts(1,23107): error TS1127: Invalid character.
src/services/firebaseService.ts(1,23108): error TS1127: Invalid character.
src/services/firebaseService.ts(1,23109): error TS1127: Invalid character.
src/services/firebaseService.ts(1,23110): error TS1127: Invalid character.
src/services/firebaseService.ts(1,23111): error TS1127: Invalid character.
src/services/firebaseService.ts(1,23112): error TS1127: Invalid character.
src/services/firebaseService.ts(1,23113): error TS1127: Invalid character.
src/services/firebaseService.ts(1,23114): error TS1127: Invalid character.
src/services/firebaseService.ts(1,23115): error TS1127: Invalid character.
src/services/firebaseService.ts(1,23116): error TS1127: Invalid character.
src/services/firebaseService.ts(1,23117): error TS1127: Invalid character.
src/services/firebaseService.ts(1,23118): error TS1127: Invalid character.
src/services/firebaseService.ts(1,23119): error TS1127: Invalid character.
src/services/firebaseService.ts(1,23120): error TS1127: Invalid character.
src/services/firebaseService.ts(1,23121): error TS1127: Invalid character.
src/services/firebaseService.ts(1,23122): error TS1127: Invalid character.
src/services/firebaseService.ts(1,23123): error TS1127: Invalid character.
src/services/firebaseService.ts(1,23124): error TS1127: Invalid character.
src/services/firebaseService.ts(1,23125): error TS1127: Invalid character.
src/services/firebaseService.ts(1,23126): error TS1127: Invalid character.
src/services/firebaseService.ts(1,23127): error TS1127: Invalid character.
src/services/firebaseService.ts(1,23128): error TS1127: Invalid character.
src/services/firebaseService.ts(1,23129): error TS1127: Invalid character.
src/services/firebaseService.ts(1,23130): error TS1127: Invalid character.
src/services/firebaseService.ts(1,23131): error TS1127: Invalid character.
src/services/firebaseService.ts(1,23132): error TS1127: Invalid character.
src/services/firebaseService.ts(1,23133): error TS1127: Invalid character.
src/services/firebaseService.ts(1,23134): error TS1127: Invalid character.
src/services/firebaseService.ts(1,23135): error TS1127: Invalid character.
src/services/firebaseService.ts(1,23136): error TS1127: Invalid character.
src/services/firebaseService.ts(1,23137): error TS1127: Invalid character.
src/services/firebaseService.ts(1,23138): error TS1127: Invalid character.
src/services/firebaseService.ts(1,23139): error TS1127: Invalid character.
src/services/firebaseService.ts(1,23140): error TS1127: Invalid character.
src/services/firebaseService.ts(1,23141): error TS1127: Invalid character.
src/services/firebaseService.ts(1,23142): error TS1127: Invalid character.
src/services/firebaseService.ts(1,23143): error TS1127: Invalid character.
src/services/firebaseService.ts(1,23144): error TS1127: Invalid character.
src/services/firebaseService.ts(1,23145): error TS1127: Invalid character.
src/services/firebaseService.ts(1,23146): error TS1127: Invalid character.
src/services/firebaseService.ts(1,23147): error TS1127: Invalid character.
src/services/firebaseService.ts(1,23148): error TS1127: Invalid character.
src/services/firebaseService.ts(1,23149): error TS1127: Invalid character.
src/services/firebaseService.ts(1,23150): error TS1127: Invalid character.
src/services/firebaseService.ts(1,23151): error TS1127: Invalid character.
src/services/firebaseService.ts(1,23152): error TS1127: Invalid character.
src/services/firebaseService.ts(1,23153): error TS1127: Invalid character.
src/services/firebaseService.ts(1,23154): error TS1127: Invalid character.
src/services/firebaseService.ts(1,23155): error TS1127: Invalid character.
src/services/firebaseService.ts(1,23156): error TS1127: Invalid character.
src/services/firebaseService.ts(1,23157): error TS1127: Invalid character.
src/services/firebaseService.ts(1,23158): error TS1127: Invalid character.
src/services/firebaseService.ts(1,23159): error TS1127: Invalid character.
src/services/firebaseService.ts(1,23160): error TS1127: Invalid character.
src/services/firebaseService.ts(1,23161): error TS1127: Invalid character.
src/services/firebaseService.ts(1,23162): error TS1127: Invalid character.
src/services/firebaseService.ts(1,23163): error TS1127: Invalid character.
src/services/firebaseService.ts(1,23164): error TS1127: Invalid character.
src/services/firebaseService.ts(1,23165): error TS1127: Invalid character.
src/services/firebaseService.ts(1,23166): error TS1127: Invalid character.
src/services/firebaseService.ts(1,23167): error TS1127: Invalid character.
src/services/firebaseService.ts(1,23168): error TS1127: Invalid character.
src/services/firebaseService.ts(1,23169): error TS1127: Invalid character.
src/services/firebaseService.ts(1,23170): error TS1127: Invalid character.
src/services/firebaseService.ts(1,23171): error TS1127: Invalid character.
src/services/firebaseService.ts(1,23172): error TS1127: Invalid character.
src/services/firebaseService.ts(1,23173): error TS1127: Invalid character.
src/services/firebaseService.ts(1,23174): error TS1127: Invalid character.
src/services/firebaseService.ts(1,23175): error TS1127: Invalid character.
src/services/firebaseService.ts(1,23176): error TS1127: Invalid character.
src/services/firebaseService.ts(1,23177): error TS1127: Invalid character.
src/services/firebaseService.ts(1,23178): error TS1127: Invalid character.
src/services/firebaseService.ts(1,23179): error TS1127: Invalid character.
src/services/firebaseService.ts(1,23180): error TS1127: Invalid character.
src/services/firebaseService.ts(1,23181): error TS1127: Invalid character.
src/services/firebaseService.ts(1,23182): error TS1127: Invalid character.
src/services/firebaseService.ts(1,23183): error TS1127: Invalid character.
src/services/firebaseService.ts(1,23184): error TS1127: Invalid character.
src/services/firebaseService.ts(1,23185): error TS1127: Invalid character.
src/services/firebaseService.ts(1,23186): error TS1127: Invalid character.
src/services/firebaseService.ts(1,23187): error TS1127: Invalid character.
src/services/firebaseService.ts(1,23188): error TS1127: Invalid character.
src/services/firebaseService.ts(1,23189): error TS1127: Invalid character.
src/services/firebaseService.ts(1,23190): error TS1127: Invalid character.
src/services/firebaseService.ts(1,23191): error TS1127: Invalid character.
src/services/firebaseService.ts(1,23192): error TS1127: Invalid character.
src/services/firebaseService.ts(1,23193): error TS1127: Invalid character.
src/services/firebaseService.ts(1,23194): error TS1127: Invalid character.
src/services/firebaseService.ts(1,23195): error TS1127: Invalid character.
src/services/firebaseService.ts(1,23196): error TS1127: Invalid character.
src/services/firebaseService.ts(1,23197): error TS1127: Invalid character.
src/services/firebaseService.ts(1,23198): error TS1127: Invalid character.
src/services/firebaseService.ts(1,23199): error TS1127: Invalid character.
src/services/firebaseService.ts(1,23200): error TS1127: Invalid character.
src/services/firebaseService.ts(1,23201): error TS1127: Invalid character.
src/services/firebaseService.ts(1,23202): error TS1127: Invalid character.
src/services/firebaseService.ts(1,23203): error TS1127: Invalid character.
src/services/firebaseService.ts(1,23204): error TS1127: Invalid character.
src/services/firebaseService.ts(1,23205): error TS1127: Invalid character.
src/services/firebaseService.ts(1,23206): error TS1127: Invalid character.
src/services/firebaseService.ts(1,23207): error TS1127: Invalid character.
src/services/firebaseService.ts(1,23208): error TS1127: Invalid character.
src/services/firebaseService.ts(1,23209): error TS1127: Invalid character.
src/services/firebaseService.ts(1,23210): error TS1127: Invalid character.
src/services/firebaseService.ts(1,23211): error TS1127: Invalid character.
src/services/firebaseService.ts(1,23212): error TS1127: Invalid character.
src/services/firebaseService.ts(1,23213): error TS1127: Invalid character.
src/services/firebaseService.ts(1,23214): error TS1127: Invalid character.
src/services/firebaseService.ts(1,23215): error TS1127: Invalid character.
src/services/firebaseService.ts(1,23216): error TS1127: Invalid character.
src/services/firebaseService.ts(1,23217): error TS1127: Invalid character.
src/services/firebaseService.ts(1,23218): error TS1127: Invalid character.
src/services/firebaseService.ts(1,23219): error TS1127: Invalid character.
src/services/firebaseService.ts(1,23220): error TS1127: Invalid character.
src/services/firebaseService.ts(1,23221): error TS1127: Invalid character.
src/services/firebaseService.ts(1,23222): error TS1127: Invalid character.
src/services/firebaseService.ts(1,23223): error TS1127: Invalid character.
src/services/firebaseService.ts(1,23224): error TS1127: Invalid character.
src/services/firebaseService.ts(1,23225): error TS1127: Invalid character.
src/services/firebaseService.ts(1,23226): error TS1127: Invalid character.
src/services/firebaseService.ts(1,23227): error TS1127: Invalid character.
src/services/firebaseService.ts(1,23228): error TS1127: Invalid character.
src/services/firebaseService.ts(1,23229): error TS1127: Invalid character.
src/services/firebaseService.ts(1,23230): error TS1127: Invalid character.
src/services/firebaseService.ts(1,23231): error TS1127: Invalid character.
src/services/firebaseService.ts(1,23232): error TS1127: Invalid character.
src/services/firebaseService.ts(1,23233): error TS1127: Invalid character.
src/services/firebaseService.ts(1,23234): error TS1127: Invalid character.
src/services/firebaseService.ts(1,23235): error TS1127: Invalid character.
src/services/firebaseService.ts(1,23236): error TS1127: Invalid character.
src/services/firebaseService.ts(1,23237): error TS1127: Invalid character.
src/services/firebaseService.ts(1,23238): error TS1127: Invalid character.
src/services/firebaseService.ts(1,23239): error TS1127: Invalid character.
src/services/firebaseService.ts(1,23240): error TS1127: Invalid character.
src/services/firebaseService.ts(1,23241): error TS1127: Invalid character.
src/services/firebaseService.ts(1,23242): error TS1127: Invalid character.
src/services/firebaseService.ts(1,23243): error TS1127: Invalid character.
src/services/firebaseService.ts(1,23244): error TS1127: Invalid character.
src/services/firebaseService.ts(1,23245): error TS1127: Invalid character.
src/services/firebaseService.ts(1,23246): error TS1127: Invalid character.
src/services/firebaseService.ts(1,23247): error TS1127: Invalid character.
src/services/firebaseService.ts(1,23248): error TS1127: Invalid character.
src/services/firebaseService.ts(1,23249): error TS1127: Invalid character.
src/services/firebaseService.ts(1,23250): error TS1127: Invalid character.
src/services/firebaseService.ts(1,23251): error TS1127: Invalid character.
src/services/firebaseService.ts(1,23252): error TS1127: Invalid character.
src/services/firebaseService.ts(1,23253): error TS1127: Invalid character.
src/services/firebaseService.ts(1,23254): error TS1127: Invalid character.
src/services/firebaseService.ts(1,23255): error TS1127: Invalid character.
src/services/firebaseService.ts(1,23256): error TS1127: Invalid character.
src/services/firebaseService.ts(1,23257): error TS1127: Invalid character.
src/services/firebaseService.ts(1,23258): error TS1127: Invalid character.
src/services/firebaseService.ts(1,23259): error TS1127: Invalid character.
src/services/firebaseService.ts(1,23260): error TS1127: Invalid character.
src/services/firebaseService.ts(1,23261): error TS1127: Invalid character.
src/services/firebaseService.ts(1,23262): error TS1127: Invalid character.
src/services/firebaseService.ts(1,23263): error TS1127: Invalid character.
src/services/firebaseService.ts(1,23264): error TS1127: Invalid character.
src/services/firebaseService.ts(1,23265): error TS1127: Invalid character.
src/services/firebaseService.ts(1,23266): error TS1127: Invalid character.
src/services/firebaseService.ts(1,23267): error TS1127: Invalid character.
src/services/firebaseService.ts(1,23268): error TS1127: Invalid character.
src/services/firebaseService.ts(1,23269): error TS1127: Invalid character.
src/services/firebaseService.ts(1,23270): error TS1127: Invalid character.
src/services/firebaseService.ts(1,23271): error TS1127: Invalid character.
src/services/firebaseService.ts(1,23272): error TS1127: Invalid character.
src/services/firebaseService.ts(1,23273): error TS1127: Invalid character.
src/services/firebaseService.ts(1,23274): error TS1127: Invalid character.
src/services/firebaseService.ts(1,23275): error TS1127: Invalid character.
src/services/firebaseService.ts(1,23276): error TS1127: Invalid character.
src/services/firebaseService.ts(1,23277): error TS1127: Invalid character.
src/services/firebaseService.ts(1,23278): error TS1127: Invalid character.
src/services/firebaseService.ts(1,23279): error TS1127: Invalid character.
src/services/firebaseService.ts(1,23280): error TS1127: Invalid character.
src/services/firebaseService.ts(1,23281): error TS1127: Invalid character.
src/services/firebaseService.ts(1,23282): error TS1127: Invalid character.
src/services/firebaseService.ts(1,23283): error TS1127: Invalid character.
src/services/firebaseService.ts(1,23284): error TS1127: Invalid character.
src/services/firebaseService.ts(1,23285): error TS1127: Invalid character.
src/services/firebaseService.ts(1,23286): error TS1127: Invalid character.
src/services/firebaseService.ts(1,23287): error TS1127: Invalid character.
src/services/firebaseService.ts(1,23288): error TS1127: Invalid character.
src/services/firebaseService.ts(1,23289): error TS1127: Invalid character.
src/services/firebaseService.ts(1,23290): error TS1127: Invalid character.
src/services/firebaseService.ts(1,23291): error TS1127: Invalid character.
src/services/firebaseService.ts(1,23292): error TS1127: Invalid character.
src/services/firebaseService.ts(1,23293): error TS1127: Invalid character.
src/services/firebaseService.ts(1,23294): error TS1127: Invalid character.
src/services/firebaseService.ts(1,23295): error TS1127: Invalid character.
src/services/firebaseService.ts(1,23296): error TS1127: Invalid character.
src/services/firebaseService.ts(1,23297): error TS1127: Invalid character.
src/services/firebaseService.ts(1,23298): error TS1127: Invalid character.
src/services/firebaseService.ts(1,23299): error TS1127: Invalid character.
src/services/firebaseService.ts(1,23300): error TS1127: Invalid character.
src/services/firebaseService.ts(1,23301): error TS1127: Invalid character.
src/services/firebaseService.ts(1,23302): error TS1127: Invalid character.
src/services/firebaseService.ts(1,23303): error TS1127: Invalid character.
src/services/firebaseService.ts(1,23304): error TS1127: Invalid character.
src/services/firebaseService.ts(1,23305): error TS1127: Invalid character.
src/services/firebaseService.ts(1,23306): error TS1127: Invalid character.
src/services/firebaseService.ts(1,23307): error TS1127: Invalid character.
src/services/firebaseService.ts(1,23308): error TS1127: Invalid character.
src/services/firebaseService.ts(1,23309): error TS1127: Invalid character.
src/services/firebaseService.ts(1,23310): error TS1127: Invalid character.
src/services/firebaseService.ts(1,23311): error TS1127: Invalid character.
src/services/firebaseService.ts(1,23312): error TS1127: Invalid character.
src/services/firebaseService.ts(1,23313): error TS1127: Invalid character.
src/services/firebaseService.ts(1,23314): error TS1127: Invalid character.
src/services/firebaseService.ts(1,23315): error TS1127: Invalid character.
src/services/firebaseService.ts(1,23316): error TS1127: Invalid character.
src/services/firebaseService.ts(1,23317): error TS1127: Invalid character.
src/services/firebaseService.ts(1,23318): error TS1127: Invalid character.
src/services/firebaseService.ts(1,23319): error TS1127: Invalid character.
src/services/firebaseService.ts(1,23320): error TS1127: Invalid character.
src/services/firebaseService.ts(1,23321): error TS1127: Invalid character.
src/services/firebaseService.ts(1,23322): error TS1127: Invalid character.
src/services/firebaseService.ts(1,23323): error TS1127: Invalid character.
src/services/firebaseService.ts(1,23324): error TS1127: Invalid character.
src/services/firebaseService.ts(1,23325): error TS1127: Invalid character.
src/services/firebaseService.ts(1,23326): error TS1127: Invalid character.
src/services/firebaseService.ts(1,23327): error TS1127: Invalid character.
src/services/firebaseService.ts(1,23328): error TS1127: Invalid character.
src/services/firebaseService.ts(1,23329): error TS1127: Invalid character.
src/services/firebaseService.ts(1,23330): error TS1127: Invalid character.
src/services/firebaseService.ts(1,23331): error TS1127: Invalid character.
src/services/firebaseService.ts(1,23332): error TS1127: Invalid character.
src/services/firebaseService.ts(1,23333): error TS1127: Invalid character.
src/services/firebaseService.ts(1,23334): error TS1127: Invalid character.
src/services/firebaseService.ts(1,23335): error TS1127: Invalid character.
src/services/firebaseService.ts(1,23336): error TS1127: Invalid character.
src/services/firebaseService.ts(1,23337): error TS1127: Invalid character.
src/services/firebaseService.ts(1,23338): error TS1127: Invalid character.
src/services/firebaseService.ts(1,23339): error TS1127: Invalid character.
src/services/firebaseService.ts(1,23340): error TS1127: Invalid character.
src/services/firebaseService.ts(1,23341): error TS1127: Invalid character.
src/services/firebaseService.ts(1,23342): error TS1127: Invalid character.
src/services/firebaseService.ts(1,23343): error TS1127: Invalid character.
src/services/firebaseService.ts(1,23344): error TS1127: Invalid character.
src/services/firebaseService.ts(1,23345): error TS1127: Invalid character.
src/services/firebaseService.ts(1,23346): error TS1127: Invalid character.
src/services/firebaseService.ts(1,23347): error TS1127: Invalid character.
src/services/firebaseService.ts(1,23348): error TS1127: Invalid character.
src/services/firebaseService.ts(1,23349): error TS1127: Invalid character.
src/services/firebaseService.ts(1,23350): error TS1127: Invalid character.
src/services/firebaseService.ts(1,23351): error TS1127: Invalid character.
src/services/firebaseService.ts(1,23352): error TS1127: Invalid character.
src/services/firebaseService.ts(1,23353): error TS1127: Invalid character.
src/services/firebaseService.ts(1,23354): error TS1127: Invalid character.
src/services/firebaseService.ts(1,23355): error TS1127: Invalid character.
src/services/firebaseService.ts(1,23356): error TS1127: Invalid character.
src/services/firebaseService.ts(1,23357): error TS1127: Invalid character.
src/services/firebaseService.ts(1,23358): error TS1127: Invalid character.
src/services/firebaseService.ts(1,23359): error TS1127: Invalid character.
src/services/firebaseService.ts(1,23360): error TS1127: Invalid character.
src/services/firebaseService.ts(1,23361): error TS1127: Invalid character.
src/services/firebaseService.ts(1,23362): error TS1127: Invalid character.
src/services/firebaseService.ts(1,23363): error TS1127: Invalid character.
src/services/firebaseService.ts(1,23364): error TS1127: Invalid character.
src/services/firebaseService.ts(1,23365): error TS1127: Invalid character.
src/services/firebaseService.ts(1,23366): error TS1127: Invalid character.
src/services/firebaseService.ts(1,23367): error TS1127: Invalid character.
src/services/firebaseService.ts(1,23368): error TS1127: Invalid character.
src/services/firebaseService.ts(1,23369): error TS1127: Invalid character.
src/services/firebaseService.ts(1,23370): error TS1127: Invalid character.
src/services/firebaseService.ts(1,23371): error TS1127: Invalid character.
src/services/firebaseService.ts(1,23372): error TS1127: Invalid character.
src/services/firebaseService.ts(1,23373): error TS1127: Invalid character.
src/services/firebaseService.ts(1,23374): error TS1127: Invalid character.
src/services/firebaseService.ts(1,23375): error TS1127: Invalid character.
src/services/firebaseService.ts(1,23376): error TS1127: Invalid character.
src/services/firebaseService.ts(1,23377): error TS1127: Invalid character.
src/services/firebaseService.ts(1,23378): error TS1127: Invalid character.
src/services/firebaseService.ts(1,23379): error TS1127: Invalid character.
src/services/firebaseService.ts(1,23380): error TS1127: Invalid character.
src/services/firebaseService.ts(1,23381): error TS1127: Invalid character.
src/services/firebaseService.ts(1,23382): error TS1127: Invalid character.
src/services/firebaseService.ts(1,23383): error TS1127: Invalid character.
src/services/firebaseService.ts(1,23384): error TS1127: Invalid character.
src/services/firebaseService.ts(1,23385): error TS1127: Invalid character.
src/services/firebaseService.ts(1,23386): error TS1127: Invalid character.
src/services/firebaseService.ts(1,23387): error TS1127: Invalid character.
src/services/firebaseService.ts(1,23388): error TS1127: Invalid character.
src/services/firebaseService.ts(1,23389): error TS1127: Invalid character.
src/services/firebaseService.ts(1,23390): error TS1127: Invalid character.
src/services/firebaseService.ts(1,23391): error TS1127: Invalid character.
src/services/firebaseService.ts(1,23392): error TS1127: Invalid character.
src/services/firebaseService.ts(1,23393): error TS1127: Invalid character.
src/services/firebaseService.ts(1,23394): error TS1127: Invalid character.
src/services/firebaseService.ts(1,23395): error TS1127: Invalid character.
src/services/firebaseService.ts(1,23396): error TS1127: Invalid character.
src/services/firebaseService.ts(1,23397): error TS1127: Invalid character.
src/services/firebaseService.ts(1,23398): error TS1127: Invalid character.
src/services/firebaseService.ts(1,23399): error TS1127: Invalid character.
src/services/firebaseService.ts(1,23400): error TS1127: Invalid character.
src/services/firebaseService.ts(1,23401): error TS1127: Invalid character.
src/services/firebaseService.ts(1,23402): error TS1127: Invalid character.
src/services/firebaseService.ts(1,23403): error TS1127: Invalid character.
src/services/firebaseService.ts(1,23404): error TS1127: Invalid character.
src/services/firebaseService.ts(1,23405): error TS1127: Invalid character.
src/services/firebaseService.ts(1,23406): error TS1127: Invalid character.
src/services/firebaseService.ts(1,23407): error TS1127: Invalid character.
src/services/firebaseService.ts(1,23408): error TS1127: Invalid character.
src/services/firebaseService.ts(1,23409): error TS1127: Invalid character.
src/services/firebaseService.ts(1,23410): error TS1127: Invalid character.
src/services/firebaseService.ts(1,23411): error TS1127: Invalid character.
src/services/firebaseService.ts(1,23412): error TS1127: Invalid character.
src/services/firebaseService.ts(1,23413): error TS1127: Invalid character.
src/services/firebaseService.ts(1,23414): error TS1127: Invalid character.
src/services/firebaseService.ts(1,23415): error TS1127: Invalid character.
src/services/firebaseService.ts(1,23416): error TS1127: Invalid character.
src/services/firebaseService.ts(1,23417): error TS1127: Invalid character.
src/services/firebaseService.ts(1,23418): error TS1127: Invalid character.
src/services/firebaseService.ts(1,23419): error TS1127: Invalid character.
src/services/firebaseService.ts(1,23420): error TS1127: Invalid character.
src/services/firebaseService.ts(1,23421): error TS1127: Invalid character.
src/services/firebaseService.ts(1,23422): error TS1127: Invalid character.
src/services/firebaseService.ts(1,23423): error TS1127: Invalid character.
src/services/firebaseService.ts(1,23424): error TS1127: Invalid character.
src/services/firebaseService.ts(1,23425): error TS1127: Invalid character.
src/services/firebaseService.ts(1,23426): error TS1127: Invalid character.
src/services/firebaseService.ts(1,23427): error TS1127: Invalid character.
src/services/firebaseService.ts(1,23428): error TS1127: Invalid character.
src/services/firebaseService.ts(1,23429): error TS1127: Invalid character.
src/services/firebaseService.ts(1,23430): error TS1127: Invalid character.
src/services/firebaseService.ts(1,23431): error TS1127: Invalid character.
src/services/firebaseService.ts(1,23432): error TS1127: Invalid character.
src/services/firebaseService.ts(1,23433): error TS1127: Invalid character.
src/services/firebaseService.ts(1,23434): error TS1127: Invalid character.
src/services/firebaseService.ts(1,23435): error TS1127: Invalid character.
src/services/firebaseService.ts(1,23436): error TS1127: Invalid character.
src/services/firebaseService.ts(1,23437): error TS1127: Invalid character.
src/services/firebaseService.ts(1,23438): error TS1127: Invalid character.
src/services/firebaseService.ts(1,23439): error TS1127: Invalid character.
src/services/firebaseService.ts(1,23440): error TS1127: Invalid character.
src/services/firebaseService.ts(1,23441): error TS1127: Invalid character.
src/services/firebaseService.ts(1,23442): error TS1127: Invalid character.
src/services/firebaseService.ts(1,23443): error TS1127: Invalid character.
src/services/firebaseService.ts(1,23444): error TS1127: Invalid character.
src/services/firebaseService.ts(1,23445): error TS1127: Invalid character.
src/services/firebaseService.ts(1,23446): error TS1127: Invalid character.
src/services/firebaseService.ts(1,23447): error TS1127: Invalid character.
src/services/firebaseService.ts(1,23448): error TS1127: Invalid character.
src/services/firebaseService.ts(1,23449): error TS1127: Invalid character.
src/services/firebaseService.ts(1,23450): error TS1127: Invalid character.
src/services/firebaseService.ts(1,23451): error TS1127: Invalid character.
src/services/firebaseService.ts(1,23452): error TS1127: Invalid character.
src/services/firebaseService.ts(1,23453): error TS1127: Invalid character.
src/services/firebaseService.ts(1,23454): error TS1127: Invalid character.
src/services/firebaseService.ts(1,23455): error TS1127: Invalid character.
src/services/firebaseService.ts(1,23456): error TS1127: Invalid character.
src/services/firebaseService.ts(1,23457): error TS1127: Invalid character.
src/services/firebaseService.ts(1,23458): error TS1127: Invalid character.
src/services/firebaseService.ts(1,23459): error TS1127: Invalid character.
src/services/firebaseService.ts(1,23460): error TS1127: Invalid character.
src/services/firebaseService.ts(1,23461): error TS1127: Invalid character.
src/services/firebaseService.ts(1,23462): error TS1127: Invalid character.
src/services/firebaseService.ts(1,23463): error TS1127: Invalid character.
src/services/firebaseService.ts(1,23464): error TS1127: Invalid character.
src/services/firebaseService.ts(1,23465): error TS1127: Invalid character.
src/services/firebaseService.ts(1,23466): error TS1127: Invalid character.
src/services/firebaseService.ts(1,23467): error TS1127: Invalid character.
src/services/firebaseService.ts(1,23468): error TS1127: Invalid character.
src/services/firebaseService.ts(1,23469): error TS1127: Invalid character.
src/services/firebaseService.ts(1,23470): error TS1127: Invalid character.
src/services/firebaseService.ts(1,23471): error TS1127: Invalid character.
src/services/firebaseService.ts(1,23472): error TS1127: Invalid character.
src/services/firebaseService.ts(1,23473): error TS1127: Invalid character.
src/services/firebaseService.ts(1,23474): error TS1127: Invalid character.
src/services/firebaseService.ts(1,23475): error TS1127: Invalid character.
src/services/firebaseService.ts(1,23476): error TS1127: Invalid character.
src/services/firebaseService.ts(1,23477): error TS1127: Invalid character.
src/services/firebaseService.ts(1,23478): error TS1127: Invalid character.
src/services/firebaseService.ts(1,23479): error TS1127: Invalid character.
src/services/firebaseService.ts(1,23480): error TS1127: Invalid character.
src/services/firebaseService.ts(1,23481): error TS1127: Invalid character.
src/services/firebaseService.ts(1,23482): error TS1127: Invalid character.
src/services/firebaseService.ts(1,23483): error TS1127: Invalid character.
src/services/firebaseService.ts(1,23484): error TS1127: Invalid character.
src/services/firebaseService.ts(1,23485): error TS1127: Invalid character.
src/services/firebaseService.ts(1,23486): error TS1127: Invalid character.
src/services/firebaseService.ts(1,23487): error TS1127: Invalid character.
src/services/firebaseService.ts(1,23488): error TS1127: Invalid character.
src/services/firebaseService.ts(1,23489): error TS1127: Invalid character.
src/services/firebaseService.ts(1,23490): error TS1127: Invalid character.
src/services/firebaseService.ts(1,23491): error TS1127: Invalid character.
src/services/firebaseService.ts(1,23492): error TS1127: Invalid character.
src/services/firebaseService.ts(1,23493): error TS1127: Invalid character.
src/services/firebaseService.ts(1,23494): error TS1127: Invalid character.
src/services/firebaseService.ts(1,23495): error TS1127: Invalid character.
src/services/firebaseService.ts(1,23496): error TS1127: Invalid character.
src/services/firebaseService.ts(1,23497): error TS1127: Invalid character.
src/services/firebaseService.ts(1,23498): error TS1127: Invalid character.
src/services/firebaseService.ts(1,23499): error TS1127: Invalid character.
src/services/firebaseService.ts(1,23500): error TS1127: Invalid character.
src/services/firebaseService.ts(1,23501): error TS1127: Invalid character.
src/services/firebaseService.ts(1,23502): error TS1127: Invalid character.
src/services/firebaseService.ts(1,23503): error TS1127: Invalid character.
src/services/firebaseService.ts(1,23504): error TS1127: Invalid character.
src/services/firebaseService.ts(1,23505): error TS1127: Invalid character.
src/services/firebaseService.ts(1,23506): error TS1127: Invalid character.
src/services/firebaseService.ts(1,23507): error TS1127: Invalid character.
src/services/firebaseService.ts(1,23508): error TS1127: Invalid character.
src/services/firebaseService.ts(1,23509): error TS1127: Invalid character.
src/services/firebaseService.ts(1,23510): error TS1127: Invalid character.
src/services/firebaseService.ts(1,23511): error TS1127: Invalid character.
src/services/firebaseService.ts(1,23512): error TS1127: Invalid character.
src/services/firebaseService.ts(1,23513): error TS1127: Invalid character.
src/services/firebaseService.ts(1,23514): error TS1127: Invalid character.
src/services/firebaseService.ts(1,23515): error TS1127: Invalid character.
src/services/firebaseService.ts(1,23516): error TS1127: Invalid character.
src/services/firebaseService.ts(1,23517): error TS1127: Invalid character.
src/services/firebaseService.ts(1,23518): error TS1127: Invalid character.
src/services/firebaseService.ts(1,23519): error TS1127: Invalid character.
src/services/firebaseService.ts(1,23520): error TS1127: Invalid character.
src/services/firebaseService.ts(1,23521): error TS1127: Invalid character.
src/services/firebaseService.ts(1,23522): error TS1127: Invalid character.
src/services/firebaseService.ts(1,23523): error TS1127: Invalid character.
src/services/firebaseService.ts(1,23524): error TS1127: Invalid character.
src/services/firebaseService.ts(1,23525): error TS1127: Invalid character.
src/services/firebaseService.ts(1,23526): error TS1127: Invalid character.
src/services/firebaseService.ts(1,23527): error TS1127: Invalid character.
src/services/firebaseService.ts(1,23528): error TS1127: Invalid character.
src/services/firebaseService.ts(1,23529): error TS1127: Invalid character.
src/services/firebaseService.ts(1,23530): error TS1127: Invalid character.
src/services/firebaseService.ts(1,23531): error TS1127: Invalid character.
src/services/firebaseService.ts(1,23532): error TS1127: Invalid character.
src/services/firebaseService.ts(1,23533): error TS1127: Invalid character.
src/services/firebaseService.ts(1,23534): error TS1127: Invalid character.
src/services/firebaseService.ts(1,23535): error TS1127: Invalid character.
src/services/firebaseService.ts(1,23536): error TS1127: Invalid character.
src/services/firebaseService.ts(1,23537): error TS1127: Invalid character.
src/services/firebaseService.ts(1,23538): error TS1127: Invalid character.
src/services/firebaseService.ts(1,23539): error TS1127: Invalid character.
src/services/firebaseService.ts(1,23540): error TS1127: Invalid character.
src/services/firebaseService.ts(1,23541): error TS1127: Invalid character.
src/services/firebaseService.ts(1,23542): error TS1127: Invalid character.
src/services/firebaseService.ts(1,23543): error TS1127: Invalid character.
src/services/firebaseService.ts(1,23544): error TS1127: Invalid character.
src/services/firebaseService.ts(1,23545): error TS1127: Invalid character.
src/services/firebaseService.ts(1,23546): error TS1127: Invalid character.
src/services/firebaseService.ts(1,23547): error TS1127: Invalid character.
src/services/firebaseService.ts(1,23548): error TS1127: Invalid character.
src/services/firebaseService.ts(1,23549): error TS1127: Invalid character.
src/services/firebaseService.ts(1,23550): error TS1127: Invalid character.
src/services/firebaseService.ts(1,23551): error TS1127: Invalid character.
src/services/firebaseService.ts(1,23552): error TS1127: Invalid character.
src/services/firebaseService.ts(1,23553): error TS1127: Invalid character.
src/services/firebaseService.ts(1,23554): error TS1127: Invalid character.
src/services/firebaseService.ts(1,23555): error TS1127: Invalid character.
src/services/firebaseService.ts(1,23556): error TS1127: Invalid character.
src/services/firebaseService.ts(1,23557): error TS1127: Invalid character.
src/services/firebaseService.ts(1,23558): error TS1127: Invalid character.
src/services/firebaseService.ts(1,23559): error TS1127: Invalid character.
src/services/firebaseService.ts(1,23560): error TS1127: Invalid character.
src/services/firebaseService.ts(1,23561): error TS1127: Invalid character.
src/services/firebaseService.ts(1,23562): error TS1127: Invalid character.
src/services/firebaseService.ts(1,23563): error TS1127: Invalid character.
src/services/firebaseService.ts(1,23564): error TS1127: Invalid character.
src/services/firebaseService.ts(1,23565): error TS1127: Invalid character.
src/services/firebaseService.ts(1,23566): error TS1127: Invalid character.
src/services/firebaseService.ts(1,23567): error TS1127: Invalid character.
src/services/firebaseService.ts(1,23568): error TS1127: Invalid character.
src/services/firebaseService.ts(1,23569): error TS1127: Invalid character.
src/services/firebaseService.ts(1,23570): error TS1127: Invalid character.
src/services/firebaseService.ts(1,23571): error TS1127: Invalid character.
src/services/firebaseService.ts(1,23572): error TS1127: Invalid character.
src/services/firebaseService.ts(1,23573): error TS1127: Invalid character.
src/services/firebaseService.ts(1,23574): error TS1127: Invalid character.
src/services/firebaseService.ts(1,23575): error TS1127: Invalid character.
src/services/firebaseService.ts(1,23576): error TS1127: Invalid character.
src/services/firebaseService.ts(1,23577): error TS1127: Invalid character.
src/services/firebaseService.ts(1,23578): error TS1127: Invalid character.
src/services/firebaseService.ts(1,23579): error TS1127: Invalid character.
src/services/firebaseService.ts(1,23580): error TS1127: Invalid character.
src/services/firebaseService.ts(1,23581): error TS1127: Invalid character.
src/services/firebaseService.ts(1,23582): error TS1127: Invalid character.
src/services/firebaseService.ts(1,23583): error TS1127: Invalid character.
src/services/firebaseService.ts(1,23584): error TS1127: Invalid character.
src/services/firebaseService.ts(1,23585): error TS1127: Invalid character.
src/services/firebaseService.ts(1,23586): error TS1127: Invalid character.
src/services/firebaseService.ts(1,23587): error TS1127: Invalid character.
src/services/firebaseService.ts(1,23588): error TS1127: Invalid character.
src/services/firebaseService.ts(1,23589): error TS1127: Invalid character.
src/services/firebaseService.ts(1,23590): error TS1127: Invalid character.
src/services/firebaseService.ts(1,23591): error TS1127: Invalid character.
src/services/firebaseService.ts(1,23592): error TS1127: Invalid character.
src/services/firebaseService.ts(1,23593): error TS1127: Invalid character.
src/services/firebaseService.ts(1,23594): error TS1127: Invalid character.
src/services/firebaseService.ts(1,23595): error TS1127: Invalid character.
src/services/firebaseService.ts(1,23596): error TS1127: Invalid character.
src/services/firebaseService.ts(1,23597): error TS1127: Invalid character.
src/services/firebaseService.ts(1,23598): error TS1127: Invalid character.
src/services/firebaseService.ts(1,23599): error TS1127: Invalid character.
src/services/firebaseService.ts(1,23600): error TS1127: Invalid character.
src/services/firebaseService.ts(1,23601): error TS1127: Invalid character.
src/services/firebaseService.ts(1,23602): error TS1127: Invalid character.
src/services/firebaseService.ts(1,23603): error TS1127: Invalid character.
src/services/firebaseService.ts(1,23604): error TS1127: Invalid character.
src/services/firebaseService.ts(1,23605): error TS1127: Invalid character.
src/services/firebaseService.ts(1,23606): error TS1127: Invalid character.
src/services/firebaseService.ts(1,23607): error TS1127: Invalid character.
src/services/firebaseService.ts(1,23608): error TS1127: Invalid character.
src/services/firebaseService.ts(1,23609): error TS1127: Invalid character.
src/services/firebaseService.ts(1,23610): error TS1127: Invalid character.
src/services/firebaseService.ts(1,23611): error TS1127: Invalid character.
src/services/firebaseService.ts(1,23612): error TS1127: Invalid character.
src/services/firebaseService.ts(1,23613): error TS1127: Invalid character.
src/services/firebaseService.ts(1,23614): error TS1127: Invalid character.
src/services/firebaseService.ts(1,23615): error TS1127: Invalid character.
src/services/firebaseService.ts(1,23616): error TS1127: Invalid character.
src/services/firebaseService.ts(1,23617): error TS1127: Invalid character.
src/services/firebaseService.ts(1,23618): error TS1127: Invalid character.
src/services/firebaseService.ts(1,23619): error TS1127: Invalid character.
src/services/firebaseService.ts(1,23620): error TS1127: Invalid character.
src/services/firebaseService.ts(1,23621): error TS1127: Invalid character.
src/services/firebaseService.ts(1,23622): error TS1127: Invalid character.
src/services/firebaseService.ts(1,23623): error TS1127: Invalid character.
src/services/firebaseService.ts(1,23624): error TS1127: Invalid character.
src/services/firebaseService.ts(1,23625): error TS1127: Invalid character.
src/services/firebaseService.ts(1,23626): error TS1127: Invalid character.
src/services/firebaseService.ts(1,23627): error TS1127: Invalid character.
src/services/firebaseService.ts(1,23628): error TS1127: Invalid character.
src/services/firebaseService.ts(1,23629): error TS1127: Invalid character.
src/services/firebaseService.ts(1,23630): error TS1127: Invalid character.
src/services/firebaseService.ts(1,23631): error TS1127: Invalid character.
src/services/firebaseService.ts(1,23632): error TS1127: Invalid character.
src/services/firebaseService.ts(1,23633): error TS1127: Invalid character.
src/services/firebaseService.ts(1,23634): error TS1127: Invalid character.
src/services/firebaseService.ts(1,23635): error TS1127: Invalid character.
src/services/firebaseService.ts(1,23636): error TS1127: Invalid character.
src/services/firebaseService.ts(1,23637): error TS1127: Invalid character.
src/services/firebaseService.ts(1,23638): error TS1127: Invalid character.
src/services/firebaseService.ts(1,23639): error TS1127: Invalid character.
src/services/firebaseService.ts(1,23640): error TS1127: Invalid character.
src/services/firebaseService.ts(1,23641): error TS1127: Invalid character.
src/services/firebaseService.ts(1,23642): error TS1127: Invalid character.
src/services/firebaseService.ts(1,23643): error TS1127: Invalid character.
src/services/firebaseService.ts(1,23644): error TS1127: Invalid character.
src/services/firebaseService.ts(1,23645): error TS1127: Invalid character.
src/services/firebaseService.ts(1,23646): error TS1127: Invalid character.
src/services/firebaseService.ts(1,23647): error TS1127: Invalid character.
src/services/firebaseService.ts(1,23648): error TS1127: Invalid character.
src/services/firebaseService.ts(1,23649): error TS1127: Invalid character.
src/services/firebaseService.ts(1,23650): error TS1127: Invalid character.
src/services/firebaseService.ts(1,23651): error TS1127: Invalid character.
src/services/firebaseService.ts(1,23652): error TS1127: Invalid character.
src/services/firebaseService.ts(1,23653): error TS1127: Invalid character.
src/services/firebaseService.ts(1,23654): error TS1127: Invalid character.
src/services/firebaseService.ts(1,23655): error TS1127: Invalid character.
src/services/firebaseService.ts(1,23656): error TS1127: Invalid character.
src/services/firebaseService.ts(1,23657): error TS1127: Invalid character.
src/services/firebaseService.ts(1,23658): error TS1127: Invalid character.
src/services/firebaseService.ts(1,23659): error TS1127: Invalid character.
src/services/firebaseService.ts(1,23660): error TS1127: Invalid character.
src/services/firebaseService.ts(1,23661): error TS1127: Invalid character.
src/services/firebaseService.ts(1,23662): error TS1127: Invalid character.
src/services/firebaseService.ts(1,23663): error TS1127: Invalid character.
src/services/firebaseService.ts(1,23664): error TS1127: Invalid character.
src/services/firebaseService.ts(1,23665): error TS1127: Invalid character.
src/services/firebaseService.ts(1,23666): error TS1127: Invalid character.
src/services/firebaseService.ts(1,23667): error TS1127: Invalid character.
src/services/firebaseService.ts(1,23668): error TS1127: Invalid character.
src/services/firebaseService.ts(1,23669): error TS1127: Invalid character.
src/services/firebaseService.ts(1,23670): error TS1127: Invalid character.
src/services/firebaseService.ts(1,23671): error TS1127: Invalid character.
src/services/firebaseService.ts(1,23672): error TS1127: Invalid character.
src/services/firebaseService.ts(1,23673): error TS1127: Invalid character.
src/services/firebaseService.ts(1,23674): error TS1127: Invalid character.
src/services/firebaseService.ts(1,23675): error TS1127: Invalid character.
src/services/firebaseService.ts(1,23676): error TS1127: Invalid character.
src/services/firebaseService.ts(1,23677): error TS1127: Invalid character.
src/services/firebaseService.ts(1,23678): error TS1127: Invalid character.
src/services/firebaseService.ts(1,23679): error TS1127: Invalid character.
src/services/firebaseService.ts(1,23680): error TS1127: Invalid character.
src/services/firebaseService.ts(1,23681): error TS1127: Invalid character.
src/services/firebaseService.ts(1,23682): error TS1127: Invalid character.
src/services/firebaseService.ts(1,23683): error TS1127: Invalid character.
src/services/firebaseService.ts(1,23684): error TS1127: Invalid character.
src/services/firebaseService.ts(1,23685): error TS1127: Invalid character.
src/services/firebaseService.ts(1,23686): error TS1127: Invalid character.
src/services/firebaseService.ts(1,23687): error TS1127: Invalid character.
src/services/firebaseService.ts(1,23688): error TS1127: Invalid character.
src/services/firebaseService.ts(1,23689): error TS1127: Invalid character.
src/services/firebaseService.ts(1,23690): error TS1127: Invalid character.
src/services/firebaseService.ts(1,23691): error TS1127: Invalid character.
src/services/firebaseService.ts(1,23692): error TS1127: Invalid character.
src/services/firebaseService.ts(1,23693): error TS1127: Invalid character.
src/services/firebaseService.ts(1,23694): error TS1127: Invalid character.
src/services/firebaseService.ts(1,23695): error TS1127: Invalid character.
src/services/firebaseService.ts(1,23696): error TS1127: Invalid character.
src/services/firebaseService.ts(1,23697): error TS1127: Invalid character.
src/services/firebaseService.ts(1,23698): error TS1127: Invalid character.
src/services/firebaseService.ts(1,23699): error TS1127: Invalid character.
src/services/firebaseService.ts(1,23700): error TS1127: Invalid character.
src/services/firebaseService.ts(1,23701): error TS1127: Invalid character.
src/services/firebaseService.ts(1,23702): error TS1127: Invalid character.
src/services/firebaseService.ts(1,23703): error TS1127: Invalid character.
src/services/firebaseService.ts(1,23704): error TS1127: Invalid character.
src/services/firebaseService.ts(1,23705): error TS1127: Invalid character.
src/services/firebaseService.ts(1,23706): error TS1127: Invalid character.
src/services/firebaseService.ts(1,23707): error TS1127: Invalid character.
src/services/firebaseService.ts(1,23708): error TS1127: Invalid character.
src/services/firebaseService.ts(1,23709): error TS1127: Invalid character.
src/services/firebaseService.ts(1,23710): error TS1127: Invalid character.
src/services/firebaseService.ts(1,23711): error TS1127: Invalid character.
src/services/firebaseService.ts(1,23712): error TS1127: Invalid character.
src/services/firebaseService.ts(1,23713): error TS1127: Invalid character.
src/services/firebaseService.ts(1,23714): error TS1127: Invalid character.
src/services/firebaseService.ts(1,23715): error TS1127: Invalid character.
src/services/firebaseService.ts(1,23716): error TS1127: Invalid character.
src/services/firebaseService.ts(1,23717): error TS1127: Invalid character.
src/services/firebaseService.ts(1,23718): error TS1127: Invalid character.
src/services/firebaseService.ts(1,23719): error TS1127: Invalid character.
src/services/firebaseService.ts(1,23720): error TS1127: Invalid character.
src/services/firebaseService.ts(1,23721): error TS1127: Invalid character.
src/services/firebaseService.ts(1,23722): error TS1127: Invalid character.
src/services/firebaseService.ts(1,23723): error TS1127: Invalid character.
src/services/firebaseService.ts(1,23724): error TS1127: Invalid character.
src/services/firebaseService.ts(1,23725): error TS1127: Invalid character.
src/services/firebaseService.ts(1,23726): error TS1127: Invalid character.
src/services/firebaseService.ts(1,23727): error TS1127: Invalid character.
src/services/firebaseService.ts(1,23728): error TS1127: Invalid character.
src/services/firebaseService.ts(1,23729): error TS1127: Invalid character.
src/services/firebaseService.ts(1,23730): error TS1127: Invalid character.
src/services/firebaseService.ts(1,23731): error TS1127: Invalid character.
src/services/firebaseService.ts(1,23732): error TS1127: Invalid character.
src/services/firebaseService.ts(1,23733): error TS1127: Invalid character.
src/services/firebaseService.ts(1,23734): error TS1127: Invalid character.
src/services/firebaseService.ts(1,23735): error TS1127: Invalid character.
src/services/firebaseService.ts(1,23736): error TS1127: Invalid character.
src/services/firebaseService.ts(1,23737): error TS1127: Invalid character.
src/services/firebaseService.ts(1,23738): error TS1127: Invalid character.
src/services/firebaseService.ts(1,23739): error TS1127: Invalid character.
src/services/firebaseService.ts(1,23740): error TS1127: Invalid character.
src/services/firebaseService.ts(1,23741): error TS1127: Invalid character.
src/services/firebaseService.ts(1,23742): error TS1127: Invalid character.
src/services/firebaseService.ts(1,23743): error TS1127: Invalid character.
src/services/firebaseService.ts(1,23744): error TS1127: Invalid character.
src/services/firebaseService.ts(1,23745): error TS1127: Invalid character.
src/services/firebaseService.ts(1,23746): error TS1127: Invalid character.
src/services/firebaseService.ts(1,23747): error TS1127: Invalid character.
src/services/firebaseService.ts(1,23748): error TS1127: Invalid character.
src/services/firebaseService.ts(1,23749): error TS1127: Invalid character.
src/services/firebaseService.ts(1,23750): error TS1127: Invalid character.
src/services/firebaseService.ts(1,23751): error TS1127: Invalid character.
src/services/firebaseService.ts(1,23752): error TS1127: Invalid character.
src/services/firebaseService.ts(1,23753): error TS1127: Invalid character.
src/services/firebaseService.ts(1,23754): error TS1127: Invalid character.
src/services/firebaseService.ts(1,23755): error TS1127: Invalid character.
src/services/firebaseService.ts(1,23756): error TS1127: Invalid character.
src/services/firebaseService.ts(1,23757): error TS1127: Invalid character.
src/services/firebaseService.ts(1,23758): error TS1127: Invalid character.
src/services/firebaseService.ts(1,23759): error TS1127: Invalid character.
src/services/firebaseService.ts(1,23760): error TS1127: Invalid character.
src/services/firebaseService.ts(1,23761): error TS1127: Invalid character.
src/services/firebaseService.ts(1,23762): error TS1127: Invalid character.
src/services/firebaseService.ts(1,23763): error TS1127: Invalid character.
src/services/firebaseService.ts(1,23764): error TS1127: Invalid character.
src/services/firebaseService.ts(1,23765): error TS1127: Invalid character.
src/services/firebaseService.ts(1,23766): error TS1127: Invalid character.
src/services/firebaseService.ts(1,23767): error TS1127: Invalid character.
src/services/firebaseService.ts(1,23768): error TS1127: Invalid character.
src/services/firebaseService.ts(1,23769): error TS1127: Invalid character.
src/services/firebaseService.ts(1,23770): error TS1127: Invalid character.
src/services/firebaseService.ts(1,23771): error TS1127: Invalid character.
src/services/firebaseService.ts(1,23772): error TS1127: Invalid character.
src/services/firebaseService.ts(1,23773): error TS1127: Invalid character.
src/services/firebaseService.ts(1,23774): error TS1127: Invalid character.
src/services/firebaseService.ts(1,23775): error TS1127: Invalid character.
src/services/firebaseService.ts(1,23776): error TS1127: Invalid character.
src/services/firebaseService.ts(1,23777): error TS1127: Invalid character.
src/services/firebaseService.ts(1,23778): error TS1127: Invalid character.
src/services/firebaseService.ts(1,23779): error TS1127: Invalid character.
src/services/firebaseService.ts(1,23780): error TS1127: Invalid character.
src/services/firebaseService.ts(1,23781): error TS1127: Invalid character.
src/services/firebaseService.ts(1,23782): error TS1127: Invalid character.
src/services/firebaseService.ts(1,23783): error TS1127: Invalid character.
src/services/firebaseService.ts(1,23784): error TS1127: Invalid character.
src/services/firebaseService.ts(1,23785): error TS1127: Invalid character.
src/services/firebaseService.ts(1,23786): error TS1127: Invalid character.
src/services/firebaseService.ts(1,23787): error TS1127: Invalid character.
src/services/firebaseService.ts(1,23788): error TS1127: Invalid character.
src/services/firebaseService.ts(1,23789): error TS1127: Invalid character.
src/services/firebaseService.ts(1,23790): error TS1127: Invalid character.
src/services/firebaseService.ts(1,23791): error TS1127: Invalid character.
src/services/firebaseService.ts(1,23792): error TS1127: Invalid character.
src/services/firebaseService.ts(1,23793): error TS1127: Invalid character.
src/services/firebaseService.ts(1,23794): error TS1127: Invalid character.
src/services/firebaseService.ts(1,23795): error TS1127: Invalid character.
src/services/firebaseService.ts(1,23796): error TS1127: Invalid character.
src/services/firebaseService.ts(1,23797): error TS1127: Invalid character.
src/services/firebaseService.ts(1,23798): error TS1127: Invalid character.
src/services/firebaseService.ts(1,23799): error TS1127: Invalid character.
src/services/firebaseService.ts(1,23800): error TS1127: Invalid character.
src/services/firebaseService.ts(1,23801): error TS1127: Invalid character.
src/services/firebaseService.ts(1,23802): error TS1127: Invalid character.
src/services/firebaseService.ts(1,23803): error TS1127: Invalid character.
src/services/firebaseService.ts(1,23804): error TS1127: Invalid character.
src/services/firebaseService.ts(1,23805): error TS1127: Invalid character.
src/services/firebaseService.ts(1,23806): error TS1127: Invalid character.
src/services/firebaseService.ts(1,23807): error TS1127: Invalid character.
src/services/firebaseService.ts(1,23808): error TS1127: Invalid character.
src/services/firebaseService.ts(1,23809): error TS1127: Invalid character.
src/services/firebaseService.ts(1,23810): error TS1127: Invalid character.
src/services/firebaseService.ts(1,23811): error TS1127: Invalid character.
src/services/firebaseService.ts(1,23812): error TS1127: Invalid character.
src/services/firebaseService.ts(1,23813): error TS1127: Invalid character.
src/services/firebaseService.ts(1,23814): error TS1127: Invalid character.
src/services/firebaseService.ts(1,23815): error TS1127: Invalid character.
src/services/firebaseService.ts(1,23816): error TS1127: Invalid character.
src/services/firebaseService.ts(1,23817): error TS1127: Invalid character.
src/services/firebaseService.ts(1,23818): error TS1127: Invalid character.
src/services/firebaseService.ts(1,23819): error TS1127: Invalid character.
src/services/firebaseService.ts(1,23820): error TS1127: Invalid character.
src/services/firebaseService.ts(1,23821): error TS1127: Invalid character.
src/services/firebaseService.ts(1,23822): error TS1127: Invalid character.
src/services/firebaseService.ts(1,23823): error TS1127: Invalid character.
src/services/firebaseService.ts(1,23824): error TS1127: Invalid character.
src/services/firebaseService.ts(1,23825): error TS1127: Invalid character.
src/services/firebaseService.ts(1,23826): error TS1127: Invalid character.
src/services/firebaseService.ts(1,23827): error TS1127: Invalid character.
src/services/firebaseService.ts(1,23828): error TS1127: Invalid character.
src/services/firebaseService.ts(1,23829): error TS1127: Invalid character.
src/services/firebaseService.ts(1,23830): error TS1127: Invalid character.
src/services/firebaseService.ts(1,23831): error TS1127: Invalid character.
src/services/firebaseService.ts(1,23832): error TS1127: Invalid character.
src/services/firebaseService.ts(1,23833): error TS1127: Invalid character.
src/services/firebaseService.ts(1,23834): error TS1127: Invalid character.
src/services/firebaseService.ts(1,23835): error TS1127: Invalid character.
src/services/firebaseService.ts(1,23836): error TS1127: Invalid character.
src/services/firebaseService.ts(1,23837): error TS1127: Invalid character.
src/services/firebaseService.ts(1,23838): error TS1127: Invalid character.
src/services/firebaseService.ts(1,23839): error TS1127: Invalid character.
src/services/firebaseService.ts(1,23840): error TS1127: Invalid character.
src/services/firebaseService.ts(1,23841): error TS1127: Invalid character.
src/services/firebaseService.ts(1,23842): error TS1127: Invalid character.
src/services/firebaseService.ts(1,23843): error TS1127: Invalid character.
src/services/firebaseService.ts(1,23844): error TS1127: Invalid character.
src/services/firebaseService.ts(1,23845): error TS1127: Invalid character.
src/services/firebaseService.ts(1,23846): error TS1127: Invalid character.
src/services/firebaseService.ts(1,23847): error TS1127: Invalid character.
src/services/firebaseService.ts(1,23848): error TS1127: Invalid character.
src/services/firebaseService.ts(1,23849): error TS1127: Invalid character.
src/services/firebaseService.ts(1,23850): error TS1127: Invalid character.
src/services/firebaseService.ts(1,23851): error TS1127: Invalid character.
src/services/firebaseService.ts(1,23852): error TS1127: Invalid character.
src/services/firebaseService.ts(1,23853): error TS1127: Invalid character.
src/services/firebaseService.ts(1,23854): error TS1127: Invalid character.
src/services/firebaseService.ts(1,23855): error TS1127: Invalid character.
src/services/firebaseService.ts(1,23856): error TS1127: Invalid character.
src/services/firebaseService.ts(1,23857): error TS1127: Invalid character.
src/services/firebaseService.ts(1,23858): error TS1127: Invalid character.
src/services/firebaseService.ts(1,23859): error TS1127: Invalid character.
src/services/firebaseService.ts(1,23860): error TS1127: Invalid character.
src/services/firebaseService.ts(1,23861): error TS1127: Invalid character.
src/services/firebaseService.ts(1,23862): error TS1127: Invalid character.
src/services/firebaseService.ts(1,23863): error TS1127: Invalid character.
src/services/firebaseService.ts(1,23864): error TS1127: Invalid character.
src/services/firebaseService.ts(1,23865): error TS1127: Invalid character.
src/services/firebaseService.ts(1,23866): error TS1127: Invalid character.
src/services/firebaseService.ts(1,23867): error TS1127: Invalid character.
src/services/firebaseService.ts(1,23868): error TS1127: Invalid character.
src/services/firebaseService.ts(1,23869): error TS1127: Invalid character.
src/services/firebaseService.ts(1,23870): error TS1127: Invalid character.
src/services/firebaseService.ts(1,23871): error TS1127: Invalid character.
src/services/firebaseService.ts(1,23872): error TS1127: Invalid character.
src/services/firebaseService.ts(1,23873): error TS1127: Invalid character.
src/services/firebaseService.ts(1,23874): error TS1127: Invalid character.
src/services/firebaseService.ts(1,23875): error TS1127: Invalid character.
src/services/firebaseService.ts(1,23876): error TS1127: Invalid character.
src/services/firebaseService.ts(1,23877): error TS1127: Invalid character.
src/services/firebaseService.ts(1,23878): error TS1127: Invalid character.
src/services/firebaseService.ts(1,23879): error TS1127: Invalid character.
src/services/firebaseService.ts(1,23880): error TS1127: Invalid character.
src/services/firebaseService.ts(1,23881): error TS1127: Invalid character.
src/services/firebaseService.ts(1,23882): error TS1127: Invalid character.
src/services/firebaseService.ts(1,23883): error TS1127: Invalid character.
src/services/firebaseService.ts(1,23884): error TS1127: Invalid character.
src/services/firebaseService.ts(1,23885): error TS1127: Invalid character.
src/services/firebaseService.ts(1,23886): error TS1127: Invalid character.
src/services/firebaseService.ts(1,23887): error TS1127: Invalid character.
src/services/firebaseService.ts(1,23888): error TS1127: Invalid character.
src/services/firebaseService.ts(1,23889): error TS1127: Invalid character.
src/services/firebaseService.ts(1,23890): error TS1127: Invalid character.
src/services/firebaseService.ts(1,23891): error TS1127: Invalid character.
src/services/firebaseService.ts(1,23892): error TS1127: Invalid character.
src/services/firebaseService.ts(1,23893): error TS1127: Invalid character.
src/services/firebaseService.ts(1,23894): error TS1127: Invalid character.
src/services/firebaseService.ts(1,23895): error TS1127: Invalid character.
src/services/firebaseService.ts(1,23896): error TS1127: Invalid character.
src/services/firebaseService.ts(1,23897): error TS1127: Invalid character.
src/services/firebaseService.ts(1,23898): error TS1127: Invalid character.
src/services/firebaseService.ts(1,23899): error TS1127: Invalid character.
src/services/firebaseService.ts(1,23900): error TS1127: Invalid character.
src/services/firebaseService.ts(1,23901): error TS1127: Invalid character.
src/services/firebaseService.ts(1,23902): error TS1127: Invalid character.
src/services/firebaseService.ts(1,23903): error TS1127: Invalid character.
src/services/firebaseService.ts(1,23904): error TS1127: Invalid character.
src/services/firebaseService.ts(1,23905): error TS1127: Invalid character.
src/services/firebaseService.ts(1,23906): error TS1127: Invalid character.
src/services/firebaseService.ts(1,23907): error TS1127: Invalid character.
src/services/firebaseService.ts(1,23908): error TS1127: Invalid character.
src/services/firebaseService.ts(1,23909): error TS1127: Invalid character.
src/services/firebaseService.ts(1,23910): error TS1127: Invalid character.
src/services/firebaseService.ts(1,23911): error TS1127: Invalid character.
src/services/firebaseService.ts(1,23912): error TS1127: Invalid character.
src/services/firebaseService.ts(1,23913): error TS1127: Invalid character.
src/services/firebaseService.ts(1,23914): error TS1127: Invalid character.
src/services/firebaseService.ts(1,23915): error TS1127: Invalid character.
src/services/firebaseService.ts(1,23916): error TS1127: Invalid character.
src/services/firebaseService.ts(1,23917): error TS1127: Invalid character.
src/services/firebaseService.ts(1,23918): error TS1127: Invalid character.
src/services/firebaseService.ts(1,23919): error TS1127: Invalid character.
src/services/firebaseService.ts(1,23920): error TS1127: Invalid character.
src/services/firebaseService.ts(1,23921): error TS1127: Invalid character.
src/services/firebaseService.ts(1,23922): error TS1127: Invalid character.
src/services/firebaseService.ts(1,23923): error TS1127: Invalid character.
src/services/firebaseService.ts(1,23924): error TS1127: Invalid character.
src/services/firebaseService.ts(1,23925): error TS1127: Invalid character.
src/services/firebaseService.ts(1,23926): error TS1127: Invalid character.
src/services/firebaseService.ts(1,23927): error TS1127: Invalid character.
src/services/firebaseService.ts(1,23928): error TS1127: Invalid character.
src/services/firebaseService.ts(1,23929): error TS1127: Invalid character.
src/services/firebaseService.ts(1,23930): error TS1127: Invalid character.
src/services/firebaseService.ts(1,23931): error TS1127: Invalid character.
src/services/firebaseService.ts(1,23932): error TS1127: Invalid character.
src/services/firebaseService.ts(1,23933): error TS1127: Invalid character.
src/services/firebaseService.ts(1,23934): error TS1127: Invalid character.
src/services/firebaseService.ts(1,23935): error TS1127: Invalid character.
src/services/firebaseService.ts(1,23936): error TS1127: Invalid character.
src/services/firebaseService.ts(1,23937): error TS1127: Invalid character.
src/services/firebaseService.ts(1,23938): error TS1127: Invalid character.
src/services/firebaseService.ts(1,23939): error TS1127: Invalid character.
src/services/firebaseService.ts(1,23940): error TS1127: Invalid character.
src/services/firebaseService.ts(1,23941): error TS1127: Invalid character.
src/services/firebaseService.ts(1,23942): error TS1127: Invalid character.
src/services/firebaseService.ts(1,23943): error TS1127: Invalid character.
src/services/firebaseService.ts(1,23944): error TS1127: Invalid character.
src/services/firebaseService.ts(1,23945): error TS1127: Invalid character.
src/services/firebaseService.ts(1,23946): error TS1127: Invalid character.
src/services/firebaseService.ts(1,23947): error TS1127: Invalid character.
src/services/firebaseService.ts(1,23948): error TS1127: Invalid character.
src/services/firebaseService.ts(1,23949): error TS1127: Invalid character.
src/services/firebaseService.ts(1,23950): error TS1127: Invalid character.
src/services/firebaseService.ts(1,23951): error TS1127: Invalid character.
src/services/firebaseService.ts(1,23952): error TS1127: Invalid character.
src/services/firebaseService.ts(1,23953): error TS1127: Invalid character.
src/services/firebaseService.ts(1,23954): error TS1127: Invalid character.
src/services/firebaseService.ts(1,23955): error TS1127: Invalid character.
src/services/firebaseService.ts(1,23956): error TS1127: Invalid character.
src/services/firebaseService.ts(1,23957): error TS1127: Invalid character.
src/services/firebaseService.ts(1,23958): error TS1127: Invalid character.
src/services/firebaseService.ts(1,23959): error TS1127: Invalid character.
src/services/firebaseService.ts(1,23960): error TS1127: Invalid character.
src/services/firebaseService.ts(1,23961): error TS1127: Invalid character.
src/services/firebaseService.ts(1,23962): error TS1127: Invalid character.
src/services/firebaseService.ts(1,23963): error TS1127: Invalid character.
src/services/firebaseService.ts(1,23964): error TS1127: Invalid character.
src/services/firebaseService.ts(1,23965): error TS1127: Invalid character.
src/services/firebaseService.ts(1,23966): error TS1127: Invalid character.
src/services/firebaseService.ts(1,23967): error TS1127: Invalid character.
src/services/firebaseService.ts(1,23968): error TS1127: Invalid character.
src/services/firebaseService.ts(1,23969): error TS1127: Invalid character.
src/services/firebaseService.ts(1,23970): error TS1127: Invalid character.
src/services/firebaseService.ts(1,23971): error TS1127: Invalid character.
src/services/firebaseService.ts(1,23972): error TS1127: Invalid character.
src/services/firebaseService.ts(1,23973): error TS1127: Invalid character.
src/services/firebaseService.ts(1,23974): error TS1127: Invalid character.
src/services/firebaseService.ts(1,23975): error TS1127: Invalid character.
src/services/firebaseService.ts(1,23976): error TS1127: Invalid character.
src/services/firebaseService.ts(1,23977): error TS1127: Invalid character.
src/services/firebaseService.ts(1,23978): error TS1127: Invalid character.
src/services/firebaseService.ts(1,23979): error TS1127: Invalid character.
src/services/firebaseService.ts(1,23980): error TS1127: Invalid character.
src/services/firebaseService.ts(1,23981): error TS1127: Invalid character.
src/services/firebaseService.ts(1,23982): error TS1127: Invalid character.
src/services/firebaseService.ts(1,23983): error TS1127: Invalid character.
src/services/firebaseService.ts(1,23984): error TS1127: Invalid character.
src/services/firebaseService.ts(1,23985): error TS1127: Invalid character.
src/services/firebaseService.ts(1,23986): error TS1127: Invalid character.
src/services/firebaseService.ts(1,23987): error TS1127: Invalid character.
src/services/firebaseService.ts(1,23988): error TS1127: Invalid character.
src/services/firebaseService.ts(1,23989): error TS1127: Invalid character.
src/services/firebaseService.ts(1,23990): error TS1127: Invalid character.
src/services/firebaseService.ts(1,23991): error TS1127: Invalid character.
src/services/firebaseService.ts(1,23992): error TS1127: Invalid character.
src/services/firebaseService.ts(1,23993): error TS1127: Invalid character.
src/services/firebaseService.ts(1,23994): error TS1127: Invalid character.
src/services/firebaseService.ts(1,23995): error TS1127: Invalid character.
src/services/firebaseService.ts(1,23996): error TS1127: Invalid character.
src/services/firebaseService.ts(1,23997): error TS1127: Invalid character.
src/services/firebaseService.ts(1,23998): error TS1127: Invalid character.
src/services/firebaseService.ts(1,23999): error TS1127: Invalid character.
src/services/firebaseService.ts(1,24000): error TS1127: Invalid character.
src/services/firebaseService.ts(1,24001): error TS1127: Invalid character.
src/services/firebaseService.ts(1,24002): error TS1127: Invalid character.
src/services/firebaseService.ts(1,24003): error TS1127: Invalid character.
src/services/firebaseService.ts(1,24004): error TS1127: Invalid character.
src/services/firebaseService.ts(1,24005): error TS1127: Invalid character.
src/services/firebaseService.ts(1,24006): error TS1127: Invalid character.
src/services/firebaseService.ts(1,24007): error TS1127: Invalid character.
src/services/firebaseService.ts(1,24008): error TS1127: Invalid character.
src/services/firebaseService.ts(1,24009): error TS1127: Invalid character.
src/services/firebaseService.ts(1,24010): error TS1127: Invalid character.
src/services/firebaseService.ts(1,24011): error TS1127: Invalid character.
src/services/firebaseService.ts(1,24012): error TS1127: Invalid character.
src/services/firebaseService.ts(1,24013): error TS1127: Invalid character.
src/services/firebaseService.ts(1,24014): error TS1127: Invalid character.
src/services/firebaseService.ts(1,24015): error TS1127: Invalid character.
src/services/firebaseService.ts(1,24016): error TS1127: Invalid character.
src/services/firebaseService.ts(1,24017): error TS1127: Invalid character.
src/services/firebaseService.ts(1,24018): error TS1127: Invalid character.
src/services/firebaseService.ts(1,24019): error TS1127: Invalid character.
src/services/firebaseService.ts(1,24020): error TS1127: Invalid character.
src/services/firebaseService.ts(1,24021): error TS1127: Invalid character.
src/services/firebaseService.ts(1,24022): error TS1127: Invalid character.
src/services/firebaseService.ts(1,24023): error TS1127: Invalid character.
src/services/firebaseService.ts(1,24024): error TS1127: Invalid character.
src/services/firebaseService.ts(1,24025): error TS1127: Invalid character.
src/services/firebaseService.ts(1,24026): error TS1127: Invalid character.
src/services/firebaseService.ts(1,24027): error TS1127: Invalid character.
src/services/firebaseService.ts(1,24028): error TS1127: Invalid character.
src/services/firebaseService.ts(1,24029): error TS1127: Invalid character.
src/services/firebaseService.ts(1,24030): error TS1127: Invalid character.
src/services/firebaseService.ts(1,24031): error TS1127: Invalid character.
src/services/firebaseService.ts(1,24032): error TS1127: Invalid character.
src/services/firebaseService.ts(1,24033): error TS1127: Invalid character.
src/services/firebaseService.ts(1,24034): error TS1127: Invalid character.
src/services/firebaseService.ts(1,24035): error TS1127: Invalid character.
src/services/firebaseService.ts(1,24036): error TS1127: Invalid character.
src/services/firebaseService.ts(1,24037): error TS1127: Invalid character.
src/services/firebaseService.ts(1,24038): error TS1127: Invalid character.
src/services/firebaseService.ts(1,24039): error TS1127: Invalid character.
src/services/firebaseService.ts(1,24040): error TS1127: Invalid character.
src/services/firebaseService.ts(1,24041): error TS1127: Invalid character.
src/services/firebaseService.ts(1,24042): error TS1127: Invalid character.
src/services/firebaseService.ts(1,24043): error TS1127: Invalid character.
src/services/firebaseService.ts(1,24044): error TS1127: Invalid character.
src/services/firebaseService.ts(1,24045): error TS1127: Invalid character.
src/services/firebaseService.ts(1,24046): error TS1127: Invalid character.
src/services/firebaseService.ts(1,24047): error TS1127: Invalid character.
src/services/firebaseService.ts(1,24048): error TS1127: Invalid character.
src/services/firebaseService.ts(1,24049): error TS1127: Invalid character.
src/services/firebaseService.ts(1,24050): error TS1127: Invalid character.
src/services/firebaseService.ts(1,24051): error TS1127: Invalid character.
src/services/firebaseService.ts(1,24052): error TS1127: Invalid character.
src/services/firebaseService.ts(1,24053): error TS1127: Invalid character.
src/services/firebaseService.ts(1,24054): error TS1127: Invalid character.
src/services/firebaseService.ts(1,24055): error TS1127: Invalid character.
src/services/firebaseService.ts(1,24056): error TS1127: Invalid character.
src/services/firebaseService.ts(1,24057): error TS1127: Invalid character.
src/services/firebaseService.ts(1,24058): error TS1127: Invalid character.
src/services/firebaseService.ts(1,24059): error TS1127: Invalid character.
src/services/firebaseService.ts(1,24060): error TS1127: Invalid character.
src/services/firebaseService.ts(1,24061): error TS1127: Invalid character.
src/services/firebaseService.ts(1,24062): error TS1127: Invalid character.
src/services/firebaseService.ts(1,24063): error TS1127: Invalid character.
src/services/firebaseService.ts(1,24064): error TS1127: Invalid character.
src/services/firebaseService.ts(1,24065): error TS1127: Invalid character.
src/services/firebaseService.ts(1,24066): error TS1127: Invalid character.
src/services/firebaseService.ts(1,24067): error TS1127: Invalid character.
src/services/firebaseService.ts(1,24068): error TS1127: Invalid character.
src/services/firebaseService.ts(1,24069): error TS1127: Invalid character.
src/services/firebaseService.ts(1,24070): error TS1127: Invalid character.
src/services/firebaseService.ts(1,24071): error TS1127: Invalid character.
src/services/firebaseService.ts(1,24072): error TS1127: Invalid character.
src/services/firebaseService.ts(1,24073): error TS1127: Invalid character.
src/services/firebaseService.ts(1,24074): error TS1127: Invalid character.
src/services/firebaseService.ts(1,24075): error TS1127: Invalid character.
src/services/firebaseService.ts(1,24076): error TS1127: Invalid character.
src/services/firebaseService.ts(1,24077): error TS1127: Invalid character.
src/services/firebaseService.ts(1,24078): error TS1127: Invalid character.
src/services/firebaseService.ts(1,24079): error TS1127: Invalid character.
src/services/firebaseService.ts(1,24080): error TS1127: Invalid character.
src/services/firebaseService.ts(1,24081): error TS1127: Invalid character.
src/services/firebaseService.ts(1,24082): error TS1127: Invalid character.
src/services/firebaseService.ts(1,24083): error TS1127: Invalid character.
src/services/firebaseService.ts(1,24084): error TS1127: Invalid character.
src/services/firebaseService.ts(1,24085): error TS1127: Invalid character.
src/services/firebaseService.ts(1,24086): error TS1127: Invalid character.
src/services/firebaseService.ts(1,24087): error TS1127: Invalid character.
src/services/firebaseService.ts(1,24088): error TS1127: Invalid character.
src/services/firebaseService.ts(1,24089): error TS1127: Invalid character.
src/services/firebaseService.ts(1,24090): error TS1127: Invalid character.
src/services/firebaseService.ts(1,24091): error TS1127: Invalid character.
src/services/firebaseService.ts(1,24092): error TS1127: Invalid character.
src/services/firebaseService.ts(1,24093): error TS1127: Invalid character.
src/services/firebaseService.ts(1,24094): error TS1127: Invalid character.
src/services/firebaseService.ts(1,24095): error TS1127: Invalid character.
src/services/firebaseService.ts(1,24096): error TS1127: Invalid character.
src/services/firebaseService.ts(1,24097): error TS1127: Invalid character.
src/services/firebaseService.ts(1,24098): error TS1127: Invalid character.
src/services/firebaseService.ts(1,24099): error TS1127: Invalid character.
src/services/firebaseService.ts(1,24100): error TS1127: Invalid character.
src/services/firebaseService.ts(1,24101): error TS1127: Invalid character.
src/services/firebaseService.ts(1,24102): error TS1127: Invalid character.
src/services/firebaseService.ts(1,24103): error TS1127: Invalid character.
src/services/firebaseService.ts(1,24104): error TS1127: Invalid character.
src/services/firebaseService.ts(1,24105): error TS1127: Invalid character.
src/services/firebaseService.ts(1,24106): error TS1127: Invalid character.
src/services/firebaseService.ts(1,24107): error TS1127: Invalid character.
src/services/firebaseService.ts(1,24108): error TS1127: Invalid character.
src/services/firebaseService.ts(1,24109): error TS1127: Invalid character.
src/services/firebaseService.ts(1,24110): error TS1127: Invalid character.
src/services/firebaseService.ts(1,24111): error TS1127: Invalid character.
src/services/firebaseService.ts(1,24112): error TS1127: Invalid character.
src/services/firebaseService.ts(1,24113): error TS1127: Invalid character.
src/services/firebaseService.ts(1,24114): error TS1127: Invalid character.
src/services/firebaseService.ts(1,24115): error TS1127: Invalid character.
src/services/firebaseService.ts(1,24116): error TS1127: Invalid character.
src/services/firebaseService.ts(1,24117): error TS1127: Invalid character.
src/services/firebaseService.ts(1,24118): error TS1127: Invalid character.
src/services/firebaseService.ts(1,24119): error TS1127: Invalid character.
src/services/firebaseService.ts(1,24120): error TS1127: Invalid character.
src/services/firebaseService.ts(1,24121): error TS1127: Invalid character.
src/services/firebaseService.ts(1,24122): error TS1127: Invalid character.
src/services/firebaseService.ts(1,24123): error TS1127: Invalid character.
src/services/firebaseService.ts(1,24124): error TS1127: Invalid character.
src/services/firebaseService.ts(1,24125): error TS1127: Invalid character.
src/services/firebaseService.ts(1,24126): error TS1127: Invalid character.
src/services/firebaseService.ts(1,24127): error TS1127: Invalid character.
src/services/firebaseService.ts(1,24128): error TS1127: Invalid character.
src/services/firebaseService.ts(1,24129): error TS1127: Invalid character.
src/services/firebaseService.ts(1,24130): error TS1127: Invalid character.
src/services/firebaseService.ts(1,24131): error TS1127: Invalid character.
src/services/firebaseService.ts(1,24132): error TS1127: Invalid character.
src/services/firebaseService.ts(1,24133): error TS1127: Invalid character.
src/services/firebaseService.ts(1,24134): error TS1127: Invalid character.
src/services/firebaseService.ts(1,24135): error TS1127: Invalid character.
src/services/firebaseService.ts(1,24136): error TS1127: Invalid character.
src/services/firebaseService.ts(1,24137): error TS1127: Invalid character.
src/services/firebaseService.ts(1,24138): error TS1127: Invalid character.
src/services/firebaseService.ts(1,24139): error TS1127: Invalid character.
src/services/firebaseService.ts(1,24140): error TS1127: Invalid character.
src/services/firebaseService.ts(1,24141): error TS1127: Invalid character.
src/services/firebaseService.ts(1,24142): error TS1127: Invalid character.
src/services/firebaseService.ts(1,24143): error TS1127: Invalid character.
src/services/firebaseService.ts(1,24144): error TS1127: Invalid character.
src/services/firebaseService.ts(1,24145): error TS1127: Invalid character.
src/services/firebaseService.ts(1,24146): error TS1127: Invalid character.
src/services/firebaseService.ts(1,24147): error TS1127: Invalid character.
src/services/firebaseService.ts(1,24148): error TS1127: Invalid character.
src/services/firebaseService.ts(1,24149): error TS1127: Invalid character.
src/services/firebaseService.ts(1,24150): error TS1127: Invalid character.
src/services/firebaseService.ts(1,24151): error TS1127: Invalid character.
src/services/firebaseService.ts(1,24152): error TS1127: Invalid character.
src/services/firebaseService.ts(1,24153): error TS1127: Invalid character.
src/services/firebaseService.ts(1,24154): error TS1127: Invalid character.
src/services/firebaseService.ts(1,24155): error TS1127: Invalid character.
src/services/firebaseService.ts(1,24156): error TS1127: Invalid character.
src/services/firebaseService.ts(1,24157): error TS1127: Invalid character.
src/services/firebaseService.ts(1,24158): error TS1127: Invalid character.
src/services/firebaseService.ts(1,24159): error TS1127: Invalid character.
src/services/firebaseService.ts(1,24160): error TS1127: Invalid character.
src/services/firebaseService.ts(1,24161): error TS1127: Invalid character.
src/services/firebaseService.ts(1,24162): error TS1127: Invalid character.
src/services/firebaseService.ts(1,24163): error TS1127: Invalid character.
src/services/firebaseService.ts(1,24164): error TS1127: Invalid character.
src/services/firebaseService.ts(1,24165): error TS1127: Invalid character.
src/services/firebaseService.ts(1,24166): error TS1127: Invalid character.
src/services/firebaseService.ts(1,24167): error TS1127: Invalid character.
src/services/firebaseService.ts(1,24168): error TS1127: Invalid character.
src/services/firebaseService.ts(1,24169): error TS1127: Invalid character.
src/services/firebaseService.ts(1,24170): error TS1127: Invalid character.
src/services/firebaseService.ts(1,24171): error TS1127: Invalid character.
src/services/firebaseService.ts(1,24172): error TS1127: Invalid character.
src/services/firebaseService.ts(1,24173): error TS1127: Invalid character.
src/services/firebaseService.ts(1,24174): error TS1127: Invalid character.
src/services/firebaseService.ts(1,24175): error TS1127: Invalid character.
src/services/firebaseService.ts(1,24176): error TS1127: Invalid character.
src/services/firebaseService.ts(1,24177): error TS1127: Invalid character.
src/services/firebaseService.ts(1,24178): error TS1127: Invalid character.
src/services/firebaseService.ts(1,24179): error TS1127: Invalid character.
src/services/firebaseService.ts(1,24180): error TS1127: Invalid character.
src/services/firebaseService.ts(1,24181): error TS1127: Invalid character.
src/services/firebaseService.ts(1,24182): error TS1127: Invalid character.
src/services/firebaseService.ts(1,24183): error TS1127: Invalid character.
src/services/firebaseService.ts(1,24184): error TS1127: Invalid character.
src/services/firebaseService.ts(1,24185): error TS1127: Invalid character.
src/services/firebaseService.ts(1,24186): error TS1127: Invalid character.
src/services/firebaseService.ts(1,24187): error TS1127: Invalid character.
src/services/firebaseService.ts(1,24188): error TS1127: Invalid character.
src/services/firebaseService.ts(1,24189): error TS1127: Invalid character.
src/services/firebaseService.ts(1,24190): error TS1127: Invalid character.
src/services/firebaseService.ts(1,24191): error TS1127: Invalid character.
src/services/firebaseService.ts(1,24192): error TS1127: Invalid character.
src/services/firebaseService.ts(1,24193): error TS1127: Invalid character.
src/services/firebaseService.ts(1,24194): error TS1127: Invalid character.
src/services/firebaseService.ts(1,24195): error TS1127: Invalid character.
src/services/firebaseService.ts(1,24196): error TS1127: Invalid character.
src/services/firebaseService.ts(1,24197): error TS1127: Invalid character.
src/services/firebaseService.ts(1,24198): error TS1127: Invalid character.
src/services/firebaseService.ts(1,24199): error TS1127: Invalid character.
src/services/firebaseService.ts(1,24200): error TS1127: Invalid character.
src/services/firebaseService.ts(1,24201): error TS1127: Invalid character.
src/services/firebaseService.ts(1,24202): error TS1127: Invalid character.
src/services/firebaseService.ts(1,24203): error TS1127: Invalid character.
src/services/firebaseService.ts(1,24204): error TS1127: Invalid character.
src/services/firebaseService.ts(1,24205): error TS1127: Invalid character.
src/services/firebaseService.ts(1,24206): error TS1127: Invalid character.
src/services/firebaseService.ts(1,24207): error TS1127: Invalid character.
src/services/firebaseService.ts(1,24208): error TS1127: Invalid character.
src/services/firebaseService.ts(1,24209): error TS1127: Invalid character.
src/services/firebaseService.ts(1,24210): error TS1127: Invalid character.
src/services/firebaseService.ts(1,24211): error TS1127: Invalid character.
src/services/firebaseService.ts(1,24212): error TS1127: Invalid character.
src/services/firebaseService.ts(1,24213): error TS1127: Invalid character.
src/services/firebaseService.ts(1,24214): error TS1127: Invalid character.
src/services/firebaseService.ts(1,24215): error TS1127: Invalid character.
src/services/firebaseService.ts(1,24216): error TS1127: Invalid character.
src/services/firebaseService.ts(1,24217): error TS1127: Invalid character.
src/services/firebaseService.ts(1,24218): error TS1127: Invalid character.
src/services/firebaseService.ts(1,24219): error TS1127: Invalid character.
src/services/firebaseService.ts(1,24220): error TS1127: Invalid character.
src/services/firebaseService.ts(1,24221): error TS1127: Invalid character.
src/services/firebaseService.ts(1,24222): error TS1127: Invalid character.
src/services/firebaseService.ts(1,24223): error TS1127: Invalid character.
src/services/firebaseService.ts(1,24224): error TS1127: Invalid character.
src/services/firebaseService.ts(1,24225): error TS1127: Invalid character.
src/services/firebaseService.ts(1,24226): error TS1127: Invalid character.
src/services/firebaseService.ts(1,24227): error TS1127: Invalid character.
src/services/firebaseService.ts(1,24228): error TS1127: Invalid character.
src/services/firebaseService.ts(1,24229): error TS1127: Invalid character.
src/services/firebaseService.ts(1,24230): error TS1127: Invalid character.
src/services/firebaseService.ts(1,24231): error TS1127: Invalid character.
src/services/firebaseService.ts(1,24232): error TS1127: Invalid character.
src/services/firebaseService.ts(1,24233): error TS1127: Invalid character.
src/services/firebaseService.ts(1,24234): error TS1127: Invalid character.
src/services/firebaseService.ts(1,24235): error TS1127: Invalid character.
src/services/firebaseService.ts(1,24236): error TS1127: Invalid character.
src/services/firebaseService.ts(1,24237): error TS1127: Invalid character.
src/services/firebaseService.ts(1,24238): error TS1127: Invalid character.
src/services/firebaseService.ts(1,24239): error TS1127: Invalid character.
src/services/firebaseService.ts(1,24240): error TS1127: Invalid character.
src/services/firebaseService.ts(1,24241): error TS1127: Invalid character.
src/services/firebaseService.ts(1,24242): error TS1127: Invalid character.
src/services/firebaseService.ts(1,24243): error TS1127: Invalid character.
src/services/firebaseService.ts(1,24244): error TS1127: Invalid character.
src/services/firebaseService.ts(1,24245): error TS1127: Invalid character.
src/services/firebaseService.ts(1,24246): error TS1127: Invalid character.
src/services/firebaseService.ts(1,24247): error TS1127: Invalid character.
src/services/firebaseService.ts(1,24248): error TS1127: Invalid character.
src/services/firebaseService.ts(1,24249): error TS1127: Invalid character.
src/services/firebaseService.ts(1,24250): error TS1127: Invalid character.
src/services/firebaseService.ts(1,24251): error TS1127: Invalid character.
src/services/firebaseService.ts(1,24252): error TS1127: Invalid character.
src/services/firebaseService.ts(1,24253): error TS1127: Invalid character.
src/services/firebaseService.ts(1,24254): error TS1127: Invalid character.
src/services/firebaseService.ts(1,24255): error TS1127: Invalid character.
src/services/firebaseService.ts(1,24256): error TS1127: Invalid character.
src/services/firebaseService.ts(1,24257): error TS1127: Invalid character.
src/services/firebaseService.ts(1,24258): error TS1127: Invalid character.
src/services/firebaseService.ts(1,24259): error TS1127: Invalid character.
src/services/firebaseService.ts(1,24260): error TS1127: Invalid character.
src/services/firebaseService.ts(1,24261): error TS1127: Invalid character.
src/services/firebaseService.ts(1,24262): error TS1127: Invalid character.
src/services/firebaseService.ts(1,24263): error TS1127: Invalid character.
src/services/firebaseService.ts(1,24264): error TS1127: Invalid character.
src/services/firebaseService.ts(1,24265): error TS1127: Invalid character.
src/services/firebaseService.ts(1,24266): error TS1127: Invalid character.
src/services/firebaseService.ts(1,24267): error TS1127: Invalid character.
src/services/firebaseService.ts(1,24268): error TS1127: Invalid character.
src/services/firebaseService.ts(1,24269): error TS1127: Invalid character.
src/services/firebaseService.ts(1,24270): error TS1127: Invalid character.
src/services/firebaseService.ts(1,24271): error TS1127: Invalid character.
src/services/firebaseService.ts(1,24272): error TS1127: Invalid character.
src/services/firebaseService.ts(1,24273): error TS1127: Invalid character.
src/services/firebaseService.ts(1,24274): error TS1127: Invalid character.
src/services/firebaseService.ts(1,24275): error TS1127: Invalid character.
src/services/firebaseService.ts(1,24276): error TS1127: Invalid character.
src/services/firebaseService.ts(1,24277): error TS1127: Invalid character.
src/services/firebaseService.ts(1,24278): error TS1127: Invalid character.
src/services/firebaseService.ts(1,24279): error TS1127: Invalid character.
src/services/firebaseService.ts(1,24280): error TS1127: Invalid character.
src/services/firebaseService.ts(1,24281): error TS1127: Invalid character.
src/services/firebaseService.ts(1,24282): error TS1127: Invalid character.
src/services/firebaseService.ts(1,24283): error TS1127: Invalid character.
src/services/firebaseService.ts(1,24284): error TS1127: Invalid character.
src/services/firebaseService.ts(1,24285): error TS1127: Invalid character.
src/services/firebaseService.ts(1,24286): error TS1127: Invalid character.
src/services/firebaseService.ts(1,24287): error TS1127: Invalid character.
src/services/firebaseService.ts(1,24288): error TS1127: Invalid character.
src/services/firebaseService.ts(1,24289): error TS1127: Invalid character.
src/services/firebaseService.ts(1,24290): error TS1127: Invalid character.
src/services/firebaseService.ts(1,24291): error TS1127: Invalid character.
src/services/firebaseService.ts(1,24292): error TS1127: Invalid character.
src/services/firebaseService.ts(1,24293): error TS1127: Invalid character.
src/services/firebaseService.ts(1,24294): error TS1127: Invalid character.
src/services/firebaseService.ts(1,24295): error TS1127: Invalid character.
src/services/firebaseService.ts(1,24296): error TS1127: Invalid character.
src/services/firebaseService.ts(1,24297): error TS1127: Invalid character.
src/services/firebaseService.ts(1,24298): error TS1127: Invalid character.
src/services/firebaseService.ts(1,24299): error TS1127: Invalid character.
src/services/firebaseService.ts(1,24300): error TS1127: Invalid character.
src/services/firebaseService.ts(1,24301): error TS1127: Invalid character.
src/services/firebaseService.ts(1,24302): error TS1127: Invalid character.
src/services/firebaseService.ts(1,24303): error TS1127: Invalid character.
src/services/firebaseService.ts(1,24304): error TS1127: Invalid character.
src/services/firebaseService.ts(1,24305): error TS1127: Invalid character.
src/services/firebaseService.ts(1,24306): error TS1127: Invalid character.
src/services/firebaseService.ts(1,24307): error TS1127: Invalid character.
src/services/firebaseService.ts(1,24308): error TS1127: Invalid character.
src/services/firebaseService.ts(1,24309): error TS1127: Invalid character.
src/services/firebaseService.ts(1,24310): error TS1127: Invalid character.
src/services/firebaseService.ts(1,24311): error TS1127: Invalid character.
src/services/firebaseService.ts(1,24312): error TS1127: Invalid character.
src/services/firebaseService.ts(1,24313): error TS1127: Invalid character.
src/services/firebaseService.ts(1,24314): error TS1127: Invalid character.
src/services/firebaseService.ts(1,24315): error TS1127: Invalid character.
src/services/firebaseService.ts(1,24316): error TS1127: Invalid character.
src/services/firebaseService.ts(1,24317): error TS1127: Invalid character.
src/services/firebaseService.ts(1,24318): error TS1127: Invalid character.
src/services/firebaseService.ts(1,24319): error TS1127: Invalid character.
src/services/firebaseService.ts(1,24320): error TS1127: Invalid character.
src/services/firebaseService.ts(1,24321): error TS1127: Invalid character.
src/services/firebaseService.ts(1,24322): error TS1127: Invalid character.
src/services/firebaseService.ts(1,24323): error TS1127: Invalid character.
src/services/firebaseService.ts(1,24324): error TS1127: Invalid character.
src/services/firebaseService.ts(1,24325): error TS1127: Invalid character.
src/services/firebaseService.ts(1,24326): error TS1127: Invalid character.
src/services/firebaseService.ts(1,24327): error TS1127: Invalid character.
src/services/firebaseService.ts(1,24328): error TS1127: Invalid character.
src/services/firebaseService.ts(1,24329): error TS1127: Invalid character.
src/services/firebaseService.ts(1,24330): error TS1127: Invalid character.
src/services/firebaseService.ts(1,24331): error TS1127: Invalid character.
src/services/firebaseService.ts(1,24332): error TS1127: Invalid character.
src/services/firebaseService.ts(1,24333): error TS1127: Invalid character.
src/services/firebaseService.ts(1,24334): error TS1127: Invalid character.
src/services/firebaseService.ts(1,24335): error TS1127: Invalid character.
src/services/firebaseService.ts(1,24336): error TS1127: Invalid character.
src/services/firebaseService.ts(1,24337): error TS1127: Invalid character.
src/services/firebaseService.ts(1,24338): error TS1127: Invalid character.
src/services/firebaseService.ts(1,24339): error TS1127: Invalid character.
src/services/firebaseService.ts(1,24340): error TS1127: Invalid character.
src/services/firebaseService.ts(1,24341): error TS1127: Invalid character.
src/services/firebaseService.ts(1,24342): error TS1127: Invalid character.
src/services/firebaseService.ts(1,24343): error TS1127: Invalid character.
src/services/firebaseService.ts(1,24344): error TS1127: Invalid character.
src/services/firebaseService.ts(1,24345): error TS1127: Invalid character.
src/services/firebaseService.ts(1,24346): error TS1127: Invalid character.
src/services/firebaseService.ts(1,24347): error TS1127: Invalid character.
src/services/firebaseService.ts(1,24348): error TS1127: Invalid character.
src/services/firebaseService.ts(1,24349): error TS1127: Invalid character.
src/services/firebaseService.ts(1,24350): error TS1127: Invalid character.
src/services/firebaseService.ts(1,24351): error TS1127: Invalid character.
src/services/firebaseService.ts(1,24352): error TS1127: Invalid character.
src/services/firebaseService.ts(1,24353): error TS1127: Invalid character.
src/services/firebaseService.ts(1,24354): error TS1127: Invalid character.
src/services/firebaseService.ts(1,24355): error TS1127: Invalid character.
src/services/firebaseService.ts(1,24356): error TS1127: Invalid character.
src/services/firebaseService.ts(1,24357): error TS1127: Invalid character.
src/services/firebaseService.ts(1,24358): error TS1127: Invalid character.
src/services/firebaseService.ts(1,24359): error TS1127: Invalid character.
src/services/firebaseService.ts(1,24360): error TS1127: Invalid character.
src/services/firebaseService.ts(1,24361): error TS1127: Invalid character.
src/services/firebaseService.ts(1,24362): error TS1127: Invalid character.
src/services/firebaseService.ts(1,24363): error TS1127: Invalid character.
src/services/firebaseService.ts(1,24364): error TS1127: Invalid character.
src/services/firebaseService.ts(1,24365): error TS1127: Invalid character.
src/services/firebaseService.ts(1,24366): error TS1127: Invalid character.
src/services/firebaseService.ts(1,24367): error TS1127: Invalid character.
src/services/firebaseService.ts(1,24368): error TS1127: Invalid character.
src/services/firebaseService.ts(1,24369): error TS1127: Invalid character.
src/services/firebaseService.ts(1,24370): error TS1127: Invalid character.
src/services/firebaseService.ts(1,24371): error TS1127: Invalid character.
src/services/firebaseService.ts(1,24372): error TS1127: Invalid character.
src/services/firebaseService.ts(1,24373): error TS1127: Invalid character.
src/services/firebaseService.ts(1,24374): error TS1127: Invalid character.
src/services/firebaseService.ts(1,24375): error TS1127: Invalid character.
src/services/firebaseService.ts(1,24376): error TS1127: Invalid character.
src/services/firebaseService.ts(1,24377): error TS1127: Invalid character.
src/services/firebaseService.ts(1,24378): error TS1127: Invalid character.
src/services/firebaseService.ts(1,24379): error TS1127: Invalid character.
src/services/firebaseService.ts(1,24380): error TS1127: Invalid character.
src/services/firebaseService.ts(1,24381): error TS1127: Invalid character.
src/services/firebaseService.ts(1,24382): error TS1127: Invalid character.
src/services/firebaseService.ts(1,24383): error TS1127: Invalid character.
src/services/firebaseService.ts(1,24384): error TS1127: Invalid character.
src/services/firebaseService.ts(1,24385): error TS1127: Invalid character.
src/services/firebaseService.ts(1,24386): error TS1127: Invalid character.
src/services/firebaseService.ts(1,24387): error TS1127: Invalid character.
src/services/firebaseService.ts(1,24388): error TS1127: Invalid character.
src/services/firebaseService.ts(1,24389): error TS1127: Invalid character.
src/services/firebaseService.ts(1,24390): error TS1127: Invalid character.
src/services/firebaseService.ts(1,24391): error TS1127: Invalid character.
src/services/firebaseService.ts(1,24392): error TS1127: Invalid character.
src/services/firebaseService.ts(1,24393): error TS1127: Invalid character.
src/services/firebaseService.ts(1,24394): error TS1127: Invalid character.
src/services/firebaseService.ts(1,24395): error TS1127: Invalid character.
src/services/firebaseService.ts(1,24396): error TS1127: Invalid character.
src/services/firebaseService.ts(1,24397): error TS1127: Invalid character.
src/services/firebaseService.ts(1,24398): error TS1127: Invalid character.
src/services/firebaseService.ts(1,24399): error TS1127: Invalid character.
src/services/firebaseService.ts(1,24400): error TS1127: Invalid character.
src/services/firebaseService.ts(1,24401): error TS1127: Invalid character.
src/services/firebaseService.ts(1,24402): error TS1127: Invalid character.
src/services/firebaseService.ts(1,24403): error TS1127: Invalid character.
src/services/firebaseService.ts(1,24404): error TS1127: Invalid character.
src/services/firebaseService.ts(1,24405): error TS1127: Invalid character.
src/services/firebaseService.ts(1,24406): error TS1127: Invalid character.
src/services/firebaseService.ts(1,24407): error TS1127: Invalid character.
src/services/firebaseService.ts(1,24408): error TS1127: Invalid character.
src/services/firebaseService.ts(1,24409): error TS1127: Invalid character.
src/services/firebaseService.ts(1,24410): error TS1127: Invalid character.
src/services/firebaseService.ts(1,24411): error TS1127: Invalid character.
src/services/firebaseService.ts(1,24412): error TS1127: Invalid character.
src/services/firebaseService.ts(1,24413): error TS1127: Invalid character.
src/services/firebaseService.ts(1,24414): error TS1127: Invalid character.
src/services/firebaseService.ts(1,24415): error TS1127: Invalid character.
src/services/firebaseService.ts(1,24416): error TS1127: Invalid character.
src/services/firebaseService.ts(1,24417): error TS1127: Invalid character.
src/services/firebaseService.ts(1,24418): error TS1127: Invalid character.
src/services/firebaseService.ts(1,24419): error TS1127: Invalid character.
src/services/firebaseService.ts(1,24420): error TS1127: Invalid character.
src/services/firebaseService.ts(1,24421): error TS1127: Invalid character.
src/services/firebaseService.ts(1,24422): error TS1127: Invalid character.
src/services/firebaseService.ts(1,24423): error TS1127: Invalid character.
src/services/firebaseService.ts(1,24424): error TS1127: Invalid character.
src/services/firebaseService.ts(1,24425): error TS1127: Invalid character.
src/services/firebaseService.ts(1,24426): error TS1127: Invalid character.
src/services/firebaseService.ts(1,24427): error TS1127: Invalid character.
src/services/firebaseService.ts(1,24428): error TS1127: Invalid character.
src/services/firebaseService.ts(1,24429): error TS1127: Invalid character.
src/services/firebaseService.ts(1,24430): error TS1127: Invalid character.
src/services/firebaseService.ts(1,24431): error TS1127: Invalid character.
src/services/firebaseService.ts(1,24432): error TS1127: Invalid character.
src/services/firebaseService.ts(1,24433): error TS1127: Invalid character.
src/services/firebaseService.ts(1,24434): error TS1127: Invalid character.
src/services/firebaseService.ts(1,24435): error TS1127: Invalid character.
src/services/firebaseService.ts(1,24436): error TS1127: Invalid character.
src/services/firebaseService.ts(1,24437): error TS1127: Invalid character.
src/services/firebaseService.ts(1,24438): error TS1127: Invalid character.
src/services/firebaseService.ts(1,24439): error TS1127: Invalid character.
src/services/firebaseService.ts(1,24440): error TS1127: Invalid character.
src/services/firebaseService.ts(1,24441): error TS1127: Invalid character.
src/services/firebaseService.ts(1,24442): error TS1127: Invalid character.
src/services/firebaseService.ts(1,24443): error TS1127: Invalid character.
src/services/firebaseService.ts(1,24444): error TS1127: Invalid character.
src/services/firebaseService.ts(1,24445): error TS1127: Invalid character.
src/services/firebaseService.ts(1,24446): error TS1127: Invalid character.
src/services/firebaseService.ts(1,24447): error TS1127: Invalid character.
src/services/firebaseService.ts(1,24448): error TS1127: Invalid character.
src/services/firebaseService.ts(1,24449): error TS1127: Invalid character.
src/services/firebaseService.ts(1,24450): error TS1127: Invalid character.
src/services/firebaseService.ts(1,24451): error TS1127: Invalid character.
src/services/firebaseService.ts(1,24452): error TS1127: Invalid character.
src/services/firebaseService.ts(1,24453): error TS1127: Invalid character.
src/services/firebaseService.ts(1,24454): error TS1127: Invalid character.
src/services/firebaseService.ts(1,24455): error TS1127: Invalid character.
src/services/firebaseService.ts(1,24456): error TS1127: Invalid character.
src/services/firebaseService.ts(1,24457): error TS1127: Invalid character.
src/services/firebaseService.ts(1,24458): error TS1127: Invalid character.
src/services/firebaseService.ts(1,24459): error TS1127: Invalid character.
src/services/firebaseService.ts(1,24460): error TS1127: Invalid character.
src/services/firebaseService.ts(1,24461): error TS1127: Invalid character.
src/services/firebaseService.ts(1,24462): error TS1127: Invalid character.
src/services/firebaseService.ts(1,24463): error TS1127: Invalid character.
src/services/firebaseService.ts(1,24464): error TS1127: Invalid character.
src/services/firebaseService.ts(1,24465): error TS1127: Invalid character.
src/services/firebaseService.ts(1,24466): error TS1127: Invalid character.
src/services/firebaseService.ts(1,24467): error TS1127: Invalid character.
src/services/firebaseService.ts(1,24468): error TS1127: Invalid character.
src/services/firebaseService.ts(1,24469): error TS1127: Invalid character.
src/services/firebaseService.ts(1,24470): error TS1127: Invalid character.
src/services/firebaseService.ts(1,24471): error TS1127: Invalid character.
src/services/firebaseService.ts(1,24472): error TS1127: Invalid character.
src/services/firebaseService.ts(1,24473): error TS1127: Invalid character.
src/services/firebaseService.ts(1,24474): error TS1127: Invalid character.
src/services/firebaseService.ts(1,24475): error TS1127: Invalid character.
src/services/firebaseService.ts(1,24476): error TS1127: Invalid character.
src/services/firebaseService.ts(1,24477): error TS1127: Invalid character.
src/services/firebaseService.ts(1,24478): error TS1127: Invalid character.
src/services/firebaseService.ts(1,24479): error TS1127: Invalid character.
src/services/firebaseService.ts(1,24480): error TS1127: Invalid character.
src/services/firebaseService.ts(1,24481): error TS1127: Invalid character.
src/services/firebaseService.ts(1,24482): error TS1127: Invalid character.
src/services/firebaseService.ts(1,24483): error TS1127: Invalid character.
src/services/firebaseService.ts(1,24484): error TS1127: Invalid character.
src/services/firebaseService.ts(1,24485): error TS1127: Invalid character.
src/services/firebaseService.ts(1,24486): error TS1127: Invalid character.
src/services/firebaseService.ts(1,24487): error TS1127: Invalid character.
src/services/firebaseService.ts(1,24488): error TS1127: Invalid character.
src/services/firebaseService.ts(1,24489): error TS1127: Invalid character.
src/services/firebaseService.ts(1,24490): error TS1127: Invalid character.
src/services/firebaseService.ts(1,24491): error TS1127: Invalid character.
src/services/firebaseService.ts(1,24492): error TS1127: Invalid character.
src/services/firebaseService.ts(1,24493): error TS1127: Invalid character.
src/services/firebaseService.ts(1,24494): error TS1127: Invalid character.
src/services/firebaseService.ts(1,24495): error TS1127: Invalid character.
src/services/firebaseService.ts(1,24496): error TS1127: Invalid character.
src/services/firebaseService.ts(1,24497): error TS1127: Invalid character.
src/services/firebaseService.ts(1,24498): error TS1127: Invalid character.
src/services/firebaseService.ts(1,24499): error TS1127: Invalid character.
src/services/firebaseService.ts(1,24500): error TS1127: Invalid character.
src/services/firebaseService.ts(1,24501): error TS1127: Invalid character.
src/services/firebaseService.ts(1,24502): error TS1127: Invalid character.
src/services/firebaseService.ts(1,24503): error TS1127: Invalid character.
src/services/firebaseService.ts(1,24504): error TS1127: Invalid character.
src/services/firebaseService.ts(1,24505): error TS1127: Invalid character.
src/services/firebaseService.ts(1,24506): error TS1127: Invalid character.
src/services/firebaseService.ts(1,24507): error TS1127: Invalid character.
src/services/firebaseService.ts(1,24508): error TS1127: Invalid character.
src/services/firebaseService.ts(1,24509): error TS1127: Invalid character.
src/services/firebaseService.ts(1,24510): error TS1127: Invalid character.
src/services/firebaseService.ts(1,24511): error TS1127: Invalid character.
src/services/firebaseService.ts(1,24512): error TS1127: Invalid character.
src/services/firebaseService.ts(1,24513): error TS1127: Invalid character.
src/services/firebaseService.ts(1,24514): error TS1127: Invalid character.
src/services/firebaseService.ts(1,24515): error TS1127: Invalid character.
src/services/firebaseService.ts(1,24516): error TS1127: Invalid character.
src/services/firebaseService.ts(1,24517): error TS1127: Invalid character.
src/services/firebaseService.ts(1,24518): error TS1127: Invalid character.
src/services/firebaseService.ts(1,24519): error TS1127: Invalid character.
src/services/firebaseService.ts(1,24520): error TS1127: Invalid character.
src/services/firebaseService.ts(1,24521): error TS1127: Invalid character.
src/services/firebaseService.ts(1,24522): error TS1127: Invalid character.
src/services/firebaseService.ts(1,24523): error TS1127: Invalid character.
src/services/firebaseService.ts(1,24524): error TS1127: Invalid character.
src/services/firebaseService.ts(1,24525): error TS1127: Invalid character.
src/services/firebaseService.ts(1,24526): error TS1127: Invalid character.
src/services/firebaseService.ts(1,24527): error TS1127: Invalid character.
src/services/firebaseService.ts(1,24528): error TS1127: Invalid character.
src/services/firebaseService.ts(1,24529): error TS1127: Invalid character.
src/services/firebaseService.ts(1,24530): error TS1127: Invalid character.
src/services/firebaseService.ts(1,24531): error TS1127: Invalid character.
src/services/firebaseService.ts(1,24532): error TS1127: Invalid character.
src/services/firebaseService.ts(1,24533): error TS1127: Invalid character.
src/services/firebaseService.ts(1,24534): error TS1127: Invalid character.
src/services/firebaseService.ts(1,24535): error TS1127: Invalid character.
src/services/firebaseService.ts(1,24536): error TS1127: Invalid character.
src/services/firebaseService.ts(1,24537): error TS1127: Invalid character.
src/services/firebaseService.ts(1,24538): error TS1127: Invalid character.
src/services/firebaseService.ts(1,24539): error TS1127: Invalid character.
src/services/firebaseService.ts(1,24540): error TS1127: Invalid character.
src/services/firebaseService.ts(1,24541): error TS1127: Invalid character.
src/services/firebaseService.ts(1,24542): error TS1127: Invalid character.
src/services/firebaseService.ts(1,24543): error TS1127: Invalid character.
src/services/firebaseService.ts(1,24544): error TS1127: Invalid character.
src/services/firebaseService.ts(1,24545): error TS1127: Invalid character.
src/services/firebaseService.ts(1,24546): error TS1127: Invalid character.
src/services/firebaseService.ts(1,24547): error TS1127: Invalid character.
src/services/firebaseService.ts(1,24548): error TS1127: Invalid character.
src/services/firebaseService.ts(1,24549): error TS1127: Invalid character.
src/services/firebaseService.ts(1,24550): error TS1127: Invalid character.
src/services/firebaseService.ts(1,24551): error TS1127: Invalid character.
src/services/firebaseService.ts(1,24552): error TS1127: Invalid character.
src/services/firebaseService.ts(1,24553): error TS1127: Invalid character.
src/services/firebaseService.ts(1,24554): error TS1127: Invalid character.
src/services/firebaseService.ts(1,24555): error TS1127: Invalid character.
src/services/firebaseService.ts(1,24556): error TS1127: Invalid character.
src/services/firebaseService.ts(1,24557): error TS1127: Invalid character.
src/services/firebaseService.ts(1,24558): error TS1127: Invalid character.
src/services/firebaseService.ts(1,24559): error TS1127: Invalid character.
src/services/firebaseService.ts(1,24560): error TS1127: Invalid character.
src/services/firebaseService.ts(1,24561): error TS1127: Invalid character.
src/services/firebaseService.ts(1,24562): error TS1127: Invalid character.
src/services/firebaseService.ts(1,24563): error TS1127: Invalid character.
src/services/firebaseService.ts(1,24564): error TS1127: Invalid character.
src/services/firebaseService.ts(1,24565): error TS1127: Invalid character.
src/services/firebaseService.ts(1,24566): error TS1127: Invalid character.
src/services/firebaseService.ts(1,24567): error TS1127: Invalid character.
src/services/firebaseService.ts(1,24568): error TS1127: Invalid character.
src/services/firebaseService.ts(1,24569): error TS1127: Invalid character.
src/services/firebaseService.ts(1,24570): error TS1127: Invalid character.
src/services/firebaseService.ts(1,24571): error TS1127: Invalid character.
src/services/firebaseService.ts(1,24572): error TS1127: Invalid character.
src/services/firebaseService.ts(1,24573): error TS1127: Invalid character.
src/services/firebaseService.ts(1,24574): error TS1127: Invalid character.
src/services/firebaseService.ts(1,24575): error TS1127: Invalid character.
src/services/firebaseService.ts(1,24576): error TS1127: Invalid character.
src/services/firebaseService.ts(1,24577): error TS1127: Invalid character.
src/services/firebaseService.ts(1,24578): error TS1127: Invalid character.
src/services/firebaseService.ts(1,24579): error TS1127: Invalid character.
src/services/firebaseService.ts(1,24580): error TS1127: Invalid character.
src/services/firebaseService.ts(1,24581): error TS1127: Invalid character.
src/services/firebaseService.ts(1,24582): error TS1127: Invalid character.
src/services/firebaseService.ts(1,24583): error TS1127: Invalid character.
src/services/firebaseService.ts(1,24584): error TS1127: Invalid character.
src/services/firebaseService.ts(1,24585): error TS1127: Invalid character.
src/services/firebaseService.ts(1,24586): error TS1127: Invalid character.
src/services/firebaseService.ts(1,24587): error TS1127: Invalid character.
src/services/firebaseService.ts(1,24588): error TS1127: Invalid character.
src/services/firebaseService.ts(1,24589): error TS1127: Invalid character.
src/services/firebaseService.ts(1,24590): error TS1127: Invalid character.
src/services/firebaseService.ts(1,24591): error TS1127: Invalid character.
src/services/firebaseService.ts(1,24592): error TS1127: Invalid character.
src/services/firebaseService.ts(1,24593): error TS1127: Invalid character.
src/services/firebaseService.ts(1,24594): error TS1127: Invalid character.
src/services/firebaseService.ts(1,24595): error TS1127: Invalid character.
src/services/firebaseService.ts(1,24596): error TS1127: Invalid character.
src/services/firebaseService.ts(1,24597): error TS1127: Invalid character.
src/services/firebaseService.ts(1,24598): error TS1127: Invalid character.
src/services/firebaseService.ts(1,24599): error TS1127: Invalid character.
src/services/firebaseService.ts(1,24600): error TS1127: Invalid character.
src/services/firebaseService.ts(1,24601): error TS1127: Invalid character.
src/services/firebaseService.ts(1,24602): error TS1127: Invalid character.
src/services/firebaseService.ts(1,24603): error TS1127: Invalid character.
src/services/firebaseService.ts(1,24604): error TS1127: Invalid character.
src/services/firebaseService.ts(1,24605): error TS1127: Invalid character.
src/services/firebaseService.ts(1,24606): error TS1127: Invalid character.
src/services/firebaseService.ts(1,24607): error TS1127: Invalid character.
src/services/firebaseService.ts(1,24608): error TS1127: Invalid character.
src/services/firebaseService.ts(1,24609): error TS1127: Invalid character.
src/services/firebaseService.ts(1,24610): error TS1127: Invalid character.
src/services/firebaseService.ts(1,24611): error TS1127: Invalid character.
src/services/firebaseService.ts(1,24612): error TS1127: Invalid character.
src/services/firebaseService.ts(1,24613): error TS1127: Invalid character.
src/services/firebaseService.ts(1,24614): error TS1127: Invalid character.
src/services/firebaseService.ts(1,24615): error TS1127: Invalid character.
src/services/firebaseService.ts(1,24616): error TS1127: Invalid character.
src/services/firebaseService.ts(1,24617): error TS1127: Invalid character.
src/services/firebaseService.ts(1,24618): error TS1127: Invalid character.
src/services/firebaseService.ts(1,24619): error TS1127: Invalid character.
src/services/firebaseService.ts(1,24620): error TS1127: Invalid character.
src/services/firebaseService.ts(1,24621): error TS1127: Invalid character.
src/services/firebaseService.ts(1,24622): error TS1127: Invalid character.
src/services/firebaseService.ts(1,24623): error TS1127: Invalid character.
src/services/firebaseService.ts(1,24624): error TS1127: Invalid character.
src/services/firebaseService.ts(1,24625): error TS1127: Invalid character.
src/services/firebaseService.ts(1,24626): error TS1127: Invalid character.
src/services/firebaseService.ts(1,24627): error TS1127: Invalid character.
src/services/firebaseService.ts(1,24628): error TS1127: Invalid character.
src/services/firebaseService.ts(1,24629): error TS1127: Invalid character.
src/services/firebaseService.ts(1,24630): error TS1127: Invalid character.
src/services/firebaseService.ts(1,24631): error TS1127: Invalid character.
src/services/firebaseService.ts(1,24632): error TS1127: Invalid character.
src/services/firebaseService.ts(1,24633): error TS1127: Invalid character.
src/services/firebaseService.ts(1,24634): error TS1127: Invalid character.
src/services/firebaseService.ts(1,24635): error TS1127: Invalid character.
src/services/firebaseService.ts(1,24636): error TS1127: Invalid character.
src/services/firebaseService.ts(1,24637): error TS1127: Invalid character.
src/services/firebaseService.ts(1,24638): error TS1127: Invalid character.
src/services/firebaseService.ts(1,24639): error TS1127: Invalid character.
src/services/firebaseService.ts(1,24640): error TS1127: Invalid character.
src/services/firebaseService.ts(1,24641): error TS1127: Invalid character.
src/services/firebaseService.ts(1,24642): error TS1127: Invalid character.
src/services/firebaseService.ts(1,24643): error TS1127: Invalid character.
src/services/firebaseService.ts(1,24644): error TS1127: Invalid character.
src/services/firebaseService.ts(1,24645): error TS1127: Invalid character.
src/services/firebaseService.ts(1,24646): error TS1127: Invalid character.
src/services/firebaseService.ts(1,24647): error TS1127: Invalid character.
src/services/firebaseService.ts(1,24648): error TS1127: Invalid character.
src/services/firebaseService.ts(1,24649): error TS1127: Invalid character.
src/services/firebaseService.ts(1,24650): error TS1127: Invalid character.
src/services/firebaseService.ts(1,24651): error TS1127: Invalid character.
src/services/firebaseService.ts(1,24652): error TS1127: Invalid character.
src/services/firebaseService.ts(1,24653): error TS1127: Invalid character.
src/services/firebaseService.ts(1,24654): error TS1127: Invalid character.
src/services/firebaseService.ts(1,24655): error TS1127: Invalid character.
src/services/firebaseService.ts(1,24656): error TS1127: Invalid character.
src/services/firebaseService.ts(1,24657): error TS1127: Invalid character.
src/services/firebaseService.ts(1,24658): error TS1127: Invalid character.
src/services/firebaseService.ts(1,24659): error TS1127: Invalid character.
src/services/firebaseService.ts(1,24660): error TS1127: Invalid character.
src/services/firebaseService.ts(1,24661): error TS1127: Invalid character.
src/services/firebaseService.ts(1,24662): error TS1127: Invalid character.
src/services/firebaseService.ts(1,24663): error TS1127: Invalid character.
src/services/firebaseService.ts(1,24664): error TS1127: Invalid character.
src/services/firebaseService.ts(1,24665): error TS1127: Invalid character.
src/services/firebaseService.ts(1,24666): error TS1127: Invalid character.
src/services/firebaseService.ts(1,24667): error TS1127: Invalid character.
src/services/firebaseService.ts(1,24668): error TS1127: Invalid character.
src/services/firebaseService.ts(1,24669): error TS1127: Invalid character.
src/services/firebaseService.ts(1,24670): error TS1127: Invalid character.
src/services/firebaseService.ts(1,24671): error TS1127: Invalid character.
src/services/firebaseService.ts(1,24672): error TS1127: Invalid character.
src/services/firebaseService.ts(1,24673): error TS1127: Invalid character.
src/services/firebaseService.ts(1,24674): error TS1127: Invalid character.
src/services/firebaseService.ts(1,24675): error TS1127: Invalid character.
src/services/firebaseService.ts(1,24676): error TS1127: Invalid character.
src/services/firebaseService.ts(1,24677): error TS1127: Invalid character.
src/services/firebaseService.ts(1,24678): error TS1127: Invalid character.
src/services/firebaseService.ts(1,24679): error TS1127: Invalid character.
src/services/firebaseService.ts(1,24680): error TS1127: Invalid character.
src/services/firebaseService.ts(1,24681): error TS1127: Invalid character.
src/services/firebaseService.ts(1,24682): error TS1127: Invalid character.
src/services/firebaseService.ts(1,24683): error TS1127: Invalid character.
src/services/firebaseService.ts(1,24684): error TS1127: Invalid character.
src/services/firebaseService.ts(1,24685): error TS1127: Invalid character.
src/services/firebaseService.ts(1,24686): error TS1127: Invalid character.
src/services/firebaseService.ts(1,24687): error TS1127: Invalid character.
src/services/firebaseService.ts(1,24688): error TS1127: Invalid character.
src/services/firebaseService.ts(1,24689): error TS1127: Invalid character.
src/services/firebaseService.ts(1,24690): error TS1127: Invalid character.
src/services/firebaseService.ts(1,24691): error TS1127: Invalid character.
src/services/firebaseService.ts(1,24692): error TS1127: Invalid character.
src/services/firebaseService.ts(1,24693): error TS1127: Invalid character.
src/services/firebaseService.ts(1,24694): error TS1127: Invalid character.
src/services/firebaseService.ts(1,24695): error TS1127: Invalid character.
src/services/firebaseService.ts(1,24696): error TS1127: Invalid character.
src/services/firebaseService.ts(1,24697): error TS1127: Invalid character.
src/services/firebaseService.ts(1,24698): error TS1127: Invalid character.
src/services/firebaseService.ts(1,24699): error TS1127: Invalid character.
src/services/firebaseService.ts(1,24700): error TS1127: Invalid character.
src/services/firebaseService.ts(1,24701): error TS1127: Invalid character.
src/services/firebaseService.ts(1,24702): error TS1127: Invalid character.
src/services/firebaseService.ts(1,24703): error TS1127: Invalid character.
src/services/firebaseService.ts(1,24704): error TS1127: Invalid character.
src/services/firebaseService.ts(1,24705): error TS1127: Invalid character.
src/services/firebaseService.ts(1,24706): error TS1127: Invalid character.
src/services/firebaseService.ts(1,24707): error TS1127: Invalid character.
src/services/firebaseService.ts(1,24708): error TS1127: Invalid character.
src/services/firebaseService.ts(1,24709): error TS1127: Invalid character.
src/services/firebaseService.ts(1,24710): error TS1127: Invalid character.
src/services/firebaseService.ts(1,24711): error TS1127: Invalid character.
src/services/firebaseService.ts(1,24712): error TS1127: Invalid character.
src/services/firebaseService.ts(1,24713): error TS1127: Invalid character.
src/services/firebaseService.ts(1,24714): error TS1127: Invalid character.
src/services/firebaseService.ts(1,24715): error TS1127: Invalid character.
src/services/firebaseService.ts(1,24716): error TS1127: Invalid character.
src/services/firebaseService.ts(1,24717): error TS1127: Invalid character.
src/services/firebaseService.ts(1,24718): error TS1127: Invalid character.
src/services/firebaseService.ts(1,24719): error TS1127: Invalid character.
src/services/firebaseService.ts(1,24720): error TS1127: Invalid character.
src/services/firebaseService.ts(1,24721): error TS1127: Invalid character.
src/services/firebaseService.ts(1,24722): error TS1127: Invalid character.
src/services/firebaseService.ts(1,24723): error TS1127: Invalid character.
src/services/firebaseService.ts(1,24724): error TS1127: Invalid character.
src/services/firebaseService.ts(1,24725): error TS1127: Invalid character.
src/services/firebaseService.ts(1,24726): error TS1127: Invalid character.
src/services/firebaseService.ts(1,24727): error TS1127: Invalid character.
src/services/firebaseService.ts(1,24728): error TS1127: Invalid character.
src/services/firebaseService.ts(1,24729): error TS1127: Invalid character.
src/services/firebaseService.ts(1,24730): error TS1127: Invalid character.
src/services/firebaseService.ts(1,24731): error TS1127: Invalid character.
src/services/firebaseService.ts(1,24732): error TS1127: Invalid character.
src/services/firebaseService.ts(1,24733): error TS1127: Invalid character.
src/services/firebaseService.ts(1,24734): error TS1127: Invalid character.
src/services/firebaseService.ts(1,24735): error TS1127: Invalid character.
src/services/firebaseService.ts(1,24736): error TS1127: Invalid character.
src/services/firebaseService.ts(1,24737): error TS1127: Invalid character.
src/services/firebaseService.ts(1,24738): error TS1127: Invalid character.
src/services/firebaseService.ts(1,24739): error TS1127: Invalid character.
src/services/firebaseService.ts(1,24740): error TS1127: Invalid character.
src/services/firebaseService.ts(1,24741): error TS1127: Invalid character.
src/services/firebaseService.ts(1,24742): error TS1127: Invalid character.
src/services/firebaseService.ts(1,24743): error TS1127: Invalid character.
src/services/firebaseService.ts(1,24744): error TS1127: Invalid character.
src/services/firebaseService.ts(1,24745): error TS1127: Invalid character.
src/services/firebaseService.ts(1,24746): error TS1127: Invalid character.
src/services/firebaseService.ts(1,24747): error TS1127: Invalid character.
src/services/firebaseService.ts(1,24748): error TS1127: Invalid character.
src/services/firebaseService.ts(1,24749): error TS1127: Invalid character.
src/services/firebaseService.ts(1,24750): error TS1127: Invalid character.
src/services/firebaseService.ts(1,24751): error TS1127: Invalid character.
src/services/firebaseService.ts(1,24752): error TS1127: Invalid character.
src/services/firebaseService.ts(1,24753): error TS1127: Invalid character.
src/services/firebaseService.ts(1,24754): error TS1127: Invalid character.
src/services/firebaseService.ts(1,24755): error TS1127: Invalid character.
src/services/firebaseService.ts(1,24756): error TS1127: Invalid character.
src/services/firebaseService.ts(1,24757): error TS1127: Invalid character.
src/services/firebaseService.ts(1,24758): error TS1127: Invalid character.
src/services/firebaseService.ts(1,24759): error TS1127: Invalid character.
src/services/firebaseService.ts(1,24760): error TS1127: Invalid character.
src/services/firebaseService.ts(1,24761): error TS1127: Invalid character.
src/services/firebaseService.ts(1,24762): error TS1127: Invalid character.
src/services/firebaseService.ts(1,24763): error TS1127: Invalid character.
src/services/firebaseService.ts(1,24764): error TS1127: Invalid character.
src/services/firebaseService.ts(1,24765): error TS1127: Invalid character.
src/services/firebaseService.ts(1,24766): error TS1127: Invalid character.
src/services/firebaseService.ts(1,24767): error TS1127: Invalid character.
src/services/firebaseService.ts(1,24768): error TS1127: Invalid character.
src/services/firebaseService.ts(1,24769): error TS1127: Invalid character.
src/services/firebaseService.ts(1,24770): error TS1127: Invalid character.
src/services/firebaseService.ts(1,24771): error TS1127: Invalid character.
src/services/firebaseService.ts(1,24772): error TS1127: Invalid character.
src/services/firebaseService.ts(1,24773): error TS1127: Invalid character.
src/services/firebaseService.ts(1,24774): error TS1127: Invalid character.
src/services/firebaseService.ts(1,24775): error TS1127: Invalid character.
src/services/firebaseService.ts(1,24776): error TS1127: Invalid character.
src/services/firebaseService.ts(1,24777): error TS1127: Invalid character.
src/services/firebaseService.ts(1,24778): error TS1127: Invalid character.
src/services/firebaseService.ts(1,24779): error TS1127: Invalid character.
src/services/firebaseService.ts(1,24780): error TS1127: Invalid character.
src/services/firebaseService.ts(1,24781): error TS1127: Invalid character.
src/services/firebaseService.ts(1,24782): error TS1127: Invalid character.
src/services/firebaseService.ts(1,24783): error TS1127: Invalid character.
src/services/firebaseService.ts(1,24784): error TS1127: Invalid character.
src/services/firebaseService.ts(1,24785): error TS1127: Invalid character.
src/services/firebaseService.ts(1,24786): error TS1127: Invalid character.
src/services/firebaseService.ts(1,24787): error TS1127: Invalid character.
src/services/firebaseService.ts(1,24788): error TS1127: Invalid character.
src/services/firebaseService.ts(1,24789): error TS1127: Invalid character.
src/services/firebaseService.ts(1,24790): error TS1127: Invalid character.
src/services/firebaseService.ts(1,24791): error TS1127: Invalid character.
src/services/firebaseService.ts(1,24792): error TS1127: Invalid character.
src/services/firebaseService.ts(1,24793): error TS1127: Invalid character.
src/services/firebaseService.ts(1,24794): error TS1127: Invalid character.
src/services/firebaseService.ts(1,24795): error TS1127: Invalid character.
src/services/firebaseService.ts(1,24796): error TS1127: Invalid character.
src/services/firebaseService.ts(1,24797): error TS1127: Invalid character.
src/services/firebaseService.ts(1,24798): error TS1127: Invalid character.
src/services/firebaseService.ts(1,24799): error TS1127: Invalid character.
src/services/firebaseService.ts(1,24800): error TS1127: Invalid character.
src/services/firebaseService.ts(1,24801): error TS1127: Invalid character.
src/services/firebaseService.ts(1,24802): error TS1127: Invalid character.
src/services/firebaseService.ts(1,24803): error TS1127: Invalid character.
src/services/firebaseService.ts(1,24804): error TS1127: Invalid character.
src/services/firebaseService.ts(1,24805): error TS1127: Invalid character.
src/services/firebaseService.ts(1,24806): error TS1127: Invalid character.
src/services/firebaseService.ts(1,24807): error TS1127: Invalid character.
src/services/firebaseService.ts(1,24808): error TS1127: Invalid character.
src/services/firebaseService.ts(1,24809): error TS1127: Invalid character.
src/services/firebaseService.ts(1,24810): error TS1127: Invalid character.
src/services/firebaseService.ts(1,24811): error TS1127: Invalid character.
src/services/firebaseService.ts(1,24812): error TS1127: Invalid character.
src/services/firebaseService.ts(1,24813): error TS1127: Invalid character.
src/services/firebaseService.ts(1,24814): error TS1127: Invalid character.
src/services/firebaseService.ts(1,24815): error TS1127: Invalid character.
src/services/firebaseService.ts(1,24816): error TS1127: Invalid character.
src/services/firebaseService.ts(1,24817): error TS1127: Invalid character.
src/services/firebaseService.ts(1,24818): error TS1127: Invalid character.
src/services/firebaseService.ts(1,24819): error TS1127: Invalid character.
src/services/firebaseService.ts(1,24820): error TS1127: Invalid character.
src/services/firebaseService.ts(1,24821): error TS1127: Invalid character.
src/services/firebaseService.ts(1,24822): error TS1127: Invalid character.
src/services/firebaseService.ts(1,24823): error TS1127: Invalid character.
src/services/firebaseService.ts(1,24824): error TS1127: Invalid character.
src/services/firebaseService.ts(1,24825): error TS1127: Invalid character.
src/services/firebaseService.ts(1,24826): error TS1127: Invalid character.
src/services/firebaseService.ts(1,24827): error TS1127: Invalid character.
src/services/firebaseService.ts(1,24828): error TS1127: Invalid character.
src/services/firebaseService.ts(1,24829): error TS1127: Invalid character.
src/services/firebaseService.ts(1,24830): error TS1127: Invalid character.
src/services/firebaseService.ts(1,24831): error TS1127: Invalid character.
src/services/firebaseService.ts(1,24832): error TS1127: Invalid character.
src/services/firebaseService.ts(1,24833): error TS1127: Invalid character.
src/services/firebaseService.ts(1,24834): error TS1127: Invalid character.
src/services/firebaseService.ts(1,24835): error TS1127: Invalid character.
src/services/firebaseService.ts(1,24836): error TS1127: Invalid character.
src/services/firebaseService.ts(1,24837): error TS1127: Invalid character.
src/services/firebaseService.ts(1,24838): error TS1127: Invalid character.
src/services/firebaseService.ts(1,24839): error TS1127: Invalid character.
src/services/firebaseService.ts(1,24840): error TS1127: Invalid character.
src/services/firebaseService.ts(1,24841): error TS1127: Invalid character.
src/services/firebaseService.ts(1,24842): error TS1127: Invalid character.
src/services/firebaseService.ts(1,24843): error TS1127: Invalid character.
src/services/firebaseService.ts(1,24844): error TS1127: Invalid character.
src/services/firebaseService.ts(1,24845): error TS1127: Invalid character.
src/services/firebaseService.ts(1,24846): error TS1127: Invalid character.
src/services/firebaseService.ts(1,24847): error TS1127: Invalid character.
src/services/firebaseService.ts(1,24848): error TS1127: Invalid character.
src/services/firebaseService.ts(1,24849): error TS1127: Invalid character.
src/services/firebaseService.ts(1,24850): error TS1127: Invalid character.
src/services/firebaseService.ts(1,24851): error TS1127: Invalid character.
src/services/firebaseService.ts(1,24852): error TS1127: Invalid character.
src/services/firebaseService.ts(1,24853): error TS1127: Invalid character.
src/services/firebaseService.ts(1,24854): error TS1127: Invalid character.
src/services/firebaseService.ts(1,24855): error TS1127: Invalid character.
src/services/firebaseService.ts(1,24856): error TS1127: Invalid character.
src/services/firebaseService.ts(1,24857): error TS1127: Invalid character.
src/services/firebaseService.ts(1,24858): error TS1127: Invalid character.
src/services/firebaseService.ts(1,24859): error TS1127: Invalid character.
src/services/firebaseService.ts(1,24860): error TS1127: Invalid character.
src/services/firebaseService.ts(1,24861): error TS1127: Invalid character.
src/services/firebaseService.ts(1,24862): error TS1127: Invalid character.
src/services/firebaseService.ts(1,24863): error TS1127: Invalid character.
src/services/firebaseService.ts(1,24864): error TS1127: Invalid character.
src/services/firebaseService.ts(1,24865): error TS1127: Invalid character.
src/services/firebaseService.ts(1,24866): error TS1127: Invalid character.
src/services/firebaseService.ts(1,24867): error TS1127: Invalid character.
src/services/firebaseService.ts(1,24868): error TS1127: Invalid character.
src/services/firebaseService.ts(1,24869): error TS1127: Invalid character.
src/services/firebaseService.ts(1,24870): error TS1127: Invalid character.
src/services/firebaseService.ts(1,24871): error TS1127: Invalid character.
src/services/firebaseService.ts(1,24872): error TS1127: Invalid character.
src/services/firebaseService.ts(1,24873): error TS1127: Invalid character.
src/services/firebaseService.ts(1,24874): error TS1127: Invalid character.
src/services/firebaseService.ts(1,24875): error TS1127: Invalid character.
src/services/firebaseService.ts(1,24876): error TS1127: Invalid character.
src/services/firebaseService.ts(1,24877): error TS1127: Invalid character.
src/services/firebaseService.ts(1,24878): error TS1127: Invalid character.
src/services/firebaseService.ts(1,24879): error TS1127: Invalid character.
src/services/firebaseService.ts(1,24880): error TS1127: Invalid character.
src/services/firebaseService.ts(1,24881): error TS1127: Invalid character.
src/services/firebaseService.ts(1,24882): error TS1127: Invalid character.
src/services/firebaseService.ts(1,24883): error TS1127: Invalid character.
src/services/firebaseService.ts(1,24884): error TS1127: Invalid character.
src/services/firebaseService.ts(1,24885): error TS1127: Invalid character.
src/services/firebaseService.ts(1,24886): error TS1127: Invalid character.
src/services/firebaseService.ts(1,24887): error TS1127: Invalid character.
src/services/firebaseService.ts(1,24888): error TS1127: Invalid character.
src/services/firebaseService.ts(1,24889): error TS1127: Invalid character.
src/services/firebaseService.ts(1,24890): error TS1127: Invalid character.
src/services/firebaseService.ts(1,24891): error TS1127: Invalid character.
src/services/firebaseService.ts(1,24892): error TS1127: Invalid character.
src/services/firebaseService.ts(1,24893): error TS1127: Invalid character.
src/services/firebaseService.ts(1,24894): error TS1127: Invalid character.
src/services/firebaseService.ts(1,24895): error TS1127: Invalid character.
src/services/firebaseService.ts(1,24896): error TS1127: Invalid character.
src/services/firebaseService.ts(1,24897): error TS1127: Invalid character.
src/services/firebaseService.ts(1,24898): error TS1127: Invalid character.
src/services/firebaseService.ts(1,24899): error TS1127: Invalid character.
src/services/firebaseService.ts(1,24900): error TS1127: Invalid character.
src/services/firebaseService.ts(1,24901): error TS1127: Invalid character.
src/services/firebaseService.ts(1,24902): error TS1127: Invalid character.
src/services/firebaseService.ts(1,24903): error TS1127: Invalid character.
src/services/firebaseService.ts(1,24904): error TS1127: Invalid character.
src/services/firebaseService.ts(1,24905): error TS1127: Invalid character.
src/services/firebaseService.ts(1,24906): error TS1127: Invalid character.
src/services/firebaseService.ts(1,24907): error TS1127: Invalid character.
src/services/firebaseService.ts(1,24908): error TS1127: Invalid character.
src/services/firebaseService.ts(1,24909): error TS1127: Invalid character.
src/services/firebaseService.ts(1,24910): error TS1127: Invalid character.
src/services/firebaseService.ts(1,24911): error TS1127: Invalid character.
src/services/firebaseService.ts(1,24912): error TS1127: Invalid character.
src/services/firebaseService.ts(1,24913): error TS1127: Invalid character.
src/services/firebaseService.ts(1,24914): error TS1127: Invalid character.
src/services/firebaseService.ts(1,24915): error TS1127: Invalid character.
src/services/firebaseService.ts(1,24916): error TS1127: Invalid character.
src/services/firebaseService.ts(1,24917): error TS1127: Invalid character.
src/services/firebaseService.ts(1,24918): error TS1127: Invalid character.
src/services/firebaseService.ts(1,24919): error TS1127: Invalid character.
src/services/firebaseService.ts(1,24920): error TS1127: Invalid character.
src/services/firebaseService.ts(1,24921): error TS1127: Invalid character.
src/services/firebaseService.ts(1,24922): error TS1127: Invalid character.
src/services/firebaseService.ts(1,24923): error TS1127: Invalid character.
src/services/firebaseService.ts(1,24924): error TS1127: Invalid character.
src/services/firebaseService.ts(1,24925): error TS1127: Invalid character.
src/services/firebaseService.ts(1,24926): error TS1127: Invalid character.
src/services/firebaseService.ts(1,24927): error TS1127: Invalid character.
src/services/firebaseService.ts(1,24928): error TS1127: Invalid character.
src/services/firebaseService.ts(1,24929): error TS1127: Invalid character.
src/services/firebaseService.ts(1,24930): error TS1127: Invalid character.
src/services/firebaseService.ts(1,24931): error TS1127: Invalid character.
src/services/firebaseService.ts(1,24932): error TS1127: Invalid character.
src/services/firebaseService.ts(1,24933): error TS1127: Invalid character.
src/services/firebaseService.ts(1,24934): error TS1127: Invalid character.
src/services/firebaseService.ts(1,24935): error TS1127: Invalid character.
src/services/firebaseService.ts(1,24936): error TS1127: Invalid character.
src/services/firebaseService.ts(1,24937): error TS1127: Invalid character.
src/services/firebaseService.ts(1,24938): error TS1127: Invalid character.
src/services/firebaseService.ts(1,24939): error TS1127: Invalid character.
src/services/firebaseService.ts(1,24940): error TS1127: Invalid character.
src/services/firebaseService.ts(1,24941): error TS1127: Invalid character.
src/services/firebaseService.ts(1,24942): error TS1127: Invalid character.
src/services/firebaseService.ts(1,24943): error TS1127: Invalid character.
src/services/firebaseService.ts(1,24944): error TS1127: Invalid character.
src/services/firebaseService.ts(1,24945): error TS1127: Invalid character.
src/services/firebaseService.ts(1,24946): error TS1127: Invalid character.
src/services/firebaseService.ts(1,24947): error TS1127: Invalid character.
src/services/firebaseService.ts(1,24948): error TS1127: Invalid character.
src/services/firebaseService.ts(1,24949): error TS1127: Invalid character.
src/services/firebaseService.ts(1,24950): error TS1127: Invalid character.
src/services/firebaseService.ts(1,24951): error TS1127: Invalid character.
src/services/firebaseService.ts(1,24952): error TS1127: Invalid character.
src/services/firebaseService.ts(1,24953): error TS1127: Invalid character.
src/services/firebaseService.ts(1,24954): error TS1127: Invalid character.
src/services/firebaseService.ts(1,24955): error TS1127: Invalid character.
src/services/firebaseService.ts(1,24956): error TS1127: Invalid character.
src/services/firebaseService.ts(1,24957): error TS1127: Invalid character.
src/services/firebaseService.ts(1,24958): error TS1127: Invalid character.
src/services/firebaseService.ts(1,24959): error TS1127: Invalid character.
src/services/firebaseService.ts(1,24960): error TS1127: Invalid character.
src/services/firebaseService.ts(1,24961): error TS1127: Invalid character.
src/services/firebaseService.ts(1,24962): error TS1127: Invalid character.
src/services/firebaseService.ts(1,24963): error TS1127: Invalid character.
src/services/firebaseService.ts(1,24964): error TS1127: Invalid character.
src/services/firebaseService.ts(1,24965): error TS1127: Invalid character.
src/services/firebaseService.ts(1,24966): error TS1127: Invalid character.
src/services/firebaseService.ts(1,24967): error TS1127: Invalid character.
src/services/firebaseService.ts(1,24968): error TS1127: Invalid character.
src/services/firebaseService.ts(1,24969): error TS1127: Invalid character.
src/services/firebaseService.ts(1,24970): error TS1127: Invalid character.
src/services/firebaseService.ts(1,24971): error TS1127: Invalid character.
src/services/firebaseService.ts(1,24972): error TS1127: Invalid character.
src/services/firebaseService.ts(1,24973): error TS1127: Invalid character.
src/services/firebaseService.ts(1,24974): error TS1127: Invalid character.
src/services/firebaseService.ts(1,24975): error TS1127: Invalid character.
src/services/firebaseService.ts(1,24976): error TS1127: Invalid character.
src/services/firebaseService.ts(1,24977): error TS1127: Invalid character.
src/services/firebaseService.ts(1,24978): error TS1127: Invalid character.
src/services/firebaseService.ts(1,24979): error TS1127: Invalid character.
src/services/firebaseService.ts(1,24980): error TS1127: Invalid character.
src/services/firebaseService.ts(1,24981): error TS1127: Invalid character.
src/services/firebaseService.ts(1,24982): error TS1127: Invalid character.
src/services/firebaseService.ts(1,24983): error TS1127: Invalid character.
src/services/firebaseService.ts(1,24984): error TS1127: Invalid character.
src/services/firebaseService.ts(1,24985): error TS1127: Invalid character.
src/services/firebaseService.ts(1,24986): error TS1127: Invalid character.
src/services/firebaseService.ts(1,24987): error TS1127: Invalid character.
src/services/firebaseService.ts(1,24988): error TS1127: Invalid character.
src/services/firebaseService.ts(1,24989): error TS1127: Invalid character.
src/services/firebaseService.ts(1,24990): error TS1127: Invalid character.
src/services/firebaseService.ts(1,24991): error TS1127: Invalid character.
src/services/firebaseService.ts(1,24992): error TS1127: Invalid character.
src/services/firebaseService.ts(1,24993): error TS1127: Invalid character.
src/services/firebaseService.ts(1,24994): error TS1127: Invalid character.
src/services/firebaseService.ts(1,24995): error TS1127: Invalid character.
src/services/firebaseService.ts(1,24996): error TS1127: Invalid character.
src/services/firebaseService.ts(1,24997): error TS1127: Invalid character.
src/services/firebaseService.ts(1,24998): error TS1127: Invalid character.
src/services/firebaseService.ts(1,24999): error TS1127: Invalid character.
src/services/firebaseService.ts(1,25000): error TS1127: Invalid character.
src/services/firebaseService.ts(1,25001): error TS1127: Invalid character.
src/services/firebaseService.ts(1,25002): error TS1127: Invalid character.
src/services/firebaseService.ts(1,25003): error TS1127: Invalid character.
src/services/firebaseService.ts(1,25004): error TS1127: Invalid character.
src/services/firebaseService.ts(1,25005): error TS1127: Invalid character.
src/services/firebaseService.ts(1,25006): error TS1127: Invalid character.
src/services/firebaseService.ts(1,25007): error TS1127: Invalid character.
src/services/firebaseService.ts(1,25008): error TS1127: Invalid character.
src/services/firebaseService.ts(1,25009): error TS1127: Invalid character.
src/services/firebaseService.ts(1,25010): error TS1127: Invalid character.
src/services/firebaseService.ts(1,25011): error TS1127: Invalid character.
src/services/firebaseService.ts(1,25012): error TS1127: Invalid character.
src/services/firebaseService.ts(1,25013): error TS1127: Invalid character.
src/services/firebaseService.ts(1,25014): error TS1127: Invalid character.
src/services/firebaseService.ts(1,25015): error TS1127: Invalid character.
src/services/firebaseService.ts(1,25016): error TS1127: Invalid character.
src/services/firebaseService.ts(1,25017): error TS1127: Invalid character.
src/services/firebaseService.ts(1,25018): error TS1127: Invalid character.
src/services/firebaseService.ts(1,25019): error TS1127: Invalid character.
src/services/firebaseService.ts(1,25020): error TS1127: Invalid character.
src/services/firebaseService.ts(1,25021): error TS1127: Invalid character.
src/services/firebaseService.ts(1,25022): error TS1127: Invalid character.
src/services/firebaseService.ts(1,25023): error TS1127: Invalid character.
src/services/firebaseService.ts(1,25024): error TS1127: Invalid character.
src/services/firebaseService.ts(1,25025): error TS1127: Invalid character.
src/services/firebaseService.ts(1,25026): error TS1127: Invalid character.
src/services/firebaseService.ts(1,25027): error TS1127: Invalid character.
src/services/firebaseService.ts(1,25028): error TS1127: Invalid character.
src/services/firebaseService.ts(1,25029): error TS1127: Invalid character.
src/services/firebaseService.ts(1,25030): error TS1127: Invalid character.
src/services/firebaseService.ts(1,25031): error TS1127: Invalid character.
src/services/firebaseService.ts(1,25032): error TS1127: Invalid character.
src/services/firebaseService.ts(1,25033): error TS1127: Invalid character.
src/services/firebaseService.ts(1,25034): error TS1127: Invalid character.
src/services/firebaseService.ts(1,25035): error TS1127: Invalid character.
src/services/firebaseService.ts(1,25036): error TS1127: Invalid character.
src/services/firebaseService.ts(1,25037): error TS1127: Invalid character.
src/services/firebaseService.ts(1,25038): error TS1127: Invalid character.
src/services/firebaseService.ts(1,25039): error TS1127: Invalid character.
src/services/firebaseService.ts(1,25040): error TS1127: Invalid character.
src/services/firebaseService.ts(1,25041): error TS1127: Invalid character.
src/services/firebaseService.ts(1,25042): error TS1127: Invalid character.
src/services/firebaseService.ts(1,25043): error TS1127: Invalid character.
src/services/firebaseService.ts(1,25044): error TS1127: Invalid character.
src/services/firebaseService.ts(1,25045): error TS1127: Invalid character.
src/services/firebaseService.ts(1,25046): error TS1127: Invalid character.
src/services/firebaseService.ts(1,25047): error TS1127: Invalid character.
src/services/firebaseService.ts(1,25048): error TS1127: Invalid character.
src/services/firebaseService.ts(1,25049): error TS1127: Invalid character.
src/services/firebaseService.ts(1,25050): error TS1127: Invalid character.
src/services/firebaseService.ts(1,25051): error TS1127: Invalid character.
src/services/firebaseService.ts(1,25052): error TS1127: Invalid character.
src/services/firebaseService.ts(1,25053): error TS1127: Invalid character.
src/services/firebaseService.ts(1,25054): error TS1127: Invalid character.
src/services/firebaseService.ts(1,25055): error TS1127: Invalid character.
src/services/firebaseService.ts(1,25056): error TS1127: Invalid character.
src/services/firebaseService.ts(1,25057): error TS1127: Invalid character.
src/services/firebaseService.ts(1,25058): error TS1127: Invalid character.
src/services/firebaseService.ts(1,25059): error TS1127: Invalid character.
src/services/firebaseService.ts(1,25060): error TS1127: Invalid character.
src/services/firebaseService.ts(1,25061): error TS1127: Invalid character.
src/services/firebaseService.ts(1,25062): error TS1127: Invalid character.
src/services/firebaseService.ts(1,25063): error TS1127: Invalid character.
src/services/firebaseService.ts(1,25064): error TS1127: Invalid character.
src/services/firebaseService.ts(1,25065): error TS1127: Invalid character.
src/services/firebaseService.ts(1,25066): error TS1127: Invalid character.
src/services/firebaseService.ts(1,25067): error TS1127: Invalid character.
src/services/firebaseService.ts(1,25068): error TS1127: Invalid character.
src/services/firebaseService.ts(1,25069): error TS1127: Invalid character.
src/services/firebaseService.ts(1,25070): error TS1127: Invalid character.
src/services/firebaseService.ts(1,25071): error TS1127: Invalid character.
src/services/firebaseService.ts(1,25072): error TS1127: Invalid character.
src/services/firebaseService.ts(1,25073): error TS1127: Invalid character.
src/services/firebaseService.ts(1,25074): error TS1127: Invalid character.
src/services/firebaseService.ts(1,25075): error TS1127: Invalid character.
src/services/firebaseService.ts(1,25076): error TS1127: Invalid character.
src/services/firebaseService.ts(1,25077): error TS1127: Invalid character.
src/services/firebaseService.ts(1,25078): error TS1127: Invalid character.
src/services/firebaseService.ts(1,25079): error TS1127: Invalid character.
src/services/firebaseService.ts(1,25080): error TS1127: Invalid character.
src/services/firebaseService.ts(1,25081): error TS1127: Invalid character.
src/services/firebaseService.ts(1,25082): error TS1127: Invalid character.
src/services/firebaseService.ts(1,25083): error TS1127: Invalid character.
src/services/firebaseService.ts(1,25084): error TS1127: Invalid character.
src/services/firebaseService.ts(1,25085): error TS1127: Invalid character.
src/services/firebaseService.ts(1,25086): error TS1127: Invalid character.
src/services/firebaseService.ts(1,25087): error TS1127: Invalid character.
src/services/firebaseService.ts(1,25088): error TS1127: Invalid character.
src/services/firebaseService.ts(1,25089): error TS1127: Invalid character.
src/services/firebaseService.ts(1,25090): error TS1127: Invalid character.
src/services/firebaseService.ts(1,25091): error TS1127: Invalid character.
src/services/firebaseService.ts(1,25092): error TS1127: Invalid character.
src/services/firebaseService.ts(1,25093): error TS1127: Invalid character.
src/services/firebaseService.ts(1,25094): error TS1127: Invalid character.
src/services/firebaseService.ts(1,25095): error TS1127: Invalid character.
src/services/firebaseService.ts(1,25096): error TS1127: Invalid character.
src/services/firebaseService.ts(1,25097): error TS1127: Invalid character.
src/services/firebaseService.ts(1,25098): error TS1127: Invalid character.
src/services/firebaseService.ts(1,25099): error TS1127: Invalid character.
src/services/firebaseService.ts(1,25100): error TS1127: Invalid character.
src/services/firebaseService.ts(1,25101): error TS1127: Invalid character.
src/services/firebaseService.ts(1,25102): error TS1127: Invalid character.
src/services/firebaseService.ts(1,25103): error TS1127: Invalid character.
src/services/firebaseService.ts(1,25104): error TS1127: Invalid character.
src/services/firebaseService.ts(1,25105): error TS1127: Invalid character.
src/services/firebaseService.ts(1,25106): error TS1127: Invalid character.
src/services/firebaseService.ts(1,25107): error TS1127: Invalid character.
src/services/firebaseService.ts(1,25108): error TS1127: Invalid character.
src/services/firebaseService.ts(1,25109): error TS1127: Invalid character.
src/services/firebaseService.ts(1,25110): error TS1127: Invalid character.
src/services/firebaseService.ts(1,25111): error TS1127: Invalid character.
src/services/firebaseService.ts(1,25112): error TS1127: Invalid character.
src/services/firebaseService.ts(1,25113): error TS1127: Invalid character.
src/services/firebaseService.ts(1,25114): error TS1127: Invalid character.
src/services/firebaseService.ts(1,25115): error TS1127: Invalid character.
src/services/firebaseService.ts(1,25116): error TS1127: Invalid character.
src/services/firebaseService.ts(1,25117): error TS1127: Invalid character.
src/services/firebaseService.ts(1,25118): error TS1127: Invalid character.
src/services/firebaseService.ts(1,25119): error TS1127: Invalid character.
src/services/firebaseService.ts(1,25120): error TS1127: Invalid character.
src/services/firebaseService.ts(1,25121): error TS1127: Invalid character.
src/services/firebaseService.ts(1,25122): error TS1127: Invalid character.
src/services/firebaseService.ts(1,25123): error TS1127: Invalid character.
src/services/firebaseService.ts(1,25124): error TS1127: Invalid character.
src/services/firebaseService.ts(1,25125): error TS1127: Invalid character.
src/services/firebaseService.ts(1,25126): error TS1127: Invalid character.
src/services/firebaseService.ts(1,25127): error TS1127: Invalid character.
src/services/firebaseService.ts(1,25128): error TS1127: Invalid character.
src/services/firebaseService.ts(1,25129): error TS1127: Invalid character.
src/services/firebaseService.ts(1,25130): error TS1127: Invalid character.
src/services/firebaseService.ts(1,25131): error TS1127: Invalid character.
src/services/firebaseService.ts(1,25132): error TS1127: Invalid character.
src/services/firebaseService.ts(1,25133): error TS1127: Invalid character.
src/services/firebaseService.ts(1,25134): error TS1127: Invalid character.
src/services/firebaseService.ts(1,25135): error TS1127: Invalid character.
src/services/firebaseService.ts(1,25136): error TS1127: Invalid character.
src/services/firebaseService.ts(1,25137): error TS1127: Invalid character.
src/services/firebaseService.ts(1,25138): error TS1127: Invalid character.
src/services/firebaseService.ts(1,25139): error TS1127: Invalid character.
src/services/firebaseService.ts(1,25140): error TS1127: Invalid character.
src/services/firebaseService.ts(1,25141): error TS1127: Invalid character.
src/services/firebaseService.ts(1,25142): error TS1127: Invalid character.
src/services/firebaseService.ts(1,25143): error TS1127: Invalid character.
src/services/firebaseService.ts(1,25144): error TS1127: Invalid character.
src/services/firebaseService.ts(1,25145): error TS1127: Invalid character.
src/services/firebaseService.ts(1,25146): error TS1127: Invalid character.
src/services/firebaseService.ts(1,25147): error TS1127: Invalid character.
src/services/firebaseService.ts(1,25148): error TS1127: Invalid character.
src/services/firebaseService.ts(1,25149): error TS1127: Invalid character.
src/services/firebaseService.ts(1,25150): error TS1127: Invalid character.
src/services/firebaseService.ts(1,25151): error TS1127: Invalid character.
src/services/firebaseService.ts(1,25152): error TS1127: Invalid character.
src/services/firebaseService.ts(1,25153): error TS1127: Invalid character.
src/services/firebaseService.ts(1,25154): error TS1127: Invalid character.
src/services/firebaseService.ts(1,25155): error TS1127: Invalid character.
src/services/firebaseService.ts(1,25156): error TS1127: Invalid character.
src/services/firebaseService.ts(1,25157): error TS1127: Invalid character.
src/services/firebaseService.ts(1,25158): error TS1127: Invalid character.
src/services/firebaseService.ts(1,25159): error TS1127: Invalid character.
src/services/firebaseService.ts(1,25160): error TS1127: Invalid character.
src/services/firebaseService.ts(1,25161): error TS1127: Invalid character.
src/services/firebaseService.ts(1,25162): error TS1127: Invalid character.
src/services/firebaseService.ts(1,25163): error TS1127: Invalid character.
src/services/firebaseService.ts(1,25164): error TS1127: Invalid character.
src/services/firebaseService.ts(1,25165): error TS1127: Invalid character.
src/services/firebaseService.ts(1,25166): error TS1127: Invalid character.
src/services/firebaseService.ts(1,25167): error TS1127: Invalid character.
src/services/firebaseService.ts(1,25168): error TS1127: Invalid character.
src/services/firebaseService.ts(1,25169): error TS1127: Invalid character.
src/services/firebaseService.ts(1,25170): error TS1127: Invalid character.
src/services/firebaseService.ts(1,25171): error TS1127: Invalid character.
src/services/firebaseService.ts(1,25172): error TS1127: Invalid character.
src/services/firebaseService.ts(1,25173): error TS1127: Invalid character.
src/services/firebaseService.ts(1,25174): error TS1127: Invalid character.
src/services/firebaseService.ts(1,25175): error TS1127: Invalid character.
src/services/firebaseService.ts(1,25176): error TS1127: Invalid character.
src/services/firebaseService.ts(1,25177): error TS1127: Invalid character.
src/services/firebaseService.ts(1,25178): error TS1127: Invalid character.
src/services/firebaseService.ts(1,25179): error TS1127: Invalid character.
src/services/firebaseService.ts(1,25180): error TS1127: Invalid character.
src/services/firebaseService.ts(1,25181): error TS1127: Invalid character.
src/services/firebaseService.ts(1,25182): error TS1127: Invalid character.
src/services/firebaseService.ts(1,25183): error TS1127: Invalid character.
src/services/firebaseService.ts(1,25184): error TS1127: Invalid character.
src/services/firebaseService.ts(1,25185): error TS1127: Invalid character.
src/services/firebaseService.ts(1,25186): error TS1127: Invalid character.
src/services/firebaseService.ts(1,25187): error TS1127: Invalid character.
src/services/firebaseService.ts(1,25188): error TS1127: Invalid character.
src/services/firebaseService.ts(1,25189): error TS1127: Invalid character.
src/services/firebaseService.ts(1,25190): error TS1127: Invalid character.
src/services/firebaseService.ts(1,25191): error TS1127: Invalid character.
src/services/firebaseService.ts(1,25192): error TS1127: Invalid character.
src/services/firebaseService.ts(1,25193): error TS1127: Invalid character.
src/services/firebaseService.ts(1,25194): error TS1127: Invalid character.
src/services/firebaseService.ts(1,25195): error TS1127: Invalid character.
src/services/firebaseService.ts(1,25196): error TS1127: Invalid character.
src/services/firebaseService.ts(1,25197): error TS1127: Invalid character.
src/services/firebaseService.ts(1,25198): error TS1127: Invalid character.
src/services/firebaseService.ts(1,25199): error TS1127: Invalid character.
src/services/firebaseService.ts(1,25200): error TS1127: Invalid character.
src/services/firebaseService.ts(1,25201): error TS1127: Invalid character.
src/services/firebaseService.ts(1,25202): error TS1127: Invalid character.
src/services/firebaseService.ts(1,25203): error TS1127: Invalid character.
src/services/firebaseService.ts(1,25204): error TS1127: Invalid character.
src/services/firebaseService.ts(1,25205): error TS1127: Invalid character.
src/services/firebaseService.ts(1,25206): error TS1127: Invalid character.
src/services/firebaseService.ts(1,25207): error TS1127: Invalid character.
src/services/firebaseService.ts(1,25208): error TS1127: Invalid character.
src/services/firebaseService.ts(1,25209): error TS1127: Invalid character.
src/services/firebaseService.ts(1,25210): error TS1127: Invalid character.
src/services/firebaseService.ts(1,25211): error TS1127: Invalid character.
src/services/firebaseService.ts(1,25212): error TS1127: Invalid character.
src/services/firebaseService.ts(1,25213): error TS1127: Invalid character.
src/services/firebaseService.ts(1,25214): error TS1127: Invalid character.
src/services/firebaseService.ts(1,25215): error TS1127: Invalid character.
src/services/firebaseService.ts(1,25216): error TS1127: Invalid character.
src/services/firebaseService.ts(1,25217): error TS1127: Invalid character.
src/services/firebaseService.ts(1,25218): error TS1127: Invalid character.
src/services/firebaseService.ts(1,25219): error TS1127: Invalid character.
src/services/firebaseService.ts(1,25220): error TS1127: Invalid character.
src/services/firebaseService.ts(1,25221): error TS1127: Invalid character.
src/services/firebaseService.ts(1,25222): error TS1127: Invalid character.
src/services/firebaseService.ts(1,25223): error TS1127: Invalid character.
src/services/firebaseService.ts(1,25224): error TS1127: Invalid character.
src/services/firebaseService.ts(1,25225): error TS1127: Invalid character.
src/services/firebaseService.ts(1,25226): error TS1127: Invalid character.
src/services/firebaseService.ts(1,25227): error TS1127: Invalid character.
src/services/firebaseService.ts(1,25228): error TS1127: Invalid character.
src/services/firebaseService.ts(1,25229): error TS1127: Invalid character.
src/services/firebaseService.ts(1,25230): error TS1127: Invalid character.
src/services/firebaseService.ts(1,25231): error TS1127: Invalid character.
src/services/firebaseService.ts(1,25232): error TS1127: Invalid character.
src/services/firebaseService.ts(1,25233): error TS1127: Invalid character.
src/services/firebaseService.ts(1,25234): error TS1127: Invalid character.
src/services/firebaseService.ts(1,25235): error TS1127: Invalid character.
src/services/firebaseService.ts(1,25236): error TS1127: Invalid character.
src/services/firebaseService.ts(1,25237): error TS1127: Invalid character.
src/services/firebaseService.ts(1,25238): error TS1127: Invalid character.
src/services/firebaseService.ts(1,25239): error TS1127: Invalid character.
src/services/firebaseService.ts(1,25240): error TS1127: Invalid character.
src/services/firebaseService.ts(1,25241): error TS1127: Invalid character.
src/services/firebaseService.ts(1,25242): error TS1127: Invalid character.
src/services/firebaseService.ts(1,25243): error TS1127: Invalid character.
src/services/firebaseService.ts(1,25244): error TS1127: Invalid character.
src/services/firebaseService.ts(1,25245): error TS1127: Invalid character.
src/services/firebaseService.ts(1,25246): error TS1127: Invalid character.
src/services/firebaseService.ts(1,25247): error TS1127: Invalid character.
src/services/firebaseService.ts(1,25248): error TS1127: Invalid character.
src/services/firebaseService.ts(1,25249): error TS1127: Invalid character.
src/services/firebaseService.ts(1,25250): error TS1127: Invalid character.
src/services/firebaseService.ts(1,25251): error TS1127: Invalid character.
src/services/firebaseService.ts(1,25252): error TS1127: Invalid character.
src/services/firebaseService.ts(1,25253): error TS1127: Invalid character.
src/services/firebaseService.ts(1,25254): error TS1127: Invalid character.
src/services/firebaseService.ts(1,25255): error TS1127: Invalid character.
src/services/firebaseService.ts(1,25256): error TS1127: Invalid character.
src/services/firebaseService.ts(1,25257): error TS1127: Invalid character.
src/services/firebaseService.ts(1,25258): error TS1127: Invalid character.
src/services/firebaseService.ts(1,25259): error TS1127: Invalid character.
src/services/firebaseService.ts(1,25260): error TS1127: Invalid character.
src/services/firebaseService.ts(1,25261): error TS1127: Invalid character.
src/services/firebaseService.ts(1,25262): error TS1127: Invalid character.
src/services/firebaseService.ts(1,25263): error TS1127: Invalid character.
src/services/firebaseService.ts(1,25264): error TS1127: Invalid character.
src/services/firebaseService.ts(1,25265): error TS1127: Invalid character.
src/services/firebaseService.ts(1,25266): error TS1127: Invalid character.
src/services/firebaseService.ts(1,25267): error TS1127: Invalid character.
src/services/firebaseService.ts(1,25268): error TS1127: Invalid character.
src/services/firebaseService.ts(1,25269): error TS1127: Invalid character.
src/services/firebaseService.ts(1,25270): error TS1127: Invalid character.
src/services/firebaseService.ts(1,25271): error TS1127: Invalid character.
src/services/firebaseService.ts(1,25272): error TS1127: Invalid character.
src/services/firebaseService.ts(1,25273): error TS1127: Invalid character.
src/services/firebaseService.ts(1,25274): error TS1127: Invalid character.
src/services/firebaseService.ts(1,25275): error TS1127: Invalid character.
src/services/firebaseService.ts(1,25276): error TS1127: Invalid character.
src/services/firebaseService.ts(1,25277): error TS1127: Invalid character.
src/services/firebaseService.ts(1,25278): error TS1127: Invalid character.
src/services/firebaseService.ts(1,25279): error TS1127: Invalid character.
src/services/firebaseService.ts(1,25280): error TS1127: Invalid character.
src/services/firebaseService.ts(1,25281): error TS1127: Invalid character.
src/services/firebaseService.ts(1,25282): error TS1127: Invalid character.
src/services/firebaseService.ts(1,25283): error TS1127: Invalid character.
src/services/firebaseService.ts(1,25284): error TS1127: Invalid character.
src/services/firebaseService.ts(1,25285): error TS1127: Invalid character.
src/services/firebaseService.ts(1,25286): error TS1127: Invalid character.
src/services/firebaseService.ts(1,25287): error TS1127: Invalid character.
src/services/firebaseService.ts(1,25288): error TS1127: Invalid character.
src/services/firebaseService.ts(1,25289): error TS1127: Invalid character.
src/services/firebaseService.ts(1,25290): error TS1127: Invalid character.
src/services/firebaseService.ts(1,25291): error TS1127: Invalid character.
src/services/firebaseService.ts(1,25292): error TS1127: Invalid character.
src/services/firebaseService.ts(1,25293): error TS1127: Invalid character.
src/services/firebaseService.ts(1,25294): error TS1127: Invalid character.
src/services/firebaseService.ts(1,25295): error TS1127: Invalid character.
src/services/firebaseService.ts(1,25296): error TS1127: Invalid character.
src/services/firebaseService.ts(1,25297): error TS1127: Invalid character.
src/services/firebaseService.ts(1,25298): error TS1127: Invalid character.
src/services/firebaseService.ts(1,25299): error TS1127: Invalid character.
src/services/firebaseService.ts(1,25300): error TS1127: Invalid character.
src/services/firebaseService.ts(1,25301): error TS1127: Invalid character.
src/services/firebaseService.ts(1,25302): error TS1127: Invalid character.
src/services/firebaseService.ts(1,25303): error TS1127: Invalid character.
src/services/firebaseService.ts(1,25304): error TS1127: Invalid character.
src/services/firebaseService.ts(1,25305): error TS1127: Invalid character.
src/services/firebaseService.ts(1,25306): error TS1127: Invalid character.
src/services/firebaseService.ts(1,25307): error TS1127: Invalid character.
src/services/firebaseService.ts(1,25308): error TS1127: Invalid character.
src/services/firebaseService.ts(1,25309): error TS1127: Invalid character.
src/services/firebaseService.ts(1,25310): error TS1127: Invalid character.
src/services/firebaseService.ts(1,25311): error TS1127: Invalid character.
src/services/firebaseService.ts(1,25312): error TS1127: Invalid character.
src/services/firebaseService.ts(1,25313): error TS1127: Invalid character.
src/services/firebaseService.ts(1,25314): error TS1127: Invalid character.
src/services/firebaseService.ts(1,25315): error TS1127: Invalid character.
src/services/firebaseService.ts(1,25316): error TS1127: Invalid character.
src/services/firebaseService.ts(1,25317): error TS1127: Invalid character.
src/services/firebaseService.ts(1,25318): error TS1127: Invalid character.
src/services/firebaseService.ts(1,25319): error TS1127: Invalid character.
src/services/firebaseService.ts(1,25320): error TS1127: Invalid character.
src/services/firebaseService.ts(1,25321): error TS1127: Invalid character.
src/services/firebaseService.ts(1,25322): error TS1127: Invalid character.
src/services/firebaseService.ts(1,25323): error TS1127: Invalid character.
src/services/firebaseService.ts(1,25324): error TS1127: Invalid character.
src/services/firebaseService.ts(1,25325): error TS1127: Invalid character.
src/services/firebaseService.ts(1,25326): error TS1127: Invalid character.
src/services/firebaseService.ts(1,25327): error TS1127: Invalid character.
src/services/firebaseService.ts(1,25328): error TS1127: Invalid character.
src/services/firebaseService.ts(1,25329): error TS1127: Invalid character.
src/services/firebaseService.ts(1,25330): error TS1127: Invalid character.
src/services/firebaseService.ts(1,25331): error TS1127: Invalid character.
src/services/firebaseService.ts(1,25332): error TS1127: Invalid character.
src/services/firebaseService.ts(1,25333): error TS1127: Invalid character.
src/services/firebaseService.ts(1,25334): error TS1127: Invalid character.
src/services/firebaseService.ts(1,25335): error TS1127: Invalid character.
src/services/firebaseService.ts(1,25336): error TS1127: Invalid character.
src/services/firebaseService.ts(1,25337): error TS1127: Invalid character.
src/services/firebaseService.ts(1,25338): error TS1127: Invalid character.
src/services/firebaseService.ts(1,25339): error TS1127: Invalid character.
src/services/firebaseService.ts(1,25340): error TS1127: Invalid character.
src/services/firebaseService.ts(1,25341): error TS1127: Invalid character.
src/services/firebaseService.ts(1,25342): error TS1127: Invalid character.
src/services/firebaseService.ts(1,25343): error TS1127: Invalid character.
src/services/firebaseService.ts(1,25344): error TS1127: Invalid character.
src/services/firebaseService.ts(1,25345): error TS1127: Invalid character.
src/services/firebaseService.ts(1,25346): error TS1127: Invalid character.
src/services/firebaseService.ts(1,25347): error TS1127: Invalid character.
src/services/firebaseService.ts(1,25348): error TS1127: Invalid character.
src/services/firebaseService.ts(1,25349): error TS1127: Invalid character.
src/services/firebaseService.ts(1,25350): error TS1127: Invalid character.
src/services/firebaseService.ts(1,25351): error TS1127: Invalid character.
src/services/firebaseService.ts(1,25352): error TS1127: Invalid character.
src/services/firebaseService.ts(1,25353): error TS1127: Invalid character.
src/services/firebaseService.ts(1,25354): error TS1127: Invalid character.
src/services/firebaseService.ts(1,25355): error TS1127: Invalid character.
src/services/firebaseService.ts(1,25356): error TS1127: Invalid character.
src/services/firebaseService.ts(1,25357): error TS1127: Invalid character.
src/services/firebaseService.ts(1,25358): error TS1127: Invalid character.
src/services/firebaseService.ts(1,25359): error TS1127: Invalid character.
src/services/firebaseService.ts(1,25360): error TS1127: Invalid character.
src/services/firebaseService.ts(1,25361): error TS1127: Invalid character.
src/services/firebaseService.ts(1,25362): error TS1127: Invalid character.
src/services/firebaseService.ts(1,25363): error TS1127: Invalid character.
src/services/firebaseService.ts(1,25364): error TS1127: Invalid character.
src/services/firebaseService.ts(1,25365): error TS1127: Invalid character.
src/services/firebaseService.ts(1,25366): error TS1127: Invalid character.
src/services/firebaseService.ts(1,25367): error TS1127: Invalid character.
src/services/firebaseService.ts(1,25368): error TS1127: Invalid character.
src/services/firebaseService.ts(1,25369): error TS1127: Invalid character.
src/services/firebaseService.ts(1,25370): error TS1127: Invalid character.
src/services/firebaseService.ts(1,25371): error TS1127: Invalid character.
src/services/firebaseService.ts(1,25372): error TS1127: Invalid character.
src/services/firebaseService.ts(1,25373): error TS1127: Invalid character.
src/services/firebaseService.ts(1,25374): error TS1127: Invalid character.
src/services/firebaseService.ts(1,25375): error TS1127: Invalid character.
src/services/firebaseService.ts(1,25376): error TS1127: Invalid character.
src/services/firebaseService.ts(1,25377): error TS1127: Invalid character.
src/services/firebaseService.ts(1,25378): error TS1127: Invalid character.
src/services/firebaseService.ts(1,25379): error TS1127: Invalid character.
src/services/firebaseService.ts(1,25380): error TS1127: Invalid character.
src/services/firebaseService.ts(1,25381): error TS1127: Invalid character.
src/services/firebaseService.ts(1,25382): error TS1127: Invalid character.
src/services/firebaseService.ts(1,25383): error TS1127: Invalid character.
src/services/firebaseService.ts(1,25384): error TS1127: Invalid character.
src/services/firebaseService.ts(1,25385): error TS1127: Invalid character.
src/services/firebaseService.ts(1,25386): error TS1127: Invalid character.
src/services/firebaseService.ts(1,25387): error TS1127: Invalid character.
src/services/firebaseService.ts(1,25388): error TS1127: Invalid character.
src/services/firebaseService.ts(1,25389): error TS1127: Invalid character.
src/services/firebaseService.ts(1,25390): error TS1127: Invalid character.
src/services/firebaseService.ts(1,25391): error TS1127: Invalid character.
src/services/firebaseService.ts(1,25392): error TS1127: Invalid character.
src/services/firebaseService.ts(1,25393): error TS1127: Invalid character.
src/services/firebaseService.ts(1,25394): error TS1127: Invalid character.
src/services/firebaseService.ts(1,25395): error TS1127: Invalid character.
src/services/firebaseService.ts(1,25396): error TS1127: Invalid character.
src/services/firebaseService.ts(1,25397): error TS1127: Invalid character.
src/services/firebaseService.ts(1,25398): error TS1127: Invalid character.
src/services/firebaseService.ts(1,25399): error TS1127: Invalid character.
src/services/firebaseService.ts(1,25400): error TS1127: Invalid character.
src/services/firebaseService.ts(1,25401): error TS1127: Invalid character.
src/services/firebaseService.ts(1,25402): error TS1127: Invalid character.
src/services/firebaseService.ts(1,25403): error TS1127: Invalid character.
src/services/firebaseService.ts(1,25404): error TS1127: Invalid character.
src/services/firebaseService.ts(1,25405): error TS1127: Invalid character.
src/services/firebaseService.ts(1,25406): error TS1127: Invalid character.
src/services/firebaseService.ts(1,25407): error TS1127: Invalid character.
src/services/firebaseService.ts(1,25408): error TS1127: Invalid character.
src/services/firebaseService.ts(1,25409): error TS1127: Invalid character.
src/services/firebaseService.ts(1,25410): error TS1127: Invalid character.
src/services/firebaseService.ts(1,25411): error TS1127: Invalid character.
src/services/firebaseService.ts(1,25412): error TS1127: Invalid character.
src/services/firebaseService.ts(1,25413): error TS1127: Invalid character.
src/services/firebaseService.ts(1,25414): error TS1127: Invalid character.
src/services/firebaseService.ts(1,25415): error TS1127: Invalid character.
src/services/firebaseService.ts(1,25416): error TS1127: Invalid character.
src/services/firebaseService.ts(1,25417): error TS1127: Invalid character.
src/services/firebaseService.ts(1,25418): error TS1127: Invalid character.
src/services/firebaseService.ts(1,25419): error TS1127: Invalid character.
src/services/firebaseService.ts(1,25420): error TS1127: Invalid character.
src/services/firebaseService.ts(1,25421): error TS1127: Invalid character.
src/services/firebaseService.ts(1,25422): error TS1127: Invalid character.
src/services/firebaseService.ts(1,25423): error TS1127: Invalid character.
src/services/firebaseService.ts(1,25424): error TS1127: Invalid character.
src/services/firebaseService.ts(1,25425): error TS1127: Invalid character.
src/services/firebaseService.ts(1,25426): error TS1127: Invalid character.
src/services/firebaseService.ts(1,25427): error TS1127: Invalid character.
src/services/firebaseService.ts(1,25428): error TS1127: Invalid character.
src/services/firebaseService.ts(1,25429): error TS1127: Invalid character.
src/services/firebaseService.ts(1,25430): error TS1127: Invalid character.
src/services/firebaseService.ts(1,25431): error TS1127: Invalid character.
src/services/firebaseService.ts(1,25432): error TS1127: Invalid character.
src/services/firebaseService.ts(1,25433): error TS1127: Invalid character.
src/services/firebaseService.ts(1,25434): error TS1127: Invalid character.
src/services/firebaseService.ts(1,25435): error TS1127: Invalid character.
src/services/firebaseService.ts(1,25436): error TS1127: Invalid character.
src/services/firebaseService.ts(1,25437): error TS1127: Invalid character.
src/services/firebaseService.ts(1,25438): error TS1127: Invalid character.
src/services/firebaseService.ts(1,25439): error TS1127: Invalid character.
src/services/firebaseService.ts(1,25440): error TS1127: Invalid character.
src/services/firebaseService.ts(1,25441): error TS1127: Invalid character.
src/services/firebaseService.ts(1,25442): error TS1127: Invalid character.
src/services/firebaseService.ts(1,25443): error TS1127: Invalid character.
src/services/firebaseService.ts(1,25444): error TS1127: Invalid character.
src/services/firebaseService.ts(1,25445): error TS1127: Invalid character.
src/services/firebaseService.ts(1,25446): error TS1127: Invalid character.
src/services/firebaseService.ts(1,25447): error TS1127: Invalid character.
src/services/firebaseService.ts(1,25448): error TS1127: Invalid character.
src/services/firebaseService.ts(1,25449): error TS1127: Invalid character.
src/services/firebaseService.ts(1,25450): error TS1127: Invalid character.
src/services/firebaseService.ts(1,25451): error TS1127: Invalid character.
src/services/firebaseService.ts(1,25452): error TS1127: Invalid character.
src/services/firebaseService.ts(1,25453): error TS1127: Invalid character.
src/services/firebaseService.ts(1,25454): error TS1127: Invalid character.
src/services/firebaseService.ts(1,25455): error TS1127: Invalid character.
src/services/firebaseService.ts(1,25456): error TS1127: Invalid character.
src/services/firebaseService.ts(1,25457): error TS1127: Invalid character.
src/services/firebaseService.ts(1,25458): error TS1127: Invalid character.
src/services/firebaseService.ts(1,25459): error TS1127: Invalid character.
src/services/firebaseService.ts(1,25460): error TS1127: Invalid character.
src/services/firebaseService.ts(1,25461): error TS1127: Invalid character.
src/services/firebaseService.ts(1,25462): error TS1127: Invalid character.
src/services/firebaseService.ts(1,25463): error TS1127: Invalid character.
src/services/firebaseService.ts(1,25464): error TS1127: Invalid character.
src/services/firebaseService.ts(1,25465): error TS1127: Invalid character.
src/services/firebaseService.ts(1,25466): error TS1127: Invalid character.
src/services/firebaseService.ts(1,25467): error TS1127: Invalid character.
src/services/firebaseService.ts(1,25468): error TS1127: Invalid character.
src/services/firebaseService.ts(1,25469): error TS1127: Invalid character.
src/services/firebaseService.ts(1,25470): error TS1127: Invalid character.
src/services/firebaseService.ts(1,25471): error TS1127: Invalid character.
src/services/firebaseService.ts(1,25472): error TS1127: Invalid character.
src/services/firebaseService.ts(1,25473): error TS1127: Invalid character.
src/services/firebaseService.ts(1,25474): error TS1127: Invalid character.
src/services/firebaseService.ts(1,25475): error TS1127: Invalid character.
src/services/firebaseService.ts(1,25476): error TS1127: Invalid character.
src/services/firebaseService.ts(1,25477): error TS1127: Invalid character.
src/services/firebaseService.ts(1,25478): error TS1127: Invalid character.
src/services/firebaseService.ts(1,25479): error TS1127: Invalid character.
src/services/firebaseService.ts(1,25480): error TS1127: Invalid character.
src/services/firebaseService.ts(1,25481): error TS1127: Invalid character.
src/services/firebaseService.ts(1,25482): error TS1127: Invalid character.
src/services/firebaseService.ts(1,25483): error TS1127: Invalid character.
src/services/firebaseService.ts(1,25484): error TS1127: Invalid character.
src/services/firebaseService.ts(1,25485): error TS1127: Invalid character.
src/services/firebaseService.ts(1,25486): error TS1127: Invalid character.
src/services/firebaseService.ts(1,25487): error TS1127: Invalid character.
src/services/firebaseService.ts(1,25488): error TS1127: Invalid character.
src/services/firebaseService.ts(1,25489): error TS1127: Invalid character.
src/services/firebaseService.ts(1,25490): error TS1127: Invalid character.
src/services/firebaseService.ts(1,25491): error TS1127: Invalid character.
src/services/firebaseService.ts(1,25492): error TS1127: Invalid character.
src/services/firebaseService.ts(1,25493): error TS1127: Invalid character.
src/services/firebaseService.ts(1,25494): error TS1127: Invalid character.
src/services/firebaseService.ts(1,25495): error TS1127: Invalid character.
src/services/firebaseService.ts(1,25496): error TS1127: Invalid character.
src/services/firebaseService.ts(1,25497): error TS1127: Invalid character.
src/services/firebaseService.ts(1,25498): error TS1127: Invalid character.
src/services/firebaseService.ts(1,25499): error TS1127: Invalid character.
src/services/firebaseService.ts(1,25500): error TS1127: Invalid character.
src/services/firebaseService.ts(1,25501): error TS1127: Invalid character.
src/services/firebaseService.ts(1,25502): error TS1127: Invalid character.
src/services/firebaseService.ts(1,25503): error TS1127: Invalid character.
src/services/firebaseService.ts(1,25504): error TS1127: Invalid character.
src/services/firebaseService.ts(1,25505): error TS1127: Invalid character.
src/services/firebaseService.ts(1,25506): error TS1127: Invalid character.
src/services/firebaseService.ts(1,25507): error TS1127: Invalid character.
src/services/firebaseService.ts(1,25508): error TS1127: Invalid character.
src/services/firebaseService.ts(1,25509): error TS1127: Invalid character.
src/services/firebaseService.ts(1,25510): error TS1127: Invalid character.
src/services/firebaseService.ts(1,25511): error TS1127: Invalid character.
src/services/firebaseService.ts(1,25512): error TS1127: Invalid character.
src/services/firebaseService.ts(1,25513): error TS1127: Invalid character.
src/services/firebaseService.ts(1,25514): error TS1127: Invalid character.
src/services/firebaseService.ts(1,25515): error TS1127: Invalid character.
src/services/firebaseService.ts(1,25516): error TS1127: Invalid character.
src/services/firebaseService.ts(1,25517): error TS1127: Invalid character.
src/services/firebaseService.ts(1,25518): error TS1127: Invalid character.
src/services/firebaseService.ts(1,25519): error TS1127: Invalid character.
src/services/firebaseService.ts(1,25520): error TS1127: Invalid character.
src/services/firebaseService.ts(1,25521): error TS1127: Invalid character.
src/services/firebaseService.ts(1,25522): error TS1127: Invalid character.
src/services/firebaseService.ts(1,25523): error TS1127: Invalid character.
src/services/firebaseService.ts(1,25524): error TS1127: Invalid character.
src/services/firebaseService.ts(1,25525): error TS1127: Invalid character.
src/services/firebaseService.ts(1,25526): error TS1127: Invalid character.
src/services/firebaseService.ts(1,25527): error TS1127: Invalid character.
src/services/firebaseService.ts(1,25528): error TS1127: Invalid character.
src/services/firebaseService.ts(1,25529): error TS1127: Invalid character.
src/services/firebaseService.ts(1,25530): error TS1127: Invalid character.
src/services/firebaseService.ts(1,25531): error TS1127: Invalid character.
src/services/firebaseService.ts(1,25532): error TS1127: Invalid character.
src/services/firebaseService.ts(1,25533): error TS1127: Invalid character.
src/services/firebaseService.ts(1,25534): error TS1127: Invalid character.
src/services/firebaseService.ts(1,25535): error TS1127: Invalid character.
src/services/firebaseService.ts(1,25536): error TS1127: Invalid character.
src/services/firebaseService.ts(1,25537): error TS1127: Invalid character.
src/services/firebaseService.ts(1,25538): error TS1127: Invalid character.
src/services/firebaseService.ts(1,25539): error TS1127: Invalid character.
src/services/firebaseService.ts(1,25540): error TS1127: Invalid character.
src/services/firebaseService.ts(1,25541): error TS1127: Invalid character.
src/services/firebaseService.ts(1,25542): error TS1127: Invalid character.
src/services/firebaseService.ts(1,25543): error TS1127: Invalid character.
src/services/firebaseService.ts(1,25544): error TS1127: Invalid character.
src/services/firebaseService.ts(1,25545): error TS1127: Invalid character.
src/services/firebaseService.ts(1,25546): error TS1127: Invalid character.
src/services/firebaseService.ts(1,25547): error TS1127: Invalid character.
src/services/firebaseService.ts(1,25548): error TS1127: Invalid character.
src/services/firebaseService.ts(1,25549): error TS1127: Invalid character.
src/services/firebaseService.ts(1,25550): error TS1127: Invalid character.
src/services/firebaseService.ts(1,25551): error TS1127: Invalid character.
src/services/firebaseService.ts(1,25552): error TS1127: Invalid character.
src/services/firebaseService.ts(1,25553): error TS1127: Invalid character.
src/services/firebaseService.ts(1,25554): error TS1127: Invalid character.
src/services/firebaseService.ts(1,25555): error TS1127: Invalid character.
src/services/firebaseService.ts(1,25556): error TS1127: Invalid character.
src/services/firebaseService.ts(1,25557): error TS1127: Invalid character.
src/services/firebaseService.ts(1,25558): error TS1127: Invalid character.
src/services/firebaseService.ts(1,25559): error TS1127: Invalid character.
src/services/firebaseService.ts(1,25560): error TS1127: Invalid character.
src/services/firebaseService.ts(1,25561): error TS1127: Invalid character.
src/services/firebaseService.ts(1,25562): error TS1127: Invalid character.
src/services/firebaseService.ts(1,25563): error TS1127: Invalid character.
src/services/firebaseService.ts(1,25564): error TS1127: Invalid character.
src/services/firebaseService.ts(1,25565): error TS1127: Invalid character.
src/services/firebaseService.ts(1,25566): error TS1127: Invalid character.
src/services/firebaseService.ts(1,25567): error TS1127: Invalid character.
src/services/firebaseService.ts(1,25568): error TS1127: Invalid character.
src/services/firebaseService.ts(1,25569): error TS1127: Invalid character.
src/services/firebaseService.ts(1,25570): error TS1127: Invalid character.
src/services/firebaseService.ts(1,25571): error TS1127: Invalid character.
src/services/firebaseService.ts(1,25572): error TS1127: Invalid character.
src/services/firebaseService.ts(1,25573): error TS1127: Invalid character.
src/services/firebaseService.ts(1,25574): error TS1127: Invalid character.
src/services/firebaseService.ts(1,25575): error TS1127: Invalid character.
src/services/firebaseService.ts(1,25576): error TS1127: Invalid character.
src/services/firebaseService.ts(1,25577): error TS1127: Invalid character.
src/services/firebaseService.ts(1,25578): error TS1127: Invalid character.
src/services/firebaseService.ts(1,25579): error TS1127: Invalid character.
src/services/firebaseService.ts(1,25580): error TS1127: Invalid character.
src/services/firebaseService.ts(1,25581): error TS1127: Invalid character.
src/services/firebaseService.ts(1,25582): error TS1127: Invalid character.
src/services/firebaseService.ts(1,25583): error TS1127: Invalid character.
src/services/firebaseService.ts(1,25584): error TS1127: Invalid character.
src/services/firebaseService.ts(1,25585): error TS1127: Invalid character.
src/services/firebaseService.ts(1,25586): error TS1127: Invalid character.
src/services/firebaseService.ts(1,25587): error TS1127: Invalid character.
src/services/firebaseService.ts(1,25588): error TS1127: Invalid character.
src/services/firebaseService.ts(1,25589): error TS1127: Invalid character.
src/services/firebaseService.ts(1,25590): error TS1127: Invalid character.
src/services/firebaseService.ts(1,25591): error TS1127: Invalid character.
src/services/firebaseService.ts(1,25592): error TS1127: Invalid character.
src/services/firebaseService.ts(1,25593): error TS1127: Invalid character.
src/services/firebaseService.ts(1,25594): error TS1127: Invalid character.
src/services/firebaseService.ts(1,25595): error TS1127: Invalid character.
src/services/firebaseService.ts(1,25596): error TS1127: Invalid character.
src/services/firebaseService.ts(1,25597): error TS1127: Invalid character.
src/services/firebaseService.ts(1,25598): error TS1127: Invalid character.
src/services/firebaseService.ts(1,25599): error TS1127: Invalid character.
src/services/firebaseService.ts(1,25600): error TS1127: Invalid character.
src/services/firebaseService.ts(1,25601): error TS1127: Invalid character.
src/services/firebaseService.ts(1,25602): error TS1127: Invalid character.
src/services/firebaseService.ts(1,25603): error TS1127: Invalid character.
src/services/firebaseService.ts(1,25604): error TS1127: Invalid character.
src/services/firebaseService.ts(1,25605): error TS1127: Invalid character.
src/services/firebaseService.ts(1,25606): error TS1127: Invalid character.
src/services/firebaseService.ts(1,25607): error TS1127: Invalid character.
src/services/firebaseService.ts(1,25608): error TS1127: Invalid character.
src/services/firebaseService.ts(1,25609): error TS1127: Invalid character.
src/services/firebaseService.ts(1,25610): error TS1127: Invalid character.
src/services/firebaseService.ts(1,25611): error TS1127: Invalid character.
src/services/firebaseService.ts(1,25612): error TS1127: Invalid character.
src/services/firebaseService.ts(1,25613): error TS1127: Invalid character.
src/services/firebaseService.ts(1,25614): error TS1127: Invalid character.
src/services/firebaseService.ts(1,25615): error TS1127: Invalid character.
src/services/firebaseService.ts(1,25616): error TS1127: Invalid character.
src/services/firebaseService.ts(1,25617): error TS1127: Invalid character.
src/services/firebaseService.ts(1,25618): error TS1127: Invalid character.
src/services/firebaseService.ts(1,25619): error TS1127: Invalid character.
src/services/firebaseService.ts(1,25620): error TS1127: Invalid character.
src/services/firebaseService.ts(1,25621): error TS1127: Invalid character.
src/services/firebaseService.ts(1,25622): error TS1127: Invalid character.
src/services/firebaseService.ts(1,25623): error TS1127: Invalid character.
src/services/firebaseService.ts(1,25624): error TS1127: Invalid character.
src/services/firebaseService.ts(1,25625): error TS1127: Invalid character.
src/services/firebaseService.ts(1,25626): error TS1127: Invalid character.
src/services/firebaseService.ts(1,25627): error TS1127: Invalid character.
src/services/firebaseService.ts(1,25628): error TS1127: Invalid character.
src/services/firebaseService.ts(1,25629): error TS1127: Invalid character.
src/services/firebaseService.ts(1,25630): error TS1127: Invalid character.
src/services/firebaseService.ts(1,25631): error TS1127: Invalid character.
src/services/firebaseService.ts(1,25632): error TS1127: Invalid character.
src/services/firebaseService.ts(1,25633): error TS1127: Invalid character.
src/services/firebaseService.ts(1,25634): error TS1127: Invalid character.
src/services/firebaseService.ts(1,25635): error TS1127: Invalid character.
src/services/firebaseService.ts(1,25636): error TS1127: Invalid character.
src/services/firebaseService.ts(1,25637): error TS1127: Invalid character.
src/services/firebaseService.ts(1,25638): error TS1127: Invalid character.
src/services/firebaseService.ts(1,25639): error TS1127: Invalid character.
src/services/firebaseService.ts(1,25640): error TS1127: Invalid character.
src/services/firebaseService.ts(1,25641): error TS1127: Invalid character.
src/services/firebaseService.ts(1,25642): error TS1127: Invalid character.
src/services/firebaseService.ts(1,25643): error TS1127: Invalid character.
src/services/firebaseService.ts(1,25644): error TS1127: Invalid character.
src/services/firebaseService.ts(1,25645): error TS1127: Invalid character.
src/services/firebaseService.ts(1,25646): error TS1127: Invalid character.
src/services/firebaseService.ts(1,25647): error TS1127: Invalid character.
src/services/firebaseService.ts(1,25648): error TS1127: Invalid character.
src/services/firebaseService.ts(1,25649): error TS1127: Invalid character.
src/services/firebaseService.ts(1,25650): error TS1127: Invalid character.
src/services/firebaseService.ts(1,25651): error TS1127: Invalid character.
src/services/firebaseService.ts(1,25652): error TS1127: Invalid character.
src/services/firebaseService.ts(1,25653): error TS1127: Invalid character.
src/services/firebaseService.ts(1,25654): error TS1127: Invalid character.
src/services/firebaseService.ts(1,25655): error TS1127: Invalid character.
src/services/firebaseService.ts(1,25656): error TS1127: Invalid character.
src/services/firebaseService.ts(1,25657): error TS1127: Invalid character.
src/services/firebaseService.ts(1,25658): error TS1127: Invalid character.
src/services/firebaseService.ts(1,25659): error TS1127: Invalid character.
src/services/firebaseService.ts(1,25660): error TS1127: Invalid character.
src/services/firebaseService.ts(1,25661): error TS1127: Invalid character.
src/services/firebaseService.ts(1,25662): error TS1127: Invalid character.
src/services/firebaseService.ts(1,25663): error TS1127: Invalid character.
src/services/firebaseService.ts(1,25664): error TS1127: Invalid character.
src/services/firebaseService.ts(1,25665): error TS1127: Invalid character.
src/services/firebaseService.ts(1,25666): error TS1127: Invalid character.
src/services/firebaseService.ts(1,25667): error TS1127: Invalid character.
src/services/firebaseService.ts(1,25668): error TS1127: Invalid character.
src/services/firebaseService.ts(1,25669): error TS1127: Invalid character.
src/services/firebaseService.ts(1,25670): error TS1127: Invalid character.
src/services/firebaseService.ts(1,25671): error TS1127: Invalid character.
src/services/firebaseService.ts(1,25672): error TS1127: Invalid character.
src/services/firebaseService.ts(1,25673): error TS1127: Invalid character.
src/services/firebaseService.ts(1,25674): error TS1127: Invalid character.
src/services/firebaseService.ts(1,25675): error TS1127: Invalid character.
src/services/firebaseService.ts(1,25676): error TS1127: Invalid character.
src/services/firebaseService.ts(1,25677): error TS1127: Invalid character.
src/services/firebaseService.ts(1,25678): error TS1127: Invalid character.
src/services/firebaseService.ts(1,25679): error TS1127: Invalid character.
src/services/firebaseService.ts(1,25680): error TS1127: Invalid character.
src/services/firebaseService.ts(1,25681): error TS1127: Invalid character.
src/services/firebaseService.ts(1,25682): error TS1127: Invalid character.
src/services/firebaseService.ts(1,25683): error TS1127: Invalid character.
src/services/firebaseService.ts(1,25684): error TS1127: Invalid character.
src/services/firebaseService.ts(1,25685): error TS1127: Invalid character.
src/services/firebaseService.ts(1,25686): error TS1127: Invalid character.
src/services/firebaseService.ts(1,25687): error TS1127: Invalid character.
src/services/firebaseService.ts(1,25688): error TS1127: Invalid character.
src/services/firebaseService.ts(1,25689): error TS1127: Invalid character.
src/services/firebaseService.ts(1,25690): error TS1127: Invalid character.
src/services/firebaseService.ts(1,25691): error TS1127: Invalid character.
src/services/firebaseService.ts(1,25692): error TS1127: Invalid character.
src/services/firebaseService.ts(1,25693): error TS1127: Invalid character.
src/services/firebaseService.ts(1,25694): error TS1127: Invalid character.
src/services/firebaseService.ts(1,25695): error TS1127: Invalid character.
src/services/firebaseService.ts(1,25696): error TS1127: Invalid character.
src/services/firebaseService.ts(1,25697): error TS1127: Invalid character.
src/services/firebaseService.ts(1,25698): error TS1127: Invalid character.
src/services/firebaseService.ts(1,25699): error TS1127: Invalid character.
src/services/firebaseService.ts(1,25700): error TS1127: Invalid character.
src/services/firebaseService.ts(1,25701): error TS1127: Invalid character.
src/services/firebaseService.ts(1,25702): error TS1127: Invalid character.
src/services/firebaseService.ts(1,25703): error TS1127: Invalid character.
src/services/firebaseService.ts(1,25704): error TS1127: Invalid character.
src/services/firebaseService.ts(1,25705): error TS1127: Invalid character.
src/services/firebaseService.ts(1,25706): error TS1127: Invalid character.
src/services/firebaseService.ts(1,25707): error TS1127: Invalid character.
src/services/firebaseService.ts(1,25708): error TS1127: Invalid character.
src/services/firebaseService.ts(1,25709): error TS1127: Invalid character.
src/services/firebaseService.ts(1,25710): error TS1127: Invalid character.
src/services/firebaseService.ts(1,25711): error TS1127: Invalid character.
src/services/firebaseService.ts(1,25712): error TS1127: Invalid character.
src/services/firebaseService.ts(1,25713): error TS1127: Invalid character.
src/services/firebaseService.ts(1,25714): error TS1127: Invalid character.
src/services/firebaseService.ts(1,25715): error TS1127: Invalid character.
src/services/firebaseService.ts(1,25716): error TS1127: Invalid character.
src/services/firebaseService.ts(1,25717): error TS1127: Invalid character.
src/services/firebaseService.ts(1,25718): error TS1127: Invalid character.
src/services/firebaseService.ts(1,25719): error TS1127: Invalid character.
src/services/firebaseService.ts(1,25720): error TS1127: Invalid character.
src/services/firebaseService.ts(1,25721): error TS1127: Invalid character.
src/services/firebaseService.ts(1,25722): error TS1127: Invalid character.
src/services/firebaseService.ts(1,25723): error TS1127: Invalid character.
src/services/firebaseService.ts(1,25724): error TS1127: Invalid character.
src/services/firebaseService.ts(1,25725): error TS1127: Invalid character.
src/services/firebaseService.ts(1,25726): error TS1127: Invalid character.
src/services/firebaseService.ts(1,25727): error TS1127: Invalid character.
src/services/firebaseService.ts(1,25728): error TS1127: Invalid character.
src/services/firebaseService.ts(1,25729): error TS1127: Invalid character.
src/services/firebaseService.ts(1,25730): error TS1127: Invalid character.
src/services/firebaseService.ts(1,25731): error TS1127: Invalid character.
src/services/firebaseService.ts(1,25732): error TS1127: Invalid character.
src/services/firebaseService.ts(1,25733): error TS1127: Invalid character.
src/services/firebaseService.ts(1,25734): error TS1127: Invalid character.
src/services/firebaseService.ts(1,25735): error TS1127: Invalid character.
src/services/firebaseService.ts(1,25736): error TS1127: Invalid character.
src/services/firebaseService.ts(1,25737): error TS1127: Invalid character.
src/services/firebaseService.ts(1,25738): error TS1127: Invalid character.
src/services/firebaseService.ts(1,25739): error TS1127: Invalid character.
src/services/firebaseService.ts(1,25740): error TS1127: Invalid character.
src/services/firebaseService.ts(1,25741): error TS1127: Invalid character.
src/services/firebaseService.ts(1,25742): error TS1127: Invalid character.
src/services/firebaseService.ts(1,25743): error TS1127: Invalid character.
src/services/firebaseService.ts(1,25744): error TS1127: Invalid character.
src/services/firebaseService.ts(1,25745): error TS1127: Invalid character.
src/services/firebaseService.ts(1,25746): error TS1127: Invalid character.
src/services/firebaseService.ts(1,25747): error TS1127: Invalid character.
src/services/firebaseService.ts(1,25748): error TS1127: Invalid character.
src/services/firebaseService.ts(1,25749): error TS1127: Invalid character.
src/services/firebaseService.ts(1,25750): error TS1127: Invalid character.
src/services/firebaseService.ts(1,25751): error TS1127: Invalid character.
src/services/firebaseService.ts(1,25752): error TS1127: Invalid character.
src/services/firebaseService.ts(1,25753): error TS1127: Invalid character.
src/services/firebaseService.ts(1,25754): error TS1127: Invalid character.
src/services/firebaseService.ts(1,25755): error TS1127: Invalid character.
src/services/firebaseService.ts(1,25756): error TS1127: Invalid character.
src/services/firebaseService.ts(1,25757): error TS1127: Invalid character.
src/services/firebaseService.ts(1,25758): error TS1127: Invalid character.
src/services/firebaseService.ts(1,25759): error TS1127: Invalid character.
src/services/firebaseService.ts(1,25760): error TS1127: Invalid character.
src/services/firebaseService.ts(1,25761): error TS1127: Invalid character.
src/services/firebaseService.ts(1,25762): error TS1127: Invalid character.
src/services/firebaseService.ts(1,25763): error TS1127: Invalid character.
src/services/firebaseService.ts(1,25764): error TS1127: Invalid character.
src/services/firebaseService.ts(1,25765): error TS1127: Invalid character.
src/services/firebaseService.ts(1,25766): error TS1127: Invalid character.
src/services/firebaseService.ts(1,25767): error TS1127: Invalid character.
src/services/firebaseService.ts(1,25768): error TS1127: Invalid character.
src/services/firebaseService.ts(1,25769): error TS1127: Invalid character.
src/services/firebaseService.ts(1,25770): error TS1127: Invalid character.
src/services/firebaseService.ts(1,25771): error TS1127: Invalid character.
src/services/firebaseService.ts(1,25772): error TS1127: Invalid character.
src/services/firebaseService.ts(1,25773): error TS1127: Invalid character.
src/services/firebaseService.ts(1,25774): error TS1127: Invalid character.
src/services/firebaseService.ts(1,25775): error TS1127: Invalid character.
src/services/firebaseService.ts(1,25776): error TS1127: Invalid character.
src/services/firebaseService.ts(1,25777): error TS1127: Invalid character.
src/services/firebaseService.ts(1,25778): error TS1127: Invalid character.
src/services/firebaseService.ts(1,25779): error TS1127: Invalid character.
src/services/firebaseService.ts(1,25780): error TS1127: Invalid character.
src/services/firebaseService.ts(1,25781): error TS1127: Invalid character.
src/services/firebaseService.ts(1,25782): error TS1127: Invalid character.
src/services/firebaseService.ts(1,25783): error TS1127: Invalid character.
src/services/firebaseService.ts(1,25784): error TS1127: Invalid character.
src/services/firebaseService.ts(1,25785): error TS1127: Invalid character.
src/services/firebaseService.ts(1,25786): error TS1127: Invalid character.
src/services/firebaseService.ts(1,25787): error TS1127: Invalid character.
src/services/firebaseService.ts(1,25788): error TS1127: Invalid character.
src/services/firebaseService.ts(1,25789): error TS1127: Invalid character.
src/services/firebaseService.ts(1,25790): error TS1127: Invalid character.
src/services/firebaseService.ts(1,25791): error TS1127: Invalid character.
src/services/firebaseService.ts(1,25792): error TS1127: Invalid character.
src/services/firebaseService.ts(1,25793): error TS1127: Invalid character.
src/services/firebaseService.ts(1,25794): error TS1127: Invalid character.
src/services/firebaseService.ts(1,25795): error TS1127: Invalid character.
src/services/firebaseService.ts(1,25796): error TS1127: Invalid character.
src/services/firebaseService.ts(1,25797): error TS1127: Invalid character.
src/services/firebaseService.ts(1,25798): error TS1127: Invalid character.
src/services/firebaseService.ts(1,25799): error TS1127: Invalid character.
src/services/firebaseService.ts(1,25800): error TS1127: Invalid character.
src/services/firebaseService.ts(1,25801): error TS1127: Invalid character.
src/services/firebaseService.ts(1,25802): error TS1127: Invalid character.
src/services/firebaseService.ts(1,25803): error TS1127: Invalid character.
src/services/firebaseService.ts(1,25804): error TS1127: Invalid character.
src/services/firebaseService.ts(1,25805): error TS1127: Invalid character.
src/services/firebaseService.ts(1,25806): error TS1127: Invalid character.
src/services/firebaseService.ts(1,25807): error TS1127: Invalid character.
src/services/firebaseService.ts(1,25808): error TS1127: Invalid character.
src/services/firebaseService.ts(1,25809): error TS1127: Invalid character.
src/services/firebaseService.ts(1,25810): error TS1127: Invalid character.
src/services/firebaseService.ts(1,25811): error TS1127: Invalid character.
src/services/firebaseService.ts(1,25812): error TS1127: Invalid character.
src/services/firebaseService.ts(1,25813): error TS1127: Invalid character.
src/services/firebaseService.ts(1,25814): error TS1127: Invalid character.
src/services/firebaseService.ts(1,25815): error TS1127: Invalid character.
src/services/firebaseService.ts(1,25816): error TS1127: Invalid character.
src/services/firebaseService.ts(1,25817): error TS1127: Invalid character.
src/services/firebaseService.ts(1,25818): error TS1127: Invalid character.
src/services/firebaseService.ts(1,25819): error TS1127: Invalid character.
src/services/firebaseService.ts(1,25820): error TS1127: Invalid character.
src/services/firebaseService.ts(1,25821): error TS1127: Invalid character.
src/services/firebaseService.ts(1,25822): error TS1127: Invalid character.
src/services/firebaseService.ts(1,25823): error TS1127: Invalid character.
src/services/firebaseService.ts(1,25824): error TS1127: Invalid character.
src/services/firebaseService.ts(1,25825): error TS1127: Invalid character.
src/services/firebaseService.ts(1,25826): error TS1127: Invalid character.
src/services/firebaseService.ts(1,25827): error TS1127: Invalid character.
src/services/firebaseService.ts(1,25828): error TS1127: Invalid character.
src/services/firebaseService.ts(1,25829): error TS1127: Invalid character.
src/services/firebaseService.ts(1,25830): error TS1127: Invalid character.
src/services/firebaseService.ts(1,25831): error TS1127: Invalid character.
src/services/firebaseService.ts(1,25832): error TS1127: Invalid character.
src/services/firebaseService.ts(1,25833): error TS1127: Invalid character.
src/services/firebaseService.ts(1,25834): error TS1127: Invalid character.
src/services/firebaseService.ts(1,25835): error TS1127: Invalid character.
src/services/firebaseService.ts(1,25836): error TS1127: Invalid character.
src/services/firebaseService.ts(1,25837): error TS1127: Invalid character.
src/services/firebaseService.ts(1,25838): error TS1127: Invalid character.
src/services/firebaseService.ts(1,25839): error TS1127: Invalid character.
src/services/firebaseService.ts(1,25840): error TS1127: Invalid character.
src/services/firebaseService.ts(1,25841): error TS1127: Invalid character.
src/services/firebaseService.ts(1,25842): error TS1127: Invalid character.
src/services/firebaseService.ts(1,25843): error TS1127: Invalid character.
src/services/firebaseService.ts(1,25844): error TS1127: Invalid character.
src/services/firebaseService.ts(1,25845): error TS1127: Invalid character.
src/services/firebaseService.ts(1,25846): error TS1127: Invalid character.
src/services/firebaseService.ts(1,25847): error TS1127: Invalid character.
src/services/firebaseService.ts(1,25848): error TS1127: Invalid character.
src/services/firebaseService.ts(1,25849): error TS1127: Invalid character.
src/services/firebaseService.ts(1,25850): error TS1127: Invalid character.
src/services/firebaseService.ts(1,25851): error TS1127: Invalid character.
src/services/firebaseService.ts(1,25852): error TS1127: Invalid character.
src/services/firebaseService.ts(1,25853): error TS1127: Invalid character.
src/services/firebaseService.ts(1,25854): error TS1127: Invalid character.
src/services/firebaseService.ts(1,25855): error TS1127: Invalid character.
src/services/firebaseService.ts(1,25856): error TS1127: Invalid character.
src/services/firebaseService.ts(1,25857): error TS1127: Invalid character.
src/services/firebaseService.ts(1,25858): error TS1127: Invalid character.
src/services/firebaseService.ts(1,25859): error TS1127: Invalid character.
src/services/firebaseService.ts(1,25860): error TS1127: Invalid character.
src/services/firebaseService.ts(1,25861): error TS1127: Invalid character.
src/services/firebaseService.ts(1,25862): error TS1127: Invalid character.
src/services/firebaseService.ts(1,25863): error TS1127: Invalid character.
src/services/firebaseService.ts(1,25864): error TS1127: Invalid character.
src/services/firebaseService.ts(1,25865): error TS1127: Invalid character.
src/services/firebaseService.ts(1,25866): error TS1127: Invalid character.
src/services/firebaseService.ts(1,25867): error TS1127: Invalid character.
src/services/firebaseService.ts(1,25868): error TS1127: Invalid character.
src/services/firebaseService.ts(1,25869): error TS1127: Invalid character.
src/services/firebaseService.ts(1,25870): error TS1127: Invalid character.
src/services/firebaseService.ts(1,25871): error TS1127: Invalid character.
src/services/firebaseService.ts(1,25872): error TS1127: Invalid character.
src/services/firebaseService.ts(1,25873): error TS1127: Invalid character.
src/services/firebaseService.ts(1,25874): error TS1127: Invalid character.
src/services/firebaseService.ts(1,25875): error TS1127: Invalid character.
src/services/firebaseService.ts(1,25876): error TS1127: Invalid character.
src/services/firebaseService.ts(1,25877): error TS1127: Invalid character.
src/services/firebaseService.ts(1,25878): error TS1127: Invalid character.
src/services/firebaseService.ts(1,25879): error TS1127: Invalid character.
src/services/firebaseService.ts(1,25880): error TS1127: Invalid character.
src/services/firebaseService.ts(1,25881): error TS1127: Invalid character.
src/services/firebaseService.ts(1,25882): error TS1127: Invalid character.
src/services/firebaseService.ts(1,25883): error TS1127: Invalid character.
src/services/firebaseService.ts(1,25884): error TS1127: Invalid character.
src/services/firebaseService.ts(1,25885): error TS1127: Invalid character.
src/services/firebaseService.ts(1,25886): error TS1127: Invalid character.
src/services/firebaseService.ts(1,25887): error TS1127: Invalid character.
src/services/firebaseService.ts(1,25888): error TS1127: Invalid character.
src/services/firebaseService.ts(1,25889): error TS1127: Invalid character.
src/services/firebaseService.ts(1,25890): error TS1127: Invalid character.
src/services/firebaseService.ts(1,25891): error TS1127: Invalid character.
src/services/firebaseService.ts(1,25892): error TS1127: Invalid character.
src/services/firebaseService.ts(1,25893): error TS1127: Invalid character.
src/services/firebaseService.ts(1,25894): error TS1127: Invalid character.
src/services/firebaseService.ts(1,25895): error TS1127: Invalid character.
src/services/firebaseService.ts(1,25896): error TS1127: Invalid character.
src/services/firebaseService.ts(1,25897): error TS1127: Invalid character.
src/services/firebaseService.ts(1,25898): error TS1127: Invalid character.
src/services/firebaseService.ts(1,25899): error TS1127: Invalid character.
src/services/firebaseService.ts(1,25900): error TS1127: Invalid character.
src/services/firebaseService.ts(1,25901): error TS1127: Invalid character.
src/services/firebaseService.ts(1,25902): error TS1127: Invalid character.
src/services/firebaseService.ts(1,25903): error TS1127: Invalid character.
src/services/firebaseService.ts(1,25904): error TS1127: Invalid character.
src/services/firebaseService.ts(1,25905): error TS1127: Invalid character.
src/services/firebaseService.ts(1,25906): error TS1127: Invalid character.
src/services/firebaseService.ts(1,25907): error TS1127: Invalid character.
src/services/firebaseService.ts(1,25908): error TS1127: Invalid character.
src/services/firebaseService.ts(1,25909): error TS1127: Invalid character.
src/services/firebaseService.ts(1,25910): error TS1127: Invalid character.
src/services/firebaseService.ts(1,25911): error TS1127: Invalid character.
src/services/firebaseService.ts(1,25912): error TS1127: Invalid character.
src/services/firebaseService.ts(1,25913): error TS1127: Invalid character.
src/services/firebaseService.ts(1,25914): error TS1127: Invalid character.
src/services/firebaseService.ts(1,25915): error TS1127: Invalid character.
src/services/firebaseService.ts(1,25916): error TS1127: Invalid character.
src/services/firebaseService.ts(1,25917): error TS1127: Invalid character.
src/services/firebaseService.ts(1,25918): error TS1127: Invalid character.
src/services/firebaseService.ts(1,25919): error TS1127: Invalid character.
src/services/firebaseService.ts(1,25920): error TS1127: Invalid character.
src/services/firebaseService.ts(1,25921): error TS1127: Invalid character.
src/services/firebaseService.ts(1,25922): error TS1127: Invalid character.
src/services/firebaseService.ts(1,25923): error TS1127: Invalid character.
src/services/firebaseService.ts(1,25924): error TS1127: Invalid character.
src/services/firebaseService.ts(1,25925): error TS1127: Invalid character.
src/services/firebaseService.ts(1,25926): error TS1127: Invalid character.
src/services/firebaseService.ts(1,25927): error TS1127: Invalid character.
src/services/firebaseService.ts(1,25928): error TS1127: Invalid character.
src/services/firebaseService.ts(1,25929): error TS1127: Invalid character.
src/services/firebaseService.ts(1,25930): error TS1127: Invalid character.
src/services/firebaseService.ts(1,25931): error TS1127: Invalid character.
src/services/firebaseService.ts(1,25932): error TS1127: Invalid character.
src/services/firebaseService.ts(1,25933): error TS1127: Invalid character.
src/services/firebaseService.ts(1,25934): error TS1127: Invalid character.
src/services/firebaseService.ts(1,25935): error TS1127: Invalid character.
src/services/firebaseService.ts(1,25936): error TS1127: Invalid character.
src/services/firebaseService.ts(1,25937): error TS1127: Invalid character.
src/services/firebaseService.ts(1,25938): error TS1127: Invalid character.
src/services/firebaseService.ts(1,25939): error TS1127: Invalid character.
src/services/firebaseService.ts(1,25940): error TS1127: Invalid character.
src/services/firebaseService.ts(1,25941): error TS1127: Invalid character.
src/services/firebaseService.ts(1,25942): error TS1127: Invalid character.
src/services/firebaseService.ts(1,25943): error TS1127: Invalid character.
src/services/firebaseService.ts(1,25944): error TS1127: Invalid character.
src/services/firebaseService.ts(1,25945): error TS1127: Invalid character.
src/services/firebaseService.ts(1,25946): error TS1127: Invalid character.
src/services/firebaseService.ts(1,25947): error TS1127: Invalid character.
src/services/firebaseService.ts(1,25948): error TS1127: Invalid character.
src/services/firebaseService.ts(1,25949): error TS1127: Invalid character.
src/services/firebaseService.ts(1,25950): error TS1127: Invalid character.
src/services/firebaseService.ts(1,25951): error TS1127: Invalid character.
src/services/firebaseService.ts(1,25952): error TS1127: Invalid character.
src/services/firebaseService.ts(1,25953): error TS1127: Invalid character.
src/services/firebaseService.ts(1,25954): error TS1127: Invalid character.
src/services/firebaseService.ts(1,25955): error TS1127: Invalid character.
src/services/firebaseService.ts(1,25956): error TS1127: Invalid character.
src/services/firebaseService.ts(1,25957): error TS1127: Invalid character.
src/services/firebaseService.ts(1,25958): error TS1127: Invalid character.
src/services/firebaseService.ts(1,25959): error TS1127: Invalid character.
src/services/firebaseService.ts(1,25960): error TS1127: Invalid character.
src/services/firebaseService.ts(1,25961): error TS1127: Invalid character.
src/services/firebaseService.ts(1,25962): error TS1127: Invalid character.
src/services/firebaseService.ts(1,25963): error TS1127: Invalid character.
src/services/firebaseService.ts(1,25964): error TS1127: Invalid character.
src/services/firebaseService.ts(1,25965): error TS1127: Invalid character.
src/services/firebaseService.ts(1,25966): error TS1127: Invalid character.
src/services/firebaseService.ts(1,25967): error TS1127: Invalid character.
src/services/firebaseService.ts(1,25968): error TS1127: Invalid character.
src/services/firebaseService.ts(1,25969): error TS1127: Invalid character.
src/services/firebaseService.ts(1,25970): error TS1127: Invalid character.
src/services/firebaseService.ts(1,25971): error TS1127: Invalid character.
src/services/firebaseService.ts(1,25972): error TS1127: Invalid character.
src/services/firebaseService.ts(1,25973): error TS1127: Invalid character.
src/services/firebaseService.ts(1,25974): error TS1127: Invalid character.
src/services/firebaseService.ts(1,25975): error TS1127: Invalid character.
src/services/firebaseService.ts(1,25976): error TS1127: Invalid character.
src/services/firebaseService.ts(1,25977): error TS1127: Invalid character.
src/services/firebaseService.ts(1,25978): error TS1127: Invalid character.
src/services/firebaseService.ts(1,25979): error TS1127: Invalid character.
src/services/firebaseService.ts(1,25980): error TS1127: Invalid character.
src/services/firebaseService.ts(1,25981): error TS1127: Invalid character.
src/services/firebaseService.ts(1,25982): error TS1127: Invalid character.
src/services/firebaseService.ts(1,25983): error TS1127: Invalid character.
src/services/firebaseService.ts(1,25984): error TS1127: Invalid character.
src/services/firebaseService.ts(1,25985): error TS1127: Invalid character.
src/services/firebaseService.ts(1,25986): error TS1127: Invalid character.
src/services/firebaseService.ts(1,25987): error TS1127: Invalid character.
src/services/firebaseService.ts(1,25988): error TS1127: Invalid character.
src/services/firebaseService.ts(1,25989): error TS1127: Invalid character.
src/services/firebaseService.ts(1,25990): error TS1127: Invalid character.
src/services/firebaseService.ts(1,25991): error TS1127: Invalid character.
src/services/firebaseService.ts(1,25992): error TS1127: Invalid character.
src/services/firebaseService.ts(1,25993): error TS1127: Invalid character.
src/services/firebaseService.ts(1,25994): error TS1127: Invalid character.
src/services/firebaseService.ts(1,25995): error TS1127: Invalid character.
src/services/firebaseService.ts(1,25996): error TS1127: Invalid character.
src/services/firebaseService.ts(1,25997): error TS1127: Invalid character.
src/services/firebaseService.ts(1,25998): error TS1127: Invalid character.
src/services/firebaseService.ts(1,25999): error TS1127: Invalid character.
src/services/firebaseService.ts(1,26000): error TS1127: Invalid character.
src/services/firebaseService.ts(1,26001): error TS1127: Invalid character.
src/services/firebaseService.ts(1,26002): error TS1127: Invalid character.
src/services/firebaseService.ts(1,26003): error TS1127: Invalid character.
src/services/firebaseService.ts(1,26004): error TS1127: Invalid character.
src/services/firebaseService.ts(1,26005): error TS1127: Invalid character.
src/services/firebaseService.ts(1,26006): error TS1127: Invalid character.
src/services/firebaseService.ts(1,26007): error TS1127: Invalid character.
src/services/firebaseService.ts(1,26008): error TS1127: Invalid character.
src/services/firebaseService.ts(1,26009): error TS1127: Invalid character.
src/services/firebaseService.ts(1,26010): error TS1127: Invalid character.
src/services/firebaseService.ts(1,26011): error TS1127: Invalid character.
src/services/firebaseService.ts(1,26012): error TS1127: Invalid character.
src/services/firebaseService.ts(1,26013): error TS1127: Invalid character.
src/services/firebaseService.ts(1,26014): error TS1127: Invalid character.
src/services/firebaseService.ts(1,26015): error TS1127: Invalid character.
src/services/firebaseService.ts(1,26016): error TS1127: Invalid character.
src/services/firebaseService.ts(1,26017): error TS1127: Invalid character.
src/services/firebaseService.ts(1,26018): error TS1127: Invalid character.
src/services/firebaseService.ts(1,26019): error TS1127: Invalid character.
src/services/firebaseService.ts(1,26020): error TS1127: Invalid character.
src/services/firebaseService.ts(1,26021): error TS1127: Invalid character.
src/services/firebaseService.ts(1,26022): error TS1127: Invalid character.
src/services/firebaseService.ts(1,26023): error TS1127: Invalid character.
src/services/firebaseService.ts(1,26024): error TS1127: Invalid character.
src/services/firebaseService.ts(1,26025): error TS1127: Invalid character.
src/services/firebaseService.ts(1,26026): error TS1127: Invalid character.
src/services/firebaseService.ts(1,26027): error TS1127: Invalid character.
src/services/firebaseService.ts(1,26028): error TS1127: Invalid character.
src/services/firebaseService.ts(1,26029): error TS1127: Invalid character.
src/services/firebaseService.ts(1,26030): error TS1127: Invalid character.
src/services/firebaseService.ts(1,26031): error TS1127: Invalid character.
src/services/firebaseService.ts(1,26032): error TS1127: Invalid character.
src/services/firebaseService.ts(1,26033): error TS1127: Invalid character.
src/services/firebaseService.ts(1,26034): error TS1127: Invalid character.
src/services/firebaseService.ts(1,26035): error TS1127: Invalid character.
src/services/firebaseService.ts(1,26036): error TS1127: Invalid character.
src/services/firebaseService.ts(1,26037): error TS1127: Invalid character.
src/services/firebaseService.ts(1,26038): error TS1127: Invalid character.
src/services/firebaseService.ts(1,26039): error TS1127: Invalid character.
src/services/firebaseService.ts(1,26040): error TS1127: Invalid character.
src/services/firebaseService.ts(1,26041): error TS1127: Invalid character.
src/services/firebaseService.ts(1,26042): error TS1127: Invalid character.
src/services/firebaseService.ts(1,26043): error TS1127: Invalid character.
src/services/firebaseService.ts(1,26044): error TS1127: Invalid character.
src/services/firebaseService.ts(1,26045): error TS1127: Invalid character.
src/services/firebaseService.ts(1,26046): error TS1127: Invalid character.
src/services/firebaseService.ts(1,26047): error TS1127: Invalid character.
src/services/firebaseService.ts(1,26048): error TS1127: Invalid character.
src/services/firebaseService.ts(1,26049): error TS1127: Invalid character.
src/services/firebaseService.ts(1,26050): error TS1127: Invalid character.
src/services/firebaseService.ts(1,26051): error TS1127: Invalid character.
src/services/firebaseService.ts(1,26052): error TS1127: Invalid character.
src/services/firebaseService.ts(1,26053): error TS1127: Invalid character.
src/services/firebaseService.ts(1,26054): error TS1127: Invalid character.
src/services/firebaseService.ts(1,26055): error TS1127: Invalid character.
src/services/firebaseService.ts(1,26056): error TS1127: Invalid character.
src/services/firebaseService.ts(1,26057): error TS1127: Invalid character.
src/services/firebaseService.ts(1,26058): error TS1127: Invalid character.
src/services/firebaseService.ts(1,26059): error TS1127: Invalid character.
src/services/firebaseService.ts(1,26060): error TS1127: Invalid character.
src/services/firebaseService.ts(1,26061): error TS1127: Invalid character.
src/services/firebaseService.ts(1,26062): error TS1127: Invalid character.
src/services/firebaseService.ts(1,26063): error TS1127: Invalid character.
src/services/firebaseService.ts(1,26064): error TS1127: Invalid character.
src/services/firebaseService.ts(1,26065): error TS1127: Invalid character.
src/services/firebaseService.ts(1,26066): error TS1127: Invalid character.
src/services/firebaseService.ts(1,26067): error TS1127: Invalid character.
src/services/firebaseService.ts(1,26068): error TS1127: Invalid character.
src/services/firebaseService.ts(1,26069): error TS1127: Invalid character.
src/services/firebaseService.ts(1,26070): error TS1127: Invalid character.
src/services/firebaseService.ts(1,26071): error TS1127: Invalid character.
src/services/firebaseService.ts(1,26072): error TS1127: Invalid character.
src/services/firebaseService.ts(1,26073): error TS1127: Invalid character.
src/services/firebaseService.ts(1,26074): error TS1127: Invalid character.
src/services/firebaseService.ts(1,26075): error TS1127: Invalid character.
src/services/firebaseService.ts(1,26076): error TS1127: Invalid character.
src/services/firebaseService.ts(1,26077): error TS1127: Invalid character.
src/services/firebaseService.ts(1,26078): error TS1127: Invalid character.
src/services/firebaseService.ts(1,26079): error TS1127: Invalid character.
src/services/firebaseService.ts(1,26080): error TS1127: Invalid character.
src/services/firebaseService.ts(1,26081): error TS1127: Invalid character.
src/services/firebaseService.ts(1,26082): error TS1127: Invalid character.
src/services/firebaseService.ts(1,26083): error TS1127: Invalid character.
src/services/firebaseService.ts(1,26084): error TS1127: Invalid character.
src/services/firebaseService.ts(1,26085): error TS1127: Invalid character.
src/services/firebaseService.ts(1,26086): error TS1127: Invalid character.
src/services/firebaseService.ts(1,26087): error TS1127: Invalid character.
src/services/firebaseService.ts(1,26088): error TS1127: Invalid character.
src/services/firebaseService.ts(1,26089): error TS1127: Invalid character.
src/services/firebaseService.ts(1,26090): error TS1127: Invalid character.
src/services/firebaseService.ts(1,26091): error TS1127: Invalid character.
src/services/firebaseService.ts(1,26092): error TS1127: Invalid character.
src/services/firebaseService.ts(1,26093): error TS1127: Invalid character.
src/services/firebaseService.ts(1,26094): error TS1127: Invalid character.
src/services/firebaseService.ts(1,26095): error TS1127: Invalid character.
src/services/firebaseService.ts(1,26096): error TS1127: Invalid character.
src/services/firebaseService.ts(1,26097): error TS1127: Invalid character.
src/services/firebaseService.ts(1,26098): error TS1127: Invalid character.
src/services/firebaseService.ts(1,26099): error TS1127: Invalid character.
src/services/firebaseService.ts(1,26100): error TS1127: Invalid character.
src/services/firebaseService.ts(1,26101): error TS1127: Invalid character.
src/services/firebaseService.ts(1,26102): error TS1127: Invalid character.
src/services/firebaseService.ts(1,26103): error TS1127: Invalid character.
src/services/firebaseService.ts(1,26104): error TS1127: Invalid character.
src/services/firebaseService.ts(1,26105): error TS1127: Invalid character.
src/services/firebaseService.ts(1,26106): error TS1127: Invalid character.
src/services/firebaseService.ts(1,26107): error TS1127: Invalid character.
src/services/firebaseService.ts(1,26108): error TS1127: Invalid character.
src/services/firebaseService.ts(1,26109): error TS1127: Invalid character.
src/services/firebaseService.ts(1,26110): error TS1127: Invalid character.
src/services/firebaseService.ts(1,26111): error TS1127: Invalid character.
src/services/firebaseService.ts(1,26112): error TS1127: Invalid character.
src/services/firebaseService.ts(1,26113): error TS1127: Invalid character.
src/services/firebaseService.ts(1,26114): error TS1127: Invalid character.
src/services/firebaseService.ts(1,26115): error TS1127: Invalid character.
src/services/firebaseService.ts(1,26116): error TS1127: Invalid character.
src/services/firebaseService.ts(1,26117): error TS1127: Invalid character.
src/services/firebaseService.ts(1,26118): error TS1127: Invalid character.
src/services/firebaseService.ts(1,26119): error TS1127: Invalid character.
src/services/firebaseService.ts(1,26120): error TS1127: Invalid character.
src/services/firebaseService.ts(1,26121): error TS1127: Invalid character.
src/services/firebaseService.ts(1,26122): error TS1127: Invalid character.
src/services/firebaseService.ts(1,26123): error TS1127: Invalid character.
src/services/firebaseService.ts(1,26124): error TS1127: Invalid character.
src/services/firebaseService.ts(1,26125): error TS1127: Invalid character.
src/services/firebaseService.ts(1,26126): error TS1127: Invalid character.
src/services/firebaseService.ts(1,26127): error TS1127: Invalid character.
src/services/firebaseService.ts(1,26128): error TS1127: Invalid character.
src/services/firebaseService.ts(1,26129): error TS1127: Invalid character.
src/services/firebaseService.ts(1,26130): error TS1127: Invalid character.
src/services/firebaseService.ts(1,26131): error TS1127: Invalid character.
src/services/firebaseService.ts(1,26132): error TS1127: Invalid character.
src/services/firebaseService.ts(1,26133): error TS1127: Invalid character.
src/services/firebaseService.ts(1,26134): error TS1127: Invalid character.
src/services/firebaseService.ts(1,26135): error TS1127: Invalid character.
src/services/firebaseService.ts(1,26136): error TS1127: Invalid character.
src/services/firebaseService.ts(1,26137): error TS1127: Invalid character.
src/services/firebaseService.ts(1,26138): error TS1127: Invalid character.
src/services/firebaseService.ts(1,26139): error TS1127: Invalid character.
src/services/firebaseService.ts(1,26140): error TS1127: Invalid character.
src/services/firebaseService.ts(1,26141): error TS1127: Invalid character.
src/services/firebaseService.ts(1,26142): error TS1127: Invalid character.
src/services/firebaseService.ts(1,26143): error TS1127: Invalid character.
src/services/firebaseService.ts(1,26144): error TS1127: Invalid character.
src/services/firebaseService.ts(1,26145): error TS1127: Invalid character.
src/services/firebaseService.ts(1,26146): error TS1127: Invalid character.
src/services/firebaseService.ts(1,26147): error TS1127: Invalid character.
src/services/firebaseService.ts(1,26148): error TS1127: Invalid character.
src/services/firebaseService.ts(1,26149): error TS1127: Invalid character.
src/services/firebaseService.ts(1,26150): error TS1127: Invalid character.
src/services/firebaseService.ts(1,26151): error TS1127: Invalid character.
src/services/firebaseService.ts(1,26152): error TS1127: Invalid character.
src/services/firebaseService.ts(1,26153): error TS1127: Invalid character.
src/services/firebaseService.ts(1,26154): error TS1127: Invalid character.
src/services/firebaseService.ts(1,26155): error TS1127: Invalid character.
src/services/firebaseService.ts(1,26156): error TS1127: Invalid character.
src/services/firebaseService.ts(1,26157): error TS1127: Invalid character.
src/services/firebaseService.ts(1,26158): error TS1127: Invalid character.
src/services/firebaseService.ts(1,26159): error TS1127: Invalid character.
src/services/firebaseService.ts(1,26160): error TS1127: Invalid character.
src/services/firebaseService.ts(1,26161): error TS1127: Invalid character.
src/services/firebaseService.ts(1,26162): error TS1127: Invalid character.
src/services/firebaseService.ts(1,26163): error TS1127: Invalid character.
src/services/firebaseService.ts(1,26164): error TS1127: Invalid character.
src/services/firebaseService.ts(1,26165): error TS1127: Invalid character.
src/services/firebaseService.ts(1,26166): error TS1127: Invalid character.
src/services/firebaseService.ts(1,26167): error TS1127: Invalid character.
src/services/firebaseService.ts(1,26168): error TS1127: Invalid character.
src/services/firebaseService.ts(1,26169): error TS1127: Invalid character.
src/services/firebaseService.ts(1,26170): error TS1127: Invalid character.
src/services/firebaseService.ts(1,26171): error TS1127: Invalid character.
src/services/firebaseService.ts(1,26172): error TS1127: Invalid character.
src/services/firebaseService.ts(1,26173): error TS1127: Invalid character.
src/services/firebaseService.ts(1,26174): error TS1127: Invalid character.
src/services/firebaseService.ts(1,26175): error TS1127: Invalid character.
src/services/firebaseService.ts(1,26176): error TS1127: Invalid character.
src/services/firebaseService.ts(1,26177): error TS1127: Invalid character.
src/services/firebaseService.ts(1,26178): error TS1127: Invalid character.
src/services/firebaseService.ts(1,26179): error TS1127: Invalid character.
src/services/firebaseService.ts(1,26180): error TS1127: Invalid character.
src/services/firebaseService.ts(1,26181): error TS1127: Invalid character.
src/services/firebaseService.ts(1,26182): error TS1127: Invalid character.
src/services/firebaseService.ts(1,26183): error TS1127: Invalid character.
src/services/firebaseService.ts(1,26184): error TS1127: Invalid character.
src/services/firebaseService.ts(1,26185): error TS1127: Invalid character.
src/services/firebaseService.ts(1,26186): error TS1127: Invalid character.
src/services/firebaseService.ts(1,26187): error TS1127: Invalid character.
src/services/firebaseService.ts(1,26188): error TS1127: Invalid character.
src/services/firebaseService.ts(1,26189): error TS1127: Invalid character.
src/services/firebaseService.ts(1,26190): error TS1127: Invalid character.
src/services/firebaseService.ts(1,26191): error TS1127: Invalid character.
src/services/firebaseService.ts(1,26192): error TS1127: Invalid character.
src/services/firebaseService.ts(1,26193): error TS1127: Invalid character.
src/services/firebaseService.ts(1,26194): error TS1127: Invalid character.
src/services/firebaseService.ts(1,26195): error TS1127: Invalid character.
src/services/firebaseService.ts(1,26196): error TS1127: Invalid character.
src/services/firebaseService.ts(1,26197): error TS1127: Invalid character.
src/services/firebaseService.ts(1,26198): error TS1127: Invalid character.
src/services/firebaseService.ts(1,26199): error TS1127: Invalid character.
src/services/firebaseService.ts(1,26200): error TS1127: Invalid character.
src/services/firebaseService.ts(1,26201): error TS1127: Invalid character.
src/services/firebaseService.ts(1,26202): error TS1127: Invalid character.
src/services/firebaseService.ts(1,26203): error TS1127: Invalid character.
src/services/firebaseService.ts(1,26204): error TS1127: Invalid character.
src/services/firebaseService.ts(1,26205): error TS1127: Invalid character.
src/services/firebaseService.ts(1,26206): error TS1127: Invalid character.
src/services/firebaseService.ts(1,26207): error TS1127: Invalid character.
src/services/firebaseService.ts(1,26208): error TS1127: Invalid character.
src/services/firebaseService.ts(1,26209): error TS1127: Invalid character.
src/services/firebaseService.ts(1,26210): error TS1127: Invalid character.
src/services/firebaseService.ts(1,26211): error TS1127: Invalid character.
src/services/firebaseService.ts(1,26212): error TS1127: Invalid character.
src/services/firebaseService.ts(1,26213): error TS1127: Invalid character.
src/services/firebaseService.ts(1,26214): error TS1127: Invalid character.
src/services/firebaseService.ts(1,26215): error TS1127: Invalid character.
src/services/firebaseService.ts(1,26216): error TS1127: Invalid character.
src/services/firebaseService.ts(1,26217): error TS1127: Invalid character.
src/services/firebaseService.ts(1,26218): error TS1127: Invalid character.
src/services/firebaseService.ts(1,26219): error TS1127: Invalid character.
src/services/firebaseService.ts(1,26220): error TS1127: Invalid character.
src/services/firebaseService.ts(1,26221): error TS1127: Invalid character.
src/services/firebaseService.ts(1,26222): error TS1127: Invalid character.
src/services/firebaseService.ts(1,26223): error TS1127: Invalid character.
src/services/firebaseService.ts(1,26224): error TS1127: Invalid character.
src/services/firebaseService.ts(1,26225): error TS1127: Invalid character.
src/services/firebaseService.ts(1,26226): error TS1127: Invalid character.
src/services/firebaseService.ts(1,26227): error TS1127: Invalid character.
src/services/firebaseService.ts(1,26228): error TS1127: Invalid character.
src/services/firebaseService.ts(1,26229): error TS1127: Invalid character.
src/services/firebaseService.ts(1,26230): error TS1127: Invalid character.
src/services/firebaseService.ts(1,26231): error TS1127: Invalid character.
src/services/firebaseService.ts(1,26232): error TS1127: Invalid character.
src/services/firebaseService.ts(1,26233): error TS1127: Invalid character.
src/services/firebaseService.ts(1,26234): error TS1127: Invalid character.
src/services/firebaseService.ts(1,26235): error TS1127: Invalid character.
src/services/firebaseService.ts(1,26236): error TS1127: Invalid character.
src/services/firebaseService.ts(1,26237): error TS1127: Invalid character.
src/services/firebaseService.ts(1,26238): error TS1127: Invalid character.
src/services/firebaseService.ts(1,26239): error TS1127: Invalid character.
src/services/firebaseService.ts(1,26240): error TS1127: Invalid character.
src/services/firebaseService.ts(1,26241): error TS1127: Invalid character.
src/services/firebaseService.ts(1,26242): error TS1127: Invalid character.
src/services/firebaseService.ts(1,26243): error TS1127: Invalid character.
src/services/firebaseService.ts(1,26244): error TS1127: Invalid character.
src/services/firebaseService.ts(1,26245): error TS1127: Invalid character.
src/services/firebaseService.ts(1,26246): error TS1127: Invalid character.
src/services/firebaseService.ts(1,26247): error TS1127: Invalid character.
src/services/firebaseService.ts(1,26248): error TS1127: Invalid character.
src/services/firebaseService.ts(1,26249): error TS1127: Invalid character.
src/services/firebaseService.ts(1,26250): error TS1127: Invalid character.
src/services/firebaseService.ts(1,26251): error TS1127: Invalid character.
src/services/firebaseService.ts(1,26252): error TS1127: Invalid character.
src/services/firebaseService.ts(1,26253): error TS1127: Invalid character.
src/services/firebaseService.ts(1,26254): error TS1127: Invalid character.
src/services/firebaseService.ts(1,26255): error TS1127: Invalid character.
src/services/firebaseService.ts(1,26256): error TS1127: Invalid character.
src/services/firebaseService.ts(1,26257): error TS1127: Invalid character.
src/services/firebaseService.ts(1,26258): error TS1127: Invalid character.
src/services/firebaseService.ts(1,26259): error TS1127: Invalid character.
src/services/firebaseService.ts(1,26260): error TS1127: Invalid character.
src/services/firebaseService.ts(1,26261): error TS1127: Invalid character.
src/services/firebaseService.ts(1,26262): error TS1127: Invalid character.
src/services/firebaseService.ts(1,26263): error TS1127: Invalid character.
src/services/firebaseService.ts(1,26264): error TS1127: Invalid character.
src/services/firebaseService.ts(1,26265): error TS1127: Invalid character.
src/services/firebaseService.ts(1,26266): error TS1127: Invalid character.
src/services/firebaseService.ts(1,26267): error TS1127: Invalid character.
src/services/firebaseService.ts(1,26268): error TS1127: Invalid character.
src/services/firebaseService.ts(1,26269): error TS1127: Invalid character.
src/services/firebaseService.ts(1,26270): error TS1127: Invalid character.
src/services/firebaseService.ts(1,26271): error TS1127: Invalid character.
src/services/firebaseService.ts(1,26272): error TS1127: Invalid character.
src/services/firebaseService.ts(1,26273): error TS1127: Invalid character.
src/services/firebaseService.ts(1,26274): error TS1127: Invalid character.
src/services/firebaseService.ts(1,26275): error TS1127: Invalid character.
src/services/firebaseService.ts(1,26276): error TS1127: Invalid character.
src/services/firebaseService.ts(1,26277): error TS1127: Invalid character.
src/services/firebaseService.ts(1,26278): error TS1127: Invalid character.
src/services/firebaseService.ts(1,26279): error TS1127: Invalid character.
src/services/firebaseService.ts(1,26280): error TS1127: Invalid character.
src/services/firebaseService.ts(1,26281): error TS1127: Invalid character.
src/services/firebaseService.ts(1,26282): error TS1127: Invalid character.
src/services/firebaseService.ts(1,26283): error TS1127: Invalid character.
src/services/firebaseService.ts(1,26284): error TS1127: Invalid character.
src/services/firebaseService.ts(1,26285): error TS1127: Invalid character.
src/services/firebaseService.ts(1,26286): error TS1127: Invalid character.
src/services/firebaseService.ts(1,26287): error TS1127: Invalid character.
src/services/firebaseService.ts(1,26288): error TS1127: Invalid character.
src/services/firebaseService.ts(1,26289): error TS1127: Invalid character.
src/services/firebaseService.ts(1,26290): error TS1127: Invalid character.
src/services/firebaseService.ts(1,26291): error TS1127: Invalid character.
src/services/firebaseService.ts(1,26292): error TS1127: Invalid character.
src/services/firebaseService.ts(1,26293): error TS1127: Invalid character.
src/services/firebaseService.ts(1,26294): error TS1127: Invalid character.
src/services/firebaseService.ts(1,26295): error TS1127: Invalid character.
src/services/firebaseService.ts(1,26296): error TS1127: Invalid character.
src/services/firebaseService.ts(1,26297): error TS1127: Invalid character.
src/services/firebaseService.ts(1,26298): error TS1127: Invalid character.
src/services/firebaseService.ts(1,26299): error TS1127: Invalid character.
src/services/firebaseService.ts(1,26300): error TS1127: Invalid character.
src/services/firebaseService.ts(1,26301): error TS1127: Invalid character.
src/services/firebaseService.ts(1,26302): error TS1127: Invalid character.
src/services/firebaseService.ts(1,26303): error TS1127: Invalid character.
src/services/firebaseService.ts(1,26304): error TS1127: Invalid character.
src/services/firebaseService.ts(1,26305): error TS1127: Invalid character.
src/services/firebaseService.ts(1,26306): error TS1127: Invalid character.
src/services/firebaseService.ts(1,26307): error TS1127: Invalid character.
src/services/firebaseService.ts(1,26308): error TS1127: Invalid character.
src/services/firebaseService.ts(1,26309): error TS1127: Invalid character.
src/services/firebaseService.ts(1,26310): error TS1127: Invalid character.
src/services/firebaseService.ts(1,26311): error TS1127: Invalid character.
src/services/firebaseService.ts(1,26312): error TS1127: Invalid character.
src/services/firebaseService.ts(1,26313): error TS1127: Invalid character.
src/services/firebaseService.ts(1,26314): error TS1127: Invalid character.
src/services/firebaseService.ts(1,26315): error TS1127: Invalid character.
src/services/firebaseService.ts(1,26316): error TS1127: Invalid character.
src/services/firebaseService.ts(1,26317): error TS1127: Invalid character.
src/services/firebaseService.ts(1,26318): error TS1127: Invalid character.
src/services/firebaseService.ts(1,26319): error TS1127: Invalid character.
src/services/firebaseService.ts(1,26320): error TS1127: Invalid character.
src/services/firebaseService.ts(1,26321): error TS1127: Invalid character.
src/services/firebaseService.ts(1,26322): error TS1127: Invalid character.
src/services/firebaseService.ts(1,26323): error TS1127: Invalid character.
src/services/firebaseService.ts(1,26324): error TS1127: Invalid character.
src/services/firebaseService.ts(1,26325): error TS1127: Invalid character.
src/services/firebaseService.ts(1,26326): error TS1127: Invalid character.
src/services/firebaseService.ts(1,26327): error TS1127: Invalid character.
src/services/firebaseService.ts(1,26328): error TS1127: Invalid character.
src/services/firebaseService.ts(1,26329): error TS1127: Invalid character.
src/services/firebaseService.ts(1,26330): error TS1127: Invalid character.
src/services/firebaseService.ts(1,26331): error TS1127: Invalid character.
src/services/firebaseService.ts(1,26332): error TS1127: Invalid character.
src/services/firebaseService.ts(1,26333): error TS1127: Invalid character.
src/services/firebaseService.ts(1,26334): error TS1127: Invalid character.
src/services/firebaseService.ts(1,26335): error TS1127: Invalid character.
src/services/firebaseService.ts(1,26336): error TS1127: Invalid character.
src/services/firebaseService.ts(1,26337): error TS1127: Invalid character.
src/services/firebaseService.ts(1,26338): error TS1127: Invalid character.
src/services/firebaseService.ts(1,26339): error TS1127: Invalid character.
src/services/firebaseService.ts(1,26340): error TS1127: Invalid character.
src/services/firebaseService.ts(1,26341): error TS1127: Invalid character.
src/services/firebaseService.ts(1,26342): error TS1127: Invalid character.
src/services/firebaseService.ts(1,26343): error TS1127: Invalid character.
src/services/firebaseService.ts(1,26344): error TS1127: Invalid character.
src/services/firebaseService.ts(1,26345): error TS1127: Invalid character.
src/services/firebaseService.ts(1,26346): error TS1127: Invalid character.
src/services/firebaseService.ts(1,26347): error TS1127: Invalid character.
src/services/firebaseService.ts(1,26348): error TS1127: Invalid character.
src/services/firebaseService.ts(1,26349): error TS1127: Invalid character.
src/services/firebaseService.ts(1,26350): error TS1127: Invalid character.
src/services/firebaseService.ts(1,26351): error TS1127: Invalid character.
src/services/firebaseService.ts(1,26352): error TS1127: Invalid character.
src/services/firebaseService.ts(1,26353): error TS1127: Invalid character.
src/services/firebaseService.ts(1,26354): error TS1127: Invalid character.
src/services/firebaseService.ts(1,26355): error TS1127: Invalid character.
src/services/firebaseService.ts(1,26356): error TS1127: Invalid character.
src/services/firebaseService.ts(1,26357): error TS1127: Invalid character.
src/services/firebaseService.ts(1,26358): error TS1127: Invalid character.
src/services/firebaseService.ts(1,26359): error TS1127: Invalid character.
src/services/firebaseService.ts(1,26360): error TS1127: Invalid character.
src/services/firebaseService.ts(1,26361): error TS1127: Invalid character.
src/services/firebaseService.ts(1,26362): error TS1127: Invalid character.
src/services/firebaseService.ts(1,26363): error TS1127: Invalid character.
src/services/firebaseService.ts(1,26364): error TS1127: Invalid character.
src/services/firebaseService.ts(1,26365): error TS1127: Invalid character.
src/services/firebaseService.ts(1,26366): error TS1127: Invalid character.
src/services/firebaseService.ts(1,26367): error TS1127: Invalid character.
src/services/firebaseService.ts(1,26368): error TS1127: Invalid character.
src/services/firebaseService.ts(1,26369): error TS1127: Invalid character.
src/services/firebaseService.ts(1,26370): error TS1127: Invalid character.
src/services/firebaseService.ts(1,26371): error TS1127: Invalid character.
src/services/firebaseService.ts(1,26372): error TS1127: Invalid character.
src/services/firebaseService.ts(1,26373): error TS1127: Invalid character.
src/services/firebaseService.ts(1,26374): error TS1127: Invalid character.
src/services/firebaseService.ts(1,26375): error TS1127: Invalid character.
src/services/firebaseService.ts(1,26376): error TS1127: Invalid character.
src/services/firebaseService.ts(1,26377): error TS1127: Invalid character.
src/services/firebaseService.ts(1,26378): error TS1127: Invalid character.
src/services/firebaseService.ts(1,26379): error TS1127: Invalid character.
src/services/firebaseService.ts(1,26380): error TS1127: Invalid character.
src/services/firebaseService.ts(1,26381): error TS1127: Invalid character.
src/services/firebaseService.ts(1,26382): error TS1127: Invalid character.
src/services/firebaseService.ts(1,26383): error TS1127: Invalid character.
src/services/firebaseService.ts(1,26384): error TS1127: Invalid character.
src/services/firebaseService.ts(1,26385): error TS1127: Invalid character.
src/services/firebaseService.ts(1,26386): error TS1127: Invalid character.
src/services/firebaseService.ts(1,26387): error TS1127: Invalid character.
src/services/firebaseService.ts(1,26388): error TS1127: Invalid character.
src/services/firebaseService.ts(1,26389): error TS1127: Invalid character.
src/services/firebaseService.ts(1,26390): error TS1127: Invalid character.
src/services/firebaseService.ts(1,26391): error TS1127: Invalid character.
src/services/firebaseService.ts(1,26392): error TS1127: Invalid character.
src/services/firebaseService.ts(1,26393): error TS1127: Invalid character.
src/services/firebaseService.ts(1,26394): error TS1127: Invalid character.
src/services/firebaseService.ts(1,26395): error TS1127: Invalid character.
src/services/firebaseService.ts(1,26396): error TS1127: Invalid character.
src/services/firebaseService.ts(1,26397): error TS1127: Invalid character.
src/services/firebaseService.ts(1,26398): error TS1127: Invalid character.
src/services/firebaseService.ts(1,26399): error TS1127: Invalid character.
src/services/firebaseService.ts(1,26400): error TS1127: Invalid character.
src/services/firebaseService.ts(1,26401): error TS1127: Invalid character.
src/services/firebaseService.ts(1,26402): error TS1127: Invalid character.
src/services/firebaseService.ts(1,26403): error TS1127: Invalid character.
src/services/firebaseService.ts(1,26404): error TS1127: Invalid character.
src/services/firebaseService.ts(1,26405): error TS1127: Invalid character.
src/services/firebaseService.ts(1,26406): error TS1127: Invalid character.
src/services/firebaseService.ts(1,26407): error TS1127: Invalid character.
src/services/firebaseService.ts(1,26408): error TS1127: Invalid character.
src/services/firebaseService.ts(1,26409): error TS1127: Invalid character.
src/services/firebaseService.ts(1,26410): error TS1127: Invalid character.
src/services/firebaseService.ts(1,26411): error TS1127: Invalid character.
src/services/firebaseService.ts(1,26412): error TS1127: Invalid character.
src/services/firebaseService.ts(1,26413): error TS1127: Invalid character.
src/services/firebaseService.ts(1,26414): error TS1127: Invalid character.
src/services/firebaseService.ts(1,26415): error TS1127: Invalid character.
src/services/firebaseService.ts(1,26416): error TS1127: Invalid character.
src/services/firebaseService.ts(1,26417): error TS1127: Invalid character.
src/services/firebaseService.ts(1,26418): error TS1127: Invalid character.
src/services/firebaseService.ts(1,26419): error TS1127: Invalid character.
src/services/firebaseService.ts(1,26420): error TS1127: Invalid character.
src/services/firebaseService.ts(1,26421): error TS1127: Invalid character.
src/services/firebaseService.ts(1,26422): error TS1127: Invalid character.
src/services/firebaseService.ts(1,26423): error TS1127: Invalid character.
src/services/firebaseService.ts(1,26424): error TS1127: Invalid character.
src/services/firebaseService.ts(1,26425): error TS1127: Invalid character.
src/services/firebaseService.ts(1,26426): error TS1127: Invalid character.
src/services/firebaseService.ts(1,26427): error TS1127: Invalid character.
src/services/firebaseService.ts(1,26428): error TS1127: Invalid character.
src/services/firebaseService.ts(1,26429): error TS1127: Invalid character.
src/services/firebaseService.ts(1,26430): error TS1127: Invalid character.
src/services/firebaseService.ts(1,26431): error TS1127: Invalid character.
src/services/firebaseService.ts(1,26432): error TS1127: Invalid character.
src/services/firebaseService.ts(1,26433): error TS1127: Invalid character.
src/services/firebaseService.ts(1,26434): error TS1127: Invalid character.
src/services/firebaseService.ts(1,26435): error TS1127: Invalid character.
src/services/firebaseService.ts(1,26436): error TS1127: Invalid character.
src/services/firebaseService.ts(1,26437): error TS1127: Invalid character.
src/services/firebaseService.ts(1,26438): error TS1127: Invalid character.
src/services/firebaseService.ts(1,26439): error TS1127: Invalid character.
src/services/firebaseService.ts(1,26440): error TS1127: Invalid character.
src/services/firebaseService.ts(1,26441): error TS1127: Invalid character.
src/services/firebaseService.ts(1,26442): error TS1127: Invalid character.
src/services/firebaseService.ts(1,26443): error TS1127: Invalid character.
src/services/firebaseService.ts(1,26444): error TS1127: Invalid character.
src/services/firebaseService.ts(1,26445): error TS1127: Invalid character.
src/services/firebaseService.ts(1,26446): error TS1127: Invalid character.
src/services/firebaseService.ts(1,26447): error TS1127: Invalid character.
src/services/firebaseService.ts(1,26448): error TS1127: Invalid character.
src/services/firebaseService.ts(1,26449): error TS1127: Invalid character.
src/services/firebaseService.ts(1,26450): error TS1127: Invalid character.
src/services/firebaseService.ts(1,26451): error TS1127: Invalid character.
src/services/firebaseService.ts(1,26452): error TS1127: Invalid character.
src/services/firebaseService.ts(1,26453): error TS1127: Invalid character.
src/services/firebaseService.ts(1,26454): error TS1127: Invalid character.
src/services/firebaseService.ts(1,26455): error TS1127: Invalid character.
src/services/firebaseService.ts(1,26456): error TS1127: Invalid character.
src/services/firebaseService.ts(1,26457): error TS1127: Invalid character.
src/services/firebaseService.ts(1,26458): error TS1127: Invalid character.
src/services/firebaseService.ts(1,26459): error TS1127: Invalid character.
src/services/firebaseService.ts(1,26460): error TS1127: Invalid character.
src/services/firebaseService.ts(1,26461): error TS1127: Invalid character.
src/services/firebaseService.ts(1,26462): error TS1127: Invalid character.
src/services/firebaseService.ts(1,26463): error TS1127: Invalid character.
src/services/firebaseService.ts(1,26464): error TS1127: Invalid character.
src/services/firebaseService.ts(1,26465): error TS1127: Invalid character.
src/services/firebaseService.ts(1,26466): error TS1127: Invalid character.
src/services/firebaseService.ts(1,26467): error TS1127: Invalid character.
src/services/firebaseService.ts(1,26468): error TS1127: Invalid character.
src/services/firebaseService.ts(1,26469): error TS1127: Invalid character.
src/services/firebaseService.ts(1,26470): error TS1127: Invalid character.
src/services/firebaseService.ts(1,26471): error TS1127: Invalid character.
src/services/firebaseService.ts(1,26472): error TS1127: Invalid character.
src/services/firebaseService.ts(1,26473): error TS1127: Invalid character.
src/services/firebaseService.ts(1,26474): error TS1127: Invalid character.
src/services/firebaseService.ts(1,26475): error TS1127: Invalid character.
src/services/firebaseService.ts(1,26476): error TS1127: Invalid character.
src/services/firebaseService.ts(1,26477): error TS1127: Invalid character.
src/services/firebaseService.ts(1,26478): error TS1127: Invalid character.
src/services/firebaseService.ts(1,26479): error TS1127: Invalid character.
src/services/firebaseService.ts(1,26480): error TS1127: Invalid character.
src/services/firebaseService.ts(1,26481): error TS1127: Invalid character.
src/services/firebaseService.ts(1,26482): error TS1127: Invalid character.
src/services/firebaseService.ts(1,26483): error TS1127: Invalid character.
src/services/firebaseService.ts(1,26484): error TS1127: Invalid character.
src/services/firebaseService.ts(1,26485): error TS1127: Invalid character.
src/services/firebaseService.ts(1,26486): error TS1127: Invalid character.
src/services/firebaseService.ts(1,26487): error TS1127: Invalid character.
src/services/firebaseService.ts(1,26488): error TS1127: Invalid character.
src/services/firebaseService.ts(1,26489): error TS1127: Invalid character.
src/services/firebaseService.ts(1,26490): error TS1127: Invalid character.
src/services/firebaseService.ts(1,26491): error TS1127: Invalid character.
src/services/firebaseService.ts(1,26492): error TS1127: Invalid character.
src/services/firebaseService.ts(1,26493): error TS1127: Invalid character.
src/services/firebaseService.ts(1,26494): error TS1127: Invalid character.
src/services/firebaseService.ts(1,26495): error TS1127: Invalid character.
src/services/firebaseService.ts(1,26496): error TS1127: Invalid character.
src/services/firebaseService.ts(1,26497): error TS1127: Invalid character.
src/services/firebaseService.ts(1,26498): error TS1127: Invalid character.
src/services/firebaseService.ts(1,26499): error TS1127: Invalid character.
src/services/firebaseService.ts(1,26500): error TS1127: Invalid character.
src/services/firebaseService.ts(1,26501): error TS1127: Invalid character.
src/services/firebaseService.ts(1,26502): error TS1127: Invalid character.
src/services/firebaseService.ts(1,26503): error TS1127: Invalid character.
src/services/firebaseService.ts(1,26504): error TS1127: Invalid character.
src/services/firebaseService.ts(1,26505): error TS1127: Invalid character.
src/services/firebaseService.ts(1,26506): error TS1127: Invalid character.
src/services/firebaseService.ts(1,26507): error TS1127: Invalid character.
src/services/firebaseService.ts(1,26508): error TS1127: Invalid character.
src/services/firebaseService.ts(1,26509): error TS1127: Invalid character.
src/services/firebaseService.ts(1,26510): error TS1127: Invalid character.
src/services/firebaseService.ts(1,26511): error TS1127: Invalid character.
src/services/firebaseService.ts(1,26512): error TS1127: Invalid character.
src/services/firebaseService.ts(1,26513): error TS1127: Invalid character.
src/services/firebaseService.ts(1,26514): error TS1127: Invalid character.
src/services/firebaseService.ts(1,26515): error TS1127: Invalid character.
src/services/firebaseService.ts(1,26516): error TS1127: Invalid character.
src/services/firebaseService.ts(1,26517): error TS1127: Invalid character.
src/services/firebaseService.ts(1,26518): error TS1127: Invalid character.
src/services/firebaseService.ts(1,26519): error TS1127: Invalid character.
src/services/firebaseService.ts(1,26520): error TS1127: Invalid character.
src/services/firebaseService.ts(1,26521): error TS1127: Invalid character.
src/services/firebaseService.ts(1,26522): error TS1127: Invalid character.
src/services/firebaseService.ts(1,26523): error TS1127: Invalid character.
src/services/firebaseService.ts(1,26524): error TS1127: Invalid character.
src/services/firebaseService.ts(1,26525): error TS1127: Invalid character.
src/services/firebaseService.ts(1,26526): error TS1127: Invalid character.
src/services/firebaseService.ts(1,26527): error TS1127: Invalid character.
src/services/firebaseService.ts(1,26528): error TS1127: Invalid character.
src/services/firebaseService.ts(1,26529): error TS1127: Invalid character.
src/services/firebaseService.ts(1,26530): error TS1127: Invalid character.
src/services/firebaseService.ts(1,26531): error TS1127: Invalid character.
src/services/firebaseService.ts(1,26532): error TS1127: Invalid character.
src/services/firebaseService.ts(1,26533): error TS1127: Invalid character.
src/services/firebaseService.ts(1,26534): error TS1127: Invalid character.
src/services/firebaseService.ts(1,26535): error TS1127: Invalid character.
src/services/firebaseService.ts(1,26536): error TS1127: Invalid character.
src/services/firebaseService.ts(1,26537): error TS1127: Invalid character.
src/services/firebaseService.ts(1,26538): error TS1127: Invalid character.
src/services/firebaseService.ts(1,26539): error TS1127: Invalid character.
src/services/firebaseService.ts(1,26540): error TS1127: Invalid character.
src/services/firebaseService.ts(1,26541): error TS1127: Invalid character.
src/services/firebaseService.ts(1,26542): error TS1127: Invalid character.
src/services/firebaseService.ts(1,26543): error TS1127: Invalid character.
src/services/firebaseService.ts(1,26544): error TS1127: Invalid character.
src/services/firebaseService.ts(1,26545): error TS1127: Invalid character.
src/services/firebaseService.ts(1,26546): error TS1127: Invalid character.
src/services/firebaseService.ts(1,26547): error TS1127: Invalid character.
src/services/firebaseService.ts(1,26548): error TS1127: Invalid character.
src/services/firebaseService.ts(1,26549): error TS1127: Invalid character.
src/services/firebaseService.ts(1,26550): error TS1127: Invalid character.
src/services/firebaseService.ts(1,26551): error TS1127: Invalid character.
src/services/firebaseService.ts(1,26552): error TS1127: Invalid character.
src/services/firebaseService.ts(1,26553): error TS1127: Invalid character.
src/services/firebaseService.ts(1,26554): error TS1127: Invalid character.
src/services/firebaseService.ts(1,26555): error TS1127: Invalid character.
src/services/firebaseService.ts(1,26556): error TS1127: Invalid character.
src/services/firebaseService.ts(1,26557): error TS1127: Invalid character.
src/services/firebaseService.ts(1,26558): error TS1127: Invalid character.
src/services/firebaseService.ts(1,26559): error TS1127: Invalid character.
src/services/firebaseService.ts(1,26560): error TS1127: Invalid character.
src/services/firebaseService.ts(1,26561): error TS1127: Invalid character.
src/services/firebaseService.ts(1,26562): error TS1127: Invalid character.
src/services/firebaseService.ts(1,26563): error TS1127: Invalid character.
src/services/firebaseService.ts(1,26564): error TS1127: Invalid character.
src/services/firebaseService.ts(1,26565): error TS1127: Invalid character.
src/services/firebaseService.ts(1,26566): error TS1127: Invalid character.
src/services/firebaseService.ts(1,26567): error TS1127: Invalid character.
src/services/firebaseService.ts(1,26568): error TS1127: Invalid character.
src/services/firebaseService.ts(1,26569): error TS1127: Invalid character.
src/services/firebaseService.ts(1,26570): error TS1127: Invalid character.
src/services/firebaseService.ts(1,26571): error TS1127: Invalid character.
src/services/firebaseService.ts(1,26572): error TS1127: Invalid character.
src/services/firebaseService.ts(1,26573): error TS1127: Invalid character.
src/services/firebaseService.ts(1,26574): error TS1127: Invalid character.
src/services/firebaseService.ts(1,26575): error TS1127: Invalid character.
src/services/firebaseService.ts(1,26576): error TS1127: Invalid character.
src/services/firebaseService.ts(1,26577): error TS1127: Invalid character.
src/services/firebaseService.ts(1,26578): error TS1127: Invalid character.
src/services/firebaseService.ts(1,26579): error TS1127: Invalid character.
src/services/firebaseService.ts(1,26580): error TS1127: Invalid character.
src/services/firebaseService.ts(1,26581): error TS1127: Invalid character.
src/services/firebaseService.ts(1,26582): error TS1127: Invalid character.
src/services/firebaseService.ts(1,26583): error TS1127: Invalid character.
src/services/firebaseService.ts(1,26584): error TS1127: Invalid character.
src/services/firebaseService.ts(1,26585): error TS1127: Invalid character.
src/services/firebaseService.ts(1,26586): error TS1127: Invalid character.
src/services/firebaseService.ts(1,26587): error TS1127: Invalid character.
src/services/firebaseService.ts(1,26588): error TS1127: Invalid character.
src/services/firebaseService.ts(1,26589): error TS1127: Invalid character.
src/services/firebaseService.ts(1,26590): error TS1127: Invalid character.
src/services/firebaseService.ts(1,26591): error TS1127: Invalid character.
src/services/firebaseService.ts(1,26592): error TS1127: Invalid character.
src/services/firebaseService.ts(1,26593): error TS1127: Invalid character.
src/services/firebaseService.ts(1,26594): error TS1127: Invalid character.
src/services/firebaseService.ts(1,26595): error TS1127: Invalid character.
src/services/firebaseService.ts(1,26596): error TS1127: Invalid character.
src/services/firebaseService.ts(1,26597): error TS1127: Invalid character.
src/services/firebaseService.ts(1,26598): error TS1127: Invalid character.
src/services/firebaseService.ts(1,26599): error TS1127: Invalid character.
src/services/firebaseService.ts(1,26600): error TS1127: Invalid character.
src/services/firebaseService.ts(1,26601): error TS1127: Invalid character.
src/services/firebaseService.ts(1,26602): error TS1127: Invalid character.
src/services/firebaseService.ts(1,26603): error TS1127: Invalid character.
src/services/firebaseService.ts(1,26604): error TS1127: Invalid character.
src/services/firebaseService.ts(1,26605): error TS1127: Invalid character.
src/services/firebaseService.ts(1,26606): error TS1127: Invalid character.
src/services/firebaseService.ts(1,26607): error TS1127: Invalid character.
src/services/firebaseService.ts(1,26608): error TS1127: Invalid character.
src/services/firebaseService.ts(1,26609): error TS1127: Invalid character.
src/services/firebaseService.ts(1,26610): error TS1127: Invalid character.
src/services/firebaseService.ts(1,26611): error TS1127: Invalid character.
src/services/firebaseService.ts(1,26612): error TS1127: Invalid character.
src/services/firebaseService.ts(1,26613): error TS1127: Invalid character.
src/services/firebaseService.ts(1,26614): error TS1127: Invalid character.
src/services/firebaseService.ts(1,26615): error TS1127: Invalid character.
src/services/firebaseService.ts(1,26616): error TS1127: Invalid character.
src/services/firebaseService.ts(1,26617): error TS1127: Invalid character.
src/services/firebaseService.ts(1,26618): error TS1127: Invalid character.
src/services/firebaseService.ts(1,26619): error TS1127: Invalid character.
src/services/firebaseService.ts(1,26620): error TS1127: Invalid character.
src/services/firebaseService.ts(1,26621): error TS1127: Invalid character.
src/services/firebaseService.ts(1,26622): error TS1127: Invalid character.
src/services/firebaseService.ts(1,26623): error TS1127: Invalid character.
src/services/firebaseService.ts(1,26624): error TS1127: Invalid character.
src/services/firebaseService.ts(1,26625): error TS1127: Invalid character.
src/services/firebaseService.ts(1,26626): error TS1127: Invalid character.
src/services/firebaseService.ts(1,26627): error TS1127: Invalid character.
src/services/firebaseService.ts(1,26628): error TS1127: Invalid character.
src/services/firebaseService.ts(1,26629): error TS1127: Invalid character.
src/services/firebaseService.ts(1,26630): error TS1127: Invalid character.
src/services/firebaseService.ts(1,26631): error TS1127: Invalid character.
src/services/firebaseService.ts(1,26632): error TS1127: Invalid character.
src/services/firebaseService.ts(1,26633): error TS1127: Invalid character.
src/services/firebaseService.ts(1,26634): error TS1127: Invalid character.
src/services/firebaseService.ts(1,26635): error TS1127: Invalid character.
src/services/firebaseService.ts(1,26636): error TS1127: Invalid character.
src/services/firebaseService.ts(1,26637): error TS1127: Invalid character.
src/services/firebaseService.ts(1,26638): error TS1127: Invalid character.
src/services/firebaseService.ts(1,26639): error TS1127: Invalid character.
src/services/firebaseService.ts(1,26640): error TS1127: Invalid character.
src/services/firebaseService.ts(1,26641): error TS1127: Invalid character.
src/services/firebaseService.ts(1,26642): error TS1127: Invalid character.
src/services/firebaseService.ts(1,26643): error TS1127: Invalid character.
src/services/firebaseService.ts(1,26644): error TS1127: Invalid character.
src/services/firebaseService.ts(1,26645): error TS1127: Invalid character.
src/services/firebaseService.ts(1,26646): error TS1127: Invalid character.
src/services/firebaseService.ts(1,26647): error TS1127: Invalid character.
src/services/firebaseService.ts(1,26648): error TS1127: Invalid character.
src/services/firebaseService.ts(1,26649): error TS1127: Invalid character.
src/services/firebaseService.ts(1,26650): error TS1127: Invalid character.
src/services/firebaseService.ts(1,26651): error TS1127: Invalid character.
src/services/firebaseService.ts(1,26652): error TS1127: Invalid character.
src/services/firebaseService.ts(1,26653): error TS1127: Invalid character.
src/services/firebaseService.ts(1,26654): error TS1127: Invalid character.
src/services/firebaseService.ts(1,26655): error TS1127: Invalid character.
src/services/firebaseService.ts(1,26656): error TS1127: Invalid character.
src/services/firebaseService.ts(1,26657): error TS1127: Invalid character.
src/services/firebaseService.ts(1,26658): error TS1127: Invalid character.
src/services/firebaseService.ts(1,26659): error TS1127: Invalid character.
src/services/firebaseService.ts(1,26660): error TS1127: Invalid character.
src/services/firebaseService.ts(1,26661): error TS1127: Invalid character.
src/services/firebaseService.ts(1,26662): error TS1127: Invalid character.
src/services/firebaseService.ts(1,26663): error TS1127: Invalid character.
src/services/firebaseService.ts(1,26664): error TS1127: Invalid character.
src/services/firebaseService.ts(1,26665): error TS1127: Invalid character.
src/services/firebaseService.ts(1,26666): error TS1127: Invalid character.
src/services/firebaseService.ts(1,26667): error TS1127: Invalid character.
src/services/firebaseService.ts(1,26668): error TS1127: Invalid character.
src/services/firebaseService.ts(1,26669): error TS1127: Invalid character.
src/services/firebaseService.ts(1,26670): error TS1127: Invalid character.
src/services/firebaseService.ts(1,26671): error TS1127: Invalid character.
src/services/firebaseService.ts(1,26672): error TS1127: Invalid character.
src/services/firebaseService.ts(1,26673): error TS1127: Invalid character.
src/services/firebaseService.ts(1,26674): error TS1127: Invalid character.
src/services/firebaseService.ts(1,26675): error TS1127: Invalid character.
src/services/firebaseService.ts(1,26676): error TS1127: Invalid character.
src/services/firebaseService.ts(1,26677): error TS1127: Invalid character.
src/services/firebaseService.ts(1,26678): error TS1127: Invalid character.
src/services/firebaseService.ts(1,26679): error TS1127: Invalid character.
src/services/firebaseService.ts(1,26680): error TS1127: Invalid character.
src/services/firebaseService.ts(1,26681): error TS1127: Invalid character.
src/services/firebaseService.ts(1,26682): error TS1127: Invalid character.
src/services/firebaseService.ts(1,26683): error TS1127: Invalid character.
src/services/firebaseService.ts(1,26684): error TS1127: Invalid character.
src/services/firebaseService.ts(1,26685): error TS1127: Invalid character.
src/services/firebaseService.ts(1,26686): error TS1127: Invalid character.
src/services/firebaseService.ts(1,26687): error TS1127: Invalid character.
src/services/firebaseService.ts(1,26688): error TS1127: Invalid character.
src/services/firebaseService.ts(1,26689): error TS1127: Invalid character.
src/services/firebaseService.ts(1,26690): error TS1127: Invalid character.
src/services/firebaseService.ts(1,26691): error TS1127: Invalid character.
src/services/firebaseService.ts(1,26692): error TS1127: Invalid character.
src/services/firebaseService.ts(1,26693): error TS1127: Invalid character.
src/services/firebaseService.ts(1,26694): error TS1127: Invalid character.
src/services/firebaseService.ts(1,26695): error TS1127: Invalid character.
src/services/firebaseService.ts(1,26696): error TS1127: Invalid character.
src/services/firebaseService.ts(1,26697): error TS1127: Invalid character.
src/services/firebaseService.ts(1,26698): error TS1127: Invalid character.
src/services/firebaseService.ts(1,26699): error TS1127: Invalid character.
src/services/firebaseService.ts(1,26700): error TS1127: Invalid character.
src/services/firebaseService.ts(1,26701): error TS1127: Invalid character.
src/services/firebaseService.ts(1,26702): error TS1127: Invalid character.
src/services/firebaseService.ts(1,26703): error TS1127: Invalid character.
src/services/firebaseService.ts(1,26704): error TS1127: Invalid character.
src/services/firebaseService.ts(1,26705): error TS1127: Invalid character.
src/services/firebaseService.ts(1,26706): error TS1127: Invalid character.
src/services/firebaseService.ts(1,26707): error TS1127: Invalid character.
src/services/firebaseService.ts(1,26708): error TS1127: Invalid character.
src/services/firebaseService.ts(1,26709): error TS1127: Invalid character.
src/services/firebaseService.ts(1,26710): error TS1127: Invalid character.
src/services/firebaseService.ts(1,26711): error TS1127: Invalid character.
src/services/firebaseService.ts(1,26712): error TS1127: Invalid character.
src/services/firebaseService.ts(1,26713): error TS1127: Invalid character.
src/services/firebaseService.ts(1,26714): error TS1127: Invalid character.
src/services/firebaseService.ts(1,26715): error TS1127: Invalid character.
src/services/firebaseService.ts(1,26716): error TS1127: Invalid character.
src/services/firebaseService.ts(1,26717): error TS1127: Invalid character.
src/services/firebaseService.ts(1,26718): error TS1127: Invalid character.
src/services/firebaseService.ts(1,26719): error TS1127: Invalid character.
src/services/firebaseService.ts(1,26720): error TS1127: Invalid character.
src/services/firebaseService.ts(1,26721): error TS1127: Invalid character.
src/services/firebaseService.ts(1,26722): error TS1127: Invalid character.
src/services/firebaseService.ts(1,26723): error TS1127: Invalid character.
src/services/firebaseService.ts(1,26724): error TS1127: Invalid character.
src/services/firebaseService.ts(1,26725): error TS1127: Invalid character.
src/services/firebaseService.ts(1,26726): error TS1127: Invalid character.
src/services/firebaseService.ts(1,26727): error TS1127: Invalid character.
src/services/firebaseService.ts(1,26728): error TS1127: Invalid character.
src/services/firebaseService.ts(1,26729): error TS1127: Invalid character.
src/services/firebaseService.ts(1,26730): error TS1127: Invalid character.
src/services/firebaseService.ts(1,26731): error TS1127: Invalid character.
src/services/firebaseService.ts(1,26732): error TS1127: Invalid character.
src/services/firebaseService.ts(1,26733): error TS1127: Invalid character.
src/services/firebaseService.ts(1,26734): error TS1127: Invalid character.
src/services/firebaseService.ts(1,26735): error TS1127: Invalid character.
src/services/firebaseService.ts(1,26736): error TS1127: Invalid character.
src/services/firebaseService.ts(1,26737): error TS1127: Invalid character.
src/services/firebaseService.ts(1,26738): error TS1127: Invalid character.
src/services/firebaseService.ts(1,26739): error TS1127: Invalid character.
src/services/firebaseService.ts(1,26740): error TS1127: Invalid character.
src/services/firebaseService.ts(1,26741): error TS1127: Invalid character.
src/services/firebaseService.ts(1,26742): error TS1127: Invalid character.
src/services/firebaseService.ts(1,26743): error TS1127: Invalid character.
src/services/firebaseService.ts(1,26744): error TS1127: Invalid character.
src/services/firebaseService.ts(1,26745): error TS1127: Invalid character.
src/services/firebaseService.ts(1,26746): error TS1127: Invalid character.
src/services/firebaseService.ts(1,26747): error TS1127: Invalid character.
src/services/firebaseService.ts(1,26748): error TS1127: Invalid character.
src/services/firebaseService.ts(1,26749): error TS1127: Invalid character.
src/services/firebaseService.ts(1,26750): error TS1127: Invalid character.
src/services/firebaseService.ts(1,26751): error TS1127: Invalid character.
src/services/firebaseService.ts(1,26752): error TS1127: Invalid character.
src/services/firebaseService.ts(1,26753): error TS1127: Invalid character.
src/services/firebaseService.ts(1,26754): error TS1127: Invalid character.
src/services/firebaseService.ts(1,26755): error TS1127: Invalid character.
src/services/firebaseService.ts(1,26756): error TS1127: Invalid character.
src/services/firebaseService.ts(1,26757): error TS1127: Invalid character.
src/services/firebaseService.ts(1,26758): error TS1127: Invalid character.
src/services/firebaseService.ts(1,26759): error TS1127: Invalid character.
src/services/firebaseService.ts(1,26760): error TS1127: Invalid character.
src/services/firebaseService.ts(1,26761): error TS1127: Invalid character.
src/services/firebaseService.ts(1,26762): error TS1127: Invalid character.
src/services/firebaseService.ts(1,26763): error TS1127: Invalid character.
src/services/firebaseService.ts(1,26764): error TS1127: Invalid character.
src/services/firebaseService.ts(1,26765): error TS1127: Invalid character.
src/services/firebaseService.ts(1,26766): error TS1127: Invalid character.
src/services/firebaseService.ts(1,26767): error TS1127: Invalid character.
src/services/firebaseService.ts(1,26768): error TS1127: Invalid character.
src/services/firebaseService.ts(1,26769): error TS1127: Invalid character.
src/services/firebaseService.ts(1,26770): error TS1127: Invalid character.
src/services/firebaseService.ts(1,26771): error TS1127: Invalid character.
src/services/firebaseService.ts(1,26772): error TS1127: Invalid character.
src/services/firebaseService.ts(1,26773): error TS1127: Invalid character.
src/services/firebaseService.ts(1,26774): error TS1127: Invalid character.
src/services/firebaseService.ts(1,26775): error TS1127: Invalid character.
src/services/firebaseService.ts(1,26776): error TS1127: Invalid character.
src/services/firebaseService.ts(1,26777): error TS1127: Invalid character.
src/services/firebaseService.ts(1,26778): error TS1127: Invalid character.
src/services/firebaseService.ts(1,26779): error TS1127: Invalid character.
src/services/firebaseService.ts(1,26780): error TS1127: Invalid character.
src/services/firebaseService.ts(1,26781): error TS1127: Invalid character.
src/services/firebaseService.ts(1,26782): error TS1127: Invalid character.
src/services/firebaseService.ts(1,26783): error TS1127: Invalid character.
src/services/firebaseService.ts(1,26784): error TS1127: Invalid character.
src/services/firebaseService.ts(1,26785): error TS1127: Invalid character.
src/services/firebaseService.ts(1,26786): error TS1127: Invalid character.
src/services/firebaseService.ts(1,26787): error TS1127: Invalid character.
src/services/firebaseService.ts(1,26788): error TS1127: Invalid character.
src/services/firebaseService.ts(1,26789): error TS1127: Invalid character.
src/services/firebaseService.ts(1,26790): error TS1127: Invalid character.
src/services/firebaseService.ts(1,26791): error TS1127: Invalid character.
src/services/firebaseService.ts(1,26792): error TS1127: Invalid character.
src/services/firebaseService.ts(1,26793): error TS1127: Invalid character.
src/services/firebaseService.ts(1,26794): error TS1127: Invalid character.
src/services/firebaseService.ts(1,26795): error TS1127: Invalid character.
src/services/firebaseService.ts(1,26796): error TS1127: Invalid character.
src/services/firebaseService.ts(1,26797): error TS1127: Invalid character.
src/services/firebaseService.ts(1,26798): error TS1127: Invalid character.
src/services/firebaseService.ts(1,26799): error TS1127: Invalid character.
src/services/firebaseService.ts(1,26800): error TS1127: Invalid character.
src/services/firebaseService.ts(1,26801): error TS1127: Invalid character.
src/services/firebaseService.ts(1,26802): error TS1127: Invalid character.
src/services/firebaseService.ts(1,26803): error TS1127: Invalid character.
src/services/firebaseService.ts(1,26804): error TS1127: Invalid character.
src/services/firebaseService.ts(1,26805): error TS1127: Invalid character.
src/services/firebaseService.ts(1,26806): error TS1127: Invalid character.
src/services/firebaseService.ts(1,26807): error TS1127: Invalid character.
src/services/firebaseService.ts(1,26808): error TS1127: Invalid character.
src/services/firebaseService.ts(1,26809): error TS1127: Invalid character.
src/services/firebaseService.ts(1,26810): error TS1127: Invalid character.
src/services/firebaseService.ts(1,26811): error TS1127: Invalid character.
src/services/firebaseService.ts(1,26812): error TS1127: Invalid character.
src/services/firebaseService.ts(1,26813): error TS1127: Invalid character.
src/services/firebaseService.ts(1,26814): error TS1127: Invalid character.
src/services/firebaseService.ts(1,26815): error TS1127: Invalid character.
src/services/firebaseService.ts(1,26816): error TS1127: Invalid character.
src/services/firebaseService.ts(1,26817): error TS1127: Invalid character.
src/services/firebaseService.ts(1,26818): error TS1127: Invalid character.
src/services/firebaseService.ts(1,26819): error TS1127: Invalid character.
src/services/firebaseService.ts(1,26820): error TS1127: Invalid character.
src/services/firebaseService.ts(1,26821): error TS1127: Invalid character.
src/services/firebaseService.ts(1,26822): error TS1127: Invalid character.
src/services/firebaseService.ts(1,26823): error TS1127: Invalid character.
src/services/firebaseService.ts(1,26824): error TS1127: Invalid character.
src/services/firebaseService.ts(1,26825): error TS1127: Invalid character.
src/services/firebaseService.ts(1,26826): error TS1127: Invalid character.
src/services/firebaseService.ts(1,26827): error TS1127: Invalid character.
src/services/firebaseService.ts(1,26828): error TS1127: Invalid character.
src/services/firebaseService.ts(1,26829): error TS1127: Invalid character.
src/services/firebaseService.ts(1,26830): error TS1127: Invalid character.
src/services/firebaseService.ts(1,26831): error TS1127: Invalid character.
src/services/firebaseService.ts(1,26832): error TS1127: Invalid character.
src/services/firebaseService.ts(1,26833): error TS1127: Invalid character.
src/services/firebaseService.ts(1,26834): error TS1127: Invalid character.
src/services/firebaseService.ts(1,26835): error TS1127: Invalid character.
src/services/firebaseService.ts(1,26836): error TS1127: Invalid character.
src/services/firebaseService.ts(1,26837): error TS1127: Invalid character.
src/services/firebaseService.ts(1,26838): error TS1127: Invalid character.
src/services/firebaseService.ts(1,26839): error TS1127: Invalid character.
src/services/firebaseService.ts(1,26840): error TS1127: Invalid character.
src/services/firebaseService.ts(1,26841): error TS1127: Invalid character.
src/services/firebaseService.ts(1,26842): error TS1127: Invalid character.
src/services/firebaseService.ts(1,26843): error TS1127: Invalid character.
src/services/firebaseService.ts(1,26844): error TS1127: Invalid character.
src/services/firebaseService.ts(1,26845): error TS1127: Invalid character.
src/services/firebaseService.ts(1,26846): error TS1127: Invalid character.
src/services/firebaseService.ts(1,26847): error TS1127: Invalid character.
src/services/firebaseService.ts(1,26848): error TS1127: Invalid character.
src/services/firebaseService.ts(1,26849): error TS1127: Invalid character.
src/services/firebaseService.ts(1,26850): error TS1127: Invalid character.
src/services/firebaseService.ts(1,26851): error TS1127: Invalid character.
src/services/firebaseService.ts(1,26852): error TS1127: Invalid character.
src/services/firebaseService.ts(1,26853): error TS1127: Invalid character.
src/services/firebaseService.ts(1,26854): error TS1127: Invalid character.
src/services/firebaseService.ts(1,26855): error TS1127: Invalid character.
src/services/firebaseService.ts(1,26856): error TS1127: Invalid character.
src/services/firebaseService.ts(1,26857): error TS1127: Invalid character.
src/services/firebaseService.ts(1,26858): error TS1127: Invalid character.
src/services/firebaseService.ts(1,26859): error TS1127: Invalid character.
src/services/firebaseService.ts(1,26860): error TS1127: Invalid character.
src/services/firebaseService.ts(1,26861): error TS1127: Invalid character.
src/services/firebaseService.ts(1,26862): error TS1127: Invalid character.
src/services/firebaseService.ts(1,26863): error TS1127: Invalid character.
src/services/firebaseService.ts(1,26864): error TS1127: Invalid character.
src/services/firebaseService.ts(1,26865): error TS1127: Invalid character.
src/services/firebaseService.ts(1,26866): error TS1127: Invalid character.
src/services/firebaseService.ts(1,26867): error TS1127: Invalid character.
src/services/firebaseService.ts(1,26868): error TS1127: Invalid character.
src/services/firebaseService.ts(1,26869): error TS1127: Invalid character.
src/services/firebaseService.ts(1,26870): error TS1127: Invalid character.
src/services/firebaseService.ts(1,26871): error TS1127: Invalid character.
src/services/firebaseService.ts(1,26872): error TS1127: Invalid character.
src/services/firebaseService.ts(1,26873): error TS1127: Invalid character.
src/services/firebaseService.ts(1,26874): error TS1127: Invalid character.
src/services/firebaseService.ts(1,26875): error TS1127: Invalid character.
src/services/firebaseService.ts(1,26876): error TS1127: Invalid character.
src/services/firebaseService.ts(1,26877): error TS1127: Invalid character.
src/services/firebaseService.ts(1,26878): error TS1127: Invalid character.
src/services/firebaseService.ts(1,26879): error TS1127: Invalid character.
src/services/firebaseService.ts(1,26880): error TS1127: Invalid character.
src/services/firebaseService.ts(1,26881): error TS1127: Invalid character.
src/services/firebaseService.ts(1,26882): error TS1127: Invalid character.
src/services/firebaseService.ts(1,26883): error TS1127: Invalid character.
src/services/firebaseService.ts(1,26884): error TS1127: Invalid character.
src/services/firebaseService.ts(1,26885): error TS1127: Invalid character.
src/services/firebaseService.ts(1,26886): error TS1127: Invalid character.
src/services/firebaseService.ts(1,26887): error TS1127: Invalid character.
src/services/firebaseService.ts(1,26888): error TS1127: Invalid character.
src/services/firebaseService.ts(1,26889): error TS1127: Invalid character.
src/services/firebaseService.ts(1,26890): error TS1127: Invalid character.
src/services/firebaseService.ts(1,26891): error TS1127: Invalid character.
src/services/firebaseService.ts(1,26892): error TS1127: Invalid character.
src/services/firebaseService.ts(1,26893): error TS1127: Invalid character.
src/services/firebaseService.ts(1,26894): error TS1127: Invalid character.
src/services/firebaseService.ts(1,26895): error TS1127: Invalid character.
src/services/firebaseService.ts(1,26896): error TS1127: Invalid character.
src/services/firebaseService.ts(1,26897): error TS1127: Invalid character.
src/services/firebaseService.ts(1,26898): error TS1127: Invalid character.
src/services/firebaseService.ts(1,26899): error TS1127: Invalid character.
src/services/firebaseService.ts(1,26900): error TS1127: Invalid character.
src/services/firebaseService.ts(1,26901): error TS1127: Invalid character.
src/services/firebaseService.ts(1,26902): error TS1127: Invalid character.
src/services/firebaseService.ts(1,26903): error TS1127: Invalid character.
src/services/firebaseService.ts(1,26904): error TS1127: Invalid character.
src/services/firebaseService.ts(1,26905): error TS1127: Invalid character.
src/services/firebaseService.ts(1,26906): error TS1127: Invalid character.
src/services/firebaseService.ts(1,26907): error TS1127: Invalid character.
src/services/firebaseService.ts(1,26908): error TS1127: Invalid character.
src/services/firebaseService.ts(1,26909): error TS1127: Invalid character.
src/services/firebaseService.ts(1,26910): error TS1127: Invalid character.
src/services/firebaseService.ts(1,26911): error TS1127: Invalid character.
src/services/firebaseService.ts(1,26912): error TS1127: Invalid character.
src/services/firebaseService.ts(1,26913): error TS1127: Invalid character.
src/services/firebaseService.ts(1,26914): error TS1127: Invalid character.
src/services/firebaseService.ts(1,26915): error TS1127: Invalid character.
src/services/firebaseService.ts(1,26916): error TS1127: Invalid character.
src/services/firebaseService.ts(1,26917): error TS1127: Invalid character.
src/services/firebaseService.ts(1,26918): error TS1127: Invalid character.
src/services/firebaseService.ts(1,26919): error TS1127: Invalid character.
src/services/firebaseService.ts(1,26920): error TS1127: Invalid character.
src/services/firebaseService.ts(1,26921): error TS1127: Invalid character.
src/services/firebaseService.ts(1,26922): error TS1127: Invalid character.
src/services/firebaseService.ts(1,26923): error TS1127: Invalid character.
src/services/firebaseService.ts(1,26924): error TS1127: Invalid character.
src/services/firebaseService.ts(1,26925): error TS1127: Invalid character.
src/services/firebaseService.ts(1,26926): error TS1127: Invalid character.
src/services/firebaseService.ts(1,26927): error TS1127: Invalid character.
src/services/firebaseService.ts(1,26928): error TS1127: Invalid character.
src/services/firebaseService.ts(1,26929): error TS1127: Invalid character.
src/services/firebaseService.ts(1,26930): error TS1127: Invalid character.
src/services/firebaseService.ts(1,26931): error TS1127: Invalid character.
src/services/firebaseService.ts(1,26932): error TS1127: Invalid character.
src/services/firebaseService.ts(1,26933): error TS1127: Invalid character.
src/services/firebaseService.ts(1,26934): error TS1127: Invalid character.
src/services/firebaseService.ts(1,26935): error TS1127: Invalid character.
src/services/firebaseService.ts(1,26936): error TS1127: Invalid character.
src/services/firebaseService.ts(1,26937): error TS1127: Invalid character.
src/services/firebaseService.ts(1,26938): error TS1127: Invalid character.
src/services/firebaseService.ts(1,26939): error TS1127: Invalid character.
src/services/firebaseService.ts(1,26940): error TS1127: Invalid character.
src/services/firebaseService.ts(1,26941): error TS1127: Invalid character.
src/services/firebaseService.ts(1,26942): error TS1127: Invalid character.
src/services/firebaseService.ts(1,26943): error TS1127: Invalid character.
src/services/firebaseService.ts(1,26944): error TS1127: Invalid character.
src/services/firebaseService.ts(1,26945): error TS1127: Invalid character.
src/services/firebaseService.ts(1,26946): error TS1127: Invalid character.
src/services/firebaseService.ts(1,26947): error TS1127: Invalid character.
src/services/firebaseService.ts(1,26948): error TS1127: Invalid character.
src/services/firebaseService.ts(1,26949): error TS1127: Invalid character.
src/services/firebaseService.ts(1,26950): error TS1127: Invalid character.
src/services/firebaseService.ts(1,26951): error TS1127: Invalid character.
src/services/firebaseService.ts(1,26952): error TS1127: Invalid character.
src/services/firebaseService.ts(1,26953): error TS1127: Invalid character.
src/services/firebaseService.ts(1,26954): error TS1127: Invalid character.
src/services/firebaseService.ts(1,26955): error TS1127: Invalid character.
src/services/firebaseService.ts(1,26956): error TS1127: Invalid character.
src/services/firebaseService.ts(1,26957): error TS1127: Invalid character.
src/services/firebaseService.ts(1,26958): error TS1127: Invalid character.
src/services/firebaseService.ts(1,26959): error TS1127: Invalid character.
src/services/firebaseService.ts(1,26960): error TS1127: Invalid character.
src/services/firebaseService.ts(1,26961): error TS1127: Invalid character.
src/services/firebaseService.ts(1,26962): error TS1127: Invalid character.
src/services/firebaseService.ts(1,26963): error TS1127: Invalid character.
src/services/firebaseService.ts(1,26964): error TS1127: Invalid character.
src/services/firebaseService.ts(1,26965): error TS1127: Invalid character.
src/services/firebaseService.ts(1,26966): error TS1127: Invalid character.
src/services/firebaseService.ts(1,26967): error TS1127: Invalid character.
src/services/firebaseService.ts(1,26968): error TS1127: Invalid character.
src/services/firebaseService.ts(1,26969): error TS1127: Invalid character.
src/services/firebaseService.ts(1,26970): error TS1127: Invalid character.
src/services/firebaseService.ts(1,26971): error TS1127: Invalid character.
src/services/firebaseService.ts(1,26972): error TS1127: Invalid character.
src/services/firebaseService.ts(1,26973): error TS1127: Invalid character.
src/services/firebaseService.ts(1,26974): error TS1127: Invalid character.
src/services/firebaseService.ts(1,26975): error TS1127: Invalid character.
src/services/firebaseService.ts(1,26976): error TS1127: Invalid character.
src/services/firebaseService.ts(1,26977): error TS1127: Invalid character.
src/services/firebaseService.ts(1,26978): error TS1127: Invalid character.
src/services/firebaseService.ts(1,26979): error TS1127: Invalid character.
src/services/firebaseService.ts(1,26980): error TS1127: Invalid character.
src/services/firebaseService.ts(1,26981): error TS1127: Invalid character.
src/services/firebaseService.ts(1,26982): error TS1127: Invalid character.
src/services/firebaseService.ts(1,26983): error TS1127: Invalid character.
src/services/firebaseService.ts(1,26984): error TS1127: Invalid character.
src/services/firebaseService.ts(1,26985): error TS1127: Invalid character.
src/services/firebaseService.ts(1,26986): error TS1127: Invalid character.
src/services/firebaseService.ts(1,26987): error TS1127: Invalid character.
src/services/firebaseService.ts(1,26988): error TS1127: Invalid character.
src/services/firebaseService.ts(1,26989): error TS1127: Invalid character.
src/services/firebaseService.ts(1,26990): error TS1127: Invalid character.
src/services/firebaseService.ts(1,26991): error TS1127: Invalid character.
src/services/firebaseService.ts(1,26992): error TS1127: Invalid character.
src/services/firebaseService.ts(1,26993): error TS1127: Invalid character.
src/services/firebaseService.ts(1,26994): error TS1127: Invalid character.
src/services/firebaseService.ts(1,26995): error TS1127: Invalid character.
src/services/firebaseService.ts(1,26996): error TS1127: Invalid character.
src/services/firebaseService.ts(1,26997): error TS1127: Invalid character.
src/services/firebaseService.ts(1,26998): error TS1127: Invalid character.
src/services/firebaseService.ts(1,26999): error TS1127: Invalid character.
src/services/firebaseService.ts(1,27000): error TS1127: Invalid character.
src/services/firebaseService.ts(1,27001): error TS1127: Invalid character.
src/services/firebaseService.ts(1,27002): error TS1127: Invalid character.
src/services/firebaseService.ts(1,27003): error TS1127: Invalid character.
src/services/firebaseService.ts(1,27004): error TS1127: Invalid character.
src/services/firebaseService.ts(1,27005): error TS1127: Invalid character.
src/services/firebaseService.ts(1,27006): error TS1127: Invalid character.
src/services/firebaseService.ts(1,27007): error TS1127: Invalid character.
src/services/firebaseService.ts(1,27008): error TS1127: Invalid character.
src/services/firebaseService.ts(1,27009): error TS1127: Invalid character.
src/services/firebaseService.ts(1,27010): error TS1127: Invalid character.
src/services/firebaseService.ts(1,27011): error TS1127: Invalid character.
src/services/firebaseService.ts(1,27012): error TS1127: Invalid character.
src/services/firebaseService.ts(1,27013): error TS1127: Invalid character.
src/services/firebaseService.ts(1,27014): error TS1127: Invalid character.
src/services/firebaseService.ts(1,27015): error TS1127: Invalid character.
src/services/firebaseService.ts(1,27016): error TS1127: Invalid character.
src/services/firebaseService.ts(1,27017): error TS1127: Invalid character.
src/services/firebaseService.ts(1,27018): error TS1127: Invalid character.
src/services/firebaseService.ts(1,27019): error TS1127: Invalid character.
src/services/firebaseService.ts(1,27020): error TS1127: Invalid character.
src/services/firebaseService.ts(1,27021): error TS1127: Invalid character.
src/services/firebaseService.ts(1,27022): error TS1127: Invalid character.
src/services/firebaseService.ts(1,27023): error TS1127: Invalid character.
src/services/firebaseService.ts(1,27024): error TS1127: Invalid character.
src/services/firebaseService.ts(1,27025): error TS1127: Invalid character.
src/services/firebaseService.ts(1,27026): error TS1127: Invalid character.
src/services/firebaseService.ts(1,27027): error TS1127: Invalid character.
src/services/firebaseService.ts(1,27028): error TS1127: Invalid character.
src/services/firebaseService.ts(1,27029): error TS1127: Invalid character.
src/services/firebaseService.ts(1,27030): error TS1127: Invalid character.
src/services/firebaseService.ts(1,27031): error TS1127: Invalid character.
src/services/firebaseService.ts(1,27032): error TS1127: Invalid character.
src/services/firebaseService.ts(1,27033): error TS1127: Invalid character.
src/services/firebaseService.ts(1,27034): error TS1127: Invalid character.
src/services/firebaseService.ts(1,27035): error TS1127: Invalid character.
src/services/firebaseService.ts(1,27036): error TS1127: Invalid character.
src/services/firebaseService.ts(1,27037): error TS1127: Invalid character.
src/services/firebaseService.ts(1,27038): error TS1127: Invalid character.
src/services/firebaseService.ts(1,27039): error TS1127: Invalid character.
src/services/firebaseService.ts(1,27040): error TS1127: Invalid character.
src/services/firebaseService.ts(1,27041): error TS1127: Invalid character.
src/services/firebaseService.ts(1,27042): error TS1127: Invalid character.
src/services/firebaseService.ts(1,27043): error TS1127: Invalid character.
src/services/firebaseService.ts(1,27044): error TS1127: Invalid character.
src/services/firebaseService.ts(1,27045): error TS1127: Invalid character.
src/services/firebaseService.ts(1,27046): error TS1127: Invalid character.
src/services/firebaseService.ts(1,27047): error TS1127: Invalid character.
src/services/firebaseService.ts(1,27048): error TS1127: Invalid character.
src/services/firebaseService.ts(1,27049): error TS1127: Invalid character.
src/services/firebaseService.ts(1,27050): error TS1127: Invalid character.
src/services/firebaseService.ts(1,27051): error TS1127: Invalid character.
src/services/firebaseService.ts(1,27052): error TS1127: Invalid character.
src/services/firebaseService.ts(1,27053): error TS1127: Invalid character.
src/services/firebaseService.ts(1,27054): error TS1127: Invalid character.
src/services/firebaseService.ts(1,27055): error TS1127: Invalid character.
src/services/firebaseService.ts(1,27056): error TS1127: Invalid character.
src/services/firebaseService.ts(1,27057): error TS1127: Invalid character.
src/services/firebaseService.ts(1,27058): error TS1127: Invalid character.
src/services/firebaseService.ts(1,27059): error TS1127: Invalid character.
src/services/firebaseService.ts(1,27060): error TS1127: Invalid character.
src/services/firebaseService.ts(1,27061): error TS1127: Invalid character.
src/services/firebaseService.ts(1,27062): error TS1127: Invalid character.
src/services/firebaseService.ts(1,27063): error TS1127: Invalid character.
src/services/firebaseService.ts(1,27064): error TS1127: Invalid character.
src/services/firebaseService.ts(1,27065): error TS1127: Invalid character.
src/services/firebaseService.ts(1,27066): error TS1127: Invalid character.
src/services/firebaseService.ts(1,27067): error TS1127: Invalid character.
src/services/firebaseService.ts(1,27068): error TS1127: Invalid character.
src/services/firebaseService.ts(1,27069): error TS1127: Invalid character.
src/services/firebaseService.ts(1,27070): error TS1127: Invalid character.
src/services/firebaseService.ts(1,27071): error TS1127: Invalid character.
src/services/firebaseService.ts(1,27072): error TS1127: Invalid character.
src/services/firebaseService.ts(1,27073): error TS1127: Invalid character.
src/services/firebaseService.ts(1,27074): error TS1127: Invalid character.
src/services/firebaseService.ts(1,27075): error TS1127: Invalid character.
src/services/firebaseService.ts(1,27076): error TS1127: Invalid character.
src/services/firebaseService.ts(1,27077): error TS1127: Invalid character.
src/services/firebaseService.ts(1,27078): error TS1127: Invalid character.
src/services/firebaseService.ts(1,27079): error TS1127: Invalid character.
src/services/firebaseService.ts(1,27080): error TS1127: Invalid character.
src/services/firebaseService.ts(1,27081): error TS1127: Invalid character.
src/services/firebaseService.ts(1,27082): error TS1127: Invalid character.
src/services/firebaseService.ts(1,27083): error TS1127: Invalid character.
src/services/firebaseService.ts(1,27084): error TS1127: Invalid character.
src/services/firebaseService.ts(1,27085): error TS1127: Invalid character.
src/services/firebaseService.ts(1,27086): error TS1127: Invalid character.
src/services/firebaseService.ts(1,27087): error TS1127: Invalid character.
src/services/firebaseService.ts(1,27088): error TS1127: Invalid character.
src/services/firebaseService.ts(1,27089): error TS1127: Invalid character.
src/services/firebaseService.ts(1,27090): error TS1127: Invalid character.
src/services/firebaseService.ts(1,27091): error TS1127: Invalid character.
src/services/firebaseService.ts(1,27092): error TS1127: Invalid character.
src/services/firebaseService.ts(1,27093): error TS1127: Invalid character.
src/services/firebaseService.ts(1,27094): error TS1127: Invalid character.
src/services/firebaseService.ts(1,27095): error TS1127: Invalid character.
src/services/firebaseService.ts(1,27096): error TS1127: Invalid character.
src/services/firebaseService.ts(1,27097): error TS1127: Invalid character.
src/services/firebaseService.ts(1,27098): error TS1127: Invalid character.
src/services/firebaseService.ts(1,27099): error TS1127: Invalid character.
src/services/firebaseService.ts(1,27100): error TS1127: Invalid character.
src/services/firebaseService.ts(1,27101): error TS1127: Invalid character.
src/services/firebaseService.ts(1,27102): error TS1127: Invalid character.
src/services/firebaseService.ts(1,27103): error TS1127: Invalid character.
src/services/firebaseService.ts(1,27104): error TS1127: Invalid character.
src/services/firebaseService.ts(1,27105): error TS1127: Invalid character.
src/services/firebaseService.ts(1,27106): error TS1127: Invalid character.
src/services/firebaseService.ts(1,27107): error TS1127: Invalid character.
src/services/firebaseService.ts(1,27108): error TS1127: Invalid character.
src/services/firebaseService.ts(1,27109): error TS1127: Invalid character.
src/services/firebaseService.ts(1,27110): error TS1127: Invalid character.
src/services/firebaseService.ts(1,27111): error TS1127: Invalid character.
src/services/firebaseService.ts(1,27112): error TS1127: Invalid character.
src/services/firebaseService.ts(1,27113): error TS1127: Invalid character.
src/services/firebaseService.ts(1,27114): error TS1127: Invalid character.
src/services/firebaseService.ts(1,27115): error TS1127: Invalid character.
src/services/firebaseService.ts(1,27116): error TS1127: Invalid character.
src/services/firebaseService.ts(1,27117): error TS1127: Invalid character.
src/services/firebaseService.ts(1,27118): error TS1127: Invalid character.
src/services/firebaseService.ts(1,27119): error TS1127: Invalid character.
src/services/firebaseService.ts(1,27120): error TS1127: Invalid character.
src/services/firebaseService.ts(1,27121): error TS1127: Invalid character.
src/services/firebaseService.ts(1,27122): error TS1127: Invalid character.
src/services/firebaseService.ts(1,27123): error TS1127: Invalid character.
src/services/firebaseService.ts(1,27124): error TS1127: Invalid character.
src/services/firebaseService.ts(1,27125): error TS1127: Invalid character.
src/services/firebaseService.ts(1,27126): error TS1127: Invalid character.
src/services/firebaseService.ts(1,27127): error TS1127: Invalid character.
src/services/firebaseService.ts(1,27128): error TS1127: Invalid character.
src/services/firebaseService.ts(1,27129): error TS1127: Invalid character.
src/services/firebaseService.ts(1,27130): error TS1127: Invalid character.
src/services/firebaseService.ts(1,27131): error TS1127: Invalid character.
src/services/firebaseService.ts(1,27132): error TS1127: Invalid character.
src/services/firebaseService.ts(1,27133): error TS1127: Invalid character.
src/services/firebaseService.ts(1,27134): error TS1127: Invalid character.
src/services/firebaseService.ts(1,27135): error TS1127: Invalid character.
src/services/firebaseService.ts(1,27136): error TS1127: Invalid character.
src/services/firebaseService.ts(1,27137): error TS1127: Invalid character.
src/services/firebaseService.ts(1,27138): error TS1127: Invalid character.
src/services/firebaseService.ts(1,27139): error TS1127: Invalid character.
src/services/firebaseService.ts(1,27140): error TS1127: Invalid character.
src/services/firebaseService.ts(1,27141): error TS1127: Invalid character.
src/services/firebaseService.ts(1,27142): error TS1127: Invalid character.
src/services/firebaseService.ts(1,27143): error TS1127: Invalid character.
src/services/firebaseService.ts(1,27144): error TS1127: Invalid character.
src/services/firebaseService.ts(1,27145): error TS1127: Invalid character.
src/services/firebaseService.ts(1,27146): error TS1127: Invalid character.
src/services/firebaseService.ts(1,27147): error TS1127: Invalid character.
src/services/firebaseService.ts(1,27148): error TS1127: Invalid character.
src/services/firebaseService.ts(1,27149): error TS1127: Invalid character.
src/services/firebaseService.ts(1,27150): error TS1127: Invalid character.
src/services/firebaseService.ts(1,27151): error TS1127: Invalid character.
src/services/firebaseService.ts(1,27152): error TS1127: Invalid character.
src/services/firebaseService.ts(1,27153): error TS1127: Invalid character.
src/services/firebaseService.ts(1,27154): error TS1127: Invalid character.
src/services/firebaseService.ts(1,27155): error TS1127: Invalid character.
src/services/firebaseService.ts(1,27156): error TS1127: Invalid character.
src/services/firebaseService.ts(1,27157): error TS1127: Invalid character.
src/services/firebaseService.ts(1,27158): error TS1127: Invalid character.
src/services/firebaseService.ts(1,27159): error TS1127: Invalid character.
src/services/firebaseService.ts(1,27160): error TS1127: Invalid character.
src/services/firebaseService.ts(1,27161): error TS1127: Invalid character.
src/services/firebaseService.ts(1,27162): error TS1127: Invalid character.
src/services/firebaseService.ts(1,27163): error TS1127: Invalid character.
src/services/firebaseService.ts(1,27164): error TS1127: Invalid character.
src/services/firebaseService.ts(1,27165): error TS1127: Invalid character.
src/services/firebaseService.ts(1,27166): error TS1127: Invalid character.
src/services/firebaseService.ts(1,27167): error TS1127: Invalid character.
src/services/firebaseService.ts(1,27168): error TS1127: Invalid character.
src/services/firebaseService.ts(1,27169): error TS1127: Invalid character.
src/services/firebaseService.ts(1,27170): error TS1127: Invalid character.
src/services/firebaseService.ts(1,27171): error TS1127: Invalid character.
src/services/firebaseService.ts(1,27172): error TS1127: Invalid character.
src/services/firebaseService.ts(1,27173): error TS1127: Invalid character.
src/services/firebaseService.ts(1,27174): error TS1127: Invalid character.
src/services/firebaseService.ts(1,27175): error TS1127: Invalid character.
src/services/firebaseService.ts(1,27176): error TS1127: Invalid character.
src/services/firebaseService.ts(1,27177): error TS1127: Invalid character.
src/services/firebaseService.ts(1,27178): error TS1127: Invalid character.
src/services/firebaseService.ts(1,27179): error TS1127: Invalid character.
src/services/firebaseService.ts(1,27180): error TS1127: Invalid character.
src/services/firebaseService.ts(1,27181): error TS1127: Invalid character.
src/services/firebaseService.ts(1,27182): error TS1127: Invalid character.
src/services/firebaseService.ts(1,27183): error TS1127: Invalid character.
src/services/firebaseService.ts(1,27184): error TS1127: Invalid character.
src/services/firebaseService.ts(1,27185): error TS1127: Invalid character.
src/services/firebaseService.ts(1,27186): error TS1127: Invalid character.
src/services/firebaseService.ts(1,27187): error TS1127: Invalid character.
src/services/firebaseService.ts(1,27188): error TS1127: Invalid character.
src/services/firebaseService.ts(1,27189): error TS1127: Invalid character.
src/services/firebaseService.ts(1,27190): error TS1127: Invalid character.
src/services/firebaseService.ts(1,27191): error TS1127: Invalid character.
src/services/firebaseService.ts(1,27192): error TS1127: Invalid character.
src/services/firebaseService.ts(1,27193): error TS1127: Invalid character.
src/services/firebaseService.ts(1,27194): error TS1127: Invalid character.
src/services/firebaseService.ts(1,27195): error TS1127: Invalid character.
src/services/firebaseService.ts(1,27196): error TS1127: Invalid character.
src/services/firebaseService.ts(1,27197): error TS1127: Invalid character.
src/services/firebaseService.ts(1,27198): error TS1127: Invalid character.
src/services/firebaseService.ts(1,27199): error TS1127: Invalid character.
src/services/firebaseService.ts(1,27200): error TS1127: Invalid character.
src/services/firebaseService.ts(1,27201): error TS1127: Invalid character.
src/services/firebaseService.ts(1,27202): error TS1127: Invalid character.
src/services/firebaseService.ts(1,27203): error TS1127: Invalid character.
src/services/firebaseService.ts(1,27204): error TS1127: Invalid character.
src/services/firebaseService.ts(1,27205): error TS1127: Invalid character.
src/services/firebaseService.ts(1,27206): error TS1127: Invalid character.
src/services/firebaseService.ts(1,27207): error TS1127: Invalid character.
src/services/firebaseService.ts(1,27208): error TS1127: Invalid character.
src/services/firebaseService.ts(1,27209): error TS1127: Invalid character.
src/services/firebaseService.ts(1,27210): error TS1127: Invalid character.
src/services/firebaseService.ts(1,27211): error TS1127: Invalid character.
src/services/firebaseService.ts(1,27212): error TS1127: Invalid character.
src/services/firebaseService.ts(1,27213): error TS1127: Invalid character.
src/services/firebaseService.ts(1,27214): error TS1127: Invalid character.
src/services/firebaseService.ts(1,27215): error TS1127: Invalid character.
src/services/firebaseService.ts(1,27216): error TS1127: Invalid character.
src/services/firebaseService.ts(1,27217): error TS1127: Invalid character.
src/services/firebaseService.ts(1,27218): error TS1127: Invalid character.
src/services/firebaseService.ts(1,27219): error TS1127: Invalid character.
src/services/firebaseService.ts(1,27220): error TS1127: Invalid character.
src/services/firebaseService.ts(1,27221): error TS1127: Invalid character.
src/services/firebaseService.ts(1,27222): error TS1127: Invalid character.
src/services/firebaseService.ts(1,27223): error TS1127: Invalid character.
src/services/firebaseService.ts(1,27224): error TS1127: Invalid character.
src/services/firebaseService.ts(1,27225): error TS1127: Invalid character.
src/services/firebaseService.ts(1,27226): error TS1127: Invalid character.
src/services/firebaseService.ts(1,27227): error TS1127: Invalid character.
src/services/firebaseService.ts(1,27228): error TS1127: Invalid character.
src/services/firebaseService.ts(1,27229): error TS1127: Invalid character.
src/services/firebaseService.ts(1,27230): error TS1127: Invalid character.
src/services/firebaseService.ts(1,27231): error TS1127: Invalid character.
src/services/firebaseService.ts(1,27232): error TS1127: Invalid character.
src/services/firebaseService.ts(1,27233): error TS1127: Invalid character.
src/services/firebaseService.ts(1,27234): error TS1127: Invalid character.
src/services/firebaseService.ts(1,27235): error TS1127: Invalid character.
src/services/firebaseService.ts(1,27236): error TS1127: Invalid character.
src/services/firebaseService.ts(1,27237): error TS1127: Invalid character.
src/services/firebaseService.ts(1,27238): error TS1127: Invalid character.
src/services/firebaseService.ts(1,27239): error TS1127: Invalid character.
src/services/firebaseService.ts(1,27240): error TS1127: Invalid character.
src/services/firebaseService.ts(1,27241): error TS1127: Invalid character.
src/services/firebaseService.ts(1,27242): error TS1127: Invalid character.
src/services/firebaseService.ts(1,27243): error TS1127: Invalid character.
src/services/firebaseService.ts(1,27244): error TS1127: Invalid character.
src/services/firebaseService.ts(1,27245): error TS1127: Invalid character.
src/services/firebaseService.ts(1,27246): error TS1127: Invalid character.
src/services/firebaseService.ts(1,27247): error TS1127: Invalid character.
src/services/firebaseService.ts(1,27248): error TS1127: Invalid character.
src/services/firebaseService.ts(1,27249): error TS1127: Invalid character.
src/services/firebaseService.ts(1,27250): error TS1127: Invalid character.
src/services/firebaseService.ts(1,27251): error TS1127: Invalid character.
src/services/firebaseService.ts(1,27252): error TS1127: Invalid character.
src/services/firebaseService.ts(1,27253): error TS1127: Invalid character.
src/services/firebaseService.ts(1,27254): error TS1127: Invalid character.
src/services/firebaseService.ts(1,27255): error TS1127: Invalid character.
src/services/firebaseService.ts(1,27256): error TS1127: Invalid character.
src/services/firebaseService.ts(1,27257): error TS1127: Invalid character.
src/services/firebaseService.ts(1,27258): error TS1127: Invalid character.
src/services/firebaseService.ts(1,27259): error TS1127: Invalid character.
src/services/firebaseService.ts(1,27260): error TS1127: Invalid character.
src/services/firebaseService.ts(1,27261): error TS1127: Invalid character.
src/services/firebaseService.ts(1,27262): error TS1127: Invalid character.
src/services/firebaseService.ts(1,27263): error TS1127: Invalid character.
src/services/firebaseService.ts(1,27264): error TS1127: Invalid character.
src/services/firebaseService.ts(1,27265): error TS1127: Invalid character.
src/services/firebaseService.ts(1,27266): error TS1127: Invalid character.
src/services/firebaseService.ts(1,27267): error TS1127: Invalid character.
src/services/firebaseService.ts(1,27268): error TS1127: Invalid character.
src/services/firebaseService.ts(1,27269): error TS1127: Invalid character.
src/services/firebaseService.ts(1,27270): error TS1127: Invalid character.
src/services/firebaseService.ts(1,27271): error TS1127: Invalid character.
src/services/firebaseService.ts(1,27272): error TS1127: Invalid character.
src/services/firebaseService.ts(1,27273): error TS1127: Invalid character.
src/services/firebaseService.ts(1,27274): error TS1127: Invalid character.
src/services/firebaseService.ts(1,27275): error TS1127: Invalid character.
src/services/firebaseService.ts(1,27276): error TS1127: Invalid character.
src/services/firebaseService.ts(1,27277): error TS1127: Invalid character.
src/services/firebaseService.ts(1,27278): error TS1127: Invalid character.
src/services/firebaseService.ts(1,27279): error TS1127: Invalid character.
src/services/firebaseService.ts(1,27280): error TS1127: Invalid character.
src/services/firebaseService.ts(1,27281): error TS1127: Invalid character.
src/services/firebaseService.ts(1,27282): error TS1127: Invalid character.
src/services/firebaseService.ts(1,27283): error TS1127: Invalid character.
src/services/firebaseService.ts(1,27284): error TS1127: Invalid character.
src/services/firebaseService.ts(1,27285): error TS1127: Invalid character.
src/services/firebaseService.ts(1,27286): error TS1127: Invalid character.
src/services/firebaseService.ts(1,27287): error TS1127: Invalid character.
src/services/firebaseService.ts(1,27288): error TS1127: Invalid character.
src/services/firebaseService.ts(1,27289): error TS1127: Invalid character.
src/services/firebaseService.ts(1,27290): error TS1127: Invalid character.
src/services/firebaseService.ts(1,27291): error TS1127: Invalid character.
src/services/firebaseService.ts(1,27292): error TS1127: Invalid character.
src/services/firebaseService.ts(1,27293): error TS1127: Invalid character.
src/services/firebaseService.ts(1,27294): error TS1127: Invalid character.
src/services/firebaseService.ts(1,27295): error TS1127: Invalid character.
src/services/firebaseService.ts(1,27296): error TS1127: Invalid character.
src/services/firebaseService.ts(1,27297): error TS1127: Invalid character.
src/services/firebaseService.ts(1,27298): error TS1127: Invalid character.
src/services/firebaseService.ts(1,27299): error TS1127: Invalid character.
src/services/firebaseService.ts(1,27300): error TS1127: Invalid character.
src/services/firebaseService.ts(1,27301): error TS1127: Invalid character.
src/services/firebaseService.ts(1,27302): error TS1127: Invalid character.
src/services/firebaseService.ts(1,27303): error TS1127: Invalid character.
src/services/firebaseService.ts(1,27304): error TS1127: Invalid character.
src/services/firebaseService.ts(1,27305): error TS1127: Invalid character.
src/services/firebaseService.ts(1,27306): error TS1127: Invalid character.
src/services/firebaseService.ts(1,27307): error TS1127: Invalid character.
src/services/firebaseService.ts(1,27308): error TS1127: Invalid character.
src/services/firebaseService.ts(1,27309): error TS1127: Invalid character.
src/services/firebaseService.ts(1,27310): error TS1127: Invalid character.
src/services/firebaseService.ts(1,27311): error TS1127: Invalid character.
src/services/firebaseService.ts(1,27312): error TS1127: Invalid character.
src/services/firebaseService.ts(1,27313): error TS1127: Invalid character.
src/services/firebaseService.ts(1,27314): error TS1127: Invalid character.
src/services/firebaseService.ts(1,27315): error TS1127: Invalid character.
src/services/firebaseService.ts(1,27316): error TS1127: Invalid character.
src/services/firebaseService.ts(1,27317): error TS1127: Invalid character.
src/services/firebaseService.ts(1,27318): error TS1127: Invalid character.
src/services/firebaseService.ts(1,27319): error TS1127: Invalid character.
src/services/firebaseService.ts(1,27320): error TS1127: Invalid character.
src/services/firebaseService.ts(1,27321): error TS1127: Invalid character.
src/services/firebaseService.ts(1,27322): error TS1127: Invalid character.
src/services/firebaseService.ts(1,27323): error TS1127: Invalid character.
src/services/firebaseService.ts(1,27324): error TS1127: Invalid character.
src/services/firebaseService.ts(1,27325): error TS1127: Invalid character.
src/services/firebaseService.ts(1,27326): error TS1127: Invalid character.
src/services/firebaseService.ts(1,27327): error TS1127: Invalid character.
src/services/firebaseService.ts(1,27328): error TS1127: Invalid character.
src/services/firebaseService.ts(1,27329): error TS1127: Invalid character.
src/services/firebaseService.ts(1,27330): error TS1127: Invalid character.
src/services/firebaseService.ts(1,27331): error TS1127: Invalid character.
src/services/firebaseService.ts(1,27332): error TS1127: Invalid character.
src/services/firebaseService.ts(1,27333): error TS1127: Invalid character.
src/services/firebaseService.ts(1,27334): error TS1127: Invalid character.
src/services/firebaseService.ts(1,27335): error TS1127: Invalid character.
src/services/firebaseService.ts(1,27336): error TS1127: Invalid character.
src/services/firebaseService.ts(1,27337): error TS1127: Invalid character.
src/services/firebaseService.ts(1,27338): error TS1127: Invalid character.
src/services/firebaseService.ts(1,27339): error TS1127: Invalid character.
src/services/firebaseService.ts(1,27340): error TS1127: Invalid character.
src/services/firebaseService.ts(1,27341): error TS1127: Invalid character.
src/services/firebaseService.ts(1,27342): error TS1127: Invalid character.
src/services/firebaseService.ts(1,27343): error TS1127: Invalid character.
src/services/firebaseService.ts(1,27344): error TS1127: Invalid character.
src/services/firebaseService.ts(1,27345): error TS1127: Invalid character.
src/services/firebaseService.ts(1,27346): error TS1127: Invalid character.
src/services/firebaseService.ts(1,27347): error TS1127: Invalid character.
src/services/firebaseService.ts(1,27348): error TS1127: Invalid character.
src/services/firebaseService.ts(1,27349): error TS1127: Invalid character.
src/services/firebaseService.ts(1,27350): error TS1127: Invalid character.
src/services/firebaseService.ts(1,27351): error TS1127: Invalid character.
src/services/firebaseService.ts(1,27352): error TS1127: Invalid character.
src/services/firebaseService.ts(1,27353): error TS1127: Invalid character.
src/services/firebaseService.ts(1,27354): error TS1127: Invalid character.
src/services/firebaseService.ts(1,27355): error TS1127: Invalid character.
src/services/firebaseService.ts(1,27356): error TS1127: Invalid character.
src/services/firebaseService.ts(1,27357): error TS1127: Invalid character.
src/services/firebaseService.ts(1,27358): error TS1127: Invalid character.
src/services/firebaseService.ts(1,27359): error TS1127: Invalid character.
src/services/firebaseService.ts(1,27360): error TS1127: Invalid character.
src/services/firebaseService.ts(1,27361): error TS1127: Invalid character.
src/services/firebaseService.ts(1,27362): error TS1127: Invalid character.
src/services/firebaseService.ts(1,27363): error TS1127: Invalid character.
src/services/firebaseService.ts(1,27364): error TS1127: Invalid character.
src/services/firebaseService.ts(1,27365): error TS1127: Invalid character.
src/services/firebaseService.ts(1,27366): error TS1127: Invalid character.
src/services/firebaseService.ts(1,27367): error TS1127: Invalid character.
src/services/firebaseService.ts(1,27368): error TS1127: Invalid character.
src/services/firebaseService.ts(1,27369): error TS1127: Invalid character.
src/services/firebaseService.ts(1,27370): error TS1127: Invalid character.
src/services/firebaseService.ts(1,27371): error TS1127: Invalid character.
src/services/firebaseService.ts(1,27372): error TS1127: Invalid character.
src/services/firebaseService.ts(1,27373): error TS1127: Invalid character.
src/services/firebaseService.ts(1,27374): error TS1127: Invalid character.
src/services/firebaseService.ts(1,27375): error TS1127: Invalid character.
src/services/firebaseService.ts(1,27376): error TS1127: Invalid character.
src/services/firebaseService.ts(1,27377): error TS1127: Invalid character.
src/services/firebaseService.ts(1,27378): error TS1127: Invalid character.
src/services/firebaseService.ts(1,27379): error TS1127: Invalid character.
src/services/firebaseService.ts(1,27380): error TS1127: Invalid character.
src/services/firebaseService.ts(1,27381): error TS1127: Invalid character.
src/services/firebaseService.ts(1,27382): error TS1127: Invalid character.
src/services/firebaseService.ts(1,27383): error TS1127: Invalid character.
src/services/firebaseService.ts(1,27384): error TS1127: Invalid character.
src/services/firebaseService.ts(1,27385): error TS1127: Invalid character.
src/services/firebaseService.ts(1,27386): error TS1127: Invalid character.
src/services/firebaseService.ts(1,27387): error TS1127: Invalid character.
src/services/firebaseService.ts(1,27388): error TS1127: Invalid character.
src/services/firebaseService.ts(1,27389): error TS1127: Invalid character.
src/services/firebaseService.ts(1,27390): error TS1127: Invalid character.
src/services/firebaseService.ts(1,27391): error TS1127: Invalid character.
src/services/firebaseService.ts(1,27392): error TS1127: Invalid character.
src/services/firebaseService.ts(1,27393): error TS1127: Invalid character.
src/services/firebaseService.ts(1,27394): error TS1127: Invalid character.
src/services/firebaseService.ts(1,27395): error TS1127: Invalid character.
src/services/firebaseService.ts(1,27396): error TS1127: Invalid character.
src/services/firebaseService.ts(1,27397): error TS1127: Invalid character.
src/services/firebaseService.ts(1,27398): error TS1127: Invalid character.
src/services/firebaseService.ts(1,27399): error TS1127: Invalid character.
src/services/firebaseService.ts(1,27400): error TS1127: Invalid character.
src/services/firebaseService.ts(1,27401): error TS1127: Invalid character.
src/services/firebaseService.ts(1,27402): error TS1127: Invalid character.
src/services/firebaseService.ts(1,27403): error TS1127: Invalid character.
src/services/firebaseService.ts(1,27404): error TS1127: Invalid character.
src/services/firebaseService.ts(1,27405): error TS1127: Invalid character.
src/services/firebaseService.ts(1,27406): error TS1127: Invalid character.
src/services/firebaseService.ts(1,27407): error TS1127: Invalid character.
src/services/firebaseService.ts(1,27408): error TS1127: Invalid character.
src/services/firebaseService.ts(1,27409): error TS1127: Invalid character.
src/services/firebaseService.ts(1,27410): error TS1127: Invalid character.
src/services/firebaseService.ts(1,27411): error TS1127: Invalid character.
src/services/firebaseService.ts(1,27412): error TS1127: Invalid character.
src/services/firebaseService.ts(1,27413): error TS1127: Invalid character.
src/services/firebaseService.ts(1,27414): error TS1127: Invalid character.
src/services/firebaseService.ts(1,27415): error TS1127: Invalid character.
src/services/firebaseService.ts(1,27416): error TS1127: Invalid character.
src/services/firebaseService.ts(1,27417): error TS1127: Invalid character.
src/services/firebaseService.ts(1,27418): error TS1127: Invalid character.
src/services/firebaseService.ts(1,27419): error TS1127: Invalid character.
src/services/firebaseService.ts(1,27420): error TS1127: Invalid character.
src/services/firebaseService.ts(1,27421): error TS1127: Invalid character.
src/services/firebaseService.ts(1,27422): error TS1127: Invalid character.
src/services/firebaseService.ts(1,27423): error TS1127: Invalid character.
src/services/firebaseService.ts(1,27424): error TS1127: Invalid character.
src/services/firebaseService.ts(1,27425): error TS1127: Invalid character.
src/services/firebaseService.ts(1,27426): error TS1127: Invalid character.
src/services/firebaseService.ts(1,27427): error TS1127: Invalid character.
src/services/firebaseService.ts(1,27428): error TS1127: Invalid character.
src/services/firebaseService.ts(1,27429): error TS1127: Invalid character.
src/services/firebaseService.ts(1,27430): error TS1127: Invalid character.
src/services/firebaseService.ts(1,27431): error TS1127: Invalid character.
src/services/firebaseService.ts(1,27432): error TS1127: Invalid character.
src/services/firebaseService.ts(1,27433): error TS1127: Invalid character.
src/services/firebaseService.ts(1,27434): error TS1127: Invalid character.
src/services/firebaseService.ts(1,27435): error TS1127: Invalid character.
src/services/firebaseService.ts(1,27436): error TS1127: Invalid character.
src/services/firebaseService.ts(1,27437): error TS1127: Invalid character.
src/services/firebaseService.ts(1,27438): error TS1127: Invalid character.
src/services/firebaseService.ts(1,27439): error TS1127: Invalid character.
src/services/firebaseService.ts(1,27440): error TS1127: Invalid character.
src/services/firebaseService.ts(1,27441): error TS1127: Invalid character.
src/services/firebaseService.ts(1,27442): error TS1127: Invalid character.
src/services/firebaseService.ts(1,27443): error TS1127: Invalid character.
src/services/firebaseService.ts(1,27444): error TS1127: Invalid character.
src/services/firebaseService.ts(1,27445): error TS1127: Invalid character.
src/services/firebaseService.ts(1,27446): error TS1127: Invalid character.
src/services/firebaseService.ts(1,27447): error TS1127: Invalid character.
src/services/firebaseService.ts(1,27448): error TS1127: Invalid character.
src/services/firebaseService.ts(1,27449): error TS1127: Invalid character.
src/services/firebaseService.ts(1,27450): error TS1127: Invalid character.
src/services/firebaseService.ts(1,27451): error TS1127: Invalid character.
src/services/firebaseService.ts(1,27452): error TS1127: Invalid character.
src/services/firebaseService.ts(1,27453): error TS1127: Invalid character.
src/services/firebaseService.ts(1,27454): error TS1127: Invalid character.
src/services/firebaseService.ts(1,27455): error TS1127: Invalid character.
src/services/firebaseService.ts(1,27456): error TS1127: Invalid character.
src/services/firebaseService.ts(1,27457): error TS1127: Invalid character.
src/services/firebaseService.ts(1,27458): error TS1127: Invalid character.
src/services/firebaseService.ts(1,27459): error TS1127: Invalid character.
src/services/firebaseService.ts(1,27460): error TS1127: Invalid character.
src/services/firebaseService.ts(1,27461): error TS1127: Invalid character.
src/services/firebaseService.ts(1,27462): error TS1127: Invalid character.
src/services/firebaseService.ts(1,27463): error TS1127: Invalid character.
src/services/firebaseService.ts(1,27464): error TS1127: Invalid character.
src/services/firebaseService.ts(1,27465): error TS1127: Invalid character.
src/services/firebaseService.ts(1,27466): error TS1127: Invalid character.
src/services/firebaseService.ts(1,27467): error TS1127: Invalid character.
src/services/firebaseService.ts(1,27468): error TS1127: Invalid character.
src/services/firebaseService.ts(1,27469): error TS1127: Invalid character.
src/services/firebaseService.ts(1,27470): error TS1127: Invalid character.
src/services/firebaseService.ts(1,27471): error TS1127: Invalid character.
src/services/firebaseService.ts(1,27472): error TS1127: Invalid character.
src/services/firebaseService.ts(1,27473): error TS1127: Invalid character.
src/services/firebaseService.ts(1,27474): error TS1127: Invalid character.
src/services/firebaseService.ts(1,27475): error TS1127: Invalid character.
src/services/firebaseService.ts(1,27476): error TS1127: Invalid character.
src/services/firebaseService.ts(1,27477): error TS1127: Invalid character.
src/services/firebaseService.ts(1,27478): error TS1127: Invalid character.
src/services/firebaseService.ts(1,27479): error TS1127: Invalid character.
src/services/firebaseService.ts(1,27480): error TS1127: Invalid character.
src/services/firebaseService.ts(1,27481): error TS1127: Invalid character.
src/services/firebaseService.ts(1,27482): error TS1127: Invalid character.
src/services/firebaseService.ts(1,27483): error TS1127: Invalid character.
src/services/firebaseService.ts(1,27484): error TS1127: Invalid character.
src/services/firebaseService.ts(1,27485): error TS1127: Invalid character.
src/services/firebaseService.ts(1,27486): error TS1127: Invalid character.
src/services/firebaseService.ts(1,27487): error TS1127: Invalid character.
src/services/firebaseService.ts(1,27488): error TS1127: Invalid character.
src/services/firebaseService.ts(1,27489): error TS1127: Invalid character.
src/services/firebaseService.ts(1,27490): error TS1127: Invalid character.
src/services/firebaseService.ts(1,27491): error TS1127: Invalid character.
src/services/firebaseService.ts(1,27492): error TS1127: Invalid character.
src/services/firebaseService.ts(1,27493): error TS1127: Invalid character.
src/services/firebaseService.ts(1,27494): error TS1127: Invalid character.
src/services/firebaseService.ts(1,27495): error TS1127: Invalid character.
src/services/firebaseService.ts(1,27496): error TS1127: Invalid character.
src/services/firebaseService.ts(1,27497): error TS1127: Invalid character.
src/services/firebaseService.ts(1,27498): error TS1127: Invalid character.
src/services/firebaseService.ts(1,27499): error TS1127: Invalid character.
src/services/firebaseService.ts(1,27500): error TS1127: Invalid character.
src/services/firebaseService.ts(1,27501): error TS1127: Invalid character.
src/services/firebaseService.ts(1,27502): error TS1127: Invalid character.
src/services/firebaseService.ts(1,27503): error TS1127: Invalid character.
src/services/firebaseService.ts(1,27504): error TS1127: Invalid character.
src/services/firebaseService.ts(1,27505): error TS1127: Invalid character.
src/services/firebaseService.ts(1,27506): error TS1127: Invalid character.
src/services/firebaseService.ts(1,27507): error TS1127: Invalid character.
src/services/firebaseService.ts(1,27508): error TS1127: Invalid character.
src/services/firebaseService.ts(1,27509): error TS1127: Invalid character.
src/services/firebaseService.ts(1,27510): error TS1127: Invalid character.
src/services/firebaseService.ts(1,27511): error TS1127: Invalid character.
src/services/firebaseService.ts(1,27512): error TS1127: Invalid character.
src/services/firebaseService.ts(1,27513): error TS1127: Invalid character.
src/services/firebaseService.ts(1,27514): error TS1127: Invalid character.
src/services/firebaseService.ts(1,27515): error TS1127: Invalid character.
src/services/firebaseService.ts(1,27516): error TS1127: Invalid character.
src/services/firebaseService.ts(1,27517): error TS1127: Invalid character.
src/services/firebaseService.ts(1,27518): error TS1127: Invalid character.
src/services/firebaseService.ts(1,27519): error TS1127: Invalid character.
src/services/firebaseService.ts(1,27520): error TS1127: Invalid character.
src/services/firebaseService.ts(1,27521): error TS1127: Invalid character.
src/services/firebaseService.ts(1,27522): error TS1127: Invalid character.
src/services/firebaseService.ts(1,27523): error TS1127: Invalid character.
src/services/firebaseService.ts(1,27524): error TS1127: Invalid character.
src/services/firebaseService.ts(1,27525): error TS1127: Invalid character.
src/services/firebaseService.ts(1,27526): error TS1127: Invalid character.
src/services/firebaseService.ts(1,27527): error TS1127: Invalid character.
src/services/firebaseService.ts(1,27528): error TS1127: Invalid character.
src/services/firebaseService.ts(1,27529): error TS1127: Invalid character.
src/services/firebaseService.ts(1,27530): error TS1127: Invalid character.
src/services/firebaseService.ts(1,27531): error TS1127: Invalid character.
src/services/firebaseService.ts(1,27532): error TS1127: Invalid character.
src/services/firebaseService.ts(1,27533): error TS1127: Invalid character.
src/services/firebaseService.ts(1,27534): error TS1127: Invalid character.
src/services/firebaseService.ts(1,27535): error TS1127: Invalid character.
src/services/firebaseService.ts(1,27536): error TS1127: Invalid character.
src/services/firebaseService.ts(1,27537): error TS1127: Invalid character.
src/services/firebaseService.ts(1,27538): error TS1127: Invalid character.
src/services/firebaseService.ts(1,27539): error TS1127: Invalid character.
src/services/firebaseService.ts(1,27540): error TS1127: Invalid character.
src/services/firebaseService.ts(1,27541): error TS1127: Invalid character.
src/services/firebaseService.ts(1,27542): error TS1127: Invalid character.
src/services/firebaseService.ts(1,27543): error TS1127: Invalid character.
src/services/firebaseService.ts(1,27544): error TS1127: Invalid character.
src/services/firebaseService.ts(1,27545): error TS1127: Invalid character.
src/services/firebaseService.ts(1,27546): error TS1127: Invalid character.
src/services/firebaseService.ts(1,27547): error TS1127: Invalid character.
src/services/firebaseService.ts(1,27548): error TS1127: Invalid character.
src/services/firebaseService.ts(1,27549): error TS1127: Invalid character.
src/services/firebaseService.ts(1,27550): error TS1127: Invalid character.
src/services/firebaseService.ts(1,27551): error TS1127: Invalid character.
src/services/firebaseService.ts(1,27552): error TS1127: Invalid character.
src/services/firebaseService.ts(1,27553): error TS1127: Invalid character.
src/services/firebaseService.ts(1,27554): error TS1127: Invalid character.
src/services/firebaseService.ts(1,27555): error TS1127: Invalid character.
src/services/firebaseService.ts(1,27556): error TS1127: Invalid character.
src/services/firebaseService.ts(1,27557): error TS1127: Invalid character.
src/services/firebaseService.ts(1,27558): error TS1127: Invalid character.
src/services/firebaseService.ts(1,27559): error TS1127: Invalid character.
src/services/firebaseService.ts(1,27560): error TS1127: Invalid character.
src/services/firebaseService.ts(1,27561): error TS1127: Invalid character.
src/services/firebaseService.ts(1,27562): error TS1127: Invalid character.
src/services/firebaseService.ts(1,27563): error TS1127: Invalid character.
src/services/firebaseService.ts(1,27564): error TS1127: Invalid character.
src/services/firebaseService.ts(1,27565): error TS1127: Invalid character.
src/services/firebaseService.ts(1,27566): error TS1127: Invalid character.
src/services/firebaseService.ts(1,27567): error TS1127: Invalid character.
src/services/firebaseService.ts(1,27568): error TS1127: Invalid character.
src/services/firebaseService.ts(1,27569): error TS1127: Invalid character.
src/services/firebaseService.ts(1,27570): error TS1127: Invalid character.
src/services/firebaseService.ts(1,27571): error TS1127: Invalid character.
src/services/firebaseService.ts(1,27572): error TS1127: Invalid character.
src/services/firebaseService.ts(1,27573): error TS1127: Invalid character.
src/services/firebaseService.ts(1,27574): error TS1127: Invalid character.
src/services/firebaseService.ts(1,27575): error TS1127: Invalid character.
src/services/firebaseService.ts(1,27576): error TS1127: Invalid character.
src/services/firebaseService.ts(1,27577): error TS1127: Invalid character.
src/services/firebaseService.ts(1,27578): error TS1127: Invalid character.
src/services/firebaseService.ts(1,27579): error TS1127: Invalid character.
src/services/firebaseService.ts(1,27580): error TS1127: Invalid character.
src/services/firebaseService.ts(1,27581): error TS1127: Invalid character.
src/services/firebaseService.ts(1,27582): error TS1127: Invalid character.
src/services/firebaseService.ts(1,27583): error TS1127: Invalid character.
src/services/firebaseService.ts(1,27584): error TS1127: Invalid character.
src/services/firebaseService.ts(1,27585): error TS1127: Invalid character.
src/services/firebaseService.ts(1,27586): error TS1127: Invalid character.
src/services/firebaseService.ts(1,27587): error TS1127: Invalid character.
src/services/firebaseService.ts(1,27588): error TS1127: Invalid character.
src/services/firebaseService.ts(1,27589): error TS1127: Invalid character.
src/services/firebaseService.ts(1,27590): error TS1127: Invalid character.
src/services/firebaseService.ts(1,27591): error TS1127: Invalid character.
src/services/firebaseService.ts(1,27592): error TS1127: Invalid character.
src/services/firebaseService.ts(1,27593): error TS1127: Invalid character.
src/services/firebaseService.ts(1,27594): error TS1127: Invalid character.
src/services/firebaseService.ts(1,27595): error TS1127: Invalid character.
src/services/firebaseService.ts(1,27596): error TS1127: Invalid character.
src/services/firebaseService.ts(1,27597): error TS1127: Invalid character.
src/services/firebaseService.ts(1,27598): error TS1127: Invalid character.
src/services/firebaseService.ts(1,27599): error TS1127: Invalid character.
src/services/firebaseService.ts(1,27600): error TS1127: Invalid character.
src/services/firebaseService.ts(1,27601): error TS1127: Invalid character.
src/services/firebaseService.ts(1,27602): error TS1127: Invalid character.
src/services/firebaseService.ts(1,27603): error TS1127: Invalid character.
src/services/firebaseService.ts(1,27604): error TS1127: Invalid character.
src/services/firebaseService.ts(1,27605): error TS1127: Invalid character.
src/services/firebaseService.ts(1,27606): error TS1127: Invalid character.
src/services/firebaseService.ts(1,27607): error TS1127: Invalid character.
src/services/firebaseService.ts(1,27608): error TS1127: Invalid character.
src/services/firebaseService.ts(1,27609): error TS1127: Invalid character.
src/services/firebaseService.ts(1,27610): error TS1127: Invalid character.
src/services/firebaseService.ts(1,27611): error TS1127: Invalid character.
src/services/firebaseService.ts(1,27612): error TS1127: Invalid character.
src/services/firebaseService.ts(1,27613): error TS1127: Invalid character.
src/services/firebaseService.ts(1,27614): error TS1127: Invalid character.
src/services/firebaseService.ts(1,27615): error TS1127: Invalid character.
src/services/firebaseService.ts(1,27616): error TS1127: Invalid character.
src/services/firebaseService.ts(1,27617): error TS1127: Invalid character.
src/services/firebaseService.ts(1,27618): error TS1127: Invalid character.
src/services/firebaseService.ts(1,27619): error TS1127: Invalid character.
src/services/firebaseService.ts(1,27620): error TS1127: Invalid character.
src/services/firebaseService.ts(1,27621): error TS1127: Invalid character.
src/services/firebaseService.ts(1,27622): error TS1127: Invalid character.
src/services/firebaseService.ts(1,27623): error TS1127: Invalid character.
src/services/firebaseService.ts(1,27624): error TS1127: Invalid character.
src/services/firebaseService.ts(1,27625): error TS1127: Invalid character.
src/services/firebaseService.ts(1,27626): error TS1127: Invalid character.
src/services/firebaseService.ts(1,27627): error TS1127: Invalid character.
src/services/firebaseService.ts(1,27628): error TS1127: Invalid character.
src/services/firebaseService.ts(1,27629): error TS1127: Invalid character.
src/services/firebaseService.ts(1,27630): error TS1127: Invalid character.
src/services/firebaseService.ts(1,27631): error TS1127: Invalid character.
src/services/firebaseService.ts(1,27632): error TS1127: Invalid character.
src/services/firebaseService.ts(1,27633): error TS1127: Invalid character.
src/services/firebaseService.ts(1,27634): error TS1127: Invalid character.
src/services/firebaseService.ts(1,27635): error TS1127: Invalid character.
src/services/firebaseService.ts(1,27636): error TS1127: Invalid character.
src/services/firebaseService.ts(1,27637): error TS1127: Invalid character.
src/services/firebaseService.ts(1,27638): error TS1127: Invalid character.
src/services/firebaseService.ts(1,27639): error TS1127: Invalid character.
src/services/firebaseService.ts(1,27640): error TS1127: Invalid character.
src/services/firebaseService.ts(1,27641): error TS1127: Invalid character.
src/services/firebaseService.ts(1,27642): error TS1127: Invalid character.
src/services/firebaseService.ts(1,27643): error TS1127: Invalid character.
src/services/firebaseService.ts(1,27644): error TS1127: Invalid character.
src/services/firebaseService.ts(1,27645): error TS1127: Invalid character.
src/services/firebaseService.ts(1,27646): error TS1127: Invalid character.
src/services/firebaseService.ts(1,27647): error TS1127: Invalid character.
src/services/firebaseService.ts(1,27648): error TS1127: Invalid character.
src/services/firebaseService.ts(1,27649): error TS1127: Invalid character.
src/services/firebaseService.ts(1,27650): error TS1127: Invalid character.
src/services/firebaseService.ts(1,27651): error TS1127: Invalid character.
src/services/firebaseService.ts(1,27652): error TS1127: Invalid character.
src/services/firebaseService.ts(1,27653): error TS1127: Invalid character.
src/services/firebaseService.ts(1,27654): error TS1127: Invalid character.
src/services/firebaseService.ts(1,27655): error TS1127: Invalid character.
src/services/firebaseService.ts(1,27656): error TS1127: Invalid character.
src/services/firebaseService.ts(1,27657): error TS1127: Invalid character.
src/services/firebaseService.ts(1,27658): error TS1127: Invalid character.
src/services/firebaseService.ts(1,27659): error TS1127: Invalid character.
src/services/firebaseService.ts(1,27660): error TS1127: Invalid character.
src/services/firebaseService.ts(1,27661): error TS1127: Invalid character.
src/services/firebaseService.ts(1,27662): error TS1127: Invalid character.
src/services/firebaseService.ts(1,27663): error TS1127: Invalid character.
src/services/firebaseService.ts(1,27664): error TS1127: Invalid character.
src/services/firebaseService.ts(1,27665): error TS1127: Invalid character.
src/services/firebaseService.ts(1,27666): error TS1127: Invalid character.
src/services/firebaseService.ts(1,27667): error TS1127: Invalid character.
src/services/firebaseService.ts(1,27668): error TS1127: Invalid character.
src/services/firebaseService.ts(1,27669): error TS1127: Invalid character.
src/services/firebaseService.ts(1,27670): error TS1127: Invalid character.
src/services/firebaseService.ts(1,27671): error TS1127: Invalid character.
src/services/firebaseService.ts(1,27672): error TS1127: Invalid character.
src/services/firebaseService.ts(1,27673): error TS1127: Invalid character.
src/services/firebaseService.ts(1,27674): error TS1127: Invalid character.
src/services/firebaseService.ts(1,27675): error TS1127: Invalid character.
src/services/firebaseService.ts(1,27676): error TS1127: Invalid character.
src/services/firebaseService.ts(1,27677): error TS1127: Invalid character.
src/services/firebaseService.ts(1,27678): error TS1127: Invalid character.
src/services/firebaseService.ts(1,27679): error TS1127: Invalid character.
src/services/firebaseService.ts(1,27680): error TS1127: Invalid character.
src/services/firebaseService.ts(1,27681): error TS1127: Invalid character.
src/services/firebaseService.ts(1,27682): error TS1127: Invalid character.
src/services/firebaseService.ts(1,27683): error TS1127: Invalid character.
src/services/firebaseService.ts(1,27684): error TS1127: Invalid character.
src/services/firebaseService.ts(1,27685): error TS1127: Invalid character.
src/services/firebaseService.ts(1,27686): error TS1127: Invalid character.
src/services/firebaseService.ts(1,27687): error TS1127: Invalid character.
src/services/firebaseService.ts(1,27688): error TS1127: Invalid character.
src/services/firebaseService.ts(1,27689): error TS1127: Invalid character.
src/services/firebaseService.ts(1,27690): error TS1127: Invalid character.
src/services/firebaseService.ts(1,27691): error TS1127: Invalid character.
src/services/firebaseService.ts(1,27692): error TS1127: Invalid character.
src/services/firebaseService.ts(1,27693): error TS1127: Invalid character.
src/services/firebaseService.ts(1,27694): error TS1127: Invalid character.
src/services/firebaseService.ts(1,27695): error TS1127: Invalid character.
src/services/firebaseService.ts(1,27696): error TS1127: Invalid character.
src/services/firebaseService.ts(1,27697): error TS1127: Invalid character.
src/services/firebaseService.ts(1,27698): error TS1127: Invalid character.
src/services/firebaseService.ts(1,27699): error TS1127: Invalid character.
src/services/firebaseService.ts(1,27700): error TS1127: Invalid character.
src/services/firebaseService.ts(1,27701): error TS1127: Invalid character.
src/services/firebaseService.ts(1,27702): error TS1127: Invalid character.
src/services/firebaseService.ts(1,27703): error TS1127: Invalid character.
src/services/firebaseService.ts(1,27704): error TS1127: Invalid character.
src/services/firebaseService.ts(1,27705): error TS1127: Invalid character.
src/services/firebaseService.ts(1,27706): error TS1127: Invalid character.
src/services/firebaseService.ts(1,27707): error TS1127: Invalid character.
src/services/firebaseService.ts(1,27708): error TS1127: Invalid character.
src/services/firebaseService.ts(1,27709): error TS1127: Invalid character.
src/services/firebaseService.ts(1,27710): error TS1127: Invalid character.
src/services/firebaseService.ts(1,27711): error TS1127: Invalid character.
src/services/firebaseService.ts(1,27712): error TS1127: Invalid character.
src/services/firebaseService.ts(1,27713): error TS1127: Invalid character.
src/services/firebaseService.ts(1,27714): error TS1127: Invalid character.
src/services/firebaseService.ts(1,27715): error TS1127: Invalid character.
src/services/firebaseService.ts(1,27716): error TS1127: Invalid character.
src/services/firebaseService.ts(1,27717): error TS1127: Invalid character.
src/services/firebaseService.ts(1,27718): error TS1127: Invalid character.
src/services/firebaseService.ts(1,27719): error TS1127: Invalid character.
src/services/firebaseService.ts(1,27720): error TS1127: Invalid character.
src/services/firebaseService.ts(1,27721): error TS1127: Invalid character.
src/services/firebaseService.ts(1,27722): error TS1127: Invalid character.
src/services/firebaseService.ts(1,27723): error TS1127: Invalid character.
src/services/firebaseService.ts(1,27724): error TS1127: Invalid character.
src/services/firebaseService.ts(1,27725): error TS1127: Invalid character.
src/services/firebaseService.ts(1,27726): error TS1127: Invalid character.
src/services/firebaseService.ts(1,27727): error TS1127: Invalid character.
src/services/firebaseService.ts(1,27728): error TS1127: Invalid character.
src/services/firebaseService.ts(1,27729): error TS1127: Invalid character.
src/services/firebaseService.ts(1,27730): error TS1127: Invalid character.
src/services/firebaseService.ts(1,27731): error TS1127: Invalid character.
src/services/firebaseService.ts(1,27732): error TS1127: Invalid character.
src/services/firebaseService.ts(1,27733): error TS1127: Invalid character.
src/services/firebaseService.ts(1,27734): error TS1127: Invalid character.
src/services/firebaseService.ts(1,27735): error TS1127: Invalid character.
src/services/firebaseService.ts(1,27736): error TS1127: Invalid character.
src/services/firebaseService.ts(1,27737): error TS1127: Invalid character.
src/services/firebaseService.ts(1,27738): error TS1127: Invalid character.
src/services/firebaseService.ts(1,27739): error TS1127: Invalid character.
src/services/firebaseService.ts(1,27740): error TS1127: Invalid character.
src/services/firebaseService.ts(1,27741): error TS1127: Invalid character.
src/services/firebaseService.ts(1,27742): error TS1127: Invalid character.
src/services/firebaseService.ts(1,27743): error TS1127: Invalid character.
src/services/firebaseService.ts(1,27744): error TS1127: Invalid character.
src/services/firebaseService.ts(1,27745): error TS1127: Invalid character.
src/services/firebaseService.ts(1,27746): error TS1127: Invalid character.
src/services/firebaseService.ts(1,27747): error TS1127: Invalid character.
src/services/firebaseService.ts(1,27748): error TS1127: Invalid character.
src/services/firebaseService.ts(1,27749): error TS1127: Invalid character.
src/services/firebaseService.ts(1,27750): error TS1127: Invalid character.
src/services/firebaseService.ts(1,27751): error TS1127: Invalid character.
src/services/firebaseService.ts(1,27752): error TS1127: Invalid character.
src/services/firebaseService.ts(1,27753): error TS1127: Invalid character.
src/services/firebaseService.ts(1,27754): error TS1127: Invalid character.
src/services/firebaseService.ts(1,27755): error TS1127: Invalid character.
src/services/firebaseService.ts(1,27756): error TS1127: Invalid character.
src/services/firebaseService.ts(1,27757): error TS1127: Invalid character.
src/services/firebaseService.ts(1,27758): error TS1127: Invalid character.
src/services/firebaseService.ts(1,27759): error TS1127: Invalid character.
src/services/firebaseService.ts(1,27760): error TS1127: Invalid character.
src/services/firebaseService.ts(1,27761): error TS1127: Invalid character.
src/services/firebaseService.ts(1,27762): error TS1127: Invalid character.
src/services/firebaseService.ts(1,27763): error TS1127: Invalid character.
src/services/firebaseService.ts(1,27764): error TS1127: Invalid character.
src/services/firebaseService.ts(1,27765): error TS1127: Invalid character.
src/services/firebaseService.ts(1,27766): error TS1127: Invalid character.
src/services/firebaseService.ts(1,27767): error TS1127: Invalid character.
src/services/firebaseService.ts(1,27768): error TS1127: Invalid character.
src/services/firebaseService.ts(1,27769): error TS1127: Invalid character.
src/services/firebaseService.ts(1,27770): error TS1127: Invalid character.
src/services/firebaseService.ts(1,27771): error TS1127: Invalid character.
src/services/firebaseService.ts(1,27772): error TS1127: Invalid character.
src/services/firebaseService.ts(1,27773): error TS1127: Invalid character.
src/services/firebaseService.ts(1,27774): error TS1127: Invalid character.
src/services/firebaseService.ts(1,27775): error TS1127: Invalid character.
src/services/firebaseService.ts(1,27776): error TS1127: Invalid character.
src/services/firebaseService.ts(1,27777): error TS1127: Invalid character.
src/services/firebaseService.ts(1,27778): error TS1127: Invalid character.
src/services/firebaseService.ts(1,27779): error TS1127: Invalid character.
src/services/firebaseService.ts(1,27780): error TS1127: Invalid character.
src/services/firebaseService.ts(1,27781): error TS1127: Invalid character.
src/services/firebaseService.ts(1,27782): error TS1127: Invalid character.
src/services/firebaseService.ts(1,27783): error TS1127: Invalid character.
src/services/firebaseService.ts(1,27784): error TS1127: Invalid character.
src/services/firebaseService.ts(1,27785): error TS1127: Invalid character.
src/services/firebaseService.ts(1,27786): error TS1127: Invalid character.
src/services/firebaseService.ts(1,27787): error TS1127: Invalid character.
src/services/firebaseService.ts(1,27788): error TS1127: Invalid character.
src/services/firebaseService.ts(1,27789): error TS1127: Invalid character.
src/services/firebaseService.ts(1,27790): error TS1127: Invalid character.
src/services/firebaseService.ts(1,27791): error TS1127: Invalid character.
src/services/firebaseService.ts(1,27792): error TS1127: Invalid character.
src/services/firebaseService.ts(1,27793): error TS1127: Invalid character.
src/services/firebaseService.ts(1,27794): error TS1127: Invalid character.
src/services/firebaseService.ts(1,27795): error TS1127: Invalid character.
src/services/firebaseService.ts(1,27796): error TS1127: Invalid character.
src/services/firebaseService.ts(1,27797): error TS1127: Invalid character.
src/services/firebaseService.ts(1,27798): error TS1127: Invalid character.
src/services/firebaseService.ts(1,27799): error TS1127: Invalid character.
src/services/firebaseService.ts(1,27800): error TS1127: Invalid character.
src/services/firebaseService.ts(1,27801): error TS1127: Invalid character.
src/services/firebaseService.ts(1,27802): error TS1127: Invalid character.
src/services/firebaseService.ts(1,27803): error TS1127: Invalid character.
src/services/firebaseService.ts(1,27804): error TS1127: Invalid character.
src/services/firebaseService.ts(1,27805): error TS1127: Invalid character.
src/services/firebaseService.ts(1,27806): error TS1127: Invalid character.
src/services/firebaseService.ts(1,27807): error TS1127: Invalid character.
src/services/firebaseService.ts(1,27808): error TS1127: Invalid character.
src/services/firebaseService.ts(1,27809): error TS1127: Invalid character.
src/services/firebaseService.ts(1,27810): error TS1127: Invalid character.
src/services/firebaseService.ts(1,27811): error TS1127: Invalid character.
src/services/firebaseService.ts(1,27812): error TS1127: Invalid character.
src/services/firebaseService.ts(1,27813): error TS1127: Invalid character.
src/services/firebaseService.ts(1,27814): error TS1127: Invalid character.
src/services/firebaseService.ts(1,27815): error TS1127: Invalid character.
src/services/firebaseService.ts(1,27816): error TS1127: Invalid character.
src/services/firebaseService.ts(1,27817): error TS1127: Invalid character.
src/services/firebaseService.ts(1,27818): error TS1127: Invalid character.
src/services/firebaseService.ts(1,27819): error TS1127: Invalid character.
src/services/firebaseService.ts(1,27820): error TS1127: Invalid character.
src/services/firebaseService.ts(1,27821): error TS1127: Invalid character.
src/services/firebaseService.ts(1,27822): error TS1127: Invalid character.
src/services/firebaseService.ts(1,27823): error TS1127: Invalid character.
src/services/firebaseService.ts(1,27824): error TS1127: Invalid character.
src/services/firebaseService.ts(1,27825): error TS1127: Invalid character.
src/services/firebaseService.ts(1,27826): error TS1127: Invalid character.
src/services/firebaseService.ts(1,27827): error TS1127: Invalid character.
src/services/firebaseService.ts(1,27828): error TS1127: Invalid character.
src/services/firebaseService.ts(1,27829): error TS1127: Invalid character.
src/services/firebaseService.ts(1,27830): error TS1127: Invalid character.
src/services/firebaseService.ts(1,27831): error TS1127: Invalid character.
src/services/firebaseService.ts(1,27832): error TS1127: Invalid character.
src/services/firebaseService.ts(1,27833): error TS1127: Invalid character.
src/services/firebaseService.ts(1,27834): error TS1127: Invalid character.
src/services/firebaseService.ts(1,27835): error TS1127: Invalid character.
src/services/firebaseService.ts(1,27836): error TS1127: Invalid character.
src/services/firebaseService.ts(1,27837): error TS1127: Invalid character.
src/services/firebaseService.ts(1,27838): error TS1127: Invalid character.
src/services/firebaseService.ts(1,27839): error TS1127: Invalid character.
src/services/firebaseService.ts(1,27840): error TS1127: Invalid character.
src/services/firebaseService.ts(1,27841): error TS1127: Invalid character.
src/services/firebaseService.ts(1,27842): error TS1127: Invalid character.
src/services/firebaseService.ts(1,27843): error TS1127: Invalid character.
src/services/firebaseService.ts(1,27844): error TS1127: Invalid character.
src/services/firebaseService.ts(1,27845): error TS1127: Invalid character.
src/services/firebaseService.ts(1,27846): error TS1127: Invalid character.
src/services/firebaseService.ts(1,27847): error TS1127: Invalid character.
src/services/firebaseService.ts(1,27848): error TS1127: Invalid character.
src/services/firebaseService.ts(1,27849): error TS1127: Invalid character.
src/services/firebaseService.ts(1,27850): error TS1127: Invalid character.
src/services/firebaseService.ts(1,27851): error TS1127: Invalid character.
src/services/firebaseService.ts(1,27852): error TS1127: Invalid character.
src/services/firebaseService.ts(1,27853): error TS1127: Invalid character.
src/services/firebaseService.ts(1,27854): error TS1127: Invalid character.
src/services/firebaseService.ts(1,27855): error TS1127: Invalid character.
src/services/firebaseService.ts(1,27856): error TS1127: Invalid character.
src/services/firebaseService.ts(1,27857): error TS1127: Invalid character.
src/services/firebaseService.ts(1,27858): error TS1127: Invalid character.
src/services/firebaseService.ts(1,27859): error TS1127: Invalid character.
src/services/firebaseService.ts(1,27860): error TS1127: Invalid character.
src/services/firebaseService.ts(1,27861): error TS1127: Invalid character.
src/services/firebaseService.ts(1,27862): error TS1127: Invalid character.
src/services/firebaseService.ts(1,27863): error TS1127: Invalid character.
src/services/firebaseService.ts(1,27864): error TS1127: Invalid character.
src/services/firebaseService.ts(1,27865): error TS1127: Invalid character.
src/services/firebaseService.ts(1,27866): error TS1127: Invalid character.
src/services/firebaseService.ts(1,27867): error TS1127: Invalid character.
src/services/firebaseService.ts(1,27868): error TS1127: Invalid character.
src/services/firebaseService.ts(1,27869): error TS1127: Invalid character.
src/services/firebaseService.ts(1,27870): error TS1127: Invalid character.
src/services/firebaseService.ts(1,27871): error TS1127: Invalid character.
src/services/firebaseService.ts(1,27872): error TS1127: Invalid character.
src/services/firebaseService.ts(1,27873): error TS1127: Invalid character.
src/services/firebaseService.ts(1,27874): error TS1127: Invalid character.
src/services/firebaseService.ts(1,27875): error TS1127: Invalid character.
src/services/firebaseService.ts(1,27876): error TS1127: Invalid character.
src/services/firebaseService.ts(1,27877): error TS1127: Invalid character.
src/services/firebaseService.ts(1,27878): error TS1127: Invalid character.
src/services/firebaseService.ts(1,27879): error TS1127: Invalid character.
src/services/firebaseService.ts(1,27880): error TS1127: Invalid character.
src/services/firebaseService.ts(1,27881): error TS1127: Invalid character.
src/services/firebaseService.ts(1,27882): error TS1127: Invalid character.
src/services/firebaseService.ts(1,27883): error TS1127: Invalid character.
src/services/firebaseService.ts(1,27884): error TS1127: Invalid character.
src/services/firebaseService.ts(1,27885): error TS1127: Invalid character.
src/services/firebaseService.ts(1,27886): error TS1127: Invalid character.
src/services/firebaseService.ts(1,27887): error TS1127: Invalid character.
src/services/firebaseService.ts(1,27888): error TS1127: Invalid character.
src/services/firebaseService.ts(1,27889): error TS1127: Invalid character.
src/services/firebaseService.ts(1,27890): error TS1127: Invalid character.
src/services/firebaseService.ts(1,27891): error TS1127: Invalid character.
src/services/firebaseService.ts(1,27892): error TS1127: Invalid character.
src/services/firebaseService.ts(1,27893): error TS1127: Invalid character.
src/services/firebaseService.ts(1,27894): error TS1127: Invalid character.
src/services/firebaseService.ts(1,27895): error TS1127: Invalid character.
src/services/firebaseService.ts(1,27896): error TS1127: Invalid character.
src/services/firebaseService.ts(1,27897): error TS1127: Invalid character.
src/services/firebaseService.ts(1,27898): error TS1127: Invalid character.
src/services/firebaseService.ts(1,27899): error TS1127: Invalid character.
src/services/firebaseService.ts(1,27900): error TS1127: Invalid character.
src/services/firebaseService.ts(1,27901): error TS1127: Invalid character.
src/services/firebaseService.ts(1,27902): error TS1127: Invalid character.
src/services/firebaseService.ts(1,27903): error TS1127: Invalid character.
src/services/firebaseService.ts(1,27904): error TS1127: Invalid character.
src/services/firebaseService.ts(1,27905): error TS1127: Invalid character.
src/services/firebaseService.ts(1,27906): error TS1127: Invalid character.
src/services/firebaseService.ts(1,27907): error TS1127: Invalid character.
src/services/firebaseService.ts(1,27908): error TS1127: Invalid character.
src/services/firebaseService.ts(1,27909): error TS1127: Invalid character.
src/services/firebaseService.ts(1,27910): error TS1127: Invalid character.
src/services/firebaseService.ts(1,27911): error TS1127: Invalid character.
src/services/firebaseService.ts(1,27912): error TS1127: Invalid character.
src/services/firebaseService.ts(1,27913): error TS1127: Invalid character.
src/services/firebaseService.ts(1,27914): error TS1127: Invalid character.
src/services/firebaseService.ts(1,27915): error TS1127: Invalid character.
src/services/firebaseService.ts(1,27916): error TS1127: Invalid character.
src/services/firebaseService.ts(1,27917): error TS1127: Invalid character.
src/services/firebaseService.ts(1,27918): error TS1127: Invalid character.
src/services/firebaseService.ts(1,27919): error TS1127: Invalid character.
src/services/firebaseService.ts(1,27920): error TS1127: Invalid character.
src/services/firebaseService.ts(1,27921): error TS1127: Invalid character.
src/services/firebaseService.ts(1,27922): error TS1127: Invalid character.
src/services/firebaseService.ts(1,27923): error TS1127: Invalid character.
src/services/firebaseService.ts(1,27924): error TS1127: Invalid character.
src/services/firebaseService.ts(1,27925): error TS1127: Invalid character.
src/services/firebaseService.ts(1,27926): error TS1127: Invalid character.
src/services/firebaseService.ts(1,27927): error TS1127: Invalid character.
src/services/firebaseService.ts(1,27928): error TS1127: Invalid character.
src/services/firebaseService.ts(1,27929): error TS1127: Invalid character.
src/services/firebaseService.ts(1,27930): error TS1127: Invalid character.
src/services/firebaseService.ts(1,27931): error TS1127: Invalid character.
src/services/firebaseService.ts(1,27932): error TS1127: Invalid character.
src/services/firebaseService.ts(1,27933): error TS1127: Invalid character.
src/services/firebaseService.ts(1,27934): error TS1127: Invalid character.
src/services/firebaseService.ts(1,27935): error TS1127: Invalid character.
src/services/firebaseService.ts(1,27936): error TS1127: Invalid character.
src/services/firebaseService.ts(1,27937): error TS1127: Invalid character.
src/services/firebaseService.ts(1,27938): error TS1127: Invalid character.
src/services/firebaseService.ts(1,27939): error TS1127: Invalid character.
src/services/firebaseService.ts(1,27940): error TS1127: Invalid character.
src/services/firebaseService.ts(1,27941): error TS1127: Invalid character.
src/services/firebaseService.ts(1,27942): error TS1127: Invalid character.
src/services/firebaseService.ts(1,27943): error TS1127: Invalid character.
src/services/firebaseService.ts(1,27944): error TS1127: Invalid character.
src/services/firebaseService.ts(1,27945): error TS1127: Invalid character.
src/services/firebaseService.ts(1,27946): error TS1127: Invalid character.
src/services/firebaseService.ts(1,27947): error TS1127: Invalid character.
src/services/firebaseService.ts(1,27948): error TS1127: Invalid character.
src/services/firebaseService.ts(1,27949): error TS1127: Invalid character.
src/services/firebaseService.ts(1,27950): error TS1127: Invalid character.
src/services/firebaseService.ts(1,27951): error TS1127: Invalid character.
src/services/firebaseService.ts(1,27952): error TS1127: Invalid character.
src/services/firebaseService.ts(1,27953): error TS1127: Invalid character.
src/services/firebaseService.ts(1,27954): error TS1127: Invalid character.
src/services/firebaseService.ts(1,27955): error TS1127: Invalid character.
src/services/firebaseService.ts(1,27956): error TS1127: Invalid character.
src/services/firebaseService.ts(1,27957): error TS1127: Invalid character.
src/services/firebaseService.ts(1,27958): error TS1127: Invalid character.
src/services/firebaseService.ts(1,27959): error TS1127: Invalid character.
src/services/firebaseService.ts(1,27960): error TS1127: Invalid character.
src/services/firebaseService.ts(1,27961): error TS1127: Invalid character.
src/services/firebaseService.ts(1,27962): error TS1127: Invalid character.
src/services/firebaseService.ts(1,27963): error TS1127: Invalid character.
src/services/firebaseService.ts(1,27964): error TS1127: Invalid character.
src/services/firebaseService.ts(1,27965): error TS1127: Invalid character.
src/services/firebaseService.ts(1,27966): error TS1127: Invalid character.
src/services/firebaseService.ts(1,27967): error TS1127: Invalid character.
src/services/firebaseService.ts(1,27968): error TS1127: Invalid character.
src/services/firebaseService.ts(1,27969): error TS1127: Invalid character.
src/services/firebaseService.ts(1,27970): error TS1127: Invalid character.
src/services/firebaseService.ts(1,27971): error TS1127: Invalid character.
src/services/firebaseService.ts(1,27972): error TS1127: Invalid character.
src/services/firebaseService.ts(1,27973): error TS1127: Invalid character.
src/services/firebaseService.ts(1,27974): error TS1127: Invalid character.
src/services/firebaseService.ts(1,27975): error TS1127: Invalid character.
src/services/firebaseService.ts(1,27976): error TS1127: Invalid character.
src/services/firebaseService.ts(1,27977): error TS1127: Invalid character.
src/services/firebaseService.ts(1,27978): error TS1127: Invalid character.
src/services/firebaseService.ts(1,27979): error TS1127: Invalid character.
src/services/firebaseService.ts(1,27980): error TS1127: Invalid character.
src/services/firebaseService.ts(1,27981): error TS1127: Invalid character.
src/services/firebaseService.ts(1,27982): error TS1127: Invalid character.
src/services/firebaseService.ts(1,27983): error TS1127: Invalid character.
src/services/firebaseService.ts(1,27984): error TS1127: Invalid character.
src/services/firebaseService.ts(1,27985): error TS1127: Invalid character.
src/services/firebaseService.ts(1,27986): error TS1127: Invalid character.
src/services/firebaseService.ts(1,27987): error TS1127: Invalid character.
src/services/firebaseService.ts(1,27988): error TS1127: Invalid character.
src/services/firebaseService.ts(1,27989): error TS1127: Invalid character.
src/services/firebaseService.ts(1,27990): error TS1127: Invalid character.
src/services/firebaseService.ts(1,27991): error TS1127: Invalid character.
src/services/firebaseService.ts(1,27992): error TS1127: Invalid character.
src/services/firebaseService.ts(1,27993): error TS1127: Invalid character.
src/services/firebaseService.ts(1,27994): error TS1127: Invalid character.
src/services/firebaseService.ts(1,27995): error TS1127: Invalid character.
src/services/firebaseService.ts(1,27996): error TS1127: Invalid character.
src/services/firebaseService.ts(1,27997): error TS1127: Invalid character.
src/services/firebaseService.ts(1,27998): error TS1127: Invalid character.
src/services/firebaseService.ts(1,27999): error TS1127: Invalid character.
src/services/firebaseService.ts(1,28000): error TS1127: Invalid character.
src/services/firebaseService.ts(1,28001): error TS1127: Invalid character.
src/services/firebaseService.ts(1,28002): error TS1127: Invalid character.
src/services/firebaseService.ts(1,28003): error TS1127: Invalid character.
src/services/firebaseService.ts(1,28004): error TS1127: Invalid character.
src/services/firebaseService.ts(1,28005): error TS1127: Invalid character.
src/services/firebaseService.ts(1,28006): error TS1127: Invalid character.
src/services/firebaseService.ts(1,28007): error TS1127: Invalid character.
src/services/firebaseService.ts(1,28008): error TS1127: Invalid character.
src/services/firebaseService.ts(1,28009): error TS1127: Invalid character.
src/services/firebaseService.ts(1,28010): error TS1127: Invalid character.
src/services/firebaseService.ts(1,28011): error TS1127: Invalid character.
src/services/firebaseService.ts(1,28012): error TS1127: Invalid character.
src/services/firebaseService.ts(1,28013): error TS1127: Invalid character.
src/services/firebaseService.ts(1,28014): error TS1127: Invalid character.
src/services/firebaseService.ts(1,28015): error TS1127: Invalid character.
src/services/firebaseService.ts(1,28016): error TS1127: Invalid character.
src/services/firebaseService.ts(1,28017): error TS1127: Invalid character.
src/services/firebaseService.ts(1,28018): error TS1127: Invalid character.
src/services/firebaseService.ts(1,28019): error TS1127: Invalid character.
src/services/firebaseService.ts(1,28020): error TS1127: Invalid character.
src/services/firebaseService.ts(1,28021): error TS1127: Invalid character.
src/services/firebaseService.ts(1,28022): error TS1127: Invalid character.
src/services/firebaseService.ts(1,28023): error TS1127: Invalid character.
src/services/firebaseService.ts(1,28024): error TS1127: Invalid character.
src/services/firebaseService.ts(1,28025): error TS1127: Invalid character.
src/services/firebaseService.ts(1,28026): error TS1127: Invalid character.
src/services/firebaseService.ts(1,28027): error TS1127: Invalid character.
src/services/firebaseService.ts(1,28028): error TS1127: Invalid character.
src/services/firebaseService.ts(1,28029): error TS1127: Invalid character.
src/services/firebaseService.ts(1,28030): error TS1127: Invalid character.
src/services/firebaseService.ts(1,28031): error TS1127: Invalid character.
src/services/firebaseService.ts(1,28032): error TS1127: Invalid character.
src/services/firebaseService.ts(1,28033): error TS1127: Invalid character.
src/services/firebaseService.ts(1,28034): error TS1127: Invalid character.
src/services/firebaseService.ts(1,28035): error TS1127: Invalid character.
src/services/firebaseService.ts(1,28036): error TS1127: Invalid character.
src/services/firebaseService.ts(1,28037): error TS1127: Invalid character.
src/services/firebaseService.ts(1,28038): error TS1127: Invalid character.
src/services/firebaseService.ts(1,28039): error TS1127: Invalid character.
src/services/firebaseService.ts(1,28040): error TS1127: Invalid character.
src/services/firebaseService.ts(1,28041): error TS1127: Invalid character.
src/services/firebaseService.ts(1,28042): error TS1127: Invalid character.
src/services/firebaseService.ts(1,28043): error TS1127: Invalid character.
src/services/firebaseService.ts(1,28044): error TS1127: Invalid character.
src/services/firebaseService.ts(1,28045): error TS1127: Invalid character.
src/services/firebaseService.ts(1,28046): error TS1127: Invalid character.
src/services/firebaseService.ts(1,28047): error TS1127: Invalid character.
src/services/firebaseService.ts(1,28048): error TS1127: Invalid character.
src/services/firebaseService.ts(1,28049): error TS1127: Invalid character.
src/services/firebaseService.ts(1,28050): error TS1127: Invalid character.
src/services/firebaseService.ts(1,28051): error TS1127: Invalid character.
src/services/firebaseService.ts(1,28052): error TS1127: Invalid character.
src/services/firebaseService.ts(1,28053): error TS1127: Invalid character.
src/services/firebaseService.ts(1,28054): error TS1127: Invalid character.
src/services/firebaseService.ts(1,28055): error TS1127: Invalid character.
src/services/firebaseService.ts(1,28056): error TS1127: Invalid character.
src/services/firebaseService.ts(1,28057): error TS1127: Invalid character.
src/services/firebaseService.ts(1,28058): error TS1127: Invalid character.
src/services/firebaseService.ts(1,28059): error TS1127: Invalid character.
src/services/firebaseService.ts(1,28060): error TS1127: Invalid character.
src/services/firebaseService.ts(1,28061): error TS1127: Invalid character.
src/services/firebaseService.ts(1,28062): error TS1127: Invalid character.
src/services/firebaseService.ts(1,28063): error TS1127: Invalid character.
src/services/firebaseService.ts(1,28064): error TS1127: Invalid character.
src/services/firebaseService.ts(1,28065): error TS1127: Invalid character.
src/services/firebaseService.ts(1,28066): error TS1127: Invalid character.
src/services/firebaseService.ts(1,28067): error TS1127: Invalid character.
src/services/firebaseService.ts(1,28068): error TS1127: Invalid character.
src/services/firebaseService.ts(1,28069): error TS1127: Invalid character.
src/services/firebaseService.ts(1,28070): error TS1127: Invalid character.
src/services/firebaseService.ts(1,28071): error TS1127: Invalid character.
src/services/firebaseService.ts(1,28072): error TS1127: Invalid character.
src/services/firebaseService.ts(1,28073): error TS1127: Invalid character.
src/services/firebaseService.ts(1,28074): error TS1127: Invalid character.
src/services/firebaseService.ts(1,28075): error TS1127: Invalid character.
src/services/firebaseService.ts(1,28076): error TS1127: Invalid character.
src/services/firebaseService.ts(1,28077): error TS1127: Invalid character.
src/services/firebaseService.ts(1,28078): error TS1127: Invalid character.
src/services/firebaseService.ts(1,28079): error TS1127: Invalid character.
src/services/firebaseService.ts(1,28080): error TS1127: Invalid character.
src/services/firebaseService.ts(1,28081): error TS1127: Invalid character.
src/services/firebaseService.ts(1,28082): error TS1127: Invalid character.
src/services/firebaseService.ts(1,28083): error TS1127: Invalid character.
src/services/firebaseService.ts(1,28084): error TS1127: Invalid character.
src/services/firebaseService.ts(1,28085): error TS1127: Invalid character.
src/services/firebaseService.ts(1,28086): error TS1127: Invalid character.
src/services/firebaseService.ts(1,28087): error TS1127: Invalid character.
src/services/firebaseService.ts(1,28088): error TS1127: Invalid character.
src/services/firebaseService.ts(1,28089): error TS1127: Invalid character.
src/services/firebaseService.ts(1,28090): error TS1127: Invalid character.
src/services/firebaseService.ts(1,28091): error TS1127: Invalid character.
src/services/firebaseService.ts(1,28092): error TS1127: Invalid character.
src/services/firebaseService.ts(1,28093): error TS1127: Invalid character.
src/services/firebaseService.ts(1,28094): error TS1127: Invalid character.
src/services/firebaseService.ts(1,28095): error TS1127: Invalid character.
src/services/firebaseService.ts(1,28096): error TS1127: Invalid character.
src/services/firebaseService.ts(1,28097): error TS1127: Invalid character.
src/services/firebaseService.ts(1,28098): error TS1127: Invalid character.
src/services/firebaseService.ts(1,28099): error TS1127: Invalid character.
src/services/firebaseService.ts(1,28100): error TS1127: Invalid character.
src/services/firebaseService.ts(1,28101): error TS1127: Invalid character.
src/services/firebaseService.ts(1,28102): error TS1127: Invalid character.
src/services/firebaseService.ts(1,28103): error TS1127: Invalid character.
src/services/firebaseService.ts(1,28104): error TS1127: Invalid character.
src/services/firebaseService.ts(1,28105): error TS1127: Invalid character.
src/services/firebaseService.ts(1,28106): error TS1127: Invalid character.
src/services/firebaseService.ts(1,28107): error TS1127: Invalid character.
src/services/firebaseService.ts(1,28108): error TS1127: Invalid character.
src/services/firebaseService.ts(1,28109): error TS1127: Invalid character.
src/services/firebaseService.ts(1,28110): error TS1127: Invalid character.
src/services/firebaseService.ts(1,28111): error TS1127: Invalid character.
src/services/firebaseService.ts(1,28112): error TS1127: Invalid character.
src/services/firebaseService.ts(1,28113): error TS1127: Invalid character.
src/services/firebaseService.ts(1,28114): error TS1127: Invalid character.
src/services/firebaseService.ts(1,28115): error TS1127: Invalid character.
src/services/firebaseService.ts(1,28116): error TS1127: Invalid character.
src/services/firebaseService.ts(1,28117): error TS1127: Invalid character.
src/services/firebaseService.ts(1,28118): error TS1127: Invalid character.
src/services/firebaseService.ts(1,28119): error TS1127: Invalid character.
src/services/firebaseService.ts(1,28120): error TS1127: Invalid character.
src/services/firebaseService.ts(1,28121): error TS1127: Invalid character.
src/services/firebaseService.ts(1,28122): error TS1127: Invalid character.
src/services/firebaseService.ts(1,28123): error TS1127: Invalid character.
src/services/firebaseService.ts(1,28124): error TS1127: Invalid character.
src/services/firebaseService.ts(1,28125): error TS1127: Invalid character.
src/services/firebaseService.ts(1,28126): error TS1127: Invalid character.
src/services/firebaseService.ts(1,28127): error TS1127: Invalid character.
src/services/firebaseService.ts(1,28128): error TS1127: Invalid character.
src/services/firebaseService.ts(1,28129): error TS1127: Invalid character.
src/services/firebaseService.ts(1,28130): error TS1127: Invalid character.
src/services/firebaseService.ts(1,28131): error TS1127: Invalid character.
src/services/firebaseService.ts(1,28132): error TS1127: Invalid character.
src/services/firebaseService.ts(1,28133): error TS1127: Invalid character.
src/services/firebaseService.ts(1,28134): error TS1127: Invalid character.
src/services/firebaseService.ts(1,28135): error TS1127: Invalid character.
src/services/firebaseService.ts(1,28136): error TS1127: Invalid character.
src/services/firebaseService.ts(1,28137): error TS1127: Invalid character.
src/services/firebaseService.ts(1,28138): error TS1127: Invalid character.
src/services/firebaseService.ts(1,28139): error TS1127: Invalid character.
src/services/firebaseService.ts(1,28140): error TS1127: Invalid character.
src/services/firebaseService.ts(1,28141): error TS1127: Invalid character.
src/services/firebaseService.ts(1,28142): error TS1127: Invalid character.
src/services/firebaseService.ts(1,28143): error TS1127: Invalid character.
src/services/firebaseService.ts(1,28144): error TS1127: Invalid character.
src/services/firebaseService.ts(1,28145): error TS1127: Invalid character.
src/services/firebaseService.ts(1,28146): error TS1127: Invalid character.
src/services/firebaseService.ts(1,28147): error TS1127: Invalid character.
src/services/firebaseService.ts(1,28148): error TS1127: Invalid character.
src/services/firebaseService.ts(1,28149): error TS1127: Invalid character.
src/services/firebaseService.ts(1,28150): error TS1127: Invalid character.
src/services/firebaseService.ts(1,28151): error TS1127: Invalid character.
src/services/firebaseService.ts(1,28152): error TS1127: Invalid character.
src/services/firebaseService.ts(1,28153): error TS1127: Invalid character.
src/services/firebaseService.ts(1,28154): error TS1127: Invalid character.
src/services/firebaseService.ts(1,28155): error TS1127: Invalid character.
src/services/firebaseService.ts(1,28156): error TS1127: Invalid character.
src/services/firebaseService.ts(1,28157): error TS1127: Invalid character.
src/services/firebaseService.ts(1,28158): error TS1127: Invalid character.
src/services/firebaseService.ts(1,28159): error TS1127: Invalid character.
src/services/firebaseService.ts(1,28160): error TS1127: Invalid character.
src/services/firebaseService.ts(1,28161): error TS1127: Invalid character.
src/services/firebaseService.ts(1,28162): error TS1127: Invalid character.
src/services/firebaseService.ts(1,28163): error TS1127: Invalid character.
src/services/firebaseService.ts(1,28164): error TS1127: Invalid character.
src/services/firebaseService.ts(1,28165): error TS1127: Invalid character.
src/services/firebaseService.ts(1,28166): error TS1127: Invalid character.
src/services/firebaseService.ts(1,28167): error TS1127: Invalid character.
src/services/firebaseService.ts(1,28168): error TS1127: Invalid character.
src/services/firebaseService.ts(1,28169): error TS1127: Invalid character.
src/services/firebaseService.ts(1,28170): error TS1127: Invalid character.
src/services/firebaseService.ts(1,28171): error TS1127: Invalid character.
src/services/firebaseService.ts(1,28172): error TS1127: Invalid character.
src/services/firebaseService.ts(1,28173): error TS1127: Invalid character.
src/services/firebaseService.ts(1,28174): error TS1127: Invalid character.
src/services/firebaseService.ts(1,28175): error TS1127: Invalid character.
src/services/firebaseService.ts(1,28176): error TS1127: Invalid character.
src/services/firebaseService.ts(1,28177): error TS1127: Invalid character.
src/services/firebaseService.ts(1,28178): error TS1127: Invalid character.
src/services/firebaseService.ts(1,28179): error TS1127: Invalid character.
src/services/firebaseService.ts(1,28180): error TS1127: Invalid character.
src/services/firebaseService.ts(1,28181): error TS1127: Invalid character.
src/services/firebaseService.ts(1,28182): error TS1127: Invalid character.
src/services/firebaseService.ts(1,28183): error TS1127: Invalid character.
src/services/firebaseService.ts(1,28184): error TS1127: Invalid character.
src/services/firebaseService.ts(1,28185): error TS1127: Invalid character.
src/services/firebaseService.ts(1,28186): error TS1127: Invalid character.
src/services/firebaseService.ts(1,28187): error TS1127: Invalid character.
src/services/firebaseService.ts(1,28188): error TS1127: Invalid character.
src/services/firebaseService.ts(1,28189): error TS1127: Invalid character.
src/services/firebaseService.ts(1,28190): error TS1127: Invalid character.
src/services/firebaseService.ts(1,28191): error TS1127: Invalid character.
src/services/firebaseService.ts(1,28192): error TS1127: Invalid character.
src/services/firebaseService.ts(1,28193): error TS1127: Invalid character.
src/services/firebaseService.ts(1,28194): error TS1127: Invalid character.
src/services/firebaseService.ts(1,28195): error TS1127: Invalid character.
src/services/firebaseService.ts(1,28196): error TS1127: Invalid character.
src/services/firebaseService.ts(1,28197): error TS1127: Invalid character.
src/services/firebaseService.ts(1,28198): error TS1127: Invalid character.
src/services/firebaseService.ts(1,28199): error TS1127: Invalid character.
src/services/firebaseService.ts(1,28200): error TS1127: Invalid character.
src/services/firebaseService.ts(1,28201): error TS1127: Invalid character.
src/services/firebaseService.ts(1,28202): error TS1127: Invalid character.
src/services/firebaseService.ts(1,28203): error TS1127: Invalid character.
src/services/firebaseService.ts(1,28204): error TS1127: Invalid character.
src/services/firebaseService.ts(1,28205): error TS1127: Invalid character.
src/services/firebaseService.ts(1,28206): error TS1127: Invalid character.
src/services/firebaseService.ts(1,28207): error TS1127: Invalid character.
src/services/firebaseService.ts(1,28208): error TS1127: Invalid character.
src/services/firebaseService.ts(1,28209): error TS1127: Invalid character.
src/services/firebaseService.ts(1,28210): error TS1127: Invalid character.
src/services/firebaseService.ts(1,28211): error TS1127: Invalid character.
src/services/firebaseService.ts(1,28212): error TS1127: Invalid character.
src/services/firebaseService.ts(1,28213): error TS1127: Invalid character.
src/services/firebaseService.ts(1,28214): error TS1127: Invalid character.
src/services/firebaseService.ts(1,28215): error TS1127: Invalid character.
src/services/firebaseService.ts(1,28216): error TS1127: Invalid character.
src/services/firebaseService.ts(1,28217): error TS1127: Invalid character.
src/services/firebaseService.ts(1,28218): error TS1127: Invalid character.
src/services/firebaseService.ts(1,28219): error TS1127: Invalid character.
src/services/firebaseService.ts(1,28220): error TS1127: Invalid character.
src/services/firebaseService.ts(1,28221): error TS1127: Invalid character.
src/services/firebaseService.ts(1,28222): error TS1127: Invalid character.
src/services/firebaseService.ts(1,28223): error TS1127: Invalid character.
src/services/firebaseService.ts(1,28224): error TS1127: Invalid character.
src/services/firebaseService.ts(1,28225): error TS1127: Invalid character.
src/services/firebaseService.ts(1,28226): error TS1127: Invalid character.
src/services/firebaseService.ts(1,28227): error TS1127: Invalid character.
src/services/firebaseService.ts(1,28228): error TS1127: Invalid character.
src/services/firebaseService.ts(1,28229): error TS1127: Invalid character.
src/services/firebaseService.ts(1,28230): error TS1127: Invalid character.
src/services/firebaseService.ts(1,28231): error TS1127: Invalid character.
src/services/firebaseService.ts(1,28232): error TS1127: Invalid character.
src/services/firebaseService.ts(1,28233): error TS1127: Invalid character.
src/services/firebaseService.ts(1,28234): error TS1127: Invalid character.
src/services/firebaseService.ts(1,28235): error TS1127: Invalid character.
src/services/firebaseService.ts(1,28236): error TS1127: Invalid character.
src/services/firebaseService.ts(1,28237): error TS1127: Invalid character.
src/services/firebaseService.ts(1,28238): error TS1127: Invalid character.
src/services/firebaseService.ts(1,28239): error TS1127: Invalid character.
src/services/firebaseService.ts(1,28240): error TS1127: Invalid character.
src/services/firebaseService.ts(1,28241): error TS1127: Invalid character.
src/services/firebaseService.ts(1,28242): error TS1127: Invalid character.
src/services/firebaseService.ts(1,28243): error TS1127: Invalid character.
src/services/firebaseService.ts(1,28244): error TS1127: Invalid character.
src/services/firebaseService.ts(1,28245): error TS1127: Invalid character.
src/services/firebaseService.ts(1,28246): error TS1127: Invalid character.
src/services/firebaseService.ts(1,28247): error TS1127: Invalid character.
src/services/firebaseService.ts(1,28248): error TS1127: Invalid character.
src/services/firebaseService.ts(1,28249): error TS1127: Invalid character.
src/services/firebaseService.ts(1,28250): error TS1127: Invalid character.
src/services/firebaseService.ts(1,28251): error TS1127: Invalid character.
src/services/firebaseService.ts(1,28252): error TS1127: Invalid character.
src/services/firebaseService.ts(1,28253): error TS1127: Invalid character.
src/services/firebaseService.ts(1,28254): error TS1127: Invalid character.
src/services/firebaseService.ts(1,28255): error TS1127: Invalid character.
src/services/firebaseService.ts(1,28256): error TS1127: Invalid character.
src/services/firebaseService.ts(1,28257): error TS1127: Invalid character.
src/services/firebaseService.ts(1,28258): error TS1127: Invalid character.
src/services/firebaseService.ts(1,28259): error TS1127: Invalid character.
src/services/firebaseService.ts(1,28260): error TS1127: Invalid character.
src/services/firebaseService.ts(1,28261): error TS1127: Invalid character.
src/services/firebaseService.ts(1,28262): error TS1127: Invalid character.
src/services/firebaseService.ts(1,28263): error TS1127: Invalid character.
src/services/firebaseService.ts(1,28264): error TS1127: Invalid character.
src/services/firebaseService.ts(1,28265): error TS1127: Invalid character.
src/services/firebaseService.ts(1,28266): error TS1127: Invalid character.
src/services/firebaseService.ts(1,28267): error TS1127: Invalid character.
src/services/firebaseService.ts(1,28268): error TS1127: Invalid character.
src/services/firebaseService.ts(1,28269): error TS1127: Invalid character.
src/services/firebaseService.ts(1,28270): error TS1127: Invalid character.
src/services/firebaseService.ts(1,28271): error TS1127: Invalid character.
src/services/firebaseService.ts(1,28272): error TS1127: Invalid character.
src/services/firebaseService.ts(1,28273): error TS1127: Invalid character.
src/services/firebaseService.ts(1,28274): error TS1127: Invalid character.
src/services/firebaseService.ts(1,28275): error TS1127: Invalid character.
src/services/firebaseService.ts(1,28276): error TS1127: Invalid character.
src/services/firebaseService.ts(1,28277): error TS1127: Invalid character.
src/services/firebaseService.ts(1,28278): error TS1127: Invalid character.
src/services/firebaseService.ts(1,28279): error TS1127: Invalid character.
src/services/firebaseService.ts(1,28280): error TS1127: Invalid character.
src/services/firebaseService.ts(1,28281): error TS1127: Invalid character.
src/services/firebaseService.ts(1,28282): error TS1127: Invalid character.
src/services/firebaseService.ts(1,28283): error TS1127: Invalid character.
src/services/firebaseService.ts(1,28284): error TS1127: Invalid character.
src/services/firebaseService.ts(1,28285): error TS1127: Invalid character.
src/services/firebaseService.ts(1,28286): error TS1127: Invalid character.
src/services/firebaseService.ts(1,28287): error TS1127: Invalid character.
src/services/firebaseService.ts(1,28288): error TS1127: Invalid character.
src/services/firebaseService.ts(1,28289): error TS1127: Invalid character.
src/services/firebaseService.ts(1,28290): error TS1127: Invalid character.
src/services/firebaseService.ts(1,28291): error TS1127: Invalid character.
src/services/firebaseService.ts(1,28292): error TS1127: Invalid character.
src/services/firebaseService.ts(1,28293): error TS1127: Invalid character.
src/services/firebaseService.ts(1,28294): error TS1127: Invalid character.
src/services/firebaseService.ts(1,28295): error TS1127: Invalid character.
src/services/firebaseService.ts(1,28296): error TS1127: Invalid character.
src/services/firebaseService.ts(1,28297): error TS1127: Invalid character.
src/services/firebaseService.ts(1,28298): error TS1127: Invalid character.
src/services/firebaseService.ts(1,28299): error TS1127: Invalid character.
src/services/firebaseService.ts(1,28300): error TS1127: Invalid character.
src/services/firebaseService.ts(1,28301): error TS1127: Invalid character.
src/services/firebaseService.ts(1,28302): error TS1127: Invalid character.
src/services/firebaseService.ts(1,28303): error TS1127: Invalid character.
src/services/firebaseService.ts(1,28304): error TS1127: Invalid character.
src/services/firebaseService.ts(1,28305): error TS1127: Invalid character.
src/services/firebaseService.ts(1,28306): error TS1127: Invalid character.
src/services/firebaseService.ts(1,28307): error TS1127: Invalid character.
src/services/firebaseService.ts(1,28308): error TS1127: Invalid character.
src/services/firebaseService.ts(1,28309): error TS1127: Invalid character.
src/services/firebaseService.ts(1,28310): error TS1127: Invalid character.
src/services/firebaseService.ts(1,28311): error TS1127: Invalid character.
src/services/firebaseService.ts(1,28312): error TS1127: Invalid character.
src/services/firebaseService.ts(1,28313): error TS1127: Invalid character.
src/services/firebaseService.ts(1,28314): error TS1127: Invalid character.
src/services/firebaseService.ts(1,28315): error TS1127: Invalid character.
src/services/firebaseService.ts(1,28316): error TS1127: Invalid character.
src/services/firebaseService.ts(1,28317): error TS1127: Invalid character.
src/services/firebaseService.ts(1,28318): error TS1127: Invalid character.
src/services/firebaseService.ts(1,28319): error TS1127: Invalid character.
src/services/firebaseService.ts(1,28320): error TS1127: Invalid character.
src/services/firebaseService.ts(1,28321): error TS1127: Invalid character.
src/services/firebaseService.ts(1,28322): error TS1127: Invalid character.
src/services/firebaseService.ts(1,28323): error TS1127: Invalid character.
src/services/firebaseService.ts(1,28324): error TS1127: Invalid character.
src/services/firebaseService.ts(1,28325): error TS1127: Invalid character.
src/services/firebaseService.ts(1,28326): error TS1127: Invalid character.
src/services/firebaseService.ts(1,28327): error TS1127: Invalid character.
src/services/firebaseService.ts(1,28328): error TS1127: Invalid character.
src/services/firebaseService.ts(1,28329): error TS1127: Invalid character.
src/services/firebaseService.ts(1,28330): error TS1127: Invalid character.
src/services/firebaseService.ts(1,28331): error TS1127: Invalid character.
src/services/firebaseService.ts(1,28332): error TS1127: Invalid character.
src/services/firebaseService.ts(1,28333): error TS1127: Invalid character.
src/services/firebaseService.ts(1,28334): error TS1127: Invalid character.
src/services/firebaseService.ts(1,28335): error TS1127: Invalid character.
src/services/firebaseService.ts(1,28336): error TS1127: Invalid character.
src/services/firebaseService.ts(1,28337): error TS1127: Invalid character.
src/services/firebaseService.ts(1,28338): error TS1127: Invalid character.
src/services/firebaseService.ts(1,28339): error TS1127: Invalid character.
src/services/firebaseService.ts(1,28340): error TS1127: Invalid character.
src/services/firebaseService.ts(1,28341): error TS1127: Invalid character.
src/services/firebaseService.ts(1,28342): error TS1127: Invalid character.
src/services/firebaseService.ts(1,28343): error TS1127: Invalid character.
src/services/firebaseService.ts(1,28344): error TS1127: Invalid character.
src/services/firebaseService.ts(1,28345): error TS1127: Invalid character.
src/services/firebaseService.ts(1,28346): error TS1127: Invalid character.
src/services/firebaseService.ts(1,28347): error TS1127: Invalid character.
src/services/firebaseService.ts(1,28348): error TS1127: Invalid character.
src/services/firebaseService.ts(1,28349): error TS1127: Invalid character.
src/services/firebaseService.ts(1,28350): error TS1127: Invalid character.
src/services/firebaseService.ts(1,28351): error TS1127: Invalid character.
src/services/firebaseService.ts(1,28352): error TS1127: Invalid character.
src/services/firebaseService.ts(1,28353): error TS1127: Invalid character.
src/services/firebaseService.ts(1,28354): error TS1127: Invalid character.
src/services/firebaseService.ts(1,28355): error TS1127: Invalid character.
src/services/firebaseService.ts(1,28356): error TS1127: Invalid character.
src/services/firebaseService.ts(1,28357): error TS1127: Invalid character.
src/services/firebaseService.ts(1,28358): error TS1127: Invalid character.
src/services/firebaseService.ts(1,28359): error TS1127: Invalid character.
src/services/firebaseService.ts(1,28360): error TS1127: Invalid character.
src/services/firebaseService.ts(1,28361): error TS1127: Invalid character.
src/services/firebaseService.ts(1,28362): error TS1127: Invalid character.
src/services/firebaseService.ts(1,28363): error TS1127: Invalid character.
src/services/firebaseService.ts(1,28364): error TS1127: Invalid character.
src/services/firebaseService.ts(1,28365): error TS1127: Invalid character.
src/services/firebaseService.ts(1,28366): error TS1127: Invalid character.
src/services/firebaseService.ts(1,28367): error TS1127: Invalid character.
src/services/firebaseService.ts(1,28368): error TS1127: Invalid character.
src/services/firebaseService.ts(1,28369): error TS1127: Invalid character.
src/services/firebaseService.ts(1,28370): error TS1127: Invalid character.
src/services/firebaseService.ts(1,28371): error TS1127: Invalid character.
src/services/firebaseService.ts(1,28372): error TS1127: Invalid character.
src/services/firebaseService.ts(1,28373): error TS1127: Invalid character.
src/services/firebaseService.ts(1,28374): error TS1127: Invalid character.
src/services/firebaseService.ts(1,28375): error TS1127: Invalid character.
src/services/firebaseService.ts(1,28376): error TS1127: Invalid character.
src/services/firebaseService.ts(1,28377): error TS1127: Invalid character.
src/services/firebaseService.ts(1,28378): error TS1127: Invalid character.
src/services/firebaseService.ts(1,28379): error TS1127: Invalid character.
src/services/firebaseService.ts(1,28380): error TS1127: Invalid character.
src/services/firebaseService.ts(1,28381): error TS1127: Invalid character.
src/services/firebaseService.ts(1,28382): error TS1127: Invalid character.
src/services/firebaseService.ts(1,28383): error TS1127: Invalid character.
src/services/firebaseService.ts(1,28384): error TS1127: Invalid character.
src/services/firebaseService.ts(1,28385): error TS1127: Invalid character.
src/services/firebaseService.ts(1,28386): error TS1127: Invalid character.
src/services/firebaseService.ts(1,28387): error TS1127: Invalid character.
src/services/firebaseService.ts(1,28388): error TS1127: Invalid character.
src/services/firebaseService.ts(1,28389): error TS1127: Invalid character.
src/services/firebaseService.ts(1,28390): error TS1127: Invalid character.
src/services/firebaseService.ts(1,28391): error TS1127: Invalid character.
src/services/firebaseService.ts(1,28392): error TS1127: Invalid character.
src/services/firebaseService.ts(1,28393): error TS1127: Invalid character.
src/services/firebaseService.ts(1,28394): error TS1127: Invalid character.
src/services/firebaseService.ts(1,28395): error TS1127: Invalid character.
src/services/firebaseService.ts(1,28396): error TS1127: Invalid character.
src/services/firebaseService.ts(1,28397): error TS1127: Invalid character.
src/services/firebaseService.ts(1,28398): error TS1127: Invalid character.
src/services/firebaseService.ts(1,28399): error TS1127: Invalid character.
src/services/firebaseService.ts(1,28400): error TS1127: Invalid character.
src/services/firebaseService.ts(1,28401): error TS1127: Invalid character.
src/services/firebaseService.ts(1,28402): error TS1127: Invalid character.
src/services/firebaseService.ts(1,28403): error TS1127: Invalid character.
src/services/firebaseService.ts(1,28404): error TS1127: Invalid character.
src/services/firebaseService.ts(1,28405): error TS1127: Invalid character.
src/services/firebaseService.ts(1,28406): error TS1127: Invalid character.
src/services/firebaseService.ts(1,28407): error TS1127: Invalid character.
src/services/firebaseService.ts(1,28408): error TS1127: Invalid character.
src/services/firebaseService.ts(1,28409): error TS1127: Invalid character.
src/services/firebaseService.ts(1,28410): error TS1127: Invalid character.
src/services/firebaseService.ts(1,28411): error TS1127: Invalid character.
src/services/firebaseService.ts(1,28412): error TS1127: Invalid character.
src/services/firebaseService.ts(1,28413): error TS1127: Invalid character.
src/services/firebaseService.ts(1,28414): error TS1127: Invalid character.
src/services/firebaseService.ts(1,28415): error TS1127: Invalid character.
src/services/firebaseService.ts(1,28416): error TS1127: Invalid character.
src/services/firebaseService.ts(1,28417): error TS1127: Invalid character.
src/services/firebaseService.ts(1,28418): error TS1127: Invalid character.
src/services/firebaseService.ts(1,28419): error TS1127: Invalid character.
src/services/firebaseService.ts(1,28420): error TS1127: Invalid character.
src/services/firebaseService.ts(1,28421): error TS1127: Invalid character.
src/services/firebaseService.ts(1,28422): error TS1127: Invalid character.
src/services/firebaseService.ts(1,28423): error TS1127: Invalid character.
src/services/firebaseService.ts(1,28424): error TS1127: Invalid character.
src/services/firebaseService.ts(1,28425): error TS1127: Invalid character.
src/services/firebaseService.ts(1,28426): error TS1127: Invalid character.
src/services/firebaseService.ts(1,28427): error TS1127: Invalid character.
src/services/firebaseService.ts(1,28428): error TS1127: Invalid character.
src/services/firebaseService.ts(1,28429): error TS1127: Invalid character.
src/services/firebaseService.ts(1,28430): error TS1127: Invalid character.
src/services/firebaseService.ts(1,28431): error TS1127: Invalid character.
src/services/firebaseService.ts(1,28432): error TS1127: Invalid character.
src/services/firebaseService.ts(1,28433): error TS1127: Invalid character.
src/services/firebaseService.ts(1,28434): error TS1127: Invalid character.
src/services/firebaseService.ts(1,28435): error TS1127: Invalid character.
src/services/firebaseService.ts(1,28436): error TS1127: Invalid character.
src/services/firebaseService.ts(1,28437): error TS1127: Invalid character.
src/services/firebaseService.ts(1,28438): error TS1127: Invalid character.
src/services/firebaseService.ts(1,28439): error TS1127: Invalid character.
src/services/firebaseService.ts(1,28440): error TS1127: Invalid character.
src/services/firebaseService.ts(1,28441): error TS1127: Invalid character.
src/services/firebaseService.ts(1,28442): error TS1127: Invalid character.
src/services/firebaseService.ts(1,28443): error TS1127: Invalid character.
src/services/firebaseService.ts(1,28444): error TS1127: Invalid character.
src/services/firebaseService.ts(1,28445): error TS1127: Invalid character.
src/services/firebaseService.ts(1,28446): error TS1127: Invalid character.
src/services/firebaseService.ts(1,28447): error TS1127: Invalid character.
src/services/firebaseService.ts(1,28448): error TS1127: Invalid character.
src/services/firebaseService.ts(1,28449): error TS1127: Invalid character.
src/services/firebaseService.ts(1,28450): error TS1127: Invalid character.
src/services/firebaseService.ts(1,28451): error TS1127: Invalid character.
src/services/firebaseService.ts(1,28452): error TS1127: Invalid character.
src/services/firebaseService.ts(1,28453): error TS1127: Invalid character.
src/services/firebaseService.ts(1,28454): error TS1127: Invalid character.
src/services/firebaseService.ts(1,28455): error TS1127: Invalid character.
src/services/firebaseService.ts(1,28456): error TS1127: Invalid character.
src/services/firebaseService.ts(1,28457): error TS1127: Invalid character.
src/services/firebaseService.ts(1,28458): error TS1127: Invalid character.
src/services/firebaseService.ts(1,28459): error TS1127: Invalid character.
src/services/firebaseService.ts(1,28460): error TS1127: Invalid character.
src/services/firebaseService.ts(1,28461): error TS1127: Invalid character.
src/services/firebaseService.ts(1,28462): error TS1127: Invalid character.
src/services/firebaseService.ts(1,28463): error TS1127: Invalid character.
src/services/firebaseService.ts(1,28464): error TS1127: Invalid character.
src/services/firebaseService.ts(1,28465): error TS1127: Invalid character.
src/services/firebaseService.ts(1,28466): error TS1127: Invalid character.
src/services/firebaseService.ts(1,28467): error TS1127: Invalid character.
src/services/firebaseService.ts(1,28468): error TS1127: Invalid character.
src/services/firebaseService.ts(1,28469): error TS1127: Invalid character.
src/services/firebaseService.ts(1,28470): error TS1127: Invalid character.
src/services/firebaseService.ts(1,28471): error TS1127: Invalid character.
src/services/firebaseService.ts(1,28472): error TS1127: Invalid character.
src/services/firebaseService.ts(1,28473): error TS1127: Invalid character.
src/services/firebaseService.ts(1,28474): error TS1127: Invalid character.
src/services/firebaseService.ts(1,28475): error TS1127: Invalid character.
src/services/firebaseService.ts(1,28476): error TS1127: Invalid character.
src/services/firebaseService.ts(1,28477): error TS1127: Invalid character.
src/services/firebaseService.ts(1,28478): error TS1127: Invalid character.
src/services/firebaseService.ts(1,28479): error TS1127: Invalid character.
src/services/firebaseService.ts(1,28480): error TS1127: Invalid character.
src/services/firebaseService.ts(1,28481): error TS1127: Invalid character.
src/services/firebaseService.ts(1,28482): error TS1127: Invalid character.
src/services/firebaseService.ts(1,28483): error TS1127: Invalid character.
src/services/firebaseService.ts(1,28484): error TS1127: Invalid character.
src/services/firebaseService.ts(1,28485): error TS1127: Invalid character.
src/services/firebaseService.ts(1,28486): error TS1127: Invalid character.
src/services/firebaseService.ts(1,28487): error TS1127: Invalid character.
src/services/firebaseService.ts(1,28488): error TS1127: Invalid character.
src/services/firebaseService.ts(1,28489): error TS1127: Invalid character.
src/services/firebaseService.ts(1,28490): error TS1127: Invalid character.
src/services/firebaseService.ts(1,28491): error TS1127: Invalid character.
src/services/firebaseService.ts(1,28492): error TS1127: Invalid character.
src/services/firebaseService.ts(1,28493): error TS1127: Invalid character.
src/services/firebaseService.ts(1,28494): error TS1127: Invalid character.
src/services/firebaseService.ts(1,28495): error TS1127: Invalid character.
src/services/firebaseService.ts(1,28496): error TS1127: Invalid character.
src/services/firebaseService.ts(1,28497): error TS1127: Invalid character.
src/services/firebaseService.ts(1,28498): error TS1127: Invalid character.
src/services/firebaseService.ts(1,28499): error TS1127: Invalid character.
src/services/firebaseService.ts(1,28500): error TS1127: Invalid character.
src/services/firebaseService.ts(1,28501): error TS1127: Invalid character.
src/services/firebaseService.ts(1,28502): error TS1127: Invalid character.
src/services/firebaseService.ts(1,28503): error TS1127: Invalid character.
src/services/firebaseService.ts(1,28504): error TS1127: Invalid character.
src/services/firebaseService.ts(1,28505): error TS1127: Invalid character.
src/services/firebaseService.ts(1,28506): error TS1127: Invalid character.
src/services/firebaseService.ts(1,28507): error TS1127: Invalid character.
src/services/firebaseService.ts(1,28508): error TS1127: Invalid character.
src/services/firebaseService.ts(1,28509): error TS1127: Invalid character.
src/services/firebaseService.ts(1,28510): error TS1127: Invalid character.
src/services/firebaseService.ts(1,28511): error TS1127: Invalid character.
src/services/firebaseService.ts(1,28512): error TS1127: Invalid character.
src/services/firebaseService.ts(1,28513): error TS1127: Invalid character.
src/services/firebaseService.ts(1,28514): error TS1127: Invalid character.
src/services/firebaseService.ts(1,28515): error TS1127: Invalid character.
src/services/firebaseService.ts(1,28516): error TS1127: Invalid character.
src/services/firebaseService.ts(1,28517): error TS1127: Invalid character.
src/services/firebaseService.ts(1,28518): error TS1127: Invalid character.
src/services/firebaseService.ts(1,28519): error TS1127: Invalid character.
src/services/firebaseService.ts(1,28520): error TS1127: Invalid character.
src/services/firebaseService.ts(1,28521): error TS1127: Invalid character.
src/services/firebaseService.ts(1,28522): error TS1127: Invalid character.
src/services/firebaseService.ts(1,28523): error TS1127: Invalid character.
src/services/firebaseService.ts(1,28524): error TS1127: Invalid character.
src/services/firebaseService.ts(1,28525): error TS1127: Invalid character.
src/services/firebaseService.ts(1,28526): error TS1127: Invalid character.
src/services/firebaseService.ts(1,28527): error TS1127: Invalid character.
src/services/firebaseService.ts(1,28528): error TS1127: Invalid character.
src/services/firebaseService.ts(1,28529): error TS1127: Invalid character.
src/services/firebaseService.ts(1,28530): error TS1127: Invalid character.
src/services/firebaseService.ts(1,28531): error TS1127: Invalid character.
src/services/firebaseService.ts(1,28532): error TS1127: Invalid character.
src/services/firebaseService.ts(1,28533): error TS1127: Invalid character.
src/services/firebaseService.ts(1,28534): error TS1127: Invalid character.
src/services/firebaseService.ts(1,28535): error TS1127: Invalid character.
src/services/firebaseService.ts(1,28536): error TS1127: Invalid character.
src/services/firebaseService.ts(1,28537): error TS1127: Invalid character.
src/services/firebaseService.ts(1,28538): error TS1127: Invalid character.
src/services/firebaseService.ts(1,28539): error TS1127: Invalid character.
src/services/firebaseService.ts(1,28540): error TS1127: Invalid character.
src/services/firebaseService.ts(1,28541): error TS1127: Invalid character.
src/services/firebaseService.ts(1,28542): error TS1127: Invalid character.
src/services/firebaseService.ts(1,28543): error TS1127: Invalid character.
src/services/firebaseService.ts(1,28544): error TS1127: Invalid character.
src/services/firebaseService.ts(1,28545): error TS1127: Invalid character.
src/services/firebaseService.ts(1,28546): error TS1127: Invalid character.
src/services/firebaseService.ts(1,28547): error TS1127: Invalid character.
src/services/firebaseService.ts(1,28548): error TS1127: Invalid character.
src/services/firebaseService.ts(1,28549): error TS1127: Invalid character.
src/services/firebaseService.ts(1,28550): error TS1127: Invalid character.
src/services/firebaseService.ts(1,28551): error TS1127: Invalid character.
src/services/firebaseService.ts(1,28552): error TS1127: Invalid character.
src/services/firebaseService.ts(1,28553): error TS1127: Invalid character.
src/services/firebaseService.ts(1,28554): error TS1127: Invalid character.
src/services/firebaseService.ts(1,28555): error TS1127: Invalid character.
src/services/firebaseService.ts(1,28556): error TS1127: Invalid character.
src/services/firebaseService.ts(1,28557): error TS1127: Invalid character.
src/services/firebaseService.ts(1,28558): error TS1127: Invalid character.
src/services/firebaseService.ts(1,28559): error TS1127: Invalid character.
src/services/firebaseService.ts(1,28560): error TS1127: Invalid character.
src/services/firebaseService.ts(1,28561): error TS1127: Invalid character.
src/services/firebaseService.ts(1,28562): error TS1127: Invalid character.
src/services/firebaseService.ts(1,28563): error TS1127: Invalid character.
src/services/firebaseService.ts(1,28564): error TS1127: Invalid character.
src/services/firebaseService.ts(1,28565): error TS1127: Invalid character.
src/services/firebaseService.ts(1,28566): error TS1127: Invalid character.
src/services/firebaseService.ts(1,28567): error TS1127: Invalid character.
src/services/firebaseService.ts(1,28568): error TS1127: Invalid character.
src/services/firebaseService.ts(1,28569): error TS1127: Invalid character.
src/services/firebaseService.ts(1,28570): error TS1127: Invalid character.
src/services/firebaseService.ts(1,28571): error TS1127: Invalid character.
src/services/firebaseService.ts(1,28572): error TS1127: Invalid character.
src/services/firebaseService.ts(1,28573): error TS1127: Invalid character.
src/services/firebaseService.ts(1,28574): error TS1127: Invalid character.
src/services/firebaseService.ts(1,28575): error TS1127: Invalid character.
src/services/firebaseService.ts(1,28576): error TS1127: Invalid character.
src/services/firebaseService.ts(1,28577): error TS1127: Invalid character.
src/services/firebaseService.ts(1,28578): error TS1127: Invalid character.
src/services/firebaseService.ts(1,28579): error TS1127: Invalid character.
src/services/firebaseService.ts(1,28580): error TS1127: Invalid character.
src/services/firebaseService.ts(1,28581): error TS1127: Invalid character.
src/services/firebaseService.ts(1,28582): error TS1127: Invalid character.
src/services/firebaseService.ts(1,28583): error TS1127: Invalid character.
src/services/firebaseService.ts(1,28584): error TS1127: Invalid character.
src/services/firebaseService.ts(1,28585): error TS1127: Invalid character.
src/services/firebaseService.ts(1,28586): error TS1127: Invalid character.
src/services/firebaseService.ts(1,28587): error TS1127: Invalid character.
src/services/firebaseService.ts(1,28588): error TS1127: Invalid character.
src/services/firebaseService.ts(1,28589): error TS1127: Invalid character.
src/services/firebaseService.ts(1,28590): error TS1127: Invalid character.
src/services/firebaseService.ts(1,28591): error TS1127: Invalid character.
src/services/firebaseService.ts(1,28592): error TS1127: Invalid character.
src/services/firebaseService.ts(1,28593): error TS1127: Invalid character.
src/services/firebaseService.ts(1,28594): error TS1127: Invalid character.
src/services/firebaseService.ts(1,28595): error TS1127: Invalid character.
src/services/firebaseService.ts(1,28596): error TS1127: Invalid character.
src/services/firebaseService.ts(1,28597): error TS1127: Invalid character.
src/services/firebaseService.ts(1,28598): error TS1127: Invalid character.
src/services/firebaseService.ts(1,28599): error TS1127: Invalid character.
src/services/firebaseService.ts(1,28600): error TS1127: Invalid character.
src/services/firebaseService.ts(1,28601): error TS1127: Invalid character.
src/services/firebaseService.ts(1,28602): error TS1127: Invalid character.
src/services/firebaseService.ts(1,28603): error TS1127: Invalid character.
src/services/firebaseService.ts(1,28604): error TS1127: Invalid character.
src/services/firebaseService.ts(1,28605): error TS1127: Invalid character.
src/services/firebaseService.ts(1,28606): error TS1127: Invalid character.
src/services/firebaseService.ts(1,28607): error TS1127: Invalid character.
src/services/firebaseService.ts(1,28608): error TS1127: Invalid character.
src/services/firebaseService.ts(1,28609): error TS1127: Invalid character.
src/services/firebaseService.ts(1,28610): error TS1127: Invalid character.
src/services/firebaseService.ts(1,28611): error TS1127: Invalid character.
src/services/firebaseService.ts(1,28612): error TS1127: Invalid character.
src/services/firebaseService.ts(1,28613): error TS1127: Invalid character.
src/services/firebaseService.ts(1,28614): error TS1127: Invalid character.
src/services/firebaseService.ts(1,28615): error TS1127: Invalid character.
src/services/firebaseService.ts(1,28616): error TS1127: Invalid character.
src/services/firebaseService.ts(1,28617): error TS1127: Invalid character.
src/services/firebaseService.ts(1,28618): error TS1127: Invalid character.
src/services/firebaseService.ts(1,28619): error TS1127: Invalid character.
src/services/firebaseService.ts(1,28620): error TS1127: Invalid character.
src/services/firebaseService.ts(1,28621): error TS1127: Invalid character.
src/services/firebaseService.ts(1,28622): error TS1127: Invalid character.
src/services/firebaseService.ts(1,28623): error TS1127: Invalid character.
src/services/firebaseService.ts(1,28624): error TS1127: Invalid character.
src/services/firebaseService.ts(1,28625): error TS1127: Invalid character.
src/services/firebaseService.ts(1,28626): error TS1127: Invalid character.
src/services/firebaseService.ts(1,28627): error TS1127: Invalid character.
src/services/firebaseService.ts(1,28628): error TS1127: Invalid character.
src/services/firebaseService.ts(1,28629): error TS1127: Invalid character.
src/services/firebaseService.ts(1,28630): error TS1127: Invalid character.
src/services/firebaseService.ts(1,28631): error TS1127: Invalid character.
src/services/firebaseService.ts(1,28632): error TS1127: Invalid character.
src/services/firebaseService.ts(1,28633): error TS1127: Invalid character.
src/services/firebaseService.ts(1,28634): error TS1127: Invalid character.
src/services/firebaseService.ts(1,28635): error TS1127: Invalid character.
src/services/firebaseService.ts(1,28636): error TS1127: Invalid character.
src/services/firebaseService.ts(1,28637): error TS1127: Invalid character.
src/services/firebaseService.ts(1,28638): error TS1127: Invalid character.
src/services/firebaseService.ts(1,28639): error TS1127: Invalid character.
src/services/firebaseService.ts(1,28640): error TS1127: Invalid character.
src/services/firebaseService.ts(1,28641): error TS1127: Invalid character.
src/services/firebaseService.ts(1,28642): error TS1127: Invalid character.
src/services/firebaseService.ts(1,28643): error TS1127: Invalid character.
src/services/firebaseService.ts(1,28644): error TS1127: Invalid character.
src/services/firebaseService.ts(1,28645): error TS1127: Invalid character.
src/services/firebaseService.ts(1,28646): error TS1127: Invalid character.
src/services/firebaseService.ts(1,28647): error TS1127: Invalid character.
src/services/firebaseService.ts(1,28648): error TS1127: Invalid character.
src/services/firebaseService.ts(1,28649): error TS1127: Invalid character.
src/services/firebaseService.ts(1,28650): error TS1127: Invalid character.
src/services/firebaseService.ts(1,28651): error TS1127: Invalid character.
src/services/firebaseService.ts(1,28652): error TS1127: Invalid character.
src/services/firebaseService.ts(1,28653): error TS1127: Invalid character.
src/services/firebaseService.ts(1,28654): error TS1127: Invalid character.
src/services/firebaseService.ts(1,28655): error TS1127: Invalid character.
src/services/firebaseService.ts(1,28656): error TS1127: Invalid character.
src/services/firebaseService.ts(1,28657): error TS1127: Invalid character.
src/services/firebaseService.ts(1,28658): error TS1127: Invalid character.
src/services/firebaseService.ts(1,28659): error TS1127: Invalid character.
src/services/firebaseService.ts(1,28660): error TS1127: Invalid character.
src/services/firebaseService.ts(1,28661): error TS1127: Invalid character.
src/services/firebaseService.ts(1,28662): error TS1127: Invalid character.
src/services/firebaseService.ts(1,28663): error TS1127: Invalid character.
src/services/firebaseService.ts(1,28664): error TS1127: Invalid character.
src/services/firebaseService.ts(1,28665): error TS1127: Invalid character.
src/services/firebaseService.ts(1,28666): error TS1127: Invalid character.
src/services/firebaseService.ts(1,28667): error TS1127: Invalid character.
src/services/firebaseService.ts(1,28668): error TS1127: Invalid character.
src/services/firebaseService.ts(1,28669): error TS1127: Invalid character.
src/services/firebaseService.ts(1,28670): error TS1127: Invalid character.
src/services/firebaseService.ts(1,28671): error TS1127: Invalid character.
src/services/firebaseService.ts(1,28672): error TS1127: Invalid character.
src/services/firebaseService.ts(1,28673): error TS1127: Invalid character.
src/services/firebaseService.ts(1,28674): error TS1127: Invalid character.
src/services/firebaseService.ts(1,28675): error TS1127: Invalid character.
src/services/firebaseService.ts(1,28676): error TS1127: Invalid character.
src/services/firebaseService.ts(1,28677): error TS1127: Invalid character.
src/services/firebaseService.ts(1,28678): error TS1127: Invalid character.
src/services/firebaseService.ts(1,28679): error TS1127: Invalid character.
src/services/firebaseService.ts(1,28680): error TS1127: Invalid character.
src/services/firebaseService.ts(1,28681): error TS1127: Invalid character.
src/services/firebaseService.ts(1,28682): error TS1127: Invalid character.
src/services/firebaseService.ts(1,28683): error TS1127: Invalid character.
src/services/firebaseService.ts(1,28684): error TS1127: Invalid character.
src/services/firebaseService.ts(1,28685): error TS1127: Invalid character.
src/services/firebaseService.ts(1,28686): error TS1127: Invalid character.
src/services/firebaseService.ts(1,28687): error TS1127: Invalid character.
src/services/firebaseService.ts(1,28688): error TS1127: Invalid character.
src/services/firebaseService.ts(1,28689): error TS1127: Invalid character.
src/services/firebaseService.ts(1,28690): error TS1127: Invalid character.
src/services/firebaseService.ts(1,28691): error TS1127: Invalid character.
src/services/firebaseService.ts(1,28692): error TS1127: Invalid character.
src/services/firebaseService.ts(1,28693): error TS1127: Invalid character.
src/services/firebaseService.ts(1,28694): error TS1127: Invalid character.
src/services/firebaseService.ts(1,28695): error TS1127: Invalid character.
src/services/firebaseService.ts(1,28696): error TS1127: Invalid character.
src/services/firebaseService.ts(1,28697): error TS1127: Invalid character.
src/services/firebaseService.ts(1,28698): error TS1127: Invalid character.
src/services/firebaseService.ts(1,28699): error TS1127: Invalid character.
src/services/firebaseService.ts(1,28700): error TS1127: Invalid character.
src/services/firebaseService.ts(1,28701): error TS1127: Invalid character.
src/services/firebaseService.ts(1,28702): error TS1127: Invalid character.
src/services/firebaseService.ts(1,28703): error TS1127: Invalid character.
src/services/firebaseService.ts(1,28704): error TS1127: Invalid character.
src/services/firebaseService.ts(1,28705): error TS1127: Invalid character.
src/services/firebaseService.ts(1,28706): error TS1127: Invalid character.
src/services/firebaseService.ts(1,28707): error TS1127: Invalid character.
src/services/firebaseService.ts(1,28708): error TS1127: Invalid character.
src/services/firebaseService.ts(1,28709): error TS1127: Invalid character.
src/services/firebaseService.ts(1,28710): error TS1127: Invalid character.
src/services/firebaseService.ts(1,28711): error TS1127: Invalid character.
src/services/firebaseService.ts(1,28712): error TS1127: Invalid character.
src/services/firebaseService.ts(1,28713): error TS1127: Invalid character.
src/services/firebaseService.ts(1,28714): error TS1127: Invalid character.
src/services/firebaseService.ts(1,28715): error TS1127: Invalid character.
src/services/firebaseService.ts(1,28716): error TS1127: Invalid character.
src/services/firebaseService.ts(1,28717): error TS1127: Invalid character.
src/services/firebaseService.ts(1,28718): error TS1127: Invalid character.
src/services/firebaseService.ts(1,28719): error TS1127: Invalid character.
src/services/firebaseService.ts(1,28720): error TS1127: Invalid character.
src/services/firebaseService.ts(1,28721): error TS1127: Invalid character.
src/services/firebaseService.ts(1,28722): error TS1127: Invalid character.
src/services/firebaseService.ts(1,28723): error TS1127: Invalid character.
src/services/firebaseService.ts(1,28724): error TS1127: Invalid character.
src/services/firebaseService.ts(1,28725): error TS1127: Invalid character.
src/services/firebaseService.ts(1,28726): error TS1127: Invalid character.
src/services/firebaseService.ts(1,28727): error TS1127: Invalid character.
src/services/firebaseService.ts(1,28728): error TS1127: Invalid character.
src/services/firebaseService.ts(1,28729): error TS1127: Invalid character.
src/services/firebaseService.ts(1,28730): error TS1127: Invalid character.
src/services/firebaseService.ts(1,28731): error TS1127: Invalid character.
src/services/firebaseService.ts(1,28732): error TS1127: Invalid character.
src/services/firebaseService.ts(1,28733): error TS1127: Invalid character.
src/services/firebaseService.ts(1,28734): error TS1127: Invalid character.
src/services/firebaseService.ts(1,28735): error TS1127: Invalid character.
src/services/firebaseService.ts(1,28736): error TS1127: Invalid character.
src/services/firebaseService.ts(1,28737): error TS1127: Invalid character.
src/services/firebaseService.ts(1,28738): error TS1127: Invalid character.
src/services/firebaseService.ts(1,28739): error TS1127: Invalid character.
src/services/firebaseService.ts(1,28740): error TS1127: Invalid character.
src/services/firebaseService.ts(1,28741): error TS1127: Invalid character.
src/services/firebaseService.ts(1,28742): error TS1127: Invalid character.
src/services/firebaseService.ts(1,28743): error TS1127: Invalid character.
src/services/firebaseService.ts(1,28744): error TS1127: Invalid character.
src/services/firebaseService.ts(1,28745): error TS1127: Invalid character.
src/services/firebaseService.ts(1,28746): error TS1127: Invalid character.
src/services/firebaseService.ts(1,28747): error TS1127: Invalid character.
src/services/firebaseService.ts(1,28748): error TS1127: Invalid character.
src/services/firebaseService.ts(1,28749): error TS1127: Invalid character.
src/services/firebaseService.ts(1,28750): error TS1127: Invalid character.
src/services/firebaseService.ts(1,28751): error TS1127: Invalid character.
src/services/firebaseService.ts(1,28752): error TS1127: Invalid character.
src/services/firebaseService.ts(1,28753): error TS1127: Invalid character.
src/services/firebaseService.ts(1,28754): error TS1127: Invalid character.
src/services/firebaseService.ts(1,28755): error TS1127: Invalid character.
src/services/firebaseService.ts(1,28756): error TS1127: Invalid character.
src/services/firebaseService.ts(1,28757): error TS1127: Invalid character.
src/services/firebaseService.ts(1,28758): error TS1127: Invalid character.
src/services/firebaseService.ts(1,28759): error TS1127: Invalid character.
src/services/firebaseService.ts(1,28760): error TS1127: Invalid character.
src/services/firebaseService.ts(1,28761): error TS1127: Invalid character.
src/services/firebaseService.ts(1,28762): error TS1127: Invalid character.
src/services/firebaseService.ts(1,28763): error TS1127: Invalid character.
src/services/firebaseService.ts(1,28764): error TS1127: Invalid character.
src/services/firebaseService.ts(1,28765): error TS1127: Invalid character.
src/services/firebaseService.ts(1,28766): error TS1127: Invalid character.
src/services/firebaseService.ts(1,28767): error TS1127: Invalid character.
src/services/firebaseService.ts(1,28768): error TS1127: Invalid character.
src/services/firebaseService.ts(1,28769): error TS1127: Invalid character.
src/services/firebaseService.ts(1,28770): error TS1127: Invalid character.
src/services/firebaseService.ts(1,28771): error TS1127: Invalid character.
src/services/firebaseService.ts(1,28772): error TS1127: Invalid character.
src/services/firebaseService.ts(1,28773): error TS1127: Invalid character.
src/services/firebaseService.ts(1,28774): error TS1127: Invalid character.
src/services/firebaseService.ts(1,28775): error TS1127: Invalid character.
src/services/firebaseService.ts(1,28776): error TS1127: Invalid character.
src/services/firebaseService.ts(1,28777): error TS1127: Invalid character.
src/services/firebaseService.ts(1,28778): error TS1127: Invalid character.
src/services/firebaseService.ts(1,28779): error TS1127: Invalid character.
src/services/firebaseService.ts(1,28780): error TS1127: Invalid character.
src/services/firebaseService.ts(1,28781): error TS1127: Invalid character.
src/services/firebaseService.ts(1,28782): error TS1127: Invalid character.
src/services/firebaseService.ts(1,28783): error TS1127: Invalid character.
src/services/firebaseService.ts(1,28784): error TS1127: Invalid character.
src/services/firebaseService.ts(1,28785): error TS1127: Invalid character.
src/services/firebaseService.ts(1,28786): error TS1127: Invalid character.
src/services/firebaseService.ts(1,28787): error TS1127: Invalid character.
src/services/firebaseService.ts(1,28788): error TS1127: Invalid character.
src/services/firebaseService.ts(1,28789): error TS1127: Invalid character.
src/services/firebaseService.ts(1,28790): error TS1127: Invalid character.
src/services/firebaseService.ts(1,28791): error TS1127: Invalid character.
src/services/firebaseService.ts(1,28792): error TS1127: Invalid character.
src/services/firebaseService.ts(1,28793): error TS1127: Invalid character.
src/services/firebaseService.ts(1,28794): error TS1127: Invalid character.
src/services/firebaseService.ts(1,28795): error TS1127: Invalid character.
src/services/firebaseService.ts(1,28796): error TS1127: Invalid character.
src/services/firebaseService.ts(1,28797): error TS1127: Invalid character.
src/services/firebaseService.ts(1,28798): error TS1127: Invalid character.
src/services/firebaseService.ts(1,28799): error TS1127: Invalid character.
src/services/firebaseService.ts(1,28800): error TS1127: Invalid character.
src/services/firebaseService.ts(1,28801): error TS1127: Invalid character.
src/services/firebaseService.ts(1,28802): error TS1127: Invalid character.
src/services/firebaseService.ts(1,28803): error TS1127: Invalid character.
src/services/firebaseService.ts(1,28804): error TS1127: Invalid character.
src/services/firebaseService.ts(1,28805): error TS1127: Invalid character.
src/services/firebaseService.ts(1,28806): error TS1127: Invalid character.
src/services/firebaseService.ts(1,28807): error TS1127: Invalid character.
src/services/firebaseService.ts(1,28808): error TS1127: Invalid character.
src/services/firebaseService.ts(1,28809): error TS1127: Invalid character.
src/services/firebaseService.ts(1,28810): error TS1127: Invalid character.
src/services/firebaseService.ts(1,28811): error TS1127: Invalid character.
src/services/firebaseService.ts(1,28812): error TS1127: Invalid character.
src/services/firebaseService.ts(1,28813): error TS1127: Invalid character.
src/services/firebaseService.ts(1,28814): error TS1127: Invalid character.
src/services/firebaseService.ts(1,28815): error TS1127: Invalid character.
src/services/firebaseService.ts(1,28816): error TS1127: Invalid character.
src/services/firebaseService.ts(1,28817): error TS1127: Invalid character.
src/services/firebaseService.ts(1,28818): error TS1127: Invalid character.
src/services/firebaseService.ts(1,28819): error TS1127: Invalid character.
src/services/firebaseService.ts(1,28820): error TS1127: Invalid character.
src/services/firebaseService.ts(1,28821): error TS1127: Invalid character.
src/services/firebaseService.ts(1,28822): error TS1127: Invalid character.
src/services/firebaseService.ts(1,28823): error TS1127: Invalid character.
src/services/firebaseService.ts(1,28824): error TS1127: Invalid character.
src/services/firebaseService.ts(1,28825): error TS1127: Invalid character.
src/services/firebaseService.ts(1,28826): error TS1127: Invalid character.
src/services/firebaseService.ts(1,28827): error TS1127: Invalid character.
src/services/firebaseService.ts(1,28828): error TS1127: Invalid character.
src/services/firebaseService.ts(1,28829): error TS1127: Invalid character.
src/services/firebaseService.ts(1,28830): error TS1127: Invalid character.
src/services/firebaseService.ts(1,28831): error TS1127: Invalid character.
src/services/firebaseService.ts(1,28832): error TS1127: Invalid character.
src/services/firebaseService.ts(1,28833): error TS1127: Invalid character.
src/services/firebaseService.ts(1,28834): error TS1127: Invalid character.
src/services/firebaseService.ts(1,28835): error TS1127: Invalid character.
src/services/firebaseService.ts(1,28836): error TS1127: Invalid character.
src/services/firebaseService.ts(1,28837): error TS1127: Invalid character.
src/services/firebaseService.ts(1,28838): error TS1127: Invalid character.
src/services/firebaseService.ts(1,28839): error TS1127: Invalid character.
src/services/firebaseService.ts(1,28840): error TS1127: Invalid character.
src/services/firebaseService.ts(1,28841): error TS1127: Invalid character.
src/services/firebaseService.ts(1,28842): error TS1127: Invalid character.
src/services/firebaseService.ts(1,28843): error TS1127: Invalid character.
src/services/firebaseService.ts(1,28844): error TS1127: Invalid character.
src/services/firebaseService.ts(1,28845): error TS1127: Invalid character.
src/services/firebaseService.ts(1,28846): error TS1127: Invalid character.
src/services/firebaseService.ts(1,28847): error TS1127: Invalid character.
src/services/firebaseService.ts(1,28848): error TS1127: Invalid character.
src/services/firebaseService.ts(1,28849): error TS1127: Invalid character.
src/services/firebaseService.ts(1,28850): error TS1127: Invalid character.
src/services/firebaseService.ts(1,28851): error TS1127: Invalid character.
src/services/firebaseService.ts(1,28852): error TS1127: Invalid character.
src/services/firebaseService.ts(1,28853): error TS1127: Invalid character.
src/services/firebaseService.ts(1,28854): error TS1127: Invalid character.
src/services/firebaseService.ts(1,28855): error TS1127: Invalid character.
src/services/firebaseService.ts(1,28856): error TS1127: Invalid character.
src/services/firebaseService.ts(1,28857): error TS1127: Invalid character.
src/services/firebaseService.ts(1,28858): error TS1127: Invalid character.
src/services/firebaseService.ts(1,28859): error TS1127: Invalid character.
src/services/firebaseService.ts(1,28860): error TS1127: Invalid character.
src/services/firebaseService.ts(1,28861): error TS1127: Invalid character.
src/services/firebaseService.ts(1,28862): error TS1127: Invalid character.
src/services/firebaseService.ts(1,28863): error TS1127: Invalid character.
src/services/firebaseService.ts(1,28864): error TS1127: Invalid character.
src/services/firebaseService.ts(1,28865): error TS1127: Invalid character.
src/services/firebaseService.ts(1,28866): error TS1127: Invalid character.
src/services/firebaseService.ts(1,28867): error TS1127: Invalid character.
src/services/firebaseService.ts(1,28868): error TS1127: Invalid character.
src/services/firebaseService.ts(1,28869): error TS1127: Invalid character.
src/services/firebaseService.ts(1,28870): error TS1127: Invalid character.
src/services/firebaseService.ts(1,28871): error TS1127: Invalid character.
src/services/firebaseService.ts(1,28872): error TS1127: Invalid character.
src/services/firebaseService.ts(1,28873): error TS1127: Invalid character.
src/services/firebaseService.ts(1,28874): error TS1127: Invalid character.
src/services/firebaseService.ts(1,28875): error TS1127: Invalid character.
src/services/firebaseService.ts(1,28876): error TS1127: Invalid character.
src/services/firebaseService.ts(1,28877): error TS1127: Invalid character.
src/services/firebaseService.ts(1,28878): error TS1127: Invalid character.
src/services/firebaseService.ts(1,28879): error TS1127: Invalid character.
src/services/firebaseService.ts(1,28880): error TS1127: Invalid character.
src/services/firebaseService.ts(1,28881): error TS1127: Invalid character.
src/services/firebaseService.ts(1,28882): error TS1127: Invalid character.
src/services/firebaseService.ts(1,28883): error TS1127: Invalid character.
src/services/firebaseService.ts(1,28884): error TS1127: Invalid character.
src/services/firebaseService.ts(1,28885): error TS1127: Invalid character.
src/services/firebaseService.ts(1,28886): error TS1127: Invalid character.
src/services/firebaseService.ts(1,28887): error TS1127: Invalid character.
src/services/firebaseService.ts(1,28888): error TS1127: Invalid character.
src/services/firebaseService.ts(1,28889): error TS1127: Invalid character.
src/services/firebaseService.ts(1,28890): error TS1127: Invalid character.
src/services/firebaseService.ts(1,28891): error TS1127: Invalid character.
src/services/firebaseService.ts(1,28892): error TS1127: Invalid character.
src/services/firebaseService.ts(1,28893): error TS1127: Invalid character.
src/services/firebaseService.ts(1,28894): error TS1127: Invalid character.
src/services/firebaseService.ts(1,28895): error TS1127: Invalid character.
src/services/firebaseService.ts(1,28896): error TS1127: Invalid character.
src/services/firebaseService.ts(1,28897): error TS1127: Invalid character.
src/services/firebaseService.ts(1,28898): error TS1127: Invalid character.
src/services/firebaseService.ts(1,28899): error TS1127: Invalid character.
src/services/firebaseService.ts(1,28900): error TS1127: Invalid character.
src/services/firebaseService.ts(1,28901): error TS1127: Invalid character.
src/services/firebaseService.ts(1,28902): error TS1127: Invalid character.
src/services/firebaseService.ts(1,28903): error TS1127: Invalid character.
src/services/firebaseService.ts(1,28904): error TS1127: Invalid character.
src/services/firebaseService.ts(1,28905): error TS1127: Invalid character.
src/services/firebaseService.ts(1,28906): error TS1127: Invalid character.
src/services/firebaseService.ts(1,28907): error TS1127: Invalid character.
src/services/firebaseService.ts(1,28908): error TS1127: Invalid character.
src/services/firebaseService.ts(1,28909): error TS1127: Invalid character.
src/services/firebaseService.ts(1,28910): error TS1127: Invalid character.
src/services/firebaseService.ts(1,28911): error TS1127: Invalid character.
src/services/firebaseService.ts(1,28912): error TS1127: Invalid character.
src/services/firebaseService.ts(1,28913): error TS1127: Invalid character.
src/services/firebaseService.ts(1,28914): error TS1127: Invalid character.
src/services/firebaseService.ts(1,28915): error TS1127: Invalid character.
src/services/firebaseService.ts(1,28916): error TS1127: Invalid character.
src/services/firebaseService.ts(1,28917): error TS1127: Invalid character.
src/services/firebaseService.ts(1,28918): error TS1127: Invalid character.
src/services/firebaseService.ts(1,28919): error TS1127: Invalid character.
src/services/firebaseService.ts(1,28920): error TS1127: Invalid character.
src/services/firebaseService.ts(1,28921): error TS1127: Invalid character.
src/services/firebaseService.ts(1,28922): error TS1127: Invalid character.
src/services/firebaseService.ts(1,28923): error TS1127: Invalid character.
src/services/firebaseService.ts(1,28924): error TS1127: Invalid character.
src/services/firebaseService.ts(1,28925): error TS1127: Invalid character.
src/services/firebaseService.ts(1,28926): error TS1127: Invalid character.
src/services/firebaseService.ts(1,28927): error TS1127: Invalid character.
src/services/firebaseService.ts(1,28928): error TS1127: Invalid character.
src/services/firebaseService.ts(1,28929): error TS1127: Invalid character.
src/services/firebaseService.ts(1,28930): error TS1127: Invalid character.
src/services/firebaseService.ts(1,28931): error TS1127: Invalid character.
src/services/firebaseService.ts(1,28932): error TS1127: Invalid character.
src/services/firebaseService.ts(1,28933): error TS1127: Invalid character.
src/services/firebaseService.ts(1,28934): error TS1127: Invalid character.
src/services/firebaseService.ts(1,28935): error TS1127: Invalid character.
src/services/firebaseService.ts(1,28936): error TS1127: Invalid character.
src/services/firebaseService.ts(1,28937): error TS1127: Invalid character.
src/services/firebaseService.ts(1,28938): error TS1127: Invalid character.
src/services/firebaseService.ts(1,28939): error TS1127: Invalid character.
src/services/firebaseService.ts(1,28940): error TS1127: Invalid character.
src/services/firebaseService.ts(1,28941): error TS1127: Invalid character.
src/services/firebaseService.ts(1,28942): error TS1127: Invalid character.
src/services/firebaseService.ts(1,28943): error TS1127: Invalid character.
src/services/firebaseService.ts(1,28944): error TS1127: Invalid character.
src/services/firebaseService.ts(1,28945): error TS1127: Invalid character.
src/services/firebaseService.ts(1,28946): error TS1127: Invalid character.
src/services/firebaseService.ts(1,28947): error TS1127: Invalid character.
src/services/firebaseService.ts(1,28948): error TS1127: Invalid character.
src/services/firebaseService.ts(1,28949): error TS1127: Invalid character.
src/services/firebaseService.ts(1,28950): error TS1127: Invalid character.
src/services/firebaseService.ts(1,28951): error TS1127: Invalid character.
src/services/firebaseService.ts(1,28952): error TS1127: Invalid character.
src/services/firebaseService.ts(1,28953): error TS1127: Invalid character.
src/services/firebaseService.ts(1,28954): error TS1127: Invalid character.
src/services/firebaseService.ts(1,28955): error TS1127: Invalid character.
src/services/firebaseService.ts(1,28956): error TS1127: Invalid character.
src/services/firebaseService.ts(1,28957): error TS1127: Invalid character.
src/services/firebaseService.ts(1,28958): error TS1127: Invalid character.
src/services/firebaseService.ts(1,28959): error TS1127: Invalid character.
src/services/firebaseService.ts(1,28960): error TS1127: Invalid character.
src/services/firebaseService.ts(1,28961): error TS1127: Invalid character.
src/services/firebaseService.ts(1,28962): error TS1127: Invalid character.
src/services/firebaseService.ts(1,28963): error TS1127: Invalid character.
src/services/firebaseService.ts(1,28964): error TS1127: Invalid character.
src/services/firebaseService.ts(1,28965): error TS1127: Invalid character.
src/services/firebaseService.ts(1,28966): error TS1127: Invalid character.
src/services/firebaseService.ts(1,28967): error TS1127: Invalid character.
src/services/firebaseService.ts(1,28968): error TS1127: Invalid character.
src/services/firebaseService.ts(1,28969): error TS1127: Invalid character.
src/services/firebaseService.ts(1,28970): error TS1127: Invalid character.
src/services/firebaseService.ts(1,28971): error TS1127: Invalid character.
src/services/firebaseService.ts(1,28972): error TS1127: Invalid character.
src/services/firebaseService.ts(1,28973): error TS1127: Invalid character.
src/services/firebaseService.ts(1,28974): error TS1127: Invalid character.
src/services/firebaseService.ts(1,28975): error TS1127: Invalid character.
src/services/firebaseService.ts(1,28976): error TS1127: Invalid character.
src/services/firebaseService.ts(1,28977): error TS1127: Invalid character.
src/services/firebaseService.ts(1,28978): error TS1127: Invalid character.
src/services/firebaseService.ts(1,28979): error TS1127: Invalid character.
src/services/firebaseService.ts(1,28980): error TS1127: Invalid character.
src/services/firebaseService.ts(1,28981): error TS1127: Invalid character.
src/services/firebaseService.ts(1,28982): error TS1127: Invalid character.
src/services/firebaseService.ts(1,28983): error TS1127: Invalid character.
src/services/firebaseService.ts(1,28984): error TS1127: Invalid character.
src/services/firebaseService.ts(1,28985): error TS1127: Invalid character.
src/services/firebaseService.ts(1,28986): error TS1127: Invalid character.
src/services/firebaseService.ts(1,28987): error TS1127: Invalid character.
src/services/firebaseService.ts(1,28988): error TS1127: Invalid character.
src/services/firebaseService.ts(1,28989): error TS1127: Invalid character.
src/services/firebaseService.ts(1,28990): error TS1127: Invalid character.
src/services/firebaseService.ts(1,28991): error TS1127: Invalid character.
src/services/firebaseService.ts(1,28992): error TS1127: Invalid character.
src/services/firebaseService.ts(1,28993): error TS1127: Invalid character.
src/services/firebaseService.ts(1,28994): error TS1127: Invalid character.
src/services/firebaseService.ts(1,28995): error TS1127: Invalid character.
src/services/firebaseService.ts(1,28996): error TS1127: Invalid character.
src/services/firebaseService.ts(1,28997): error TS1127: Invalid character.
src/services/firebaseService.ts(1,28998): error TS1127: Invalid character.
src/services/firebaseService.ts(1,28999): error TS1127: Invalid character.
src/services/firebaseService.ts(1,29000): error TS1127: Invalid character.
src/services/firebaseService.ts(1,29001): error TS1127: Invalid character.
src/services/firebaseService.ts(1,29002): error TS1127: Invalid character.
src/services/firebaseService.ts(1,29003): error TS1127: Invalid character.
src/services/firebaseService.ts(1,29004): error TS1127: Invalid character.
src/services/firebaseService.ts(1,29005): error TS1127: Invalid character.
src/services/firebaseService.ts(1,29006): error TS1127: Invalid character.
src/services/firebaseService.ts(1,29007): error TS1127: Invalid character.
src/services/firebaseService.ts(1,29008): error TS1127: Invalid character.
src/services/firebaseService.ts(1,29009): error TS1127: Invalid character.
src/services/firebaseService.ts(1,29010): error TS1127: Invalid character.
src/services/firebaseService.ts(1,29011): error TS1127: Invalid character.
src/services/firebaseService.ts(1,29012): error TS1127: Invalid character.
src/services/firebaseService.ts(1,29013): error TS1127: Invalid character.
src/services/firebaseService.ts(1,29014): error TS1127: Invalid character.
src/services/firebaseService.ts(1,29015): error TS1127: Invalid character.
src/services/firebaseService.ts(1,29016): error TS1127: Invalid character.
src/services/firebaseService.ts(1,29017): error TS1127: Invalid character.
src/services/firebaseService.ts(1,29018): error TS1127: Invalid character.
src/services/firebaseService.ts(1,29019): error TS1127: Invalid character.
src/services/firebaseService.ts(1,29020): error TS1127: Invalid character.
src/services/firebaseService.ts(1,29021): error TS1127: Invalid character.
src/services/firebaseService.ts(1,29022): error TS1127: Invalid character.
src/services/firebaseService.ts(1,29023): error TS1127: Invalid character.
src/services/firebaseService.ts(1,29024): error TS1127: Invalid character.
src/services/firebaseService.ts(1,29025): error TS1127: Invalid character.
src/services/firebaseService.ts(1,29026): error TS1127: Invalid character.
src/services/firebaseService.ts(1,29027): error TS1127: Invalid character.
src/services/firebaseService.ts(1,29028): error TS1127: Invalid character.
src/services/firebaseService.ts(1,29029): error TS1127: Invalid character.
src/services/firebaseService.ts(1,29030): error TS1127: Invalid character.
src/services/firebaseService.ts(1,29031): error TS1127: Invalid character.
src/services/firebaseService.ts(1,29032): error TS1127: Invalid character.
src/services/firebaseService.ts(1,29033): error TS1127: Invalid character.
src/services/firebaseService.ts(1,29034): error TS1127: Invalid character.
src/services/firebaseService.ts(1,29035): error TS1127: Invalid character.
src/services/firebaseService.ts(1,29036): error TS1127: Invalid character.
src/services/firebaseService.ts(1,29037): error TS1127: Invalid character.
src/services/firebaseService.ts(1,29038): error TS1127: Invalid character.
src/services/firebaseService.ts(1,29039): error TS1127: Invalid character.
src/services/firebaseService.ts(1,29040): error TS1127: Invalid character.
src/services/firebaseService.ts(1,29041): error TS1127: Invalid character.
src/services/firebaseService.ts(1,29042): error TS1127: Invalid character.
src/services/firebaseService.ts(1,29043): error TS1127: Invalid character.
src/services/firebaseService.ts(1,29044): error TS1127: Invalid character.
src/services/firebaseService.ts(1,29045): error TS1127: Invalid character.
src/services/firebaseService.ts(1,29046): error TS1127: Invalid character.
src/services/firebaseService.ts(1,29047): error TS1127: Invalid character.
src/services/firebaseService.ts(1,29048): error TS1127: Invalid character.
src/services/firebaseService.ts(1,29049): error TS1127: Invalid character.
src/services/firebaseService.ts(1,29050): error TS1127: Invalid character.
src/services/firebaseService.ts(1,29051): error TS1127: Invalid character.
src/services/firebaseService.ts(1,29052): error TS1127: Invalid character.
src/services/firebaseService.ts(1,29053): error TS1127: Invalid character.
src/services/firebaseService.ts(1,29054): error TS1127: Invalid character.
src/services/firebaseService.ts(1,29055): error TS1127: Invalid character.
src/services/firebaseService.ts(1,29056): error TS1127: Invalid character.
src/services/firebaseService.ts(1,29057): error TS1127: Invalid character.
src/services/firebaseService.ts(1,29058): error TS1127: Invalid character.
src/services/firebaseService.ts(1,29059): error TS1127: Invalid character.
src/services/firebaseService.ts(1,29060): error TS1127: Invalid character.
src/services/firebaseService.ts(1,29061): error TS1127: Invalid character.
src/services/firebaseService.ts(1,29062): error TS1127: Invalid character.
src/services/firebaseService.ts(1,29063): error TS1127: Invalid character.
src/services/firebaseService.ts(1,29064): error TS1127: Invalid character.
src/services/firebaseService.ts(1,29065): error TS1127: Invalid character.
src/services/firebaseService.ts(1,29066): error TS1127: Invalid character.
src/services/firebaseService.ts(1,29067): error TS1127: Invalid character.
src/services/firebaseService.ts(1,29068): error TS1127: Invalid character.
src/services/firebaseService.ts(1,29069): error TS1127: Invalid character.
src/services/firebaseService.ts(1,29070): error TS1127: Invalid character.
src/services/firebaseService.ts(1,29071): error TS1127: Invalid character.
src/services/firebaseService.ts(1,29072): error TS1127: Invalid character.
src/services/firebaseService.ts(1,29073): error TS1127: Invalid character.
src/services/firebaseService.ts(1,29074): error TS1127: Invalid character.
src/services/firebaseService.ts(1,29075): error TS1127: Invalid character.
src/services/firebaseService.ts(1,29076): error TS1127: Invalid character.
src/services/firebaseService.ts(1,29077): error TS1127: Invalid character.
src/services/firebaseService.ts(1,29078): error TS1127: Invalid character.
src/services/firebaseService.ts(1,29079): error TS1127: Invalid character.
src/services/firebaseService.ts(1,29080): error TS1127: Invalid character.
src/services/firebaseService.ts(1,29081): error TS1127: Invalid character.
src/services/firebaseService.ts(1,29082): error TS1127: Invalid character.
src/services/firebaseService.ts(1,29083): error TS1127: Invalid character.
src/services/firebaseService.ts(1,29084): error TS1127: Invalid character.
src/services/firebaseService.ts(1,29085): error TS1127: Invalid character.
src/services/firebaseService.ts(1,29086): error TS1127: Invalid character.
src/services/firebaseService.ts(1,29087): error TS1127: Invalid character.
src/services/firebaseService.ts(1,29088): error TS1127: Invalid character.
src/services/firebaseService.ts(1,29089): error TS1127: Invalid character.
src/services/firebaseService.ts(1,29090): error TS1127: Invalid character.
src/services/firebaseService.ts(1,29091): error TS1127: Invalid character.
src/services/firebaseService.ts(1,29092): error TS1127: Invalid character.
src/services/firebaseService.ts(1,29093): error TS1127: Invalid character.
src/services/firebaseService.ts(1,29094): error TS1127: Invalid character.
src/services/firebaseService.ts(1,29095): error TS1127: Invalid character.
src/services/firebaseService.ts(1,29096): error TS1127: Invalid character.
src/services/firebaseService.ts(1,29097): error TS1127: Invalid character.
src/services/firebaseService.ts(1,29098): error TS1127: Invalid character.
src/services/firebaseService.ts(1,29099): error TS1127: Invalid character.
src/services/firebaseService.ts(1,29100): error TS1127: Invalid character.
src/services/firebaseService.ts(1,29101): error TS1127: Invalid character.
src/services/firebaseService.ts(1,29102): error TS1127: Invalid character.
src/services/firebaseService.ts(1,29103): error TS1127: Invalid character.
src/services/firebaseService.ts(1,29104): error TS1127: Invalid character.
src/services/firebaseService.ts(1,29105): error TS1127: Invalid character.
src/services/firebaseService.ts(1,29106): error TS1127: Invalid character.
src/services/firebaseService.ts(1,29107): error TS1127: Invalid character.
src/services/firebaseService.ts(1,29108): error TS1127: Invalid character.
src/services/firebaseService.ts(1,29109): error TS1127: Invalid character.
src/services/firebaseService.ts(1,29110): error TS1127: Invalid character.
src/services/firebaseService.ts(1,29111): error TS1127: Invalid character.
src/services/firebaseService.ts(1,29112): error TS1127: Invalid character.
src/services/firebaseService.ts(1,29113): error TS1127: Invalid character.
src/services/firebaseService.ts(1,29114): error TS1127: Invalid character.
src/services/firebaseService.ts(1,29115): error TS1127: Invalid character.
src/services/firebaseService.ts(1,29116): error TS1127: Invalid character.
src/services/firebaseService.ts(1,29117): error TS1127: Invalid character.
src/services/firebaseService.ts(1,29118): error TS1127: Invalid character.
src/services/firebaseService.ts(1,29119): error TS1127: Invalid character.
src/services/firebaseService.ts(1,29120): error TS1127: Invalid character.
src/services/firebaseService.ts(1,29121): error TS1127: Invalid character.
src/services/firebaseService.ts(1,29122): error TS1127: Invalid character.
src/services/firebaseService.ts(1,29123): error TS1127: Invalid character.
src/services/firebaseService.ts(1,29124): error TS1127: Invalid character.
src/services/firebaseService.ts(1,29125): error TS1127: Invalid character.
src/services/firebaseService.ts(1,29126): error TS1127: Invalid character.
src/services/firebaseService.ts(1,29127): error TS1127: Invalid character.
src/services/firebaseService.ts(1,29128): error TS1127: Invalid character.
src/services/firebaseService.ts(1,29129): error TS1127: Invalid character.
src/services/firebaseService.ts(1,29130): error TS1127: Invalid character.
src/services/firebaseService.ts(1,29131): error TS1127: Invalid character.
src/services/firebaseService.ts(1,29132): error TS1127: Invalid character.
src/services/firebaseService.ts(1,29133): error TS1127: Invalid character.
src/services/firebaseService.ts(1,29134): error TS1127: Invalid character.
src/services/firebaseService.ts(1,29135): error TS1127: Invalid character.
src/services/firebaseService.ts(1,29136): error TS1127: Invalid character.
src/services/firebaseService.ts(1,29137): error TS1127: Invalid character.
src/services/firebaseService.ts(1,29138): error TS1127: Invalid character.
src/services/firebaseService.ts(1,29139): error TS1127: Invalid character.
src/services/firebaseService.ts(1,29140): error TS1127: Invalid character.
src/services/firebaseService.ts(1,29141): error TS1127: Invalid character.
src/services/firebaseService.ts(1,29142): error TS1127: Invalid character.
src/services/firebaseService.ts(1,29143): error TS1127: Invalid character.
src/services/firebaseService.ts(1,29144): error TS1127: Invalid character.
src/services/firebaseService.ts(1,29145): error TS1127: Invalid character.
src/services/firebaseService.ts(1,29146): error TS1127: Invalid character.
src/services/firebaseService.ts(1,29147): error TS1127: Invalid character.
src/services/firebaseService.ts(1,29148): error TS1127: Invalid character.
src/services/firebaseService.ts(1,29149): error TS1127: Invalid character.
src/services/firebaseService.ts(1,29150): error TS1127: Invalid character.
src/services/firebaseService.ts(1,29151): error TS1127: Invalid character.
src/services/firebaseService.ts(1,29152): error TS1127: Invalid character.
src/services/firebaseService.ts(1,29153): error TS1127: Invalid character.
src/services/firebaseService.ts(1,29154): error TS1127: Invalid character.
src/services/firebaseService.ts(1,29155): error TS1127: Invalid character.
src/services/firebaseService.ts(1,29156): error TS1127: Invalid character.
src/services/firebaseService.ts(1,29157): error TS1127: Invalid character.
src/services/firebaseService.ts(1,29158): error TS1127: Invalid character.
src/services/firebaseService.ts(1,29159): error TS1127: Invalid character.
src/services/firebaseService.ts(1,29160): error TS1127: Invalid character.
src/services/firebaseService.ts(1,29161): error TS1127: Invalid character.
src/services/firebaseService.ts(1,29162): error TS1127: Invalid character.
src/services/firebaseService.ts(1,29163): error TS1127: Invalid character.
src/services/firebaseService.ts(1,29164): error TS1127: Invalid character.
src/services/firebaseService.ts(1,29165): error TS1127: Invalid character.
src/services/firebaseService.ts(1,29166): error TS1127: Invalid character.
src/services/firebaseService.ts(1,29167): error TS1127: Invalid character.
src/services/firebaseService.ts(1,29168): error TS1127: Invalid character.
src/services/firebaseService.ts(1,29169): error TS1127: Invalid character.
src/services/firebaseService.ts(1,29170): error TS1127: Invalid character.
src/services/firebaseService.ts(1,29171): error TS1127: Invalid character.
src/services/firebaseService.ts(1,29172): error TS1127: Invalid character.
src/services/firebaseService.ts(1,29173): error TS1127: Invalid character.
src/services/firebaseService.ts(1,29174): error TS1127: Invalid character.
src/services/firebaseService.ts(1,29175): error TS1127: Invalid character.
src/services/firebaseService.ts(1,29176): error TS1127: Invalid character.
src/services/firebaseService.ts(1,29177): error TS1127: Invalid character.
src/services/firebaseService.ts(1,29178): error TS1127: Invalid character.
src/services/firebaseService.ts(1,29179): error TS1127: Invalid character.
src/services/firebaseService.ts(1,29180): error TS1127: Invalid character.
src/services/firebaseService.ts(1,29181): error TS1127: Invalid character.
src/services/firebaseService.ts(1,29182): error TS1127: Invalid character.
src/services/firebaseService.ts(1,29183): error TS1127: Invalid character.
src/services/firebaseService.ts(1,29184): error TS1127: Invalid character.
src/services/firebaseService.ts(1,29185): error TS1127: Invalid character.
src/services/firebaseService.ts(1,29186): error TS1127: Invalid character.
src/services/firebaseService.ts(1,29187): error TS1127: Invalid character.
src/services/firebaseService.ts(1,29188): error TS1127: Invalid character.
src/services/firebaseService.ts(1,29189): error TS1127: Invalid character.
src/services/firebaseService.ts(1,29190): error TS1127: Invalid character.
src/services/firebaseService.ts(1,29191): error TS1127: Invalid character.
src/services/firebaseService.ts(1,29192): error TS1127: Invalid character.
src/services/firebaseService.ts(1,29193): error TS1127: Invalid character.
src/services/firebaseService.ts(1,29194): error TS1127: Invalid character.
src/services/firebaseService.ts(1,29195): error TS1127: Invalid character.
src/services/firebaseService.ts(1,29196): error TS1127: Invalid character.
src/services/firebaseService.ts(1,29197): error TS1127: Invalid character.
src/services/firebaseService.ts(1,29198): error TS1127: Invalid character.
src/services/firebaseService.ts(1,29199): error TS1127: Invalid character.
src/services/firebaseService.ts(1,29200): error TS1127: Invalid character.
src/services/firebaseService.ts(1,29201): error TS1127: Invalid character.
src/services/firebaseService.ts(1,29202): error TS1127: Invalid character.
src/services/firebaseService.ts(1,29203): error TS1127: Invalid character.
src/services/firebaseService.ts(1,29204): error TS1127: Invalid character.
src/services/firebaseService.ts(1,29205): error TS1127: Invalid character.
src/services/firebaseService.ts(1,29206): error TS1127: Invalid character.
src/services/firebaseService.ts(1,29207): error TS1127: Invalid character.
src/services/firebaseService.ts(1,29208): error TS1127: Invalid character.
src/services/firebaseService.ts(1,29209): error TS1127: Invalid character.
src/services/firebaseService.ts(1,29210): error TS1127: Invalid character.
src/services/firebaseService.ts(1,29211): error TS1127: Invalid character.
src/services/firebaseService.ts(1,29212): error TS1127: Invalid character.
src/services/firebaseService.ts(1,29213): error TS1127: Invalid character.
src/services/firebaseService.ts(1,29214): error TS1127: Invalid character.
src/services/firebaseService.ts(1,29215): error TS1127: Invalid character.
src/services/firebaseService.ts(1,29216): error TS1127: Invalid character.
src/services/firebaseService.ts(1,29217): error TS1127: Invalid character.
src/services/firebaseService.ts(1,29218): error TS1127: Invalid character.
src/services/firebaseService.ts(1,29219): error TS1127: Invalid character.
src/services/firebaseService.ts(1,29220): error TS1127: Invalid character.
src/services/firebaseService.ts(1,29221): error TS1127: Invalid character.
src/services/firebaseService.ts(1,29222): error TS1127: Invalid character.
src/services/firebaseService.ts(1,29223): error TS1127: Invalid character.
src/services/firebaseService.ts(1,29224): error TS1127: Invalid character.
src/services/firebaseService.ts(1,29225): error TS1127: Invalid character.
src/services/firebaseService.ts(1,29226): error TS1127: Invalid character.
src/services/firebaseService.ts(1,29227): error TS1127: Invalid character.
src/services/firebaseService.ts(1,29228): error TS1127: Invalid character.
src/services/firebaseService.ts(1,29229): error TS1127: Invalid character.
src/services/firebaseService.ts(1,29230): error TS1127: Invalid character.
src/services/firebaseService.ts(1,29231): error TS1127: Invalid character.
src/services/firebaseService.ts(1,29232): error TS1127: Invalid character.
src/services/firebaseService.ts(1,29233): error TS1127: Invalid character.
src/services/firebaseService.ts(1,29234): error TS1127: Invalid character.
src/services/firebaseService.ts(1,29235): error TS1127: Invalid character.
src/services/firebaseService.ts(1,29236): error TS1127: Invalid character.
src/services/firebaseService.ts(1,29237): error TS1127: Invalid character.
src/services/firebaseService.ts(1,29238): error TS1127: Invalid character.
src/services/firebaseService.ts(1,29239): error TS1127: Invalid character.
src/services/firebaseService.ts(1,29240): error TS1127: Invalid character.
src/services/firebaseService.ts(1,29241): error TS1127: Invalid character.
src/services/firebaseService.ts(1,29242): error TS1127: Invalid character.
src/services/firebaseService.ts(1,29243): error TS1127: Invalid character.
src/services/firebaseService.ts(1,29244): error TS1127: Invalid character.
src/services/firebaseService.ts(1,29245): error TS1127: Invalid character.
src/services/firebaseService.ts(1,29246): error TS1127: Invalid character.
src/services/firebaseService.ts(1,29247): error TS1127: Invalid character.
src/services/firebaseService.ts(1,29248): error TS1127: Invalid character.
src/services/firebaseService.ts(1,29249): error TS1127: Invalid character.
src/services/firebaseService.ts(1,29250): error TS1127: Invalid character.
src/services/firebaseService.ts(1,29251): error TS1127: Invalid character.
src/services/firebaseService.ts(1,29252): error TS1127: Invalid character.
src/services/firebaseService.ts(1,29253): error TS1127: Invalid character.
src/services/firebaseService.ts(1,29254): error TS1127: Invalid character.
src/services/firebaseService.ts(1,29255): error TS1127: Invalid character.
src/services/firebaseService.ts(1,29256): error TS1127: Invalid character.
src/services/firebaseService.ts(1,29257): error TS1127: Invalid character.
src/services/firebaseService.ts(1,29258): error TS1127: Invalid character.
src/services/firebaseService.ts(1,29259): error TS1127: Invalid character.
src/services/firebaseService.ts(1,29260): error TS1127: Invalid character.
src/services/firebaseService.ts(1,29261): error TS1127: Invalid character.
src/services/firebaseService.ts(1,29262): error TS1127: Invalid character.
src/services/firebaseService.ts(1,29263): error TS1127: Invalid character.
src/services/firebaseService.ts(1,29264): error TS1127: Invalid character.
src/services/firebaseService.ts(1,29265): error TS1127: Invalid character.
src/services/firebaseService.ts(1,29266): error TS1127: Invalid character.
src/services/firebaseService.ts(1,29267): error TS1127: Invalid character.
src/services/firebaseService.ts(1,29268): error TS1127: Invalid character.
src/services/firebaseService.ts(1,29269): error TS1127: Invalid character.
src/services/firebaseService.ts(1,29270): error TS1127: Invalid character.
src/services/firebaseService.ts(1,29271): error TS1127: Invalid character.
src/services/firebaseService.ts(1,29272): error TS1127: Invalid character.
src/services/firebaseService.ts(1,29273): error TS1127: Invalid character.
src/services/firebaseService.ts(1,29274): error TS1127: Invalid character.
src/services/firebaseService.ts(1,29275): error TS1127: Invalid character.
src/services/firebaseService.ts(1,29276): error TS1127: Invalid character.
src/services/firebaseService.ts(1,29277): error TS1127: Invalid character.
src/services/firebaseService.ts(1,29278): error TS1127: Invalid character.
src/services/firebaseService.ts(1,29279): error TS1127: Invalid character.
src/services/firebaseService.ts(1,29280): error TS1127: Invalid character.
src/services/firebaseService.ts(1,29281): error TS1127: Invalid character.
src/services/firebaseService.ts(1,29282): error TS1127: Invalid character.
src/services/firebaseService.ts(1,29283): error TS1127: Invalid character.
src/services/firebaseService.ts(1,29284): error TS1127: Invalid character.
src/services/firebaseService.ts(1,29285): error TS1127: Invalid character.
src/services/firebaseService.ts(1,29286): error TS1127: Invalid character.
src/services/firebaseService.ts(1,29287): error TS1127: Invalid character.
src/services/firebaseService.ts(1,29288): error TS1127: Invalid character.
src/services/firebaseService.ts(1,29289): error TS1127: Invalid character.
src/services/firebaseService.ts(1,29290): error TS1127: Invalid character.
src/services/firebaseService.ts(1,29291): error TS1127: Invalid character.
src/services/firebaseService.ts(1,29292): error TS1127: Invalid character.
src/services/firebaseService.ts(1,29293): error TS1127: Invalid character.
src/services/firebaseService.ts(1,29294): error TS1127: Invalid character.
src/services/firebaseService.ts(1,29295): error TS1127: Invalid character.
src/services/firebaseService.ts(1,29296): error TS1127: Invalid character.
src/services/firebaseService.ts(1,29297): error TS1127: Invalid character.
src/services/firebaseService.ts(1,29298): error TS1127: Invalid character.
src/services/firebaseService.ts(1,29299): error TS1127: Invalid character.
src/services/firebaseService.ts(1,29300): error TS1127: Invalid character.
src/services/firebaseService.ts(1,29301): error TS1127: Invalid character.
src/services/firebaseService.ts(1,29302): error TS1127: Invalid character.
src/services/firebaseService.ts(1,29303): error TS1127: Invalid character.
src/services/firebaseService.ts(1,29304): error TS1127: Invalid character.
src/services/firebaseService.ts(1,29305): error TS1127: Invalid character.
src/services/firebaseService.ts(1,29306): error TS1127: Invalid character.
src/services/firebaseService.ts(1,29307): error TS1127: Invalid character.
src/services/firebaseService.ts(1,29308): error TS1127: Invalid character.
src/services/firebaseService.ts(1,29309): error TS1127: Invalid character.
src/services/firebaseService.ts(1,29310): error TS1127: Invalid character.
src/services/firebaseService.ts(1,29311): error TS1127: Invalid character.
src/services/firebaseService.ts(1,29312): error TS1127: Invalid character.
src/services/firebaseService.ts(1,29313): error TS1127: Invalid character.
src/services/firebaseService.ts(1,29314): error TS1127: Invalid character.
src/services/firebaseService.ts(1,29315): error TS1127: Invalid character.
src/services/firebaseService.ts(1,29316): error TS1127: Invalid character.
src/services/firebaseService.ts(1,29317): error TS1127: Invalid character.
src/services/firebaseService.ts(1,29318): error TS1127: Invalid character.
src/services/firebaseService.ts(1,29319): error TS1127: Invalid character.
src/services/firebaseService.ts(1,29320): error TS1127: Invalid character.
src/services/firebaseService.ts(1,29321): error TS1127: Invalid character.
src/services/firebaseService.ts(1,29322): error TS1127: Invalid character.
src/services/firebaseService.ts(1,29323): error TS1127: Invalid character.
src/services/firebaseService.ts(1,29324): error TS1127: Invalid character.
src/services/firebaseService.ts(1,29325): error TS1127: Invalid character.
src/services/firebaseService.ts(1,29326): error TS1127: Invalid character.
src/services/firebaseService.ts(1,29327): error TS1127: Invalid character.
src/services/firebaseService.ts(1,29328): error TS1127: Invalid character.
src/services/firebaseService.ts(1,29329): error TS1127: Invalid character.
src/services/firebaseService.ts(1,29330): error TS1127: Invalid character.
src/services/firebaseService.ts(1,29331): error TS1127: Invalid character.
src/services/firebaseService.ts(1,29332): error TS1127: Invalid character.
src/services/firebaseService.ts(1,29333): error TS1127: Invalid character.
src/services/firebaseService.ts(1,29334): error TS1127: Invalid character.
src/services/firebaseService.ts(1,29335): error TS1127: Invalid character.
src/services/firebaseService.ts(1,29336): error TS1127: Invalid character.
src/services/firebaseService.ts(1,29337): error TS1127: Invalid character.
src/services/firebaseService.ts(1,29338): error TS1127: Invalid character.
src/services/firebaseService.ts(1,29339): error TS1127: Invalid character.
src/services/firebaseService.ts(1,29340): error TS1127: Invalid character.
src/services/firebaseService.ts(1,29341): error TS1127: Invalid character.
src/services/firebaseService.ts(1,29342): error TS1127: Invalid character.
src/services/firebaseService.ts(1,29343): error TS1127: Invalid character.
src/services/firebaseService.ts(1,29344): error TS1127: Invalid character.
src/services/firebaseService.ts(1,29345): error TS1127: Invalid character.
src/services/firebaseService.ts(1,29346): error TS1127: Invalid character.
src/services/firebaseService.ts(1,29347): error TS1127: Invalid character.
src/services/firebaseService.ts(1,29348): error TS1127: Invalid character.
src/services/firebaseService.ts(1,29349): error TS1127: Invalid character.
src/services/firebaseService.ts(1,29350): error TS1127: Invalid character.
src/services/firebaseService.ts(1,29351): error TS1127: Invalid character.
src/services/firebaseService.ts(1,29352): error TS1127: Invalid character.
src/services/firebaseService.ts(1,29353): error TS1127: Invalid character.
src/services/firebaseService.ts(1,29354): error TS1127: Invalid character.
src/services/firebaseService.ts(1,29355): error TS1127: Invalid character.
src/services/firebaseService.ts(1,29356): error TS1127: Invalid character.
src/services/firebaseService.ts(1,29357): error TS1127: Invalid character.
src/services/firebaseService.ts(1,29358): error TS1127: Invalid character.
src/services/firebaseService.ts(1,29359): error TS1127: Invalid character.
src/services/firebaseService.ts(1,29360): error TS1127: Invalid character.
src/services/firebaseService.ts(1,29361): error TS1127: Invalid character.
src/services/firebaseService.ts(1,29362): error TS1127: Invalid character.
src/services/firebaseService.ts(1,29363): error TS1127: Invalid character.
src/services/firebaseService.ts(1,29364): error TS1127: Invalid character.
src/services/firebaseService.ts(1,29365): error TS1127: Invalid character.
src/services/firebaseService.ts(1,29366): error TS1127: Invalid character.
src/services/firebaseService.ts(1,29367): error TS1127: Invalid character.
src/services/firebaseService.ts(1,29368): error TS1127: Invalid character.
src/services/firebaseService.ts(1,29369): error TS1127: Invalid character.
src/services/firebaseService.ts(1,29370): error TS1127: Invalid character.
src/services/firebaseService.ts(1,29371): error TS1127: Invalid character.
src/services/firebaseService.ts(1,29372): error TS1127: Invalid character.
src/services/firebaseService.ts(1,29373): error TS1127: Invalid character.
src/services/firebaseService.ts(1,29374): error TS1127: Invalid character.
src/services/firebaseService.ts(1,29375): error TS1127: Invalid character.
src/services/firebaseService.ts(1,29376): error TS1127: Invalid character.
src/services/firebaseService.ts(1,29377): error TS1127: Invalid character.
src/services/firebaseService.ts(1,29378): error TS1127: Invalid character.
src/services/firebaseService.ts(1,29379): error TS1127: Invalid character.
src/services/firebaseService.ts(1,29380): error TS1127: Invalid character.
src/services/firebaseService.ts(1,29381): error TS1127: Invalid character.
src/services/firebaseService.ts(1,29382): error TS1127: Invalid character.
src/services/firebaseService.ts(1,29383): error TS1127: Invalid character.
src/services/firebaseService.ts(1,29384): error TS1127: Invalid character.
src/services/firebaseService.ts(1,29385): error TS1127: Invalid character.
src/services/firebaseService.ts(1,29386): error TS1127: Invalid character.
src/services/firebaseService.ts(1,29387): error TS1127: Invalid character.
src/services/firebaseService.ts(1,29388): error TS1127: Invalid character.
src/services/firebaseService.ts(1,29389): error TS1127: Invalid character.
src/services/firebaseService.ts(1,29390): error TS1127: Invalid character.
src/services/firebaseService.ts(1,29391): error TS1127: Invalid character.
src/services/firebaseService.ts(1,29392): error TS1127: Invalid character.
src/services/firebaseService.ts(1,29393): error TS1127: Invalid character.
src/services/firebaseService.ts(1,29394): error TS1127: Invalid character.
src/services/firebaseService.ts(1,29395): error TS1127: Invalid character.
src/services/firebaseService.ts(1,29396): error TS1127: Invalid character.
src/services/firebaseService.ts(1,29397): error TS1127: Invalid character.
src/services/firebaseService.ts(1,29398): error TS1127: Invalid character.
src/services/firebaseService.ts(1,29399): error TS1127: Invalid character.
src/services/firebaseService.ts(1,29400): error TS1127: Invalid character.
src/services/firebaseService.ts(1,29401): error TS1127: Invalid character.
src/services/firebaseService.ts(1,29402): error TS1127: Invalid character.
src/services/firebaseService.ts(1,29403): error TS1127: Invalid character.
src/services/firebaseService.ts(1,29404): error TS1127: Invalid character.
src/services/firebaseService.ts(1,29405): error TS1127: Invalid character.
src/services/firebaseService.ts(1,29406): error TS1127: Invalid character.
src/services/firebaseService.ts(1,29407): error TS1127: Invalid character.
src/services/firebaseService.ts(1,29408): error TS1127: Invalid character.
src/services/firebaseService.ts(1,29409): error TS1127: Invalid character.
src/services/firebaseService.ts(1,29410): error TS1127: Invalid character.
src/services/firebaseService.ts(1,29411): error TS1127: Invalid character.
src/services/firebaseService.ts(1,29412): error TS1127: Invalid character.
src/services/firebaseService.ts(1,29413): error TS1127: Invalid character.
src/services/firebaseService.ts(1,29414): error TS1127: Invalid character.
src/services/firebaseService.ts(1,29415): error TS1127: Invalid character.
src/services/firebaseService.ts(1,29416): error TS1127: Invalid character.
src/services/firebaseService.ts(1,29417): error TS1127: Invalid character.
src/services/firebaseService.ts(1,29418): error TS1127: Invalid character.
src/services/firebaseService.ts(1,29419): error TS1127: Invalid character.
src/services/firebaseService.ts(1,29420): error TS1127: Invalid character.
src/services/firebaseService.ts(1,29421): error TS1127: Invalid character.
src/services/firebaseService.ts(1,29422): error TS1127: Invalid character.
src/services/firebaseService.ts(1,29423): error TS1127: Invalid character.
src/services/firebaseService.ts(1,29424): error TS1127: Invalid character.
src/services/firebaseService.ts(1,29425): error TS1127: Invalid character.
src/services/firebaseService.ts(1,29426): error TS1127: Invalid character.
src/services/firebaseService.ts(1,29427): error TS1127: Invalid character.
src/services/firebaseService.ts(1,29428): error TS1127: Invalid character.
src/services/firebaseService.ts(1,29429): error TS1127: Invalid character.
src/services/firebaseService.ts(1,29430): error TS1127: Invalid character.
src/services/firebaseService.ts(1,29431): error TS1127: Invalid character.
src/services/firebaseService.ts(1,29432): error TS1127: Invalid character.
src/services/firebaseService.ts(1,29433): error TS1127: Invalid character.
src/services/firebaseService.ts(1,29434): error TS1127: Invalid character.
src/services/firebaseService.ts(1,29435): error TS1127: Invalid character.
src/services/firebaseService.ts(1,29436): error TS1127: Invalid character.
src/services/firebaseService.ts(1,29437): error TS1127: Invalid character.
src/services/firebaseService.ts(1,29438): error TS1127: Invalid character.
src/services/firebaseService.ts(1,29439): error TS1127: Invalid character.
src/services/firebaseService.ts(1,29440): error TS1127: Invalid character.
src/services/firebaseService.ts(1,29441): error TS1127: Invalid character.
src/services/firebaseService.ts(1,29442): error TS1127: Invalid character.
src/services/firebaseService.ts(1,29443): error TS1127: Invalid character.
src/services/firebaseService.ts(1,29444): error TS1127: Invalid character.
src/services/firebaseService.ts(1,29445): error TS1127: Invalid character.
src/services/firebaseService.ts(1,29446): error TS1127: Invalid character.
src/services/firebaseService.ts(1,29447): error TS1127: Invalid character.
src/services/firebaseService.ts(1,29448): error TS1127: Invalid character.
src/services/firebaseService.ts(1,29449): error TS1127: Invalid character.
src/services/firebaseService.ts(1,29450): error TS1127: Invalid character.
src/services/firebaseService.ts(1,29451): error TS1127: Invalid character.
src/services/firebaseService.ts(1,29452): error TS1127: Invalid character.
src/services/firebaseService.ts(1,29453): error TS1127: Invalid character.
src/services/firebaseService.ts(1,29454): error TS1127: Invalid character.
src/services/firebaseService.ts(1,29455): error TS1127: Invalid character.
src/services/firebaseService.ts(1,29456): error TS1127: Invalid character.
src/services/firebaseService.ts(1,29457): error TS1127: Invalid character.
src/services/firebaseService.ts(1,29458): error TS1127: Invalid character.
src/services/firebaseService.ts(1,29459): error TS1127: Invalid character.
src/services/firebaseService.ts(1,29460): error TS1127: Invalid character.
src/services/firebaseService.ts(1,29461): error TS1127: Invalid character.
src/services/firebaseService.ts(1,29462): error TS1127: Invalid character.
src/services/firebaseService.ts(1,29463): error TS1127: Invalid character.
src/services/firebaseService.ts(1,29464): error TS1127: Invalid character.
src/services/firebaseService.ts(1,29465): error TS1127: Invalid character.
src/services/firebaseService.ts(1,29466): error TS1127: Invalid character.
src/services/firebaseService.ts(1,29467): error TS1127: Invalid character.
src/services/firebaseService.ts(1,29468): error TS1127: Invalid character.
src/services/firebaseService.ts(1,29469): error TS1127: Invalid character.
src/services/firebaseService.ts(1,29470): error TS1127: Invalid character.
src/services/firebaseService.ts(1,29471): error TS1127: Invalid character.
src/services/firebaseService.ts(1,29472): error TS1127: Invalid character.
src/services/firebaseService.ts(1,29473): error TS1127: Invalid character.
src/services/firebaseService.ts(1,29474): error TS1127: Invalid character.
src/services/firebaseService.ts(1,29475): error TS1127: Invalid character.
src/services/firebaseService.ts(1,29476): error TS1127: Invalid character.
src/services/firebaseService.ts(1,29477): error TS1127: Invalid character.
src/services/firebaseService.ts(1,29478): error TS1127: Invalid character.
src/services/firebaseService.ts(1,29479): error TS1127: Invalid character.
src/services/firebaseService.ts(1,29480): error TS1127: Invalid character.
src/services/firebaseService.ts(1,29481): error TS1127: Invalid character.
src/services/firebaseService.ts(1,29482): error TS1127: Invalid character.
src/services/firebaseService.ts(1,29483): error TS1127: Invalid character.
src/services/firebaseService.ts(1,29484): error TS1127: Invalid character.
src/services/firebaseService.ts(1,29485): error TS1127: Invalid character.
src/services/firebaseService.ts(1,29486): error TS1127: Invalid character.
src/services/firebaseService.ts(1,29487): error TS1127: Invalid character.
src/services/firebaseService.ts(1,29488): error TS1127: Invalid character.
src/services/firebaseService.ts(1,29489): error TS1127: Invalid character.
src/services/firebaseService.ts(1,29490): error TS1127: Invalid character.
src/services/firebaseService.ts(1,29491): error TS1127: Invalid character.
src/services/firebaseService.ts(1,29492): error TS1127: Invalid character.
src/services/firebaseService.ts(1,29493): error TS1127: Invalid character.
src/services/firebaseService.ts(1,29494): error TS1127: Invalid character.
src/services/firebaseService.ts(1,29495): error TS1127: Invalid character.
src/services/firebaseService.ts(1,29496): error TS1127: Invalid character.
src/services/firebaseService.ts(1,29497): error TS1127: Invalid character.
src/services/firebaseService.ts(1,29498): error TS1127: Invalid character.
src/services/firebaseService.ts(1,29499): error TS1127: Invalid character.
src/services/firebaseService.ts(1,29500): error TS1127: Invalid character.
src/services/firebaseService.ts(1,29501): error TS1127: Invalid character.
src/services/firebaseService.ts(1,29502): error TS1127: Invalid character.
src/services/firebaseService.ts(1,29503): error TS1127: Invalid character.
src/services/firebaseService.ts(1,29504): error TS1127: Invalid character.
src/services/firebaseService.ts(1,29505): error TS1127: Invalid character.
src/services/firebaseService.ts(1,29506): error TS1127: Invalid character.
src/services/firebaseService.ts(1,29507): error TS1127: Invalid character.
src/services/firebaseService.ts(1,29508): error TS1127: Invalid character.
src/services/firebaseService.ts(1,29509): error TS1127: Invalid character.
src/services/firebaseService.ts(1,29510): error TS1127: Invalid character.
src/services/firebaseService.ts(1,29511): error TS1127: Invalid character.
src/services/firebaseService.ts(1,29512): error TS1127: Invalid character.
src/services/firebaseService.ts(1,29513): error TS1127: Invalid character.
src/services/firebaseService.ts(1,29514): error TS1127: Invalid character.
src/services/firebaseService.ts(1,29515): error TS1127: Invalid character.
src/services/firebaseService.ts(1,29516): error TS1127: Invalid character.
src/services/firebaseService.ts(1,29517): error TS1127: Invalid character.
src/services/firebaseService.ts(1,29518): error TS1127: Invalid character.
src/services/firebaseService.ts(1,29519): error TS1127: Invalid character.
src/services/firebaseService.ts(1,29520): error TS1127: Invalid character.
src/services/firebaseService.ts(1,29521): error TS1127: Invalid character.
src/services/firebaseService.ts(1,29522): error TS1127: Invalid character.
src/services/firebaseService.ts(1,29523): error TS1127: Invalid character.
src/services/firebaseService.ts(1,29524): error TS1127: Invalid character.
src/services/firebaseService.ts(1,29525): error TS1127: Invalid character.
src/services/firebaseService.ts(1,29526): error TS1127: Invalid character.
src/services/firebaseService.ts(1,29527): error TS1127: Invalid character.
src/services/firebaseService.ts(1,29528): error TS1127: Invalid character.
src/services/firebaseService.ts(1,29529): error TS1127: Invalid character.
src/services/firebaseService.ts(1,29530): error TS1127: Invalid character.
src/services/firebaseService.ts(1,29531): error TS1127: Invalid character.
src/services/firebaseService.ts(1,29532): error TS1127: Invalid character.
src/services/firebaseService.ts(1,29533): error TS1127: Invalid character.
src/services/firebaseService.ts(1,29534): error TS1127: Invalid character.
src/services/firebaseService.ts(1,29535): error TS1127: Invalid character.
src/services/firebaseService.ts(1,29536): error TS1127: Invalid character.
src/services/firebaseService.ts(1,29537): error TS1127: Invalid character.
src/services/firebaseService.ts(1,29538): error TS1127: Invalid character.
src/services/firebaseService.ts(1,29539): error TS1127: Invalid character.
src/services/firebaseService.ts(1,29540): error TS1127: Invalid character.
src/services/firebaseService.ts(1,29541): error TS1127: Invalid character.
src/services/firebaseService.ts(1,29542): error TS1127: Invalid character.
src/services/firebaseService.ts(1,29543): error TS1127: Invalid character.
src/services/firebaseService.ts(1,29544): error TS1127: Invalid character.
src/services/firebaseService.ts(1,29545): error TS1127: Invalid character.
src/services/firebaseService.ts(1,29546): error TS1127: Invalid character.
src/services/firebaseService.ts(1,29547): error TS1127: Invalid character.
src/services/firebaseService.ts(1,29548): error TS1127: Invalid character.
src/services/firebaseService.ts(1,29549): error TS1127: Invalid character.
src/services/firebaseService.ts(1,29550): error TS1127: Invalid character.
src/services/firebaseService.ts(1,29551): error TS1127: Invalid character.
src/services/firebaseService.ts(1,29552): error TS1127: Invalid character.
src/services/firebaseService.ts(1,29553): error TS1127: Invalid character.
src/services/firebaseService.ts(1,29554): error TS1127: Invalid character.
src/services/firebaseService.ts(1,29555): error TS1127: Invalid character.
src/services/firebaseService.ts(1,29556): error TS1127: Invalid character.
src/services/firebaseService.ts(1,29557): error TS1127: Invalid character.
src/services/firebaseService.ts(1,29558): error TS1127: Invalid character.
src/services/firebaseService.ts(1,29559): error TS1127: Invalid character.
src/services/firebaseService.ts(1,29560): error TS1127: Invalid character.
src/services/firebaseService.ts(1,29561): error TS1127: Invalid character.
src/services/firebaseService.ts(1,29562): error TS1127: Invalid character.
src/services/firebaseService.ts(1,29563): error TS1127: Invalid character.
src/services/firebaseService.ts(1,29564): error TS1127: Invalid character.
src/services/firebaseService.ts(1,29565): error TS1127: Invalid character.
src/services/firebaseService.ts(1,29566): error TS1127: Invalid character.
src/services/firebaseService.ts(1,29567): error TS1127: Invalid character.
src/services/firebaseService.ts(1,29568): error TS1127: Invalid character.
src/services/firebaseService.ts(1,29569): error TS1127: Invalid character.
src/services/firebaseService.ts(1,29570): error TS1127: Invalid character.
src/services/firebaseService.ts(1,29571): error TS1127: Invalid character.
src/services/firebaseService.ts(1,29572): error TS1127: Invalid character.
src/services/firebaseService.ts(1,29573): error TS1127: Invalid character.
src/services/firebaseService.ts(1,29574): error TS1127: Invalid character.
src/services/firebaseService.ts(1,29575): error TS1127: Invalid character.
src/services/firebaseService.ts(1,29576): error TS1127: Invalid character.
src/services/firebaseService.ts(1,29577): error TS1127: Invalid character.
src/services/firebaseService.ts(1,29578): error TS1127: Invalid character.
src/services/firebaseService.ts(1,29579): error TS1127: Invalid character.
src/services/firebaseService.ts(1,29580): error TS1127: Invalid character.
src/services/firebaseService.ts(1,29581): error TS1127: Invalid character.
src/services/firebaseService.ts(1,29582): error TS1127: Invalid character.
src/services/firebaseService.ts(1,29583): error TS1127: Invalid character.
src/services/firebaseService.ts(1,29584): error TS1127: Invalid character.
src/services/firebaseService.ts(1,29585): error TS1127: Invalid character.
src/services/firebaseService.ts(1,29586): error TS1127: Invalid character.
src/services/firebaseService.ts(1,29587): error TS1127: Invalid character.
src/services/firebaseService.ts(1,29588): error TS1127: Invalid character.
src/services/firebaseService.ts(1,29589): error TS1127: Invalid character.
src/services/firebaseService.ts(1,29590): error TS1127: Invalid character.
src/services/firebaseService.ts(1,29591): error TS1127: Invalid character.
src/services/firebaseService.ts(1,29592): error TS1127: Invalid character.
src/services/firebaseService.ts(1,29593): error TS1127: Invalid character.
src/services/firebaseService.ts(1,29594): error TS1127: Invalid character.
src/services/firebaseService.ts(1,29595): error TS1127: Invalid character.
src/services/firebaseService.ts(1,29596): error TS1127: Invalid character.
src/services/firebaseService.ts(1,29597): error TS1127: Invalid character.
src/services/firebaseService.ts(1,29598): error TS1127: Invalid character.
src/services/firebaseService.ts(1,29599): error TS1127: Invalid character.
src/services/firebaseService.ts(1,29600): error TS1127: Invalid character.
src/services/firebaseService.ts(1,29601): error TS1127: Invalid character.
src/services/firebaseService.ts(1,29602): error TS1127: Invalid character.
src/services/firebaseService.ts(1,29603): error TS1127: Invalid character.
src/services/firebaseService.ts(1,29604): error TS1127: Invalid character.
src/services/firebaseService.ts(1,29605): error TS1127: Invalid character.
src/services/firebaseService.ts(1,29606): error TS1127: Invalid character.
src/services/firebaseService.ts(1,29607): error TS1127: Invalid character.
src/services/firebaseService.ts(1,29608): error TS1127: Invalid character.
src/services/firebaseService.ts(1,29609): error TS1127: Invalid character.
src/services/firebaseService.ts(1,29610): error TS1127: Invalid character.
src/services/firebaseService.ts(1,29611): error TS1127: Invalid character.
src/services/firebaseService.ts(1,29612): error TS1127: Invalid character.
src/services/firebaseService.ts(1,29613): error TS1127: Invalid character.
src/services/firebaseService.ts(1,29614): error TS1127: Invalid character.
src/services/firebaseService.ts(1,29615): error TS1127: Invalid character.
src/services/firebaseService.ts(1,29616): error TS1127: Invalid character.
src/services/firebaseService.ts(1,29617): error TS1127: Invalid character.
src/services/firebaseService.ts(1,29618): error TS1127: Invalid character.
src/services/firebaseService.ts(1,29619): error TS1127: Invalid character.
src/services/firebaseService.ts(1,29620): error TS1127: Invalid character.
src/services/firebaseService.ts(1,29621): error TS1127: Invalid character.
src/services/firebaseService.ts(1,29622): error TS1127: Invalid character.
src/services/firebaseService.ts(1,29623): error TS1127: Invalid character.
src/services/firebaseService.ts(1,29624): error TS1127: Invalid character.
src/services/firebaseService.ts(1,29625): error TS1127: Invalid character.
src/services/firebaseService.ts(1,29626): error TS1127: Invalid character.
src/services/firebaseService.ts(1,29627): error TS1127: Invalid character.
src/services/firebaseService.ts(1,29628): error TS1127: Invalid character.
src/services/firebaseService.ts(1,29629): error TS1127: Invalid character.
src/services/firebaseService.ts(1,29630): error TS1127: Invalid character.
src/services/firebaseService.ts(1,29631): error TS1127: Invalid character.
src/services/firebaseService.ts(1,29632): error TS1127: Invalid character.
src/services/firebaseService.ts(1,29633): error TS1127: Invalid character.
src/services/firebaseService.ts(1,29634): error TS1127: Invalid character.
src/services/firebaseService.ts(1,29635): error TS1127: Invalid character.
src/services/firebaseService.ts(1,29636): error TS1127: Invalid character.
src/services/firebaseService.ts(1,29637): error TS1127: Invalid character.
src/services/firebaseService.ts(1,29638): error TS1127: Invalid character.
src/services/firebaseService.ts(1,29639): error TS1127: Invalid character.
src/services/firebaseService.ts(1,29640): error TS1127: Invalid character.
src/services/firebaseService.ts(1,29641): error TS1127: Invalid character.
src/services/firebaseService.ts(1,29642): error TS1127: Invalid character.
src/services/firebaseService.ts(1,29643): error TS1127: Invalid character.
src/services/firebaseService.ts(1,29644): error TS1127: Invalid character.
src/services/firebaseService.ts(1,29645): error TS1127: Invalid character.
src/services/firebaseService.ts(1,29646): error TS1127: Invalid character.
src/services/firebaseService.ts(1,29647): error TS1127: Invalid character.
src/services/firebaseService.ts(1,29648): error TS1127: Invalid character.
src/services/firebaseService.ts(1,29649): error TS1127: Invalid character.
src/services/firebaseService.ts(1,29650): error TS1127: Invalid character.
src/services/firebaseService.ts(1,29651): error TS1127: Invalid character.
src/services/firebaseService.ts(1,29652): error TS1127: Invalid character.
src/services/firebaseService.ts(1,29653): error TS1127: Invalid character.
src/services/firebaseService.ts(1,29654): error TS1127: Invalid character.
src/services/firebaseService.ts(1,29655): error TS1127: Invalid character.
src/services/firebaseService.ts(1,29656): error TS1127: Invalid character.
src/services/firebaseService.ts(1,29657): error TS1127: Invalid character.
src/services/firebaseService.ts(1,29658): error TS1127: Invalid character.
src/services/firebaseService.ts(1,29659): error TS1127: Invalid character.
src/services/firebaseService.ts(1,29660): error TS1127: Invalid character.
src/services/firebaseService.ts(1,29661): error TS1127: Invalid character.
src/services/firebaseService.ts(1,29662): error TS1127: Invalid character.
src/services/firebaseService.ts(1,29663): error TS1127: Invalid character.
src/services/firebaseService.ts(1,29664): error TS1127: Invalid character.
src/services/firebaseService.ts(1,29665): error TS1127: Invalid character.
src/services/firebaseService.ts(1,29666): error TS1127: Invalid character.
src/services/firebaseService.ts(1,29667): error TS1127: Invalid character.
src/services/firebaseService.ts(1,29668): error TS1127: Invalid character.
src/services/firebaseService.ts(1,29669): error TS1127: Invalid character.
src/services/firebaseService.ts(1,29670): error TS1127: Invalid character.
src/services/firebaseService.ts(1,29671): error TS1127: Invalid character.
src/services/firebaseService.ts(1,29672): error TS1127: Invalid character.
src/services/firebaseService.ts(1,29673): error TS1127: Invalid character.
src/services/firebaseService.ts(1,29674): error TS1127: Invalid character.
src/services/firebaseService.ts(1,29675): error TS1127: Invalid character.
src/services/firebaseService.ts(1,29676): error TS1127: Invalid character.
src/services/firebaseService.ts(1,29677): error TS1127: Invalid character.
src/services/firebaseService.ts(1,29678): error TS1127: Invalid character.
src/services/firebaseService.ts(1,29679): error TS1127: Invalid character.
src/services/firebaseService.ts(1,29680): error TS1127: Invalid character.
src/services/firebaseService.ts(1,29681): error TS1127: Invalid character.
src/services/firebaseService.ts(1,29682): error TS1127: Invalid character.
src/services/firebaseService.ts(1,29683): error TS1127: Invalid character.
src/services/firebaseService.ts(1,29684): error TS1127: Invalid character.
src/services/firebaseService.ts(1,29685): error TS1127: Invalid character.
src/services/firebaseService.ts(1,29686): error TS1127: Invalid character.
src/services/firebaseService.ts(1,29687): error TS1127: Invalid character.
src/services/firebaseService.ts(1,29688): error TS1127: Invalid character.
src/services/firebaseService.ts(1,29689): error TS1127: Invalid character.
src/services/firebaseService.ts(1,29690): error TS1127: Invalid character.
src/services/firebaseService.ts(1,29691): error TS1127: Invalid character.
src/services/firebaseService.ts(1,29692): error TS1127: Invalid character.
src/services/firebaseService.ts(1,29693): error TS1127: Invalid character.
src/services/firebaseService.ts(1,29694): error TS1127: Invalid character.
src/services/firebaseService.ts(1,29695): error TS1127: Invalid character.
src/services/firebaseService.ts(1,29696): error TS1127: Invalid character.
src/services/firebaseService.ts(1,29697): error TS1127: Invalid character.
src/services/firebaseService.ts(1,29698): error TS1127: Invalid character.
src/services/firebaseService.ts(1,29699): error TS1127: Invalid character.
src/services/firebaseService.ts(1,29700): error TS1127: Invalid character.
src/services/firebaseService.ts(1,29701): error TS1127: Invalid character.
src/services/firebaseService.ts(1,29702): error TS1127: Invalid character.
src/services/firebaseService.ts(1,29703): error TS1127: Invalid character.
src/services/firebaseService.ts(1,29704): error TS1127: Invalid character.
src/services/firebaseService.ts(1,29705): error TS1127: Invalid character.
src/services/firebaseService.ts(1,29706): error TS1127: Invalid character.
src/services/firebaseService.ts(1,29707): error TS1127: Invalid character.
src/services/firebaseService.ts(1,29708): error TS1127: Invalid character.
src/services/firebaseService.ts(1,29709): error TS1127: Invalid character.
src/services/firebaseService.ts(1,29710): error TS1127: Invalid character.
src/services/firebaseService.ts(1,29711): error TS1127: Invalid character.
src/services/firebaseService.ts(1,29712): error TS1127: Invalid character.
src/services/firebaseService.ts(1,29713): error TS1127: Invalid character.
src/services/firebaseService.ts(1,29714): error TS1127: Invalid character.
src/services/firebaseService.ts(1,29715): error TS1127: Invalid character.
src/services/firebaseService.ts(1,29716): error TS1127: Invalid character.
src/services/firebaseService.ts(1,29717): error TS1127: Invalid character.
src/services/firebaseService.ts(1,29718): error TS1127: Invalid character.
src/services/firebaseService.ts(1,29719): error TS1127: Invalid character.
src/services/firebaseService.ts(1,29720): error TS1127: Invalid character.
src/services/firebaseService.ts(1,29721): error TS1127: Invalid character.
src/services/firebaseService.ts(1,29722): error TS1127: Invalid character.
src/services/firebaseService.ts(1,29723): error TS1127: Invalid character.
src/services/firebaseService.ts(1,29724): error TS1127: Invalid character.
src/services/firebaseService.ts(1,29725): error TS1127: Invalid character.
src/services/firebaseService.ts(1,29726): error TS1127: Invalid character.
src/services/firebaseService.ts(1,29727): error TS1127: Invalid character.
src/services/firebaseService.ts(1,29728): error TS1127: Invalid character.
src/services/firebaseService.ts(1,29729): error TS1127: Invalid character.
src/services/firebaseService.ts(1,29730): error TS1127: Invalid character.
src/services/firebaseService.ts(1,29731): error TS1127: Invalid character.
src/services/firebaseService.ts(1,29732): error TS1127: Invalid character.
src/services/firebaseService.ts(1,29733): error TS1127: Invalid character.
src/services/firebaseService.ts(1,29734): error TS1127: Invalid character.
src/services/firebaseService.ts(1,29735): error TS1127: Invalid character.
src/services/firebaseService.ts(1,29736): error TS1127: Invalid character.
src/services/firebaseService.ts(1,29737): error TS1127: Invalid character.
src/services/firebaseService.ts(1,29738): error TS1127: Invalid character.
src/services/firebaseService.ts(1,29739): error TS1127: Invalid character.
src/services/firebaseService.ts(1,29740): error TS1127: Invalid character.
src/services/firebaseService.ts(1,29741): error TS1127: Invalid character.
src/services/firebaseService.ts(1,29742): error TS1127: Invalid character.
src/services/firebaseService.ts(1,29743): error TS1127: Invalid character.
src/services/firebaseService.ts(1,29744): error TS1127: Invalid character.
src/services/firebaseService.ts(1,29745): error TS1127: Invalid character.
src/services/firebaseService.ts(1,29746): error TS1127: Invalid character.
src/services/firebaseService.ts(1,29747): error TS1127: Invalid character.
src/services/firebaseService.ts(1,29748): error TS1127: Invalid character.
src/services/firebaseService.ts(1,29749): error TS1127: Invalid character.
src/services/firebaseService.ts(1,29750): error TS1127: Invalid character.
src/services/firebaseService.ts(1,29751): error TS1127: Invalid character.
src/services/firebaseService.ts(1,29752): error TS1127: Invalid character.
src/services/firebaseService.ts(1,29753): error TS1127: Invalid character.
src/services/firebaseService.ts(1,29754): error TS1127: Invalid character.
src/services/firebaseService.ts(1,29755): error TS1127: Invalid character.
src/services/firebaseService.ts(1,29756): error TS1127: Invalid character.
src/services/firebaseService.ts(1,29757): error TS1127: Invalid character.
src/services/firebaseService.ts(1,29758): error TS1127: Invalid character.
src/services/firebaseService.ts(1,29759): error TS1127: Invalid character.
src/services/firebaseService.ts(1,29760): error TS1127: Invalid character.
src/services/firebaseService.ts(1,29761): error TS1127: Invalid character.
src/services/firebaseService.ts(1,29762): error TS1127: Invalid character.
src/services/firebaseService.ts(1,29763): error TS1127: Invalid character.
src/services/firebaseService.ts(1,29764): error TS1127: Invalid character.
src/services/firebaseService.ts(1,29765): error TS1127: Invalid character.
src/services/firebaseService.ts(1,29766): error TS1127: Invalid character.
src/services/firebaseService.ts(1,29767): error TS1127: Invalid character.
src/services/firebaseService.ts(1,29768): error TS1127: Invalid character.
src/services/firebaseService.ts(1,29769): error TS1127: Invalid character.
src/services/firebaseService.ts(1,29770): error TS1127: Invalid character.
src/services/firebaseService.ts(1,29771): error TS1127: Invalid character.
src/services/firebaseService.ts(1,29772): error TS1127: Invalid character.
src/services/firebaseService.ts(1,29773): error TS1127: Invalid character.
src/services/firebaseService.ts(1,29774): error TS1127: Invalid character.
src/services/firebaseService.ts(1,29775): error TS1127: Invalid character.
src/services/firebaseService.ts(1,29776): error TS1127: Invalid character.
src/services/firebaseService.ts(1,29777): error TS1127: Invalid character.
src/services/firebaseService.ts(1,29778): error TS1127: Invalid character.
src/services/firebaseService.ts(1,29779): error TS1127: Invalid character.
src/services/firebaseService.ts(1,29780): error TS1127: Invalid character.
src/services/firebaseService.ts(1,29781): error TS1127: Invalid character.
src/services/firebaseService.ts(1,29782): error TS1127: Invalid character.
src/services/firebaseService.ts(1,29783): error TS1127: Invalid character.
src/services/firebaseService.ts(1,29784): error TS1127: Invalid character.
src/services/firebaseService.ts(1,29785): error TS1127: Invalid character.
src/services/firebaseService.ts(1,29786): error TS1127: Invalid character.
src/services/firebaseService.ts(1,29787): error TS1127: Invalid character.
src/services/firebaseService.ts(1,29788): error TS1127: Invalid character.
src/services/firebaseService.ts(1,29789): error TS1127: Invalid character.
src/services/firebaseService.ts(1,29790): error TS1127: Invalid character.
src/services/firebaseService.ts(1,29791): error TS1127: Invalid character.
src/services/firebaseService.ts(1,29792): error TS1127: Invalid character.
src/services/firebaseService.ts(1,29793): error TS1127: Invalid character.
src/services/firebaseService.ts(1,29794): error TS1127: Invalid character.
src/services/firebaseService.ts(1,29795): error TS1127: Invalid character.
src/services/firebaseService.ts(1,29796): error TS1127: Invalid character.
src/services/firebaseService.ts(1,29797): error TS1127: Invalid character.
src/services/firebaseService.ts(1,29798): error TS1127: Invalid character.
src/services/firebaseService.ts(1,29799): error TS1127: Invalid character.
src/services/firebaseService.ts(1,29800): error TS1127: Invalid character.
src/services/firebaseService.ts(1,29801): error TS1127: Invalid character.
src/services/firebaseService.ts(1,29802): error TS1127: Invalid character.
src/services/firebaseService.ts(1,29803): error TS1127: Invalid character.
src/services/firebaseService.ts(1,29804): error TS1127: Invalid character.
src/services/firebaseService.ts(1,29805): error TS1127: Invalid character.
src/services/firebaseService.ts(1,29806): error TS1127: Invalid character.
src/services/firebaseService.ts(1,29807): error TS1127: Invalid character.
src/services/firebaseService.ts(1,29808): error TS1127: Invalid character.
src/services/firebaseService.ts(1,29809): error TS1127: Invalid character.
src/services/firebaseService.ts(1,29810): error TS1127: Invalid character.
src/services/firebaseService.ts(1,29811): error TS1127: Invalid character.
src/services/firebaseService.ts(1,29812): error TS1127: Invalid character.
src/services/firebaseService.ts(1,29813): error TS1127: Invalid character.
src/services/firebaseService.ts(1,29814): error TS1127: Invalid character.
src/services/firebaseService.ts(1,29815): error TS1127: Invalid character.
src/services/firebaseService.ts(1,29816): error TS1127: Invalid character.
src/services/firebaseService.ts(1,29817): error TS1127: Invalid character.
src/services/firebaseService.ts(1,29818): error TS1127: Invalid character.
src/services/firebaseService.ts(1,29819): error TS1127: Invalid character.
src/services/firebaseService.ts(1,29820): error TS1127: Invalid character.
src/services/firebaseService.ts(1,29821): error TS1127: Invalid character.
src/services/firebaseService.ts(1,29822): error TS1127: Invalid character.
src/services/firebaseService.ts(1,29823): error TS1127: Invalid character.
src/services/firebaseService.ts(1,29824): error TS1127: Invalid character.
src/services/firebaseService.ts(1,29825): error TS1127: Invalid character.
src/services/firebaseService.ts(1,29826): error TS1127: Invalid character.
src/services/firebaseService.ts(1,29827): error TS1127: Invalid character.
src/services/firebaseService.ts(1,29828): error TS1127: Invalid character.
src/services/firebaseService.ts(1,29829): error TS1127: Invalid character.
src/services/firebaseService.ts(1,29830): error TS1127: Invalid character.
src/services/firebaseService.ts(1,29831): error TS1127: Invalid character.
src/services/firebaseService.ts(1,29832): error TS1127: Invalid character.
src/services/firebaseService.ts(1,29833): error TS1127: Invalid character.
src/services/firebaseService.ts(1,29834): error TS1127: Invalid character.
src/services/firebaseService.ts(1,29835): error TS1127: Invalid character.
src/services/firebaseService.ts(1,29836): error TS1127: Invalid character.
src/services/firebaseService.ts(1,29837): error TS1127: Invalid character.
src/services/firebaseService.ts(1,29838): error TS1127: Invalid character.
src/services/firebaseService.ts(1,29839): error TS1127: Invalid character.
src/services/firebaseService.ts(1,29840): error TS1127: Invalid character.
src/services/firebaseService.ts(1,29841): error TS1127: Invalid character.
src/services/firebaseService.ts(1,29842): error TS1127: Invalid character.
src/services/firebaseService.ts(1,29843): error TS1127: Invalid character.
src/services/firebaseService.ts(1,29844): error TS1127: Invalid character.
src/services/firebaseService.ts(1,29845): error TS1127: Invalid character.
src/services/firebaseService.ts(1,29846): error TS1127: Invalid character.
src/services/firebaseService.ts(1,29847): error TS1127: Invalid character.
src/services/firebaseService.ts(1,29848): error TS1127: Invalid character.
src/services/firebaseService.ts(1,29849): error TS1127: Invalid character.
src/services/firebaseService.ts(1,29850): error TS1127: Invalid character.
src/services/firebaseService.ts(1,29851): error TS1127: Invalid character.
src/services/firebaseService.ts(1,29852): error TS1127: Invalid character.
src/services/firebaseService.ts(1,29853): error TS1127: Invalid character.
src/services/firebaseService.ts(1,29854): error TS1127: Invalid character.
src/services/firebaseService.ts(1,29855): error TS1127: Invalid character.
src/services/firebaseService.ts(1,29856): error TS1127: Invalid character.
src/services/firebaseService.ts(1,29857): error TS1127: Invalid character.
src/services/firebaseService.ts(1,29858): error TS1127: Invalid character.
src/services/firebaseService.ts(1,29859): error TS1127: Invalid character.
src/services/firebaseService.ts(1,29860): error TS1127: Invalid character.
src/services/firebaseService.ts(1,29861): error TS1127: Invalid character.
src/services/firebaseService.ts(1,29862): error TS1127: Invalid character.
src/services/firebaseService.ts(1,29863): error TS1127: Invalid character.
src/services/firebaseService.ts(1,29864): error TS1127: Invalid character.
src/services/firebaseService.ts(1,29865): error TS1127: Invalid character.
src/services/firebaseService.ts(1,29866): error TS1127: Invalid character.
src/services/firebaseService.ts(1,29867): error TS1127: Invalid character.
src/services/firebaseService.ts(1,29868): error TS1127: Invalid character.
src/services/firebaseService.ts(1,29869): error TS1127: Invalid character.
src/services/firebaseService.ts(1,29870): error TS1127: Invalid character.
src/services/firebaseService.ts(1,29871): error TS1127: Invalid character.
src/services/firebaseService.ts(1,29872): error TS1127: Invalid character.
src/services/firebaseService.ts(1,29873): error TS1127: Invalid character.
src/services/firebaseService.ts(1,29874): error TS1127: Invalid character.
src/services/firebaseService.ts(1,29875): error TS1127: Invalid character.
src/services/firebaseService.ts(1,29876): error TS1127: Invalid character.
src/services/firebaseService.ts(1,29877): error TS1127: Invalid character.
src/services/firebaseService.ts(1,29878): error TS1127: Invalid character.
src/services/firebaseService.ts(1,29879): error TS1127: Invalid character.
src/services/firebaseService.ts(1,29880): error TS1127: Invalid character.
src/services/firebaseService.ts(1,29881): error TS1127: Invalid character.
src/services/firebaseService.ts(1,29882): error TS1127: Invalid character.
src/services/firebaseService.ts(1,29883): error TS1127: Invalid character.
src/services/firebaseService.ts(1,29884): error TS1127: Invalid character.
src/services/firebaseService.ts(1,29885): error TS1127: Invalid character.
src/services/firebaseService.ts(1,29886): error TS1127: Invalid character.
src/services/firebaseService.ts(1,29887): error TS1127: Invalid character.
src/services/firebaseService.ts(1,29888): error TS1127: Invalid character.
src/services/firebaseService.ts(1,29889): error TS1127: Invalid character.
src/services/firebaseService.ts(1,29890): error TS1127: Invalid character.
src/services/firebaseService.ts(1,29891): error TS1127: Invalid character.
src/services/firebaseService.ts(1,29892): error TS1127: Invalid character.
src/services/firebaseService.ts(1,29893): error TS1127: Invalid character.
src/services/firebaseService.ts(1,29894): error TS1127: Invalid character.
src/services/firebaseService.ts(1,29895): error TS1127: Invalid character.
src/services/firebaseService.ts(1,29896): error TS1127: Invalid character.
src/services/firebaseService.ts(1,29897): error TS1127: Invalid character.
src/services/firebaseService.ts(1,29898): error TS1127: Invalid character.
src/services/firebaseService.ts(1,29899): error TS1127: Invalid character.
src/services/firebaseService.ts(1,29900): error TS1127: Invalid character.
src/services/firebaseService.ts(1,29901): error TS1127: Invalid character.
src/services/firebaseService.ts(1,29902): error TS1127: Invalid character.
src/services/firebaseService.ts(1,29903): error TS1127: Invalid character.
src/services/firebaseService.ts(1,29904): error TS1127: Invalid character.
src/services/firebaseService.ts(1,29905): error TS1127: Invalid character.
src/services/firebaseService.ts(1,29906): error TS1127: Invalid character.
src/services/firebaseService.ts(1,29907): error TS1127: Invalid character.
src/services/firebaseService.ts(1,29908): error TS1127: Invalid character.
src/services/firebaseService.ts(1,29909): error TS1127: Invalid character.
src/services/firebaseService.ts(1,29910): error TS1127: Invalid character.
src/services/firebaseService.ts(1,29911): error TS1127: Invalid character.
src/services/firebaseService.ts(1,29912): error TS1127: Invalid character.
src/services/firebaseService.ts(1,29913): error TS1127: Invalid character.
src/services/firebaseService.ts(1,29914): error TS1127: Invalid character.
src/services/firebaseService.ts(1,29915): error TS1127: Invalid character.
src/services/firebaseService.ts(1,29916): error TS1127: Invalid character.
src/services/firebaseService.ts(1,29917): error TS1127: Invalid character.
src/services/firebaseService.ts(1,29918): error TS1127: Invalid character.
src/services/firebaseService.ts(1,29919): error TS1127: Invalid character.
src/services/firebaseService.ts(1,29920): error TS1127: Invalid character.
src/services/firebaseService.ts(1,29921): error TS1127: Invalid character.
src/services/firebaseService.ts(1,29922): error TS1127: Invalid character.
src/services/firebaseService.ts(1,29923): error TS1127: Invalid character.
src/services/firebaseService.ts(1,29924): error TS1127: Invalid character.
src/services/firebaseService.ts(1,29925): error TS1127: Invalid character.
src/services/firebaseService.ts(1,29926): error TS1127: Invalid character.
src/services/firebaseService.ts(1,29927): error TS1127: Invalid character.
src/services/firebaseService.ts(1,29928): error TS1127: Invalid character.
src/services/firebaseService.ts(1,29929): error TS1127: Invalid character.
src/services/firebaseService.ts(1,29930): error TS1127: Invalid character.
src/services/firebaseService.ts(1,29931): error TS1127: Invalid character.
src/services/firebaseService.ts(1,29932): error TS1127: Invalid character.
src/services/firebaseService.ts(1,29933): error TS1127: Invalid character.
src/services/firebaseService.ts(1,29934): error TS1127: Invalid character.
src/services/firebaseService.ts(1,29935): error TS1127: Invalid character.
src/services/firebaseService.ts(1,29936): error TS1127: Invalid character.
src/services/firebaseService.ts(1,29937): error TS1127: Invalid character.
src/services/firebaseService.ts(1,29938): error TS1127: Invalid character.
src/services/firebaseService.ts(1,29939): error TS1127: Invalid character.
src/services/firebaseService.ts(1,29940): error TS1127: Invalid character.
src/services/firebaseService.ts(1,29941): error TS1127: Invalid character.
src/services/firebaseService.ts(1,29942): error TS1127: Invalid character.
src/services/firebaseService.ts(1,29943): error TS1127: Invalid character.
src/services/firebaseService.ts(1,29944): error TS1127: Invalid character.
src/services/firebaseService.ts(1,29945): error TS1127: Invalid character.
src/services/firebaseService.ts(1,29946): error TS1127: Invalid character.
src/services/firebaseService.ts(1,29947): error TS1127: Invalid character.
src/services/firebaseService.ts(1,29948): error TS1127: Invalid character.
src/services/firebaseService.ts(1,29949): error TS1127: Invalid character.
src/services/firebaseService.ts(1,29950): error TS1127: Invalid character.
src/services/firebaseService.ts(1,29951): error TS1127: Invalid character.
src/services/firebaseService.ts(1,29952): error TS1127: Invalid character.
src/services/firebaseService.ts(1,29953): error TS1127: Invalid character.
src/services/firebaseService.ts(1,29954): error TS1127: Invalid character.
src/services/firebaseService.ts(1,29955): error TS1127: Invalid character.
src/services/firebaseService.ts(1,29956): error TS1127: Invalid character.
src/services/firebaseService.ts(1,29957): error TS1127: Invalid character.
src/services/firebaseService.ts(1,29958): error TS1127: Invalid character.
src/services/firebaseService.ts(1,29959): error TS1127: Invalid character.
src/services/firebaseService.ts(1,29960): error TS1127: Invalid character.
src/services/firebaseService.ts(1,29961): error TS1127: Invalid character.
src/services/firebaseService.ts(1,29962): error TS1127: Invalid character.
src/services/firebaseService.ts(1,29963): error TS1127: Invalid character.
src/services/firebaseService.ts(1,29964): error TS1127: Invalid character.
src/services/firebaseService.ts(1,29965): error TS1127: Invalid character.
src/services/firebaseService.ts(1,29966): error TS1127: Invalid character.
src/services/firebaseService.ts(1,29967): error TS1127: Invalid character.
src/services/firebaseService.ts(1,29968): error TS1127: Invalid character.
src/services/firebaseService.ts(1,29969): error TS1127: Invalid character.
src/services/firebaseService.ts(1,29970): error TS1127: Invalid character.
src/services/firebaseService.ts(1,29971): error TS1127: Invalid character.
src/services/firebaseService.ts(1,29972): error TS1127: Invalid character.
src/services/firebaseService.ts(1,29973): error TS1127: Invalid character.
src/services/firebaseService.ts(1,29974): error TS1127: Invalid character.
src/services/firebaseService.ts(1,29975): error TS1127: Invalid character.
src/services/firebaseService.ts(1,29976): error TS1127: Invalid character.
src/services/firebaseService.ts(1,29977): error TS1127: Invalid character.
src/services/firebaseService.ts(1,29978): error TS1127: Invalid character.
src/services/firebaseService.ts(1,29979): error TS1127: Invalid character.
src/services/firebaseService.ts(1,29980): error TS1127: Invalid character.
src/services/firebaseService.ts(1,29981): error TS1127: Invalid character.
src/services/firebaseService.ts(1,29982): error TS1127: Invalid character.
src/services/firebaseService.ts(1,29983): error TS1127: Invalid character.
src/services/firebaseService.ts(1,29984): error TS1127: Invalid character.
src/services/firebaseService.ts(1,29985): error TS1127: Invalid character.
src/services/firebaseService.ts(1,29986): error TS1127: Invalid character.
src/services/firebaseService.ts(1,29987): error TS1127: Invalid character.
src/services/firebaseService.ts(1,29988): error TS1127: Invalid character.
src/services/firebaseService.ts(1,29989): error TS1127: Invalid character.
src/services/firebaseService.ts(1,29990): error TS1127: Invalid character.
src/services/firebaseService.ts(1,29991): error TS1127: Invalid character.
src/services/firebaseService.ts(1,29992): error TS1127: Invalid character.
src/services/firebaseService.ts(1,29993): error TS1127: Invalid character.
src/services/firebaseService.ts(1,29994): error TS1127: Invalid character.
src/services/firebaseService.ts(1,29995): error TS1127: Invalid character.
src/services/firebaseService.ts(1,29996): error TS1127: Invalid character.
src/services/firebaseService.ts(1,29997): error TS1127: Invalid character.
src/services/firebaseService.ts(1,29998): error TS1127: Invalid character.
src/services/firebaseService.ts(1,29999): error TS1127: Invalid character.
src/services/firebaseService.ts(1,30000): error TS1127: Invalid character.
src/services/firebaseService.ts(1,30001): error TS1127: Invalid character.
src/services/firebaseService.ts(1,30002): error TS1127: Invalid character.
src/services/firebaseService.ts(1,30003): error TS1127: Invalid character.
src/services/firebaseService.ts(1,30004): error TS1127: Invalid character.
src/services/firebaseService.ts(1,30005): error TS1127: Invalid character.
src/services/firebaseService.ts(1,30006): error TS1127: Invalid character.
src/services/firebaseService.ts(1,30007): error TS1127: Invalid character.
src/services/firebaseService.ts(1,30008): error TS1127: Invalid character.
src/services/firebaseService.ts(1,30009): error TS1127: Invalid character.
src/services/firebaseService.ts(1,30010): error TS1127: Invalid character.
src/services/firebaseService.ts(1,30011): error TS1127: Invalid character.
src/services/firebaseService.ts(1,30012): error TS1127: Invalid character.
src/services/firebaseService.ts(1,30013): error TS1127: Invalid character.
src/services/firebaseService.ts(1,30014): error TS1127: Invalid character.
src/services/firebaseService.ts(1,30015): error TS1127: Invalid character.
src/services/firebaseService.ts(1,30016): error TS1127: Invalid character.
src/services/firebaseService.ts(1,30017): error TS1127: Invalid character.
src/services/firebaseService.ts(1,30018): error TS1127: Invalid character.
src/services/firebaseService.ts(1,30019): error TS1127: Invalid character.
src/services/firebaseService.ts(1,30020): error TS1127: Invalid character.
src/services/firebaseService.ts(1,30021): error TS1127: Invalid character.
src/services/firebaseService.ts(1,30022): error TS1127: Invalid character.
src/services/firebaseService.ts(1,30023): error TS1127: Invalid character.
src/services/firebaseService.ts(1,30024): error TS1127: Invalid character.
src/services/firebaseService.ts(1,30025): error TS1127: Invalid character.
src/services/firebaseService.ts(1,30026): error TS1127: Invalid character.
src/services/firebaseService.ts(1,30027): error TS1127: Invalid character.
src/services/firebaseService.ts(1,30028): error TS1127: Invalid character.
src/services/firebaseService.ts(1,30029): error TS1127: Invalid character.
src/services/firebaseService.ts(1,30030): error TS1127: Invalid character.
src/services/firebaseService.ts(1,30031): error TS1127: Invalid character.
src/services/firebaseService.ts(1,30032): error TS1127: Invalid character.
src/services/firebaseService.ts(1,30033): error TS1127: Invalid character.
src/services/firebaseService.ts(1,30034): error TS1127: Invalid character.
src/services/firebaseService.ts(1,30035): error TS1127: Invalid character.
src/services/firebaseService.ts(1,30036): error TS1127: Invalid character.
src/services/firebaseService.ts(1,30037): error TS1127: Invalid character.
src/services/firebaseService.ts(1,30038): error TS1127: Invalid character.
src/services/firebaseService.ts(1,30039): error TS1127: Invalid character.
src/services/firebaseService.ts(1,30040): error TS1127: Invalid character.
src/services/firebaseService.ts(1,30041): error TS1127: Invalid character.
src/services/firebaseService.ts(1,30042): error TS1127: Invalid character.
src/services/firebaseService.ts(1,30043): error TS1127: Invalid character.
src/services/firebaseService.ts(1,30044): error TS1127: Invalid character.
src/services/firebaseService.ts(1,30045): error TS1127: Invalid character.
src/services/firebaseService.ts(1,30046): error TS1127: Invalid character.
src/services/firebaseService.ts(1,30047): error TS1127: Invalid character.
src/services/firebaseService.ts(1,30048): error TS1127: Invalid character.
src/services/firebaseService.ts(1,30049): error TS1127: Invalid character.
src/services/firebaseService.ts(1,30050): error TS1127: Invalid character.
src/services/firebaseService.ts(1,30051): error TS1127: Invalid character.
src/services/firebaseService.ts(1,30052): error TS1127: Invalid character.
src/services/firebaseService.ts(1,30053): error TS1127: Invalid character.
src/services/firebaseService.ts(1,30054): error TS1127: Invalid character.
src/services/firebaseService.ts(1,30055): error TS1127: Invalid character.
src/services/firebaseService.ts(1,30056): error TS1127: Invalid character.
src/services/firebaseService.ts(1,30057): error TS1127: Invalid character.
src/services/firebaseService.ts(1,30058): error TS1127: Invalid character.
src/services/firebaseService.ts(1,30059): error TS1127: Invalid character.
src/services/firebaseService.ts(1,30060): error TS1127: Invalid character.
src/services/firebaseService.ts(1,30061): error TS1127: Invalid character.
src/services/firebaseService.ts(1,30062): error TS1127: Invalid character.
src/services/firebaseService.ts(1,30063): error TS1127: Invalid character.
src/services/firebaseService.ts(1,30064): error TS1127: Invalid character.
src/services/firebaseService.ts(1,30065): error TS1127: Invalid character.
src/services/firebaseService.ts(1,30066): error TS1127: Invalid character.
src/services/firebaseService.ts(1,30067): error TS1127: Invalid character.
src/services/firebaseService.ts(1,30068): error TS1127: Invalid character.
src/services/firebaseService.ts(1,30069): error TS1127: Invalid character.
src/services/firebaseService.ts(1,30070): error TS1127: Invalid character.
src/services/firebaseService.ts(1,30071): error TS1127: Invalid character.
src/services/firebaseService.ts(1,30072): error TS1127: Invalid character.
src/services/firebaseService.ts(1,30073): error TS1127: Invalid character.
