src/routes/auth.ts(94,52): error TS2769: No overload matches this call.
  Overload 1 of 2, '(s: string, hash: string): Promise<boolean>', gave the following error.
    Argument of type 'string | undefined' is not assignable to parameter of type 'string'.
      Type 'undefined' is not assignable to type 'string'.
  Overload 2 of 2, '(s: string, hash: string, callback?: ((err: Error | null, success: boolean) => void) | undefined, progressCallback?: ((percent: number) => void) | undefined): void', gave the following error.
    Argument of type 'string | undefined' is not assignable to parameter of type 'string'.
      Type 'undefined' is not assignable to type 'string'.
src/routes/auth.ts(417,59): error TS2769: No overload matches this call.
  Overload 1 of 2, '(s: string, hash: string): Promise<boolean>', gave the following error.
    Argument of type 'string | undefined' is not assignable to parameter of type 'string'.
      Type 'undefined' is not assignable to type 'string'.
  Overload 2 of 2, '(s: string, hash: string, callback?: ((err: Error | null, success: boolean) => void) | undefined, progressCallback?: ((percent: number) => void) | undefined): void', gave the following error.
    Argument of type 'string | undefined' is not assignable to parameter of type 'string'.
      Type 'undefined' is not assignable to type 'string'.
src/routes/business.ts(180,46): error TS2339: Property 'create' does not exist on type '{ findAll(): Promise<any[]>; findById(id: string): Promise<any>; findActive(): Promise<any[]>; }'.
src/routes/business.ts(225,46): error TS2339: Property 'update' does not exist on type '{ findAll(): Promise<any[]>; findById(id: string): Promise<any>; findActive(): Promise<any[]>; }'.
src/routes/business.ts(274,29): error TS2339: Property 'delete' does not exist on type '{ findAll(): Promise<any[]>; findById(id: string): Promise<any>; findActive(): Promise<any[]>; }'.
src/routes/content.ts(155,16): error TS2339: Property 'division' does not exist on type 'IPageContent'.
src/routes/content.ts(156,16): error TS2339: Property 'division' does not exist on type 'IPageContent'.
src/routes/content.ts(157,17): error TS2339: Property 'division' does not exist on type 'IPageContent'.
src/routes/notifications.ts(99,52): error TS2339: Property 'findById' does not exist on type '{ findByUser(userId: string): Promise<INotification[]>; markAllAsRead(userId: string): Promise<void>; create(data: Partial<INotification>): Promise<...>; findByUserId(userId: string): Promise<...>; markAsRead(id: string): Promise<...>; delete(id: string): Promise<...>; }'.
src/routes/notifications.ts(150,52): error TS2339: Property 'findById' does not exist on type '{ findByUser(userId: string): Promise<INotification[]>; markAllAsRead(userId: string): Promise<void>; create(data: Partial<INotification>): Promise<...>; findByUserId(userId: string): Promise<...>; markAsRead(id: string): Promise<...>; delete(id: string): Promise<...>; }'.
src/services/externalAppointmentService.ts(3,3): error TS2305: Module '"./firebaseService"' has no exported member 'COLLECTIONS'.
src/services/externalAppointmentService.ts(4,3): error TS2305: Module '"./firebaseService"' has no exported member 'IAppointment'.
src/services/externalAppointmentService.ts(5,3): error TS2305: Module '"./firebaseService"' has no exported member 'IBusiness'.
src/services/externalAppointmentService.ts(6,3): error TS2305: Module '"./firebaseService"' has no exported member 'IService'.
